[community] algorithm=louvain communities=59 meta=4
[hub-bias] Super-graph: pushed 5 high-deg cluster roots to 1.4x avgR.
[cg-time] 3ms post-hub-bias
[cg-time] 3ms pre-§10-outward-radial
[cg-time] 4ms pre-§11-compose
[cg-time] 4ms pre-§12-pruning-reattach
[cg-time] 4ms pre-§13-cluster-swap
[cg-time] 20ms pre-§14-chain-straightening
[cg-time] 20ms pre-§15-pruned-cross-min
[§15.5] Optimized 21 alone-root+independent nodes (0 moves).
[cg-time] 21ms pre-bus-bundle
[xings-hotspot] total=29 xings across 24 offending edges (of 155)
  edge app11.M0↔app11.M13 xings=7 cluster=(_louv_53,_louv_34)
  edge app6.M0↔app9.M3 xings=7 cluster=(_louv_41,_louv_26)
  edge app0.M8↔app6.M1 xings=4 cluster=(?,?)
  edge app0.M4↔app0.M13 xings=3 cluster=(_louv_3,?)
  edge core.Hub0↔app3.M0 xings=3 cluster=(_louv_0,_louv_25)
  edge app5.M9↔app9.M5 xings=3 cluster=(?,_louv_39)
  edge core.Hub0↔app11.M0 xings=3 cluster=(_louv_0,_louv_53)
  edge app0.M0↔app0.M1 xings=3 cluster=(_louv_1,_louv_0)
[xings-hotspot] top cluster signatures:
  {?|_louv_0|_louv_34} xings=3
  {?|_louv_0|_louv_39} xings=3
  {?|_louv_0|_louv_1|_louv_3} xings=2
  {?|_louv_0|_louv_53} xings=2
  {?|_louv_34|_louv_53} xings=2
  {_louv_0|_louv_1|_louv_26|_louv_41} xings=2
  {_louv_0|_louv_1|_louv_34|_louv_53} xings=2
  {?|_louv_0|_louv_41} xings=1
[knot-min] Accepted 11 spatial swaps among 143 candidates.
[carrier-pre] 157 edges → 90 distinct carriers (cost-side filter).
[leaf-untangle] candidates=100, with-cross=26, moved=22, crossings-resolved=79.
[leaf-untangle] candidates=100, with-cross=11, moved=6, crossings-resolved=20.
[leaf-untangle] candidates=100, with-cross=7, moved=1, crossings-resolved=3.
[leaf-untangle] candidates=100, with-cross=7, moved=0, crossings-resolved=0.
[stuck-leaf-diag] 7 candidates with cost>0 (top 15 below):
  cost=5 deg=3 node=app11.M7 parent=app11.M0 nbrs={app11.M0,app11.M12,app1.M2}
  cost=3 deg=2 node=app1.M12 parent=app1.M0 nbrs={app1.M0,app1.File26}
  cost=3 deg=2 node=app5.M6 parent=app11.M13 nbrs={app5.M1,app11.M13}
  cost=1 deg=2 node=app1.M1 parent=app1.M0 nbrs={app1.M0,app1.M11}
  cost=1 deg=3 node=app1.M7 parent=app1.M0 nbrs={app1.M0,app1.M11,app1.Note12}
  cost=1 deg=3 node=app1.M11 parent=app1.M0 nbrs={app1.M0,app1.M1,app1.M7}
  cost=1 deg=1 node=app11.M2 parent=app11.M12 nbrs={app11.M12}
[pd-knot] 20 polyline cross pairs, 1 resolved via endpoint swap.
[xings-detour] iters=2 initial-poly-pairs=20 accepted=2 (multi-seg, density-aware, polyline detect, iterative).
[visual-knot] 18→18 cross points, 1→1 hot cells (≥3), 1 handled, 0 swap accepted.
[leaf-untangle] candidates=100, with-cross=8, moved=2, crossings-resolved=4.
[leaf-untangle] candidates=100, with-cross=8, moved=0, crossings-resolved=0.
[stuck-leaf-diag] 8 candidates with cost>0 (top 15 below):
  cost=5 deg=3 node=app11.M7 parent=app11.M0 nbrs={app11.M0,app11.M12,app1.M2}
  cost=3 deg=2 node=app1.M12 parent=app1.M0 nbrs={app1.M0,app1.File26}
  cost=2 deg=2 node=app5.M6 parent=app11.M13 nbrs={app5.M1,app11.M13}
  cost=1 deg=2 node=app1.M1 parent=app1.M0 nbrs={app1.M0,app1.M11}
  cost=1 deg=3 node=app1.M7 parent=app1.M0 nbrs={app1.M0,app1.M11,app1.Note12}
  cost=1 deg=3 node=app1.M11 parent=app1.M0 nbrs={app1.M0,app1.M1,app1.M7}
  cost=1 deg=2 node=app5.M1 parent=app5.M0 nbrs={app5.M0,app5.M6}
  cost=1 deg=1 node=app11.M2 parent=app11.M12 nbrs={app11.M12}
[isolated-stash] Stashed 8 edge-less nodes in 6-column strip at x>=18773.
[face-raster] grid 5278x2472 (cell 5.0x5.0 units), 148 faces, 12914885 bg cells (99.0% of grid)
  face #1: 10545498 cells (81.7%), bbox 5278x2472 @ (0,0)
  face #6: 544941 cells (4.2%), bbox 1051x908 @ (3588,808)
  face #64: 431947 cells (3.3%), bbox 1366x519 @ (3350,1576)
  face #4: 277607 cells (2.1%), bbox 444x1290 @ (3477,79)
  face #3: 259174 cells (2.0%), bbox 844x1009 @ (2915,79)
  face #49: 137049 cells (1.1%), bbox 624x580 @ (2482,1539)
  face #15: 112940 cells (0.9%), bbox 573x341 @ (2435,1212)
  face #7: 67926 cells (0.5%), bbox 436x231 @ (3043,1014)
[face-cohesion] 38 clusters analysed, 14 low-cohesion (<60% in dominant face)
  cohesion histogram:
     30%- 39%: 2 clusters
     40%- 49%: 1 clusters
     50%- 59%: 11 clusters
     60%- 69%: 4 clusters
    100%-100%: 20 clusters
  top 10 low-cohesion clusters (largest first):
    _louv_1: 5 members, 2 in dominant face, 3 faces total (40%)
    _louv_44: 4 members, 2 in dominant face, 3 faces total (50%)
    _louv_34: 3 members, 1 in dominant face, 3 faces total (33%)
    _louv_0: 3 members, 1 in dominant face, 3 faces total (33%)
    _louv_49: 2 members, 1 in dominant face, 2 faces total (50%)
    _louv_42: 2 members, 1 in dominant face, 2 faces total (50%)
    _louv_26: 2 members, 1 in dominant face, 2 faces total (50%)
    _louv_32: 2 members, 1 in dominant face, 2 faces total (50%)
    _louv_52: 2 members, 1 in dominant face, 2 faces total (50%)
    _louv_18: 2 members, 1 in dominant face, 2 faces total (50%)
[face-density] 86 micro-faces (size<50), top 10 hot regions (macro 64x64 cells):
  region (45,27): 17 micro-faces, world (8898,8351)-(9218,8671)
  region (60,25): 15 micro-faces, world (13697,7711)-(14017,8031)
  region (45,26): 11 micro-faces, world (8898,8031)-(9218,8351)
  region (38,24): 9 micro-faces, world (6658,7391)-(6978,7711)
  region (47,33): 9 micro-faces, world (9538,10270)-(9858,10590)
  region (19,23): 5 micro-faces, world (578,7072)-(898,7391)
  region (51,32): 5 micro-faces, world (10817,9951)-(11137,10270)
  region (43,18): 2 micro-faces, world (8258,5472)-(8578,5792)
  region (18,23): 2 micro-faces, world (258,7072)-(578,7391)
  region (52,32): 2 micro-faces, world (11137,9951)-(11457,10270)
[face-ppm] Wrote /tmp/face-raster.ppm (2639x1236, downsampled from 5278x2472 by 2)
[face-untangle] 16 target clusters, 23 strays, 0 moved (poly cross 19 → 19, 0 fewer)
[stuck-leaf-2d] pass 1: 1 candidates, 0 moved, 0 cost units resolved.
[stuck-leaf-2d] 1 candidates, 0 moved, 0 cost units resolved (poly cross 19 → 19, 0 fewer)
[hot-region-sa] 1 hot cells (≥4 cross, 19 cross pts), top 1 processed, 26/182 swap accepted (cross 19 → 19, 0 fewer)
