[community] algorithm=louvain communities=61 meta=4
[hub-bias] Super-graph: pushed 6 high-deg cluster roots to 1.4x avgR.
[cg-time] 3ms post-hub-bias
[cg-time] 11ms pre-§10-outward-radial
[cg-time] 11ms pre-§11-compose
[cg-time] 11ms pre-§12-pruning-reattach
[cg-time] 11ms pre-§13-cluster-swap
[cg-time] 182ms pre-§14-chain-straightening
[cg-time] 182ms pre-§15-pruned-cross-min
[§15.5] Optimized 11 alone-root+independent nodes (3 moves).
[cg-time] 185ms pre-bus-bundle
[bus-bundle] Created 1 bus bundles (2 members, sig ≥ 2 roots).
[xings-hotspot] total=96 xings across 80 offending edges (of 205)
  edge app11.M0↔app11.M5 xings=11 cluster=(_louv_52,_louv_5)
  edge app3.M0↔app3.M9 xings=10 cluster=(_louv_12,_louv_1)
  edge app3.M6↔app7.M0 xings=9 cluster=(_louv_15,_louv_39)
  edge app13.M0↔app13.M3 xings=9 cluster=(_louv_59,?)
  edge app6.M11↔app10.M6 xings=7 cluster=(_louv_31,_louv_41)
  edge app7.M0↔app7.M6 xings=5 cluster=(_louv_39,_louv_31)
  edge app9.M12↔app11.M4 xings=5 cluster=(?,_louv_49)
  edge app6.M7↔app13.M5 xings=5 cluster=(?,?)
[xings-hotspot] top cluster signatures:
  {_louv_27|_louv_4|_louv_7} xings=3
  {?|_louv_52|_louv_59} xings=3
  {?|_louv_22} xings=3
  {?|_louv_1|_louv_41} xings=2
  {_louv_27|_louv_9} xings=2
  {_louv_10|_louv_27} xings=2
  {?|_louv_59} xings=2
  {?|_louv_12|_louv_17} xings=2
[bundle-clear] Pushed 1 nodes off bundle bboxes.
[knot-min] Accepted 31 spatial swaps among 165 candidates.
[carrier-pre] 207 edges → 121 distinct carriers (cost-side filter).
[leaf-untangle] candidates=105, with-cross=40, moved=31, crossings-resolved=99.
[leaf-untangle] candidates=105, with-cross=15, moved=7, crossings-resolved=19.
[leaf-untangle] candidates=105, with-cross=9, moved=1, crossings-resolved=3.
[leaf-untangle] candidates=105, with-cross=9, moved=0, crossings-resolved=0.
[stuck-leaf-diag] 9 candidates with cost>0 (top 15 below):
  cost=3 deg=3 node=app0.M4 parent=app0.M0 nbrs={app0.M0,app0.M9,app1.M3}
  cost=3 deg=2 node=app3.M4 parent=app3.M0 nbrs={app3.M0,app3.M6}
  cost=3 deg=2 node=app9.M12 parent=app9.M0 nbrs={app9.M0,app11.M4}
  cost=2 deg=2 node=app0.M3 parent=app0.M0 nbrs={app0.M0,app12.M9}
  cost=2 deg=3 node=app0.M9 parent=app0.M0 nbrs={app0.M0,app0.M4,app0.Log16}
  cost=2 deg=3 node=app9.M11 parent=app9.M0 nbrs={app9.M0,app9.M8,app9.M8}
  cost=1 deg=3 node=app5.M7 parent=app5.M0 nbrs={app5.M0,app5.M8,app1.M2}
  cost=1 deg=2 node=app11.M4 parent=app11.M0 nbrs={app11.M0,app9.M12}
  cost=1 deg=2 node=app12.M9 parent=app12.M1 nbrs={app12.M1,app0.M3}
[pd-knot] 54 polyline cross pairs, 0 resolved via endpoint swap.
[xings-detour] iters=1 initial-poly-pairs=49 accepted=0 (multi-seg, density-aware, polyline detect, iterative).
[visual-knot] 48→48 cross points, 3→3 hot cells (≥3), 3 handled, 0 swap accepted.
[leaf-untangle] candidates=105, with-cross=9, moved=0, crossings-resolved=0.
[stuck-leaf-diag] 9 candidates with cost>0 (top 15 below):
  cost=3 deg=3 node=app0.M4 parent=app0.M0 nbrs={app0.M0,app0.M9,app1.M3}
  cost=3 deg=2 node=app3.M4 parent=app3.M0 nbrs={app3.M0,app3.M6}
  cost=3 deg=2 node=app9.M12 parent=app9.M0 nbrs={app9.M0,app11.M4}
  cost=2 deg=2 node=app0.M3 parent=app0.M0 nbrs={app0.M0,app12.M9}
  cost=2 deg=3 node=app0.M9 parent=app0.M0 nbrs={app0.M0,app0.M4,app0.Log16}
  cost=2 deg=3 node=app9.M11 parent=app9.M0 nbrs={app9.M0,app9.M8,app9.M8}
  cost=1 deg=3 node=app5.M7 parent=app5.M0 nbrs={app5.M0,app5.M8,app1.M2}
  cost=1 deg=2 node=app11.M4 parent=app11.M0 nbrs={app11.M0,app9.M12}
  cost=1 deg=2 node=app12.M9 parent=app12.M1 nbrs={app12.M1,app0.M3}
[carrier-cross] segment 49 -> carrier-grouped 47 (-4%). Carriers: 123 total (3 bundle + 78 cluster-pair + 42 individual).
[isolated-stash] Stashed 6 edge-less nodes in 6-column strip at x>=16026.
[face-raster] grid 3658x2466 (cell 5.0x5.0 units), 276 faces, 8855781 bg cells (98.2% of grid)
  face #1: 6726031 cells (76.0%), bbox 3658x2466 @ (0,0)
  face #137: 276015 cells (3.1%), bbox 1001x640 @ (816,1100)
  face #142: 154951 cells (1.7%), bbox 685x482 @ (646,1305)
  face #4: 132185 cells (1.5%), bbox 1176x434 @ (343,537)
  face #158: 114824 cells (1.3%), bbox 638x396 @ (2091,1434)
  face #159: 103739 cells (1.2%), bbox 494x445 @ (2244,1438)
  face #133: 102424 cells (1.2%), bbox 501x393 @ (1551,1091)
  face #274: 73376 cells (0.8%), bbox 794x181 @ (1717,2171)
[face-cohesion] 43 clusters analysed, 17 low-cohesion (<60% in dominant face)
  cohesion histogram:
     30%- 39%: 2 clusters
     40%- 49%: 1 clusters
     50%- 59%: 14 clusters
     60%- 69%: 6 clusters
     70%- 79%: 1 clusters
    100%-100%: 19 clusters
  top 10 low-cohesion clusters (largest first):
    _louv_54: 6 members, 2 in dominant face, 5 faces total (33%)
    _louv_44: 5 members, 2 in dominant face, 4 faces total (40%)
    _louv_39: 4 members, 2 in dominant face, 2 faces total (50%)
    _louv_52: 4 members, 2 in dominant face, 3 faces total (50%)
    _louv_9: 4 members, 2 in dominant face, 2 faces total (50%)
    _louv_22: 4 members, 2 in dominant face, 3 faces total (50%)
    _louv_31: 3 members, 1 in dominant face, 3 faces total (33%)
    _louv_41: 2 members, 1 in dominant face, 2 faces total (50%)
    _louv_46: 2 members, 1 in dominant face, 2 faces total (50%)
    _louv_4: 2 members, 1 in dominant face, 2 faces total (50%)
[face-density] 154 micro-faces (size<50), top 10 hot regions (macro 64x64 cells):
  region (25,13): 35 micro-faces, world (7577,3873)-(7897,4193)
  region (13,14): 19 micro-faces, world (3738,4193)-(4058,4513)
  region (12,27): 19 micro-faces, world (3418,8351)-(3738,8671)
  region (24,13): 11 micro-faces, world (7257,3873)-(7577,4193)
  region (41,29): 8 micro-faces, world (12696,8991)-(13016,9311)
  region (20,15): 6 micro-faces, world (5977,4513)-(6297,4833)
  region (14,14): 6 micro-faces, world (4058,4193)-(4378,4513)
  region (3,11): 5 micro-faces, world (538,3234)-(858,3553)
  region (10,21): 5 micro-faces, world (2778,6432)-(3098,6752)
  region (40,29): 5 micro-faces, world (12376,8991)-(12696,9311)
[face-ppm] Wrote /tmp/face-raster.ppm (3658x2466, downsampled from 3658x2466 by 1)
[face-untangle] 19 target clusters, 31 strays, 0 moved (poly cross 48 → 48, 0 fewer)
[stuck-leaf-2d] pass 1: 0 candidates, 0 moved, 0 cost units resolved.
[stuck-leaf-2d] 0 candidates, 0 moved, 0 cost units resolved (poly cross 48 → 48, 0 fewer)
[hot-region-sa] 3 hot cells (≥4 cross), top 3 processed, 59/446 swap accepted → REVERTED (cross 48 → 49)
