[community] algorithm=louvain communities=23 meta=4
[hub-bias] Super-graph: pushed 2 high-deg cluster roots to 1.4x avgR.
[cg-time] 3ms post-hub-bias
[cg-time] 3ms pre-§10-outward-radial
[cg-time] 3ms pre-§11-compose
[cg-time] 3ms pre-§12-pruning-reattach
[cg-time] 3ms pre-§13-cluster-swap
[cg-time] 3ms pre-§14-chain-straightening
[cg-time] 3ms pre-§15-pruned-cross-min
[§15.5] Optimized 11 alone-root+independent nodes (2 moves).
[cg-time] 3ms pre-bus-bundle
[bus-bundle] Created 2 bus bundles (4 members, sig ≥ 2 roots).
[xings-hotspot] total=17 xings across 17 offending edges (of 62)
  edge core.Hub0↔app1.M0 xings=6 cluster=(?,?)
  edge core.Hub0↔app2.M0 xings=4 cluster=(?,?)
  edge app0.M4↔app1.M5 xings=4 cluster=(?,?)
  edge app0.M0↔app0.M9 xings=3 cluster=(_louv_2,?)
  edge app0.M6↔app1.M6 xings=2 cluster=(?,_louv_13)
  edge app2.M0↔app2.M1 xings=2 cluster=(?,?)
  edge app2.M3↔app2.M4 xings=2 cluster=(?,_louv_14)
  edge app3.M0↔app3.M13 xings=2 cluster=(_louv_18,?)
[xings-hotspot] top cluster signatures:
  {?|_louv_2} xings=6
  {?} xings=3
  {?|_louv_13} xings=2
  {?|_louv_13|_louv_14} xings=2
  {?|_louv_18} xings=2
  {?|_louv_14} xings=1
  {?|_louv_17} xings=1
[knot-min] Accepted 3 spatial swaps among 47 candidates.
[carrier-pre] 62 edges → 31 distinct carriers (cost-side filter).
[leaf-untangle] candidates=32, with-cross=6, moved=6, crossings-resolved=25.
[leaf-untangle] candidates=32, with-cross=0, moved=0, crossings-resolved=0.
[stuck-leaf-diag] 5 candidates with cost>0 (top 15 below):
  cost=6 deg=1 node=app3.M10 parent=app3.M0 nbrs={app3.M0}
  cost=3 deg=1 node=app3.M1 parent=app3.M0 nbrs={app3.M0}
  cost=3 deg=2 node=app3.M2 parent=app3.M0 nbrs={app3.M0,app3.M8}
  cost=3 deg=1 node=app3.M11 parent=app3.M0 nbrs={app3.M0}
  cost=1 deg=3 node=app3.M6 parent=app3.M0 nbrs={app3.M0,app3.M9,app2.M1}
[pd-knot] 10 polyline cross pairs, 0 resolved via endpoint swap.
[xings-detour] iters=1 initial-poly-pairs=10 accepted=0 (multi-seg, density-aware, polyline detect, iterative).
[visual-knot] 9→9 cross points, 0→0 hot cells (≥3), 0 handled, 0 swap accepted.
[leaf-untangle] candidates=32, with-cross=0, moved=0, crossings-resolved=0.
[stuck-leaf-diag] 5 candidates with cost>0 (top 15 below):
  cost=6 deg=1 node=app3.M10 parent=app3.M0 nbrs={app3.M0}
  cost=3 deg=1 node=app3.M1 parent=app3.M0 nbrs={app3.M0}
  cost=3 deg=2 node=app3.M2 parent=app3.M0 nbrs={app3.M0,app3.M8}
  cost=3 deg=1 node=app3.M11 parent=app3.M0 nbrs={app3.M0}
  cost=1 deg=3 node=app3.M6 parent=app3.M0 nbrs={app3.M0,app3.M9,app2.M1}
[carrier-cross] segment 10 -> carrier-grouped 7 (-30%). Carriers: 32 total (4 bundle + 17 cluster-pair + 11 individual).
[isolated-stash] Stashed 4 edge-less nodes in 6-column strip at x>=6551.
[face-raster] grid 1586x3076 (cell 5.0x5.0 units), 115 faces, 4819349 bg cells (98.8% of grid)
  face #1: 3721589 cells (77.2%), bbox 1586x3076 @ (0,0)
  face #2: 350995 cells (7.3%), bbox 903x2370 @ (364,88)
  face #4: 174260 cells (3.6%), bbox 586x779 @ (495,501)
  face #17: 140916 cells (2.9%), bbox 302x957 @ (176,841)
  face #9: 118954 cells (2.5%), bbox 471x598 @ (89,566)
  face #8: 111005 cells (2.3%), bbox 716x1479 @ (364,510)
  face #25: 75999 cells (1.6%), bbox 151x930 @ (174,1039)
  face #3: 25718 cells (0.5%), bbox 99x485 @ (561,344)
[face-cohesion] 10 clusters analysed, 3 low-cohesion (<60% in dominant face)
  cohesion histogram:
     50%- 59%: 3 clusters
     60%- 69%: 3 clusters
    100%-100%: 4 clusters
  top 3 low-cohesion clusters (largest first):
    _louv_2: 4 members, 2 in dominant face, 2 faces total (50%)
    _louv_9: 2 members, 1 in dominant face, 2 faces total (50%)
    _louv_7: 2 members, 1 in dominant face, 2 faces total (50%)
[face-density] 80 micro-faces (size<50), top 10 hot regions (macro 64x64 cells):
  region (2,30): 11 micro-faces, world (439,9246)-(759,9565)
  region (7,43): 10 micro-faces, world (2039,13405)-(2359,13725)
  region (2,31): 7 micro-faces, world (439,9565)-(759,9885)
  region (3,31): 7 micro-faces, world (759,9565)-(1079,9885)
  region (6,33): 7 micro-faces, world (1719,10205)-(2039,10525)
  region (10,9): 6 micro-faces, world (2999,2527)-(3319,2847)
  region (6,34): 6 micro-faces, world (1719,10525)-(2039,10845)
  region (7,44): 5 micro-faces, world (2039,13725)-(2359,14044)
  region (8,16): 4 micro-faces, world (2359,4767)-(2679,5086)
  region (16,7): 3 micro-faces, world (4919,1887)-(5239,2207)
[face-ppm] Wrote /tmp/face-raster.ppm (1586x3076, downsampled from 1586x3076 by 1)
[face-untangle] 4 target clusters, 6 strays, 0 moved (poly cross 9 → 9, 0 fewer)
[stuck-leaf-2d] pass 1: 0 candidates, 0 moved, 0 cost units resolved.
[stuck-leaf-2d] 0 candidates, 0 moved, 0 cost units resolved (poly cross 9 → 9, 0 fewer)
[hot-region-sa] 0 hot cells (≥4 cross, 9 cross pts), top 0 processed, 0/0 swap accepted (cross 9 → 9, 0 fewer)
