[community] algorithm=louvain communities=14 meta=4
[hub-bias] Super-graph: pushed 3 high-deg cluster roots to 1.4x avgR.
[cg-time] 0ms post-hub-bias
[cg-time] 0ms pre-§10-outward-radial
[cg-time] 1ms pre-§11-compose
[cg-time] 1ms pre-§12-pruning-reattach
[cg-time] 1ms pre-§13-cluster-swap
[cg-time] 1ms pre-§14-chain-straightening
[cg-time] 1ms pre-§15-pruned-cross-min
[§15.5] Optimized 5 alone-root+independent nodes (0 moves).
[cg-time] 1ms pre-bus-bundle
[bus-bundle] Created 1 bus bundles (2 members, sig ≥ 2 roots).
[xings-hotspot] total=16 xings across 18 offending edges (of 44)
  edge app0.M0↔app0.M4 xings=5 cluster=(_louv_0,_louv_3)
  edge app2.M0↔app2.M3 xings=4 cluster=(?,_louv_12)
  edge app0.M4↔app2.M0 xings=3 cluster=(_louv_3,?)
  edge app1.M3↔app1.M6 xings=3 cluster=(?,_louv_9)
  edge app1.M0↔app1.M4 xings=2 cluster=(_louv_1,?)
  edge app1.M4↔app1.M6 xings=2 cluster=(?,_louv_9)
  edge app2.M0↔app2.M1 xings=2 cluster=(?,_louv_12)
  edge app0.M2↔app2.M1 xings=1 cluster=(_louv_1,_louv_12)
[xings-hotspot] top cluster signatures:
  {?|_louv_12|_louv_9} xings=4
  {?|_louv_0|_louv_1|_louv_3} xings=3
  {?|_louv_3|_louv_8} xings=3
  {?|_louv_0|_louv_3|_louv_5} xings=1
  {?|_louv_1} xings=1
  {?|_louv_12} xings=1
  {?|_louv_1|_louv_12} xings=1
  {?|_louv_9} xings=1
[bundle-clear] Pushed 1 nodes off bundle bboxes.
[knot-min] Accepted 12 spatial swaps among 32 candidates.
[carrier-pre] 45 edges → 23 distinct carriers (cost-side filter).
[leaf-untangle] candidates=24, with-cross=5, moved=4, crossings-resolved=10.
[leaf-untangle] candidates=24, with-cross=2, moved=1, crossings-resolved=1.
[leaf-untangle] candidates=24, with-cross=1, moved=0, crossings-resolved=0.
[stuck-leaf-diag] 4 candidates with cost>0 (top 15 below):
  cost=6 deg=1 node=app1.Address6 parent=app1.M6 nbrs={app1.M6}
  cost=3 deg=2 node=app0.M3 parent=app0.M0 nbrs={app0.M0,app0.Note3}
  cost=3 deg=2 node=app0.M5 parent=app1.M6 nbrs={app0.File0,app1.M6}
  cost=1 deg=3 node=app2.M3 parent=app2.M1 nbrs={app2.M0,app2.M1,app2.Address14}
[pd-knot] 3 polyline cross pairs, 0 resolved via endpoint swap.
[xings-detour] iters=1 initial-poly-pairs=4 accepted=0 (multi-seg, density-aware, polyline detect, iterative).
[visual-knot] 3→3 cross points, 0→0 hot cells (≥3), 0 handled, 0 swap accepted.
[leaf-untangle] candidates=24, with-cross=1, moved=0, crossings-resolved=0.
[stuck-leaf-diag] 4 candidates with cost>0 (top 15 below):
  cost=6 deg=1 node=app1.Address6 parent=app1.M6 nbrs={app1.M6}
  cost=3 deg=2 node=app0.M3 parent=app0.M0 nbrs={app0.M0,app0.Note3}
  cost=3 deg=2 node=app0.M5 parent=app1.M6 nbrs={app0.File0,app1.M6}
  cost=1 deg=3 node=app2.M3 parent=app2.M1 nbrs={app2.M0,app2.M1,app2.Address14}
[carrier-cross] segment 4 -> carrier-grouped 2 (-50%). Carriers: 23 total (3 bundle + 10 cluster-pair + 10 individual).
[face-raster] grid 1067x833 (cell 5.0x5.0 units), 35 faces, 857587 bg cells (96.5% of grid)
  face #1: 739101 cells (86.2%), bbox 1067x833 @ (0,0)
  face #23: 44082 cells (5.1%), bbox 387x289 @ (363,351)
  face #14: 40208 cells (4.7%), bbox 437x176 @ (371,131)
  face #18: 20108 cells (2.3%), bbox 316x175 @ (443,308)
  face #15: 4262 cells (0.5%), bbox 165x47 @ (522,277)
  face #17: 2852 cells (0.3%), bbox 103x51 @ (336,293)
  face #16: 1982 cells (0.2%), bbox 136x35 @ (379,291)
  face #21: 1369 cells (0.2%), bbox 80x138 @ (677,338)
[face-cohesion] 11 clusters analysed, 1 low-cohesion (<60% in dominant face)
  cohesion histogram:
     30%- 39%: 1 clusters
     70%- 79%: 1 clusters
    100%-100%: 9 clusters
  top 1 low-cohesion clusters (largest first):
    _louv_1: 3 members, 1 in dominant face, 3 faces total (33%)
[face-density] 21 micro-faces (size<50), top 10 hot regions (macro 64x64 cells):
  region (13,1): 7 micro-faces, world (4008,185)-(4328,505)
  region (12,1): 5 micro-faces, world (3688,185)-(4008,505)
  region (11,7): 4 micro-faces, world (3368,2104)-(3688,2423)
  region (8,10): 2 micro-faces, world (2409,3063)-(2729,3383)
  region (7,5): 1 micro-faces, world (2089,1464)-(2409,1784)
  region (11,5): 1 micro-faces, world (3368,1464)-(3688,1784)
  region (7,10): 1 micro-faces, world (2089,3063)-(2409,3383)
[face-ppm] Wrote /tmp/face-raster.ppm (1067x833, downsampled from 1067x833 by 1)
[face-untangle] 1 target clusters, 2 strays, 0 moved (poly cross 3 → 3, 0 fewer)
[stuck-leaf-2d] pass 1: 0 candidates, 0 moved, 0 cost units resolved.
[stuck-leaf-2d] 0 candidates, 0 moved, 0 cost units resolved (poly cross 3 → 3, 0 fewer)
[hot-region-sa] 0 hot cells (≥4 cross, 3 cross pts), top 0 processed, 0/0 swap accepted (cross 3 → 3, 0 fewer)
