[community] algorithm=louvain communities=84 meta=4
[hub-bias] Super-graph: pushed 3 high-deg cluster roots to 1.4x avgR.
[cg-time] 9ms post-hub-bias
[cg-time] 1106ms pre-§10-outward-radial
[cg-time] 1106ms pre-§11-compose
[cg-time] 1106ms pre-§12-pruning-reattach
[cg-time] 1106ms pre-§13-cluster-swap
[cg-time] 1926ms pre-§14-chain-straightening
[cg-time] 1926ms pre-§15-pruned-cross-min
[§15.5] Optimized 38 alone-root+independent nodes (12 moves).
[cg-time] 1936ms pre-bus-bundle
[bus-bundle] Created 1 bus bundles (2 members, sig ≥ 2 roots).
[xings-hotspot] total=643 xings across 167 offending edges (of 312)
  edge app10.M2↔app13.M5 xings=33 cluster=(?,_louv_64)
  edge app10.M1↔app17.M1 xings=31 cluster=(?,?)
  edge core.Hub0↔app15.M0 xings=28 cluster=(?,?)
  edge core.Hub2↔app13.M0 xings=25 cluster=(?,_louv_64)
  edge app3.M1↔app5.M2 xings=24 cluster=(?,?)
  edge app9.M0↔app16.M0 xings=23 cluster=(_louv_22,_louv_74)
  edge app4.M2↔app10.M2 xings=23 cluster=(_louv_23,?)
  edge app14.M2↔app15.M3 xings=23 cluster=(?,_louv_73)
[xings-hotspot] top cluster signatures:
  {?} xings=40
  {?|_louv_3} xings=24
  {?|_louv_41} xings=22
  {?|_louv_64} xings=18
  {?|_louv_74} xings=16
  {?|_louv_5} xings=16
  {?|_louv_75} xings=15
  {?|_louv_23} xings=14
[knot-min] Accepted 131 spatial swaps among 234 candidates.
[knot-min-2opt] Accepted 1 cross-targeted swaps.
[carrier-pre] 318 edges → 190 distinct carriers (cost-side filter).
[leaf-untangle] candidates=143, with-cross=62, moved=50, crossings-resolved=122.
[leaf-untangle] candidates=143, with-cross=28, moved=10, crossings-resolved=16.
[leaf-untangle] candidates=143, with-cross=20, moved=1, crossings-resolved=1.
[leaf-untangle] candidates=143, with-cross=19, moved=0, crossings-resolved=0.
[stuck-leaf-diag] 21 candidates with cost>0 (top 15 below):
  cost=15 deg=3 node=app17.M3 parent=app17.M0 nbrs={app17.M0,app17.M1,app18.M8}
  cost=10 deg=2 node=app0.M3 parent=app0.M0 nbrs={app0.M0,app10.M0}
  cost=10 deg=3 node=app13.M3 parent=app13.M0 nbrs={app13.M0,app13.M5,app13.M7}
  cost=10 deg=3 node=app16.M2 parent=app16.M0 nbrs={app16.M0,app16.M1,app8.M1}
  cost=7 deg=3 node=app4.M1 parent=app4.M0 nbrs={app4.M0,app4.M3,app4.Log31}
  cost=6 deg=3 node=app8.M10 parent=app8.M0 nbrs={app8.M0,app8.M8,app17.M2}
  cost=5 deg=2 node=app15.M5 parent=app15.M0 nbrs={app15.M0,app5.M8}
  cost=4 deg=2 node=app5.M8 parent=app5.M0 nbrs={app5.M0,app15.M5}
  cost=4 deg=3 node=app12.M4 parent=app12.M0 nbrs={app12.M0,app12.M5,app12.Asset97}
  cost=3 deg=2 node=app12.M3 parent=app12.M0 nbrs={app12.M0,app12.Log85}
  cost=2 deg=3 node=app2.M2 parent=app2.M0 nbrs={app2.M0,app2.M6,app2.File23}
  cost=2 deg=3 node=app2.M6 parent=app2.M0 nbrs={app2.M0,app2.M2,app18.M3}
  cost=2 deg=3 node=app12.M5 parent=app12.M0 nbrs={app12.M0,app12.M4,app3.M0}
  cost=1 deg=2 node=app1.M11 parent=app1.M0 nbrs={app1.M0,app1.M9}
  cost=1 deg=3 node=app8.M2 parent=app8.M0 nbrs={app8.M0,app8.M12,app8.M3}
[pd-knot] 364 polyline cross pairs, 0 resolved via endpoint swap.
[xings-detour] iters=2 initial-poly-pairs=388 accepted=11 (multi-seg, density-aware, polyline detect, iterative).
[visual-knot] 373→373 cross points, 53→53 hot cells (≥3), 53 handled, 0 swap accepted.
[leaf-untangle] candidates=143, with-cross=19, moved=0, crossings-resolved=0.
[stuck-leaf-diag] 21 candidates with cost>0 (top 15 below):
  cost=15 deg=3 node=app17.M3 parent=app17.M0 nbrs={app17.M0,app17.M1,app18.M8}
  cost=10 deg=2 node=app0.M3 parent=app0.M0 nbrs={app0.M0,app10.M0}
  cost=10 deg=3 node=app13.M3 parent=app13.M0 nbrs={app13.M0,app13.M5,app13.M7}
  cost=10 deg=3 node=app16.M2 parent=app16.M0 nbrs={app16.M0,app16.M1,app8.M1}
  cost=7 deg=3 node=app4.M1 parent=app4.M0 nbrs={app4.M0,app4.M3,app4.Log31}
  cost=6 deg=3 node=app8.M10 parent=app8.M0 nbrs={app8.M0,app8.M8,app17.M2}
  cost=5 deg=2 node=app15.M5 parent=app15.M0 nbrs={app15.M0,app5.M8}
  cost=4 deg=2 node=app5.M8 parent=app5.M0 nbrs={app5.M0,app15.M5}
  cost=4 deg=3 node=app12.M4 parent=app12.M0 nbrs={app12.M0,app12.M5,app12.Asset97}
  cost=3 deg=2 node=app12.M3 parent=app12.M0 nbrs={app12.M0,app12.Log85}
  cost=2 deg=3 node=app2.M2 parent=app2.M0 nbrs={app2.M0,app2.M6,app2.File23}
  cost=2 deg=3 node=app2.M6 parent=app2.M0 nbrs={app2.M0,app2.M2,app18.M3}
  cost=2 deg=3 node=app12.M5 parent=app12.M0 nbrs={app12.M0,app12.M4,app3.M0}
  cost=1 deg=2 node=app1.M11 parent=app1.M0 nbrs={app1.M0,app1.M9}
  cost=1 deg=3 node=app8.M2 parent=app8.M0 nbrs={app8.M0,app8.M12,app8.M3}
[carrier-cross] segment 376 -> carrier-grouped 323 (-14%). Carriers: 186 total (2 bundle + 132 cluster-pair + 52 individual).
[isolated-stash] Stashed 1 edge-less nodes in 6-column strip at x>=20984.
[face-raster] grid 4436x2594 (cell 5.0x5.0 units), 796 faces, 11276044 bg cells (98.0% of grid)
  face #1: 8154034 cells (72.3%), bbox 4436x2594 @ (0,0)
  face #3: 360603 cells (3.2%), bbox 1192x809 @ (1803,109)
  face #58: 323118 cells (2.9%), bbox 907x1050 @ (912,891)
  face #16: 122822 cells (1.1%), bbox 576x627 @ (3023,736)
  face #4: 122373 cells (1.1%), bbox 766x486 @ (1342,427)
  face #2: 99980 cells (0.9%), bbox 880x760 @ (1336,109)
  face #5: 99009 cells (0.9%), bbox 477x475 @ (2816,508)
  face #19: 80623 cells (0.7%), bbox 567x283 @ (2124,764)
[face-cohesion] 53 clusters analysed, 22 low-cohesion (<60% in dominant face)
  cohesion histogram:
     20%- 29%: 3 clusters
     30%- 39%: 6 clusters
     50%- 59%: 13 clusters
     60%- 69%: 15 clusters
     70%- 79%: 1 clusters
    100%-100%: 15 clusters
  top 10 low-cohesion clusters (largest first):
    _louv_22: 6 members, 2 in dominant face, 5 faces total (33%)
    _louv_30: 5 members, 1 in dominant face, 5 faces total (20%)
    _louv_77: 4 members, 2 in dominant face, 3 faces total (50%)
    _louv_75: 4 members, 1 in dominant face, 4 faces total (25%)
    _louv_13: 4 members, 2 in dominant face, 3 faces total (50%)
    _louv_53: 4 members, 2 in dominant face, 2 faces total (50%)
    _louv_64: 4 members, 2 in dominant face, 2 faces total (50%)
    _louv_41: 4 members, 2 in dominant face, 3 faces total (50%)
    _louv_3: 4 members, 1 in dominant face, 4 faces total (25%)
    _louv_66: 3 members, 1 in dominant face, 3 faces total (33%)
[face-density] 359 micro-faces (size<50), top 10 hot regions (macro 64x64 cells):
  region (39,25): 24 micro-faces, world (12004,7702)-(12324,8022)
  region (37,26): 18 micro-faces, world (11364,8022)-(11684,8342)
  region (44,28): 17 micro-faces, world (13604,8662)-(13924,8982)
  region (40,25): 17 micro-faces, world (12324,7702)-(12644,8022)
  region (19,27): 13 micro-faces, world (5605,8342)-(5925,8662)
  region (36,26): 12 micro-faces, world (11044,8022)-(11364,8342)
  region (37,19): 11 micro-faces, world (11364,5782)-(11684,6102)
  region (45,27): 11 micro-faces, world (13924,8342)-(14244,8662)
  region (21,13): 9 micro-faces, world (6245,3862)-(6565,4182)
  region (41,23): 8 micro-faces, world (12644,7062)-(12964,7382)
[face-ppm] Wrote /tmp/face-raster.ppm (2218x1297, downsampled from 4436x2594 by 2)
[face-untangle] 21 target clusters, 36 strays, 2 moved (poly cross 373 → 370, 3 fewer)
[stuck-leaf-2d] pass 1: 2 candidates, 1 moved, 1 cost units resolved.
[stuck-leaf-2d] pass 2: 1 candidates, 0 moved, 0 cost units resolved.
[stuck-leaf-2d] 1 candidates, 1 moved, 1 cost units resolved (poly cross 370 → 369, 1 fewer)
[hot-region-sa] 34 hot cells (≥4 cross, 369 cross pts), top 5 processed, 53/865 swap accepted (cross 369 → 368, 1 fewer)
