[community] algorithm=louvain communities=89 meta=4
[hub-bias] Super-graph: pushed 9 high-deg cluster roots to 1.4x avgR.
[cg-time] 6ms post-hub-bias
[cg-time] 92ms pre-§10-outward-radial
[cg-time] 92ms pre-§11-compose
[cg-time] 92ms pre-§12-pruning-reattach
[cg-time] 92ms pre-§13-cluster-swap
[cg-time] 613ms pre-§14-chain-straightening
[cg-time] 614ms pre-§15-pruned-cross-min
[§15.5] Optimized 22 alone-root+independent nodes (4 moves).
[cg-time] 618ms pre-bus-bundle
[bus-bundle] Created 2 bus bundles (4 members, sig ≥ 2 roots).
[xings-hotspot] total=230 xings across 116 offending edges (of 278)
  edge app6.M2↔app6.M3 xings=23 cluster=(_louv_34,_louv_35)
  edge core.Hub1↔app13.M0 xings=16 cluster=(_louv_1,_louv_70)
  edge app16.M3↔app17.M2 xings=14 cluster=(_louv_79,?)
  edge app6.M0↔app18.M1 xings=12 cluster=(?,?)
  edge app8.M7↔app13.M1 xings=12 cluster=(?,?)
  edge core.Hub0↔app11.M0 xings=11 cluster=(?,_louv_57)
  edge app1.M3↔app9.M8 xings=11 cluster=(_louv_8,_louv_3)
  edge app5.M6↔app17.M2 xings=9 cluster=(_louv_31,?)
[xings-hotspot] top cluster signatures:
  {?|_louv_34|_louv_35} xings=4
  {?|_louv_51} xings=4
  {?|_louv_57} xings=3
  {?|_louv_21|_louv_27} xings=3
  {?|_louv_21} xings=3
  {?|_louv_3|_louv_8} xings=3
  {?|_louv_79} xings=3
  {?|_louv_56} xings=3
[bundle-clear] Pushed 1 nodes off bundle bboxes.
[knot-min] Accepted 42 spatial swaps among 216 candidates.
[carrier-pre] 282 edges → 180 distinct carriers (cost-side filter).
[leaf-untangle] candidates=135, with-cross=45, moved=35, crossings-resolved=111.
[leaf-untangle] candidates=135, with-cross=26, moved=7, crossings-resolved=18.
[leaf-untangle] candidates=135, with-cross=24, moved=3, crossings-resolved=6.
[leaf-untangle] candidates=135, with-cross=23, moved=1, crossings-resolved=3.
[stuck-leaf-diag] 26 candidates with cost>0 (top 15 below):
  cost=8 deg=2 node=app1.M9 parent=app1.M0 nbrs={app1.M0,app1.M3}
  cost=7 deg=3 node=app5.M8 parent=app5.M0 nbrs={app5.M0,app5.M1,app5.M1}
  cost=7 deg=2 node=app1.M3 parent=app9.M8 nbrs={app1.M9,app9.M8}
  cost=6 deg=2 node=app7.M5 parent=app7.M0 nbrs={app7.M0,app3.M7}
  cost=5 deg=3 node=app0.M1 parent=app0.M0 nbrs={app0.M0,app0.M2,app9.M8}
  cost=4 deg=3 node=app9.M9 parent=app9.M0 nbrs={app9.M0,app9.M3,app17.M3}
  cost=4 deg=3 node=app9.M3 parent=app9.M0 nbrs={app9.M0,app9.M9,app9.M12}
  cost=4 deg=2 node=app19.M2 parent=app19.M0 nbrs={app19.M0,app19.Tag38}
  cost=3 deg=3 node=app4.M1 parent=app4.M0 nbrs={app4.M0,app4.M5,app12.M10}
  cost=3 deg=3 node=app3.M6 parent=app3.M0 nbrs={app3.M0,app3.M1,app3.Address37}
  cost=3 deg=2 node=app11.M3 parent=app11.M10 nbrs={app11.M10,app1.M13}
  cost=3 deg=1 node=app11.M9 parent=app11.M0 nbrs={app11.M0}
  cost=3 deg=3 node=app13.M4 parent=app13.M0 nbrs={app13.M0,app13.M3,app11.M12}
  cost=3 deg=2 node=app19.M4 parent=app19.M0 nbrs={app19.M0,app19.File19}
  cost=3 deg=3 node=app19.M7 parent=app19.M0 nbrs={app19.M0,app19.M3,app15.M2}
[pd-knot] 160 polyline cross pairs, 5 resolved via endpoint swap.
[xings-detour] iters=2 initial-poly-pairs=161 accepted=10 (multi-seg, density-aware, polyline detect, iterative).
[visual-knot] 147→147 cross points, 11→11 hot cells (≥3), 11 handled, 0 swap accepted.
[leaf-untangle] candidates=135, with-cross=30, moved=9, crossings-resolved=19.
[leaf-untangle] candidates=135, with-cross=26, moved=1, crossings-resolved=3.
[leaf-untangle] candidates=135, with-cross=25, moved=0, crossings-resolved=0.
[stuck-leaf-diag] 29 candidates with cost>0 (top 15 below):
  cost=8 deg=2 node=app1.M9 parent=app1.M0 nbrs={app1.M0,app1.M3}
  cost=7 deg=3 node=app5.M8 parent=app5.M0 nbrs={app5.M0,app5.M1,app5.M1}
  cost=7 deg=2 node=app1.M3 parent=app9.M8 nbrs={app1.M9,app9.M8}
  cost=6 deg=2 node=app7.M5 parent=app7.M0 nbrs={app7.M0,app3.M7}
  cost=5 deg=3 node=app0.M1 parent=app0.M0 nbrs={app0.M0,app0.M2,app9.M8}
  cost=4 deg=2 node=app19.M2 parent=app19.M0 nbrs={app19.M0,app19.Tag38}
  cost=4 deg=3 node=app9.M9 parent=app9.M0 nbrs={app9.M0,app9.M3,app17.M3}
  cost=4 deg=3 node=app9.M3 parent=app9.M0 nbrs={app9.M0,app9.M9,app9.M12}
  cost=3 deg=2 node=app8.M6 parent=app8.M0 nbrs={app8.M0,app8.Tag6}
  cost=3 deg=3 node=app4.M1 parent=app4.M0 nbrs={app4.M0,app4.M5,app12.M10}
  cost=3 deg=3 node=app3.M6 parent=app3.M0 nbrs={app3.M0,app3.M1,app3.Address37}
  cost=3 deg=1 node=app11.M9 parent=app11.M0 nbrs={app11.M0}
  cost=3 deg=3 node=app13.M4 parent=app13.M0 nbrs={app13.M0,app13.M3,app11.M12}
  cost=3 deg=2 node=app19.M4 parent=app19.M0 nbrs={app19.M0,app19.File19}
  cost=3 deg=3 node=app19.M7 parent=app19.M0 nbrs={app19.M0,app19.M3,app15.M2}
[carrier-cross] segment 148 -> carrier-grouped 140 (-5%). Carriers: 182 total (5 bundle + 120 cluster-pair + 57 individual).
[isolated-stash] Stashed 10 edge-less nodes in 6-column strip at x>=19492.
[face-raster] grid 4389x2718 (cell 5.0x5.0 units), 571 faces, 11694544 bg cells (98.0% of grid)
  face #1: 8246268 cells (70.5%), bbox 4389x2718 @ (0,0)
  face #11: 281539 cells (2.4%), bbox 983x718 @ (431,731)
  face #517: 209413 cells (1.8%), bbox 865x443 @ (175,2140)
  face #3: 198306 cells (1.7%), bbox 750x807 @ (1808,273)
  face #325: 181145 cells (1.5%), bbox 828x664 @ (179,1465)
  face #2: 154839 cells (1.3%), bbox 483x899 @ (2327,251)
  face #523: 151510 cells (1.3%), bbox 815x460 @ (581,2180)
  face #8: 138907 cells (1.2%), bbox 1069x381 @ (455,711)
[face-cohesion] 53 clusters analysed, 16 low-cohesion (<60% in dominant face)
  cohesion histogram:
     20%- 29%: 2 clusters
     30%- 39%: 5 clusters
     50%- 59%: 9 clusters
     60%- 69%: 10 clusters
     70%- 79%: 2 clusters
     80%- 89%: 2 clusters
    100%-100%: 23 clusters
  top 10 low-cohesion clusters (largest first):
    _louv_85: 6 members, 2 in dominant face, 4 faces total (33%)
    _louv_46: 5 members, 1 in dominant face, 5 faces total (20%)
    _louv_57: 4 members, 1 in dominant face, 4 faces total (25%)
    _louv_31: 3 members, 1 in dominant face, 3 faces total (33%)
    _louv_3: 3 members, 1 in dominant face, 3 faces total (33%)
    _louv_27: 3 members, 1 in dominant face, 3 faces total (33%)
    _louv_79: 3 members, 1 in dominant face, 3 faces total (33%)
    _louv_87: 2 members, 1 in dominant face, 2 faces total (50%)
    _louv_86: 2 members, 1 in dominant face, 2 faces total (50%)
    _louv_47: 2 members, 1 in dominant face, 2 faces total (50%)
[face-density] 329 micro-faces (size<50), top 10 hot regions (macro 64x64 cells):
  region (7,11): 42 micro-faces, world (1770,3210)-(2090,3530)
  region (21,17): 32 micro-faces, world (6249,5130)-(6569,5449)
  region (28,16): 26 micro-faces, world (8489,4810)-(8809,5130)
  region (27,14): 16 micro-faces, world (8169,4170)-(8489,4490)
  region (27,26): 14 micro-faces, world (8169,8009)-(8489,8329)
  region (10,12): 11 micro-faces, world (2730,3530)-(3050,3850)
  region (9,12): 9 micro-faces, world (2410,3530)-(2730,3850)
  region (9,41): 8 micro-faces, world (2410,12808)-(2730,13128)
  region (28,14): 8 micro-faces, world (8489,4170)-(8809,4490)
  region (32,21): 8 micro-faces, world (9769,6409)-(10089,6729)
[face-ppm] Wrote /tmp/face-raster.ppm (2194x1359, downsampled from 4389x2718 by 2)
[face-untangle] 15 target clusters, 23 strays, 0 moved (poly cross 147 → 147, 0 fewer)
[stuck-leaf-2d] pass 1: 2 candidates, 0 moved, 0 cost units resolved.
[stuck-leaf-2d] 2 candidates, 0 moved, 0 cost units resolved (poly cross 147 → 147, 0 fewer)
[hot-region-sa] 14 hot cells (≥4 cross, 147 cross pts), top 5 processed, 46/629 swap accepted (cross 147 → 147, 0 fewer)
