[community] algorithm=louvain communities=96 meta=4
[hub-bias] Super-graph: pushed 11 high-deg cluster roots to 1.4x avgR.
[cg-time] 7ms post-hub-bias
[cg-time] 219ms pre-§10-outward-radial
[cg-time] 219ms pre-§11-compose
[cg-time] 219ms pre-§12-pruning-reattach
[cg-time] 219ms pre-§13-cluster-swap
[cg-time] 1253ms pre-§14-chain-straightening
[cg-time] 1254ms pre-§15-pruned-cross-min
[§15.5] Optimized 26 alone-root+independent nodes (4 moves).
[cg-time] 1259ms pre-bus-bundle
[xings-hotspot] total=431 xings across 164 offending edges (of 334)
  edge app15.M3↔app16.M0 xings=26 cluster=(?,_louv_9)
  edge core.Hub1↔app13.M0 xings=20 cluster=(?,_louv_72)
  edge app0.M0↔app0.M1 xings=18 cluster=(_louv_2,_louv_3)
  edge app4.M1↔app18.M8 xings=16 cluster=(?,_louv_92)
  edge core.Hub0↔app18.M0 xings=16 cluster=(_louv_0,_louv_92)
  edge core.Hub0↔app0.M0 xings=16 cluster=(_louv_0,_louv_2)
  edge core.Hub0↔app19.M0 xings=15 cluster=(_louv_0,_louv_94)
  edge app12.M1↔app18.M5 xings=14 cluster=(_louv_71,?)
[xings-hotspot] top cluster signatures:
  {?|_louv_2|_louv_71} xings=14
  {?|_louv_31} xings=13
  {?|_louv_2} xings=8
  {?|_louv_32|_louv_86} xings=6
  {?|_louv_31|_louv_45} xings=6
  {?|_louv_2|_louv_41|_louv_43} xings=5
  {?|_louv_71} xings=5
  {?|_louv_44} xings=5
[bundle-clear] Pushed 1 nodes off bundle bboxes.
[knot-min] Accepted 78 spatial swaps among 261 candidates.
[carrier-pre] 338 edges → 204 distinct carriers (cost-side filter).
[leaf-untangle] candidates=154, with-cross=68, moved=52, crossings-resolved=165.
[leaf-untangle] candidates=154, with-cross=28, moved=8, crossings-resolved=15.
[leaf-untangle] candidates=154, with-cross=27, moved=4, crossings-resolved=12.
[leaf-untangle] candidates=154, with-cross=26, moved=3, crossings-resolved=8.
[stuck-leaf-diag] 26 candidates with cost>0 (top 15 below):
  cost=19 deg=2 node=app0.M11 parent=app0.M0 nbrs={app0.M0,app2.M0}
  cost=9 deg=2 node=app3.M2 parent=app3.M6 nbrs={app3.M6,app3.Asset58}
  cost=7 deg=3 node=app17.M2 parent=app17.M0 nbrs={app17.M0,app17.M4,app14.M9}
  cost=7 deg=3 node=app7.M3 parent=app7.M0 nbrs={app7.M0,app7.M1,app6.M2}
  cost=6 deg=2 node=app11.M8 parent=app11.M0 nbrs={app11.M0,app5.M8}
  cost=5 deg=2 node=app9.M7 parent=app9.M0 nbrs={app9.M0,app9.M6}
  cost=5 deg=3 node=app11.M3 parent=app11.M0 nbrs={app11.M0,app11.M4,app17.M10}
  cost=5 deg=3 node=app9.M6 parent=app9.M0 nbrs={app9.M0,app9.M7,app2.M2}
  cost=4 deg=2 node=app14.M11 parent=app14.M0 nbrs={app14.M0,app14.M10}
  cost=4 deg=3 node=app13.M11 parent=app13.M0 nbrs={app13.M0,app13.M1,app13.Address61}
  cost=4 deg=3 node=app13.M1 parent=app13.M0 nbrs={app13.M0,app13.M11,app6.M2}
  cost=4 deg=2 node=app5.M8 parent=app5.M7 nbrs={app5.M7,app11.M8}
  cost=3 deg=3 node=app4.M2 parent=app4.M1 nbrs={app4.M0,app4.M1,app4.M3}
  cost=3 deg=3 node=app5.M11 parent=app5.M0 nbrs={app5.M0,app5.M1,app5.File35}
  cost=2 deg=2 node=app0.M2 parent=app0.M0 nbrs={app0.M0,app0.Note70}
[pd-knot] 258 polyline cross pairs, 4 resolved via endpoint swap.
[xings-detour] iters=2 initial-poly-pairs=284 accepted=13 (multi-seg, density-aware, polyline detect, iterative).
[visual-knot] 267→267 cross points, 20→20 hot cells (≥3), 20 handled, 0 swap accepted.
[leaf-untangle] candidates=154, with-cross=37, moved=11, crossings-resolved=35.
[leaf-untangle] candidates=154, with-cross=29, moved=4, crossings-resolved=14.
[leaf-untangle] candidates=154, with-cross=26, moved=0, crossings-resolved=0.
[stuck-leaf-diag] 27 candidates with cost>0 (top 15 below):
  cost=19 deg=2 node=app0.M11 parent=app0.M0 nbrs={app0.M0,app2.M0}
  cost=9 deg=2 node=app3.M2 parent=app3.M6 nbrs={app3.M6,app3.Asset58}
  cost=7 deg=3 node=app17.M2 parent=app17.M0 nbrs={app17.M0,app17.M4,app14.M9}
  cost=7 deg=3 node=app7.M3 parent=app7.M0 nbrs={app7.M0,app7.M1,app6.M2}
  cost=6 deg=2 node=app11.M8 parent=app11.M0 nbrs={app11.M0,app5.M8}
  cost=5 deg=3 node=app9.M6 parent=app9.M0 nbrs={app9.M0,app9.M7,app2.M2}
  cost=5 deg=3 node=app11.M3 parent=app11.M0 nbrs={app11.M0,app11.M4,app17.M10}
  cost=5 deg=2 node=app9.M7 parent=app9.M0 nbrs={app9.M0,app9.M6}
  cost=4 deg=2 node=app14.M11 parent=app14.M0 nbrs={app14.M0,app14.M10}
  cost=4 deg=2 node=app5.M8 parent=app5.M7 nbrs={app5.M7,app11.M8}
  cost=3 deg=3 node=app13.M1 parent=app13.M0 nbrs={app13.M0,app13.M11,app6.M2}
  cost=3 deg=3 node=app4.M3 parent=app4.M1 nbrs={app4.M0,app4.M2,app4.M1}
  cost=3 deg=3 node=app5.M11 parent=app5.M0 nbrs={app5.M0,app5.M1,app5.File35}
  cost=2 deg=2 node=app0.M2 parent=app0.M0 nbrs={app0.M0,app0.Note70}
  cost=2 deg=2 node=app9.M1 parent=app9.M0 nbrs={app9.M0,app9.Log8}
[carrier-cross] segment 269 -> carrier-grouped 237 (-12%). Carriers: 199 total (1 bundle + 133 cluster-pair + 65 individual).
[isolated-stash] Stashed 11 edge-less nodes in 6-column strip at x>=22834.
[face-raster] grid 5092x3545 (cell 5.0x5.0 units), 1113 faces, 17783129 bg cells (98.5% of grid)
  face #1: 13374456 cells (75.2%), bbox 5092x3545 @ (0,0)
  face #828: 502169 cells (2.8%), bbox 893x1113 @ (2998,2059)
  face #1029: 255322 cells (1.4%), bbox 931x710 @ (2251,2462)
  face #240: 212729 cells (1.2%), bbox 761x900 @ (2671,1070)
  face #888: 182439 cells (1.0%), bbox 490x1009 @ (2696,2163)
  face #1000: 169278 cells (1.0%), bbox 847x428 @ (1848,2404)
  face #32: 164856 cells (0.9%), bbox 707x810 @ (1940,586)
  face #490: 135534 cells (0.8%), bbox 706x564 @ (2824,1593)
[face-cohesion] 67 clusters analysed, 26 low-cohesion (<60% in dominant face)
  cohesion histogram:
     20%- 29%: 1 clusters
     30%- 39%: 9 clusters
     40%- 49%: 3 clusters
     50%- 59%: 13 clusters
     60%- 69%: 8 clusters
     70%- 79%: 1 clusters
    100%-100%: 32 clusters
  top 10 low-cohesion clusters (largest first):
    _louv_77: 6 members, 2 in dominant face, 4 faces total (33%)
    _louv_44: 5 members, 1 in dominant face, 5 faces total (20%)
    _louv_72: 5 members, 2 in dominant face, 4 faces total (40%)
    _louv_31: 5 members, 2 in dominant face, 4 faces total (40%)
    _louv_94: 5 members, 2 in dominant face, 3 faces total (40%)
    _louv_92: 4 members, 2 in dominant face, 3 faces total (50%)
    _louv_32: 4 members, 2 in dominant face, 3 faces total (50%)
    _louv_37: 3 members, 1 in dominant face, 3 faces total (33%)
    _louv_64: 3 members, 1 in dominant face, 3 faces total (33%)
    _louv_0: 3 members, 1 in dominant face, 3 faces total (33%)
[face-density] 734 micro-faces (size<50), top 10 hot regions (macro 64x64 cells):
  region (15,11): 48 micro-faces, world (4262,3131)-(4582,3451)
  region (16,10): 36 micro-faces, world (4582,2811)-(4902,3131)
  region (41,33): 33 micro-faces, world (12581,10170)-(12901,10490)
  region (14,12): 31 micro-faces, world (3942,3451)-(4262,3771)
  region (32,20): 25 micro-faces, world (9701,6011)-(10021,6331)
  region (23,37): 22 micro-faces, world (6822,11450)-(7142,11770)
  region (29,25): 20 micro-faces, world (8741,7611)-(9061,7931)
  region (16,9): 19 micro-faces, world (4582,2491)-(4902,2811)
  region (14,27): 17 micro-faces, world (3942,8251)-(4262,8571)
  region (28,43): 16 micro-faces, world (8421,13370)-(8741,13690)
[face-ppm] Wrote /tmp/face-raster.ppm (2546x1772, downsampled from 5092x3545 by 2)
[face-untangle] 25 target clusters, 44 strays, 0 moved (poly cross 267 → 267, 0 fewer)
[stuck-leaf-2d] pass 1: 1 candidates, 1 moved, 1 cost units resolved.
[stuck-leaf-2d] pass 2: 0 candidates, 0 moved, 0 cost units resolved.
[stuck-leaf-2d] 0 candidates, 1 moved, 1 cost units resolved (poly cross 267 → 266, 1 fewer)
[hot-region-sa] 22 hot cells (≥4 cross, 266 cross pts), top 5 processed, 16/740 swap accepted (cross 266 → 266, 0 fewer)
