[community] algorithm=louvain communities=28 meta=10
[hub-bias] Super-graph: pushed 3 high-deg cluster roots to 1.4x avgR.
[cg-time] 4ms post-hub-bias
[cg-time] 11ms pre-§10-outward-radial
[cg-time] 11ms pre-§11-compose
[cg-time] 11ms pre-§12-pruning-reattach
[cg-time] 11ms pre-§13-cluster-swap
[cg-time] 80ms pre-§14-chain-straightening
[cg-time] 80ms pre-§15-pruned-cross-min
[§15.5] Optimized 1 alone-root+independent nodes (0 moves).
[cg-time] 81ms pre-bus-bundle
[xings-hotspot] total=104 xings across 49 offending edges (of 115)
  edge app3.M0↔app3.M5 xings=13 cluster=(_louv_18,_louv_20)
  edge app1.M0↔app1.M3 xings=12 cluster=(_louv_0,?)
  edge core.Hub0↔app7.M0 xings=10 cluster=(?,?)
  edge app1.M2↔app7.M0 xings=10 cluster=(_louv_7,?)
  edge app0.M0↔app0.M6 xings=9 cluster=(_louv_2,_louv_5)
  edge app0.M6↔app7.M3 xings=8 cluster=(_louv_5,_louv_15)
  edge app7.M0↔app7.M2 xings=7 cluster=(?,_louv_22)
  edge app2.M7↔app4.M1 xings=7 cluster=(_louv_16,?)
[xings-hotspot] top cluster signatures:
  {?|_louv_21|_louv_22} xings=4
  {?|_louv_0|_louv_15} xings=4
  {?|_louv_0|_louv_11} xings=3
  {?|_louv_2|_louv_7} xings=3
  {?|_louv_2} xings=3
  {?|_louv_2|_louv_21} xings=3
  {?|_louv_18|_louv_20} xings=3
  {?|_louv_0|_louv_2|_louv_7} xings=2
[bundle-clear] Pushed 2 nodes off bundle bboxes.
[knot-min] Accepted 15 spatial swaps among 74 candidates.
[knot-min-2opt] Accepted 4 cross-targeted swaps.
[carrier-pre] 116 edges → 59 distinct carriers (cost-side filter).
[leaf-untangle] candidates=39, with-cross=18, moved=15, crossings-resolved=49.
[leaf-untangle] candidates=39, with-cross=8, moved=3, crossings-resolved=6.
[leaf-untangle] candidates=39, with-cross=7, moved=1, crossings-resolved=3.
[leaf-untangle] candidates=39, with-cross=6, moved=0, crossings-resolved=0.
[stuck-leaf-diag] 8 candidates with cost>0 (top 15 below):
  cost=9 deg=2 node=app6.M13 parent=app6.M0 nbrs={app6.M0,app3.M3}
  cost=5 deg=3 node=app1.M4 parent=app3.M0 nbrs={app1.M0,app1.M5,app3.M0}
  cost=4 deg=2 node=app0.M5 parent=app0.M0 nbrs={app0.M0,app0.M6}
  cost=4 deg=2 node=app0.M8 parent=app0.M0 nbrs={app0.M0,app7.M0}
  cost=2 deg=2 node=app5.M6 parent=app5.M0 nbrs={app5.M0,app7.M2}
  cost=2 deg=2 node=app7.M2 parent=app7.M0 nbrs={app7.M0,app5.M6}
  cost=1 deg=2 node=app1.M5 parent=app1.M0 nbrs={app1.M0,app1.M4}
  cost=1 deg=3 node=app5.M2 parent=app5.M0 nbrs={app5.M0,app5.M3,app1.M2}
[pd-knot] 47 polyline cross pairs, 1 resolved via endpoint swap.
[xings-detour] iters=1 initial-poly-pairs=44 accepted=0 (multi-seg, density-aware, polyline detect, iterative).
[visual-knot] 43→43 cross points, 1→1 hot cells (≥3), 1 handled, 0 swap accepted.
[leaf-untangle] candidates=39, with-cross=6, moved=0, crossings-resolved=0.
[stuck-leaf-diag] 8 candidates with cost>0 (top 15 below):
  cost=9 deg=2 node=app6.M13 parent=app6.M0 nbrs={app6.M0,app3.M3}
  cost=5 deg=3 node=app1.M4 parent=app3.M0 nbrs={app1.M0,app1.M5,app3.M0}
  cost=4 deg=2 node=app0.M5 parent=app0.M0 nbrs={app0.M0,app0.M6}
  cost=3 deg=2 node=app0.M8 parent=app0.M0 nbrs={app0.M0,app7.M0}
  cost=3 deg=2 node=app7.M2 parent=app7.M0 nbrs={app7.M0,app5.M6}
  cost=2 deg=2 node=app5.M6 parent=app5.M0 nbrs={app5.M0,app7.M2}
  cost=1 deg=2 node=app1.M5 parent=app1.M0 nbrs={app1.M0,app1.M4}
  cost=1 deg=3 node=app5.M2 parent=app5.M0 nbrs={app5.M0,app5.M3,app1.M2}
[carrier-cross] segment 44 -> carrier-grouped 36 (-18%). Carriers: 57 total (2 bundle + 40 cluster-pair + 15 individual).
[isolated-stash] Stashed 6 edge-less nodes in 6-column strip at x>=15767.
[face-raster] grid 3915x5370 (cell 5.0x5.0 units), 297 faces, 20892214 bg cells (99.4% of grid)
  face #1: 11871910 cells (56.8%), bbox 3915x5370 @ (0,0)
  face #2: 2929230 cells (14.0%), bbox 1570x5034 @ (109,202)
  face #126: 1460579 cells (7.0%), bbox 1379x2445 @ (2040,1440)
  face #3: 826740 cells (4.0%), bbox 1738x1346 @ (1670,202)
  face #236: 527522 cells (2.5%), bbox 534x1656 @ (1412,2919)
  face #179: 374574 cells (1.8%), bbox 780x1238 @ (492,2061)
  face #227: 363557 cells (1.7%), bbox 374x1860 @ (1874,2603)
  face #157: 282288 cells (1.4%), bbox 1034x634 @ (589,1537)
[face-cohesion] 13 clusters analysed, 5 low-cohesion (<60% in dominant face)
  cohesion histogram:
     20%- 29%: 1 clusters
     40%- 49%: 2 clusters
     50%- 59%: 2 clusters
     60%- 69%: 5 clusters
     70%- 79%: 1 clusters
     80%- 89%: 1 clusters
    100%-100%: 1 clusters
  top 5 low-cohesion clusters (largest first):
    _louv_18: 7 members, 4 in dominant face, 3 faces total (57%)
    _louv_22: 5 members, 1 in dominant face, 5 faces total (20%)
    _louv_21: 5 members, 2 in dominant face, 4 faces total (40%)
    _louv_2: 5 members, 2 in dominant face, 4 faces total (40%)
    _louv_8: 2 members, 1 in dominant face, 2 faces total (50%)
[face-density] 210 micro-faces (size<50), top 10 hot regions (macro 64x64 cells):
  region (18,15): 28 micro-faces, world (4008,4235)-(4328,4555)
  region (23,6): 27 micro-faces, world (5608,1355)-(5928,1675)
  region (24,5): 25 micro-faces, world (5928,1035)-(6248,1355)
  region (26,23): 13 micro-faces, world (6568,6795)-(6888,7115)
  region (24,6): 12 micro-faces, world (5928,1355)-(6248,1675)
  region (37,46): 11 micro-faces, world (10087,14154)-(10407,14473)
  region (26,36): 8 micro-faces, world (6568,10954)-(6888,11274)
  region (23,7): 8 micro-faces, world (5608,1675)-(5928,1995)
  region (37,45): 8 micro-faces, world (10087,13834)-(10407,14154)
  region (18,14): 7 micro-faces, world (4008,3915)-(4328,4235)
[face-ppm] Wrote /tmp/face-raster.ppm (1957x2685, downsampled from 3915x5370 by 2)
[face-untangle] 4 target clusters, 10 strays, 1 moved (poly cross 43 → 42, 1 fewer)
[stuck-leaf-2d] pass 1: 1 candidates, 1 moved, 1 cost units resolved.
[stuck-leaf-2d] pass 2: 0 candidates, 0 moved, 0 cost units resolved.
[stuck-leaf-2d] 0 candidates, 1 moved, 1 cost units resolved (poly cross 42 → 41, 1 fewer)
[hot-region-sa] 1 hot cells (≥4 cross, 41 cross pts), top 1 processed, 39/161 swap accepted (cross 41 → 40, 1 fewer)
