[community] algorithm=louvain communities=34 meta=3
[hub-bias] Super-graph: pushed 2 high-deg cluster roots to 1.4x avgR.
[cg-time] 4ms post-hub-bias
[cg-time] 5ms pre-§10-outward-radial
[cg-time] 5ms pre-§11-compose
[cg-time] 5ms pre-§12-pruning-reattach
[cg-time] 5ms pre-§13-cluster-swap
[cg-time] 31ms pre-§14-chain-straightening
[cg-time] 31ms pre-§15-pruned-cross-min
[§15.5] Optimized 9 alone-root+independent nodes (1 moves).
[cg-time] 32ms pre-bus-bundle
[xings-hotspot] total=46 xings across 39 offending edges (of 118)
  edge app4.M2↔app6.M3 xings=8 cluster=(_louv_17,?)
  edge app4.M0↔app4.M3 xings=6 cluster=(?,?)
  edge app1.M0↔app1.M8 xings=6 cluster=(_louv_7,?)
  edge app0.M2↔app1.M8 xings=5 cluster=(?,?)
  edge app2.M3↔app4.M2 xings=5 cluster=(?,_louv_17)
  edge app4.M2↔app4.M3 xings=4 cluster=(_louv_17,?)
  edge app1.M0↔app1.M4 xings=4 cluster=(_louv_7,_louv_9)
  edge app1.M5↔app4.M0 xings=3 cluster=(_louv_10,?)
[xings-hotspot] top cluster signatures:
  {?|_louv_17} xings=6
  {?|_louv_17|_louv_7} xings=4
  {?|_louv_10|_louv_17} xings=3
  {?|_louv_7} xings=3
  {?|_louv_7|_louv_9} xings=2
  {?} xings=2
  {?|_louv_17|_louv_7|_louv_9} xings=2
  {?|_louv_16} xings=2
[knot-min] Accepted 18 spatial swaps among 101 candidates.
[carrier-pre] 120 edges → 67 distinct carriers (cost-side filter).
[leaf-untangle] candidates=64, with-cross=18, moved=17, crossings-resolved=61.
[leaf-untangle] candidates=64, with-cross=5, moved=2, crossings-resolved=4.
[leaf-untangle] candidates=64, with-cross=4, moved=0, crossings-resolved=0.
[stuck-leaf-diag] 4 candidates with cost>0 (top 15 below):
  cost=4 deg=2 node=app0.M5 parent=app0.M0 nbrs={app0.M0,app1.M8}
  cost=2 deg=3 node=app5.M5 parent=app5.M0 nbrs={app5.M0,app5.M12,app3.M1}
  cost=1 deg=2 node=app2.M4 parent=app2.M0 nbrs={app2.M0,app6.M10}
  cost=1 deg=2 node=app4.M1 parent=app4.M2 nbrs={app4.M2,app4.M0}
[pd-knot] 33 polyline cross pairs, 2 resolved via endpoint swap.
[xings-detour] iters=2 initial-poly-pairs=37 accepted=2 (multi-seg, density-aware, polyline detect, iterative).
[visual-knot] 33→32 cross points, 1→1 hot cells (≥3), 2 handled, 1 swap accepted.
[leaf-untangle] candidates=64, with-cross=8, moved=6, crossings-resolved=17.
[leaf-untangle] candidates=64, with-cross=3, moved=0, crossings-resolved=0.
[stuck-leaf-diag] 3 candidates with cost>0 (top 15 below):
  cost=5 deg=2 node=app0.M5 parent=app0.M0 nbrs={app0.M0,app1.M8}
  cost=4 deg=3 node=app5.M5 parent=app5.M0 nbrs={app5.M0,app5.M12,app3.M1}
  cost=1 deg=2 node=app4.M1 parent=app4.M2 nbrs={app4.M2,app4.M0}
[isolated-stash] Stashed 1 edge-less nodes in 6-column strip at x>=13116.
[face-raster] grid 2753x2213 (cell 5.0x5.0 units), 222 faces, 6001544 bg cells (98.5% of grid)
  face #1: 4879125 cells (81.3%), bbox 2753x2213 @ (0,0)
  face #3: 176307 cells (2.9%), bbox 847x512 @ (210,420)
  face #14: 156299 cells (2.6%), bbox 366x835 @ (781,537)
  face #53: 153336 cells (2.6%), bbox 465x1040 @ (188,984)
  face #13: 128366 cells (2.1%), bbox 315x1283 @ (858,504)
  face #23: 122818 cells (2.0%), bbox 276x848 @ (552,684)
  face #90: 80092 cells (1.3%), bbox 410x565 @ (265,1161)
  face #15: 62504 cells (1.0%), bbox 521x453 @ (243,542)
[face-cohesion] 27 clusters analysed, 6 low-cohesion (<60% in dominant face)
  cohesion histogram:
     30%- 39%: 3 clusters
     50%- 59%: 3 clusters
     60%- 69%: 5 clusters
     70%- 79%: 3 clusters
    100%-100%: 13 clusters
  top 6 low-cohesion clusters (largest first):
    _louv_19: 4 members, 2 in dominant face, 2 faces total (50%)
    _louv_17: 4 members, 2 in dominant face, 3 faces total (50%)
    _louv_14: 3 members, 1 in dominant face, 3 faces total (33%)
    _louv_1: 3 members, 1 in dominant face, 3 faces total (33%)
    _louv_25: 3 members, 1 in dominant face, 3 faces total (33%)
    _louv_9: 2 members, 1 in dominant face, 2 faces total (50%)
[face-density] 143 micro-faces (size<50), top 10 hot regions (macro 64x64 cells):
  region (8,27): 28 micro-faces, world (2446,8377)-(2765,8697)
  region (14,18): 16 micro-faces, world (4365,5498)-(4685,5817)
  region (10,24): 15 micro-faces, world (3085,7417)-(3405,7737)
  region (14,19): 14 micro-faces, world (4365,5817)-(4685,6137)
  region (13,19): 13 micro-faces, world (4045,5817)-(4365,6137)
  region (3,15): 8 micro-faces, world (846,4538)-(1166,4858)
  region (7,19): 8 micro-faces, world (2126,5817)-(2446,6137)
  region (8,8): 6 micro-faces, world (2446,2298)-(2765,2618)
  region (10,25): 5 micro-faces, world (3085,7737)-(3405,8057)
  region (2,14): 4 micro-faces, world (526,4218)-(846,4538)
[face-ppm] Wrote /tmp/face-raster.ppm (2753x2213, downsampled from 2753x2213 by 1)
[face-untangle] 6 target clusters, 11 strays, 0 moved (poly cross 30 → 30, 0 fewer)
[stuck-leaf-2d] pass 1: 0 candidates, 0 moved, 0 cost units resolved.
[stuck-leaf-2d] 0 candidates, 0 moved, 0 cost units resolved (poly cross 30 → 30, 0 fewer)
[hot-region-sa] 2 hot cells (≥4 cross, 30 cross pts), top 2 processed, 18/346 swap accepted (cross 30 → 30, 0 fewer)
