[community] algorithm=louvain communities=72 meta=4
[hub-bias] Super-graph: pushed 3 high-deg cluster roots to 1.4x avgR.
[cg-time] 5ms post-hub-bias
[cg-time] 164ms pre-§10-outward-radial
[cg-time] 164ms pre-§11-compose
[cg-time] 164ms pre-§12-pruning-reattach
[cg-time] 164ms pre-§13-cluster-swap
[cg-time] 559ms pre-§14-chain-straightening
[cg-time] 559ms pre-§15-pruned-cross-min
[§15.5] Optimized 23 alone-root+independent nodes (6 moves).
[cg-time] 563ms pre-bus-bundle
[bus-bundle] Created 1 bus bundles (2 members, sig ≥ 2 roots).
[xings-hotspot] total=319 xings across 139 offending edges (of 253)
  edge core.Hub1↔app2.M0 xings=15 cluster=(?,_louv_3)
  edge app11.M0↔app11.M13 xings=13 cluster=(_louv_47,_louv_40)
  edge app6.M4↔app10.M12 xings=13 cluster=(?,_louv_43)
  edge app13.M5↔app14.M8 xings=13 cluster=(_louv_62,?)
  edge app8.M3↔app14.M5 xings=12 cluster=(?,?)
  edge app7.M2↔app9.M0 xings=12 cluster=(?,_louv_0)
  edge app5.M2↔app14.M6 xings=12 cluster=(?,?)
  edge app11.M11↔app14.M7 xings=12 cluster=(?,_louv_54)
[xings-hotspot] top cluster signatures:
  {?|_louv_4} xings=8
  {?|_louv_3} xings=7
  {?|_louv_3|_louv_54} xings=7
  {?|_louv_67} xings=7
  {?} xings=6
  {?|_louv_47} xings=6
  {?|_louv_67|_louv_8} xings=5
  {?|_louv_0|_louv_26} xings=5
[bundle-clear] Pushed 2 nodes off bundle bboxes.
[knot-min] Accepted 75 spatial swaps among 191 candidates.
[carrier-pre] 258 edges → 166 distinct carriers (cost-side filter).
[leaf-untangle] candidates=119, with-cross=49, moved=40, crossings-resolved=149.
[leaf-untangle] candidates=119, with-cross=35, moved=15, crossings-resolved=36.
[leaf-untangle] candidates=119, with-cross=27, moved=2, crossings-resolved=4.
[leaf-untangle] candidates=119, with-cross=26, moved=0, crossings-resolved=0.
[stuck-leaf-diag] 27 candidates with cost>0 (top 15 below):
  cost=16 deg=2 node=app11.M11 parent=app11.M0 nbrs={app11.M0,app14.M7}
  cost=14 deg=3 node=app0.M3 parent=app10.M0 nbrs={app0.M0,app0.M2,app10.M0}
  cost=14 deg=3 node=app6.M4 parent=app6.M0 nbrs={app6.M0,app6.M12,app10.M12}
  cost=12 deg=3 node=app10.M2 parent=app10.M0 nbrs={app10.M0,app10.M12,app15.M5}
  cost=9 deg=3 node=app3.M1 parent=app3.M0 nbrs={app3.M0,app3.M11,app8.M2}
  cost=9 deg=1 node=app14.Asset39 parent=app14.M4 nbrs={app14.M4}
  cost=7 deg=2 node=app1.M2 parent=app1.M0 nbrs={app1.M0,app1.M4}
  cost=7 deg=3 node=app15.M4 parent=app15.M0 nbrs={app15.M0,app15.M6,app11.M7}
  cost=5 deg=2 node=app7.M1 parent=app7.M0 nbrs={app7.M0,app4.M1}
  cost=2 deg=2 node=app11.M14 parent=app11.M0 nbrs={app11.M0,app11.M4}
  cost=2 deg=2 node=app4.M1 parent=app4.M0 nbrs={app4.M0,app7.M1}
  cost=2 deg=3 node=app4.M5 parent=app13.M0 nbrs={app4.M0,app4.M4,app13.M0}
  cost=2 deg=2 node=app4.M6 parent=app4.M0 nbrs={app4.M0,app10.M5}
  cost=2 deg=3 node=app6.M12 parent=app6.M0 nbrs={app6.M0,app6.M4,app11.M9}
  cost=2 deg=2 node=app9.M1 parent=app1.M4 nbrs={app9.M3,app1.M4}
[pd-knot] 191 polyline cross pairs, 3 resolved via endpoint swap.
[xings-detour] iters=2 initial-poly-pairs=182 accepted=9 (multi-seg, density-aware, polyline detect, iterative).
[visual-knot] 169→166 cross points, 18→16 hot cells (≥3), 34 handled, 1 swap accepted.
[leaf-untangle] candidates=119, with-cross=26, moved=2, crossings-resolved=2.
[leaf-untangle] candidates=119, with-cross=23, moved=0, crossings-resolved=0.
[stuck-leaf-diag] 24 candidates with cost>0 (top 15 below):
  cost=14 deg=2 node=app11.M11 parent=app11.M0 nbrs={app11.M0,app14.M7}
  cost=14 deg=3 node=app0.M3 parent=app10.M0 nbrs={app0.M0,app0.M2,app10.M0}
  cost=14 deg=3 node=app6.M4 parent=app6.M0 nbrs={app6.M0,app6.M12,app10.M12}
  cost=12 deg=3 node=app10.M2 parent=app10.M0 nbrs={app10.M0,app10.M12,app15.M5}
  cost=9 deg=1 node=app14.Asset39 parent=app14.M4 nbrs={app14.M4}
  cost=8 deg=3 node=app3.M1 parent=app3.M0 nbrs={app3.M0,app3.M11,app8.M2}
  cost=7 deg=2 node=app1.M2 parent=app1.M0 nbrs={app1.M0,app1.M4}
  cost=7 deg=3 node=app15.M4 parent=app15.M0 nbrs={app15.M0,app15.M6,app11.M7}
  cost=5 deg=2 node=app7.M1 parent=app7.M0 nbrs={app7.M0,app4.M1}
  cost=2 deg=2 node=app4.M1 parent=app4.M0 nbrs={app4.M0,app7.M1}
  cost=2 deg=3 node=app4.M5 parent=app13.M0 nbrs={app4.M0,app4.M4,app13.M0}
  cost=2 deg=2 node=app4.M6 parent=app4.M0 nbrs={app4.M0,app10.M5}
  cost=2 deg=3 node=app6.M12 parent=app6.M0 nbrs={app6.M0,app6.M4,app11.M9}
  cost=2 deg=2 node=app9.M1 parent=app1.M4 nbrs={app9.M3,app1.M4}
  cost=2 deg=3 node=app11.M8 parent=app11.M0 nbrs={app11.M0,app11.M4,app11.Log33}
[carrier-cross] segment 167 -> carrier-grouped 145 (-13%). Carriers: 157 total (3 bundle + 104 cluster-pair + 50 individual).
[isolated-stash] Stashed 5 edge-less nodes in 6-column strip at x>=14155.
[face-raster] grid 3215x2272 (cell 5.0x5.0 units), 591 faces, 7106621 bg cells (97.3% of grid)
  face #1: 4453674 cells (62.7%), bbox 3215x2272 @ (0,0)
  face #42: 465128 cells (6.5%), bbox 810x1542 @ (1835,656)
  face #358: 350965 cells (4.9%), bbox 1257x754 @ (99,1387)
  face #530: 158493 cells (2.2%), bbox 1623x352 @ (131,1789)
  face #4: 112941 cells (1.6%), bbox 442x551 @ (935,205)
  face #45: 84056 cells (1.2%), bbox 575x465 @ (1713,664)
  face #3: 81174 cells (1.1%), bbox 503x963 @ (714,92)
  face #7: 77397 cells (1.1%), bbox 314x454 @ (1536,257)
[face-cohesion] 51 clusters analysed, 24 low-cohesion (<60% in dominant face)
  cohesion histogram:
     20%- 29%: 1 clusters
     30%- 39%: 7 clusters
     40%- 49%: 2 clusters
     50%- 59%: 14 clusters
     60%- 69%: 4 clusters
     70%- 79%: 1 clusters
    100%-100%: 22 clusters
  top 10 low-cohesion clusters (largest first):
    _louv_67: 7 members, 3 in dominant face, 4 faces total (43%)
    _louv_56: 6 members, 3 in dominant face, 3 faces total (50%)
    _louv_11: 5 members, 2 in dominant face, 4 faces total (40%)
    _louv_26: 4 members, 1 in dominant face, 4 faces total (25%)
    _louv_30: 3 members, 1 in dominant face, 3 faces total (33%)
    _louv_3: 3 members, 1 in dominant face, 3 faces total (33%)
    _louv_2: 3 members, 1 in dominant face, 3 faces total (33%)
    _louv_23: 3 members, 1 in dominant face, 3 faces total (33%)
    _louv_18: 3 members, 1 in dominant face, 3 faces total (33%)
    _louv_4: 3 members, 1 in dominant face, 3 faces total (33%)
[face-density] 320 micro-faces (size<50), top 10 hot regions (macro 64x64 cells):
  region (34,12): 27 micro-faces, world (10533,3573)-(10853,3893)
  region (33,12): 16 micro-faces, world (10213,3573)-(10533,3893)
  region (19,29): 13 micro-faces, world (5733,9012)-(6053,9332)
  region (18,12): 12 micro-faces, world (5413,3573)-(5733,3893)
  region (28,4): 12 micro-faces, world (8613,1013)-(8933,1333)
  region (17,20): 11 micro-faces, world (5093,6133)-(5413,6452)
  region (24,6): 11 micro-faces, world (7333,1653)-(7653,1973)
  region (12,26): 10 micro-faces, world (3493,8052)-(3813,8372)
  region (34,11): 9 micro-faces, world (10533,3253)-(10853,3573)
  region (18,13): 9 micro-faces, world (5413,3893)-(5733,4213)
[face-ppm] Wrote /tmp/face-raster.ppm (3215x2272, downsampled from 3215x2272 by 1)
[face-untangle] 23 target clusters, 37 strays, 3 moved (poly cross 164 → 162, 2 fewer)
[stuck-leaf-2d] pass 1: 2 candidates, 1 moved, 2 cost units resolved.
[stuck-leaf-2d] pass 2: 1 candidates, 0 moved, 0 cost units resolved.
[stuck-leaf-2d] 1 candidates, 1 moved → REVERTED (poly cross 162 → 163)
[hot-region-sa] 17 hot cells (≥4 cross, 170 cross pts), top 5 processed, 17/718 swap accepted (cross 170 → 170, 0 fewer)
