[community] algorithm=louvain communities=59 meta=3
[hub-bias] Super-graph: pushed 5 high-deg cluster roots to 1.4x avgR.
[cg-time] 8ms post-hub-bias
[cg-time] 26ms pre-§10-outward-radial
[cg-time] 26ms pre-§11-compose
[cg-time] 26ms pre-§12-pruning-reattach
[cg-time] 26ms pre-§13-cluster-swap
[cg-time] 67ms pre-§14-chain-straightening
[cg-time] 67ms pre-§15-pruned-cross-min
[§15.5] Optimized 15 alone-root+independent nodes (7 moves).
[cg-time] 68ms pre-bus-bundle
[xings-hotspot] total=67 xings across 58 offending edges (of 145)
  edge app0.M3↔app8.M1 xings=11 cluster=(?,?)
  edge core.Hub0↔app9.M0 xings=8 cluster=(?,_louv_52)
  edge app1.M1↔app1.M11 xings=7 cluster=(?,_louv_6)
  edge app6.M0↔app6.M7 xings=6 cluster=(_louv_41,_louv_42)
  edge app1.M0↔app1.M12 xings=6 cluster=(_louv_5,_louv_12)
  edge app5.M10↔app5.M13 xings=4 cluster=(_louv_40,?)
  edge app11.M0↔app11.M4 xings=4 cluster=(?,_louv_23)
  edge app3.M0↔app3.M7 xings=4 cluster=(_louv_20,?)
[xings-hotspot] top cluster signatures:
  {?|_louv_1} xings=4
  {?|_louv_20|_louv_6} xings=3
  {?|_louv_12|_louv_20|_louv_5} xings=3
  {?|_louv_20} xings=3
  {?|_louv_0} xings=2
  {?|_louv_0|_louv_15} xings=2
  {?|_louv_0|_louv_27} xings=2
  {?|_louv_0|_louv_3} xings=2
[knot-min] Accepted 12 spatial swaps among 132 candidates.
[knot-min-2opt] Accepted 7 cross-targeted swaps.
[carrier-pre] 147 edges → 87 distinct carriers (cost-side filter).
[leaf-untangle] candidates=74, with-cross=29, moved=20, crossings-resolved=53.
[leaf-untangle] candidates=74, with-cross=18, moved=9, crossings-resolved=26.
[leaf-untangle] candidates=74, with-cross=15, moved=5, crossings-resolved=14.
[leaf-untangle] candidates=74, with-cross=13, moved=2, crossings-resolved=4.
[stuck-leaf-diag] 11 candidates with cost>0 (top 15 below):
  cost=6 deg=3 node=app3.M3 parent=app3.M0 nbrs={app3.M0,app3.M2,app4.M5}
  cost=3 deg=3 node=app9.M1 parent=app9.M0 nbrs={app9.M0,app9.M2,app8.M0}
  cost=3 deg=2 node=app11.M2 parent=app11.M0 nbrs={app11.M0,app7.M2}
  cost=2 deg=3 node=app6.M1 parent=app6.M0 nbrs={app6.M0,app6.M5,app11.M3}
  cost=1 deg=2 node=app1.M4 parent=app1.M6 nbrs={app1.M6,app1.M11}
  cost=1 deg=2 node=app3.M8 parent=app3.M0 nbrs={app3.M0,app3.M2}
  cost=1 deg=3 node=app4.M3 parent=app4.M0 nbrs={app4.M0,app4.M6,app2.M11}
  cost=1 deg=2 node=app7.M2 parent=app7.M9 nbrs={app7.M9,app11.M2}
  cost=1 deg=2 node=app7.M9 parent=app7.M0 nbrs={app7.M0,app7.M2}
  cost=1 deg=2 node=app9.M4 parent=app9.M0 nbrs={app9.M0,app10.M3}
  cost=1 deg=3 node=app10.M2 parent=app10.M0 nbrs={app10.M0,app10.M12,app3.M7}
[pd-knot] 37 polyline cross pairs, 2 resolved via endpoint swap.
[xings-detour] iters=1 initial-poly-pairs=33 accepted=0 (multi-seg, density-aware, polyline detect, iterative).
[visual-knot] 33→33 cross points, 1→1 hot cells (≥3), 1 handled, 0 swap accepted.
[leaf-untangle] candidates=74, with-cross=16, moved=3, crossings-resolved=8.
[leaf-untangle] candidates=74, with-cross=12, moved=1, crossings-resolved=1.
[leaf-untangle] candidates=74, with-cross=12, moved=0, crossings-resolved=0.
[stuck-leaf-diag] 12 candidates with cost>0 (top 15 below):
  cost=6 deg=3 node=app3.M3 parent=app3.M0 nbrs={app3.M0,app3.M2,app4.M5}
  cost=3 deg=3 node=app9.M1 parent=app9.M0 nbrs={app9.M0,app9.M2,app8.M0}
  cost=3 deg=2 node=app11.M2 parent=app11.M0 nbrs={app11.M0,app7.M2}
  cost=2 deg=3 node=app6.M1 parent=app6.M0 nbrs={app6.M0,app6.M5,app11.M3}
  cost=1 deg=2 node=app1.M4 parent=app1.M6 nbrs={app1.M6,app1.M11}
  cost=1 deg=2 node=app3.M8 parent=app3.M0 nbrs={app3.M0,app3.M2}
  cost=1 deg=3 node=app4.M3 parent=app4.M0 nbrs={app4.M0,app4.M6,app2.M11}
  cost=1 deg=2 node=app7.M2 parent=app7.M9 nbrs={app7.M9,app11.M2}
  cost=1 deg=2 node=app7.M9 parent=app7.M0 nbrs={app7.M0,app7.M2}
  cost=1 deg=2 node=app9.M4 parent=app9.M0 nbrs={app9.M0,app10.M3}
  cost=1 deg=3 node=app10.M2 parent=app10.M0 nbrs={app10.M0,app10.M12,app3.M7}
  cost=1 deg=2 node=app10.M6 parent=app10.M0 nbrs={app10.M0,app2.M8}
[isolated-stash] Stashed 16 edge-less nodes in 6-column strip at x>=61006.
[face-raster] grid 12762x7835 (cell 5.1x5.1 units), 273 faces, 99781037 bg cells (99.8% of grid)
  face #1: 76577338 cells (76.7%), bbox 12762x7835 @ (0,0)
  face #93: 2615647 cells (2.6%), bbox 2134x1816 @ (9570,3256)
  face #86: 1536446 cells (1.5%), bbox 3155x1630 @ (4043,2691)
  face #28: 1506388 cells (1.5%), bbox 2081x1596 @ (6131,263)
  face #75: 1502837 cells (1.5%), bbox 3747x1473 @ (4125,1860)
  face #248: 1369312 cells (1.4%), bbox 1713x1590 @ (9752,4861)
  face #189: 1304476 cells (1.3%), bbox 1567x3694 @ (8542,3944)
  face #79: 1300411 cells (1.3%), bbox 3682x663 @ (4066,2606)
[face-cohesion] 27 clusters analysed, 10 low-cohesion (<60% in dominant face)
  cohesion histogram:
     20%- 29%: 1 clusters
     30%- 39%: 2 clusters
     50%- 59%: 7 clusters
     60%- 69%: 4 clusters
     80%- 89%: 1 clusters
    100%-100%: 12 clusters
  top 10 low-cohesion clusters (largest first):
    _louv_43: 4 members, 2 in dominant face, 2 faces total (50%)
    _louv_32: 4 members, 2 in dominant face, 3 faces total (50%)
    _louv_27: 4 members, 1 in dominant face, 4 faces total (25%)
    _louv_20: 4 members, 2 in dominant face, 3 faces total (50%)
    _louv_5: 4 members, 2 in dominant face, 3 faces total (50%)
    _louv_1: 3 members, 1 in dominant face, 3 faces total (33%)
    _louv_12: 3 members, 1 in dominant face, 3 faces total (33%)
    _louv_52: 2 members, 1 in dominant face, 2 faces total (50%)
    _louv_16: 2 members, 1 in dominant face, 2 faces total (50%)
    _louv_3: 2 members, 1 in dominant face, 2 faces total (50%)
[face-density] 193 micro-faces (size<50), top 10 hot regions (macro 64x64 cells):
  region (127,3): 16 micro-faces, world (40170,163)-(40496,490)
  region (97,22): 15 micro-faces, world (30370,6370)-(30696,6697)
  region (96,22): 13 micro-faces, world (30043,6370)-(30370,6697)
  region (181,57): 10 micro-faces, world (57810,17804)-(58137,18131)
  region (132,52): 10 micro-faces, world (41803,16171)-(42130,16498)
  region (179,71): 10 micro-faces, world (57157,22378)-(57483,22705)
  region (181,59): 10 micro-faces, world (57810,18458)-(58137,18785)
  region (179,72): 9 micro-faces, world (57157,22705)-(57483,23032)
  region (181,60): 9 micro-faces, world (57810,18785)-(58137,19111)
  region (181,58): 9 micro-faces, world (57810,18131)-(58137,18458)
[face-ppm] Wrote /tmp/face-raster.ppm (3190x1958, downsampled from 12762x7835 by 4)
[face-untangle] 9 target clusters, 15 strays, 0 moved (poly cross 32 → 32, 0 fewer)
[stuck-leaf-2d] pass 1: 0 candidates, 0 moved, 0 cost units resolved.
[stuck-leaf-2d] 0 candidates, 0 moved, 0 cost units resolved (poly cross 32 → 32, 0 fewer)
[hot-region-sa] 0 hot cells (≥4 cross, 32 cross pts), top 0 processed, 0/0 swap accepted (cross 32 → 32, 0 fewer)
