[community] algorithm=louvain communities=64 meta=4
[hub-bias] Super-graph: pushed 2 high-deg cluster roots to 1.4x avgR.
[cg-time] 5ms post-hub-bias
[cg-time] 793ms pre-§10-outward-radial
[cg-time] 793ms pre-§11-compose
[cg-time] 793ms pre-§12-pruning-reattach
[cg-time] 793ms pre-§13-cluster-swap
[cg-time] 1037ms pre-§14-chain-straightening
[cg-time] 1038ms pre-§15-pruned-cross-min
[§15.5] Optimized 25 alone-root+independent nodes (5 moves).
[cg-time] 1041ms pre-bus-bundle
[bus-bundle] Created 2 bus bundles (4 members, sig ≥ 2 roots).
[xings-hotspot] total=224 xings across 106 offending edges (of 208)
  edge core.Hub0↔app9.M0 xings=20 cluster=(_louv_0,_louv_50)
  edge app4.M6↔app12.M4 xings=18 cluster=(?,?)
  edge app2.M0↔app5.M1 xings=17 cluster=(_louv_7,?)
  edge app0.M0↔app0.M6 xings=15 cluster=(_louv_1,_louv_5)
  edge app10.M0↔app10.M5 xings=14 cluster=(_louv_55,_louv_48)
  edge app10.M0↔app10.M7 xings=13 cluster=(_louv_55,?)
  edge app1.M0↔app1.M1 xings=13 cluster=(_louv_0,?)
  edge app3.M8↔app8.M5 xings=12 cluster=(?,?)
[xings-hotspot] top cluster signatures:
  {?|_louv_55} xings=7
  {?|_louv_57|_louv_7} xings=6
  {?|_louv_55|_louv_7} xings=6
  {?|_louv_0|_louv_50} xings=6
  {?|_louv_0|_louv_55} xings=5
  {?|_louv_0} xings=5
  {?|_louv_7} xings=5
  {?|_louv_27} xings=5
[bundle-clear] Pushed 1 nodes off bundle bboxes.
[knot-min] Accepted 31 spatial swaps among 154 candidates.
[carrier-pre] 211 edges → 126 distinct carriers (cost-side filter).
[leaf-untangle] candidates=94, with-cross=24, moved=21, crossings-resolved=75.
[leaf-untangle] candidates=94, with-cross=13, moved=4, crossings-resolved=7.
[leaf-untangle] candidates=94, with-cross=11, moved=2, crossings-resolved=5.
[leaf-untangle] candidates=94, with-cross=11, moved=0, crossings-resolved=0.
[stuck-leaf-diag] 17 candidates with cost>0 (top 15 below):
  cost=19 deg=3 node=app0.M5 parent=app0.M0 nbrs={app0.M0,app0.M6,app1.M0}
  cost=15 deg=3 node=app0.M3 parent=app7.M0 nbrs={app0.M0,app0.M7,app7.M0}
  cost=15 deg=2 node=app5.M7 parent=app5.M0 nbrs={app5.M0,app12.M1}
  cost=15 deg=2 node=app12.M1 parent=app12.M0 nbrs={app12.M0,app5.M7}
  cost=12 deg=3 node=app7.M4 parent=app7.M0 nbrs={app7.M0,app7.M10,app7.M9}
  cost=9 deg=1 node=app7.M2 parent=app7.M0 nbrs={app7.M0}
  cost=5 deg=2 node=app12.M12 parent=app12.M0 nbrs={app12.M0,app12.M4}
  cost=4 deg=3 node=app2.M3 parent=app2.M0 nbrs={app2.M0,app2.M1,app11.M3}
  cost=4 deg=2 node=app5.M9 parent=app4.M12 nbrs={app5.Note28,app4.M12}
  cost=3 deg=2 node=app9.M4 parent=app9.M0 nbrs={app9.M0,app9.M5}
  cost=3 deg=1 node=app7.Note22 parent=app7.M0 nbrs={app7.M0}
  cost=2 deg=2 node=app7.M3 parent=app2.M5 nbrs={app7.File31,app2.M5}
  cost=2 deg=2 node=app9.M8 parent=app9.M0 nbrs={app9.M0,app9.Tag32}
  cost=1 deg=3 node=app4.M8 parent=app4.M0 nbrs={app4.M0,app4.M9,app4.M3}
  cost=1 deg=2 node=app9.M5 parent=app7.M7 nbrs={app9.M4,app7.M7}
[pd-knot] 158 polyline cross pairs, 2 resolved via endpoint swap.
[xings-detour] iters=2 initial-poly-pairs=159 accepted=1 (multi-seg, density-aware, polyline detect, iterative).
[visual-knot] 155→155 cross points, 19→19 hot cells (≥3), 19 handled, 0 swap accepted.
[leaf-untangle] candidates=94, with-cross=15, moved=3, crossings-resolved=10.
[leaf-untangle] candidates=94, with-cross=15, moved=3, crossings-resolved=5.
[leaf-untangle] candidates=94, with-cross=13, moved=0, crossings-resolved=0.
[stuck-leaf-diag] 19 candidates with cost>0 (top 15 below):
  cost=19 deg=3 node=app0.M5 parent=app0.M0 nbrs={app0.M0,app0.M6,app1.M0}
  cost=15 deg=3 node=app0.M3 parent=app7.M0 nbrs={app0.M0,app0.M7,app7.M0}
  cost=15 deg=2 node=app5.M7 parent=app5.M0 nbrs={app5.M0,app12.M1}
  cost=15 deg=2 node=app12.M1 parent=app12.M0 nbrs={app12.M0,app5.M7}
  cost=12 deg=3 node=app7.M4 parent=app7.M0 nbrs={app7.M0,app7.M10,app7.M9}
  cost=9 deg=1 node=app7.M2 parent=app7.M0 nbrs={app7.M0}
  cost=5 deg=2 node=app12.M12 parent=app12.M0 nbrs={app12.M0,app12.M4}
  cost=4 deg=3 node=app2.M3 parent=app2.M0 nbrs={app2.M0,app2.M1,app11.M3}
  cost=3 deg=2 node=app9.M4 parent=app9.M0 nbrs={app9.M0,app9.M5}
  cost=3 deg=1 node=app7.Note22 parent=app7.M0 nbrs={app7.M0}
  cost=2 deg=2 node=app3.M3 parent=app3.M10 nbrs={app3.M10,app3.File10}
  cost=2 deg=3 node=app3.M10 parent=app3.M0 nbrs={app3.M0,app3.M4,app3.M3}
  cost=2 deg=2 node=app7.M3 parent=app2.M5 nbrs={app7.File31,app2.M5}
  cost=2 deg=2 node=app9.M8 parent=app9.M0 nbrs={app9.M0,app9.Tag32}
  cost=1 deg=3 node=app4.M8 parent=app4.M0 nbrs={app4.M0,app4.M9,app4.M3}
[carrier-cross] segment 157 -> carrier-grouped 127 (-19%). Carriers: 121 total (6 bundle + 77 cluster-pair + 38 individual).
[isolated-stash] Stashed 6 edge-less nodes in 6-column strip at x>=24585.
[face-raster] grid 5452x3262 (cell 5.0x5.0 units), 345 faces, 17613114 bg cells (99.0% of grid)
  face #1: 16011421 cells (90.9%), bbox 5452x3262 @ (0,0)
  face #338: 244383 cells (1.4%), bbox 889x737 @ (975,1341)
  face #4: 146900 cells (0.8%), bbox 1214x433 @ (1262,204)
  face #107: 58824 cells (0.3%), bbox 339x319 @ (1016,805)
  face #21: 55839 cells (0.3%), bbox 531x524 @ (227,437)
  face #25: 50210 cells (0.3%), bbox 446x267 @ (1775,463)
  face #18: 47474 cells (0.3%), bbox 659x303 @ (1748,277)
  face #132: 45597 cells (0.3%), bbox 359x313 @ (613,871)
[face-cohesion] 39 clusters analysed, 14 low-cohesion (<60% in dominant face)
  cohesion histogram:
     20%- 29%: 1 clusters
     30%- 39%: 6 clusters
     50%- 59%: 7 clusters
     60%- 69%: 8 clusters
     70%- 79%: 1 clusters
    100%-100%: 16 clusters
  top 10 low-cohesion clusters (largest first):
    _louv_7: 7 members, 2 in dominant face, 6 faces total (29%)
    _louv_47: 6 members, 2 in dominant face, 4 faces total (33%)
    _louv_59: 3 members, 1 in dominant face, 3 faces total (33%)
    _louv_48: 3 members, 1 in dominant face, 3 faces total (33%)
    _louv_1: 3 members, 1 in dominant face, 3 faces total (33%)
    _louv_20: 3 members, 1 in dominant face, 3 faces total (33%)
    _louv_0: 3 members, 1 in dominant face, 3 faces total (33%)
    _louv_55: 2 members, 1 in dominant face, 2 faces total (50%)
    _louv_52: 2 members, 1 in dominant face, 2 faces total (50%)
    _louv_38: 2 members, 1 in dominant face, 2 faces total (50%)
[face-density] 121 micro-faces (size<50), top 10 hot regions (macro 64x64 cells):
  region (20,17): 10 micro-faces, world (5827,5254)-(6147,5574)
  region (15,12): 10 micro-faces, world (4228,3654)-(4547,3974)
  region (30,20): 8 micro-faces, world (9027,6214)-(9347,6533)
  region (32,15): 7 micro-faces, world (9667,4614)-(9987,4934)
  region (13,20): 7 micro-faces, world (3588,6214)-(3908,6533)
  region (19,7): 6 micro-faces, world (5507,2054)-(5827,2374)
  region (24,10): 6 micro-faces, world (7107,3014)-(7427,3334)
  region (31,15): 6 micro-faces, world (9347,4614)-(9667,4934)
  region (38,3): 5 micro-faces, world (11587,775)-(11907,1095)
  region (26,14): 4 micro-faces, world (7747,4294)-(8067,4614)
[face-ppm] Wrote /tmp/face-raster.ppm (2726x1631, downsampled from 5452x3262 by 2)
[face-untangle] 14 target clusters, 23 strays, 0 moved (poly cross 154 → 154, 0 fewer)
[stuck-leaf-2d] pass 1: 2 candidates, 1 moved, 1 cost units resolved.
[stuck-leaf-2d] pass 2: 1 candidates, 0 moved, 0 cost units resolved.
[stuck-leaf-2d] 1 candidates, 1 moved → REVERTED (poly cross 154 → 157)
[hot-region-sa] 13 hot cells (≥4 cross, 157 cross pts), top 5 processed, 44/657 swap accepted (cross 157 → 156, 1 fewer)
