[community] algorithm=louvain communities=88 meta=3
[hub-bias] Super-graph: pushed 5 high-deg cluster roots to 1.4x avgR.
[cg-time] 7ms post-hub-bias
[cg-time] 3635ms pre-§10-outward-radial
[cg-time] 3635ms pre-§11-compose
[cg-time] 3635ms pre-§12-pruning-reattach
[cg-time] 3635ms pre-§13-cluster-swap
[cg-time] 3853ms pre-§14-chain-straightening
[cg-time] 3853ms pre-§15-pruned-cross-min
[§15.5] Optimized 49 alone-root+independent nodes (18 moves).
[cg-time] 3860ms pre-bus-bundle
[bus-bundle] Created 2 bus bundles (4 members, sig ≥ 2 roots).
[xings-hotspot] total=209 xings across 102 offending edges (of 257)
  edge app16.M1↔app16.M9 xings=16 cluster=(_louv_77,?)
  edge app12.M0↔app12.M7 xings=15 cluster=(?,?)
  edge app8.M0↔app8.M3 xings=15 cluster=(_louv_35,_louv_37)
  edge app16.M9↔app16.M13 xings=14 cluster=(?,_louv_77)
  edge app1.M3↔app1.M4 xings=12 cluster=(?,_louv_6)
  edge app12.M0↔app12.M2 xings=11 cluster=(?,?)
  edge app4.M1↔app5.M6 xings=11 cluster=(?,_louv_21)
  edge app5.M5↔app9.M2 xings=11 cluster=(?,?)
[xings-hotspot] top cluster signatures:
  {?} xings=15
  {?|_louv_9} xings=14
  {?|_louv_18} xings=10
  {?|_louv_6} xings=9
  {?|_louv_77} xings=7
  {?|_louv_3} xings=6
  {?|_louv_35|_louv_37} xings=6
  {?|_louv_34|_louv_9} xings=6
[knot-min] Accepted 46 spatial swaps among 218 candidates.
[knot-min-2opt] Accepted 2 cross-targeted swaps.
[carrier-pre] 264 edges → 147 distinct carriers (cost-side filter).
[leaf-untangle] candidates=130, with-cross=34, moved=29, crossings-resolved=92.
[leaf-untangle] candidates=130, with-cross=11, moved=3, crossings-resolved=5.
[leaf-untangle] candidates=130, with-cross=10, moved=1, crossings-resolved=3.
[leaf-untangle] candidates=130, with-cross=9, moved=0, crossings-resolved=0.
[stuck-leaf-diag] 15 candidates with cost>0 (top 15 below):
  cost=11 deg=3 node=app17.M10 parent=app17.M0 nbrs={app17.M0,app17.M7,app17.M1}
  cost=10 deg=2 node=app11.M10 parent=app11.M6 nbrs={app11.M3,app11.M6}
  cost=6 deg=1 node=app16.M14 parent=app16.M0 nbrs={app16.M0}
  cost=5 deg=2 node=app1.M6 parent=app1.M0 nbrs={app1.M0,app10.M2}
  cost=5 deg=2 node=app10.M2 parent=app10.M0 nbrs={app10.M0,app1.M6}
  cost=4 deg=2 node=app17.M4 parent=app17.M0 nbrs={app17.M0,app17.Tag30}
  cost=3 deg=2 node=app16.M1 parent=app16.M13 nbrs={app16.M13,app16.M9}
  cost=3 deg=2 node=app16.M3 parent=app16.M0 nbrs={app16.M0,app16.Log6}
  cost=3 deg=1 node=app16.M10 parent=app16.M0 nbrs={app16.M0}
  cost=2 deg=2 node=app7.M13 parent=app7.M0 nbrs={app7.M0,app10.M4}
  cost=1 deg=3 node=app1.M2 parent=app7.M0 nbrs={app1.File43,app7.M0,app7.M11}
  cost=1 deg=1 node=app5.M2 parent=app5.M0 nbrs={app5.M0}
  cost=1 deg=2 node=app10.M4 parent=app10.M1 nbrs={app10.M1,app7.M13}
  cost=1 deg=2 node=app17.M5 parent=app17.M0 nbrs={app17.M0,app14.M6}
  cost=1 deg=1 node=app4.Log42 parent=app4.M2 nbrs={app4.M2}
[pd-knot] 122 polyline cross pairs, 3 resolved via endpoint swap.
[xings-detour] iters=2 initial-poly-pairs=135 accepted=12 (multi-seg, density-aware, polyline detect, iterative).
[visual-knot] 114→114 cross points, 10→10 hot cells (≥3), 10 handled, 0 swap accepted.
[leaf-untangle] candidates=130, with-cross=14, moved=4, crossings-resolved=10.
[leaf-untangle] candidates=130, with-cross=10, moved=0, crossings-resolved=0.
[stuck-leaf-diag] 18 candidates with cost>0 (top 15 below):
  cost=13 deg=3 node=app17.M10 parent=app17.M0 nbrs={app17.M0,app17.M7,app17.M1}
  cost=10 deg=2 node=app11.M10 parent=app11.M6 nbrs={app11.M3,app11.M6}
  cost=6 deg=1 node=app16.M14 parent=app16.M0 nbrs={app16.M0}
  cost=5 deg=2 node=app1.M6 parent=app1.M0 nbrs={app1.M0,app10.M2}
  cost=5 deg=2 node=app10.M2 parent=app10.M0 nbrs={app10.M0,app1.M6}
  cost=3 deg=2 node=app16.M1 parent=app16.M13 nbrs={app16.M13,app16.M9}
  cost=3 deg=2 node=app16.M3 parent=app16.M0 nbrs={app16.M0,app16.Log6}
  cost=3 deg=1 node=app16.M10 parent=app16.M0 nbrs={app16.M0}
  cost=3 deg=2 node=app17.M4 parent=app17.M0 nbrs={app17.M0,app17.Tag30}
  cost=3 deg=2 node=app17.M11 parent=app17.M0 nbrs={app17.M0,app17.M2}
  cost=2 deg=2 node=app7.M13 parent=app7.M0 nbrs={app7.M0,app10.M4}
  cost=1 deg=3 node=app1.M2 parent=app7.M0 nbrs={app1.File43,app7.M0,app7.M11}
  cost=1 deg=2 node=app6.M3 parent=app6.M1 nbrs={app6.M1,app6.Asset5}
  cost=1 deg=2 node=app10.M4 parent=app10.M1 nbrs={app10.M1,app7.M13}
  cost=1 deg=1 node=app17.M6 parent=app17.M0 nbrs={app17.M0}
[carrier-cross] segment 116 -> carrier-grouped 93 (-20%). Carriers: 152 total (5 bundle + 94 cluster-pair + 53 individual).
[isolated-stash] Stashed 9 edge-less nodes in 6-column strip at x>=19193.
[face-raster] grid 4334x4139 (cell 5.0x5.0 units), 506 faces, 17731242 bg cells (98.8% of grid)
  face #1: 12990784 cells (73.3%), bbox 4334x4139 @ (0,0)
  face #2: 2224954 cells (12.5%), bbox 2626x1920 @ (1210,111)
  face #390: 354874 cells (2.0%), bbox 1139x975 @ (372,2491)
  face #3: 314801 cells (1.8%), bbox 663x982 @ (553,1033)
  face #330: 286103 cells (1.6%), bbox 1006x671 @ (1288,2387)
  face #123: 217057 cells (1.2%), bbox 440x788 @ (1875,2033)
  face #6: 130269 cells (0.7%), bbox 162x952 @ (1207,1068)
  face #109: 126194 cells (0.7%), bbox 492x819 @ (609,1978)
[face-cohesion] 53 clusters analysed, 18 low-cohesion (<60% in dominant face)
  cohesion histogram:
     20%- 29%: 1 clusters
     30%- 39%: 2 clusters
     40%- 49%: 1 clusters
     50%- 59%: 14 clusters
     60%- 69%: 8 clusters
     70%- 79%: 1 clusters
     80%- 89%: 1 clusters
    100%-100%: 25 clusters
  top 10 low-cohesion clusters (largest first):
    _louv_48: 6 members, 3 in dominant face, 3 faces total (50%)
    _louv_35: 6 members, 2 in dominant face, 5 faces total (33%)
    _louv_71: 5 members, 2 in dominant face, 4 faces total (40%)
    _louv_77: 4 members, 1 in dominant face, 4 faces total (25%)
    _louv_5: 4 members, 2 in dominant face, 3 faces total (50%)
    _louv_45: 3 members, 1 in dominant face, 3 faces total (33%)
    _louv_86: 2 members, 1 in dominant face, 2 faces total (50%)
    _louv_84: 2 members, 1 in dominant face, 2 faces total (50%)
    _louv_79: 2 members, 1 in dominant face, 2 faces total (50%)
    _louv_46: 2 members, 1 in dominant face, 2 faces total (50%)
[face-density] 300 micro-faces (size<50), top 10 hot regions (macro 64x64 cells):
  region (7,53): 26 micro-faces, world (1775,14150)-(2095,14470)
  region (35,28): 23 micro-faces, world (10735,6151)-(11055,6471)
  region (32,22): 15 micro-faces, world (9775,4231)-(10095,4551)
  region (13,40): 15 micro-faces, world (3695,9990)-(4015,10310)
  region (21,34): 14 micro-faces, world (6255,8071)-(6575,8391)
  region (34,27): 12 micro-faces, world (10415,5831)-(10735,6151)
  region (26,36): 11 micro-faces, world (7855,8710)-(8175,9030)
  region (24,31): 11 micro-faces, world (7215,7111)-(7535,7431)
  region (19,33): 10 micro-faces, world (5615,7751)-(5935,8071)
  region (14,35): 10 micro-faces, world (4015,8391)-(4335,8710)
[face-ppm] Wrote /tmp/face-raster.ppm (2167x2069, downsampled from 4334x4139 by 2)
[face-untangle] 18 target clusters, 28 strays, 0 moved (poly cross 112 → 112, 0 fewer)
[stuck-leaf-2d] pass 1: 4 candidates, 2 moved, 2 cost units resolved.
[stuck-leaf-2d] pass 2: 2 candidates, 0 moved, 0 cost units resolved.
[stuck-leaf-2d] 2 candidates, 2 moved → REVERTED (poly cross 112 → 113)
[hot-region-sa] 9 hot cells (≥4 cross), top 5 processed, 26/909 swap accepted → REVERTED (cross 121 → 125)
