[community] algorithm=louvain communities=91 meta=4
[hub-bias] Super-graph: pushed 9 high-deg cluster roots to 1.4x avgR.
[cg-time] 7ms post-hub-bias
[cg-time] 293ms pre-§10-outward-radial
[cg-time] 293ms pre-§11-compose
[cg-time] 293ms pre-§12-pruning-reattach
[cg-time] 293ms pre-§13-cluster-swap
[cg-time] 1050ms pre-§14-chain-straightening
[cg-time] 1051ms pre-§15-pruned-cross-min
[§15.5] Optimized 24 alone-root+independent nodes (11 moves).
[cg-time] 1055ms pre-bus-bundle
[bus-bundle] Created 2 bus bundles (4 members, sig ≥ 2 roots).
[xings-hotspot] total=420 xings across 154 offending edges (of 284)
  edge app3.M3↔app13.M3 xings=30 cluster=(?,?)
  edge app11.M0↔app13.M0 xings=23 cluster=(_louv_72,?)
  edge app0.M6↔app9.M5 xings=23 cluster=(?,?)
  edge core.Hub0↔app17.M0 xings=21 cluster=(_louv_0,_louv_75)
  edge app13.M0↔app13.M3 xings=20 cluster=(?,?)
  edge app4.M11↔app8.M8 xings=19 cluster=(_louv_28,_louv_56)
  edge app7.M4↔app13.M0 xings=19 cluster=(?,?)
  edge core.Hub0↔app3.M0 xings=19 cluster=(_louv_0,_louv_23)
[xings-hotspot] top cluster signatures:
  {?} xings=14
  {?|_louv_48} xings=10
  {?|_louv_20} xings=7
  {?|_louv_28|_louv_56} xings=5
  {?|_louv_12} xings=5
  {?|_louv_0|_louv_75} xings=4
  {?|_louv_1|_louv_2} xings=4
  {?|_louv_1|_louv_20} xings=4
[knot-min] Accepted 105 spatial swaps among 216 candidates.
[knot-min-2opt] Accepted 6 cross-targeted swaps.
[carrier-pre] 290 edges → 183 distinct carriers (cost-side filter).
[leaf-untangle] candidates=114, with-cross=49, moved=38, crossings-resolved=132.
[leaf-untangle] candidates=114, with-cross=25, moved=6, crossings-resolved=12.
[leaf-untangle] candidates=114, with-cross=22, moved=1, crossings-resolved=3.
[leaf-untangle] candidates=114, with-cross=22, moved=0, crossings-resolved=0.
[stuck-leaf-diag] 26 candidates with cost>0 (top 15 below):
  cost=14 deg=3 node=app9.M3 parent=app9.M0 nbrs={app9.M0,app9.M6,app18.M4}
  cost=12 deg=2 node=app3.M1 parent=app3.M0 nbrs={app3.M0,app12.M0}
  cost=12 deg=3 node=app7.M6 parent=app7.M0 nbrs={app7.M0,app7.M4,app12.M0}
  cost=9 deg=3 node=app3.M8 parent=app3.M0 nbrs={app3.M0,app3.M14,app15.M2}
  cost=6 deg=3 node=app14.M5 parent=app14.M0 nbrs={app14.M0,app14.M2,app0.M2}
  cost=6 deg=3 node=app0.M1 parent=app0.M0 nbrs={app0.M0,app0.M8,app4.M8}
  cost=6 deg=3 node=app8.M3 parent=app8.M0 nbrs={app8.M0,app8.M1,app13.M2}
  cost=5 deg=1 node=app1.File14 parent=app1.M8 nbrs={app1.M8}
  cost=5 deg=3 node=app4.M8 parent=app4.M0 nbrs={app4.M0,app4.M1,app0.M1}
  cost=5 deg=2 node=app10.M6 parent=app10.M0 nbrs={app10.M0,app19.M7}
  cost=4 deg=2 node=app4.M9 parent=app4.M0 nbrs={app4.M0,app18.M9}
  cost=3 deg=3 node=app3.M4 parent=app3.M0 nbrs={app3.M0,app3.M2,app3.Address22}
  cost=3 deg=1 node=app1.M3 parent=app1.M0 nbrs={app1.M0}
  cost=3 deg=3 node=app0.M8 parent=app0.M0 nbrs={app0.M0,app0.M1,app14.M2}
  cost=3 deg=2 node=app8.M9 parent=app16.M3 nbrs={app8.M7,app16.M3}
[pd-knot] 258 polyline cross pairs, 1 resolved via endpoint swap.
[xings-detour] iters=2 initial-poly-pairs=274 accepted=6 (multi-seg, density-aware, polyline detect, iterative).
[visual-knot] 263→261 cross points, 17→16 hot cells (≥3), 33 handled, 1 swap accepted.
[leaf-untangle] candidates=114, with-cross=20, moved=0, crossings-resolved=0.
[stuck-leaf-diag] 24 candidates with cost>0 (top 15 below):
  cost=14 deg=3 node=app9.M3 parent=app9.M0 nbrs={app9.M0,app9.M6,app18.M4}
  cost=12 deg=3 node=app7.M6 parent=app7.M0 nbrs={app7.M0,app7.M4,app12.M0}
  cost=12 deg=2 node=app3.M1 parent=app3.M0 nbrs={app3.M0,app12.M0}
  cost=9 deg=3 node=app3.M8 parent=app3.M0 nbrs={app3.M0,app3.M14,app15.M2}
  cost=6 deg=3 node=app14.M5 parent=app14.M0 nbrs={app14.M0,app14.M2,app0.M2}
  cost=6 deg=3 node=app8.M3 parent=app8.M0 nbrs={app8.M0,app8.M1,app13.M2}
  cost=5 deg=1 node=app1.File14 parent=app1.M8 nbrs={app1.M8}
  cost=5 deg=3 node=app4.M8 parent=app4.M0 nbrs={app4.M0,app4.M1,app0.M1}
  cost=5 deg=3 node=app0.M1 parent=app0.M0 nbrs={app0.M0,app0.M8,app4.M8}
  cost=5 deg=2 node=app10.M6 parent=app10.M0 nbrs={app10.M0,app19.M7}
  cost=4 deg=2 node=app4.M9 parent=app4.M0 nbrs={app4.M0,app18.M9}
  cost=4 deg=3 node=app0.M8 parent=app0.M0 nbrs={app0.M0,app0.M1,app14.M2}
  cost=3 deg=3 node=app3.M4 parent=app3.M0 nbrs={app3.M0,app3.M2,app3.Address22}
  cost=3 deg=1 node=app1.M3 parent=app1.M0 nbrs={app1.M0}
  cost=3 deg=3 node=app12.M1 parent=app12.M0 nbrs={app12.M0,app12.M2,app2.M1}
[carrier-cross] segment 264 -> carrier-grouped 244 (-8%). Carriers: 184 total (4 bundle + 133 cluster-pair + 47 individual).
[isolated-stash] Stashed 16 edge-less nodes in 6-column strip at x>=21753.
[face-raster] grid 4868x4305 (cell 5.0x5.0 units), 967 faces, 20694040 bg cells (98.7% of grid)
  face #1: 13054572 cells (63.1%), bbox 4868x4305 @ (0,0)
  face #41: 2289605 cells (11.1%), bbox 1362x3186 @ (2471,912)
  face #66: 380283 cells (1.8%), bbox 1231x1598 @ (214,976)
  face #22: 230952 cells (1.1%), bbox 649x1623 @ (2990,501)
  face #4: 201066 cells (1.0%), bbox 785x486 @ (3252,113)
  face #889: 198859 cells (1.0%), bbox 510x1053 @ (1960,2921)
  face #38: 190032 cells (0.9%), bbox 469x887 @ (3002,609)
  face #805: 174014 cells (0.8%), bbox 898x1513 @ (1600,2677)
[face-cohesion] 48 clusters analysed, 28 low-cohesion (<60% in dominant face)
  cohesion histogram:
     20%- 29%: 4 clusters
     30%- 39%: 4 clusters
     50%- 59%: 20 clusters
     60%- 69%: 3 clusters
     70%- 79%: 1 clusters
     80%- 89%: 1 clusters
    100%-100%: 15 clusters
  top 10 low-cohesion clusters (largest first):
    _louv_38: 7 members, 4 in dominant face, 3 faces total (57%)
    _louv_23: 5 members, 1 in dominant face, 5 faces total (20%)
    _louv_75: 5 members, 1 in dominant face, 5 faces total (20%)
    _louv_48: 5 members, 1 in dominant face, 5 faces total (20%)
    _louv_12: 4 members, 1 in dominant face, 4 faces total (25%)
    _louv_2: 4 members, 2 in dominant face, 3 faces total (50%)
    _louv_27: 3 members, 1 in dominant face, 3 faces total (33%)
    _louv_62: 3 members, 1 in dominant face, 3 faces total (33%)
    _louv_88: 3 members, 1 in dominant face, 3 faces total (33%)
    _louv_52: 3 members, 1 in dominant face, 3 faces total (33%)
[face-density] 583 micro-faces (size<50), top 10 hot regions (macro 64x64 cells):
  region (19,18): 32 micro-faces, world (5564,5297)-(5884,5617)
  region (18,17): 31 micro-faces, world (5244,4977)-(5564,5297)
  region (17,16): 30 micro-faces, world (4924,4657)-(5244,4977)
  region (20,19): 26 micro-faces, world (5884,5617)-(6204,5937)
  region (19,17): 26 micro-faces, world (5564,4977)-(5884,5297)
  region (16,15): 22 micro-faces, world (4604,4337)-(4924,4657)
  region (22,37): 20 micro-faces, world (6524,11376)-(6844,11696)
  region (18,16): 20 micro-faces, world (5244,4657)-(5564,4977)
  region (30,42): 20 micro-faces, world (9083,12976)-(9403,13296)
  region (40,30): 18 micro-faces, world (12283,9136)-(12603,9456)
[face-ppm] Wrote /tmp/face-raster.ppm (2434x2152, downsampled from 4868x4305 by 2)
[face-untangle] 24 target clusters, 31 strays, 1 moved (poly cross 261 → 260, 1 fewer)
[stuck-leaf-2d] pass 1: 2 candidates, 1 moved, 1 cost units resolved.
[stuck-leaf-2d] pass 2: 1 candidates, 0 moved, 0 cost units resolved.
[stuck-leaf-2d] 1 candidates, 1 moved, 1 cost units resolved (poly cross 260 → 259, 1 fewer)
[hot-region-sa] 19 hot cells (≥4 cross, 259 cross pts), top 5 processed, 18/562 swap accepted (cross 259 → 259, 0 fewer)
