[community] algorithm=louvain communities=24 meta=3
[hub-bias] Super-graph: pushed 3 high-deg cluster roots to 1.4x avgR.
[cg-time] 2ms post-hub-bias
[cg-time] 2ms pre-§10-outward-radial
[cg-time] 2ms pre-§11-compose
[cg-time] 2ms pre-§12-pruning-reattach
[cg-time] 2ms pre-§13-cluster-swap
[cg-time] 6ms pre-§14-chain-straightening
[cg-time] 6ms pre-§15-pruned-cross-min
[§15.5] Optimized 8 alone-root+independent nodes (0 moves).
[cg-time] 6ms pre-bus-bundle
[xings-hotspot] total=8 xings across 10 offending edges (of 100)
  edge app2.M0↔app3.M0 xings=4 cluster=(_louv_9,_louv_18)
  edge app2.M6↔app4.M3 xings=2 cluster=(?,?)
  edge app2.M7↔app4.M0 xings=2 cluster=(?,_louv_16)
  edge app4.M0↔app4.M4 xings=2 cluster=(_louv_16,?)
  edge app0.M2↔app5.M0 xings=1 cluster=(?,?)
  edge app1.M3↔app2.M6 xings=1 cluster=(_louv_6,?)
  edge app2.M0↔app2.M8 xings=1 cluster=(_louv_9,?)
  edge app3.M0↔app3.M2 xings=1 cluster=(_louv_18,_louv_19)
[xings-hotspot] top cluster signatures:
  {?|_louv_16|_louv_18|_louv_9} xings=3
  {?|_louv_16} xings=1
  {?|_louv_16|_louv_9} xings=1
  {?|_louv_18|_louv_19|_louv_6} xings=1
  {?|_louv_18|_louv_9} xings=1
  {?|_louv_21} xings=1
[knot-min] Accepted 3 spatial swaps among 81 candidates.
[carrier-pre] 102 edges → 42 distinct carriers (cost-side filter).
[leaf-untangle] candidates=56, with-cross=21, moved=20, crossings-resolved=72.
[leaf-untangle] candidates=56, with-cross=3, moved=2, crossings-resolved=6.
[leaf-untangle] candidates=56, with-cross=2, moved=1, crossings-resolved=3.
[leaf-untangle] candidates=56, with-cross=1, moved=0, crossings-resolved=0.
[stuck-leaf-diag] 2 candidates with cost>0 (top 15 below):
  cost=7 deg=3 node=app0.M2 parent=app0.M0 nbrs={app0.M0,app5.M0,app5.M1}
  cost=1 deg=2 node=app2.M7 parent=app2.M0 nbrs={app2.M0,app4.M0}
[pd-knot] 9 polyline cross pairs, 1 resolved via endpoint swap.
[xings-detour] iters=1 initial-poly-pairs=7 accepted=0 (multi-seg, density-aware, polyline detect, iterative).
[visual-knot] 6→6 cross points, 0→0 hot cells (≥3), 0 handled, 0 swap accepted.
[leaf-untangle] candidates=56, with-cross=3, moved=2, crossings-resolved=9.
[leaf-untangle] candidates=56, with-cross=2, moved=1, crossings-resolved=3.
[leaf-untangle] candidates=56, with-cross=1, moved=0, crossings-resolved=0.
[stuck-leaf-diag] 2 candidates with cost>0 (top 15 below):
  cost=7 deg=3 node=app0.M2 parent=app0.M0 nbrs={app0.M0,app5.M0,app5.M1}
  cost=1 deg=2 node=app2.M7 parent=app2.M0 nbrs={app2.M0,app4.M0}
[carrier-cross] segment 7 -> carrier-grouped 6 (-14%). Carriers: 43 total (2 bundle + 25 cluster-pair + 16 individual).
[isolated-stash] Stashed 1 edge-less nodes in 6-column strip at x>=7473.
[face-raster] grid 1682x1191 (cell 5.0x5.0 units), 82 faces, 1934376 bg cells (96.6% of grid)
  face #1: 1577125 cells (81.5%), bbox 1682x1191 @ (0,0)
  face #57: 112374 cells (5.8%), bbox 816x226 @ (491,728)
  face #5: 102267 cells (5.3%), bbox 922x413 @ (416,101)
  face #3: 50097 cells (2.6%), bbox 968x111 @ (366,98)
  face #52: 31028 cells (1.6%), bbox 323x182 @ (444,574)
  face #48: 12104 cells (0.6%), bbox 366x90 @ (429,196)
  face #40: 11516 cells (0.6%), bbox 457x77 @ (362,177)
  face #51: 8545 cells (0.4%), bbox 113x228 @ (435,517)
[face-cohesion] 18 clusters analysed, 2 low-cohesion (<60% in dominant face)
  cohesion histogram:
     50%- 59%: 2 clusters
     60%- 69%: 4 clusters
     70%- 79%: 1 clusters
     80%- 89%: 5 clusters
    100%-100%: 6 clusters
  top 2 low-cohesion clusters (largest first):
    _louv_3: 9 members, 5 in dominant face, 4 faces total (56%)
    _louv_16: 2 members, 1 in dominant face, 2 faces total (50%)
[face-density] 43 micro-faces (size<50), top 10 hot regions (macro 64x64 cells):
  region (19,1): 18 micro-faces, world (5552,251)-(5872,571)
  region (18,1): 8 micro-faces, world (5232,251)-(5552,571)
  region (12,2): 2 micro-faces, world (3313,571)-(3632,891)
  region (6,12): 2 micro-faces, world (1393,3771)-(1713,4091)
  region (7,13): 2 micro-faces, world (1713,4091)-(2033,4411)
  region (23,1): 1 micro-faces, world (6831,251)-(7151,571)
  region (5,2): 1 micro-faces, world (1074,571)-(1393,891)
  region (11,2): 1 micro-faces, world (2993,571)-(3313,891)
  region (12,3): 1 micro-faces, world (3313,891)-(3632,1211)
  region (9,4): 1 micro-faces, world (2353,1211)-(2673,1531)
[face-ppm] Wrote /tmp/face-raster.ppm (1682x1191, downsampled from 1682x1191 by 1)
[face-untangle] 2 target clusters, 5 strays, 0 moved (poly cross 6 → 6, 0 fewer)
[stuck-leaf-2d] pass 1: 0 candidates, 0 moved, 0 cost units resolved.
[stuck-leaf-2d] 0 candidates, 0 moved, 0 cost units resolved (poly cross 6 → 6, 0 fewer)
[hot-region-sa] 0 hot cells (≥4 cross, 6 cross pts), top 0 processed, 0/0 swap accepted (cross 6 → 6, 0 fewer)
