[community] algorithm=louvain communities=55 meta=4
[hub-bias] Super-graph: pushed 3 high-deg cluster roots to 1.4x avgR.
[cg-time] 2ms post-hub-bias
[cg-time] 4ms pre-§10-outward-radial
[cg-time] 4ms pre-§11-compose
[cg-time] 4ms pre-§12-pruning-reattach
[cg-time] 4ms pre-§13-cluster-swap
[cg-time] 49ms pre-§14-chain-straightening
[cg-time] 49ms pre-§15-pruned-cross-min
[§15.5] Optimized 13 alone-root+independent nodes (4 moves).
[cg-time] 50ms pre-bus-bundle
[xings-hotspot] total=75 xings across 49 offending edges (of 146)
  edge app5.M7↔app7.M0 xings=15 cluster=(?,?)
  edge app8.M0↔app8.M12 xings=10 cluster=(_louv_40,?)
  edge app2.M8↔app5.M7 xings=10 cluster=(_louv_20,?)
  edge app0.M3↔app11.M12 xings=8 cluster=(?,?)
  edge app2.M1↔app6.M6 xings=6 cluster=(_louv_17,?)
  edge app8.M4↔app8.M5 xings=6 cluster=(?,?)
  edge app6.M10↔app11.M8 xings=6 cluster=(?,?)
  edge app1.M3↔app1.M10 xings=6 cluster=(_louv_11,?)
[xings-hotspot] top cluster signatures:
  {?|_louv_30} xings=6
  {?|_louv_40} xings=5
  {?|_louv_26} xings=5
  {?|_louv_20|_louv_40} xings=4
  {?|_louv_11|_louv_26} xings=3
  {?|_louv_30|_louv_40} xings=3
  {?} xings=2
  {?|_louv_29} xings=2
[knot-min] Accepted 38 spatial swaps among 121 candidates.
[knot-min-2opt] Accepted 1 cross-targeted swaps.
[carrier-pre] 149 edges → 87 distinct carriers (cost-side filter).
[leaf-untangle] candidates=79, with-cross=33, moved=26, crossings-resolved=78.
[leaf-untangle] candidates=79, with-cross=24, moved=7, crossings-resolved=13.
[leaf-untangle] candidates=79, with-cross=19, moved=4, crossings-resolved=4.
[leaf-untangle] candidates=79, with-cross=20, moved=2, crossings-resolved=4.
[stuck-leaf-diag] 25 candidates with cost>0 (top 15 below):
  cost=7 deg=2 node=app2.M1 parent=app2.M0 nbrs={app2.M0,app6.M6}
  cost=6 deg=2 node=app0.M11 parent=app0.M0 nbrs={app0.M0,app0.M14}
  cost=4 deg=2 node=app0.M13 parent=app0.M0 nbrs={app0.M0,app0.M1}
  cost=4 deg=2 node=app4.M0 parent=app4.M1 nbrs={app4.M1,app8.M12}
  cost=4 deg=2 node=app8.M12 parent=app8.M0 nbrs={app8.M0,app4.M0}
  cost=3 deg=3 node=app8.M14 parent=app8.M0 nbrs={app8.M0,app8.M1,app1.M7}
  cost=3 deg=2 node=app0.M14 parent=app0.M0 nbrs={app0.M0,app0.M11}
  cost=3 deg=2 node=app11.M1 parent=app11.M0 nbrs={app11.M0,app11.M10}
  cost=3 deg=1 node=app10.M8 parent=app10.M0 nbrs={app10.M0}
  cost=3 deg=1 node=app6.M1 parent=app6.M0 nbrs={app6.M0}
  cost=3 deg=2 node=app6.M6 parent=app6.M0 nbrs={app6.M0,app2.M1}
  cost=3 deg=2 node=app7.M4 parent=app7.M0 nbrs={app7.M0,app10.M3}
  cost=3 deg=2 node=app10.M3 parent=app10.M0 nbrs={app10.M0,app7.M4}
  cost=2 deg=2 node=app4.M2 parent=app4.M1 nbrs={app4.M1,app11.M2}
  cost=2 deg=2 node=app10.M7 parent=app10.M0 nbrs={app10.M0,app10.M6}
[pd-knot] 25 polyline cross pairs, 2 resolved via endpoint swap.
[xings-detour] iters=2 initial-poly-pairs=23 accepted=2 (multi-seg, density-aware, polyline detect, iterative).
[visual-knot] 21→21 cross points, 1→1 hot cells (≥3), 1 handled, 0 swap accepted.
[leaf-untangle] candidates=79, with-cross=17, moved=4, crossings-resolved=11.
[leaf-untangle] candidates=79, with-cross=15, moved=0, crossings-resolved=0.
[stuck-leaf-diag] 19 candidates with cost>0 (top 15 below):
  cost=7 deg=2 node=app2.M1 parent=app2.M0 nbrs={app2.M0,app6.M6}
  cost=6 deg=2 node=app0.M11 parent=app0.M0 nbrs={app0.M0,app0.M14}
  cost=4 deg=2 node=app0.M13 parent=app0.M0 nbrs={app0.M0,app0.M1}
  cost=4 deg=2 node=app4.M0 parent=app4.M1 nbrs={app4.M1,app8.M12}
  cost=4 deg=2 node=app8.M12 parent=app8.M0 nbrs={app8.M0,app4.M0}
  cost=3 deg=2 node=app0.M14 parent=app0.M0 nbrs={app0.M0,app0.M11}
  cost=3 deg=2 node=app6.M6 parent=app6.M0 nbrs={app6.M0,app2.M1}
  cost=3 deg=3 node=app8.M14 parent=app8.M0 nbrs={app8.M0,app8.M1,app1.M7}
  cost=3 deg=2 node=app10.M3 parent=app10.M0 nbrs={app10.M0,app7.M4}
  cost=3 deg=2 node=app11.M1 parent=app11.M0 nbrs={app11.M0,app11.M10}
  cost=2 deg=2 node=app4.M2 parent=app4.M1 nbrs={app4.M1,app11.M2}
  cost=2 deg=3 node=app8.M3 parent=app8.M0 nbrs={app8.M0,app8.M6,app8.M4}
  cost=1 deg=2 node=app0.M9 parent=app0.M10 nbrs={app0.M10,app8.M11}
  cost=1 deg=2 node=app1.M2 parent=app1.M12 nbrs={app1.M12,app1.M8}
  cost=1 deg=2 node=app5.M1 parent=app5.M0 nbrs={app5.M0,app5.M7}
[carrier-cross] segment 21 -> carrier-grouped 18 (-14%). Carriers: 88 total (2 bundle + 53 cluster-pair + 33 individual).
[isolated-stash] Stashed 10 edge-less nodes in 6-column strip at x>=14887.
[face-raster] grid 3440x2502 (cell 5.0x5.0 units), 155 faces, 8478486 bg cells (98.5% of grid)
  face #1: 6269842 cells (74.0%), bbox 3440x2502 @ (0,0)
  face #8: 659282 cells (7.8%), bbox 1606x1671 @ (716,135)
  face #19: 586520 cells (6.9%), bbox 889x1349 @ (703,167)
  face #93: 153572 cells (1.8%), bbox 506x837 @ (482,1244)
  face #92: 136494 cells (1.6%), bbox 581x1204 @ (424,1226)
  face #29: 96054 cells (1.1%), bbox 388x970 @ (489,679)
  face #89: 93052 cells (1.1%), bbox 355x550 @ (126,1046)
  face #41: 78852 cells (0.9%), bbox 249x764 @ (602,754)
[face-cohesion] 31 clusters analysed, 12 low-cohesion (<60% in dominant face)
  cohesion histogram:
     30%- 39%: 3 clusters
     40%- 49%: 1 clusters
     50%- 59%: 8 clusters
     60%- 69%: 3 clusters
    100%-100%: 16 clusters
  top 10 low-cohesion clusters (largest first):
    _louv_8: 5 members, 2 in dominant face, 3 faces total (40%)
    _louv_40: 4 members, 2 in dominant face, 3 faces total (50%)
    _louv_30: 4 members, 2 in dominant face, 2 faces total (50%)
    _louv_10: 3 members, 1 in dominant face, 3 faces total (33%)
    _louv_0: 3 members, 1 in dominant face, 3 faces total (33%)
    _louv_6: 3 members, 1 in dominant face, 3 faces total (33%)
    _louv_54: 2 members, 1 in dominant face, 2 faces total (50%)
    _louv_49: 2 members, 1 in dominant face, 2 faces total (50%)
    _louv_41: 2 members, 1 in dominant face, 2 faces total (50%)
    _louv_38: 2 members, 1 in dominant face, 2 faces total (50%)
[face-density] 81 micro-faces (size<50), top 10 hot regions (macro 64x64 cells):
  region (13,24): 13 micro-faces, world (3780,7390)-(4100,7710)
  region (2,2): 9 micro-faces, world (261,351)-(581,671)
  region (14,37): 7 micro-faces, world (4100,11549)-(4420,11869)
  region (17,6): 6 micro-faces, world (5060,1631)-(5380,1951)
  region (8,14): 5 micro-faces, world (2181,4190)-(2501,4510)
  region (6,11): 5 micro-faces, world (1541,3231)-(1861,3551)
  region (7,13): 5 micro-faces, world (1861,3870)-(2181,4190)
  region (17,24): 5 micro-faces, world (5060,7390)-(5380,7710)
  region (13,25): 4 micro-faces, world (3780,7710)-(4100,8030)
  region (9,11): 3 micro-faces, world (2501,3231)-(2821,3551)
[face-ppm] Wrote /tmp/face-raster.ppm (3440x2502, downsampled from 3440x2502 by 1)
[face-untangle] 12 target clusters, 19 strays, 1 moved (poly cross 21 → 20, 1 fewer)
[stuck-leaf-2d] pass 1: 0 candidates, 0 moved, 0 cost units resolved.
[stuck-leaf-2d] 0 candidates, 0 moved, 0 cost units resolved (poly cross 20 → 20, 0 fewer)
[hot-region-sa] 0 hot cells (≥4 cross, 20 cross pts), top 0 processed, 0/0 swap accepted (cross 20 → 20, 0 fewer)
