[community] algorithm=louvain communities=78 meta=3
[hub-bias] Super-graph: pushed 8 high-deg cluster roots to 1.4x avgR.
[cg-time] 4ms post-hub-bias
[cg-time] 15ms pre-§10-outward-radial
[cg-time] 15ms pre-§11-compose
[cg-time] 15ms pre-§12-pruning-reattach
[cg-time] 15ms pre-§13-cluster-swap
[cg-time] 242ms pre-§14-chain-straightening
[cg-time] 242ms pre-§15-pruned-cross-min
[§15.5] Optimized 15 alone-root+independent nodes (5 moves).
[cg-time] 244ms pre-bus-bundle
[bus-bundle] Created 1 bus bundles (3 members, sig ≥ 2 roots).
[xings-hotspot] total=204 xings across 100 offending edges (of 244)
  edge core.Hub0↔app9.M0 xings=17 cluster=(_louv_0,_louv_49)
  edge app3.M4↔app5.M1 xings=16 cluster=(?,?)
  edge app9.M0↔app13.M3 xings=15 cluster=(_louv_49,_louv_67)
  edge core.Hub0↔app7.M0 xings=13 cluster=(_louv_0,_louv_36)
  edge app4.M0↔app4.M11 xings=12 cluster=(_louv_17,_louv_24)
  edge app16.M4↔app17.M0 xings=11 cluster=(?,?)
  edge app7.M0↔app7.M1 xings=10 cluster=(_louv_36,_louv_37)
  edge core.Hub0↔app5.M0 xings=10 cluster=(_louv_0,_louv_18)
[xings-hotspot] top cluster signatures:
  {?|_louv_18} xings=17
  {?|_louv_59} xings=7
  {?|_louv_49|_louv_67} xings=5
  {?} xings=5
  {?|_louv_0|_louv_36} xings=4
  {?|_louv_36|_louv_37} xings=4
  {?|_louv_18|_louv_37} xings=4
  {?|_louv_0|_louv_3|_louv_49} xings=4
[bundle-clear] Pushed 5 nodes off bundle bboxes.
[knot-min] Accepted 35 spatial swaps among 191 candidates.
[carrier-pre] 249 edges → 143 distinct carriers (cost-side filter).
[leaf-untangle] candidates=107, with-cross=44, moved=40, crossings-resolved=156.
[leaf-untangle] candidates=107, with-cross=18, moved=4, crossings-resolved=8.
[leaf-untangle] candidates=107, with-cross=15, moved=1, crossings-resolved=3.
[leaf-untangle] candidates=107, with-cross=15, moved=0, crossings-resolved=0.
[stuck-leaf-diag] 20 candidates with cost>0 (top 15 below):
  cost=8 deg=3 node=app6.M6 parent=app6.M0 nbrs={app6.M0,app6.M4,app6.M12}
  cost=7 deg=2 node=app7.M14 parent=app7.M0 nbrs={app7.M0,app7.M10}
  cost=6 deg=2 node=app4.M11 parent=app4.M0 nbrs={app4.M0,app8.M7}
  cost=6 deg=3 node=app6.M8 parent=app6.M0 nbrs={app6.M0,app6.M2,app7.M9}
  cost=6 deg=3 node=app8.M2 parent=app8.M0 nbrs={app8.M0,app8.M6,app1.M0}
  cost=6 deg=2 node=app8.M7 parent=app8.M0 nbrs={app8.M0,app4.M11}
  cost=4 deg=3 node=app1.M5 parent=app1.M0 nbrs={app1.M0,app1.M3,app1.Asset24}
  cost=4 deg=3 node=app8.M10 parent=app8.M0 nbrs={app8.M0,app8.M14,app13.M0}
  cost=4 deg=1 node=app12.File10 parent=app12.M5 nbrs={app12.M5}
  cost=3 deg=3 node=app0.M1 parent=app0.M0 nbrs={app0.M0,app0.M3,app8.M11}
  cost=3 deg=3 node=app8.M9 parent=app8.M0 nbrs={app8.M0,app8.M11,app9.M4}
  cost=3 deg=3 node=app12.M1 parent=app12.M0 nbrs={app12.M0,app12.M11,app12.Address34}
  cost=2 deg=2 node=app6.M2 parent=app6.M0 nbrs={app6.M0,app6.M8}
  cost=2 deg=3 node=app12.M9 parent=app12.M0 nbrs={app12.M0,app12.M3,app12.M5}
  cost=1 deg=2 node=app1.M7 parent=app1.M0 nbrs={app1.M0,app1.M3}
[pd-knot] 132 polyline cross pairs, 0 resolved via endpoint swap.
[xings-detour] iters=2 initial-poly-pairs=131 accepted=7 (multi-seg, density-aware, polyline detect, iterative).
[visual-knot] 123→118 cross points, 8→5 hot cells (≥3), 13 handled, 1 swap accepted.
[leaf-untangle] candidates=107, with-cross=15, moved=0, crossings-resolved=0.
[stuck-leaf-diag] 20 candidates with cost>0 (top 15 below):
  cost=7 deg=2 node=app7.M14 parent=app7.M0 nbrs={app7.M0,app7.M10}
  cost=6 deg=2 node=app4.M11 parent=app4.M0 nbrs={app4.M0,app8.M7}
  cost=6 deg=3 node=app6.M8 parent=app6.M0 nbrs={app6.M0,app6.M2,app7.M9}
  cost=6 deg=3 node=app8.M2 parent=app8.M0 nbrs={app8.M0,app8.M6,app1.M0}
  cost=6 deg=2 node=app8.M7 parent=app8.M0 nbrs={app8.M0,app4.M11}
  cost=5 deg=3 node=app6.M6 parent=app6.M0 nbrs={app6.M0,app6.M4,app6.M12}
  cost=4 deg=3 node=app1.M5 parent=app1.M0 nbrs={app1.M0,app1.M3,app1.Asset24}
  cost=4 deg=3 node=app8.M10 parent=app8.M0 nbrs={app8.M0,app8.M14,app13.M0}
  cost=4 deg=1 node=app12.File10 parent=app12.M5 nbrs={app12.M5}
  cost=3 deg=3 node=app0.M1 parent=app0.M0 nbrs={app0.M0,app0.M3,app8.M11}
  cost=3 deg=3 node=app8.M9 parent=app8.M0 nbrs={app8.M0,app8.M11,app9.M4}
  cost=3 deg=3 node=app12.M1 parent=app12.M0 nbrs={app12.M0,app12.M11,app12.Address34}
  cost=2 deg=2 node=app6.M2 parent=app6.M0 nbrs={app6.M0,app6.M8}
  cost=2 deg=3 node=app12.M9 parent=app12.M0 nbrs={app12.M0,app12.M3,app12.M5}
  cost=1 deg=2 node=app1.M7 parent=app1.M0 nbrs={app1.M0,app1.M3}
[carrier-cross] segment 119 -> carrier-grouped 99 (-17%). Carriers: 141 total (3 bundle + 93 cluster-pair + 45 individual).
[isolated-stash] Stashed 15 edge-less nodes in 6-column strip at x>=24427.
[face-raster] grid 5434x3339 (cell 5.0x5.0 units), 420 faces, 17933652 bg cells (98.8% of grid)
  face #1: 14806613 cells (82.6%), bbox 5434x3339 @ (0,0)
  face #11: 246623 cells (1.4%), bbox 629x774 @ (891,198)
  face #259: 200306 cells (1.1%), bbox 2345x225 @ (2185,1751)
  face #124: 165864 cells (0.9%), bbox 678x410 @ (2736,1151)
  face #94: 157393 cells (0.9%), bbox 490x667 @ (986,952)
  face #15: 154895 cells (0.9%), bbox 356x765 @ (1468,209)
  face #214: 119788 cells (0.7%), bbox 1042x232 @ (2394,1536)
  face #229: 111606 cells (0.6%), bbox 1115x207 @ (3415,1562)
[face-cohesion] 47 clusters analysed, 16 low-cohesion (<60% in dominant face)
  cohesion histogram:
     20%- 29%: 1 clusters
     30%- 39%: 2 clusters
     40%- 49%: 2 clusters
     50%- 59%: 11 clusters
     60%- 69%: 3 clusters
     70%- 79%: 1 clusters
     80%- 89%: 1 clusters
    100%-100%: 26 clusters
  top 10 low-cohesion clusters (largest first):
    _louv_36: 7 members, 3 in dominant face, 3 faces total (43%)
    _louv_49: 5 members, 2 in dominant face, 4 faces total (40%)
    _louv_59: 4 members, 2 in dominant face, 3 faces total (50%)
    _louv_18: 4 members, 1 in dominant face, 4 faces total (25%)
    _louv_68: 4 members, 2 in dominant face, 2 faces total (50%)
    _louv_3: 4 members, 2 in dominant face, 3 faces total (50%)
    _louv_66: 3 members, 1 in dominant face, 3 faces total (33%)
    _louv_26: 3 members, 1 in dominant face, 3 faces total (33%)
    _louv_67: 2 members, 1 in dominant face, 2 faces total (50%)
    _louv_56: 2 members, 1 in dominant face, 2 faces total (50%)
[face-density] 198 micro-faces (size<50), top 10 hot regions (macro 64x64 cells):
  region (32,34): 18 micro-faces, world (9668,10508)-(9988,10828)
  region (32,13): 14 micro-faces, world (9668,3790)-(9988,4110)
  region (53,27): 14 micro-faces, world (16387,8269)-(16707,8589)
  region (22,38): 12 micro-faces, world (6468,11788)-(6788,12108)
  region (26,28): 11 micro-faces, world (7748,8589)-(8068,8909)
  region (2,50): 10 micro-faces, world (69,15627)-(389,15947)
  region (33,14): 7 micro-faces, world (9988,4110)-(10308,4430)
  region (29,24): 6 micro-faces, world (8708,7309)-(9028,7629)
  region (33,13): 6 micro-faces, world (9988,3790)-(10308,4110)
  region (28,24): 6 micro-faces, world (8388,7309)-(8708,7629)
[face-ppm] Wrote /tmp/face-raster.ppm (2717x1669, downsampled from 5434x3339 by 2)
[face-untangle] 15 target clusters, 25 strays, 0 moved (poly cross 118 → 118, 0 fewer)
[stuck-leaf-2d] pass 1: 1 candidates, 1 moved, 1 cost units resolved.
[stuck-leaf-2d] pass 2: 0 candidates, 0 moved, 0 cost units resolved.
[stuck-leaf-2d] 0 candidates, 1 moved, 1 cost units resolved (poly cross 118 → 118, 0 fewer)
[hot-region-sa] 6 hot cells (≥4 cross), top 5 processed, 30/448 swap accepted → REVERTED (cross 118 → 119)
