[community] algorithm=louvain communities=13 meta=3
[hub-bias] Super-graph: pushed 2 high-deg cluster roots to 1.4x avgR.
[cg-time] 1ms post-hub-bias
[cg-time] 1ms pre-§10-outward-radial
[cg-time] 1ms pre-§11-compose
[cg-time] 1ms pre-§12-pruning-reattach
[cg-time] 1ms pre-§13-cluster-swap
[cg-time] 1ms pre-§14-chain-straightening
[cg-time] 1ms pre-§15-pruned-cross-min
[§15.5] Optimized 5 alone-root+independent nodes (2 moves).
[cg-time] 1ms pre-bus-bundle
[xings-hotspot] total=10 xings across 12 offending edges (of 45)
  edge app2.M0↔app2.M3 xings=5 cluster=(_louv_0,_louv_8)
  edge core.Hub1↔app0.M0 xings=2 cluster=(?,_louv_1)
  edge app1.M0↔app1.M8 xings=2 cluster=(_louv_2,?)
  edge app1.M0↔app1.M11 xings=2 cluster=(_louv_2,_louv_3)
  edge app1.M4↔app1.M10 xings=2 cluster=(?,?)
  edge app0.M0↔app2.M1 xings=1 cluster=(_louv_1,?)
  edge app1.M0↔app1.M9 xings=1 cluster=(_louv_2,?)
  edge app1.M4↔app1.M5 xings=1 cluster=(?,?)
[xings-hotspot] top cluster signatures:
  {?|_louv_0|_louv_1|_louv_8} xings=2
  {?|_louv_0|_louv_3|_louv_8} xings=2
  {?|_louv_2} xings=2
  {?|_louv_0|_louv_2} xings=1
  {?|_louv_1} xings=1
  {?|_louv_2|_louv_3} xings=1
  {_louv_0|_louv_2|_louv_3|_louv_8} xings=1
[knot-min] Accepted 3 spatial swaps among 35 candidates.
[carrier-pre] 45 edges → 19 distinct carriers (cost-side filter).
[leaf-untangle] candidates=22, with-cross=14, moved=12, crossings-resolved=41.
[leaf-untangle] candidates=22, with-cross=8, moved=5, crossings-resolved=13.
[leaf-untangle] candidates=22, with-cross=7, moved=1, crossings-resolved=2.
[leaf-untangle] candidates=22, with-cross=7, moved=0, crossings-resolved=0.
[stuck-leaf-diag] 7 candidates with cost>0 (top 15 below):
  cost=4 deg=2 node=core.Hub1 parent=app1.M0 nbrs={app0.M0,app1.M0}
  cost=3 deg=3 node=app0.M2 parent=app0.M0 nbrs={app0.M0,app0.M7,app1.M11}
  cost=2 deg=3 node=app1.M5 parent=app1.M0 nbrs={app1.M0,app1.M11,app1.M4}
  cost=2 deg=3 node=app1.M10 parent=app1.M0 nbrs={app1.M0,app1.M4,app2.M1}
  cost=1 deg=2 node=app0.M4 parent=app0.M0 nbrs={app0.M0,app0.M5}
  cost=1 deg=3 node=app0.M5 parent=app0.M0 nbrs={app0.M0,app0.M4,app0.Log1}
  cost=1 deg=2 node=app0.M7 parent=app1.M11 nbrs={app0.M2,app1.M11}
[pd-knot] 6 polyline cross pairs, 0 resolved via endpoint swap.
[xings-detour] iters=1 initial-poly-pairs=6 accepted=0 (multi-seg, density-aware, polyline detect, iterative).
[visual-knot] 6→6 cross points, 0→0 hot cells (≥3), 0 handled, 0 swap accepted.
[leaf-untangle] candidates=22, with-cross=7, moved=0, crossings-resolved=0.
[stuck-leaf-diag] 7 candidates with cost>0 (top 15 below):
  cost=4 deg=2 node=core.Hub1 parent=app1.M0 nbrs={app0.M0,app1.M0}
  cost=3 deg=3 node=app0.M2 parent=app0.M0 nbrs={app0.M0,app0.M7,app1.M11}
  cost=2 deg=3 node=app1.M5 parent=app1.M0 nbrs={app1.M0,app1.M11,app1.M4}
  cost=2 deg=3 node=app1.M10 parent=app1.M0 nbrs={app1.M0,app1.M4,app2.M1}
  cost=1 deg=2 node=app0.M4 parent=app0.M0 nbrs={app0.M0,app0.M5}
  cost=1 deg=3 node=app0.M5 parent=app0.M0 nbrs={app0.M0,app0.M4,app0.Log1}
  cost=1 deg=2 node=app0.M7 parent=app1.M11 nbrs={app0.M2,app1.M11}
[isolated-stash] Stashed 2 edge-less nodes in 6-column strip at x>=8494.
[face-raster] grid 1938x1103 (cell 5.0x5.0 units), 93 faces, 2097558 bg cells (98.1% of grid)
  face #1: 1261317 cells (60.1%), bbox 1938x1103 @ (0,0)
  face #2: 219551 cells (10.5%), bbox 607x592 @ (363,39)
  face #3: 179124 cells (8.5%), bbox 953x956 @ (760,43)
  face #83: 96165 cells (4.6%), bbox 1407x282 @ (294,775)
  face #65: 82716 cells (3.9%), bbox 925x342 @ (768,653)
  face #58: 51012 cells (2.4%), bbox 246x435 @ (283,622)
  face #54: 45821 cells (2.2%), bbox 604x273 @ (356,371)
  face #55: 44913 cells (2.1%), bbox 225x463 @ (338,428)
[face-cohesion] 8 clusters analysed, 5 low-cohesion (<60% in dominant face)
  cohesion histogram:
     20%- 29%: 1 clusters
     40%- 49%: 1 clusters
     50%- 59%: 3 clusters
    100%-100%: 3 clusters
  top 5 low-cohesion clusters (largest first):
    _louv_2: 5 members, 2 in dominant face, 4 faces total (40%)
    _louv_1: 4 members, 1 in dominant face, 4 faces total (25%)
    _louv_3: 2 members, 1 in dominant face, 2 faces total (50%)
    _louv_5: 2 members, 1 in dominant face, 2 faces total (50%)
    _louv_9: 2 members, 1 in dominant face, 2 faces total (50%)
[face-density] 71 micro-faces (size<50), top 10 hot regions (macro 64x64 cells):
  region (13,4): 21 micro-faces, world (3607,1125)-(3927,1445)
  region (14,10): 12 micro-faces, world (3927,3045)-(4247,3365)
  region (8,13): 10 micro-faces, world (2008,4005)-(2328,4325)
  region (1,4): 8 micro-faces, world (-232,1125)-(88,1445)
  region (13,3): 7 micro-faces, world (3607,805)-(3927,1125)
  region (13,5): 7 micro-faces, world (3607,1445)-(3927,1765)
  region (15,10): 4 micro-faces, world (4247,3045)-(4567,3365)
  region (3,4): 2 micro-faces, world (408,1125)-(728,1445)
[face-ppm] Wrote /tmp/face-raster.ppm (1938x1103, downsampled from 1938x1103 by 1)
[face-untangle] 4 target clusters, 6 strays, 1 moved (poly cross 6 → 6, 0 fewer)
[stuck-leaf-2d] pass 1: 0 candidates, 0 moved, 0 cost units resolved.
[stuck-leaf-2d] 0 candidates, 0 moved, 0 cost units resolved (poly cross 6 → 6, 0 fewer)
[hot-region-sa] 0 hot cells (≥4 cross, 6 cross pts), top 0 processed, 0/0 swap accepted (cross 6 → 6, 0 fewer)
