[community] algorithm=louvain communities=139 meta=4
[hub-bias] Super-graph: pushed 14 high-deg cluster roots to 1.4x avgR.
[cg-time] 16ms post-hub-bias
[cg-time] 98ms pre-§10-outward-radial
[cg-time] 98ms pre-§11-compose
[cg-time] 98ms pre-§12-pruning-reattach
[cg-time] 98ms pre-§13-cluster-swap
[cg-time] 1387ms pre-§14-chain-straightening
[cg-time] 1388ms pre-§15-pruned-cross-min
[§15.5] Optimized 51 alone-root+independent nodes (2 moves).
[cg-time] 1413ms pre-bus-bundle
[bus-bundle] Created 1 bus bundles (2 members, sig ≥ 2 roots).
[xings-hotspot] total=435 xings across 185 offending edges (of 495)
  edge app4.M3↔app5.M0 xings=21 cluster=(?,?)
  edge app13.M0↔app13.M5 xings=19 cluster=(_louv_95,_louv_99)
  edge app17.M0↔app17.M13 xings=18 cluster=(?,_louv_26)
  edge app7.M0↔app7.M3 xings=18 cluster=(?,_louv_57)
  edge app19.M0↔app19.M3 xings=18 cluster=(_louv_59,?)
  edge app2.M2↔app10.M11 xings=18 cluster=(?,_louv_22)
  edge app4.M3↔app10.M5 xings=16 cluster=(?,_louv_77)
  edge app18.M0↔app18.M4 xings=16 cluster=(_louv_130,_louv_134)
[xings-hotspot] top cluster signatures:
  {?|_louv_95} xings=11
  {?|_louv_59} xings=11
  {?} xings=7
  {?|_louv_21|_louv_95} xings=6
  {?|_louv_2|_louv_33} xings=5
  {?|_louv_33} xings=5
  {?|_louv_77} xings=5
  {?|_louv_21} xings=5
[bundle-clear] Pushed 1 nodes off bundle bboxes.
[knot-min] Accepted 106 spatial swaps among 399 candidates.
[carrier-pre] 499 edges → 289 distinct carriers (cost-side filter).
[leaf-untangle] candidates=271, with-cross=90, moved=83, crossings-resolved=265.
[leaf-untangle] candidates=271, with-cross=24, moved=17, crossings-resolved=36.
[leaf-untangle] candidates=271, with-cross=12, moved=3, crossings-resolved=9.
[leaf-untangle] candidates=271, with-cross=11, moved=0, crossings-resolved=0.
[stuck-leaf-diag] 15 candidates with cost>0 (top 15 below):
  cost=19 deg=3 node=app13.M2 parent=app13.M0 nbrs={app13.M0,app13.M1,app1.M8}
  cost=12 deg=2 node=app15.M7 parent=app15.M0 nbrs={app15.M0,app14.M0}
  cost=7 deg=3 node=app1.M13 parent=app1.M0 nbrs={app1.M0,app1.M7,app1.File199}
  cost=6 deg=1 node=app10.M10 parent=app10.M0 nbrs={app10.M0}
  cost=4 deg=3 node=app6.M9 parent=app6.M0 nbrs={app6.M0,app6.M1,app6.Asset200}
  cost=4 deg=2 node=app15.M1 parent=app15.M0 nbrs={app15.M0,app15.Note52}
  cost=3 deg=1 node=app10.Log26 parent=app10.M0 nbrs={app10.M0}
  cost=3 deg=1 node=app10.Note202 parent=app10.M0 nbrs={app10.M0}
  cost=3 deg=1 node=app10.Address217 parent=app10.M12 nbrs={app10.M12}
  cost=2 deg=2 node=app14.M4 parent=app14.M0 nbrs={app14.M0,app14.Address165}
  cost=1 deg=2 node=app13.M3 parent=app18.M8 nbrs={app13.File252,app18.M8}
  cost=1 deg=2 node=app15.M6 parent=app15.M11 nbrs={app15.M11,app15.Note150}
  cost=1 deg=1 node=app15.File93 parent=app15.M4 nbrs={app15.M4}
  cost=1 deg=1 node=app15.Log123 parent=app15.M4 nbrs={app15.M4}
  cost=1 deg=1 node=app7.Log157 parent=app7.M1 nbrs={app7.M1}
[pd-knot] 311 polyline cross pairs, 2 resolved via endpoint swap.
[xings-detour] iters=2 initial-poly-pairs=316 accepted=4 (multi-seg, density-aware, polyline detect, iterative).
[visual-knot] 312→312 cross points, 17→17 hot cells (≥3), 17 handled, 0 swap accepted.
[leaf-untangle] candidates=271, with-cross=14, moved=2, crossings-resolved=2.
[leaf-untangle] candidates=271, with-cross=12, moved=0, crossings-resolved=0.
[stuck-leaf-diag] 16 candidates with cost>0 (top 15 below):
  cost=19 deg=3 node=app13.M2 parent=app13.M0 nbrs={app13.M0,app13.M1,app1.M8}
  cost=12 deg=2 node=app15.M7 parent=app15.M0 nbrs={app15.M0,app14.M0}
  cost=7 deg=3 node=app1.M13 parent=app1.M0 nbrs={app1.M0,app1.M7,app1.File199}
  cost=6 deg=1 node=app10.M10 parent=app10.M0 nbrs={app10.M0}
  cost=4 deg=3 node=app6.M9 parent=app6.M0 nbrs={app6.M0,app6.M1,app6.Asset200}
  cost=4 deg=2 node=app15.M1 parent=app15.M0 nbrs={app15.M0,app15.Note52}
  cost=3 deg=1 node=app10.Log26 parent=app10.M0 nbrs={app10.M0}
  cost=3 deg=1 node=app10.Note202 parent=app10.M0 nbrs={app10.M0}
  cost=3 deg=1 node=app10.Address217 parent=app10.M12 nbrs={app10.M12}
  cost=2 deg=2 node=app14.M4 parent=app14.M0 nbrs={app14.M0,app14.Address165}
  cost=1 deg=2 node=app13.M3 parent=app18.M8 nbrs={app13.File252,app18.M8}
  cost=1 deg=2 node=app15.M6 parent=app15.M11 nbrs={app15.M11,app15.Note150}
  cost=1 deg=1 node=app18.Asset40 parent=app18.M3 nbrs={app18.M3}
  cost=1 deg=1 node=app15.File93 parent=app15.M4 nbrs={app15.M4}
  cost=1 deg=1 node=app15.Log123 parent=app15.M4 nbrs={app15.M4}
[carrier-cross] segment 312 -> carrier-grouped 302 (-3%). Carriers: 288 total (6 bundle + 185 cluster-pair + 97 individual).
[isolated-stash] Stashed 5 edge-less nodes in 6-column strip at x>=63384.
[face-raster] grid 9702x10306 (cell 7.0x7.0 units), 1249 faces, 99688108 bg cells (99.7% of grid)
  face #1: 92385932 cells (92.7%), bbox 9702x10306 @ (0,0)
  face #129: 379820 cells (0.4%), bbox 542x1372 @ (3416,5000)
  face #153: 360854 cells (0.4%), bbox 502x1837 @ (2913,5087)
  face #1247: 340387 cells (0.3%), bbox 906x1060 @ (2829,8833)
  face #1225: 311693 cells (0.3%), bbox 718x1102 @ (3544,8502)
  face #1246: 289202 cells (0.3%), bbox 466x1313 @ (2362,8754)
  face #487: 288852 cells (0.3%), bbox 1618x906 @ (3662,7168)
  face #1072: 280079 cells (0.3%), bbox 761x1110 @ (2884,8151)
[face-cohesion] 99 clusters analysed, 35 low-cohesion (<60% in dominant face)
  cohesion histogram:
     20%- 29%: 5 clusters
     30%- 39%: 12 clusters
     40%- 49%: 2 clusters
     50%- 59%: 16 clusters
     60%- 69%: 19 clusters
     70%- 79%: 7 clusters
     80%- 89%: 2 clusters
    100%-100%: 36 clusters
  top 10 low-cohesion clusters (largest first):
    _louv_21: 6 members, 2 in dominant face, 4 faces total (33%)
    _louv_109: 5 members, 2 in dominant face, 4 faces total (40%)
    _louv_89: 5 members, 2 in dominant face, 3 faces total (40%)
    _louv_71: 4 members, 1 in dominant face, 4 faces total (25%)
    _louv_123: 4 members, 2 in dominant face, 3 faces total (50%)
    _louv_0: 4 members, 1 in dominant face, 4 faces total (25%)
    _louv_72: 4 members, 2 in dominant face, 3 faces total (50%)
    _louv_107: 4 members, 2 in dominant face, 3 faces total (50%)
    _louv_12: 4 members, 2 in dominant face, 3 faces total (50%)
    _louv_10: 4 members, 2 in dominant face, 3 faces total (50%)
[face-density] 793 micro-faces (size<50), top 10 hot regions (macro 64x64 cells):
  region (42,120): 43 micro-faces, world (17218,51999)-(17664,52444)
  region (41,121): 36 micro-faces, world (16773,52444)-(17218,52890)
  region (51,108): 26 micro-faces, world (21225,46657)-(21670,47102)
  region (54,74): 26 micro-faces, world (22560,31519)-(23006,31964)
  region (49,87): 24 micro-faces, world (20335,37307)-(20780,37752)
  region (51,82): 22 micro-faces, world (21225,35081)-(21670,35526)
  region (54,75): 19 micro-faces, world (22560,31964)-(23006,32410)
  region (53,76): 18 micro-faces, world (22115,32410)-(22560,32855)
  region (45,126): 17 micro-faces, world (18554,54670)-(18999,55116)
  region (56,111): 15 micro-faces, world (23451,47992)-(23896,48437)
[face-ppm] Wrote /tmp/face-raster.ppm (2425x2576, downsampled from 9702x10306 by 4)
[face-untangle] 32 target clusters, 60 strays, 1 moved (poly cross 312 → 311, 1 fewer)
[stuck-leaf-2d] pass 1: 3 candidates, 2 moved, 2 cost units resolved.
[stuck-leaf-2d] pass 2: 1 candidates, 0 moved, 0 cost units resolved.
[stuck-leaf-2d] 1 candidates, 2 moved, 2 cost units resolved (poly cross 311 → 309, 2 fewer)
[hot-region-sa] 24 hot cells (≥4 cross, 309 cross pts), top 5 processed, 39/270 swap accepted (cross 309 → 309, 0 fewer)
