[community] algorithm=louvain communities=103 meta=4
[hub-bias] Super-graph: pushed 4 high-deg cluster roots to 1.4x avgR.
[cg-time] 8ms post-hub-bias
[cg-time] 183ms pre-§10-outward-radial
[cg-time] 183ms pre-§11-compose
[cg-time] 183ms pre-§12-pruning-reattach
[cg-time] 183ms pre-§13-cluster-swap
[cg-time] 562ms pre-§14-chain-straightening
[cg-time] 563ms pre-§15-pruned-cross-min
[§15.5] Optimized 54 alone-root+independent nodes (10 moves).
[cg-time] 571ms pre-bus-bundle
[bus-bundle] Created 1 bus bundles (2 members, sig ≥ 2 roots).
[xings-hotspot] total=314 xings across 136 offending edges (of 294)
  edge app0.M2↔app10.M0 xings=24 cluster=(?,?)
  edge app13.M8↔app18.M4 xings=16 cluster=(?,?)
  edge app8.M5↔app9.M2 xings=14 cluster=(?,_louv_59)
  edge app9.M0↔app11.M6 xings=14 cluster=(?,?)
  edge app12.M0↔app12.M5 xings=14 cluster=(_louv_66,_louv_69)
  edge app1.M4↔app5.M5 xings=13 cluster=(?,_louv_30)
  edge core.Hub0↔app14.M0 xings=13 cluster=(?,_louv_82)
  edge app4.M4↔app17.M2 xings=12 cluster=(_louv_27,_louv_22)
[xings-hotspot] top cluster signatures:
  {?} xings=15
  {?|_louv_100} xings=12
  {?|_louv_66} xings=12
  {?|_louv_73} xings=8
  {?|_louv_1} xings=7
  {?|_louv_82} xings=6
  {?|_louv_31|_louv_97} xings=6
  {?|_louv_59} xings=6
[knot-min] Accepted 79 spatial swaps among 250 candidates.
[carrier-pre] 297 edges → 186 distinct carriers (cost-side filter).
[leaf-untangle] candidates=156, with-cross=64, moved=57, crossings-resolved=184.
[leaf-untangle] candidates=156, with-cross=26, moved=16, crossings-resolved=41.
[leaf-untangle] candidates=156, with-cross=19, moved=8, crossings-resolved=20.
[leaf-untangle] candidates=156, with-cross=15, moved=2, crossings-resolved=4.
[stuck-leaf-diag] 15 candidates with cost>0 (top 15 below):
  cost=14 deg=2 node=app11.M6 parent=app11.M0 nbrs={app11.M0,app9.M0}
  cost=12 deg=3 node=app3.M8 parent=app3.M0 nbrs={app3.M0,app3.M4,app14.M8}
  cost=10 deg=3 node=app1.M7 parent=app1.M0 nbrs={app1.M0,app1.M9,app14.M8}
  cost=10 deg=1 node=app7.M6 parent=app7.M0 nbrs={app7.M0}
  cost=10 deg=3 node=app12.M8 parent=app12.M0 nbrs={app12.M0,app12.M5,app12.Asset39}
  cost=7 deg=2 node=app4.M2 parent=app8.M0 nbrs={app4.M0,app8.M0}
  cost=6 deg=2 node=app11.M5 parent=app11.M10 nbrs={app11.M10,app14.M2}
  cost=5 deg=3 node=app3.M4 parent=app3.M0 nbrs={app3.M0,app3.M8,app5.M9}
  cost=5 deg=2 node=app5.M2 parent=app5.M0 nbrs={app5.M0,app13.M4}
  cost=4 deg=3 node=app1.M2 parent=app1.M0 nbrs={app1.M0,app1.M4,app19.M5}
  cost=3 deg=2 node=app3.M10 parent=app3.M0 nbrs={app3.M0,app3.M2}
  cost=3 deg=2 node=app14.M2 parent=app14.M0 nbrs={app14.M0,app11.M5}
  cost=1 deg=2 node=app14.M3 parent=app14.M0 nbrs={app14.M0,app14.M11}
  cost=1 deg=3 node=app15.M4 parent=app15.M0 nbrs={app15.M0,app15.M2,app15.M5}
  cost=1 deg=1 node=app18.Tag30 parent=app18.M2 nbrs={app18.M2}
[pd-knot] 180 polyline cross pairs, 2 resolved via endpoint swap.
[xings-detour] iters=2 initial-poly-pairs=174 accepted=10 (multi-seg, density-aware, polyline detect, iterative).
[visual-knot] 159→158 cross points, 13→12 hot cells (≥3), 25 handled, 1 swap accepted.
[leaf-untangle] candidates=156, with-cross=20, moved=5, crossings-resolved=6.
[leaf-untangle] candidates=156, with-cross=17, moved=2, crossings-resolved=6.
[leaf-untangle] candidates=156, with-cross=16, moved=0, crossings-resolved=0.
[stuck-leaf-diag] 17 candidates with cost>0 (top 15 below):
  cost=14 deg=3 node=app3.M8 parent=app3.M0 nbrs={app3.M0,app3.M4,app14.M8}
  cost=14 deg=2 node=app11.M6 parent=app11.M0 nbrs={app11.M0,app9.M0}
  cost=10 deg=1 node=app7.M6 parent=app7.M0 nbrs={app7.M0}
  cost=9 deg=3 node=app12.M8 parent=app12.M0 nbrs={app12.M0,app12.M5,app12.Asset39}
  cost=7 deg=3 node=app1.M7 parent=app1.M0 nbrs={app1.M0,app1.M9,app14.M8}
  cost=7 deg=2 node=app4.M2 parent=app8.M0 nbrs={app4.M0,app8.M0}
  cost=6 deg=2 node=app11.M5 parent=app11.M10 nbrs={app11.M10,app14.M2}
  cost=5 deg=3 node=app3.M4 parent=app3.M0 nbrs={app3.M0,app3.M8,app5.M9}
  cost=5 deg=2 node=app5.M2 parent=app5.M0 nbrs={app5.M0,app13.M4}
  cost=4 deg=3 node=app1.M2 parent=app1.M0 nbrs={app1.M0,app1.M4,app19.M5}
  cost=3 deg=2 node=app3.M10 parent=app3.M0 nbrs={app3.M0,app3.M2}
  cost=3 deg=2 node=app14.M2 parent=app14.M0 nbrs={app14.M0,app11.M5}
  cost=1 deg=2 node=app1.M3 parent=app1.M0 nbrs={app1.M0,app1.Asset42}
  cost=1 deg=2 node=app14.M3 parent=app14.M0 nbrs={app14.M0,app14.M11}
  cost=1 deg=3 node=app15.M4 parent=app15.M0 nbrs={app15.M0,app15.M2,app15.M5}
[carrier-cross] segment 160 -> carrier-grouped 143 (-11%). Carriers: 184 total (2 bundle + 118 cluster-pair + 64 individual).
[isolated-stash] Stashed 7 edge-less nodes in 6-column strip at x>=13806.
[face-raster] grid 3230x2253 (cell 5.0x5.0 units), 582 faces, 7052888 bg cells (96.9% of grid)
  face #1: 4541383 cells (64.4%), bbox 3230x2253 @ (0,0)
  face #8: 183144 cells (2.6%), bbox 540x727 @ (1319,278)
  face #2: 171443 cells (2.4%), bbox 647x1566 @ (307,180)
  face #368: 135885 cells (1.9%), bbox 722x523 @ (207,1480)
  face #3: 130260 cells (1.8%), bbox 341x1059 @ (696,180)
  face #524: 113631 cells (1.6%), bbox 767x323 @ (948,1783)
  face #13: 94307 cells (1.3%), bbox 614x672 @ (1537,302)
  face #537: 90285 cells (1.3%), bbox 1012x229 @ (567,1884)
[face-cohesion] 65 clusters analysed, 25 low-cohesion (<60% in dominant face)
  cohesion histogram:
     30%- 39%: 7 clusters
     40%- 49%: 2 clusters
     50%- 59%: 16 clusters
     60%- 69%: 7 clusters
     70%- 79%: 2 clusters
    100%-100%: 31 clusters
  top 10 low-cohesion clusters (largest first):
    _louv_91: 5 members, 2 in dominant face, 4 faces total (40%)
    _louv_16: 5 members, 2 in dominant face, 4 faces total (40%)
    _louv_65: 4 members, 2 in dominant face, 3 faces total (50%)
    _louv_66: 4 members, 2 in dominant face, 3 faces total (50%)
    _louv_73: 4 members, 2 in dominant face, 3 faces total (50%)
    _louv_56: 3 members, 1 in dominant face, 3 faces total (33%)
    _louv_100: 3 members, 1 in dominant face, 3 faces total (33%)
    _louv_95: 3 members, 1 in dominant face, 3 faces total (33%)
    _louv_3: 3 members, 1 in dominant face, 3 faces total (33%)
    _louv_82: 3 members, 1 in dominant face, 3 faces total (33%)
[face-density] 310 micro-faces (size<50), top 10 hot regions (macro 64x64 cells):
  region (28,8): 31 micro-faces, world (8599,2295)-(8919,2615)
  region (15,17): 20 micro-faces, world (4440,5174)-(4760,5494)
  region (28,7): 16 micro-faces, world (8599,1975)-(8919,2295)
  region (26,19): 15 micro-faces, world (7959,5814)-(8279,6134)
  region (11,23): 13 micro-faces, world (3161,7094)-(3481,7413)
  region (2,29): 11 micro-faces, world (281,9013)-(601,9333)
  region (33,14): 10 micro-faces, world (10199,4214)-(10519,4534)
  region (27,7): 9 micro-faces, world (8279,1975)-(8599,2295)
  region (14,18): 9 micro-faces, world (4120,5494)-(4440,5814)
  region (29,8): 8 micro-faces, world (8919,2295)-(9239,2615)
[face-ppm] Wrote /tmp/face-raster.ppm (3230x2253, downsampled from 3230x2253 by 1)
[face-untangle] 25 target clusters, 39 strays, 3 moved → REVERTED (poly cross 155 → 166)
[stuck-leaf-2d] pass 1: 3 candidates, 2 moved, 2 cost units resolved.
[stuck-leaf-2d] pass 2: 1 candidates, 0 moved, 0 cost units resolved.
[stuck-leaf-2d] 1 candidates, 2 moved, 2 cost units resolved (poly cross 160 → 158, 2 fewer)
[hot-region-sa] 18 hot cells (≥4 cross, 158 cross pts), top 5 processed, 102/814 swap accepted (cross 158 → 158, 0 fewer)
