[community] algorithm=louvain communities=19 meta=3
[hub-bias] Super-graph: pushed 3 high-deg cluster roots to 1.4x avgR.
[cg-time] 1ms post-hub-bias
[cg-time] 1ms pre-§10-outward-radial
[cg-time] 1ms pre-§11-compose
[cg-time] 1ms pre-§12-pruning-reattach
[cg-time] 1ms pre-§13-cluster-swap
[cg-time] 4ms pre-§14-chain-straightening
[cg-time] 4ms pre-§15-pruned-cross-min
[§15.5] Optimized 7 alone-root+independent nodes (0 moves).
[cg-time] 4ms pre-bus-bundle
[xings-hotspot] total=12 xings across 12 offending edges (of 61)
  edge core.Hub1↔app1.M0 xings=4 cluster=(?,_louv_10)
  edge app0.M0↔app0.M5 xings=3 cluster=(_louv_0,_louv_5)
  edge app0.M9↔app1.M4 xings=3 cluster=(?,?)
  edge app0.M9↔app2.M2 xings=3 cluster=(?,?)
  edge app0.M0↔app0.M1 xings=2 cluster=(_louv_0,_louv_2)
  edge app0.M7↔app2.M10 xings=2 cluster=(?,_louv_7)
  edge app2.M0↔app2.M10 xings=2 cluster=(_louv_13,_louv_7)
  edge core.Hub1↔app2.M0 xings=1 cluster=(?,_louv_13)
[xings-hotspot] top cluster signatures:
  {?|_louv_0} xings=1
  {?|_louv_0|_louv_10} xings=1
  {?|_louv_0|_louv_10|_louv_5} xings=1
  {?|_louv_0|_louv_13|_louv_2} xings=1
  {?|_louv_0|_louv_2} xings=1
  {?|_louv_0|_louv_5} xings=1
  {?|_louv_10} xings=1
  {?|_louv_10|_louv_7} xings=1
[knot-min] Accepted 5 spatial swaps among 53 candidates.
[carrier-pre] 61 edges → 35 distinct carriers (cost-side filter).
[leaf-untangle] candidates=35, with-cross=11, moved=11, crossings-resolved=36.
[leaf-untangle] candidates=35, with-cross=6, moved=4, crossings-resolved=9.
[leaf-untangle] candidates=35, with-cross=1, moved=1, crossings-resolved=3.
[leaf-untangle] candidates=35, with-cross=1, moved=0, crossings-resolved=0.
[stuck-leaf-diag] 1 candidates with cost>0 (top 15 below):
  cost=3 deg=3 node=app0.M3 parent=app0.M0 nbrs={app0.M0,app0.M11,app0.M4}
[pd-knot] 14 polyline cross pairs, 1 resolved via endpoint swap.
[xings-detour] iters=2 initial-poly-pairs=12 accepted=1 (multi-seg, density-aware, polyline detect, iterative).
[visual-knot] 10→10 cross points, 0→0 hot cells (≥3), 0 handled, 0 swap accepted.
[leaf-untangle] candidates=35, with-cross=4, moved=2, crossings-resolved=4.
[leaf-untangle] candidates=35, with-cross=1, moved=0, crossings-resolved=0.
[stuck-leaf-diag] 1 candidates with cost>0 (top 15 below):
  cost=3 deg=3 node=app0.M3 parent=app0.M0 nbrs={app0.M0,app0.M11,app0.M4}
[face-raster] grid 1395x2061 (cell 5.0x5.0 units), 250 faces, 2825770 bg cells (98.3% of grid)
  face #1: 1980540 cells (70.1%), bbox 1395x2061 @ (0,0)
  face #28: 172152 cells (6.1%), bbox 400x866 @ (604,536)
  face #148: 139957 cells (5.0%), bbox 539x534 @ (365,873)
  face #139: 109331 cells (3.9%), bbox 281x542 @ (154,821)
  face #2: 100357 cells (3.6%), bbox 314x844 @ (844,101)
  face #12: 66166 cells (2.3%), bbox 451x568 @ (280,270)
  face #25: 56851 cells (2.0%), bbox 254x568 @ (589,303)
  face #149: 54223 cells (1.9%), bbox 233x460 @ (923,950)
[face-cohesion] 14 clusters analysed, 6 low-cohesion (<60% in dominant face)
  cohesion histogram:
     20%- 29%: 2 clusters
     50%- 59%: 4 clusters
     70%- 79%: 1 clusters
    100%-100%: 7 clusters
  top 6 low-cohesion clusters (largest first):
    _louv_0: 4 members, 1 in dominant face, 4 faces total (25%)
    _louv_13: 4 members, 1 in dominant face, 4 faces total (25%)
    _louv_7: 2 members, 1 in dominant face, 2 faces total (50%)
    _louv_15: 2 members, 1 in dominant face, 2 faces total (50%)
    _louv_10: 2 members, 1 in dominant face, 2 faces total (50%)
    _louv_6: 2 members, 1 in dominant face, 2 faces total (50%)
[face-density] 215 micro-faces (size<50), top 10 hot regions (macro 64x64 cells):
  region (9,10): 23 micro-faces, world (2697,2953)-(3017,3273)
  region (4,23): 23 micro-faces, world (1097,7113)-(1417,7433)
  region (9,9): 22 micro-faces, world (2697,2633)-(3017,2953)
  region (8,11): 22 micro-faces, world (2377,3273)-(2697,3593)
  region (4,24): 22 micro-faces, world (1097,7433)-(1417,7753)
  region (3,25): 18 micro-faces, world (777,7753)-(1097,8073)
  region (8,12): 12 micro-faces, world (2377,3593)-(2697,3913)
  region (3,26): 11 micro-faces, world (777,8073)-(1097,8393)
  region (4,10): 11 micro-faces, world (1097,2953)-(1417,3273)
  region (4,22): 9 micro-faces, world (1097,6793)-(1417,7113)
[face-ppm] Wrote /tmp/face-raster.ppm (1395x2061, downsampled from 1395x2061 by 1)
[face-untangle] 4 target clusters, 4 strays, 0 moved (poly cross 11 → 11, 0 fewer)
[stuck-leaf-2d] pass 1: 0 candidates, 0 moved, 0 cost units resolved.
[stuck-leaf-2d] 0 candidates, 0 moved, 0 cost units resolved (poly cross 11 → 11, 0 fewer)
[hot-region-sa] 1 hot cells (≥4 cross, 11 cross pts), top 1 processed, 24/132 swap accepted (cross 11 → 11, 0 fewer)
