[community] algorithm=louvain communities=103 meta=3
[hub-bias] Super-graph: pushed 8 high-deg cluster roots to 1.4x avgR.
[cg-time] 7ms post-hub-bias
[cg-time] 138ms pre-§10-outward-radial
[cg-time] 138ms pre-§11-compose
[cg-time] 138ms pre-§12-pruning-reattach
[cg-time] 138ms pre-§13-cluster-swap
[cg-time] 941ms pre-§14-chain-straightening
[cg-time] 941ms pre-§15-pruned-cross-min
[§15.5] Optimized 44 alone-root+independent nodes (4 moves).
[cg-time] 955ms pre-bus-bundle
[xings-hotspot] total=428 xings across 156 offending edges (of 318)
  edge app1.M3↔app6.M2 xings=26 cluster=(?,?)
  edge app18.M0↔app18.M6 xings=26 cluster=(?,_louv_39)
  edge app5.M1↔app6.M5 xings=25 cluster=(?,_louv_38)
  edge app2.M0↔app2.M6 xings=23 cluster=(?,_louv_21)
  edge app10.M4↔app10.M8 xings=19 cluster=(_louv_60,?)
  edge core.Hub1↔app7.M0 xings=18 cluster=(?,?)
  edge app2.M0↔app2.M8 xings=18 cluster=(?,_louv_22)
  edge app6.M4↔app11.M1 xings=18 cluster=(_louv_38,?)
[xings-hotspot] top cluster signatures:
  {?|_louv_38} xings=15
  {?|_louv_65} xings=13
  {?} xings=9
  {?|_louv_61} xings=9
  {?|_louv_39|_louv_65} xings=7
  {?|_louv_22|_louv_65} xings=7
  {?|_louv_32|_louv_60} xings=7
  {?|_louv_16} xings=6
[knot-min] Accepted 96 spatial swaps among 263 candidates.
[knot-min-2opt] Accepted 2 cross-targeted swaps.
[carrier-pre] 324 edges → 199 distinct carriers (cost-side filter).
[leaf-untangle] candidates=164, with-cross=74, moved=62, crossings-resolved=174.
[leaf-untangle] candidates=164, with-cross=28, moved=11, crossings-resolved=35.
[leaf-untangle] candidates=164, with-cross=23, moved=2, crossings-resolved=2.
[leaf-untangle] candidates=164, with-cross=21, moved=0, crossings-resolved=0.
[stuck-leaf-diag] 21 candidates with cost>0 (top 15 below):
  cost=12 deg=3 node=app10.M8 parent=app10.M0 nbrs={app10.M0,app10.M4,app10.Address27}
  cost=7 deg=3 node=app6.M5 parent=app6.M0 nbrs={app6.M4,app6.M0,app5.M1}
  cost=7 deg=2 node=app19.M4 parent=app19.M0 nbrs={app19.M0,app9.M1}
  cost=5 deg=2 node=app9.M1 parent=app9.M0 nbrs={app9.M0,app19.M4}
  cost=4 deg=2 node=app1.M5 parent=app1.M0 nbrs={app1.M0,app1.M6}
  cost=4 deg=2 node=app10.M1 parent=app10.M0 nbrs={app10.M0,app10.File14}
  cost=3 deg=3 node=app5.M5 parent=app5.M0 nbrs={app5.M0,app5.M4,app6.M6}
  cost=3 deg=2 node=app19.M5 parent=app19.M0 nbrs={app19.M0,app19.Address52}
  cost=3 deg=1 node=app4.Note68 parent=app4.M7 nbrs={app4.M7}
  cost=2 deg=2 node=app2.M3 parent=app2.M0 nbrs={app2.M0,app15.M11}
  cost=2 deg=3 node=app5.M4 parent=app5.M0 nbrs={app5.M0,app5.M5,app5.Log41}
  cost=2 deg=2 node=app6.M7 parent=app6.M3 nbrs={app6.M3,app15.M10}
  cost=2 deg=2 node=app11.M6 parent=app11.M0 nbrs={app11.M0,app11.M5}
  cost=2 deg=3 node=app14.M1 parent=app14.M0 nbrs={app14.M0,app14.M9,app14.M7}
  cost=2 deg=2 node=app15.M10 parent=app19.M2 nbrs={app6.M7,app19.M2}
[pd-knot] 270 polyline cross pairs, 1 resolved via endpoint swap.
[xings-detour] iters=2 initial-poly-pairs=269 accepted=7 (multi-seg, density-aware, polyline detect, iterative).
[visual-knot] 259→259 cross points, 26→26 hot cells (≥3), 26 handled, 0 swap accepted.
[leaf-untangle] candidates=164, with-cross=21, moved=0, crossings-resolved=0.
[stuck-leaf-diag] 21 candidates with cost>0 (top 15 below):
  cost=12 deg=3 node=app10.M8 parent=app10.M0 nbrs={app10.M0,app10.M4,app10.Address27}
  cost=7 deg=3 node=app6.M5 parent=app6.M0 nbrs={app6.M4,app6.M0,app5.M1}
  cost=7 deg=2 node=app19.M4 parent=app19.M0 nbrs={app19.M0,app9.M1}
  cost=5 deg=2 node=app9.M1 parent=app9.M0 nbrs={app9.M0,app19.M4}
  cost=4 deg=2 node=app1.M5 parent=app1.M0 nbrs={app1.M0,app1.M6}
  cost=4 deg=2 node=app10.M1 parent=app10.M0 nbrs={app10.M0,app10.File14}
  cost=3 deg=3 node=app5.M5 parent=app5.M0 nbrs={app5.M0,app5.M4,app6.M6}
  cost=3 deg=2 node=app19.M5 parent=app19.M0 nbrs={app19.M0,app19.Address52}
  cost=3 deg=1 node=app4.Note68 parent=app4.M7 nbrs={app4.M7}
  cost=2 deg=2 node=app2.M3 parent=app2.M0 nbrs={app2.M0,app15.M11}
  cost=2 deg=3 node=app5.M4 parent=app5.M0 nbrs={app5.M0,app5.M5,app5.Log41}
  cost=2 deg=2 node=app6.M7 parent=app6.M3 nbrs={app6.M3,app15.M10}
  cost=2 deg=2 node=app11.M6 parent=app11.M0 nbrs={app11.M0,app11.M5}
  cost=2 deg=3 node=app14.M1 parent=app14.M0 nbrs={app14.M0,app14.M9,app14.M7}
  cost=2 deg=2 node=app15.M10 parent=app19.M2 nbrs={app6.M7,app19.M2}
[isolated-stash] Stashed 8 edge-less nodes in 6-column strip at x>=20073.
[face-raster] grid 5159x3445 (cell 5.0x5.0 units), 833 faces, 17514855 bg cells (98.5% of grid)
  face #1: 12787223 cells (73.0%), bbox 5159x3445 @ (0,0)
  face #15: 987733 cells (5.6%), bbox 1553x1774 @ (144,799)
  face #713: 313072 cells (1.8%), bbox 1438x836 @ (1303,2145)
  face #684: 261812 cells (1.5%), bbox 669x779 @ (1415,2044)
  face #16: 219118 cells (1.3%), bbox 917x1075 @ (818,799)
  face #4: 214605 cells (1.2%), bbox 247x1836 @ (2633,93)
  face #781: 204811 cells (1.2%), bbox 678x570 @ (2252,2486)
  face #675: 149017 cells (0.9%), bbox 479x806 @ (1825,2015)
[face-cohesion] 66 clusters analysed, 26 low-cohesion (<60% in dominant face)
  cohesion histogram:
     10%- 19%: 1 clusters
     20%- 29%: 2 clusters
     30%- 39%: 7 clusters
     40%- 49%: 1 clusters
     50%- 59%: 15 clusters
     60%- 69%: 9 clusters
     70%- 79%: 5 clusters
     80%- 89%: 1 clusters
    100%-100%: 25 clusters
  top 10 low-cohesion clusters (largest first):
    _louv_38: 6 members, 1 in dominant face, 6 faces total (17%)
    _louv_79: 5 members, 1 in dominant face, 5 faces total (20%)
    _louv_49: 5 members, 2 in dominant face, 3 faces total (40%)
    _louv_8: 4 members, 2 in dominant face, 3 faces total (50%)
    _louv_32: 4 members, 1 in dominant face, 4 faces total (25%)
    _louv_58: 3 members, 1 in dominant face, 3 faces total (33%)
    _louv_16: 3 members, 1 in dominant face, 3 faces total (33%)
    _louv_29: 3 members, 1 in dominant face, 3 faces total (33%)
    _louv_55: 3 members, 1 in dominant face, 3 faces total (33%)
    _louv_40: 3 members, 1 in dominant face, 3 faces total (33%)
[face-density] 466 micro-faces (size<50), top 10 hot regions (macro 64x64 cells):
  region (53,27): 43 micro-faces, world (13354,8246)-(13674,8566)
  region (52,28): 35 micro-faces, world (13035,8566)-(13354,8886)
  region (31,29): 31 micro-faces, world (6316,8886)-(6636,9205)
  region (25,25): 21 micro-faces, world (4396,7606)-(4716,7926)
  region (53,28): 19 micro-faces, world (13354,8566)-(13674,8886)
  region (30,30): 16 micro-faces, world (5996,9205)-(6316,9525)
  region (32,28): 16 micro-faces, world (6636,8566)-(6956,8886)
  region (32,43): 13 micro-faces, world (6636,13365)-(6956,13685)
  region (35,16): 13 micro-faces, world (7596,4726)-(7916,5046)
  region (33,42): 12 micro-faces, world (6956,13045)-(7276,13365)
[face-ppm] Wrote /tmp/face-raster.ppm (2579x1722, downsampled from 5159x3445 by 2)
[face-untangle] 23 target clusters, 33 strays, 1 moved (poly cross 259 → 252, 7 fewer)
[stuck-leaf-2d] pass 1: 3 candidates, 3 moved, 3 cost units resolved.
[stuck-leaf-2d] pass 2: 0 candidates, 0 moved, 0 cost units resolved.
[stuck-leaf-2d] 0 candidates, 3 moved, 3 cost units resolved (poly cross 252 → 249, 3 fewer)
[hot-region-sa] 23 hot cells (≥4 cross, 249 cross pts), top 5 processed, 53/749 swap accepted (cross 249 → 249, 0 fewer)
