[community] algorithm=louvain communities=111 meta=4
[hub-bias] Super-graph: pushed 6 high-deg cluster roots to 1.4x avgR.
[cg-time] 8ms post-hub-bias
[cg-time] 97ms pre-§10-outward-radial
[cg-time] 97ms pre-§11-compose
[cg-time] 97ms pre-§12-pruning-reattach
[cg-time] 97ms pre-§13-cluster-swap
[cg-time] 1211ms pre-§14-chain-straightening
[cg-time] 1211ms pre-§15-pruned-cross-min
[§15.5] Optimized 44 alone-root+independent nodes (4 moves).
[cg-time] 1228ms pre-bus-bundle
[bus-bundle] Created 1 bus bundles (2 members, sig ≥ 2 roots).
[xings-hotspot] total=392 xings across 155 offending edges (of 350)
  edge app2.M5↔app5.M0 xings=29 cluster=(_louv_20,_louv_35)
  edge app2.M1↔app18.M1 xings=29 cluster=(?,?)
  edge app0.M2↔app13.M4 xings=23 cluster=(_louv_3,?)
  edge app4.M0↔app4.M8 xings=22 cluster=(_louv_25,_louv_32)
  edge app16.M0↔app16.M12 xings=20 cluster=(_louv_84,?)
  edge app1.M8↔app15.M0 xings=18 cluster=(_louv_16,?)
  edge app19.M0↔app19.M2 xings=15 cluster=(_louv_103,_louv_105)
  edge app12.M0↔app12.M11 xings=15 cluster=(_louv_62,?)
[xings-hotspot] top cluster signatures:
  {?} xings=15
  {?|_louv_25} xings=9
  {?|_louv_103} xings=9
  {?|_louv_16} xings=8
  {?|_louv_20|_louv_35} xings=7
  {?|_louv_23|_louv_93} xings=7
  {?|_louv_25|_louv_32} xings=7
  {?|_louv_1|_louv_84} xings=5
[bundle-clear] Pushed 112 nodes off bundle bboxes.
[knot-min] Accepted 182 spatial swaps among 293 candidates.
[carrier-pre] 354 edges → 222 distinct carriers (cost-side filter).
[leaf-untangle] candidates=198, with-cross=94, moved=82, crossings-resolved=310.
[leaf-untangle] candidates=198, with-cross=50, moved=27, crossings-resolved=64.
[leaf-untangle] candidates=198, with-cross=34, moved=8, crossings-resolved=17.
[leaf-untangle] candidates=198, with-cross=29, moved=1, crossings-resolved=1.
[stuck-leaf-diag] 34 candidates with cost>0 (top 15 below):
  cost=14 deg=3 node=app0.M4 parent=app0.M0 nbrs={app0.M0,app0.M1,app0.M6}
  cost=13 deg=3 node=app0.M6 parent=app0.M0 nbrs={app0.M0,app0.M4,app0.Address120}
  cost=10 deg=3 node=app9.M2 parent=app3.M3 nbrs={app9.M0,app9.M1,app3.M3}
  cost=10 deg=3 node=app17.M8 parent=app17.M0 nbrs={app17.M0,app17.M9,app3.M0}
  cost=9 deg=3 node=app17.M9 parent=app17.M0 nbrs={app17.M0,app17.M8,app1.M8}
  cost=8 deg=2 node=app19.M4 parent=app19.M0 nbrs={app19.M0,app19.Note73}
  cost=7 deg=2 node=app14.M1 parent=app14.M0 nbrs={app14.M0,app14.Tag2}
  cost=6 deg=1 node=app16.M4 parent=app16.M0 nbrs={app16.M0}
  cost=6 deg=2 node=app4.M6 parent=app4.M0 nbrs={app4.M0,app13.M3}
  cost=6 deg=2 node=app16.M8 parent=app16.M0 nbrs={app16.M0,app16.Address72}
  cost=5 deg=3 node=app12.M3 parent=app12.M0 nbrs={app12.M0,app12.M6,app12.Tag116}
  cost=5 deg=2 node=app1.M7 parent=app1.M0 nbrs={app1.M0,app1.Note52}
  cost=4 deg=1 node=app13.File133 parent=app13.M3 nbrs={app13.M3}
  cost=4 deg=2 node=app13.M3 parent=app4.M6 nbrs={app13.File133,app4.M6}
  cost=4 deg=1 node=app16.Log17 parent=app16.M9 nbrs={app16.M9}
[pd-knot] 268 polyline cross pairs, 6 resolved via endpoint swap.
[xings-detour] iters=2 initial-poly-pairs=279 accepted=13 (multi-seg, density-aware, polyline detect, iterative).
[visual-knot] 266→261 cross points, 27→28 hot cells (≥3), 55 handled, 5 swap accepted.
[leaf-untangle] candidates=198, with-cross=38, moved=20, crossings-resolved=56.
[leaf-untangle] candidates=198, with-cross=28, moved=3, crossings-resolved=8.
[leaf-untangle] candidates=198, with-cross=27, moved=3, crossings-resolved=4.
[stuck-leaf-diag] 31 candidates with cost>0 (top 15 below):
  cost=17 deg=3 node=app0.M4 parent=app0.M0 nbrs={app0.M0,app0.M1,app0.M6}
  cost=13 deg=3 node=app17.M8 parent=app17.M0 nbrs={app17.M0,app17.M9,app3.M0}
  cost=10 deg=3 node=app9.M2 parent=app3.M3 nbrs={app9.M0,app9.M1,app3.M3}
  cost=10 deg=3 node=app0.M6 parent=app0.M0 nbrs={app0.M0,app0.M4,app0.Address120}
  cost=9 deg=2 node=app19.M4 parent=app19.M0 nbrs={app19.M0,app19.Note73}
  cost=6 deg=1 node=app16.M4 parent=app16.M0 nbrs={app16.M0}
  cost=6 deg=2 node=app16.M8 parent=app16.M0 nbrs={app16.M0,app16.Address72}
  cost=5 deg=2 node=app4.M6 parent=app4.M0 nbrs={app4.M0,app13.M3}
  cost=5 deg=2 node=app14.M1 parent=app14.M0 nbrs={app14.M0,app14.Tag2}
  cost=4 deg=2 node=app1.M7 parent=app1.M0 nbrs={app1.M0,app1.Note52}
  cost=4 deg=1 node=app11.Log66 parent=app11.M7 nbrs={app11.M7}
  cost=4 deg=1 node=app16.Log17 parent=app16.M9 nbrs={app16.M9}
  cost=3 deg=1 node=app16.File89 parent=app16.M0 nbrs={app16.M0}
  cost=3 deg=2 node=app19.M9 parent=app19.M0 nbrs={app19.M0,app19.M13}
  cost=3 deg=2 node=app13.M3 parent=app4.M6 nbrs={app13.File133,app4.M6}
[carrier-cross] segment 255 -> carrier-grouped 237 (-7%). Carriers: 225 total (3 bundle + 144 cluster-pair + 78 individual).
[isolated-stash] Stashed 5 edge-less nodes in 6-column strip at x>=24155.
[face-raster] grid 5293x5353 (cell 5.0x5.0 units), 989 faces, 28059286 bg cells (99.0% of grid)
  face #1: 24654526 cells (87.9%), bbox 5293x5353 @ (0,0)
  face #682: 392382 cells (1.4%), bbox 627x1403 @ (634,2003)
  face #921: 386874 cells (1.4%), bbox 995x931 @ (640,2478)
  face #62: 224203 cells (0.8%), bbox 775x700 @ (182,1231)
  face #8: 194577 cells (0.7%), bbox 524x713 @ (964,532)
  face #6: 125940 cells (0.4%), bbox 336x729 @ (1489,419)
  face #4: 121593 cells (0.4%), bbox 634x425 @ (1177,415)
  face #807: 90706 cells (0.3%), bbox 393x477 @ (2088,2168)
[face-cohesion] 80 clusters analysed, 36 low-cohesion (<60% in dominant face)
  cohesion histogram:
     20%- 29%: 1 clusters
     30%- 39%: 13 clusters
     40%- 49%: 4 clusters
     50%- 59%: 18 clusters
     60%- 69%: 7 clusters
     70%- 79%: 2 clusters
     80%- 89%: 1 clusters
    100%-100%: 34 clusters
  top 10 low-cohesion clusters (largest first):
    _louv_103: 6 members, 2 in dominant face, 5 faces total (33%)
    _louv_66: 5 members, 2 in dominant face, 4 faces total (40%)
    _louv_55: 5 members, 2 in dominant face, 4 faces total (40%)
    _louv_57: 5 members, 2 in dominant face, 4 faces total (40%)
    _louv_62: 5 members, 1 in dominant face, 5 faces total (20%)
    _louv_70: 5 members, 2 in dominant face, 4 faces total (40%)
    _louv_27: 4 members, 2 in dominant face, 2 faces total (50%)
    _louv_12: 4 members, 2 in dominant face, 3 faces total (50%)
    _louv_32: 4 members, 2 in dominant face, 3 faces total (50%)
    _louv_88: 4 members, 2 in dominant face, 3 faces total (50%)
[face-density] 597 micro-faces (size<50), top 10 hot regions (macro 64x64 cells):
  region (45,21): 40 micro-faces, world (13813,6156)-(14133,6476)
  region (12,20): 34 micro-faces, world (3253,5836)-(3573,6156)
  region (26,32): 28 micro-faces, world (7733,9675)-(8053,9995)
  region (44,20): 27 micro-faces, world (13493,5836)-(13813,6156)
  region (45,22): 20 micro-faces, world (13813,6476)-(14133,6796)
  region (46,22): 19 micro-faces, world (14133,6476)-(14453,6796)
  region (27,30): 18 micro-faces, world (8053,9036)-(8373,9356)
  region (39,35): 16 micro-faces, world (11893,10635)-(12213,10955)
  region (27,28): 14 micro-faces, world (8053,8396)-(8373,8716)
  region (39,36): 14 micro-faces, world (11893,10955)-(12213,11275)
[face-ppm] Wrote /tmp/face-raster.ppm (2646x2676, downsampled from 5293x5353 by 2)
[face-untangle] 35 target clusters, 63 strays, 1 moved (poly cross 254 → 254, 0 fewer)
[stuck-leaf-2d] pass 1: 10 candidates, 1 moved, 1 cost units resolved.
[stuck-leaf-2d] pass 2: 9 candidates, 0 moved, 0 cost units resolved.
[stuck-leaf-2d] 9 candidates, 1 moved → REVERTED (poly cross 254 → 255)
[hot-region-sa] 17 hot cells (≥4 cross, 254 cross pts), top 5 processed, 27/926 swap accepted (cross 254 → 253, 1 fewer)
