[community] algorithm=louvain communities=131 meta=4
[hub-bias] Super-graph: pushed 14 high-deg cluster roots to 1.4x avgR.
[cg-time] 13ms post-hub-bias
[cg-time] 246ms pre-§10-outward-radial
[cg-time] 246ms pre-§11-compose
[cg-time] 246ms pre-§12-pruning-reattach
[cg-time] 246ms pre-§13-cluster-swap
[cg-time] 1017ms pre-§14-chain-straightening
[cg-time] 1018ms pre-§15-pruned-cross-min
[§15.5] Optimized 55 alone-root+independent nodes (10 moves).
[cg-time] 1032ms pre-bus-bundle
[bus-bundle] Created 1 bus bundles (2 members, sig ≥ 2 roots).
[xings-hotspot] total=271 xings across 148 offending edges (of 414)
  edge app8.M2↔app16.M0 xings=20 cluster=(_louv_56,?)
  edge app8.M0↔app8.M1 xings=19 cluster=(?,?)
  edge app3.M0↔app15.M3 xings=17 cluster=(?,?)
  edge app1.M8↔app5.M2 xings=14 cluster=(_louv_7,_louv_29)
  edge core.Hub0↔app10.M0 xings=11 cluster=(_louv_0,_louv_63)
  edge core.Hub0↔app1.M0 xings=10 cluster=(_louv_0,_louv_7)
  edge app15.M0↔app15.M1 xings=10 cluster=(_louv_105,_louv_6)
  edge app1.M0↔app1.M5 xings=10 cluster=(_louv_7,_louv_12)
[xings-hotspot] top cluster signatures:
  {?} xings=11
  {?|_louv_7} xings=9
  {?|_louv_24} xings=7
  {?|_louv_124} xings=6
  {?|_louv_56} xings=4
  {?|_louv_0} xings=4
  {?|_louv_0|_louv_7} xings=4
  {?|_louv_91} xings=4
[knot-min] Accepted 85 spatial swaps among 347 candidates.
[knot-min-2opt] Accepted 3 cross-targeted swaps.
[carrier-pre] 417 edges → 248 distinct carriers (cost-side filter).
[leaf-untangle] candidates=233, with-cross=81, moved=71, crossings-resolved=224.
[leaf-untangle] candidates=233, with-cross=21, moved=7, crossings-resolved=16.
[leaf-untangle] candidates=233, with-cross=16, moved=1, crossings-resolved=4.
[leaf-untangle] candidates=233, with-cross=15, moved=0, crossings-resolved=0.
[stuck-leaf-diag] 17 candidates with cost>0 (top 15 below):
  cost=18 deg=3 node=app1.M8 parent=app1.M0 nbrs={app1.M0,app1.M9,app5.M2}
  cost=17 deg=3 node=app1.M6 parent=app1.M0 nbrs={app1.M0,app1.M5,app8.M0}
  cost=9 deg=2 node=app18.M2 parent=app18.M0 nbrs={app18.M0,app14.M3}
  cost=8 deg=3 node=app18.M3 parent=app18.M0 nbrs={app18.M0,app18.M4,app1.M9}
  cost=6 deg=1 node=app13.M11 parent=app13.M0 nbrs={app13.M0}
  cost=5 deg=3 node=app10.M6 parent=app10.M0 nbrs={app10.M0,app10.M9,app17.M5}
  cost=4 deg=2 node=app6.M7 parent=app6.M0 nbrs={app6.M0,app6.Asset15}
  cost=3 deg=3 node=app5.M8 parent=app5.M0 nbrs={app5.M0,app5.M3,app5.Note101}
  cost=3 deg=3 node=app10.M14 parent=app10.M0 nbrs={app10.M0,app10.M11,app10.Asset63}
  cost=2 deg=3 node=app12.M2 parent=app12.M0 nbrs={app12.M0,app12.M1,app4.M2}
  cost=1 deg=2 node=app0.M3 parent=app16.M1 nbrs={app0.Address128,app16.M1}
  cost=1 deg=3 node=app7.M7 parent=app7.M0 nbrs={app7.M0,app7.M8,app7.Address113}
  cost=1 deg=2 node=app10.M3 parent=app15.M3 nbrs={app10.Note122,app15.M3}
  cost=1 deg=3 node=app17.M12 parent=app17.M0 nbrs={app17.M0,app17.M10,app17.File40}
  cost=1 deg=1 node=app11.File10 parent=app11.M10 nbrs={app11.M10}
[pd-knot] 203 polyline cross pairs, 6 resolved via endpoint swap.
[xings-detour] iters=2 initial-poly-pairs=198 accepted=8 (multi-seg, density-aware, polyline detect, iterative).
[visual-knot] 187→187 cross points, 6→6 hot cells (≥3), 6 handled, 0 swap accepted.
[leaf-untangle] candidates=233, with-cross=28, moved=9, crossings-resolved=23.
[leaf-untangle] candidates=233, with-cross=21, moved=1, crossings-resolved=2.
[leaf-untangle] candidates=233, with-cross=21, moved=0, crossings-resolved=0.
[stuck-leaf-diag] 23 candidates with cost>0 (top 15 below):
  cost=17 deg=3 node=app1.M8 parent=app1.M0 nbrs={app1.M0,app1.M9,app5.M2}
  cost=15 deg=3 node=app1.M6 parent=app1.M0 nbrs={app1.M0,app1.M5,app8.M0}
  cost=14 deg=3 node=app18.M3 parent=app18.M0 nbrs={app18.M0,app18.M4,app1.M9}
  cost=9 deg=2 node=app18.M2 parent=app18.M0 nbrs={app18.M0,app14.M3}
  cost=6 deg=1 node=app13.M11 parent=app13.M0 nbrs={app13.M0}
  cost=5 deg=3 node=app10.M6 parent=app10.M0 nbrs={app10.M0,app10.M9,app17.M5}
  cost=4 deg=2 node=app6.M7 parent=app6.M0 nbrs={app6.M0,app6.Asset15}
  cost=3 deg=3 node=app5.M8 parent=app5.M0 nbrs={app5.M0,app5.M3,app5.Note101}
  cost=3 deg=3 node=app10.M14 parent=app10.M0 nbrs={app10.M0,app10.M11,app10.Asset63}
  cost=2 deg=3 node=app1.M3 parent=app1.M0 nbrs={app1.M0,app1.Log85,app1.M7}
  cost=2 deg=2 node=app5.M5 parent=app5.M0 nbrs={app5.M0,app5.Note147}
  cost=2 deg=3 node=app12.M2 parent=app12.M0 nbrs={app12.M0,app12.M1,app4.M2}
  cost=1 deg=3 node=app0.M1 parent=app0.M0 nbrs={app0.M0,app0.M2,app0.File162}
  cost=1 deg=3 node=app0.M2 parent=app0.M0 nbrs={app0.M0,app0.M1,app0.Address83}
  cost=1 deg=2 node=app0.M3 parent=app16.M1 nbrs={app0.Address128,app16.M1}
[carrier-cross] segment 193 -> carrier-grouped 173 (-10%). Carriers: 249 total (3 bundle + 155 cluster-pair + 91 individual).
[isolated-stash] Stashed 3 edge-less nodes in 6-column strip at x>=63651.
[face-raster] grid 12655x7901 (cell 5.3x5.3 units), 626 faces, 99639334 bg cells (99.7% of grid)
  face #1: 86130642 cells (86.4%), bbox 12655x7901 @ (0,0)
  face #20: 1410934 cells (1.4%), bbox 985x3461 @ (1831,2354)
  face #170: 1009451 cells (1.0%), bbox 1627x1142 @ (5302,2922)
  face #519: 769536 cells (0.8%), bbox 1441x1505 @ (4672,4367)
  face #3: 700198 cells (0.7%), bbox 1874x958 @ (1798,2042)
  face #616: 531408 cells (0.5%), bbox 854x1227 @ (4681,5168)
  face #338: 458584 cells (0.5%), bbox 1022x2056 @ (2258,3754)
  face #134: 451729 cells (0.5%), bbox 1240x840 @ (5142,2779)
[face-cohesion] 92 clusters analysed, 21 low-cohesion (<60% in dominant face)
  cohesion histogram:
     20%- 29%: 1 clusters
     30%- 39%: 4 clusters
     40%- 49%: 2 clusters
     50%- 59%: 14 clusters
     60%- 69%: 21 clusters
     70%- 79%: 2 clusters
    100%-100%: 48 clusters
  top 10 low-cohesion clusters (largest first):
    _louv_105: 6 members, 2 in dominant face, 4 faces total (33%)
    _louv_16: 6 members, 3 in dominant face, 3 faces total (50%)
    _louv_127: 5 members, 2 in dominant face, 4 faces total (40%)
    _louv_48: 5 members, 2 in dominant face, 4 faces total (40%)
    _louv_93: 4 members, 2 in dominant face, 3 faces total (50%)
    _louv_128: 4 members, 2 in dominant face, 3 faces total (50%)
    _louv_87: 4 members, 1 in dominant face, 4 faces total (25%)
    _louv_115: 4 members, 2 in dominant face, 3 faces total (50%)
    _louv_44: 4 members, 2 in dominant face, 3 faces total (50%)
    _louv_56: 3 members, 1 in dominant face, 3 faces total (33%)
[face-density] 297 micro-faces (size<50), top 10 hot regions (macro 64x64 cells):
  region (75,39): 22 micro-faces, world (24127,12390)-(24467,12729)
  region (60,40): 21 micro-faces, world (19034,12729)-(19373,13069)
  region (43,56): 18 micro-faces, world (13261,18163)-(13601,18502)
  region (87,64): 18 micro-faces, world (28202,20879)-(28541,21219)
  region (48,51): 12 micro-faces, world (14959,16465)-(15299,16804)
  region (28,32): 12 micro-faces, world (8168,10012)-(8508,10352)
  region (58,50): 11 micro-faces, world (18355,16125)-(18694,16465)
  region (46,60): 11 micro-faces, world (14280,19521)-(14620,19861)
  region (46,43): 11 micro-faces, world (14280,13748)-(14620,14088)
  region (56,75): 6 micro-faces, world (17676,24615)-(18015,24954)
[face-ppm] Wrote /tmp/face-raster.ppm (3163x1975, downsampled from 12655x7901 by 4)
[face-untangle] 22 target clusters, 40 strays, 2 moved (poly cross 191 → 188, 3 fewer)
[stuck-leaf-2d] pass 1: 5 candidates, 3 moved, 3 cost units resolved.
[stuck-leaf-2d] pass 2: 2 candidates, 0 moved, 0 cost units resolved.
[stuck-leaf-2d] 2 candidates, 3 moved, 3 cost units resolved (poly cross 188 → 185, 3 fewer)
[hot-region-sa] 5 hot cells (≥4 cross, 185 cross pts), top 5 processed, 101/574 swap accepted (cross 185 → 185, 0 fewer)
