[community] algorithm=louvain communities=100 meta=4
[hub-bias] Super-graph: pushed 11 high-deg cluster roots to 1.4x avgR.
[cg-time] 8ms post-hub-bias
[cg-time] 60ms pre-§10-outward-radial
[cg-time] 60ms pre-§11-compose
[cg-time] 60ms pre-§12-pruning-reattach
[cg-time] 60ms pre-§13-cluster-swap
[cg-time] 1158ms pre-§14-chain-straightening
[cg-time] 1158ms pre-§15-pruned-cross-min
[§15.5] Optimized 26 alone-root+independent nodes (6 moves).
[cg-time] 1165ms pre-bus-bundle
[bus-bundle] Created 1 bus bundles (2 members, sig ≥ 2 roots).
[xings-hotspot] total=311 xings across 142 offending edges (of 328)
  edge app10.M12↔app17.M4 xings=25 cluster=(?,?)
  edge app1.M0↔app3.M3 xings=18 cluster=(?,_louv_13)
  edge app17.M0↔app17.M1 xings=17 cluster=(_louv_89,_louv_90)
  edge core.Hub1↔app14.M0 xings=16 cluster=(_louv_1,_louv_73)
  edge app9.M7↔app17.M4 xings=16 cluster=(_louv_38,?)
  edge app16.M0↔app16.M4 xings=15 cluster=(_louv_37,_louv_86)
  edge core.Hub0↔app2.M0 xings=15 cluster=(_louv_0,_louv_7)
  edge app0.M0↔app18.M3 xings=12 cluster=(?,_louv_94)
[xings-hotspot] top cluster signatures:
  {?|_louv_38} xings=6
  {?|_louv_81} xings=5
  {?|_louv_13} xings=5
  {?|_louv_18|_louv_6} xings=4
  {?|_louv_38|_louv_5} xings=3
  {?|_louv_1|_louv_37|_louv_89} xings=3
  {?|_louv_81|_louv_94} xings=3
  {?|_louv_1|_louv_73|_louv_81} xings=3
[knot-min] Accepted 58 spatial swaps among 247 candidates.
[knot-min-2opt] Accepted 3 cross-targeted swaps.
[carrier-pre] 335 edges → 208 distinct carriers (cost-side filter).
[leaf-untangle] candidates=145, with-cross=50, moved=37, crossings-resolved=126.
[leaf-untangle] candidates=145, with-cross=24, moved=2, crossings-resolved=7.
[leaf-untangle] candidates=145, with-cross=23, moved=1, crossings-resolved=1.
[leaf-untangle] candidates=145, with-cross=22, moved=0, crossings-resolved=0.
[stuck-leaf-diag] 29 candidates with cost>0 (top 15 below):
  cost=13 deg=3 node=app17.M1 parent=app17.M0 nbrs={app17.M0,app17.M4,app19.M8}
  cost=11 deg=3 node=app3.M3 parent=app3.M0 nbrs={app3.M0,app3.M1,app1.M0}
  cost=10 deg=2 node=app18.M8 parent=app7.M1 nbrs={app4.M3,app7.M1}
  cost=9 deg=3 node=app11.M9 parent=app11.M0 nbrs={app11.M0,app11.M4,app11.Tag27}
  cost=8 deg=2 node=app4.M3 parent=app4.M0 nbrs={app4.M0,app18.M8}
  cost=8 deg=2 node=app14.M1 parent=app14.M0 nbrs={app14.M0,app16.M9}
  cost=7 deg=3 node=app14.M13 parent=app14.M0 nbrs={app14.M0,app14.M14,app6.M1}
  cost=7 deg=3 node=app17.M2 parent=app17.M0 nbrs={app17.M0,app17.M5,app17.M3}
  cost=6 deg=2 node=app5.M10 parent=app5.M0 nbrs={app5.M0,app2.M4}
  cost=6 deg=3 node=app10.M6 parent=app10.M0 nbrs={app10.M0,app10.M14,app10.M3}
  cost=4 deg=3 node=app17.M3 parent=app17.M0 nbrs={app17.M0,app17.M2,app19.M1}
  cost=4 deg=3 node=app12.M12 parent=app12.M0 nbrs={app12.M13,app12.M0,app14.M12}
  cost=4 deg=2 node=app14.M5 parent=app14.M0 nbrs={app14.M0,app14.M14}
  cost=4 deg=2 node=app16.M9 parent=app16.M0 nbrs={app16.M0,app14.M1}
  cost=3 deg=2 node=app10.M2 parent=app10.M0 nbrs={app10.M0,app10.M7}
[pd-knot] 171 polyline cross pairs, 2 resolved via endpoint swap.
[xings-detour] iters=2 initial-poly-pairs=192 accepted=5 (multi-seg, density-aware, polyline detect, iterative).
[visual-knot] 185→184 cross points, 12→11 hot cells (≥3), 23 handled, 1 swap accepted.
[leaf-untangle] candidates=145, with-cross=23, moved=2, crossings-resolved=7.
[leaf-untangle] candidates=145, with-cross=22, moved=1, crossings-resolved=3.
[leaf-untangle] candidates=145, with-cross=22, moved=0, crossings-resolved=0.
[stuck-leaf-diag] 30 candidates with cost>0 (top 15 below):
  cost=13 deg=3 node=app17.M1 parent=app17.M0 nbrs={app17.M0,app17.M4,app19.M8}
  cost=11 deg=3 node=app3.M3 parent=app3.M0 nbrs={app3.M0,app3.M1,app1.M0}
  cost=10 deg=2 node=app18.M8 parent=app7.M1 nbrs={app4.M3,app7.M1}
  cost=9 deg=3 node=app11.M9 parent=app11.M0 nbrs={app11.M0,app11.M4,app11.Tag27}
  cost=8 deg=2 node=app4.M3 parent=app4.M0 nbrs={app4.M0,app18.M8}
  cost=8 deg=2 node=app14.M1 parent=app14.M0 nbrs={app14.M0,app16.M9}
  cost=7 deg=3 node=app17.M2 parent=app17.M0 nbrs={app17.M0,app17.M5,app17.M3}
  cost=7 deg=3 node=app14.M13 parent=app14.M0 nbrs={app14.M0,app14.M14,app6.M1}
  cost=6 deg=2 node=app5.M10 parent=app5.M0 nbrs={app5.M0,app2.M4}
  cost=6 deg=3 node=app10.M6 parent=app10.M0 nbrs={app10.M0,app10.M14,app10.M3}
  cost=4 deg=3 node=app17.M3 parent=app17.M0 nbrs={app17.M0,app17.M2,app19.M1}
  cost=4 deg=2 node=app14.M5 parent=app14.M0 nbrs={app14.M0,app14.M14}
  cost=4 deg=2 node=app16.M9 parent=app16.M0 nbrs={app16.M0,app14.M1}
  cost=3 deg=2 node=app10.M2 parent=app10.M0 nbrs={app10.M0,app10.M7}
  cost=3 deg=2 node=app11.M4 parent=app11.M0 nbrs={app11.M0,app11.M9}
[carrier-cross] segment 185 -> carrier-grouped 159 (-14%). Carriers: 208 total (5 bundle + 142 cluster-pair + 61 individual).
[isolated-stash] Stashed 13 edge-less nodes in 6-column strip at x>=32189.
[face-raster] grid 7025x5199 (cell 5.0x5.0 units), 823 faces, 36219583 bg cells (99.2% of grid)
  face #1: 25110592 cells (69.3%), bbox 7025x5199 @ (0,0)
  face #488: 1908724 cells (5.3%), bbox 2175x1603 @ (431,3469)
  face #113: 1262175 cells (3.5%), bbox 2385x1244 @ (3113,1822)
  face #25: 636192 cells (1.8%), bbox 2955x1329 @ (2170,1198)
  face #191: 601879 cells (1.7%), bbox 664x1826 @ (338,2273)
  face #8: 564846 cells (1.6%), bbox 1595x720 @ (1775,610)
  face #24: 428834 cells (1.2%), bbox 1360x591 @ (1738,1193)
  face #112: 406085 cells (1.1%), bbox 1084x1262 @ (2847,1822)
[face-cohesion] 64 clusters analysed, 20 low-cohesion (<60% in dominant face)
  cohesion histogram:
     30%- 39%: 5 clusters
     40%- 49%: 2 clusters
     50%- 59%: 13 clusters
     60%- 69%: 8 clusters
     80%- 89%: 2 clusters
    100%-100%: 34 clusters
  top 10 low-cohesion clusters (largest first):
    _louv_28: 10 members, 3 in dominant face, 7 faces total (30%)
    _louv_38: 8 members, 3 in dominant face, 4 faces total (38%)
    _louv_15: 6 members, 3 in dominant face, 2 faces total (50%)
    _louv_81: 5 members, 2 in dominant face, 4 faces total (40%)
    _louv_73: 5 members, 2 in dominant face, 4 faces total (40%)
    _louv_91: 4 members, 2 in dominant face, 3 faces total (50%)
    _louv_44: 4 members, 2 in dominant face, 3 faces total (50%)
    _louv_89: 3 members, 1 in dominant face, 3 faces total (33%)
    _louv_1: 3 members, 1 in dominant face, 3 faces total (33%)
    _louv_13: 3 members, 1 in dominant face, 3 faces total (33%)
[face-density] 519 micro-faces (size<50), top 10 hot regions (macro 64x64 cells):
  region (41,62): 27 micro-faces, world (12396,19291)-(12716,19611)
  region (39,72): 26 micro-faces, world (11756,22491)-(12076,22811)
  region (39,71): 26 micro-faces, world (11756,22171)-(12076,22491)
  region (41,63): 25 micro-faces, world (12396,19611)-(12716,19931)
  region (41,61): 22 micro-faces, world (12396,18971)-(12716,19291)
  region (41,64): 17 micro-faces, world (12396,19931)-(12716,20251)
  region (39,73): 17 micro-faces, world (11756,22811)-(12076,23131)
  region (14,55): 17 micro-faces, world (3756,17051)-(4076,17371)
  region (39,70): 17 micro-faces, world (11756,21851)-(12076,22171)
  region (13,49): 15 micro-faces, world (3436,15131)-(3756,15451)
[face-ppm] Wrote /tmp/face-raster.ppm (3512x2599, downsampled from 7025x5199 by 2)
[face-untangle] 20 target clusters, 41 strays, 1 moved (poly cross 183 → 177, 6 fewer)
[stuck-leaf-2d] pass 1: 2 candidates, 2 moved, 2 cost units resolved.
[stuck-leaf-2d] pass 2: 1 candidates, 0 moved, 0 cost units resolved.
[stuck-leaf-2d] 1 candidates, 2 moved, 2 cost units resolved (poly cross 177 → 177, 0 fewer)
[hot-region-sa] 10 hot cells (≥4 cross, 177 cross pts), top 5 processed, 21/594 swap accepted (cross 177 → 177, 0 fewer)
