[community] algorithm=louvain communities=111 meta=5
[hub-bias] Super-graph: pushed 11 high-deg cluster roots to 1.4x avgR.
[cg-time] 12ms post-hub-bias
[cg-time] 63ms pre-§10-outward-radial
[cg-time] 63ms pre-§11-compose
[cg-time] 63ms pre-§12-pruning-reattach
[cg-time] 63ms pre-§13-cluster-swap
[cg-time] 712ms pre-§14-chain-straightening
[cg-time] 712ms pre-§15-pruned-cross-min
[§15.5] Optimized 41 alone-root+independent nodes (3 moves).
[cg-time] 722ms pre-bus-bundle
[xings-hotspot] total=228 xings across 134 offending edges (of 344)
  edge app1.M9↔app5.M9 xings=20 cluster=(?,?)
  edge app17.M0↔app17.M2 xings=14 cluster=(?,?)
  edge app5.M1↔app17.M1 xings=12 cluster=(_louv_32,?)
  edge core.Hub0↔app4.M0 xings=11 cluster=(_louv_0,_louv_24)
  edge app19.M2↔app19.M6 xings=10 cluster=(?,?)
  edge app15.M0↔app15.M7 xings=10 cluster=(_louv_86,_louv_92)
  edge app7.M0↔app7.M4 xings=10 cluster=(?,?)
  edge app3.M2↔app15.M8 xings=9 cluster=(_louv_20,_louv_93)
[xings-hotspot] top cluster signatures:
  {?} xings=9
  {?|_louv_5} xings=5
  {?|_louv_46} xings=4
  {?|_louv_102|_louv_27} xings=4
  {?|_louv_110|_louv_91} xings=4
  {?|_louv_68} xings=4
  {?|_louv_102} xings=4
  {?|_louv_0|_louv_24} xings=4
[knot-min] Accepted 51 spatial swaps among 297 candidates.
[carrier-pre] 344 edges → 225 distinct carriers (cost-side filter).
[leaf-untangle] candidates=182, with-cross=66, moved=52, crossings-resolved=193.
[leaf-untangle] candidates=182, with-cross=27, moved=7, crossings-resolved=21.
[leaf-untangle] candidates=182, with-cross=23, moved=1, crossings-resolved=3.
[leaf-untangle] candidates=182, with-cross=22, moved=0, crossings-resolved=0.
[stuck-leaf-diag] 22 candidates with cost>0 (top 15 below):
  cost=13 deg=3 node=app5.M1 parent=app5.M0 nbrs={app5.M0,app5.M5,app17.M1}
  cost=8 deg=2 node=app10.M3 parent=app10.M0 nbrs={app10.M0,app17.M4}
  cost=7 deg=3 node=app7.M0 parent=app7.M2 nbrs={app7.M2,app7.M3,app7.M4}
  cost=6 deg=3 node=app4.M5 parent=app4.M0 nbrs={app4.M0,app4.M11,app8.M8}
  cost=6 deg=2 node=app10.M9 parent=app10.M2 nbrs={app10.M2,app10.Address37}
  cost=6 deg=2 node=app17.M4 parent=app17.M0 nbrs={app17.M0,app10.M3}
  cost=3 deg=3 node=app5.M5 parent=app5.M0 nbrs={app5.M0,app5.M12,app5.M1}
  cost=3 deg=3 node=app15.M10 parent=app15.M0 nbrs={app15.M0,app15.M11,app19.M2}
  cost=3 deg=1 node=app10.Address37 parent=app10.M9 nbrs={app10.M9}
  cost=2 deg=2 node=app1.M12 parent=app1.M0 nbrs={app1.M0,app1.M8}
  cost=2 deg=2 node=app9.M12 parent=app15.M7 nbrs={app9.Log23,app15.M7}
  cost=1 deg=2 node=app5.M6 parent=app0.M0 nbrs={app5.Log49,app0.M0}
  cost=1 deg=2 node=app5.M13 parent=app5.M0 nbrs={app5.M0,app5.Address46}
  cost=1 deg=2 node=app12.M2 parent=app15.M1 nbrs={app12.M0,app15.M1}
  cost=1 deg=2 node=app15.M4 parent=app15.M0 nbrs={app15.M0,app15.M3}
[pd-knot] 171 polyline cross pairs, 3 resolved via endpoint swap.
[xings-detour] iters=2 initial-poly-pairs=173 accepted=3 (multi-seg, density-aware, polyline detect, iterative).
[visual-knot] 168→168 cross points, 11→11 hot cells (≥3), 11 handled, 0 swap accepted.
[leaf-untangle] candidates=182, with-cross=24, moved=3, crossings-resolved=7.
[leaf-untangle] candidates=182, with-cross=21, moved=0, crossings-resolved=0.
[stuck-leaf-diag] 21 candidates with cost>0 (top 15 below):
  cost=13 deg=3 node=app5.M1 parent=app5.M0 nbrs={app5.M0,app5.M5,app17.M1}
  cost=8 deg=2 node=app10.M3 parent=app10.M0 nbrs={app10.M0,app17.M4}
  cost=7 deg=3 node=app7.M0 parent=app7.M2 nbrs={app7.M2,app7.M3,app7.M4}
  cost=6 deg=3 node=app4.M5 parent=app4.M0 nbrs={app4.M0,app4.M11,app8.M8}
  cost=6 deg=2 node=app10.M9 parent=app10.M2 nbrs={app10.M2,app10.Address37}
  cost=6 deg=2 node=app17.M4 parent=app17.M0 nbrs={app17.M0,app10.M3}
  cost=3 deg=3 node=app5.M5 parent=app5.M0 nbrs={app5.M0,app5.M12,app5.M1}
  cost=3 deg=3 node=app15.M10 parent=app15.M0 nbrs={app15.M0,app15.M11,app19.M2}
  cost=3 deg=1 node=app10.Address37 parent=app10.M9 nbrs={app10.M9}
  cost=2 deg=2 node=app1.M12 parent=app1.M0 nbrs={app1.M0,app1.M8}
  cost=2 deg=2 node=app9.M12 parent=app15.M7 nbrs={app9.Log23,app15.M7}
  cost=1 deg=2 node=app5.M6 parent=app0.M0 nbrs={app5.Log49,app0.M0}
  cost=1 deg=2 node=app5.M13 parent=app5.M0 nbrs={app5.M0,app5.Address46}
  cost=1 deg=2 node=app12.M2 parent=app15.M1 nbrs={app12.M0,app15.M1}
  cost=1 deg=2 node=app15.M4 parent=app15.M0 nbrs={app15.M0,app15.M3}
[isolated-stash] Stashed 5 edge-less nodes in 6-column strip at x>=23888.
[face-raster] grid 5245x4338 (cell 5.0x5.0 units), 617 faces, 22478202 bg cells (98.8% of grid)
  face #1: 17285707 cells (76.9%), bbox 5245x4338 @ (0,0)
  face #2: 474431 cells (2.1%), bbox 968x932 @ (650,113)
  face #50: 294609 cells (1.3%), bbox 874x993 @ (2995,1152)
  face #492: 281336 cells (1.3%), bbox 785x1152 @ (2033,2464)
  face #549: 176178 cells (0.8%), bbox 569x956 @ (2016,2661)
  face #576: 165855 cells (0.7%), bbox 611x807 @ (2840,2821)
  face #473: 164579 cells (0.7%), bbox 512x1280 @ (2940,2346)
  face #3: 152272 cells (0.7%), bbox 675x921 @ (1180,113)
[face-cohesion] 77 clusters analysed, 31 low-cohesion (<60% in dominant face)
  cohesion histogram:
     20%- 29%: 1 clusters
     30%- 39%: 7 clusters
     50%- 59%: 23 clusters
     60%- 69%: 13 clusters
     70%- 79%: 1 clusters
     80%- 89%: 1 clusters
    100%-100%: 31 clusters
  top 10 low-cohesion clusters (largest first):
    _louv_95: 5 members, 1 in dominant face, 5 faces total (20%)
    _louv_60: 4 members, 2 in dominant face, 3 faces total (50%)
    _louv_5: 4 members, 2 in dominant face, 3 faces total (50%)
    _louv_18: 4 members, 2 in dominant face, 3 faces total (50%)
    _louv_32: 4 members, 2 in dominant face, 3 faces total (50%)
    _louv_76: 4 members, 2 in dominant face, 2 faces total (50%)
    _louv_106: 3 members, 1 in dominant face, 3 faces total (33%)
    _louv_102: 3 members, 1 in dominant face, 3 faces total (33%)
    _louv_68: 3 members, 1 in dominant face, 3 faces total (33%)
    _louv_92: 3 members, 1 in dominant face, 3 faces total (33%)
[face-density] 337 micro-faces (size<50), top 10 hot regions (macro 64x64 cells):
  region (22,32): 40 micro-faces, world (6487,9773)-(6807,10093)
  region (40,43): 18 micro-faces, world (12247,13292)-(12567,13612)
  region (40,19): 17 micro-faces, world (12247,5614)-(12567,5934)
  region (32,39): 15 micro-faces, world (9687,12012)-(10007,12332)
  region (53,54): 13 micro-faces, world (16407,16812)-(16727,17131)
  region (40,25): 13 micro-faces, world (12247,7533)-(12567,7853)
  region (17,31): 11 micro-faces, world (4887,9453)-(5207,9773)
  region (40,44): 10 micro-faces, world (12247,13612)-(12567,13932)
  region (40,26): 10 micro-faces, world (12247,7853)-(12567,8173)
  region (22,33): 9 micro-faces, world (6487,10093)-(6807,10413)
[face-ppm] Wrote /tmp/face-raster.ppm (2622x2169, downsampled from 5245x4338 by 2)
[face-untangle] 31 target clusters, 44 strays, 3 moved (poly cross 167 → 164, 3 fewer)
[stuck-leaf-2d] pass 1: 4 candidates, 3 moved, 3 cost units resolved.
[stuck-leaf-2d] pass 2: 1 candidates, 0 moved, 0 cost units resolved.
[stuck-leaf-2d] 1 candidates, 3 moved, 3 cost units resolved (poly cross 164 → 161, 3 fewer)
[hot-region-sa] 12 hot cells (≥4 cross, 161 cross pts), top 5 processed, 87/772 swap accepted (cross 161 → 161, 0 fewer)
