[community] algorithm=louvain communities=36 meta=3
[hub-bias] Super-graph: pushed 4 high-deg cluster roots to 1.4x avgR.
[cg-time] 3ms post-hub-bias
[cg-time] 4ms pre-§10-outward-radial
[cg-time] 4ms pre-§11-compose
[cg-time] 4ms pre-§12-pruning-reattach
[cg-time] 4ms pre-§13-cluster-swap
[cg-time] 28ms pre-§14-chain-straightening
[cg-time] 28ms pre-§15-pruned-cross-min
[§15.5] Optimized 3 alone-root+independent nodes (1 moves).
[cg-time] 28ms pre-bus-bundle
[xings-hotspot] total=28 xings across 26 offending edges (of 96)
  edge core.Hub0↔app2.M0 xings=8 cluster=(?,_louv_0)
  edge core.Hub1↔app6.M0 xings=5 cluster=(_louv_1,_louv_23)
  edge app7.M0↔app7.M2 xings=4 cluster=(?,_louv_25)
  edge app6.M4↔app6.M7 xings=4 cluster=(_louv_23,?)
  edge core.Hub0↔app1.M0 xings=3 cluster=(?,_louv_7)
  edge core.Hub0↔app8.M0 xings=3 cluster=(?,_louv_31)
  edge core.Hub1↔app0.M0 xings=3 cluster=(_louv_1,_louv_2)
  edge app6.M0↔app6.M2 xings=3 cluster=(_louv_23,?)
[xings-hotspot] top cluster signatures:
  {?|_louv_23} xings=3
  {?|_louv_23|_louv_27} xings=3
  {?|_louv_0|_louv_1} xings=1
  {?|_louv_0|_louv_1|_louv_23} xings=1
  {?|_louv_0|_louv_25} xings=1
  {?|_louv_0|_louv_7} xings=1
  {?|_louv_0|_louv_7|_louv_8} xings=1
  {?|_louv_0|_louv_7|_louv_9} xings=1
[knot-min] Accepted 16 spatial swaps among 86 candidates.
[carrier-pre] 98 edges → 58 distinct carriers (cost-side filter).
[leaf-untangle] candidates=53, with-cross=27, moved=23, crossings-resolved=84.
[leaf-untangle] candidates=53, with-cross=12, moved=7, crossings-resolved=26.
[leaf-untangle] candidates=53, with-cross=10, moved=4, crossings-resolved=7.
[leaf-untangle] candidates=53, with-cross=9, moved=2, crossings-resolved=7.
[stuck-leaf-diag] 8 candidates with cost>0 (top 15 below):
  cost=2 deg=2 node=app1.M10 parent=app1.M3 nbrs={app1.M3,app6.M2}
  cost=2 deg=2 node=app3.M5 parent=app3.M0 nbrs={app3.M0,app2.M1}
  cost=1 deg=2 node=app1.M3 parent=app1.M0 nbrs={app1.M0,app1.M10}
  cost=1 deg=2 node=app2.M1 parent=app8.M2 nbrs={app8.M2,app3.M5}
  cost=1 deg=3 node=app4.M4 parent=app4.M0 nbrs={app4.M0,app4.M2,app8.M4}
  cost=1 deg=2 node=app6.M2 parent=app6.M0 nbrs={app6.M0,app1.M10}
  cost=1 deg=2 node=app7.M2 parent=app4.M0 nbrs={app7.M0,app4.M0}
  cost=1 deg=2 node=app8.M3 parent=app8.M0 nbrs={app8.M0,app8.Asset2}
[pd-knot] 7 polyline cross pairs, 0 resolved via endpoint swap.
[xings-detour] iters=1 initial-poly-pairs=9 accepted=0 (multi-seg, density-aware, polyline detect, iterative).
[visual-knot] 8→8 cross points, 0→0 hot cells (≥3), 0 handled, 0 swap accepted.
[leaf-untangle] candidates=53, with-cross=8, moved=0, crossings-resolved=0.
[stuck-leaf-diag] 8 candidates with cost>0 (top 15 below):
  cost=2 deg=2 node=app1.M10 parent=app1.M3 nbrs={app1.M3,app6.M2}
  cost=2 deg=2 node=app3.M5 parent=app3.M0 nbrs={app3.M0,app2.M1}
  cost=1 deg=2 node=app1.M3 parent=app1.M0 nbrs={app1.M0,app1.M10}
  cost=1 deg=2 node=app2.M1 parent=app8.M2 nbrs={app8.M2,app3.M5}
  cost=1 deg=3 node=app4.M4 parent=app4.M0 nbrs={app4.M0,app4.M2,app8.M4}
  cost=1 deg=2 node=app6.M2 parent=app6.M0 nbrs={app6.M0,app1.M10}
  cost=1 deg=2 node=app7.M2 parent=app4.M0 nbrs={app7.M0,app4.M0}
  cost=1 deg=2 node=app8.M3 parent=app8.M0 nbrs={app8.M0,app8.Asset2}
[isolated-stash] Stashed 9 edge-less nodes in 6-column strip at x>=8769.
[face-raster] grid 2449x1775 (cell 5.0x5.0 units), 57 faces, 4257695 bg cells (97.9% of grid)
  face #1: 3580280 cells (84.1%), bbox 2449x1775 @ (0,0)
  face #7: 210981 cells (5.0%), bbox 846x704 @ (1112,587)
  face #28: 97998 cells (2.3%), bbox 593x410 @ (497,801)
  face #4: 67538 cells (1.6%), bbox 531x364 @ (975,438)
  face #36: 38302 cells (0.9%), bbox 364x215 @ (1292,1076)
  face #26: 35050 cells (0.8%), bbox 269x255 @ (1290,800)
  face #22: 29939 cells (0.7%), bbox 578x404 @ (487,797)
  face #30: 27458 cells (0.6%), bbox 213x275 @ (960,939)
[face-cohesion] 20 clusters analysed, 10 low-cohesion (<60% in dominant face)
  cohesion histogram:
     20%- 29%: 1 clusters
     30%- 39%: 1 clusters
     40%- 49%: 2 clusters
     50%- 59%: 6 clusters
     60%- 69%: 1 clusters
     80%- 89%: 1 clusters
    100%-100%: 8 clusters
  top 10 low-cohesion clusters (largest first):
    _louv_19: 5 members, 2 in dominant face, 3 faces total (40%)
    _louv_25: 5 members, 2 in dominant face, 3 faces total (40%)
    _louv_23: 4 members, 1 in dominant face, 4 faces total (25%)
    _louv_31: 3 members, 1 in dominant face, 3 faces total (33%)
    _louv_1: 2 members, 1 in dominant face, 2 faces total (50%)
    _louv_21: 2 members, 1 in dominant face, 2 faces total (50%)
    _louv_30: 2 members, 1 in dominant face, 2 faces total (50%)
    _louv_12: 2 members, 1 in dominant face, 2 faces total (50%)
    _louv_0: 2 members, 1 in dominant face, 2 faces total (50%)
    _louv_8: 2 members, 1 in dominant face, 2 faces total (50%)
[face-density] 23 micro-faces (size<50), top 10 hot regions (macro 64x64 cells):
  region (15,12): 6 micro-faces, world (3075,5143)-(3395,5463)
  region (15,16): 4 micro-faces, world (3075,6423)-(3395,6742)
  region (18,20): 3 micro-faces, world (4035,7702)-(4355,8022)
  region (8,17): 2 micro-faces, world (836,6742)-(1156,7062)
  region (6,19): 2 micro-faces, world (196,7382)-(516,7702)
  region (15,10): 1 micro-faces, world (3075,4504)-(3395,4823)
  region (22,10): 1 micro-faces, world (5315,4504)-(5635,4823)
  region (15,15): 1 micro-faces, world (3075,6103)-(3395,6423)
  region (29,17): 1 micro-faces, world (7555,6742)-(7875,7062)
  region (16,18): 1 micro-faces, world (3395,7062)-(3715,7382)
[face-ppm] Wrote /tmp/face-raster.ppm (2449x1775, downsampled from 2449x1775 by 1)
[face-untangle] 9 target clusters, 14 strays, 0 moved (poly cross 8 → 8, 0 fewer)
[stuck-leaf-2d] pass 1: 0 candidates, 0 moved, 0 cost units resolved.
[stuck-leaf-2d] 0 candidates, 0 moved, 0 cost units resolved (poly cross 8 → 8, 0 fewer)
[hot-region-sa] 0 hot cells (≥4 cross, 8 cross pts), top 0 processed, 0/0 swap accepted (cross 8 → 8, 0 fewer)
