[community] algorithm=louvain communities=93 meta=6
[hub-bias] Super-graph: pushed 10 high-deg cluster roots to 1.4x avgR.
[cg-time] 8ms post-hub-bias
[cg-time] 96ms pre-§10-outward-radial
[cg-time] 96ms pre-§11-compose
[cg-time] 96ms pre-§12-pruning-reattach
[cg-time] 96ms pre-§13-cluster-swap
[cg-time] 1089ms pre-§14-chain-straightening
[cg-time] 1089ms pre-§15-pruned-cross-min
[§15.5] Optimized 35 alone-root+independent nodes (6 moves).
[cg-time] 1095ms pre-bus-bundle
[bus-bundle] Created 1 bus bundles (2 members, sig ≥ 2 roots).
[xings-hotspot] total=359 xings across 140 offending edges (of 306)
  edge core.Hub2↔app11.M0 xings=20 cluster=(_louv_2,_louv_54)
  edge app3.M3↔app4.M1 xings=19 cluster=(_louv_13,_louv_18)
  edge app15.M0↔app15.M4 xings=19 cluster=(_louv_74,?)
  edge app4.M4↔app18.M7 xings=17 cluster=(?,_louv_52)
  edge core.Hub0↔app12.M0 xings=17 cluster=(_louv_0,_louv_60)
  edge app7.M0↔app17.M8 xings=14 cluster=(?,?)
  edge core.Hub0↔app9.M0 xings=14 cluster=(_louv_0,_louv_37)
  edge app12.M2↔app12.M7 xings=14 cluster=(?,?)
[xings-hotspot] top cluster signatures:
  {?|_louv_68} xings=6
  {?|_louv_0|_louv_60} xings=5
  {?|_louv_74} xings=5
  {?|_louv_6|_louv_68} xings=4
  {?|_louv_0} xings=4
  {?|_louv_26|_louv_91} xings=4
  {?|_louv_91} xings=4
  {?|_louv_37|_louv_68} xings=4
[knot-min] Accepted 54 spatial swaps among 237 candidates.
[knot-min-2opt] Accepted 2 cross-targeted swaps.
[carrier-pre] 306 edges → 199 distinct carriers (cost-side filter).
[leaf-untangle] candidates=143, with-cross=52, moved=39, crossings-resolved=119.
[leaf-untangle] candidates=143, with-cross=31, moved=16, crossings-resolved=38.
[leaf-untangle] candidates=143, with-cross=24, moved=2, crossings-resolved=4.
[leaf-untangle] candidates=143, with-cross=23, moved=1, crossings-resolved=1.
[stuck-leaf-diag] 26 candidates with cost>0 (top 15 below):
  cost=17 deg=2 node=app1.M3 parent=app8.M0 nbrs={app1.M5,app8.M0}
  cost=10 deg=2 node=app1.M5 parent=app11.M0 nbrs={app1.M3,app11.M0}
  cost=9 deg=3 node=app3.M6 parent=app3.M0 nbrs={app3.M0,app3.M1,app7.M1}
  cost=8 deg=3 node=app19.M6 parent=app19.M0 nbrs={app19.M0,app19.M2,app4.M2}
  cost=8 deg=3 node=app13.M1 parent=app13.M2 nbrs={app13.M0,app13.M2,app9.M3}
  cost=7 deg=3 node=app4.M1 parent=app4.M0 nbrs={app4.M0,app3.M3,app6.M2}
  cost=3 deg=2 node=app11.M8 parent=app11.M0 nbrs={app11.M0,app11.Log52}
  cost=3 deg=2 node=app17.M4 parent=app17.M0 nbrs={app17.M0,app5.M1}
  cost=3 deg=3 node=app13.M0 parent=core.Hub1 nbrs={app13.M1,app13.M2,core.Hub1}
  cost=3 deg=3 node=app9.M4 parent=app9.M0 nbrs={app9.M0,app9.M5,app17.M7}
  cost=3 deg=2 node=app10.M8 parent=app8.M0 nbrs={app10.M4,app8.M0}
  cost=2 deg=2 node=app0.M1 parent=app0.M0 nbrs={app0.M0,app0.M2}
  cost=2 deg=2 node=app15.M5 parent=app15.M0 nbrs={app15.M0,app15.M2}
  cost=2 deg=2 node=app16.M2 parent=app5.M4 nbrs={app16.M1,app5.M4}
  cost=2 deg=3 node=app6.M2 parent=app6.M0 nbrs={app6.M0,app4.M0,app4.M1}
[pd-knot] 252 polyline cross pairs, 0 resolved via endpoint swap.
[xings-detour] iters=2 initial-poly-pairs=252 accepted=7 (multi-seg, density-aware, polyline detect, iterative).
[visual-knot] 244→242 cross points, 13→12 hot cells (≥3), 25 handled, 2 swap accepted.
[leaf-untangle] candidates=143, with-cross=23, moved=2, crossings-resolved=4.
[leaf-untangle] candidates=143, with-cross=23, moved=0, crossings-resolved=0.
[stuck-leaf-diag] 26 candidates with cost>0 (top 15 below):
  cost=17 deg=2 node=app1.M3 parent=app8.M0 nbrs={app1.M5,app8.M0}
  cost=10 deg=2 node=app1.M5 parent=app11.M0 nbrs={app1.M3,app11.M0}
  cost=9 deg=3 node=app3.M6 parent=app3.M0 nbrs={app3.M0,app3.M1,app7.M1}
  cost=8 deg=3 node=app19.M6 parent=app19.M0 nbrs={app19.M0,app19.M2,app4.M2}
  cost=8 deg=3 node=app13.M1 parent=app13.M2 nbrs={app13.M0,app13.M2,app9.M3}
  cost=7 deg=3 node=app4.M1 parent=app4.M0 nbrs={app4.M0,app3.M3,app6.M2}
  cost=3 deg=2 node=app11.M8 parent=app11.M0 nbrs={app11.M0,app11.Log52}
  cost=3 deg=2 node=app17.M4 parent=app17.M0 nbrs={app17.M0,app5.M1}
  cost=3 deg=3 node=app13.M0 parent=core.Hub1 nbrs={app13.M1,app13.M2,core.Hub1}
  cost=3 deg=3 node=app9.M4 parent=app9.M0 nbrs={app9.M0,app9.M5,app17.M7}
  cost=3 deg=2 node=app10.M8 parent=app8.M0 nbrs={app10.M4,app8.M0}
  cost=2 deg=2 node=app0.M1 parent=app0.M0 nbrs={app0.M0,app0.M2}
  cost=2 deg=2 node=app15.M5 parent=app15.M0 nbrs={app15.M0,app15.M2}
  cost=2 deg=2 node=app16.M2 parent=app5.M4 nbrs={app16.M1,app5.M4}
  cost=2 deg=3 node=app6.M2 parent=app6.M0 nbrs={app6.M0,app4.M0,app4.M1}
[carrier-cross] segment 243 -> carrier-grouped 214 (-12%). Carriers: 193 total (2 bundle + 134 cluster-pair + 57 individual).
[isolated-stash] Stashed 8 edge-less nodes in 6-column strip at x>=27692.
[face-raster] grid 6121x3972 (cell 5.0x5.0 units), 701 faces, 24045466 bg cells (98.9% of grid)
  face #1: 16821524 cells (70.0%), bbox 6121x3972 @ (0,0)
  face #65: 729309 cells (3.0%), bbox 1072x1266 @ (190,1357)
  face #19: 557596 cells (2.3%), bbox 1094x1531 @ (862,621)
  face #31: 464006 cells (1.9%), bbox 1345x1238 @ (501,982)
  face #3: 417983 cells (1.7%), bbox 693x1320 @ (2812,358)
  face #573: 276759 cells (1.2%), bbox 895x758 @ (732,2853)
  face #412: 213452 cells (0.9%), bbox 1126x357 @ (213,2473)
  face #2: 213140 cells (0.9%), bbox 947x1114 @ (2555,358)
[face-cohesion] 60 clusters analysed, 20 low-cohesion (<60% in dominant face)
  cohesion histogram:
     20%- 29%: 3 clusters
     30%- 39%: 5 clusters
     50%- 59%: 12 clusters
     60%- 69%: 11 clusters
     70%- 79%: 1 clusters
    100%-100%: 28 clusters
  top 10 low-cohesion clusters (largest first):
    _louv_60: 4 members, 2 in dominant face, 2 faces total (50%)
    _louv_33: 4 members, 2 in dominant face, 3 faces total (50%)
    _louv_24: 4 members, 1 in dominant face, 4 faces total (25%)
    _louv_2: 4 members, 1 in dominant face, 4 faces total (25%)
    _louv_13: 4 members, 1 in dominant face, 4 faces total (25%)
    _louv_69: 3 members, 1 in dominant face, 3 faces total (33%)
    _louv_27: 3 members, 1 in dominant face, 3 faces total (33%)
    _louv_3: 3 members, 1 in dominant face, 3 faces total (33%)
    _louv_37: 3 members, 1 in dominant face, 3 faces total (33%)
    _louv_17: 3 members, 1 in dominant face, 3 faces total (33%)
[face-density] 357 micro-faces (size<50), top 10 hot regions (macro 64x64 cells):
  region (48,43): 27 micro-faces, world (14721,13330)-(15041,13650)
  region (54,35): 21 micro-faces, world (16641,10770)-(16961,11090)
  region (40,21): 18 micro-faces, world (12161,6290)-(12481,6610)
  region (53,46): 15 micro-faces, world (16321,14290)-(16641,14610)
  region (49,45): 15 micro-faces, world (15041,13970)-(15361,14290)
  region (26,41): 14 micro-faces, world (7682,12690)-(8002,13010)
  region (55,36): 13 micro-faces, world (16961,11090)-(17281,11410)
  region (52,47): 13 micro-faces, world (16001,14610)-(16321,14930)
  region (47,42): 12 micro-faces, world (14401,13010)-(14721,13330)
  region (8,21): 12 micro-faces, world (1923,6290)-(2243,6610)
[face-ppm] Wrote /tmp/face-raster.ppm (3060x1986, downsampled from 6121x3972 by 2)
[face-untangle] 17 target clusters, 24 strays, 3 moved → REVERTED (poly cross 242 → 243)
[stuck-leaf-2d] pass 1: 5 candidates, 5 moved, 5 cost units resolved.
[stuck-leaf-2d] pass 2: 0 candidates, 0 moved, 0 cost units resolved.
[stuck-leaf-2d] 0 candidates, 5 moved, 5 cost units resolved (poly cross 243 → 240, 3 fewer)
[hot-region-sa] 14 hot cells (≥4 cross, 240 cross pts), top 5 processed, 42/577 swap accepted (cross 240 → 240, 0 fewer)
