[community] algorithm=louvain communities=98 meta=4
[hub-bias] Super-graph: pushed 1 high-deg cluster roots to 1.4x avgR.
[cg-time] 8ms post-hub-bias
[cg-time] 431ms pre-§10-outward-radial
[cg-time] 431ms pre-§11-compose
[cg-time] 431ms pre-§12-pruning-reattach
[cg-time] 431ms pre-§13-cluster-swap
[cg-time] 852ms pre-§14-chain-straightening
[cg-time] 852ms pre-§15-pruned-cross-min
[§15.5] Optimized 27 alone-root+independent nodes (6 moves).
[cg-time] 858ms pre-bus-bundle
[bus-bundle] Created 3 bus bundles (6 members, sig ≥ 2 roots).
[xings-hotspot] total=295 xings across 133 offending edges (of 310)
  edge app15.M3↔app19.M4 xings=25 cluster=(?,?)
  edge app1.M3↔app18.M3 xings=22 cluster=(?,_louv_65)
  edge app7.M10↔app15.M0 xings=18 cluster=(?,?)
  edge app15.M0↔app15.M1 xings=15 cluster=(?,_louv_67)
  edge app4.M0↔app4.M5 xings=13 cluster=(_louv_20,_louv_23)
  edge app10.M0↔app14.M13 xings=13 cluster=(?,?)
  edge app1.M5↔app17.M6 xings=13 cluster=(?,?)
  edge app6.M1↔app6.M11 xings=12 cluster=(?,?)
[xings-hotspot] top cluster signatures:
  {?} xings=16
  {?|_louv_66} xings=12
  {?|_louv_7} xings=10
  {?|_louv_88} xings=8
  {?|_louv_71} xings=8
  {?|_louv_68|_louv_85} xings=7
  {?|_louv_43} xings=6
  {?|_louv_65} xings=6
[bundle-clear] Pushed 4 nodes off bundle bboxes.
[knot-min] Accepted 70 spatial swaps among 236 candidates.
[carrier-pre] 314 edges → 206 distinct carriers (cost-side filter).
[leaf-untangle] candidates=151, with-cross=59, moved=49, crossings-resolved=160.
[leaf-untangle] candidates=151, with-cross=27, moved=13, crossings-resolved=39.
[leaf-untangle] candidates=151, with-cross=20, moved=0, crossings-resolved=0.
[stuck-leaf-diag] 34 candidates with cost>0 (top 15 below):
  cost=18 deg=2 node=app14.M4 parent=app14.M2 nbrs={app14.M9,app14.M2}
  cost=13 deg=3 node=app19.M4 parent=app19.M0 nbrs={app19.M0,app19.M1,app15.M3}
  cost=11 deg=1 node=app14.M5 parent=app14.M0 nbrs={app14.M0}
  cost=10 deg=3 node=app18.M2 parent=app10.M2 nbrs={app18.M0,app18.M1,app10.M2}
  cost=10 deg=3 node=app4.M11 parent=app4.M0 nbrs={app4.M0,app4.M1,app1.M2}
  cost=9 deg=2 node=app11.M3 parent=app11.M0 nbrs={app11.M0,app18.M1}
  cost=9 deg=2 node=app11.M7 parent=app11.M0 nbrs={app11.M0,app12.M1}
  cost=7 deg=2 node=app11.M1 parent=app11.M0 nbrs={app11.M0,app15.M1}
  cost=7 deg=2 node=app12.M1 parent=app12.M0 nbrs={app12.M0,app11.M7}
  cost=6 deg=3 node=app7.M4 parent=app7.M0 nbrs={app7.M0,app7.M13,app8.M2}
  cost=6 deg=2 node=app15.M1 parent=app15.M0 nbrs={app15.M0,app11.M1}
  cost=5 deg=3 node=app7.M3 parent=app7.M0 nbrs={app7.M0,app7.M5,app14.M12}
  cost=4 deg=3 node=app6.M10 parent=app6.M0 nbrs={app6.M0,app6.M4,app6.Tag55}
  cost=4 deg=3 node=app6.M6 parent=app6.M0 nbrs={app6.M0,app6.M11,app4.M5}
  cost=4 deg=1 node=app14.File62 parent=app14.M2 nbrs={app14.M2}
[pd-knot] 161 polyline cross pairs, 1 resolved via endpoint swap.
[xings-detour] iters=2 initial-poly-pairs=176 accepted=6 (multi-seg, density-aware, polyline detect, iterative).
[visual-knot] 165→165 cross points, 11→11 hot cells (≥3), 11 handled, 0 swap accepted.
[leaf-untangle] candidates=151, with-cross=20, moved=0, crossings-resolved=0.
[stuck-leaf-diag] 34 candidates with cost>0 (top 15 below):
  cost=18 deg=2 node=app14.M4 parent=app14.M2 nbrs={app14.M9,app14.M2}
  cost=13 deg=3 node=app19.M4 parent=app19.M0 nbrs={app19.M0,app19.M1,app15.M3}
  cost=11 deg=1 node=app14.M5 parent=app14.M0 nbrs={app14.M0}
  cost=10 deg=3 node=app18.M2 parent=app10.M2 nbrs={app18.M0,app18.M1,app10.M2}
  cost=10 deg=3 node=app4.M11 parent=app4.M0 nbrs={app4.M0,app4.M1,app1.M2}
  cost=9 deg=2 node=app11.M3 parent=app11.M0 nbrs={app11.M0,app18.M1}
  cost=9 deg=2 node=app11.M7 parent=app11.M0 nbrs={app11.M0,app12.M1}
  cost=7 deg=2 node=app11.M1 parent=app11.M0 nbrs={app11.M0,app15.M1}
  cost=7 deg=2 node=app12.M1 parent=app12.M0 nbrs={app12.M0,app11.M7}
  cost=6 deg=3 node=app7.M4 parent=app7.M0 nbrs={app7.M0,app7.M13,app8.M2}
  cost=6 deg=2 node=app15.M1 parent=app15.M0 nbrs={app15.M0,app11.M1}
  cost=5 deg=3 node=app7.M3 parent=app7.M0 nbrs={app7.M0,app7.M5,app14.M12}
  cost=4 deg=3 node=app6.M10 parent=app6.M0 nbrs={app6.M0,app6.M4,app6.Tag55}
  cost=4 deg=3 node=app6.M6 parent=app6.M0 nbrs={app6.M0,app6.M11,app4.M5}
  cost=4 deg=1 node=app14.File62 parent=app14.M2 nbrs={app14.M2}
[carrier-cross] segment 167 -> carrier-grouped 156 (-7%). Carriers: 206 total (8 bundle + 133 cluster-pair + 65 individual).
[isolated-stash] Stashed 9 edge-less nodes in 6-column strip at x>=18595.
[face-raster] grid 4194x2815 (cell 5.0x5.0 units), 671 faces, 11559330 bg cells (97.9% of grid)
  face #1: 8347469 cells (72.2%), bbox 4194x2815 @ (0,0)
  face #279: 814797 cells (7.0%), bbox 1085x1898 @ (412,834)
  face #2: 708577 cells (6.1%), bbox 2179x1126 @ (899,80)
  face #135: 396981 cells (3.4%), bbox 475x2162 @ (410,570)
  face #71: 47112 cells (0.4%), bbox 598x170 @ (659,490)
  face #489: 46218 cells (0.4%), bbox 248x412 @ (2043,1233)
  face #42: 43467 cells (0.4%), bbox 220x506 @ (2055,400)
  face #498: 40658 cells (0.4%), bbox 350x552 @ (1326,1259)
[face-cohesion] 65 clusters analysed, 30 low-cohesion (<60% in dominant face)
  cohesion histogram:
     20%- 29%: 3 clusters
     30%- 39%: 5 clusters
     40%- 49%: 1 clusters
     50%- 59%: 21 clusters
     60%- 69%: 8 clusters
     80%- 89%: 1 clusters
    100%-100%: 26 clusters
  top 10 low-cohesion clusters (largest first):
    _louv_55: 6 members, 3 in dominant face, 3 faces total (50%)
    _louv_7: 5 members, 1 in dominant face, 5 faces total (20%)
    _louv_26: 5 members, 1 in dominant face, 5 faces total (20%)
    _louv_43: 5 members, 2 in dominant face, 3 faces total (40%)
    _louv_53: 4 members, 2 in dominant face, 3 faces total (50%)
    _louv_72: 4 members, 1 in dominant face, 4 faces total (25%)
    _louv_71: 4 members, 2 in dominant face, 3 faces total (50%)
    _louv_58: 3 members, 1 in dominant face, 3 faces total (33%)
    _louv_88: 3 members, 1 in dominant face, 3 faces total (33%)
    _louv_18: 3 members, 1 in dominant face, 3 faces total (33%)
[face-density] 353 micro-faces (size<50), top 10 hot regions (macro 64x64 cells):
  region (11,10): 21 micro-faces, world (3068,2880)-(3388,3200)
  region (20,28): 18 micro-faces, world (5948,8638)-(6268,8958)
  region (30,23): 18 micro-faces, world (9147,7039)-(9467,7359)
  region (44,2): 18 micro-faces, world (13626,321)-(13946,641)
  region (47,6): 17 micro-faces, world (14586,1601)-(14906,1921)
  region (32,8): 17 micro-faces, world (9787,2241)-(10107,2560)
  region (25,9): 16 micro-faces, world (7547,2560)-(7867,2880)
  region (25,19): 13 micro-faces, world (7547,5759)-(7867,6079)
  region (19,25): 12 micro-faces, world (5628,7679)-(5948,7999)
  region (32,22): 12 micro-faces, world (9787,6719)-(10107,7039)
[face-ppm] Wrote /tmp/face-raster.ppm (2097x1407, downsampled from 4194x2815 by 2)
[face-untangle] 27 target clusters, 38 strays, 0 moved (poly cross 165 → 165, 0 fewer)
[stuck-leaf-2d] pass 1: 5 candidates, 1 moved, 1 cost units resolved.
[stuck-leaf-2d] pass 2: 4 candidates, 0 moved, 0 cost units resolved.
[stuck-leaf-2d] 4 candidates, 1 moved, 1 cost units resolved (poly cross 165 → 164, 1 fewer)
[hot-region-sa] 16 hot cells (≥4 cross, 164 cross pts), top 5 processed, 25/822 swap accepted (cross 164 → 162, 2 fewer)
