[community] algorithm=louvain communities=83 meta=4
[hub-bias] Super-graph: pushed 1 high-deg cluster roots to 1.4x avgR.
[cg-time] 5ms post-hub-bias
[cg-time] 390ms pre-§10-outward-radial
[cg-time] 390ms pre-§11-compose
[cg-time] 390ms pre-§12-pruning-reattach
[cg-time] 390ms pre-§13-cluster-swap
[cg-time] 508ms pre-§14-chain-straightening
[cg-time] 508ms pre-§15-pruned-cross-min
[§15.5] Optimized 28 alone-root+independent nodes (7 moves).
[cg-time] 512ms pre-bus-bundle
[xings-hotspot] total=128 xings across 91 offending edges (of 226)
  edge app0.M2↔app10.M2 xings=9 cluster=(?,_louv_46)
  edge app11.M10↔app18.M8 xings=9 cluster=(_louv_4,?)
  edge app9.M0↔app9.M2 xings=8 cluster=(_louv_11,?)
  edge app17.M8↔app18.M0 xings=8 cluster=(?,_louv_78)
  edge app0.M1↔app8.M0 xings=7 cluster=(_louv_1,_louv_40)
  edge app11.M0↔app11.M4 xings=7 cluster=(_louv_50,?)
  edge app11.M10↔app11.M11 xings=6 cluster=(_louv_4,_louv_54)
  edge app11.M5↔app11.M11 xings=6 cluster=(?,_louv_54)
[xings-hotspot] top cluster signatures:
  {?|_louv_35} xings=6
  {?|_louv_4} xings=6
  {?|_louv_35|_louv_78} xings=4
  {?|_louv_11} xings=3
  {?|_louv_50} xings=3
  {?|_louv_46} xings=3
  {?|_louv_1|_louv_40} xings=3
  {?|_louv_3|_louv_78} xings=3
[bundle-clear] Pushed 1 nodes off bundle bboxes.
[knot-min] Accepted 58 spatial swaps among 196 candidates.
[carrier-pre] 229 edges → 141 distinct carriers (cost-side filter).
[leaf-untangle] candidates=122, with-cross=46, moved=40, crossings-resolved=116.
[leaf-untangle] candidates=122, with-cross=23, moved=12, crossings-resolved=31.
[leaf-untangle] candidates=122, with-cross=18, moved=8, crossings-resolved=16.
[leaf-untangle] candidates=122, with-cross=15, moved=2, crossings-resolved=5.
[stuck-leaf-diag] 17 candidates with cost>0 (top 15 below):
  cost=13 deg=3 node=app13.M3 parent=app13.M0 nbrs={app13.M0,app13.M2,app16.M4}
  cost=9 deg=3 node=app7.M5 parent=app18.M0 nbrs={app7.M0,app7.M9,app18.M0}
  cost=6 deg=2 node=app10.M1 parent=app0.M2 nbrs={app10.M3,app0.M2}
  cost=5 deg=3 node=app7.M9 parent=app7.M0 nbrs={app7.M0,app7.M5,app16.M0}
  cost=5 deg=2 node=app12.M3 parent=app9.M1 nbrs={app12.M0,app9.M1}
  cost=5 deg=3 node=app18.M6 parent=app18.M0 nbrs={app18.M0,app18.M1,app5.M4}
  cost=4 deg=2 node=app0.M1 parent=app8.M0 nbrs={app0.M3,app8.M0}
  cost=4 deg=2 node=app0.M3 parent=app6.M3 nbrs={app0.M1,app6.M3}
  cost=4 deg=3 node=app16.M4 parent=app16.M0 nbrs={app16.M0,app16.M8,app13.M3}
  cost=3 deg=2 node=app18.M5 parent=app18.M0 nbrs={app18.M0,app4.M6}
  cost=2 deg=3 node=app2.M1 parent=app2.M0 nbrs={app2.M0,app2.M2,app1.M6}
  cost=2 deg=2 node=app12.M0 parent=app12.M2 nbrs={app12.M2,app12.M3}
  cost=2 deg=3 node=app16.M8 parent=app16.M0 nbrs={app16.M0,app16.M4,app18.M2}
  cost=2 deg=3 node=app18.M11 parent=app18.M0 nbrs={app18.M0,app18.M10,app18.M9}
  cost=1 deg=2 node=app13.M5 parent=app13.M0 nbrs={app13.M0,app13.Asset5}
[pd-knot] 72 polyline cross pairs, 3 resolved via endpoint swap.
[xings-detour] iters=2 initial-poly-pairs=79 accepted=2 (multi-seg, density-aware, polyline detect, iterative).
[visual-knot] 77→77 cross points, 8→8 hot cells (≥3), 8 handled, 0 swap accepted.
[leaf-untangle] candidates=122, with-cross=23, moved=11, crossings-resolved=29.
[leaf-untangle] candidates=122, with-cross=13, moved=2, crossings-resolved=5.
[leaf-untangle] candidates=122, with-cross=14, moved=0, crossings-resolved=0.
[stuck-leaf-diag] 15 candidates with cost>0 (top 15 below):
  cost=13 deg=3 node=app13.M3 parent=app13.M0 nbrs={app13.M0,app13.M2,app16.M4}
  cost=9 deg=3 node=app7.M5 parent=app18.M0 nbrs={app7.M0,app7.M9,app18.M0}
  cost=6 deg=2 node=app10.M1 parent=app0.M2 nbrs={app10.M3,app0.M2}
  cost=5 deg=3 node=app7.M9 parent=app7.M0 nbrs={app7.M0,app7.M5,app16.M0}
  cost=5 deg=2 node=app12.M3 parent=app9.M1 nbrs={app12.M0,app9.M1}
  cost=4 deg=2 node=app0.M1 parent=app8.M0 nbrs={app0.M3,app8.M0}
  cost=4 deg=2 node=app0.M3 parent=app6.M3 nbrs={app0.M1,app6.M3}
  cost=4 deg=3 node=app16.M4 parent=app16.M0 nbrs={app16.M0,app16.M8,app13.M3}
  cost=2 deg=3 node=app2.M1 parent=app2.M0 nbrs={app2.M0,app2.M2,app1.M6}
  cost=2 deg=2 node=app12.M0 parent=app12.M2 nbrs={app12.M2,app12.M3}
  cost=2 deg=3 node=app16.M8 parent=app16.M0 nbrs={app16.M0,app16.M4,app18.M2}
  cost=2 deg=3 node=app18.M6 parent=app18.M0 nbrs={app18.M0,app18.M1,app5.M4}
  cost=2 deg=3 node=app18.M11 parent=app18.M0 nbrs={app18.M0,app18.M10,app18.M9}
  cost=1 deg=2 node=app13.M5 parent=app13.M0 nbrs={app13.M0,app13.Asset5}
  cost=1 deg=3 node=app18.M9 parent=app18.M0 nbrs={app18.M0,app18.M11,app8.M3}
[carrier-cross] segment 82 -> carrier-grouped 70 (-15%). Carriers: 140 total (2 bundle + 86 cluster-pair + 52 individual).
[isolated-stash] Stashed 11 edge-less nodes in 6-column strip at x>=17029.
[face-raster] grid 3892x2507 (cell 5.0x5.0 units), 255 faces, 9567871 bg cells (98.1% of grid)
  face #1: 8113076 cells (84.8%), bbox 3892x2507 @ (0,0)
  face #202: 179674 cells (1.9%), bbox 794x466 @ (1270,1438)
  face #4: 162711 cells (1.7%), bbox 710x785 @ (1549,436)
  face #2: 111495 cells (1.2%), bbox 837x403 @ (1407,427)
  face #9: 81667 cells (0.9%), bbox 401x449 @ (966,597)
  face #69: 68291 cells (0.7%), bbox 230x673 @ (1878,964)
  face #142: 54548 cells (0.6%), bbox 317x535 @ (803,1252)
  face #3: 42312 cells (0.4%), bbox 716x572 @ (1535,436)
[face-cohesion] 52 clusters analysed, 13 low-cohesion (<60% in dominant face)
  cohesion histogram:
     20%- 29%: 1 clusters
     40%- 49%: 1 clusters
     50%- 59%: 11 clusters
     60%- 69%: 3 clusters
     70%- 79%: 5 clusters
    100%-100%: 31 clusters
  top 10 low-cohesion clusters (largest first):
    _louv_62: 5 members, 1 in dominant face, 5 faces total (20%)
    _louv_50: 5 members, 2 in dominant face, 3 faces total (40%)
    _louv_25: 4 members, 2 in dominant face, 3 faces total (50%)
    _louv_9: 4 members, 2 in dominant face, 3 faces total (50%)
    _louv_78: 2 members, 1 in dominant face, 2 faces total (50%)
    _louv_7: 2 members, 1 in dominant face, 2 faces total (50%)
    _louv_13: 2 members, 1 in dominant face, 2 faces total (50%)
    _louv_45: 2 members, 1 in dominant face, 2 faces total (50%)
    _louv_39: 2 members, 1 in dominant face, 2 faces total (50%)
    _louv_33: 2 members, 1 in dominant face, 2 faces total (50%)
[face-density] 99 micro-faces (size<50), top 10 hot regions (macro 64x64 cells):
  region (16,10): 20 micro-faces, world (4697,2910)-(5017,3230)
  region (16,9): 7 micro-faces, world (4697,2590)-(5017,2910)
  region (26,10): 7 micro-faces, world (7897,2910)-(8217,3230)
  region (22,20): 7 micro-faces, world (6617,6110)-(6937,6430)
  region (18,17): 5 micro-faces, world (5337,5150)-(5657,5470)
  region (29,22): 5 micro-faces, world (8857,6750)-(9177,7070)
  region (19,28): 5 micro-faces, world (5657,8669)-(5977,8989)
  region (16,21): 4 micro-faces, world (4697,6430)-(5017,6750)
  region (19,22): 4 micro-faces, world (5657,6750)-(5977,7070)
  region (17,16): 3 micro-faces, world (5017,4830)-(5337,5150)
[face-ppm] Wrote /tmp/face-raster.ppm (3892x2507, downsampled from 3892x2507 by 1)
[face-untangle] 12 target clusters, 16 strays, 0 moved (poly cross 82 → 82, 0 fewer)
[stuck-leaf-2d] pass 1: 0 candidates, 0 moved, 0 cost units resolved.
[stuck-leaf-2d] 0 candidates, 0 moved, 0 cost units resolved (poly cross 82 → 82, 0 fewer)
[hot-region-sa] 7 hot cells (≥4 cross, 82 cross pts), top 5 processed, 61/815 swap accepted (cross 82 → 82, 0 fewer)
