[community] algorithm=louvain communities=19 meta=3
[cg-time] 1ms post-hub-bias
[cg-time] 1ms pre-§10-outward-radial
[cg-time] 1ms pre-§11-compose
[cg-time] 1ms pre-§12-pruning-reattach
[cg-time] 1ms pre-§13-cluster-swap
[cg-time] 1ms pre-§14-chain-straightening
[cg-time] 1ms pre-§15-pruned-cross-min
[§15.5] Optimized 7 alone-root+independent nodes (2 moves).
[cg-time] 1ms pre-bus-bundle
[xings-hotspot] total=10 xings across 11 offending edges (of 43)
  edge app0.M0↔app0.M2 xings=4 cluster=(_louv_1,_louv_4)
  edge app0.M0↔app0.M6 xings=2 cluster=(_louv_1,?)
  edge app0.M2↔app0.M6 xings=2 cluster=(_louv_4,?)
  edge app0.M8↔app2.M1 xings=2 cluster=(?,_louv_16)
  edge app0.M10↔app1.M5 xings=2 cluster=(?,_louv_9)
  edge app2.M0↔app2.M1 xings=2 cluster=(_louv_0,_louv_16)
  edge app2.M1↔app2.M4 xings=2 cluster=(_louv_16,?)
  edge app0.M0↔app0.M9 xings=1 cluster=(_louv_1,?)
[xings-hotspot] top cluster signatures:
  {?|_louv_1|_louv_16|_louv_4} xings=2
  {?|_louv_0|_louv_1|_louv_16} xings=1
  {?|_louv_1} xings=1
  {?|_louv_11} xings=1
  {?|_louv_16|_louv_4} xings=1
  {?|_louv_1|_louv_16} xings=1
  {?|_louv_1|_louv_4|_louv_9} xings=1
  {?|_louv_4|_louv_9} xings=1
[knot-min] Accepted 8 spatial swaps among 42 candidates.
[carrier-pre] 44 edges → 18 distinct carriers (cost-side filter).
[leaf-untangle] candidates=25, with-cross=14, moved=13, crossings-resolved=54.
[leaf-untangle] candidates=25, with-cross=8, moved=4, crossings-resolved=20.
[leaf-untangle] candidates=25, with-cross=5, moved=2, crossings-resolved=4.
[leaf-untangle] candidates=25, with-cross=3, moved=0, crossings-resolved=0.
[stuck-leaf-diag] 3 candidates with cost>0 (top 15 below):
  cost=3 deg=3 node=app0.M6 parent=app0.M0 nbrs={app0.M0,app0.M2,app2.M6}
  cost=1 deg=2 node=app0.M3 parent=app0.M0 nbrs={app0.M0,app0.M10}
  cost=1 deg=3 node=app0.M9 parent=app0.M0 nbrs={app0.M0,app0.M1,app0.M10}
[pd-knot] 6 polyline cross pairs, 0 resolved via endpoint swap.
[xings-detour] iters=2 initial-poly-pairs=5 accepted=1 (multi-seg, density-aware, polyline detect, iterative).
[visual-knot] 4→4 cross points, 0→0 hot cells (≥3), 0 handled, 0 swap accepted.
[leaf-untangle] candidates=25, with-cross=3, moved=0, crossings-resolved=0.
[stuck-leaf-diag] 3 candidates with cost>0 (top 15 below):
  cost=3 deg=3 node=app0.M6 parent=app0.M0 nbrs={app0.M0,app0.M2,app2.M6}
  cost=1 deg=2 node=app0.M3 parent=app0.M0 nbrs={app0.M0,app0.M10}
  cost=1 deg=3 node=app0.M9 parent=app0.M0 nbrs={app0.M0,app0.M1,app0.M10}
[isolated-stash] Stashed 7 edge-less nodes in 6-column strip at x>=5879.
[face-raster] grid 1561x2486 (cell 5.0x5.0 units), 36 faces, 3832876 bg cells (98.8% of grid)
  face #1: 3150395 cells (82.2%), bbox 1561x2486 @ (0,0)
  face #3: 195771 cells (5.1%), bbox 1083x1248 @ (72,79)
  face #15: 117770 cells (3.1%), bbox 469x504 @ (593,1158)
  face #4: 97846 cells (2.6%), bbox 1040x966 @ (492,560)
  face #2: 67687 cells (1.8%), bbox 445x1015 @ (70,79)
  face #12: 63154 cells (1.6%), bbox 224x593 @ (466,1104)
  face #35: 49930 cells (1.3%), bbox 237x375 @ (480,1680)
  face #10: 26725 cells (0.7%), bbox 179x804 @ (524,875)
[face-cohesion] 5 clusters analysed, 0 low-cohesion (<60% in dominant face)
  cohesion histogram:
     60%- 69%: 4 clusters
    100%-100%: 1 clusters
[face-density] 16 micro-faces (size<50), top 10 hot regions (macro 64x64 cells):
  region (23,23): 4 micro-faces, world (7100,3911)-(7420,4230)
  region (24,23): 4 micro-faces, world (7420,3911)-(7740,4230)
  region (13,18): 2 micro-faces, world (3901,2311)-(4221,2631)
  region (18,20): 2 micro-faces, world (5501,2951)-(5821,3271)
  region (7,13): 1 micro-faces, world (1982,712)-(2302,1032)
  region (8,13): 1 micro-faces, world (2302,712)-(2621,1032)
  region (7,17): 1 micro-faces, world (1982,1991)-(2302,2311)
  region (11,27): 1 micro-faces, world (3261,5190)-(3581,5510)
[face-ppm] Wrote /tmp/face-raster.ppm (1561x2486, downsampled from 1561x2486 by 1)
[face-untangle] 3 target clusters, 6 strays, 0 moved (poly cross 4 → 4, 0 fewer)
[stuck-leaf-2d] pass 1: 0 candidates, 0 moved, 0 cost units resolved.
[stuck-leaf-2d] 0 candidates, 0 moved, 0 cost units resolved (poly cross 4 → 4, 0 fewer)
[hot-region-sa] 0 hot cells (≥4 cross, 4 cross pts), top 0 processed, 0/0 swap accepted (cross 4 → 4, 0 fewer)
