[community] algorithm=louvain communities=88 meta=3
[hub-bias] Super-graph: pushed 6 high-deg cluster roots to 1.4x avgR.
[cg-time] 18ms post-hub-bias
[cg-time] 613ms pre-§10-outward-radial
[cg-time] 613ms pre-§11-compose
[cg-time] 613ms pre-§12-pruning-reattach
[cg-time] 613ms pre-§13-cluster-swap
[cg-time] 881ms pre-§14-chain-straightening
[cg-time] 881ms pre-§15-pruned-cross-min
[§15.5] Optimized 37 alone-root+independent nodes (17 moves).
[cg-time] 887ms pre-bus-bundle
[xings-hotspot] total=335 xings across 136 offending edges (of 248)
  edge app9.M0↔app9.M2 xings=26 cluster=(?,_louv_28)
  edge core.Hub0↔app9.M0 xings=19 cluster=(?,?)
  edge app10.M9↔app12.M14 xings=18 cluster=(?,_louv_12)
  edge app11.M0↔app11.M4 xings=17 cluster=(?,?)
  edge app2.M2↔app11.M4 xings=17 cluster=(?,?)
  edge core.Hub1↔app10.M0 xings=14 cluster=(?,_louv_55)
  edge app2.M0↔app2.M4 xings=13 cluster=(_louv_16,_louv_19)
  edge app11.M0↔app11.M1 xings=13 cluster=(?,_louv_38)
[xings-hotspot] top cluster signatures:
  {?} xings=21
  {?|_louv_55} xings=12
  {?|_louv_28} xings=8
  {?|_louv_13} xings=8
  {?|_louv_7} xings=6
  {?|_louv_22} xings=5
  {?|_louv_12} xings=5
  {?|_louv_38} xings=5
[knot-min] Accepted 22 spatial swaps among 202 candidates.
[knot-min-2opt] Accepted 42 cross-targeted swaps.
[carrier-pre] 250 edges → 164 distinct carriers (cost-side filter).
[leaf-untangle] candidates=119, with-cross=51, moved=39, crossings-resolved=114.
[leaf-untangle] candidates=119, with-cross=29, moved=9, crossings-resolved=23.
[leaf-untangle] candidates=119, with-cross=24, moved=4, crossings-resolved=11.
[leaf-untangle] candidates=119, with-cross=23, moved=2, crossings-resolved=7.
[stuck-leaf-diag] 23 candidates with cost>0 (top 15 below):
  cost=15 deg=3 node=app0.M5 parent=app0.M0 nbrs={app0.M0,app0.M8,app13.M9}
  cost=10 deg=3 node=app9.M2 parent=app9.M0 nbrs={app9.M0,app9.M3,app4.M4}
  cost=8 deg=2 node=app11.M3 parent=app11.M0 nbrs={app11.M0,app5.M13}
  cost=7 deg=2 node=app14.M9 parent=app14.M0 nbrs={app14.M0,app5.M12}
  cost=6 deg=2 node=app5.M12 parent=app5.M0 nbrs={app5.M0,app14.M9}
  cost=6 deg=2 node=app5.M13 parent=app8.M1 nbrs={app11.M3,app8.M1}
  cost=5 deg=3 node=app6.M3 parent=app6.M0 nbrs={app6.M0,app6.M1,app13.M7}
  cost=4 deg=3 node=app3.M2 parent=app3.M0 nbrs={app3.M0,app3.M5,app3.M1}
  cost=4 deg=2 node=app12.M4 parent=app12.M0 nbrs={app12.M0,app12.M12}
  cost=4 deg=2 node=app12.M5 parent=app12.M0 nbrs={app12.M0,app7.M8}
  cost=3 deg=3 node=app12.M3 parent=app12.M0 nbrs={app12.M0,app12.M8,app9.M3}
  cost=3 deg=2 node=app15.M1 parent=app15.M0 nbrs={app15.M0,app15.M8}
  cost=3 deg=2 node=app15.M8 parent=app15.M0 nbrs={app15.M0,app15.M1}
  cost=2 deg=2 node=app12.M8 parent=app12.M0 nbrs={app12.M0,app12.M3}
  cost=1 deg=2 node=app0.M2 parent=app0.M0 nbrs={app0.M0,app0.M3}
[pd-knot] 217 polyline cross pairs, 3 resolved via endpoint swap.
[xings-detour] iters=2 initial-poly-pairs=200 accepted=2 (multi-seg, density-aware, polyline detect, iterative).
[visual-knot] 196→196 cross points, 4→4 hot cells (≥3), 4 handled, 0 swap accepted.
[leaf-untangle] candidates=119, with-cross=33, moved=14, crossings-resolved=34.
[leaf-untangle] candidates=119, with-cross=24, moved=5, crossings-resolved=13.
[leaf-untangle] candidates=119, with-cross=24, moved=4, crossings-resolved=14.
[stuck-leaf-diag] 24 candidates with cost>0 (top 15 below):
  cost=15 deg=3 node=app0.M5 parent=app0.M0 nbrs={app0.M0,app0.M8,app13.M9}
  cost=10 deg=3 node=app9.M2 parent=app9.M0 nbrs={app9.M0,app9.M3,app4.M4}
  cost=7 deg=2 node=app14.M9 parent=app14.M0 nbrs={app14.M0,app5.M12}
  cost=6 deg=2 node=app5.M12 parent=app5.M0 nbrs={app5.M0,app14.M9}
  cost=6 deg=3 node=app6.M3 parent=app6.M0 nbrs={app6.M0,app6.M1,app13.M7}
  cost=4 deg=1 node=app1.M1 parent=app1.M0 nbrs={app1.M0}
  cost=4 deg=2 node=app12.M4 parent=app12.M0 nbrs={app12.M0,app12.M12}
  cost=3 deg=2 node=app15.M8 parent=app15.M0 nbrs={app15.M0,app15.M1}
  cost=3 deg=3 node=app3.M2 parent=app3.M0 nbrs={app3.M0,app3.M5,app3.M1}
  cost=3 deg=2 node=app5.M13 parent=app8.M1 nbrs={app11.M3,app8.M1}
  cost=3 deg=2 node=app7.M8 parent=app7.M0 nbrs={app7.M0,app12.M5}
  cost=3 deg=2 node=app15.M1 parent=app15.M0 nbrs={app15.M0,app15.M8}
  cost=3 deg=2 node=app12.M12 parent=app13.M9 nbrs={app12.M4,app13.M9}
  cost=3 deg=3 node=app12.M3 parent=app12.M0 nbrs={app12.M0,app12.M8,app9.M3}
  cost=3 deg=2 node=app12.M5 parent=app12.M0 nbrs={app12.M0,app7.M8}
[carrier-cross] segment 186 -> carrier-grouped 149 (-20%). Carriers: 163 total (1 bundle + 113 cluster-pair + 49 individual).
[isolated-stash] Stashed 12 edge-less nodes in 6-column strip at x>=64968.
[face-raster] grid 8438x11851 (cell 8.2x8.2 units), 557 faces, 99759249 bg cells (99.8% of grid)
  face #1: 59863639 cells (60.0%), bbox 8438x11851 @ (0,0)
  face #454: 12724982 cells (12.8%), bbox 6635x7562 @ (184,4046)
  face #2: 3512511 cells (3.5%), bbox 3366x1636 @ (1336,249)
  face #79: 2847592 cells (2.9%), bbox 2268x2738 @ (4793,1840)
  face #87: 1468089 cells (1.5%), bbox 1739x2088 @ (183,2189)
  face #483: 1378181 cells (1.4%), bbox 2009x1799 @ (2512,4323)
  face #496: 1095958 cells (1.1%), bbox 1402x1782 @ (3984,4603)
  face #543: 927668 cells (0.9%), bbox 2801x2259 @ (2350,5254)
[face-cohesion] 47 clusters analysed, 17 low-cohesion (<60% in dominant face)
  cohesion histogram:
     30%- 39%: 3 clusters
     40%- 49%: 1 clusters
     50%- 59%: 13 clusters
     60%- 69%: 6 clusters
     70%- 79%: 3 clusters
    100%-100%: 21 clusters
  top 10 low-cohesion clusters (largest first):
    _louv_29: 6 members, 2 in dominant face, 5 faces total (33%)
    _louv_7: 5 members, 2 in dominant face, 3 faces total (40%)
    _louv_38: 4 members, 2 in dominant face, 3 faces total (50%)
    _louv_55: 4 members, 2 in dominant face, 3 faces total (50%)
    _louv_22: 4 members, 2 in dominant face, 3 faces total (50%)
    _louv_48: 3 members, 1 in dominant face, 3 faces total (33%)
    _louv_19: 3 members, 1 in dominant face, 3 faces total (33%)
    _louv_78: 2 members, 1 in dominant face, 2 faces total (50%)
    _louv_34: 2 members, 1 in dominant face, 2 faces total (50%)
    _louv_41: 2 members, 1 in dominant face, 2 faces total (50%)
[face-density] 311 micro-faces (size<50), top 10 hot regions (macro 64x64 cells):
  region (61,57): 29 micro-faces, world (30700,28010)-(31225,28535)
  region (21,16): 23 micro-faces, world (9698,6483)-(10223,7008)
  region (60,57): 20 micro-faces, world (30175,28010)-(30700,28535)
  region (76,75): 13 micro-faces, world (38576,37460)-(39101,37985)
  region (61,58): 12 micro-faces, world (30700,28535)-(31225,29060)
  region (22,17): 11 micro-faces, world (10223,7008)-(10748,7533)
  region (68,53): 11 micro-faces, world (34375,25909)-(34900,26434)
  region (84,72): 11 micro-faces, world (42776,35885)-(43301,36410)
  region (55,55): 10 micro-faces, world (27550,26960)-(28075,27485)
  region (37,46): 10 micro-faces, world (18099,22234)-(18624,22759)
[face-ppm] Wrote /tmp/face-raster.ppm (2109x2962, downsampled from 8438x11851 by 4)
[face-untangle] 17 target clusters, 27 strays, 1 moved (poly cross 184 → 180, 4 fewer)
[stuck-leaf-2d] pass 1: 1 candidates, 1 moved, 1 cost units resolved.
[stuck-leaf-2d] pass 2: 0 candidates, 0 moved, 0 cost units resolved.
[stuck-leaf-2d] 0 candidates, 1 moved, 1 cost units resolved (poly cross 180 → 180, 0 fewer)
[hot-region-sa] 3 hot cells (≥4 cross, 180 cross pts), top 3 processed, 98/242 swap accepted (cross 180 → 180, 0 fewer)
