[community] algorithm=louvain communities=74 meta=4
[hub-bias] Super-graph: pushed 9 high-deg cluster roots to 1.4x avgR.
[cg-time] 5ms post-hub-bias
[cg-time] 78ms pre-§10-outward-radial
[cg-time] 78ms pre-§11-compose
[cg-time] 78ms pre-§12-pruning-reattach
[cg-time] 78ms pre-§13-cluster-swap
[cg-time] 489ms pre-§14-chain-straightening
[cg-time] 489ms pre-§15-pruned-cross-min
[§15.5] Optimized 17 alone-root+independent nodes (2 moves).
[cg-time] 493ms pre-bus-bundle
[bus-bundle] Created 1 bus bundles (2 members, sig ≥ 2 roots).
[xings-hotspot] total=187 xings across 97 offending edges (of 252)
  edge app5.M4↔app13.M2 xings=23 cluster=(?,?)
  edge app0.M10↔app6.M0 xings=16 cluster=(?,?)
  edge app10.M0↔app10.M3 xings=13 cluster=(_louv_43,_louv_16)
  edge app3.M1↔app13.M0 xings=12 cluster=(?,_louv_37)
  edge core.Hub0↔app0.M0 xings=11 cluster=(_louv_0,_louv_1)
  edge app0.M3↔app4.M0 xings=10 cluster=(?,_louv_19)
  edge app7.M0↔app14.M7 xings=9 cluster=(_louv_30,_louv_22)
  edge app12.M0↔app12.M3 xings=9 cluster=(_louv_51,_louv_54)
[xings-hotspot] top cluster signatures:
  {?|_louv_4} xings=6
  {?|_louv_16|_louv_43} xings=6
  {?|_louv_21} xings=5
  {?|_louv_37} xings=5
  {?|_louv_0} xings=4
  {?|_louv_21|_louv_4} xings=4
  {?} xings=4
  {?|_louv_54} xings=4
[bundle-clear] Pushed 2 nodes off bundle bboxes.
[knot-min] Accepted 31 spatial swaps among 195 candidates.
[carrier-pre] 257 edges → 155 distinct carriers (cost-side filter).
[leaf-untangle] candidates=135, with-cross=45, moved=32, crossings-resolved=133.
[leaf-untangle] candidates=135, with-cross=26, moved=11, crossings-resolved=31.
[leaf-untangle] candidates=135, with-cross=23, moved=3, crossings-resolved=3.
[leaf-untangle] candidates=135, with-cross=23, moved=1, crossings-resolved=1.
[stuck-leaf-diag] 29 candidates with cost>0 (top 15 below):
  cost=17 deg=3 node=app0.M10 parent=app0.M0 nbrs={app0.M0,app0.M4,app6.M0}
  cost=15 deg=2 node=app16.M12 parent=app16.M0 nbrs={app16.M0,app12.M7}
  cost=13 deg=2 node=app15.M4 parent=app15.M0 nbrs={app15.M0,app5.M0}
  cost=12 deg=3 node=app5.M2 parent=app16.M0 nbrs={app5.M0,app5.M3,app16.M0}
  cost=9 deg=2 node=app12.M7 parent=app12.M0 nbrs={app12.M0,app16.M12}
  cost=8 deg=3 node=app12.M13 parent=app12.M0 nbrs={app12.M3,app12.M0,app13.M2}
  cost=7 deg=3 node=app16.M13 parent=app16.M0 nbrs={app16.M0,app16.M1,app2.M4}
  cost=7 deg=3 node=app12.M9 parent=app12.M0 nbrs={app12.M0,app12.M14,app7.M2}
  cost=5 deg=3 node=app4.M3 parent=app4.M0 nbrs={app4.M0,app4.M10,app4.M8}
  cost=5 deg=2 node=app0.M1 parent=app0.M0 nbrs={app0.M0,app0.Tag24}
  cost=4 deg=3 node=app3.M2 parent=app3.M0 nbrs={app3.M0,app3.M1,app0.M3}
  cost=3 deg=2 node=app5.M1 parent=app5.M0 nbrs={app5.M0,app11.M7}
  cost=3 deg=2 node=app11.M7 parent=app11.M0 nbrs={app11.M0,app5.M1}
  cost=3 deg=3 node=app14.M8 parent=app14.M0 nbrs={app14.M0,app14.M2,app11.M9}
  cost=3 deg=2 node=app15.M1 parent=app15.M0 nbrs={app15.M0,app15.M9}
[pd-knot] 131 polyline cross pairs, 3 resolved via endpoint swap.
[xings-detour] iters=2 initial-poly-pairs=142 accepted=4 (multi-seg, density-aware, polyline detect, iterative).
[visual-knot] 136→136 cross points, 9→9 hot cells (≥3), 9 handled, 0 swap accepted.
[leaf-untangle] candidates=135, with-cross=24, moved=4, crossings-resolved=10.
[leaf-untangle] candidates=135, with-cross=23, moved=0, crossings-resolved=0.
[stuck-leaf-diag] 29 candidates with cost>0 (top 15 below):
  cost=17 deg=3 node=app0.M10 parent=app0.M0 nbrs={app0.M0,app0.M4,app6.M0}
  cost=15 deg=2 node=app16.M12 parent=app16.M0 nbrs={app16.M0,app12.M7}
  cost=12 deg=2 node=app15.M4 parent=app15.M0 nbrs={app15.M0,app5.M0}
  cost=11 deg=3 node=app5.M2 parent=app16.M0 nbrs={app5.M0,app5.M3,app16.M0}
  cost=9 deg=2 node=app12.M7 parent=app12.M0 nbrs={app12.M0,app16.M12}
  cost=8 deg=3 node=app12.M13 parent=app12.M0 nbrs={app12.M3,app12.M0,app13.M2}
  cost=7 deg=3 node=app16.M13 parent=app16.M0 nbrs={app16.M0,app16.M1,app2.M4}
  cost=7 deg=3 node=app12.M9 parent=app12.M0 nbrs={app12.M0,app12.M14,app7.M2}
  cost=5 deg=3 node=app4.M3 parent=app4.M0 nbrs={app4.M0,app4.M10,app4.M8}
  cost=5 deg=2 node=app0.M1 parent=app0.M0 nbrs={app0.M0,app0.Tag24}
  cost=4 deg=3 node=app2.M5 parent=app2.M0 nbrs={app2.M0,app2.M6,app12.M14}
  cost=3 deg=3 node=app3.M2 parent=app3.M0 nbrs={app3.M0,app3.M1,app0.M3}
  cost=3 deg=3 node=app14.M8 parent=app14.M0 nbrs={app14.M0,app14.M2,app11.M9}
  cost=3 deg=2 node=app15.M1 parent=app15.M0 nbrs={app15.M0,app15.M9}
  cost=3 deg=2 node=app0.M8 parent=app0.M0 nbrs={app0.M0,app0.M5}
[carrier-cross] segment 135 -> carrier-grouped 126 (-7%). Carriers: 160 total (3 bundle + 102 cluster-pair + 55 individual).
[isolated-stash] Stashed 4 edge-less nodes in 6-column strip at x>=23277.
[face-raster] grid 5057x3486 (cell 5.0x5.0 units), 537 faces, 17400728 bg cells (98.7% of grid)
  face #1: 12119629 cells (69.7%), bbox 5057x3486 @ (0,0)
  face #442: 373055 cells (2.1%), bbox 980x1053 @ (1423,1936)
  face #155: 349699 cells (2.0%), bbox 1260x569 @ (405,697)
  face #534: 288978 cells (1.7%), bbox 1623x459 @ (2406,2270)
  face #348: 283185 cells (1.6%), bbox 1185x694 @ (584,1149)
  face #438: 230065 cells (1.3%), bbox 902x515 @ (2178,1732)
  face #393: 207928 cells (1.2%), bbox 580x542 @ (2298,1310)
  face #215: 184085 cells (1.1%), bbox 793x477 @ (1479,809)
[face-cohesion] 51 clusters analysed, 17 low-cohesion (<60% in dominant face)
  cohesion histogram:
     20%- 29%: 1 clusters
     30%- 39%: 4 clusters
     50%- 59%: 12 clusters
     60%- 69%: 5 clusters
     70%- 79%: 3 clusters
     80%- 89%: 1 clusters
    100%-100%: 25 clusters
  top 10 low-cohesion clusters (largest first):
    _louv_21: 8 members, 3 in dominant face, 4 faces total (38%)
    _louv_64: 7 members, 2 in dominant face, 5 faces total (29%)
    _louv_39: 4 members, 2 in dominant face, 3 faces total (50%)
    _louv_43: 4 members, 2 in dominant face, 3 faces total (50%)
    _louv_1: 4 members, 2 in dominant face, 3 faces total (50%)
    _louv_54: 3 members, 1 in dominant face, 3 faces total (33%)
    _louv_0: 3 members, 1 in dominant face, 3 faces total (33%)
    _louv_5: 3 members, 1 in dominant face, 3 faces total (33%)
    _louv_22: 2 members, 1 in dominant face, 2 faces total (50%)
    _louv_73: 2 members, 1 in dominant face, 2 faces total (50%)
[face-density] 305 micro-faces (size<50), top 10 hot regions (macro 64x64 cells):
  region (27,17): 25 micro-faces, world (8105,5057)-(8425,5377)
  region (23,13): 22 micro-faces, world (6825,3777)-(7145,4097)
  region (55,33): 20 micro-faces, world (17064,10177)-(17384,10497)
  region (62,2): 17 micro-faces, world (19304,257)-(19624,577)
  region (42,12): 16 micro-faces, world (12904,3457)-(13224,3777)
  region (48,7): 15 micro-faces, world (14824,1857)-(15144,2177)
  region (40,14): 13 micro-faces, world (12265,4097)-(12584,4417)
  region (33,34): 13 micro-faces, world (10025,10497)-(10345,10817)
  region (59,2): 12 micro-faces, world (18344,257)-(18664,577)
  region (60,2): 10 micro-faces, world (18664,257)-(18984,577)
[face-ppm] Wrote /tmp/face-raster.ppm (2528x1743, downsampled from 5057x3486 by 2)
[face-untangle] 17 target clusters, 28 strays, 1 moved (poly cross 135 → 135, 0 fewer)
[stuck-leaf-2d] pass 1: 0 candidates, 0 moved, 0 cost units resolved.
[stuck-leaf-2d] 0 candidates, 0 moved, 0 cost units resolved (poly cross 135 → 135, 0 fewer)
[hot-region-sa] 7 hot cells (≥4 cross), top 5 processed, 31/435 swap accepted → REVERTED (cross 135 → 139)
