[community] algorithm=louvain communities=68 meta=3
[hub-bias] Super-graph: pushed 8 high-deg cluster roots to 1.4x avgR.
[cg-time] 4ms post-hub-bias
[cg-time] 186ms pre-§10-outward-radial
[cg-time] 186ms pre-§11-compose
[cg-time] 186ms pre-§12-pruning-reattach
[cg-time] 186ms pre-§13-cluster-swap
[cg-time] 373ms pre-§14-chain-straightening
[cg-time] 373ms pre-§15-pruned-cross-min
[§15.5] Optimized 19 alone-root+independent nodes (6 moves).
[cg-time] 376ms pre-bus-bundle
[bus-bundle] Created 2 bus bundles (4 members, sig ≥ 2 roots).
[xings-hotspot] total=126 xings across 92 offending edges (of 226)
  edge core.Hub0↔app13.M0 xings=13 cluster=(?,_louv_61)
  edge core.Hub0↔app10.M0 xings=9 cluster=(?,_louv_49)
  edge app0.M1↔app6.M1 xings=9 cluster=(?,_louv_3)
  edge core.Hub1↔app8.M0 xings=9 cluster=(_louv_1,_louv_42)
  edge app6.M4↔app13.M4 xings=9 cluster=(?,_louv_37)
  edge app6.M1↔app7.M1 xings=8 cluster=(_louv_3,_louv_40)
  edge app3.M0↔app3.M5 xings=8 cluster=(?,?)
  edge app13.M0↔app13.M11 xings=7 cluster=(_louv_61,_louv_38)
[xings-hotspot] top cluster signatures:
  {?|_louv_61} xings=8
  {?|_louv_37} xings=4
  {?} xings=4
  {?|_louv_38|_louv_61} xings=4
  {?|_louv_2|_louv_42} xings=3
  {?|_louv_18|_louv_33} xings=3
  {?|_louv_3} xings=3
  {?|_louv_1|_louv_3|_louv_40} xings=2
[knot-min] Accepted 37 spatial swaps among 174 candidates.
[carrier-pre] 228 edges → 143 distinct carriers (cost-side filter).
[leaf-untangle] candidates=114, with-cross=35, moved=27, crossings-resolved=78.
[leaf-untangle] candidates=114, with-cross=14, moved=9, crossings-resolved=18.
[leaf-untangle] candidates=114, with-cross=7, moved=2, crossings-resolved=3.
[leaf-untangle] candidates=114, with-cross=6, moved=0, crossings-resolved=0.
[stuck-leaf-diag] 13 candidates with cost>0 (top 15 below):
  cost=7 deg=2 node=app4.M1 parent=app4.M0 nbrs={app4.M0,app4.M11}
  cost=7 deg=3 node=app8.M8 parent=app8.M0 nbrs={app8.M0,app8.M5,app7.M1}
  cost=6 deg=2 node=app4.M3 parent=app4.M0 nbrs={app4.M0,app4.M6}
  cost=5 deg=2 node=app8.M4 parent=app8.M0 nbrs={app8.M0,app8.M7}
  cost=4 deg=1 node=app4.M9 parent=app4.M0 nbrs={app4.M0}
  cost=4 deg=3 node=app11.M3 parent=app2.M4 nbrs={app11.M0,app10.M3,app2.M4}
  cost=3 deg=2 node=app1.M11 parent=app4.M0 nbrs={app1.M0,app4.M0}
  cost=3 deg=2 node=app5.M5 parent=app5.M0 nbrs={app5.M0,app3.M1}
  cost=3 deg=1 node=app4.File61 parent=app4.M0 nbrs={app4.M0}
  cost=2 deg=3 node=app13.M13 parent=app13.M0 nbrs={app13.M0,app13.M3,app3.M5}
  cost=1 deg=1 node=app5.M8 parent=app5.M0 nbrs={app5.M0}
  cost=1 deg=3 node=app12.M8 parent=app7.M0 nbrs={app12.M2,app12.Note51,app7.M0}
  cost=1 deg=2 node=app13.M12 parent=app13.M8 nbrs={app13.M8,app13.Asset19}
[pd-knot] 83 polyline cross pairs, 1 resolved via endpoint swap.
[xings-detour] iters=2 initial-poly-pairs=86 accepted=1 (multi-seg, density-aware, polyline detect, iterative).
[visual-knot] 84→84 cross points, 2→2 hot cells (≥3), 2 handled, 0 swap accepted.
[leaf-untangle] candidates=114, with-cross=8, moved=0, crossings-resolved=0.
[stuck-leaf-diag] 15 candidates with cost>0 (top 15 below):
  cost=7 deg=2 node=app4.M1 parent=app4.M0 nbrs={app4.M0,app4.M11}
  cost=7 deg=3 node=app8.M8 parent=app8.M0 nbrs={app8.M0,app8.M5,app7.M1}
  cost=6 deg=2 node=app4.M3 parent=app4.M0 nbrs={app4.M0,app4.M6}
  cost=5 deg=2 node=app8.M4 parent=app8.M0 nbrs={app8.M0,app8.M7}
  cost=4 deg=1 node=app4.M9 parent=app4.M0 nbrs={app4.M0}
  cost=4 deg=3 node=app11.M3 parent=app2.M4 nbrs={app11.M0,app10.M3,app2.M4}
  cost=3 deg=2 node=app1.M11 parent=app4.M0 nbrs={app1.M0,app4.M0}
  cost=3 deg=2 node=app5.M5 parent=app5.M0 nbrs={app5.M0,app3.M1}
  cost=3 deg=1 node=app4.File61 parent=app4.M0 nbrs={app4.M0}
  cost=2 deg=3 node=app13.M13 parent=app13.M0 nbrs={app13.M0,app13.M3,app3.M5}
  cost=1 deg=1 node=app5.M8 parent=app5.M0 nbrs={app5.M0}
  cost=1 deg=3 node=app12.M8 parent=app7.M0 nbrs={app12.M2,app12.Note51,app7.M0}
  cost=1 deg=2 node=app13.M6 parent=app13.M0 nbrs={app13.M0,app13.Asset38}
  cost=1 deg=2 node=app13.M12 parent=app13.M8 nbrs={app13.M8,app13.Asset19}
  cost=1 deg=1 node=app13.Asset38 parent=app13.M6 nbrs={app13.M6}
[carrier-cross] segment 85 -> carrier-grouped 70 (-18%). Carriers: 142 total (5 bundle + 90 cluster-pair + 47 individual).
[isolated-stash] Stashed 5 edge-less nodes in 6-column strip at x>=25494.
[face-raster] grid 5578x3363 (cell 5.0x5.0 units), 355 faces, 18562153 bg cells (99.0% of grid)
  face #1: 12693094 cells (68.4%), bbox 5578x3363 @ (0,0)
  face #21: 1095376 cells (5.9%), bbox 1386x1535 @ (1065,991)
  face #18: 784072 cells (4.2%), bbox 1819x913 @ (1324,576)
  face #22: 304157 cells (1.6%), bbox 648x1721 @ (656,992)
  face #12: 281524 cells (1.5%), bbox 775x1073 @ (3294,376)
  face #205: 258998 cells (1.4%), bbox 1368x527 @ (1072,2086)
  face #197: 219728 cells (1.2%), bbox 1077x665 @ (3866,2012)
  face #5: 181352 cells (1.0%), bbox 779x450 @ (3271,94)
[face-cohesion] 47 clusters analysed, 15 low-cohesion (<60% in dominant face)
  cohesion histogram:
     30%- 39%: 5 clusters
     40%- 49%: 1 clusters
     50%- 59%: 9 clusters
     60%- 69%: 7 clusters
     70%- 79%: 3 clusters
    100%-100%: 22 clusters
  top 10 low-cohesion clusters (largest first):
    _louv_29: 6 members, 2 in dominant face, 5 faces total (33%)
    _louv_61: 5 members, 2 in dominant face, 4 faces total (40%)
    _louv_49: 4 members, 2 in dominant face, 3 faces total (50%)
    _louv_39: 4 members, 2 in dominant face, 3 faces total (50%)
    _louv_1: 3 members, 1 in dominant face, 3 faces total (33%)
    _louv_36: 3 members, 1 in dominant face, 3 faces total (33%)
    _louv_45: 3 members, 1 in dominant face, 3 faces total (33%)
    _louv_42: 3 members, 1 in dominant face, 3 faces total (33%)
    _louv_67: 2 members, 1 in dominant face, 2 faces total (50%)
    _louv_64: 2 members, 1 in dominant face, 2 faces total (50%)
[face-density] 182 micro-faces (size<50), top 10 hot regions (macro 64x64 cells):
  region (41,35): 24 micro-faces, world (12535,10827)-(12855,11147)
  region (57,30): 15 micro-faces, world (17655,9227)-(17975,9547)
  region (51,19): 14 micro-faces, world (15735,5708)-(16055,6028)
  region (42,35): 13 micro-faces, world (12855,10827)-(13175,11147)
  region (41,36): 11 micro-faces, world (12535,11147)-(12855,11467)
  region (57,40): 10 micro-faces, world (17655,12427)-(17975,12747)
  region (47,32): 9 micro-faces, world (14455,9867)-(14775,10187)
  region (45,44): 7 micro-faces, world (13815,13706)-(14135,14026)
  region (56,40): 6 micro-faces, world (17335,12427)-(17655,12747)
  region (51,1): 5 micro-faces, world (15735,-51)-(16055,269)
[face-ppm] Wrote /tmp/face-raster.ppm (2789x1681, downsampled from 5578x3363 by 2)
[face-untangle] 17 target clusters, 30 strays, 5 moved (poly cross 84 → 77, 7 fewer)
[stuck-leaf-2d] pass 1: 4 candidates, 3 moved, 3 cost units resolved.
[stuck-leaf-2d] pass 2: 1 candidates, 0 moved, 0 cost units resolved.
[stuck-leaf-2d] 1 candidates, 3 moved → REVERTED (poly cross 77 → 78)
[hot-region-sa] 4 hot cells (≥4 cross, 80 cross pts), top 4 processed, 35/414 swap accepted (cross 80 → 79, 1 fewer)
