[community] algorithm=louvain communities=19 meta=5
[hub-bias] Super-graph: pushed 2 high-deg cluster roots to 1.4x avgR.
[cg-time] 1ms post-hub-bias
[cg-time] 1ms pre-§10-outward-radial
[cg-time] 1ms pre-§11-compose
[cg-time] 1ms pre-§12-pruning-reattach
[cg-time] 1ms pre-§13-cluster-swap
[cg-time] 4ms pre-§14-chain-straightening
[cg-time] 4ms pre-§15-pruned-cross-min
[§15.5] Optimized 1 alone-root+independent nodes (1 moves).
[cg-time] 4ms pre-bus-bundle
[xings-hotspot] total=16 xings across 19 offending edges (of 64)
  edge app0.M4↔app3.M5 xings=4 cluster=(_louv_0,?)
  edge app3.M4↔app4.M6 xings=4 cluster=(?,_louv_4)
  edge core.Hub0↔app0.M0 xings=3 cluster=(?,_louv_0)
  edge app0.M3↔app4.M5 xings=2 cluster=(_louv_1,?)
  edge app1.M0↔app1.M6 xings=2 cluster=(_louv_6,_louv_9)
  edge app1.M2↔app3.M5 xings=2 cluster=(?,?)
  edge app2.M0↔app2.M3 xings=2 cluster=(_louv_11,_louv_12)
  edge app2.M0↔app3.M5 xings=2 cluster=(_louv_11,?)
[xings-hotspot] top cluster signatures:
  {?|_louv_0} xings=2
  {?|_louv_0|_louv_1} xings=2
  {?|_louv_0|_louv_4} xings=2
  {?|_louv_0|_louv_11} xings=1
  {?|_louv_0|_louv_11|_louv_12} xings=1
  {?|_louv_0|_louv_11|_louv_14} xings=1
  {?|_louv_11|_louv_12|_louv_14} xings=1
  {?|_louv_11|_louv_4} xings=1
[knot-min] Accepted 7 spatial swaps among 46 candidates.
[carrier-pre] 64 edges → 38 distinct carriers (cost-side filter).
[leaf-untangle] candidates=29, with-cross=11, moved=10, crossings-resolved=38.
[leaf-untangle] candidates=29, with-cross=5, moved=1, crossings-resolved=3.
[leaf-untangle] candidates=29, with-cross=5, moved=0, crossings-resolved=0.
[stuck-leaf-diag] 8 candidates with cost>0 (top 15 below):
  cost=11 deg=3 node=app2.M11 parent=app2.M0 nbrs={app2.M0,app2.M4,app2.M8}
  cost=6 deg=2 node=app2.M9 parent=app2.M0 nbrs={app2.M0,app3.M6}
  cost=2 deg=3 node=app0.M4 parent=app0.M0 nbrs={app0.M0,app0.M2,app3.M5}
  cost=2 deg=2 node=app3.M3 parent=app3.M0 nbrs={app3.M0,app3.M5}
  cost=2 deg=2 node=app3.M8 parent=app0.M0 nbrs={app1.M6,app0.M0}
  cost=1 deg=2 node=app0.M2 parent=app0.M0 nbrs={app0.M0,app0.M4}
  cost=1 deg=2 node=app1.M6 parent=app1.M0 nbrs={app1.M0,app3.M8}
  cost=1 deg=2 node=app2.M8 parent=app2.M0 nbrs={app2.M0,app2.M11}
[pd-knot] 6 polyline cross pairs, 0 resolved via endpoint swap.
[xings-detour] iters=1 initial-poly-pairs=7 accepted=0 (multi-seg, density-aware, polyline detect, iterative).
[visual-knot] 7→7 cross points, 0→0 hot cells (≥3), 0 handled, 0 swap accepted.
[leaf-untangle] candidates=29, with-cross=5, moved=0, crossings-resolved=0.
[stuck-leaf-diag] 8 candidates with cost>0 (top 15 below):
  cost=11 deg=3 node=app2.M11 parent=app2.M0 nbrs={app2.M0,app2.M4,app2.M8}
  cost=6 deg=2 node=app2.M9 parent=app2.M0 nbrs={app2.M0,app3.M6}
  cost=2 deg=3 node=app0.M4 parent=app0.M0 nbrs={app0.M0,app0.M2,app3.M5}
  cost=2 deg=2 node=app3.M3 parent=app3.M0 nbrs={app3.M0,app3.M5}
  cost=2 deg=2 node=app3.M8 parent=app0.M0 nbrs={app1.M6,app0.M0}
  cost=1 deg=2 node=app0.M2 parent=app0.M0 nbrs={app0.M0,app0.M4}
  cost=1 deg=2 node=app1.M6 parent=app1.M0 nbrs={app1.M0,app3.M8}
  cost=1 deg=2 node=app2.M8 parent=app2.M0 nbrs={app2.M0,app2.M11}
[carrier-cross] segment 7 -> carrier-grouped 6 (-14%). Carriers: 37 total (1 bundle + 26 cluster-pair + 10 individual).
[isolated-stash] Stashed 4 edge-less nodes in 6-column strip at x>=9503.
[face-raster] grid 2885x2345 (cell 5.0x5.0 units), 82 faces, 6704743 bg cells (99.1% of grid)
  face #1: 5020024 cells (74.9%), bbox 2885x2345 @ (0,0)
  face #79: 522642 cells (7.8%), bbox 1147x920 @ (100,1325)
  face #21: 229150 cells (3.4%), bbox 1272x629 @ (1229,420)
  face #76: 189704 cells (2.8%), bbox 857x1051 @ (756,1187)
  face #61: 140448 cells (2.1%), bbox 876x598 @ (744,1022)
  face #2: 139179 cells (2.1%), bbox 264x1241 @ (891,73)
  face #10: 125247 cells (1.9%), bbox 518x610 @ (1094,392)
  face #45: 120533 cells (1.8%), bbox 538x441 @ (1062,883)
[face-cohesion] 9 clusters analysed, 2 low-cohesion (<60% in dominant face)
  cohesion histogram:
     50%- 59%: 2 clusters
     60%- 69%: 1 clusters
     80%- 89%: 2 clusters
    100%-100%: 4 clusters
  top 2 low-cohesion clusters (largest first):
    _louv_0: 4 members, 2 in dominant face, 3 faces total (50%)
    _louv_12: 2 members, 1 in dominant face, 2 faces total (50%)
[face-density] 52 micro-faces (size<50), top 10 hot regions (macro 64x64 cells):
  region (18,6): 9 micro-faces, world (2218,1646)-(2538,1966)
  region (22,11): 8 micro-faces, world (3498,3245)-(3818,3565)
  region (24,15): 7 micro-faces, world (4138,4525)-(4458,4844)
  region (14,1): 6 micro-faces, world (938,46)-(1258,366)
  region (21,11): 5 micro-faces, world (3178,3245)-(3498,3565)
  region (38,16): 5 micro-faces, world (8617,4844)-(8937,5164)
  region (37,16): 4 micro-faces, world (8297,4844)-(8617,5164)
  region (19,6): 2 micro-faces, world (2538,1646)-(2858,1966)
  region (16,13): 2 micro-faces, world (1578,3885)-(1898,4205)
  region (13,20): 2 micro-faces, world (618,6124)-(938,6444)
[face-ppm] Wrote /tmp/face-raster.ppm (2885x2345, downsampled from 2885x2345 by 1)
[face-untangle] 2 target clusters, 3 strays, 1 moved (poly cross 7 → 7, 0 fewer)
[stuck-leaf-2d] pass 1: 0 candidates, 0 moved, 0 cost units resolved.
[stuck-leaf-2d] 0 candidates, 0 moved, 0 cost units resolved (poly cross 7 → 7, 0 fewer)
[hot-region-sa] 0 hot cells (≥4 cross, 7 cross pts), top 0 processed, 0/0 swap accepted (cross 7 → 7, 0 fewer)
