[community] algorithm=louvain communities=77 meta=5
[hub-bias] Super-graph: pushed 7 high-deg cluster roots to 1.4x avgR.
[cg-time] 9ms post-hub-bias
[cg-time] 25ms pre-§10-outward-radial
[cg-time] 25ms pre-§11-compose
[cg-time] 25ms pre-§12-pruning-reattach
[cg-time] 25ms pre-§13-cluster-swap
[cg-time] 282ms pre-§14-chain-straightening
[cg-time] 282ms pre-§15-pruned-cross-min
[§15.5] Optimized 24 alone-root+independent nodes (4 moves).
[cg-time] 285ms pre-bus-bundle
[xings-hotspot] total=279 xings across 111 offending edges (of 244)
  edge core.Hub0↔app5.M0 xings=21 cluster=(?,?)
  edge app0.M2↔app13.M0 xings=21 cluster=(?,_louv_5)
  edge app0.M2↔app13.M1 xings=21 cluster=(?,?)
  edge app3.M6↔app15.M7 xings=21 cluster=(_louv_20,?)
  edge app7.M12↔app15.M6 xings=20 cluster=(?,_louv_72)
  edge app9.M2↔app13.M0 xings=18 cluster=(_louv_19,_louv_5)
  edge core.Hub1↔app15.M0 xings=13 cluster=(?,_louv_72)
  edge core.Hub1↔app16.M0 xings=13 cluster=(?,_louv_76)
[xings-hotspot] top cluster signatures:
  {?|_louv_72|_louv_76} xings=22
  {?|_louv_72} xings=15
  {?|_louv_68} xings=10
  {?|_louv_20|_louv_5} xings=6
  {?|_louv_20|_louv_22} xings=6
  {?|_louv_30} xings=6
  {?|_louv_19|_louv_5|_louv_68} xings=6
  {?|_louv_20} xings=5
[knot-min] Accepted 48 spatial swaps among 194 candidates.
[knot-min-2opt] Accepted 3 cross-targeted swaps.
[carrier-pre] 250 edges → 161 distinct carriers (cost-side filter).
[leaf-untangle] candidates=118, with-cross=49, moved=37, crossings-resolved=97.
[leaf-untangle] candidates=118, with-cross=30, moved=11, crossings-resolved=25.
[leaf-untangle] candidates=118, with-cross=24, moved=3, crossings-resolved=7.
[leaf-untangle] candidates=118, with-cross=24, moved=1, crossings-resolved=2.
[stuck-leaf-diag] 24 candidates with cost>0 (top 15 below):
  cost=23 deg=3 node=app7.M12 parent=app7.M0 nbrs={app7.M0,app7.M9,app15.M6}
  cost=16 deg=3 node=app9.M3 parent=app15.M0 nbrs={app9.M0,app9.M2,app15.M0}
  cost=7 deg=2 node=app9.M1 parent=app9.M0 nbrs={app9.M0,app14.M10}
  cost=6 deg=2 node=app1.M3 parent=app1.M8 nbrs={app1.M8,app4.M2}
  cost=6 deg=2 node=app4.M2 parent=app1.M3 nbrs={app4.Log33,app1.M3}
  cost=5 deg=3 node=app16.M4 parent=app16.M0 nbrs={app16.M0,app16.M1,app9.M8}
  cost=5 deg=3 node=app15.M8 parent=app15.M0 nbrs={app15.M0,app15.M6,app13.M0}
  cost=3 deg=2 node=app14.M7 parent=app14.M0 nbrs={app14.M0,app14.M1}
  cost=3 deg=2 node=app6.M2 parent=app9.M5 nbrs={app9.M5,app1.M6}
  cost=3 deg=2 node=app14.M3 parent=app14.M0 nbrs={app14.M0,app10.M7}
  cost=2 deg=1 node=app1.Address3 parent=app1.M1 nbrs={app1.M1}
  cost=2 deg=2 node=app1.M1 parent=app1.M0 nbrs={app1.M0,app1.Address3}
  cost=2 deg=2 node=app14.M5 parent=app14.M0 nbrs={app14.M0,app6.M0}
  cost=2 deg=2 node=app3.M1 parent=app3.M0 nbrs={app3.M0,app6.M3}
  cost=2 deg=2 node=app14.M10 parent=app14.M0 nbrs={app14.M0,app9.M1}
[pd-knot] 198 polyline cross pairs, 4 resolved via endpoint swap.
[xings-detour] iters=2 initial-poly-pairs=189 accepted=3 (multi-seg, density-aware, polyline detect, iterative).
[visual-knot] 183→182 cross points, 13→11 hot cells (≥3), 24 handled, 1 swap accepted.
[leaf-untangle] candidates=118, with-cross=29, moved=9, crossings-resolved=21.
[leaf-untangle] candidates=118, with-cross=24, moved=4, crossings-resolved=8.
[leaf-untangle] candidates=118, with-cross=23, moved=0, crossings-resolved=0.
[stuck-leaf-diag] 23 candidates with cost>0 (top 15 below):
  cost=17 deg=3 node=app7.M12 parent=app7.M0 nbrs={app7.M0,app7.M9,app15.M6}
  cost=9 deg=3 node=app9.M3 parent=app15.M0 nbrs={app9.M0,app9.M2,app15.M0}
  cost=6 deg=2 node=app1.M3 parent=app1.M8 nbrs={app1.M8,app4.M2}
  cost=6 deg=2 node=app4.M2 parent=app1.M3 nbrs={app4.Log33,app1.M3}
  cost=5 deg=3 node=app15.M8 parent=app15.M0 nbrs={app15.M0,app15.M6,app13.M0}
  cost=5 deg=3 node=app16.M4 parent=app16.M0 nbrs={app16.M0,app16.M1,app9.M8}
  cost=3 deg=2 node=app14.M3 parent=app14.M0 nbrs={app14.M0,app10.M7}
  cost=3 deg=2 node=app14.M7 parent=app14.M0 nbrs={app14.M0,app14.M1}
  cost=2 deg=2 node=app1.M1 parent=app1.M0 nbrs={app1.M0,app1.Address3}
  cost=2 deg=2 node=app1.M6 parent=app1.M0 nbrs={app1.M0,app6.M2}
  cost=2 deg=2 node=app2.M2 parent=app2.M0 nbrs={app2.M0,app2.Asset31}
  cost=2 deg=2 node=app3.M1 parent=app3.M0 nbrs={app3.M0,app6.M3}
  cost=2 deg=2 node=app6.M2 parent=app9.M5 nbrs={app9.M5,app1.M6}
  cost=2 deg=2 node=app14.M5 parent=app14.M0 nbrs={app14.M0,app6.M0}
  cost=2 deg=2 node=app14.M10 parent=app14.M0 nbrs={app14.M0,app9.M1}
[isolated-stash] Stashed 9 edge-less nodes in 6-column strip at x>=34995.
[face-raster] grid 7628x5372 (cell 5.0x5.0 units), 667 faces, 40714779 bg cells (99.4% of grid)
  face #1: 25947473 cells (63.7%), bbox 7628x5372 @ (0,0)
  face #257: 2779669 cells (6.8%), bbox 2782x1551 @ (200,2582)
  face #10: 1762481 cells (4.3%), bbox 2398x1979 @ (769,649)
  face #106: 1104841 cells (2.7%), bbox 2365x937 @ (197,1641)
  face #16: 1104059 cells (2.7%), bbox 1266x2149 @ (4236,902)
  face #2: 779276 cells (1.9%), bbox 1863x1590 @ (1368,342)
  face #642: 703919 cells (1.7%), bbox 1832x775 @ (1132,3812)
  face #222: 655003 cells (1.6%), bbox 1549x853 @ (4876,2492)
[face-cohesion] 45 clusters analysed, 15 low-cohesion (<60% in dominant face)
  cohesion histogram:
     10%- 19%: 1 clusters
     20%- 29%: 2 clusters
     30%- 39%: 2 clusters
     50%- 59%: 10 clusters
     60%- 69%: 3 clusters
     70%- 79%: 2 clusters
    100%-100%: 25 clusters
  top 10 low-cohesion clusters (largest first):
    _louv_20: 6 members, 1 in dominant face, 6 faces total (17%)
    _louv_68: 4 members, 1 in dominant face, 4 faces total (25%)
    _louv_24: 4 members, 1 in dominant face, 4 faces total (25%)
    _louv_72: 3 members, 1 in dominant face, 3 faces total (33%)
    _louv_55: 3 members, 1 in dominant face, 3 faces total (33%)
    _louv_18: 2 members, 1 in dominant face, 2 faces total (50%)
    _louv_31: 2 members, 1 in dominant face, 2 faces total (50%)
    _louv_49: 2 members, 1 in dominant face, 2 faces total (50%)
    _louv_48: 2 members, 1 in dominant face, 2 faces total (50%)
    _louv_63: 2 members, 1 in dominant face, 2 faces total (50%)
[face-density] 424 micro-faces (size<50), top 10 hot regions (macro 64x64 cells):
  region (73,24): 40 micro-faces, world (22576,7115)-(22896,7435)
  region (63,43): 18 micro-faces, world (19376,13194)-(19696,13514)
  region (63,44): 18 micro-faces, world (19376,13514)-(19696,13834)
  region (51,24): 18 micro-faces, world (15537,7115)-(15857,7435)
  region (64,54): 17 micro-faces, world (19696,16714)-(20016,17034)
  region (65,29): 16 micro-faces, world (20016,8715)-(20336,9035)
  region (39,40): 16 micro-faces, world (11697,12234)-(12017,12554)
  region (52,31): 12 micro-faces, world (15857,9355)-(16177,9675)
  region (72,24): 11 micro-faces, world (22256,7115)-(22576,7435)
  region (65,31): 10 micro-faces, world (20016,9355)-(20336,9675)
[face-ppm] Wrote /tmp/face-raster.ppm (3814x2686, downsampled from 7628x5372 by 2)
[face-untangle] 13 target clusters, 16 strays, 1 moved (poly cross 181 → 180, 1 fewer)
[stuck-leaf-2d] pass 1: 2 candidates, 1 moved, 2 cost units resolved.
[stuck-leaf-2d] pass 2: 1 candidates, 0 moved, 0 cost units resolved.
[stuck-leaf-2d] 1 candidates, 1 moved, 2 cost units resolved (poly cross 180 → 178, 2 fewer)
[hot-region-sa] 9 hot cells (≥4 cross, 178 cross pts), top 5 processed, 40/581 swap accepted (cross 178 → 178, 0 fewer)
