[community] algorithm=louvain communities=43 meta=4
[hub-bias] Super-graph: pushed 5 high-deg cluster roots to 1.4x avgR.
[cg-time] 1ms post-hub-bias
[cg-time] 2ms pre-§10-outward-radial
[cg-time] 2ms pre-§11-compose
[cg-time] 2ms pre-§12-pruning-reattach
[cg-time] 2ms pre-§13-cluster-swap
[cg-time] 57ms pre-§14-chain-straightening
[cg-time] 57ms pre-§15-pruned-cross-min
[§15.5] Optimized 11 alone-root+independent nodes (2 moves).
[cg-time] 58ms pre-bus-bundle
[xings-hotspot] total=66 xings across 51 offending edges (of 125)
  edge app2.M0↔app2.M3 xings=10 cluster=(?,_louv_15)
  edge app0.M12↔app3.M0 xings=8 cluster=(?,_louv_20)
  edge app4.M3↔app4.M9 xings=7 cluster=(?,_louv_23)
  edge core.Hub0↔app6.M0 xings=6 cluster=(_louv_0,_louv_37)
  edge app3.M0↔app3.M4 xings=6 cluster=(_louv_20,?)
  edge app8.M0↔app8.M5 xings=5 cluster=(_louv_7,?)
  edge app3.M2↔app4.M2 xings=5 cluster=(_louv_20,?)
  edge core.Hub0↔app8.M0 xings=4 cluster=(_louv_0,_louv_7)
[xings-hotspot] top cluster signatures:
  {?|_louv_23} xings=8
  {?|_louv_20|_louv_7} xings=6
  {?|_louv_0|_louv_20|_louv_7} xings=3
  {?|_louv_15|_louv_20} xings=3
  {?|_louv_15|_louv_7} xings=2
  {?|_louv_37|_louv_42} xings=2
  {?|_louv_24} xings=2
  {?|_louv_0|_louv_1|_louv_37} xings=2
[bundle-clear] Pushed 3 nodes off bundle bboxes.
[knot-min] Accepted 28 spatial swaps among 100 candidates.
[knot-min-2opt] Accepted 1 cross-targeted swaps.
[carrier-pre] 127 edges → 84 distinct carriers (cost-side filter).
[leaf-untangle] candidates=57, with-cross=23, moved=22, crossings-resolved=94.
[leaf-untangle] candidates=57, with-cross=19, moved=13, crossings-resolved=27.
[leaf-untangle] candidates=57, with-cross=10, moved=2, crossings-resolved=6.
[leaf-untangle] candidates=57, with-cross=10, moved=0, crossings-resolved=0.
[stuck-leaf-diag] 10 candidates with cost>0 (top 15 below):
  cost=18 deg=3 node=core.Hub1 parent=app6.M0 nbrs={app1.M0,app6.M0,app8.M0}
  cost=6 deg=2 node=app2.M3 parent=app2.M0 nbrs={app2.M0,app2.M9}
  cost=4 deg=2 node=app8.M1 parent=app8.M0 nbrs={app8.M0,app1.M0}
  cost=4 deg=3 node=app8.M5 parent=app8.M0 nbrs={app8.M0,app4.M0,app4.M1}
  cost=3 deg=2 node=app2.M9 parent=app9.M1 nbrs={app2.M3,app9.M1}
  cost=2 deg=3 node=app4.M9 parent=app4.M0 nbrs={app4.M0,app4.M3,app4.M13}
  cost=1 deg=3 node=app4.M3 parent=app6.M0 nbrs={app4.M0,app4.M9,app6.M0}
  cost=1 deg=2 node=app4.M10 parent=app4.M0 nbrs={app4.M0,app4.M13}
  cost=1 deg=2 node=app5.M1 parent=app9.M0 nbrs={app5.M2,app9.M0}
  cost=1 deg=1 node=app7.M6 parent=app7.M0 nbrs={app7.M0}
[pd-knot] 39 polyline cross pairs, 2 resolved via endpoint swap.
[xings-detour] iters=2 initial-poly-pairs=38 accepted=3 (multi-seg, density-aware, polyline detect, iterative).
[visual-knot] 35→35 cross points, 2→2 hot cells (≥3), 2 handled, 0 swap accepted.
[leaf-untangle] candidates=57, with-cross=12, moved=2, crossings-resolved=4.
[leaf-untangle] candidates=57, with-cross=11, moved=1, crossings-resolved=2.
[leaf-untangle] candidates=57, with-cross=12, moved=0, crossings-resolved=0.
[stuck-leaf-diag] 12 candidates with cost>0 (top 15 below):
  cost=18 deg=3 node=core.Hub1 parent=app6.M0 nbrs={app1.M0,app6.M0,app8.M0}
  cost=6 deg=2 node=app2.M3 parent=app2.M0 nbrs={app2.M0,app2.M9}
  cost=4 deg=2 node=app8.M1 parent=app8.M0 nbrs={app8.M0,app1.M0}
  cost=4 deg=3 node=app8.M5 parent=app8.M0 nbrs={app8.M0,app4.M0,app4.M1}
  cost=3 deg=2 node=app2.M9 parent=app9.M1 nbrs={app2.M3,app9.M1}
  cost=2 deg=3 node=app4.M9 parent=app4.M0 nbrs={app4.M0,app4.M3,app4.M13}
  cost=1 deg=3 node=app4.M3 parent=app6.M0 nbrs={app4.M0,app4.M9,app6.M0}
  cost=1 deg=2 node=app4.M10 parent=app4.M0 nbrs={app4.M0,app4.M13}
  cost=1 deg=1 node=app4.M12 parent=app6.M4 nbrs={app6.M4}
  cost=1 deg=2 node=app5.M1 parent=app9.M0 nbrs={app5.M2,app9.M0}
  cost=1 deg=2 node=app6.M4 parent=app6.M0 nbrs={app6.M0,app4.M12}
  cost=1 deg=1 node=app7.M6 parent=app7.M0 nbrs={app7.M0}
[carrier-cross] segment 39 -> carrier-grouped 35 (-10%). Carriers: 83 total (1 bundle + 53 cluster-pair + 29 individual).
[isolated-stash] Stashed 7 edge-less nodes in 6-column strip at x>=13688.
[face-raster] grid 3193x2078 (cell 5.0x5.0 units), 182 faces, 6525761 bg cells (98.4% of grid)
  face #1: 4832263 cells (74.0%), bbox 3193x2078 @ (0,0)
  face #21: 511552 cells (7.8%), bbox 1112x914 @ (1435,347)
  face #147: 121164 cells (1.9%), bbox 459x489 @ (314,1280)
  face #3: 91486 cells (1.4%), bbox 567x563 @ (1023,226)
  face #13: 84691 cells (1.3%), bbox 279x597 @ (1013,304)
  face #14: 80032 cells (1.2%), bbox 176x739 @ (812,310)
  face #84: 59460 cells (0.9%), bbox 296x446 @ (515,964)
  face #12: 50237 cells (0.8%), bbox 146x749 @ (997,304)
[face-cohesion] 28 clusters analysed, 11 low-cohesion (<60% in dominant face)
  cohesion histogram:
     20%- 29%: 1 clusters
     30%- 39%: 4 clusters
     50%- 59%: 6 clusters
     60%- 69%: 3 clusters
    100%-100%: 14 clusters
  top 10 low-cohesion clusters (largest first):
    _louv_1: 6 members, 2 in dominant face, 5 faces total (33%)
    _louv_23: 4 members, 1 in dominant face, 4 faces total (25%)
    _louv_21: 3 members, 1 in dominant face, 3 faces total (33%)
    _louv_0: 3 members, 1 in dominant face, 3 faces total (33%)
    _louv_37: 3 members, 1 in dominant face, 3 faces total (33%)
    _louv_24: 2 members, 1 in dominant face, 2 faces total (50%)
    _louv_36: 2 members, 1 in dominant face, 2 faces total (50%)
    _louv_16: 2 members, 1 in dominant face, 2 faces total (50%)
    _louv_20: 2 members, 1 in dominant face, 2 faces total (50%)
    _louv_30: 2 members, 1 in dominant face, 2 faces total (50%)
[face-density] 89 micro-faces (size<50), top 10 hot regions (macro 64x64 cells):
  region (24,5): 22 micro-faces, world (7325,1352)-(7645,1672)
  region (23,19): 19 micro-faces, world (7005,5830)-(7325,6150)
  region (19,21): 5 micro-faces, world (5725,6470)-(6045,6790)
  region (4,27): 4 micro-faces, world (925,8389)-(1245,8709)
  region (12,11): 4 micro-faces, world (3485,3271)-(3805,3591)
  region (10,15): 4 micro-faces, world (2845,4551)-(3165,4870)
  region (22,21): 3 micro-faces, world (6685,6470)-(7005,6790)
  region (8,18): 2 micro-faces, world (2205,5510)-(2525,5830)
  region (14,5): 2 micro-faces, world (4125,1352)-(4445,1672)
  region (15,6): 2 micro-faces, world (4445,1672)-(4765,1991)
[face-ppm] Wrote /tmp/face-raster.ppm (3193x2078, downsampled from 3193x2078 by 1)
[face-untangle] 10 target clusters, 16 strays, 1 moved (poly cross 39 → 37, 2 fewer)
[stuck-leaf-2d] pass 1: 2 candidates, 1 moved, 1 cost units resolved.
[stuck-leaf-2d] pass 2: 1 candidates, 0 moved, 0 cost units resolved.
[stuck-leaf-2d] 1 candidates, 1 moved → REVERTED (poly cross 37 → 38)
[hot-region-sa] 2 hot cells (≥4 cross, 33 cross pts), top 2 processed, 22/302 swap accepted (cross 33 → 33, 0 fewer)
