[community] algorithm=louvain communities=88 meta=3
[hub-bias] Super-graph: pushed 10 high-deg cluster roots to 1.4x avgR.
[cg-time] 8ms post-hub-bias
[cg-time] 137ms pre-§10-outward-radial
[cg-time] 137ms pre-§11-compose
[cg-time] 137ms pre-§12-pruning-reattach
[cg-time] 137ms pre-§13-cluster-swap
[cg-time] 1938ms pre-§14-chain-straightening
[cg-time] 1938ms pre-§15-pruned-cross-min
[§15.5] Optimized 24 alone-root+independent nodes (5 moves).
[cg-time] 1944ms pre-bus-bundle
[bus-bundle] Created 2 bus bundles (4 members, sig ≥ 2 roots).
[xings-hotspot] total=449 xings across 174 offending edges (of 326)
  edge app3.M2↔app6.M6 xings=31 cluster=(_louv_4,_louv_44)
  edge app7.M2↔app11.M0 xings=31 cluster=(?,?)
  edge app14.M0↔app14.M1 xings=30 cluster=(?,?)
  edge app11.M0↔app11.M2 xings=27 cluster=(?,_louv_19)
  edge core.Hub2↔app2.M0 xings=24 cluster=(_louv_2,_louv_12)
  edge app18.M0↔app18.M3 xings=24 cluster=(?,?)
  edge core.Hub0↔app5.M0 xings=23 cluster=(_louv_0,_louv_34)
  edge app15.M1↔app16.M0 xings=22 cluster=(_louv_14,_louv_73)
[xings-hotspot] top cluster signatures:
  {?} xings=9
  {?|_louv_87} xings=7
  {?|_louv_0|_louv_53} xings=5
  {?|_louv_1} xings=5
  {?|_louv_4|_louv_44} xings=5
  {?|_louv_53|_louv_87} xings=4
  {?|_louv_2|_louv_61|_louv_73} xings=4
  {?|_louv_20|_louv_24} xings=4
[knot-min] Accepted 53 spatial swaps among 237 candidates.
[carrier-pre] 334 edges → 208 distinct carriers (cost-side filter).
[leaf-untangle] candidates=148, with-cross=62, moved=50, crossings-resolved=168.
[leaf-untangle] candidates=148, with-cross=36, moved=10, crossings-resolved=20.
[leaf-untangle] candidates=148, with-cross=26, moved=1, crossings-resolved=1.
[leaf-untangle] candidates=148, with-cross=25, moved=0, crossings-resolved=0.
[stuck-leaf-diag] 28 candidates with cost>0 (top 15 below):
  cost=22 deg=2 node=app11.M2 parent=app11.M0 nbrs={app11.M0,app13.M1}
  cost=10 deg=2 node=app17.M4 parent=app17.M0 nbrs={app17.M0,app10.M0}
  cost=9 deg=2 node=app6.M9 parent=app6.M0 nbrs={app6.M0,app6.M6}
  cost=8 deg=1 node=app16.Address6 parent=app16.M8 nbrs={app16.M8}
  cost=8 deg=2 node=app1.M2 parent=app1.M0 nbrs={app1.M0,app3.M3}
  cost=6 deg=2 node=app10.M1 parent=app10.M0 nbrs={app10.M0,app5.M7}
  cost=6 deg=3 node=app2.M12 parent=app2.M0 nbrs={app2.M0,app2.M3,app17.M3}
  cost=6 deg=2 node=app13.M1 parent=app2.M9 nbrs={app2.M9,app11.M2}
  cost=5 deg=2 node=app5.M7 parent=app5.M0 nbrs={app5.M0,app10.M1}
  cost=4 deg=2 node=app13.M6 parent=app13.M0 nbrs={app13.M0,app4.M2}
  cost=3 deg=3 node=app2.M14 parent=app2.M0 nbrs={app2.M0,app2.M9,app2.Address23}
  cost=3 deg=3 node=app2.M9 parent=app2.M0 nbrs={app2.M0,app2.M14,app13.M1}
  cost=3 deg=3 node=app9.M6 parent=app9.M0 nbrs={app9.M0,app9.M1,app9.M4}
  cost=3 deg=3 node=app17.M6 parent=app17.M0 nbrs={app17.M0,app17.M10,app17.M8}
  cost=3 deg=1 node=app16.File1 parent=app16.M8 nbrs={app16.M8}
[pd-knot] 376 polyline cross pairs, 2 resolved via endpoint swap.
[xings-detour] iters=2 initial-poly-pairs=363 accepted=10 (multi-seg, density-aware, polyline detect, iterative).
[visual-knot] 344→344 cross points, 30→30 hot cells (≥3), 30 handled, 0 swap accepted.
[leaf-untangle] candidates=148, with-cross=25, moved=0, crossings-resolved=0.
[stuck-leaf-diag] 28 candidates with cost>0 (top 15 below):
  cost=22 deg=2 node=app11.M2 parent=app11.M0 nbrs={app11.M0,app13.M1}
  cost=10 deg=2 node=app17.M4 parent=app17.M0 nbrs={app17.M0,app10.M0}
  cost=9 deg=2 node=app6.M9 parent=app6.M0 nbrs={app6.M0,app6.M6}
  cost=8 deg=1 node=app16.Address6 parent=app16.M8 nbrs={app16.M8}
  cost=8 deg=2 node=app1.M2 parent=app1.M0 nbrs={app1.M0,app3.M3}
  cost=6 deg=2 node=app10.M1 parent=app10.M0 nbrs={app10.M0,app5.M7}
  cost=6 deg=3 node=app2.M12 parent=app2.M0 nbrs={app2.M0,app2.M3,app17.M3}
  cost=6 deg=2 node=app13.M1 parent=app2.M9 nbrs={app2.M9,app11.M2}
  cost=5 deg=2 node=app5.M7 parent=app5.M0 nbrs={app5.M0,app10.M1}
  cost=4 deg=2 node=app13.M6 parent=app13.M0 nbrs={app13.M0,app4.M2}
  cost=3 deg=3 node=app2.M14 parent=app2.M0 nbrs={app2.M0,app2.M9,app2.Address23}
  cost=3 deg=3 node=app2.M9 parent=app2.M0 nbrs={app2.M0,app2.M14,app13.M1}
  cost=3 deg=3 node=app9.M6 parent=app9.M0 nbrs={app9.M0,app9.M1,app9.M4}
  cost=3 deg=3 node=app17.M6 parent=app17.M0 nbrs={app17.M0,app17.M10,app17.M8}
  cost=3 deg=1 node=app16.File1 parent=app16.M8 nbrs={app16.M8}
[carrier-cross] segment 348 -> carrier-grouped 300 (-14%). Carriers: 207 total (4 bundle + 138 cluster-pair + 65 individual).
[isolated-stash] Stashed 4 edge-less nodes in 6-column strip at x>=26671.
[face-raster] grid 5799x6181 (cell 5.0x5.0 units), 1062 faces, 35544445 bg cells (99.2% of grid)
  face #1: 26202582 cells (73.7%), bbox 5799x6181 @ (0,0)
  face #568: 846272 cells (2.4%), bbox 1214x1583 @ (461,3054)
  face #984: 730274 cells (2.1%), bbox 2145x1333 @ (155,4708)
  face #915: 523950 cells (1.5%), bbox 1443x768 @ (1658,4144)
  face #46: 454551 cells (1.3%), bbox 1490x806 @ (314,1948)
  face #107: 345885 cells (1.0%), bbox 1178x711 @ (1541,2112)
  face #18: 323861 cells (0.9%), bbox 1787x356 @ (327,1755)
  face #106: 313533 cells (0.9%), bbox 338x1644 @ (3524,2111)
[face-cohesion] 61 clusters analysed, 27 low-cohesion (<60% in dominant face)
  cohesion histogram:
     20%- 29%: 1 clusters
     30%- 39%: 6 clusters
     40%- 49%: 1 clusters
     50%- 59%: 19 clusters
     60%- 69%: 7 clusters
     70%- 79%: 1 clusters
    100%-100%: 26 clusters
  top 10 low-cohesion clusters (largest first):
    _louv_53: 8 members, 3 in dominant face, 6 faces total (38%)
    _louv_76: 5 members, 2 in dominant face, 3 faces total (40%)
    _louv_26: 4 members, 2 in dominant face, 3 faces total (50%)
    _louv_12: 4 members, 2 in dominant face, 3 faces total (50%)
    _louv_73: 4 members, 1 in dominant face, 4 faces total (25%)
    _louv_24: 4 members, 2 in dominant face, 3 faces total (50%)
    _louv_44: 4 members, 2 in dominant face, 3 faces total (50%)
    _louv_61: 3 members, 1 in dominant face, 3 faces total (33%)
    _louv_51: 3 members, 1 in dominant face, 3 faces total (33%)
    _louv_39: 3 members, 1 in dominant face, 3 faces total (33%)
[face-density] 607 micro-faces (size<50), top 10 hot regions (macro 64x64 cells):
  region (43,50): 46 micro-faces, world (13154,15355)-(13474,15675)
  region (44,48): 39 micro-faces, world (13474,14715)-(13794,15035)
  region (26,75): 24 micro-faces, world (7714,23354)-(8034,23674)
  region (27,74): 22 micro-faces, world (8034,23034)-(8354,23354)
  region (21,70): 19 micro-faces, world (6114,21754)-(6434,22074)
  region (42,51): 19 micro-faces, world (12834,15675)-(13154,15995)
  region (41,44): 15 micro-faces, world (12514,13436)-(12834,13756)
  region (42,44): 15 micro-faces, world (12834,13436)-(13154,13756)
  region (43,49): 15 micro-faces, world (13154,15035)-(13474,15355)
  region (6,31): 14 micro-faces, world (1314,9276)-(1634,9596)
[face-ppm] Wrote /tmp/face-raster.ppm (2899x3090, downsampled from 5799x6181 by 2)
[face-untangle] 27 target clusters, 43 strays, 2 moved (poly cross 344 → 342, 2 fewer)
[stuck-leaf-2d] pass 1: 2 candidates, 2 moved, 3 cost units resolved.
[stuck-leaf-2d] pass 2: 1 candidates, 0 moved, 0 cost units resolved.
[stuck-leaf-2d] 1 candidates, 2 moved, 3 cost units resolved (poly cross 342 → 337, 5 fewer)
[hot-region-sa] 28 hot cells (≥4 cross, 337 cross pts), top 5 processed, 89/522 swap accepted (cross 337 → 337, 0 fewer)
