[community] algorithm=louvain communities=83 meta=4
[hub-bias] Super-graph: pushed 8 high-deg cluster roots to 1.4x avgR.
[cg-time] 3ms post-hub-bias
[cg-time] 6ms pre-§10-outward-radial
[cg-time] 6ms pre-§11-compose
[cg-time] 6ms pre-§12-pruning-reattach
[cg-time] 6ms pre-§13-cluster-swap
[cg-time] 227ms pre-§14-chain-straightening
[cg-time] 227ms pre-§15-pruned-cross-min
[§15.5] Optimized 22 alone-root+independent nodes (3 moves).
[cg-time] 229ms pre-bus-bundle
[bus-bundle] Created 1 bus bundles (2 members, sig ≥ 2 roots).
[xings-hotspot] total=158 xings across 87 offending edges (of 223)
  edge app0.M0↔app16.M0 xings=18 cluster=(?,_louv_1)
  edge core.Hub1↔app0.M0 xings=14 cluster=(_louv_1,?)
  edge core.Hub1↔app15.M0 xings=12 cluster=(_louv_1,_louv_74)
  edge core.Hub0↔app15.M0 xings=12 cluster=(_louv_0,_louv_74)
  edge core.Hub0↔app13.M0 xings=11 cluster=(_louv_0,_louv_65)
  edge core.Hub2↔app3.M0 xings=11 cluster=(_louv_2,_louv_22)
  edge app6.M3↔app8.M4 xings=10 cluster=(?,?)
  edge app10.M0↔app11.M1 xings=9 cluster=(?,?)
[xings-hotspot] top cluster signatures:
  {?|_louv_1} xings=6
  {?|_louv_1|_louv_30} xings=4
  {?|_louv_1|_louv_2} xings=4
  {?|_louv_1|_louv_40|_louv_74} xings=3
  {?|_louv_1|_louv_2|_louv_22} xings=3
  {?} xings=2
  {?|_louv_11|_louv_59} xings=2
  {?|_louv_0|_louv_1|_louv_74} xings=2
[knot-min] Accepted 39 spatial swaps among 191 candidates.
[carrier-pre] 227 edges → 140 distinct carriers (cost-side filter).
[leaf-untangle] candidates=120, with-cross=48, moved=40, crossings-resolved=158.
[leaf-untangle] candidates=120, with-cross=24, moved=14, crossings-resolved=36.
[leaf-untangle] candidates=120, with-cross=20, moved=4, crossings-resolved=10.
[leaf-untangle] candidates=120, with-cross=16, moved=1, crossings-resolved=2.
[stuck-leaf-diag] 18 candidates with cost>0 (top 15 below):
  cost=7 deg=3 node=app14.M4 parent=app14.M0 nbrs={app14.M0,app14.M1,app12.M6}
  cost=6 deg=2 node=app15.M2 parent=app15.M0 nbrs={app15.M0,app15.Address38}
  cost=4 deg=2 node=app2.M6 parent=app6.M0 nbrs={app2.M0,app6.M0}
  cost=3 deg=3 node=app3.M9 parent=app3.M0 nbrs={app3.M0,app3.M2,app3.File11}
  cost=3 deg=2 node=app5.M7 parent=app5.M0 nbrs={app5.M0,app5.M2}
  cost=3 deg=2 node=app13.M1 parent=app13.M0 nbrs={app13.M0,app13.Asset28}
  cost=3 deg=1 node=app15.M9 parent=app15.M0 nbrs={app15.M0}
  cost=2 deg=2 node=app3.M6 parent=app3.M0 nbrs={app3.M0,app3.M2}
  cost=2 deg=3 node=app5.M11 parent=app5.M0 nbrs={app5.M0,app5.M5,app5.Asset33}
  cost=2 deg=3 node=app8.M7 parent=app8.M0 nbrs={app8.M0,app8.M3,app7.M0}
  cost=2 deg=3 node=app11.M2 parent=app11.M0 nbrs={app11.M0,app11.M5,app7.M2}
  cost=2 deg=2 node=app11.M6 parent=app11.M0 nbrs={app11.M0,app13.M4}
  cost=2 deg=2 node=app13.M4 parent=app13.M11 nbrs={app13.M11,app11.M6}
  cost=1 deg=3 node=app3.M2 parent=app3.M0 nbrs={app3.M0,app3.M9,app3.M6}
  cost=1 deg=2 node=app5.M5 parent=app5.M0 nbrs={app5.M0,app5.M11}
[pd-knot] 114 polyline cross pairs, 1 resolved via endpoint swap.
[xings-detour] iters=2 initial-poly-pairs=119 accepted=4 (multi-seg, density-aware, polyline detect, iterative).
[visual-knot] 115→115 cross points, 9→9 hot cells (≥3), 9 handled, 0 swap accepted.
[leaf-untangle] candidates=120, with-cross=19, moved=5, crossings-resolved=12.
[leaf-untangle] candidates=120, with-cross=17, moved=2, crossings-resolved=5.
[leaf-untangle] candidates=120, with-cross=16, moved=0, crossings-resolved=0.
[stuck-leaf-diag] 18 candidates with cost>0 (top 15 below):
  cost=7 deg=3 node=app14.M4 parent=app14.M0 nbrs={app14.M0,app14.M1,app12.M6}
  cost=6 deg=2 node=app15.M2 parent=app15.M0 nbrs={app15.M0,app15.Address38}
  cost=3 deg=2 node=app2.M6 parent=app6.M0 nbrs={app2.M0,app6.M0}
  cost=3 deg=3 node=app3.M9 parent=app3.M0 nbrs={app3.M0,app3.M2,app3.File11}
  cost=3 deg=2 node=app5.M7 parent=app5.M0 nbrs={app5.M0,app5.M2}
  cost=3 deg=2 node=app13.M1 parent=app13.M0 nbrs={app13.M0,app13.Asset28}
  cost=3 deg=1 node=app15.M9 parent=app15.M0 nbrs={app15.M0}
  cost=2 deg=2 node=app3.M6 parent=app3.M0 nbrs={app3.M0,app3.M2}
  cost=2 deg=3 node=app5.M11 parent=app5.M0 nbrs={app5.M0,app5.M5,app5.Asset33}
  cost=2 deg=3 node=app11.M2 parent=app11.M0 nbrs={app11.M0,app11.M5,app7.M2}
  cost=2 deg=2 node=app11.M6 parent=app11.M0 nbrs={app11.M0,app13.M4}
  cost=2 deg=2 node=app13.M4 parent=app13.M11 nbrs={app13.M11,app11.M6}
  cost=1 deg=3 node=app3.M2 parent=app3.M0 nbrs={app3.M0,app3.M9,app3.M6}
  cost=1 deg=2 node=app5.M5 parent=app5.M0 nbrs={app5.M0,app5.M11}
  cost=1 deg=2 node=app6.M2 parent=app6.M3 nbrs={app6.M3,app6.File13}
[carrier-cross] segment 115 -> carrier-grouped 100 (-13%). Carriers: 139 total (2 bundle + 91 cluster-pair + 46 individual).
[isolated-stash] Stashed 18 edge-less nodes in 6-column strip at x>=17939.
[face-raster] grid 4065x4883 (cell 5.0x5.0 units), 570 faces, 19633727 bg cells (98.9% of grid)
  face #1: 13814629 cells (70.4%), bbox 4065x4883 @ (0,0)
  face #2: 746595 cells (3.8%), bbox 906x1686 @ (397,119)
  face #201: 744777 cells (3.8%), bbox 1311x1652 @ (1749,2380)
  face #359: 480512 cells (2.4%), bbox 624x1561 @ (1880,3166)
  face #345: 342005 cells (1.7%), bbox 700x1571 @ (1102,3065)
  face #353: 275213 cells (1.4%), bbox 843x1203 @ (1936,3141)
  face #269: 259795 cells (1.3%), bbox 527x1634 @ (1245,2815)
  face #289: 200006 cells (1.0%), bbox 331x1799 @ (1547,2922)
[face-cohesion] 47 clusters analysed, 16 low-cohesion (<60% in dominant face)
  cohesion histogram:
     20%- 29%: 2 clusters
     30%- 39%: 5 clusters
     50%- 59%: 9 clusters
     60%- 69%: 4 clusters
    100%-100%: 27 clusters
  top 10 low-cohesion clusters (largest first):
    _louv_34: 6 members, 3 in dominant face, 3 faces total (50%)
    _louv_40: 5 members, 1 in dominant face, 5 faces total (20%)
    _louv_30: 4 members, 2 in dominant face, 3 faces total (50%)
    _louv_25: 4 members, 1 in dominant face, 4 faces total (25%)
    _louv_59: 3 members, 1 in dominant face, 3 faces total (33%)
    _louv_6: 3 members, 1 in dominant face, 3 faces total (33%)
    _louv_74: 3 members, 1 in dominant face, 3 faces total (33%)
    _louv_33: 3 members, 1 in dominant face, 3 faces total (33%)
    _louv_22: 3 members, 1 in dominant face, 3 faces total (33%)
    _louv_70: 2 members, 1 in dominant face, 2 faces total (50%)
[face-density] 367 micro-faces (size<50), top 10 hot regions (macro 64x64 cells):
  region (27,71): 50 micro-faces, world (8200,22200)-(8520,22520)
  region (27,72): 36 micro-faces, world (8200,22520)-(8520,22840)
  region (8,18): 19 micro-faces, world (2121,5242)-(2441,5562)
  region (5,46): 19 micro-faces, world (1161,14201)-(1481,14521)
  region (26,70): 17 micro-faces, world (7880,21880)-(8200,22200)
  region (28,72): 15 micro-faces, world (8520,22520)-(8840,22840)
  region (17,59): 15 micro-faces, world (5000,18360)-(5320,18680)
  region (8,17): 11 micro-faces, world (2121,4922)-(2441,5242)
  region (29,73): 11 micro-faces, world (8840,22840)-(9160,23160)
  region (39,68): 9 micro-faces, world (12039,21240)-(12359,21560)
[face-ppm] Wrote /tmp/face-raster.ppm (2032x2441, downsampled from 4065x4883 by 2)
[face-untangle] 14 target clusters, 22 strays, 1 moved (poly cross 115 → 115, 0 fewer)
[stuck-leaf-2d] pass 1: 2 candidates, 2 moved, 2 cost units resolved.
[stuck-leaf-2d] pass 2: 0 candidates, 0 moved, 0 cost units resolved.
[stuck-leaf-2d] 0 candidates, 2 moved, 2 cost units resolved (poly cross 115 → 115, 0 fewer)
[hot-region-sa] 10 hot cells (≥4 cross), top 5 processed, 50/498 swap accepted → REVERTED (cross 115 → 116)
