[community] algorithm=louvain communities=102 meta=4
[hub-bias] Super-graph: pushed 3 high-deg cluster roots to 1.4x avgR.
[cg-time] 8ms post-hub-bias
[cg-time] 131ms pre-§10-outward-radial
[cg-time] 131ms pre-§11-compose
[cg-time] 131ms pre-§12-pruning-reattach
[cg-time] 131ms pre-§13-cluster-swap
[cg-time] 747ms pre-§14-chain-straightening
[cg-time] 747ms pre-§15-pruned-cross-min
[§15.5] Optimized 37 alone-root+independent nodes (7 moves).
[cg-time] 754ms pre-bus-bundle
[bus-bundle] Created 2 bus bundles (4 members, sig ≥ 2 roots).
[xings-hotspot] total=299 xings across 137 offending edges (of 320)
  edge app8.M7↔app12.M10 xings=20 cluster=(?,?)
  edge app18.M0↔app18.M2 xings=18 cluster=(?,?)
  edge core.Hub0↔app9.M0 xings=18 cluster=(?,_louv_53)
  edge app2.M2↔app12.M7 xings=16 cluster=(?,_louv_12)
  edge app2.M9↔app8.M7 xings=16 cluster=(?,?)
  edge core.Hub0↔app2.M0 xings=14 cluster=(?,_louv_10)
  edge core.Hub0↔app18.M0 xings=13 cluster=(?,?)
  edge app12.M0↔app12.M4 xings=13 cluster=(_louv_69,?)
[xings-hotspot] top cluster signatures:
  {?} xings=18
  {?|_louv_10} xings=10
  {?|_louv_69} xings=9
  {?|_louv_37} xings=8
  {?|_louv_53} xings=7
  {?|_louv_12} xings=7
  {?|_louv_31} xings=6
  {?|_louv_2|_louv_64} xings=6
[bundle-clear] Pushed 3 nodes off bundle bboxes.
[knot-min] Accepted 74 spatial swaps among 258 candidates.
[carrier-pre] 327 edges → 204 distinct carriers (cost-side filter).
[leaf-untangle] candidates=172, with-cross=58, moved=48, crossings-resolved=166.
[leaf-untangle] candidates=172, with-cross=32, moved=14, crossings-resolved=40.
[leaf-untangle] candidates=172, with-cross=25, moved=1, crossings-resolved=3.
[leaf-untangle] candidates=172, with-cross=24, moved=0, crossings-resolved=0.
[stuck-leaf-diag] 34 candidates with cost>0 (top 15 below):
  cost=17 deg=2 node=app14.M0 parent=core.Hub0 nbrs={app14.M1,core.Hub0}
  cost=13 deg=2 node=app17.M7 parent=app12.M8 nbrs={app12.M8,app12.M4}
  cost=10 deg=3 node=app8.M8 parent=app8.M0 nbrs={app8.M0,app8.M3,app0.M4}
  cost=9 deg=2 node=app19.M4 parent=app19.M0 nbrs={app19.M0,app19.Address31}
  cost=8 deg=3 node=app7.M13 parent=app7.M0 nbrs={app7.M0,app7.M3,app5.M4}
  cost=8 deg=3 node=app1.M4 parent=app1.M0 nbrs={app1.M0,app1.M2,app5.M2}
  cost=7 deg=2 node=app9.M10 parent=app8.M3 nbrs={app6.M3,app8.M3}
  cost=6 deg=2 node=app11.M11 parent=app11.M0 nbrs={app11.M0,app11.Address23}
  cost=6 deg=2 node=app6.M3 parent=app6.M0 nbrs={app6.M0,app9.M10}
  cost=6 deg=2 node=app19.M9 parent=app19.M0 nbrs={app19.M0,app19.Asset13}
  cost=6 deg=1 node=app19.M5 parent=app19.M0 nbrs={app19.M0}
  cost=5 deg=2 node=app2.M12 parent=app2.M4 nbrs={app2.M4,app2.M6}
  cost=5 deg=3 node=app12.M6 parent=app12.M0 nbrs={app12.M0,app12.M2,app18.M2}
  cost=4 deg=3 node=app8.M3 parent=app8.M0 nbrs={app8.M0,app8.M8,app9.M10}
  cost=4 deg=2 node=app15.M12 parent=app15.M0 nbrs={app15.M0,app19.M3}
[pd-knot] 166 polyline cross pairs, 2 resolved via endpoint swap.
[xings-detour] iters=2 initial-poly-pairs=165 accepted=6 (multi-seg, density-aware, polyline detect, iterative).
[visual-knot] 156→155 cross points, 9→10 hot cells (≥3), 19 handled, 1 swap accepted.
[leaf-untangle] candidates=172, with-cross=28, moved=7, crossings-resolved=12.
[leaf-untangle] candidates=172, with-cross=24, moved=2, crossings-resolved=6.
[leaf-untangle] candidates=172, with-cross=24, moved=0, crossings-resolved=0.
[stuck-leaf-diag] 34 candidates with cost>0 (top 15 below):
  cost=17 deg=2 node=app14.M0 parent=core.Hub0 nbrs={app14.M1,core.Hub0}
  cost=15 deg=2 node=app6.M3 parent=app6.M0 nbrs={app6.M0,app9.M10}
  cost=12 deg=2 node=app9.M10 parent=app8.M3 nbrs={app6.M3,app8.M3}
  cost=9 deg=2 node=app19.M4 parent=app19.M0 nbrs={app19.M0,app19.Address31}
  cost=9 deg=2 node=app17.M7 parent=app12.M8 nbrs={app12.M8,app12.M4}
  cost=8 deg=3 node=app1.M4 parent=app1.M0 nbrs={app1.M0,app1.M2,app5.M2}
  cost=8 deg=3 node=app7.M13 parent=app7.M0 nbrs={app7.M0,app7.M3,app5.M4}
  cost=8 deg=3 node=app8.M8 parent=app8.M0 nbrs={app8.M0,app8.M3,app0.M4}
  cost=6 deg=2 node=app19.M9 parent=app19.M0 nbrs={app19.M0,app19.Asset13}
  cost=6 deg=2 node=app11.M11 parent=app11.M0 nbrs={app11.M0,app11.Address23}
  cost=6 deg=1 node=app19.M5 parent=app19.M0 nbrs={app19.M0}
  cost=5 deg=2 node=app2.M12 parent=app2.M4 nbrs={app2.M4,app2.M6}
  cost=5 deg=3 node=app12.M6 parent=app12.M0 nbrs={app12.M0,app12.M2,app18.M2}
  cost=4 deg=2 node=app15.M12 parent=app15.M0 nbrs={app15.M0,app19.M3}
  cost=3 deg=1 node=app19.Note38 parent=app19.M0 nbrs={app19.M0}
[carrier-cross] segment 152 -> carrier-grouped 136 (-11%). Carriers: 198 total (5 bundle + 128 cluster-pair + 65 individual).
[isolated-stash] Stashed 11 edge-less nodes in 6-column strip at x>=18923.
[face-raster] grid 4285x2967 (cell 5.0x5.0 units), 797 faces, 12452786 bg cells (97.9% of grid)
  face #1: 8963465 cells (72.0%), bbox 4285x2967 @ (0,0)
  face #25: 265999 cells (2.1%), bbox 981x1374 @ (2235,216)
  face #769: 168263 cells (1.4%), bbox 390x771 @ (1390,2050)
  face #26: 161831 cells (1.3%), bbox 414x1014 @ (2106,218)
  face #344: 154566 cells (1.2%), bbox 700x516 @ (268,1326)
  face #4: 153936 cells (1.2%), bbox 1966x1140 @ (243,199)
  face #665: 122824 cells (1.0%), bbox 692x760 @ (659,1705)
  face #320: 109457 cells (0.9%), bbox 423x628 @ (751,1245)
[face-cohesion] 65 clusters analysed, 30 low-cohesion (<60% in dominant face)
  cohesion histogram:
     20%- 29%: 4 clusters
     30%- 39%: 4 clusters
     40%- 49%: 3 clusters
     50%- 59%: 19 clusters
     60%- 69%: 5 clusters
     70%- 79%: 3 clusters
    100%-100%: 27 clusters
  top 10 low-cohesion clusters (largest first):
    _louv_41: 9 members, 2 in dominant face, 6 faces total (22%)
    _louv_64: 9 members, 4 in dominant face, 4 faces total (44%)
    _louv_26: 5 members, 2 in dominant face, 4 faces total (40%)
    _louv_96: 5 members, 2 in dominant face, 4 faces total (40%)
    _louv_53: 4 members, 2 in dominant face, 3 faces total (50%)
    _louv_34: 4 members, 1 in dominant face, 4 faces total (25%)
    _louv_69: 4 members, 1 in dominant face, 4 faces total (25%)
    _louv_57: 4 members, 1 in dominant face, 4 faces total (25%)
    _louv_47: 3 members, 1 in dominant face, 3 faces total (33%)
    _louv_89: 3 members, 1 in dominant face, 3 faces total (33%)
[face-density] 505 micro-faces (size<50), top 10 hot regions (macro 64x64 cells):
  region (36,4): 37 micro-faces, world (11059,365)-(11379,684)
  region (43,11): 32 micro-faces, world (13299,2604)-(13619,2924)
  region (20,23): 25 micro-faces, world (5939,6443)-(6259,6763)
  region (21,22): 24 micro-faces, world (6259,6123)-(6579,6443)
  region (34,3): 20 micro-faces, world (10419,45)-(10739,365)
  region (33,4): 19 micro-faces, world (10099,365)-(10419,684)
  region (19,23): 19 micro-faces, world (5619,6443)-(5939,6763)
  region (48,24): 19 micro-faces, world (14898,6763)-(15218,7083)
  region (29,10): 15 micro-faces, world (8819,2284)-(9139,2604)
  region (32,24): 15 micro-faces, world (9779,6763)-(10099,7083)
[face-ppm] Wrote /tmp/face-raster.ppm (2142x1483, downsampled from 4285x2967 by 2)
[face-untangle] 27 target clusters, 41 strays, 0 moved (poly cross 151 → 151, 0 fewer)
[stuck-leaf-2d] pass 1: 1 candidates, 0 moved, 0 cost units resolved.
[stuck-leaf-2d] 1 candidates, 0 moved, 0 cost units resolved (poly cross 151 → 151, 0 fewer)
[hot-region-sa] 10 hot cells (≥4 cross), top 5 processed, 47/911 swap accepted → REVERTED (cross 151 → 160)
