[community] algorithm=louvain communities=69 meta=3
[hub-bias] Super-graph: pushed 5 high-deg cluster roots to 1.4x avgR.
[cg-time] 6ms post-hub-bias
[cg-time] 73ms pre-§10-outward-radial
[cg-time] 73ms pre-§11-compose
[cg-time] 73ms pre-§12-pruning-reattach
[cg-time] 73ms pre-§13-cluster-swap
[cg-time] 448ms pre-§14-chain-straightening
[cg-time] 448ms pre-§15-pruned-cross-min
[§15.5] Optimized 26 alone-root+independent nodes (7 moves).
[cg-time] 451ms pre-bus-bundle
[bus-bundle] Created 2 bus bundles (4 members, sig ≥ 2 roots).
[xings-hotspot] total=263 xings across 114 offending edges (of 230)
  edge app4.M0↔app8.M5 xings=19 cluster=(_louv_22,?)
  edge app11.M0↔app11.M10 xings=16 cluster=(_louv_52,_louv_31)
  edge app5.M2↔app6.M1 xings=16 cluster=(_louv_25,?)
  edge app4.M1↔app12.M2 xings=15 cluster=(?,_louv_21)
  edge app0.M5↔app11.M4 xings=15 cluster=(?,?)
  edge app6.M1↔app8.M5 xings=14 cluster=(?,?)
  edge app11.M13↔app14.M2 xings=13 cluster=(_louv_56,_louv_55)
  edge app5.M0↔app5.M3 xings=13 cluster=(_louv_25,_louv_27)
[xings-hotspot] top cluster signatures:
  {?|_louv_0} xings=14
  {?|_louv_21} xings=9
  {?|_louv_35} xings=6
  {?} xings=5
  {?|_louv_52} xings=5
  {?|_louv_39|_louv_56} xings=5
  {?|_louv_39|_louv_52|_louv_56} xings=5
  {?|_louv_22|_louv_35} xings=4
[knot-min] Accepted 80 spatial swaps among 189 candidates.
[knot-min-2opt] Accepted 1 cross-targeted swaps.
[carrier-pre] 235 edges → 144 distinct carriers (cost-side filter).
[leaf-untangle] candidates=118, with-cross=40, moved=36, crossings-resolved=133.
[leaf-untangle] candidates=118, with-cross=18, moved=8, crossings-resolved=17.
[leaf-untangle] candidates=118, with-cross=12, moved=1, crossings-resolved=2.
[leaf-untangle] candidates=118, with-cross=12, moved=0, crossings-resolved=0.
[stuck-leaf-diag] 16 candidates with cost>0 (top 15 below):
  cost=12 deg=3 node=app14.M1 parent=app14.M0 nbrs={app14.M0,app14.M2,app0.M6}
  cost=10 deg=3 node=app5.M2 parent=app5.M0 nbrs={app5.M0,app5.M5,app6.M1}
  cost=8 deg=3 node=app8.M6 parent=app4.M1 nbrs={app4.M1,app0.M4,app0.M2}
  cost=6 deg=2 node=app3.M7 parent=app3.M0 nbrs={app3.M0,app3.Log43}
  cost=5 deg=2 node=app8.M7 parent=app8.M0 nbrs={app8.M0,app8.M3}
  cost=4 deg=2 node=app8.M3 parent=app6.M1 nbrs={app8.M7,app6.M1}
  cost=3 deg=2 node=app3.M10 parent=app3.M0 nbrs={app3.M0,app3.Note28}
  cost=3 deg=2 node=app11.M6 parent=app11.M0 nbrs={app11.M0,app11.M13}
  cost=3 deg=1 node=app3.Asset15 parent=app3.M0 nbrs={app3.M0}
  cost=2 deg=2 node=app2.M1 parent=app2.M3 nbrs={app2.M3,app10.M5}
  cost=2 deg=1 node=app3.File24 parent=app3.M12 nbrs={app3.M12}
  cost=1 deg=2 node=app8.M2 parent=app8.M0 nbrs={app8.M0,app13.M4}
  cost=1 deg=2 node=app8.M4 parent=app8.M0 nbrs={app8.M0,app8.Tag74}
  cost=1 deg=2 node=app10.M5 parent=app10.M0 nbrs={app10.M0,app2.M1}
  cost=1 deg=1 node=app1.Log8 parent=app1.M3 nbrs={app1.M3}
[pd-knot] 121 polyline cross pairs, 1 resolved via endpoint swap.
[xings-detour] iters=2 initial-poly-pairs=127 accepted=9 (multi-seg, density-aware, polyline detect, iterative).
[visual-knot] 115→115 cross points, 13→13 hot cells (≥3), 13 handled, 0 swap accepted.
[leaf-untangle] candidates=118, with-cross=11, moved=0, crossings-resolved=0.
[stuck-leaf-diag] 15 candidates with cost>0 (top 15 below):
  cost=12 deg=3 node=app14.M1 parent=app14.M0 nbrs={app14.M0,app14.M2,app0.M6}
  cost=10 deg=3 node=app5.M2 parent=app5.M0 nbrs={app5.M0,app5.M5,app6.M1}
  cost=8 deg=3 node=app8.M6 parent=app4.M1 nbrs={app4.M1,app0.M4,app0.M2}
  cost=6 deg=2 node=app3.M7 parent=app3.M0 nbrs={app3.M0,app3.Log43}
  cost=5 deg=2 node=app8.M7 parent=app8.M0 nbrs={app8.M0,app8.M3}
  cost=4 deg=2 node=app8.M3 parent=app6.M1 nbrs={app8.M7,app6.M1}
  cost=3 deg=2 node=app3.M10 parent=app3.M0 nbrs={app3.M0,app3.Note28}
  cost=3 deg=2 node=app11.M6 parent=app11.M0 nbrs={app11.M0,app11.M13}
  cost=3 deg=1 node=app3.Asset15 parent=app3.M0 nbrs={app3.M0}
  cost=2 deg=2 node=app2.M1 parent=app2.M3 nbrs={app2.M3,app10.M5}
  cost=2 deg=1 node=app3.File24 parent=app3.M12 nbrs={app3.M12}
  cost=1 deg=2 node=app8.M2 parent=app8.M0 nbrs={app8.M0,app13.M4}
  cost=1 deg=2 node=app8.M4 parent=app8.M0 nbrs={app8.M0,app8.Tag74}
  cost=1 deg=2 node=app10.M5 parent=app10.M0 nbrs={app10.M0,app2.M1}
  cost=1 deg=1 node=app12.Note22 parent=app12.M2 nbrs={app12.M2}
[carrier-cross] segment 116 -> carrier-grouped 104 (-10%). Carriers: 141 total (4 bundle + 88 cluster-pair + 49 individual).
[isolated-stash] Stashed 3 edge-less nodes in 6-column strip at x>=18773.
[face-raster] grid 4178x2777 (cell 5.0x5.0 units), 354 faces, 11427432 bg cells (98.5% of grid)
  face #1: 9404761 cells (82.3%), bbox 4178x2777 @ (0,0)
  face #346: 169404 cells (1.5%), bbox 682x626 @ (816,2066)
  face #5: 146300 cells (1.3%), bbox 601x560 @ (1194,494)
  face #339: 135541 cells (1.2%), bbox 585x355 @ (609,1944)
  face #18: 99558 cells (0.9%), bbox 762x532 @ (493,859)
  face #17: 87162 cells (0.8%), bbox 725x286 @ (467,763)
  face #61: 80301 cells (0.7%), bbox 577x279 @ (1699,1114)
  face #50: 74706 cells (0.7%), bbox 494x512 @ (199,1061)
[face-cohesion] 51 clusters analysed, 21 low-cohesion (<60% in dominant face)
  cohesion histogram:
     20%- 29%: 3 clusters
     30%- 39%: 3 clusters
     40%- 49%: 1 clusters
     50%- 59%: 14 clusters
     60%- 69%: 6 clusters
     80%- 89%: 1 clusters
    100%-100%: 23 clusters
  top 10 low-cohesion clusters (largest first):
    _louv_0: 5 members, 2 in dominant face, 4 faces total (40%)
    _louv_61: 4 members, 2 in dominant face, 3 faces total (50%)
    _louv_56: 4 members, 2 in dominant face, 2 faces total (50%)
    _louv_52: 4 members, 1 in dominant face, 4 faces total (25%)
    _louv_49: 4 members, 2 in dominant face, 3 faces total (50%)
    _louv_27: 4 members, 1 in dominant face, 4 faces total (25%)
    _louv_21: 4 members, 1 in dominant face, 4 faces total (25%)
    _louv_63: 4 members, 2 in dominant face, 3 faces total (50%)
    _louv_35: 3 members, 1 in dominant face, 3 faces total (33%)
    _louv_12: 3 members, 1 in dominant face, 3 faces total (33%)
[face-density] 146 micro-faces (size<50), top 10 hot regions (macro 64x64 cells):
  region (20,28): 15 micro-faces, world (5546,8642)-(5866,8962)
  region (7,16): 13 micro-faces, world (1387,4803)-(1707,5123)
  region (20,21): 8 micro-faces, world (5546,6403)-(5866,6723)
  region (20,20): 7 micro-faces, world (5546,6083)-(5866,6403)
  region (28,8): 7 micro-faces, world (8106,2244)-(8426,2564)
  region (14,23): 7 micro-faces, world (3627,7043)-(3947,7363)
  region (26,17): 7 micro-faces, world (7466,5123)-(7786,5443)
  region (16,37): 6 micro-faces, world (4267,11521)-(4587,11841)
  region (21,22): 6 micro-faces, world (5866,6723)-(6186,7043)
  region (18,23): 4 micro-faces, world (4907,7043)-(5226,7363)
[face-ppm] Wrote /tmp/face-raster.ppm (2089x1388, downsampled from 4178x2777 by 2)
[face-untangle] 19 target clusters, 29 strays, 2 moved (poly cross 115 → 106, 9 fewer)
[stuck-leaf-2d] pass 1: 2 candidates, 1 moved, 1 cost units resolved.
[stuck-leaf-2d] pass 2: 1 candidates, 0 moved, 0 cost units resolved.
[stuck-leaf-2d] 1 candidates, 1 moved, 1 cost units resolved (poly cross 106 → 105, 1 fewer)
[hot-region-sa] 10 hot cells (≥4 cross, 105 cross pts), top 5 processed, 48/812 swap accepted (cross 105 → 104, 1 fewer)
