[community] algorithm=louvain communities=80 meta=8
[hub-bias] Super-graph: pushed 8 high-deg cluster roots to 1.4x avgR.
[cg-time] 7ms post-hub-bias
[cg-time] 20ms pre-§10-outward-radial
[cg-time] 20ms pre-§11-compose
[cg-time] 20ms pre-§12-pruning-reattach
[cg-time] 20ms pre-§13-cluster-swap
[cg-time] 228ms pre-§14-chain-straightening
[cg-time] 228ms pre-§15-pruned-cross-min
[§15.5] Optimized 13 alone-root+independent nodes (3 moves).
[cg-time] 229ms pre-bus-bundle
[bus-bundle] Created 3 bus bundles (6 members, sig ≥ 2 roots).
[xings-hotspot] total=122 xings across 95 offending edges (of 242)
  edge app12.M2↔app12.M4 xings=11 cluster=(?,_louv_63)
  edge core.Hub0↔app7.M0 xings=11 cluster=(_louv_0,_louv_40)
  edge app5.M2↔app13.M0 xings=11 cluster=(?,?)
  edge app10.M2↔app13.M0 xings=7 cluster=(_louv_23,?)
  edge app12.M0↔app12.M9 xings=7 cluster=(_louv_62,?)
  edge app14.M0↔app14.M1 xings=7 cluster=(?,_louv_70)
  edge app12.M0↔app12.M11 xings=6 cluster=(_louv_62,_louv_67)
  edge app12.M8↔app16.M11 xings=6 cluster=(?,_louv_76)
[xings-hotspot] top cluster signatures:
  {?|_louv_62} xings=7
  {?|_louv_53} xings=5
  {?|_louv_71} xings=4
  {?|_louv_8|_louv_9} xings=3
  {?|_louv_0|_louv_40} xings=3
  {?|_louv_34|_louv_39} xings=3
  {?|_louv_13|_louv_62} xings=3
  {?|_louv_23|_louv_62} xings=3
[knot-min] Accepted 16 spatial swaps among 192 candidates.
[carrier-pre] 243 edges → 166 distinct carriers (cost-side filter).
[leaf-untangle] candidates=112, with-cross=37, moved=28, crossings-resolved=86.
[leaf-untangle] candidates=112, with-cross=17, moved=4, crossings-resolved=6.
[leaf-untangle] candidates=112, with-cross=15, moved=2, crossings-resolved=4.
[leaf-untangle] candidates=112, with-cross=14, moved=0, crossings-resolved=0.
[stuck-leaf-diag] 25 candidates with cost>0 (top 15 below):
  cost=18 deg=3 node=app1.M6 parent=app1.M0 nbrs={app1.M0,app1.M5,app1.M12}
  cost=13 deg=3 node=app6.M8 parent=app6.M0 nbrs={app6.M0,app6.M4,app12.M4}
  cost=10 deg=2 node=app6.M6 parent=app6.M0 nbrs={app6.M0,app6.Note1}
  cost=9 deg=2 node=app1.M7 parent=app1.M0 nbrs={app1.M0,app0.M4}
  cost=9 deg=1 node=app6.M3 parent=app6.M0 nbrs={app6.M0}
  cost=9 deg=1 node=app6.M7 parent=app6.M0 nbrs={app6.M0}
  cost=8 deg=2 node=app12.M11 parent=app12.M0 nbrs={app12.M0,app15.M2}
  cost=6 deg=1 node=app1.M4 parent=app1.M0 nbrs={app1.M0}
  cost=6 deg=3 node=app6.M4 parent=app6.M0 nbrs={app6.M0,app6.M8,app6.Log26}
  cost=5 deg=3 node=app12.M12 parent=app12.M0 nbrs={app12.M0,app12.M8,app12.M6}
  cost=4 deg=2 node=app8.M5 parent=app8.M0 nbrs={app8.M0,app11.M3}
  cost=3 deg=3 node=app1.M5 parent=app1.M0 nbrs={app1.M0,app1.M6,app1.Address28}
  cost=3 deg=1 node=app8.M6 parent=app8.M0 nbrs={app8.M0}
  cost=3 deg=3 node=app7.M9 parent=app7.M0 nbrs={app7.M0,app7.M7,app5.M0}
  cost=2 deg=2 node=app16.M5 parent=app16.M3 nbrs={app16.M3,app16.Address17}
[pd-knot] 81 polyline cross pairs, 5 resolved via endpoint swap.
[xings-detour] iters=2 initial-poly-pairs=86 accepted=3 (multi-seg, density-aware, polyline detect, iterative).
[visual-knot] 82→82 cross points, 4→4 hot cells (≥3), 4 handled, 0 swap accepted.
[leaf-untangle] candidates=112, with-cross=15, moved=1, crossings-resolved=3.
[leaf-untangle] candidates=112, with-cross=14, moved=0, crossings-resolved=0.
[stuck-leaf-diag] 25 candidates with cost>0 (top 15 below):
  cost=18 deg=3 node=app1.M6 parent=app1.M0 nbrs={app1.M0,app1.M5,app1.M12}
  cost=13 deg=3 node=app6.M8 parent=app6.M0 nbrs={app6.M0,app6.M4,app12.M4}
  cost=10 deg=2 node=app6.M6 parent=app6.M0 nbrs={app6.M0,app6.Note1}
  cost=9 deg=1 node=app6.M3 parent=app6.M0 nbrs={app6.M0}
  cost=9 deg=1 node=app6.M7 parent=app6.M0 nbrs={app6.M0}
  cost=8 deg=2 node=app12.M11 parent=app12.M0 nbrs={app12.M0,app15.M2}
  cost=6 deg=1 node=app1.M4 parent=app1.M0 nbrs={app1.M0}
  cost=6 deg=3 node=app6.M4 parent=app6.M0 nbrs={app6.M0,app6.M8,app6.Log26}
  cost=5 deg=3 node=app12.M12 parent=app12.M0 nbrs={app12.M0,app12.M8,app12.M6}
  cost=4 deg=2 node=app8.M5 parent=app8.M0 nbrs={app8.M0,app11.M3}
  cost=3 deg=3 node=app1.M5 parent=app1.M0 nbrs={app1.M0,app1.M6,app1.Address28}
  cost=3 deg=2 node=app1.M7 parent=app1.M0 nbrs={app1.M0,app0.M4}
  cost=3 deg=1 node=app8.M6 parent=app8.M0 nbrs={app8.M0}
  cost=3 deg=3 node=app7.M9 parent=app7.M0 nbrs={app7.M0,app7.M7,app5.M0}
  cost=2 deg=2 node=app16.M5 parent=app16.M3 nbrs={app16.M3,app16.Address17}
[carrier-cross] segment 83 -> carrier-grouped 71 (-14%). Carriers: 159 total (6 bundle + 101 cluster-pair + 52 individual).
[isolated-stash] Stashed 15 edge-less nodes in 6-column strip at x>=42010.
[face-raster] grid 9080x4291 (cell 5.0x5.0 units), 409 faces, 38744766 bg cells (99.4% of grid)
  face #1: 32584736 cells (84.1%), bbox 9080x4291 @ (0,0)
  face #170: 1782249 cells (4.6%), bbox 1604x2200 @ (6852,1795)
  face #7: 436517 cells (1.1%), bbox 845x811 @ (6662,936)
  face #242: 338872 cells (0.9%), bbox 1166x1313 @ (4627,2187)
  face #2: 299169 cells (0.8%), bbox 1203x820 @ (6659,152)
  face #349: 197561 cells (0.5%), bbox 1126x393 @ (6116,2905)
  face #180: 160288 cells (0.4%), bbox 565x558 @ (6646,1864)
  face #3: 151690 cells (0.4%), bbox 775x1007 @ (4793,255)
[face-cohesion] 49 clusters analysed, 21 low-cohesion (<60% in dominant face)
  cohesion histogram:
     20%- 29%: 1 clusters
     30%- 39%: 5 clusters
     50%- 59%: 15 clusters
     60%- 69%: 7 clusters
     70%- 79%: 1 clusters
     80%- 89%: 1 clusters
    100%-100%: 19 clusters
  top 10 low-cohesion clusters (largest first):
    _louv_34: 4 members, 1 in dominant face, 4 faces total (25%)
    _louv_45: 4 members, 2 in dominant face, 3 faces total (50%)
    _louv_1: 4 members, 2 in dominant face, 3 faces total (50%)
    _louv_14: 4 members, 2 in dominant face, 3 faces total (50%)
    _louv_76: 3 members, 1 in dominant face, 3 faces total (33%)
    _louv_71: 3 members, 1 in dominant face, 3 faces total (33%)
    _louv_24: 3 members, 1 in dominant face, 3 faces total (33%)
    _louv_20: 3 members, 1 in dominant face, 3 faces total (33%)
    _louv_2: 3 members, 1 in dominant face, 3 faces total (33%)
    _louv_70: 2 members, 1 in dominant face, 2 faces total (50%)
[face-density] 238 micro-faces (size<50), top 10 hot regions (macro 64x64 cells):
  region (90,37): 22 micro-faces, world (27878,11378)-(28198,11698)
  region (105,20): 16 micro-faces, world (32678,5939)-(32998,6259)
  region (71,55): 16 micro-faces, world (21798,17137)-(22118,17457)
  region (97,29): 14 micro-faces, world (30118,8818)-(30438,9138)
  region (93,37): 13 micro-faces, world (28838,11378)-(29158,11698)
  region (72,55): 11 micro-faces, world (22118,17137)-(22438,17457)
  region (95,20): 10 micro-faces, world (29478,5939)-(29798,6259)
  region (95,30): 10 micro-faces, world (29478,9138)-(29798,9458)
  region (72,54): 10 micro-faces, world (22118,16817)-(22438,17137)
  region (87,20): 8 micro-faces, world (26918,5939)-(27238,6259)
[face-ppm] Wrote /tmp/face-raster.ppm (2270x1072, downsampled from 9080x4291 by 4)
[face-untangle] 20 target clusters, 28 strays, 0 moved (poly cross 82 → 82, 0 fewer)
[stuck-leaf-2d] pass 1: 0 candidates, 0 moved, 0 cost units resolved.
[stuck-leaf-2d] 0 candidates, 0 moved, 0 cost units resolved (poly cross 82 → 82, 0 fewer)
[hot-region-sa] 4 hot cells (≥4 cross, 82 cross pts), top 4 processed, 51/354 swap accepted (cross 82 → 81, 1 fewer)
