[community] algorithm=louvain communities=16 meta=3
[hub-bias] Super-graph: pushed 3 high-deg cluster roots to 1.4x avgR.
[cg-time] 1ms post-hub-bias
[cg-time] 1ms pre-§10-outward-radial
[cg-time] 1ms pre-§11-compose
[cg-time] 1ms pre-§12-pruning-reattach
[cg-time] 1ms pre-§13-cluster-swap
[cg-time] 1ms pre-§14-chain-straightening
[cg-time] 1ms pre-§15-pruned-cross-min
[§15.5] Optimized 3 alone-root+independent nodes (0 moves).
[cg-time] 1ms pre-bus-bundle
[xings-hotspot] total=0 xings across 0 offending edges (of 45)
[xings-hotspot] top cluster signatures:
[bundle-clear] Pushed 2 nodes off bundle bboxes.
[carrier-pre] 46 edges → 26 distinct carriers (cost-side filter).
[leaf-untangle] candidates=28, with-cross=4, moved=4, crossings-resolved=9.
[leaf-untangle] candidates=28, with-cross=2, moved=1, crossings-resolved=3.
[leaf-untangle] candidates=28, with-cross=2, moved=2, crossings-resolved=4.
[leaf-untangle] candidates=28, with-cross=0, moved=0, crossings-resolved=0.
[stuck-leaf-diag] 4 candidates with cost>0 (top 15 below):
  cost=15 deg=3 node=app1.M12 parent=app1.M0 nbrs={app1.M0,app0.M0,app0.M1}
  cost=9 deg=2 node=core.Hub0 parent=app1.M0 nbrs={app0.M0,app1.M0}
  cost=6 deg=2 node=app1.M1 parent=app1.M0 nbrs={app1.M0,app1.Tag14}
  cost=3 deg=2 node=app1.M10 parent=app1.M0 nbrs={app1.M0,app0.M1}
[pd-knot] 1 polyline cross pairs, 0 resolved via endpoint swap.
[xings-detour] iters=1 initial-poly-pairs=0 accepted=0 (multi-seg, density-aware, polyline detect, iterative).
[visual-knot] 0→0 cross points, 0→0 hot cells (≥3), 0 handled, 0 swap accepted.
[leaf-untangle] candidates=28, with-cross=0, moved=0, crossings-resolved=0.
[stuck-leaf-diag] 4 candidates with cost>0 (top 15 below):
  cost=15 deg=3 node=app1.M12 parent=app1.M0 nbrs={app1.M0,app0.M0,app0.M1}
  cost=9 deg=2 node=core.Hub0 parent=app1.M0 nbrs={app0.M0,app1.M0}
  cost=6 deg=2 node=app1.M1 parent=app1.M0 nbrs={app1.M0,app1.Tag14}
  cost=3 deg=2 node=app1.M10 parent=app1.M0 nbrs={app1.M0,app0.M1}
[carrier-cross] segment 0 -> carrier-grouped 0 (-0%). Carriers: 26 total (1 bundle + 14 cluster-pair + 11 individual).
[isolated-stash] Stashed 2 edge-less nodes in 6-column strip at x>=11410.
[face-raster] grid 2505x1621 (cell 5.0x5.0 units), 35 faces, 4019539 bg cells (99.0% of grid)
  face #1: 3011424 cells (74.9%), bbox 2505x1621 @ (0,0)
  face #4: 409362 cells (10.2%), bbox 1157x1054 @ (148,114)
  face #2: 186070 cells (4.6%), bbox 1125x455 @ (954,113)
  face #10: 184685 cells (4.6%), bbox 770x703 @ (1327,438)
  face #9: 179261 cells (4.5%), bbox 477x982 @ (974,149)
  face #3: 45759 cells (1.1%), bbox 391x524 @ (545,114)
  face #8: 1333 cells (0.0%), bbox 48x115 @ (959,149)
  face #19: 305 cells (0.0%), bbox 24x70 @ (1279,1085)
[face-cohesion] 12 clusters analysed, 2 low-cohesion (<60% in dominant face)
  cohesion histogram:
     40%- 49%: 1 clusters
     50%- 59%: 1 clusters
    100%-100%: 10 clusters
  top 2 low-cohesion clusters (largest first):
    _louv_11: 7 members, 3 in dominant face, 4 faces total (43%)
    _louv_6: 2 members, 1 in dominant face, 2 faces total (50%)
[face-density] 18 micro-faces (size<50), top 10 hot regions (macro 64x64 cells):
  region (20,18): 9 micro-faces, world (6109,5556)-(6429,5876)
  region (20,16): 3 micro-faces, world (6109,4916)-(6429,5236)
  region (14,1): 2 micro-faces, world (4190,116)-(4510,436)
  region (8,10): 2 micro-faces, world (2270,2996)-(2590,3316)
  region (9,10): 1 micro-faces, world (2590,2996)-(2910,3316)
  region (20,17): 1 micro-faces, world (6109,5236)-(6429,5556)
[face-ppm] Wrote /tmp/face-raster.ppm (2505x1621, downsampled from 2505x1621 by 1)
[face-untangle] 2 target clusters, 5 strays, 0 moved (poly cross 0 → 0, 0 fewer)
[stuck-leaf-2d] pass 1: 0 candidates, 0 moved, 0 cost units resolved.
[stuck-leaf-2d] 0 candidates, 0 moved, 0 cost units resolved (poly cross 0 → 0, 0 fewer)
[hot-region-sa] 0 hot cells (≥4 cross, 0 cross pts), top 0 processed, 0/0 swap accepted (cross 0 → 0, 0 fewer)
