[community] algorithm=louvain communities=47 meta=3
[hub-bias] Super-graph: pushed 4 high-deg cluster roots to 1.4x avgR.
[cg-time] 2ms post-hub-bias
[cg-time] 14ms pre-§10-outward-radial
[cg-time] 14ms pre-§11-compose
[cg-time] 14ms pre-§12-pruning-reattach
[cg-time] 14ms pre-§13-cluster-swap
[cg-time] 59ms pre-§14-chain-straightening
[cg-time] 59ms pre-§15-pruned-cross-min
[§15.5] Optimized 23 alone-root+independent nodes (9 moves).
[cg-time] 61ms pre-bus-bundle
[xings-hotspot] total=97 xings across 54 offending edges (of 141)
  edge app6.M0↔app6.M6 xings=10 cluster=(_louv_28,_louv_30)
  edge app3.M2↔app7.M11 xings=10 cluster=(?,_louv_35)
  edge core.Hub1↔app8.M0 xings=9 cluster=(?,_louv_38)
  edge app1.M8↔app7.M6 xings=9 cluster=(?,?)
  edge app1.M0↔app8.M0 xings=8 cluster=(_louv_8,_louv_38)
  edge core.Hub0↔app8.M0 xings=8 cluster=(?,_louv_38)
  edge core.Hub1↔app4.M0 xings=8 cluster=(?,?)
  edge app5.M0↔app5.M10 xings=7 cluster=(_louv_21,_louv_19)
[xings-hotspot] top cluster signatures:
  {?|_louv_14|_louv_38} xings=7
  {?|_louv_38} xings=5
  {?|_louv_14} xings=5
  {?|_louv_7} xings=4
  {?|_louv_38|_louv_8} xings=4
  {?|_louv_19|_louv_21} xings=4
  {?|_louv_2} xings=4
  {?|_louv_8} xings=3
[knot-min] Accepted 16 spatial swaps among 112 candidates.
[carrier-pre] 143 edges → 74 distinct carriers (cost-side filter).
[leaf-untangle] candidates=62, with-cross=20, moved=14, crossings-resolved=54.
[leaf-untangle] candidates=62, with-cross=6, moved=3, crossings-resolved=6.
[leaf-untangle] candidates=62, with-cross=4, moved=0, crossings-resolved=0.
[stuck-leaf-diag] 8 candidates with cost>0 (top 15 below):
  cost=10 deg=3 node=app8.M12 parent=app8.M0 nbrs={app8.M0,app8.M4,app9.M2}
  cost=6 deg=2 node=app8.M2 parent=app8.M0 nbrs={app8.M0,app8.M3}
  cost=6 deg=2 node=app8.M4 parent=app8.M0 nbrs={app8.M0,app8.M12}
  cost=4 deg=3 node=app1.M7 parent=app1.M0 nbrs={app1.M0,app1.M8,app1.M3}
  cost=3 deg=2 node=app7.M10 parent=app7.M0 nbrs={app7.M0,app7.Log23}
  cost=3 deg=2 node=app8.M3 parent=app8.M0 nbrs={app8.M0,app8.M2}
  cost=2 deg=2 node=app2.M2 parent=app2.M0 nbrs={app2.M0,app1.M8}
  cost=1 deg=3 node=app2.M3 parent=app2.M0 nbrs={app2.M0,app2.M1,app9.M3}
[pd-knot] 62 polyline cross pairs, 0 resolved via endpoint swap.
[xings-detour] iters=2 initial-poly-pairs=65 accepted=1 (multi-seg, density-aware, polyline detect, iterative).
[visual-knot] 62→62 cross points, 5→5 hot cells (≥3), 5 handled, 0 swap accepted.
[leaf-untangle] candidates=62, with-cross=4, moved=0, crossings-resolved=0.
[stuck-leaf-diag] 8 candidates with cost>0 (top 15 below):
  cost=10 deg=3 node=app8.M12 parent=app8.M0 nbrs={app8.M0,app8.M4,app9.M2}
  cost=6 deg=2 node=app8.M2 parent=app8.M0 nbrs={app8.M0,app8.M3}
  cost=6 deg=2 node=app8.M4 parent=app8.M0 nbrs={app8.M0,app8.M12}
  cost=4 deg=3 node=app1.M7 parent=app1.M0 nbrs={app1.M0,app1.M8,app1.M3}
  cost=3 deg=2 node=app7.M10 parent=app7.M0 nbrs={app7.M0,app7.Log23}
  cost=3 deg=2 node=app8.M3 parent=app8.M0 nbrs={app8.M0,app8.M2}
  cost=2 deg=2 node=app2.M2 parent=app2.M0 nbrs={app2.M0,app1.M8}
  cost=1 deg=3 node=app2.M3 parent=app2.M0 nbrs={app2.M0,app2.M1,app9.M3}
[carrier-cross] segment 64 -> carrier-grouped 47 (-27%). Carriers: 74 total (1 bundle + 46 cluster-pair + 27 individual).
[isolated-stash] Stashed 6 edge-less nodes in 6-column strip at x>=11923.
[face-raster] grid 3348x1807 (cell 5.0x5.0 units), 330 faces, 5936192 bg cells (98.1% of grid)
  face #1: 4587582 cells (77.3%), bbox 3348x1807 @ (0,0)
  face #176: 494922 cells (8.3%), bbox 1750x748 @ (121,1004)
  face #2: 124381 cells (2.1%), bbox 504x484 @ (1822,102)
  face #216: 62681 cells (1.1%), bbox 592x461 @ (1626,1249)
  face #51: 62561 cells (1.1%), bbox 369x508 @ (1894,605)
  face #3: 60772 cells (1.0%), bbox 246x591 @ (2121,285)
  face #29: 50481 cells (0.9%), bbox 282x642 @ (2003,490)
  face #187: 33905 cells (0.6%), bbox 347x225 @ (1642,1065)
[face-cohesion] 24 clusters analysed, 7 low-cohesion (<60% in dominant face)
  cohesion histogram:
     20%- 29%: 1 clusters
     30%- 39%: 1 clusters
     50%- 59%: 5 clusters
     60%- 69%: 5 clusters
    100%-100%: 12 clusters
  top 7 low-cohesion clusters (largest first):
    _louv_38: 7 members, 4 in dominant face, 4 faces total (57%)
    _louv_33: 4 members, 1 in dominant face, 4 faces total (25%)
    _louv_21: 4 members, 2 in dominant face, 3 faces total (50%)
    _louv_2: 4 members, 2 in dominant face, 3 faces total (50%)
    _louv_18: 3 members, 1 in dominant face, 3 faces total (33%)
    _louv_22: 2 members, 1 in dominant face, 2 faces total (50%)
    _louv_19: 2 members, 1 in dominant face, 2 faces total (50%)
[face-density] 214 micro-faces (size<50), top 10 hot regions (macro 64x64 cells):
  region (17,25): 24 micro-faces, world (2633,7778)-(2953,8098)
  region (2,26): 21 micro-faces, world (-2166,8098)-(-1846,8418)
  region (20,25): 15 micro-faces, world (3593,7778)-(3913,8098)
  region (23,9): 14 micro-faces, world (4553,2658)-(4873,2978)
  region (34,20): 13 micro-faces, world (8072,6178)-(8392,6498)
  region (24,10): 13 micro-faces, world (4873,2978)-(5193,3298)
  region (21,24): 12 micro-faces, world (3913,7458)-(4233,7778)
  region (23,10): 10 micro-faces, world (4553,2978)-(4873,3298)
  region (35,4): 10 micro-faces, world (8392,1058)-(8712,1378)
  region (35,17): 8 micro-faces, world (8392,5218)-(8712,5538)
[face-ppm] Wrote /tmp/face-raster.ppm (3348x1807, downsampled from 3348x1807 by 1)
[face-untangle] 6 target clusters, 11 strays, 1 moved (poly cross 62 → 60, 2 fewer)
[stuck-leaf-2d] pass 1: 1 candidates, 1 moved, 1 cost units resolved.
[stuck-leaf-2d] pass 2: 0 candidates, 0 moved, 0 cost units resolved.
[stuck-leaf-2d] 0 candidates, 1 moved, 1 cost units resolved (poly cross 60 → 59, 1 fewer)
[hot-region-sa] 6 hot cells (≥4 cross, 59 cross pts), top 5 processed, 58/829 swap accepted (cross 59 → 58, 1 fewer)
