[community] algorithm=louvain communities=78 meta=3
[hub-bias] Super-graph: pushed 9 high-deg cluster roots to 1.4x avgR.
[cg-time] 5ms post-hub-bias
[cg-time] 24ms pre-§10-outward-radial
[cg-time] 24ms pre-§11-compose
[cg-time] 24ms pre-§12-pruning-reattach
[cg-time] 24ms pre-§13-cluster-swap
[cg-time] 353ms pre-§14-chain-straightening
[cg-time] 353ms pre-§15-pruned-cross-min
[§15.5] Optimized 17 alone-root+independent nodes (4 moves).
[cg-time] 357ms pre-bus-bundle
[xings-hotspot] total=158 xings across 99 offending edges (of 241)
  edge app6.M0↔app6.M3 xings=14 cluster=(?,_louv_19)
  edge app2.M2↔app14.M4 xings=12 cluster=(?,?)
  edge app2.M0↔app2.M5 xings=12 cluster=(_louv_21,_louv_24)
  edge app1.M12↔app7.M1 xings=10 cluster=(_louv_19,?)
  edge app1.M5↔app7.M0 xings=10 cluster=(?,_louv_42)
  edge core.Hub1↔app9.M0 xings=10 cluster=(_louv_1,_louv_53)
  edge core.Hub1↔app14.M0 xings=9 cluster=(_louv_1,_louv_74)
  edge core.Hub1↔app8.M0 xings=7 cluster=(_louv_1,_louv_44)
[xings-hotspot] top cluster signatures:
  {?|_louv_21|_louv_74} xings=7
  {?|_louv_21|_louv_42} xings=6
  {?|_louv_42} xings=4
  {?|_louv_21|_louv_24|_louv_74} xings=4
  {?|_louv_53|_louv_56} xings=3
  {?|_louv_19|_louv_57|_louv_72} xings=3
  {?|_louv_11|_louv_40} xings=3
  {?|_louv_11|_louv_57} xings=3
[knot-min] Accepted 52 spatial swaps among 200 candidates.
[carrier-pre] 244 edges → 163 distinct carriers (cost-side filter).
[leaf-untangle] candidates=131, with-cross=59, moved=47, crossings-resolved=126.
[leaf-untangle] candidates=131, with-cross=28, moved=9, crossings-resolved=21.
[leaf-untangle] candidates=131, with-cross=28, moved=7, crossings-resolved=14.
[leaf-untangle] candidates=131, with-cross=21, moved=0, crossings-resolved=0.
[stuck-leaf-diag] 21 candidates with cost>0 (top 15 below):
  cost=9 deg=3 node=app1.M5 parent=app1.M0 nbrs={app1.M0,app1.M10,app7.M0}
  cost=5 deg=2 node=app4.M4 parent=app4.M0 nbrs={app4.M0,app5.M1}
  cost=5 deg=2 node=app9.M3 parent=app7.M1 nbrs={app7.M1,app12.M7}
  cost=5 deg=3 node=app13.M2 parent=app13.M0 nbrs={app13.M0,app13.M1,app13.Log3}
  cost=4 deg=3 node=app1.M10 parent=app1.M0 nbrs={app1.M0,app1.M5,app13.M4}
  cost=3 deg=3 node=app0.M6 parent=app0.M0 nbrs={app0.M0,app0.M5,app0.M7}
  cost=3 deg=2 node=app0.M10 parent=app0.M0 nbrs={app0.M0,app0.Tag37}
  cost=3 deg=2 node=app5.M1 parent=app5.M6 nbrs={app5.M6,app4.M4}
  cost=3 deg=3 node=app8.M12 parent=app8.M0 nbrs={app8.M0,app8.M4,app8.M13}
  cost=3 deg=3 node=app9.M2 parent=app9.M0 nbrs={app9.M0,app9.M7,app9.Address32}
  cost=2 deg=2 node=app9.M10 parent=app9.M0 nbrs={app9.M0,app9.Tag39}
  cost=2 deg=2 node=app9.M11 parent=app9.M0 nbrs={app9.M0,app2.M5}
  cost=2 deg=2 node=app14.M1 parent=app14.M0 nbrs={app14.M0,app7.M0}
  cost=1 deg=2 node=app0.M7 parent=app0.M0 nbrs={app0.M0,app0.M6}
  cost=1 deg=2 node=app2.M5 parent=app2.M0 nbrs={app2.M0,app9.M11}
[pd-knot] 104 polyline cross pairs, 3 resolved via endpoint swap.
[xings-detour] iters=1 initial-poly-pairs=100 accepted=0 (multi-seg, density-aware, polyline detect, iterative).
[visual-knot] 100→100 cross points, 9→9 hot cells (≥3), 9 handled, 0 swap accepted.
[leaf-untangle] candidates=131, with-cross=19, moved=2, crossings-resolved=4.
[leaf-untangle] candidates=131, with-cross=17, moved=1, crossings-resolved=2.
[leaf-untangle] candidates=131, with-cross=19, moved=0, crossings-resolved=0.
[stuck-leaf-diag] 19 candidates with cost>0 (top 15 below):
  cost=9 deg=3 node=app1.M5 parent=app1.M0 nbrs={app1.M0,app1.M10,app7.M0}
  cost=5 deg=2 node=app4.M4 parent=app4.M0 nbrs={app4.M0,app5.M1}
  cost=5 deg=2 node=app9.M3 parent=app7.M1 nbrs={app7.M1,app12.M7}
  cost=5 deg=3 node=app13.M2 parent=app13.M0 nbrs={app13.M0,app13.M1,app13.Log3}
  cost=4 deg=3 node=app1.M10 parent=app1.M0 nbrs={app1.M0,app1.M5,app13.M4}
  cost=3 deg=3 node=app0.M6 parent=app0.M0 nbrs={app0.M0,app0.M5,app0.M7}
  cost=3 deg=2 node=app0.M10 parent=app0.M0 nbrs={app0.M0,app0.Tag37}
  cost=3 deg=2 node=app2.M5 parent=app2.M0 nbrs={app2.M0,app9.M11}
  cost=3 deg=2 node=app5.M1 parent=app5.M6 nbrs={app5.M6,app4.M4}
  cost=3 deg=3 node=app8.M12 parent=app8.M0 nbrs={app8.M0,app8.M4,app8.M13}
  cost=3 deg=3 node=app9.M2 parent=app9.M0 nbrs={app9.M0,app9.M7,app9.Address32}
  cost=2 deg=2 node=app14.M1 parent=app14.M0 nbrs={app14.M0,app7.M0}
  cost=1 deg=2 node=app0.M7 parent=app0.M0 nbrs={app0.M0,app0.M6}
  cost=1 deg=2 node=app2.M6 parent=app2.M0 nbrs={app2.M0,app2.M2}
  cost=1 deg=3 node=app3.M2 parent=app3.M0 nbrs={app3.M0,app3.M6,app3.M7}
[isolated-stash] Stashed 7 edge-less nodes in 6-column strip at x>=16382.
[face-raster] grid 4244x3331 (cell 5.0x5.0 units), 368 faces, 13934688 bg cells (98.6% of grid)
  face #1: 9905748 cells (71.1%), bbox 4244x3331 @ (0,0)
  face #25: 1133691 cells (8.1%), bbox 1787x1744 @ (133,486)
  face #222: 473207 cells (3.4%), bbox 839x1343 @ (1147,1896)
  face #5: 239416 cells (1.7%), bbox 562x849 @ (1921,298)
  face #212: 228630 cells (1.6%), bbox 934x707 @ (2367,1862)
  face #32: 136227 cells (1.0%), bbox 659x575 @ (1208,700)
  face #33: 103304 cells (0.7%), bbox 300x1054 @ (1200,719)
  face #249: 96312 cells (0.7%), bbox 677x273 @ (1982,1998)
[face-cohesion] 52 clusters analysed, 13 low-cohesion (<60% in dominant face)
  cohesion histogram:
     20%- 29%: 1 clusters
     30%- 39%: 1 clusters
     50%- 59%: 11 clusters
     60%- 69%: 9 clusters
    100%-100%: 30 clusters
  top 10 low-cohesion clusters (largest first):
    _louv_74: 4 members, 2 in dominant face, 3 faces total (50%)
    _louv_53: 4 members, 2 in dominant face, 3 faces total (50%)
    _louv_44: 4 members, 2 in dominant face, 3 faces total (50%)
    _louv_21: 4 members, 1 in dominant face, 4 faces total (25%)
    _louv_56: 3 members, 1 in dominant face, 3 faces total (33%)
    _louv_5: 2 members, 1 in dominant face, 2 faces total (50%)
    _louv_48: 2 members, 1 in dominant face, 2 faces total (50%)
    _louv_10: 2 members, 1 in dominant face, 2 faces total (50%)
    _louv_28: 2 members, 1 in dominant face, 2 faces total (50%)
    _louv_35: 2 members, 1 in dominant face, 2 faces total (50%)
[face-density] 186 micro-faces (size<50), top 10 hot regions (macro 64x64 cells):
  region (33,26): 23 micro-faces, world (7709,7951)-(8029,8271)
  region (35,39): 17 micro-faces, world (8349,12110)-(8669,12430)
  region (38,15): 16 micro-faces, world (9309,4431)-(9629,4751)
  region (24,34): 15 micro-faces, world (4829,10511)-(5149,10831)
  region (34,5): 12 micro-faces, world (8029,1232)-(8349,1551)
  region (25,37): 10 micro-faces, world (5149,11470)-(5469,11790)
  region (29,30): 10 micro-faces, world (6429,9231)-(6749,9551)
  region (34,4): 7 micro-faces, world (8029,912)-(8349,1232)
  region (34,26): 5 micro-faces, world (8029,7951)-(8349,8271)
  region (45,33): 4 micro-faces, world (11549,10191)-(11869,10511)
[face-ppm] Wrote /tmp/face-raster.ppm (2122x1665, downsampled from 4244x3331 by 2)
[face-untangle] 13 target clusters, 18 strays, 1 moved (poly cross 101 → 101, 0 fewer)
[stuck-leaf-2d] pass 1: 0 candidates, 0 moved, 0 cost units resolved.
[stuck-leaf-2d] 0 candidates, 0 moved, 0 cost units resolved (poly cross 101 → 101, 0 fewer)
[hot-region-sa] 5 hot cells (≥4 cross, 101 cross pts), top 5 processed, 22/415 swap accepted (cross 101 → 101, 0 fewer)
