[community] algorithm=louvain communities=81 meta=5
[hub-bias] Super-graph: pushed 8 high-deg cluster roots to 1.4x avgR.
[cg-time] 6ms post-hub-bias
[cg-time] 118ms pre-§10-outward-radial
[cg-time] 118ms pre-§11-compose
[cg-time] 118ms pre-§12-pruning-reattach
[cg-time] 118ms pre-§13-cluster-swap
[cg-time] 818ms pre-§14-chain-straightening
[cg-time] 818ms pre-§15-pruned-cross-min
[§15.5] Optimized 14 alone-root+independent nodes (3 moves).
[cg-time] 820ms pre-bus-bundle
[bus-bundle] Created 1 bus bundles (2 members, sig ≥ 2 roots).
[xings-hotspot] total=238 xings across 137 offending edges (of 264)
  edge app2.M6↔app13.M0 xings=17 cluster=(?,_louv_11)
  edge core.Hub1↔app15.M0 xings=16 cluster=(_louv_1,_louv_70)
  edge core.Hub0↔app14.M0 xings=15 cluster=(_louv_0,_louv_65)
  edge core.Hub0↔app12.M0 xings=13 cluster=(_louv_0,_louv_61)
  edge core.Hub0↔app8.M0 xings=11 cluster=(_louv_0,_louv_45)
  edge app5.M1↔app18.M10 xings=11 cluster=(_louv_35,?)
  edge core.Hub1↔app7.M0 xings=10 cluster=(_louv_1,_louv_38)
  edge core.Hub1↔app17.M0 xings=10 cluster=(_louv_1,_louv_71)
[xings-hotspot] top cluster signatures:
  {?|_louv_24} xings=5
  {?|_louv_11|_louv_34} xings=5
  {?|_louv_0|_louv_15|_louv_70} xings=4
  {?|_louv_24|_louv_74} xings=3
  {?|_louv_61|_louv_65} xings=3
  {?|_louv_31} xings=3
  {?|_louv_0|_louv_15} xings=3
  {?|_louv_42|_louv_48} xings=3
[knot-min] Accepted 34 spatial swaps among 202 candidates.
[knot-min-2opt] Accepted 1 cross-targeted swaps.
[carrier-pre] 268 edges → 170 distinct carriers (cost-side filter).
[leaf-untangle] candidates=113, with-cross=43, moved=31, crossings-resolved=87.
[leaf-untangle] candidates=113, with-cross=19, moved=6, crossings-resolved=17.
[leaf-untangle] candidates=113, with-cross=19, moved=6, crossings-resolved=10.
[leaf-untangle] candidates=113, with-cross=16, moved=0, crossings-resolved=0.
[stuck-leaf-diag] 17 candidates with cost>0 (top 15 below):
  cost=14 deg=3 node=app2.M6 parent=app2.M0 nbrs={app2.M0,app2.M1,app13.M0}
  cost=10 deg=3 node=app5.M1 parent=app5.M0 nbrs={app5.M0,app5.M5,app18.M10}
  cost=7 deg=2 node=app3.M4 parent=app15.M0 nbrs={app3.M0,app15.M0}
  cost=7 deg=3 node=app3.M8 parent=app3.M0 nbrs={app3.M0,app3.M7,app15.M6}
  cost=5 deg=2 node=app1.M14 parent=app1.M0 nbrs={app1.M0,app1.M2}
  cost=5 deg=3 node=app5.M5 parent=app5.M0 nbrs={app5.M0,app5.M1,app0.M1}
  cost=5 deg=3 node=app14.M2 parent=app14.M0 nbrs={app14.M0,app14.M3,app11.M4}
  cost=4 deg=2 node=app2.M2 parent=app2.M0 nbrs={app2.M0,app15.M7}
  cost=3 deg=2 node=app5.M4 parent=app5.M0 nbrs={app5.M0,app7.M9}
  cost=3 deg=2 node=app7.M9 parent=app7.M0 nbrs={app7.M0,app5.M4}
  cost=3 deg=3 node=app14.M3 parent=app14.M0 nbrs={app14.M0,app14.M2,app8.M2}
  cost=2 deg=2 node=app5.M2 parent=app17.M0 nbrs={app5.M0,app17.M0}
  cost=2 deg=2 node=app8.M4 parent=app8.M0 nbrs={app8.M0,app8.M1}
  cost=2 deg=2 node=app13.M1 parent=app13.M3 nbrs={app13.M3,app6.M2}
  cost=1 deg=2 node=app11.M6 parent=app11.M0 nbrs={app11.M0,app11.Note17}
[pd-knot] 187 polyline cross pairs, 4 resolved via endpoint swap.
[xings-detour] iters=2 initial-poly-pairs=180 accepted=4 (multi-seg, density-aware, polyline detect, iterative).
[visual-knot] 174→172 cross points, 9→8 hot cells (≥3), 17 handled, 2 swap accepted.
[leaf-untangle] candidates=113, with-cross=18, moved=6, crossings-resolved=14.
[leaf-untangle] candidates=113, with-cross=16, moved=1, crossings-resolved=2.
[leaf-untangle] candidates=113, with-cross=16, moved=0, crossings-resolved=0.
[stuck-leaf-diag] 17 candidates with cost>0 (top 15 below):
  cost=13 deg=3 node=app2.M6 parent=app2.M0 nbrs={app2.M0,app2.M1,app13.M0}
  cost=9 deg=3 node=app5.M1 parent=app5.M0 nbrs={app5.M0,app5.M5,app18.M10}
  cost=8 deg=3 node=app3.M8 parent=app3.M0 nbrs={app3.M0,app3.M7,app15.M6}
  cost=5 deg=2 node=app1.M14 parent=app1.M0 nbrs={app1.M0,app1.M2}
  cost=5 deg=2 node=app3.M4 parent=app15.M0 nbrs={app3.M0,app15.M0}
  cost=5 deg=3 node=app5.M5 parent=app5.M0 nbrs={app5.M0,app5.M1,app0.M1}
  cost=5 deg=3 node=app14.M2 parent=app14.M0 nbrs={app14.M0,app14.M3,app11.M4}
  cost=3 deg=2 node=app5.M4 parent=app5.M0 nbrs={app5.M0,app7.M9}
  cost=3 deg=2 node=app7.M9 parent=app7.M0 nbrs={app7.M0,app5.M4}
  cost=3 deg=3 node=app14.M3 parent=app14.M0 nbrs={app14.M0,app14.M2,app8.M2}
  cost=2 deg=2 node=app2.M7 parent=app2.M4 nbrs={app2.M4,app7.M12}
  cost=2 deg=2 node=app5.M2 parent=app17.M0 nbrs={app5.M0,app17.M0}
  cost=2 deg=2 node=app8.M4 parent=app8.M0 nbrs={app8.M0,app8.M1}
  cost=2 deg=2 node=app13.M1 parent=app13.M3 nbrs={app13.M3,app6.M2}
  cost=2 deg=2 node=app18.M3 parent=app18.M0 nbrs={app18.M0,app18.M5}
[carrier-cross] segment 171 -> carrier-grouped 160 (-6%). Carriers: 164 total (3 bundle + 115 cluster-pair + 46 individual).
[isolated-stash] Stashed 15 edge-less nodes in 6-column strip at x>=24438.
[face-raster] grid 5460x4713 (cell 5.0x5.0 units), 568 faces, 25481578 bg cells (99.0% of grid)
  face #1: 17440095 cells (68.4%), bbox 5460x4713 @ (0,0)
  face #389: 1450802 cells (5.7%), bbox 1452x1976 @ (380,2588)
  face #2: 687503 cells (2.7%), bbox 1114x2040 @ (3718,152)
  face #4: 638764 cells (2.5%), bbox 1162x1218 @ (1399,679)
  face #68: 401753 cells (1.6%), bbox 749x1155 @ (3371,1304)
  face #17: 268170 cells (1.1%), bbox 1062x656 @ (3457,986)
  face #61: 218359 cells (0.9%), bbox 1098x473 @ (2584,1096)
  face #323: 203416 cells (0.8%), bbox 867x577 @ (977,2384)
[face-cohesion] 45 clusters analysed, 20 low-cohesion (<60% in dominant face)
  cohesion histogram:
     30%- 39%: 4 clusters
     40%- 49%: 1 clusters
     50%- 59%: 15 clusters
     60%- 69%: 7 clusters
     70%- 79%: 2 clusters
    100%-100%: 16 clusters
  top 10 low-cohesion clusters (largest first):
    _louv_69: 7 members, 3 in dominant face, 3 faces total (43%)
    _louv_38: 7 members, 4 in dominant face, 3 faces total (57%)
    _louv_71: 4 members, 2 in dominant face, 3 faces total (50%)
    _louv_54: 4 members, 2 in dominant face, 3 faces total (50%)
    _louv_61: 4 members, 2 in dominant face, 3 faces total (50%)
    _louv_45: 4 members, 2 in dominant face, 3 faces total (50%)
    _louv_4: 4 members, 2 in dominant face, 3 faces total (50%)
    _louv_34: 3 members, 1 in dominant face, 3 faces total (33%)
    _louv_65: 3 members, 1 in dominant face, 3 faces total (33%)
    _louv_1: 3 members, 1 in dominant face, 3 faces total (33%)
[face-density] 301 micro-faces (size<50), top 10 hot regions (macro 64x64 cells):
  region (35,57): 30 micro-faces, world (10514,17735)-(10834,18055)
  region (58,24): 19 micro-faces, world (17874,7177)-(18194,7497)
  region (70,15): 18 micro-faces, world (21713,4298)-(22033,4618)
  region (35,58): 16 micro-faces, world (10514,18055)-(10834,18375)
  region (28,38): 16 micro-faces, world (8275,11657)-(8595,11977)
  region (46,42): 13 micro-faces, world (14034,12936)-(14354,13256)
  region (24,71): 11 micro-faces, world (6995,22215)-(7315,22535)
  region (69,15): 11 micro-faces, world (21393,4298)-(21713,4618)
  region (69,16): 10 micro-faces, world (21393,4618)-(21713,4938)
  region (55,20): 10 micro-faces, world (16914,5898)-(17234,6218)
[face-ppm] Wrote /tmp/face-raster.ppm (2730x2356, downsampled from 5460x4713 by 2)
[face-untangle] 20 target clusters, 34 strays, 2 moved (poly cross 170 → 169, 1 fewer)
[stuck-leaf-2d] pass 1: 1 candidates, 0 moved, 0 cost units resolved.
[stuck-leaf-2d] 1 candidates, 0 moved, 0 cost units resolved (poly cross 169 → 169, 0 fewer)
[hot-region-sa] 8 hot cells (≥4 cross, 169 cross pts), top 5 processed, 10/196 swap accepted (cross 169 → 169, 0 fewer)
