[community] algorithm=louvain communities=102 meta=3
[hub-bias] Super-graph: pushed 1 high-deg cluster roots to 1.4x avgR.
[cg-time] 8ms post-hub-bias
[cg-time] 279ms pre-§10-outward-radial
[cg-time] 279ms pre-§11-compose
[cg-time] 279ms pre-§12-pruning-reattach
[cg-time] 279ms pre-§13-cluster-swap
[cg-time] 802ms pre-§14-chain-straightening
[cg-time] 802ms pre-§15-pruned-cross-min
[§15.5] Optimized 40 alone-root+independent nodes (11 moves).
[cg-time] 810ms pre-bus-bundle
[bus-bundle] Created 1 bus bundles (2 members, sig ≥ 2 roots).
[xings-hotspot] total=315 xings across 152 offending edges (of 311)
  edge app0.M0↔app0.M7 xings=19 cluster=(_louv_0,?)
  edge app1.M6↔app1.M8 xings=15 cluster=(?,_louv_11)
  edge app3.M0↔app3.M1 xings=14 cluster=(_louv_4,?)
  edge app0.M5↔app17.M0 xings=14 cluster=(_louv_4,_louv_35)
  edge app0.M9↔app9.M6 xings=14 cluster=(?,?)
  edge app7.M2↔app14.M6 xings=14 cluster=(_louv_43,?)
  edge app5.M0↔app5.M5 xings=13 cluster=(_louv_30,_louv_34)
  edge app16.M0↔app16.M5 xings=11 cluster=(?,_louv_31)
[xings-hotspot] top cluster signatures:
  {?} xings=10
  {?|_louv_87} xings=6
  {?|_louv_30|_louv_34} xings=6
  {?|_louv_38} xings=6
  {?|_louv_30} xings=5
  {?|_louv_0|_louv_22} xings=5
  {?|_louv_43} xings=5
  {?|_louv_51|_louv_58} xings=5
[knot-min] Accepted 80 spatial swaps among 260 candidates.
[carrier-pre] 315 edges → 186 distinct carriers (cost-side filter).
[leaf-untangle] candidates=155, with-cross=68, moved=59, crossings-resolved=252.
[leaf-untangle] candidates=155, with-cross=35, moved=16, crossings-resolved=41.
[leaf-untangle] candidates=155, with-cross=30, moved=3, crossings-resolved=6.
[leaf-untangle] candidates=155, with-cross=28, moved=3, crossings-resolved=6.
[stuck-leaf-diag] 31 candidates with cost>0 (top 15 below):
  cost=18 deg=2 node=app18.M11 parent=app18.M0 nbrs={app18.M0,app15.M2}
  cost=17 deg=2 node=app14.M6 parent=app14.M0 nbrs={app14.M0,app7.M2}
  cost=15 deg=3 node=app3.M4 parent=app3.M0 nbrs={app3.M0,app3.M3,app4.M8}
  cost=15 deg=2 node=app7.M2 parent=app6.M6 nbrs={app14.M6,app6.M6}
  cost=14 deg=3 node=app6.M8 parent=app6.M0 nbrs={app6.M0,app6.M12,app4.M4}
  cost=14 deg=3 node=app7.M0 parent=app7.M3 nbrs={app7.M1,app7.M3,app16.M3}
  cost=12 deg=3 node=app18.M8 parent=app18.M0 nbrs={app18.M0,app18.M1,app2.M1}
  cost=8 deg=2 node=app11.M6 parent=app11.M0 nbrs={app11.M0,app4.M2}
  cost=8 deg=3 node=app7.M1 parent=app7.M3 nbrs={app7.M0,app7.M3,app8.M1}
  cost=7 deg=3 node=app16.M6 parent=app16.M0 nbrs={app16.M1,app16.M0,app6.M12}
  cost=7 deg=3 node=app3.M3 parent=app3.M0 nbrs={app3.M0,app3.M4,app0.M5}
  cost=6 deg=3 node=app18.M13 parent=app18.M0 nbrs={app18.M0,app18.M4,app18.M9}
  cost=5 deg=3 node=app12.M7 parent=app12.M0 nbrs={app12.M0,app12.M2,app4.M10}
  cost=4 deg=3 node=app16.M1 parent=app16.M0 nbrs={app16.M0,app16.M2,app16.M6}
  cost=3 deg=2 node=app9.M2 parent=app9.M0 nbrs={app9.M0,app9.M9}
[pd-knot] 193 polyline cross pairs, 5 resolved via endpoint swap.
[xings-detour] iters=2 initial-poly-pairs=206 accepted=11 (multi-seg, density-aware, polyline detect, iterative).
[visual-knot] 186→183 cross points, 17→17 hot cells (≥3), 51 handled, 2 swap accepted.
[leaf-untangle] candidates=155, with-cross=36, moved=14, crossings-resolved=49.
[leaf-untangle] candidates=155, with-cross=28, moved=3, crossings-resolved=11.
[leaf-untangle] candidates=155, with-cross=29, moved=3, crossings-resolved=5.
[stuck-leaf-diag] 32 candidates with cost>0 (top 15 below):
  cost=18 deg=2 node=app18.M11 parent=app18.M0 nbrs={app18.M0,app15.M2}
  cost=17 deg=3 node=app3.M4 parent=app3.M0 nbrs={app3.M0,app3.M3,app4.M8}
  cost=14 deg=2 node=app14.M6 parent=app14.M0 nbrs={app14.M0,app7.M2}
  cost=13 deg=3 node=app6.M8 parent=app6.M0 nbrs={app6.M0,app6.M12,app4.M4}
  cost=12 deg=3 node=app18.M8 parent=app18.M0 nbrs={app18.M0,app18.M1,app2.M1}
  cost=12 deg=2 node=app7.M2 parent=app6.M6 nbrs={app14.M6,app6.M6}
  cost=8 deg=2 node=app11.M6 parent=app11.M0 nbrs={app11.M0,app4.M2}
  cost=8 deg=3 node=app7.M1 parent=app7.M3 nbrs={app7.M0,app7.M3,app8.M1}
  cost=8 deg=3 node=app3.M3 parent=app3.M0 nbrs={app3.M0,app3.M4,app0.M5}
  cost=6 deg=3 node=app18.M13 parent=app18.M0 nbrs={app18.M0,app18.M4,app18.M9}
  cost=6 deg=3 node=app1.M2 parent=app1.M0 nbrs={app1.M0,app1.M4,app1.M3}
  cost=5 deg=3 node=app7.M0 parent=app7.M3 nbrs={app7.M1,app7.M3,app16.M3}
  cost=5 deg=3 node=app12.M7 parent=app12.M0 nbrs={app12.M0,app12.M2,app4.M10}
  cost=5 deg=2 node=app0.M1 parent=app0.M0 nbrs={app0.M0,app0.Note56}
  cost=4 deg=3 node=app16.M6 parent=app16.M0 nbrs={app16.M1,app16.M0,app6.M12}
[carrier-cross] segment 190 -> carrier-grouped 172 (-9%). Carriers: 182 total (3 bundle + 119 cluster-pair + 60 individual).
[isolated-stash] Stashed 13 edge-less nodes in 6-column strip at x>=18621.
[face-raster] grid 4223x5130 (cell 5.0x5.0 units), 891 faces, 21399764 bg cells (98.8% of grid)
  face #1: 17522621 cells (81.9%), bbox 4223x5130 @ (0,0)
  face #3: 352920 cells (1.6%), bbox 953x1699 @ (124,317)
  face #4: 300710 cells (1.4%), bbox 988x713 @ (654,317)
  face #837: 282859 cells (1.3%), bbox 508x1097 @ (1050,3113)
  face #818: 260620 cells (1.2%), bbox 565x733 @ (1050,2379)
  face #2: 214594 cells (1.0%), bbox 836x564 @ (1096,310)
  face #839: 188667 cells (0.9%), bbox 605x1097 @ (1412,3113)
  face #183: 155549 cells (0.7%), bbox 1045x554 @ (594,756)
[face-cohesion] 58 clusters analysed, 22 low-cohesion (<60% in dominant face)
  cohesion histogram:
     20%- 29%: 3 clusters
     30%- 39%: 4 clusters
     40%- 49%: 2 clusters
     50%- 59%: 13 clusters
     60%- 69%: 7 clusters
     80%- 89%: 1 clusters
    100%-100%: 28 clusters
  top 10 low-cohesion clusters (largest first):
    _louv_8: 9 members, 2 in dominant face, 7 faces total (22%)
    _louv_92: 6 members, 3 in dominant face, 4 faces total (50%)
    _louv_51: 5 members, 2 in dominant face, 4 faces total (40%)
    _louv_0: 5 members, 2 in dominant face, 4 faces total (40%)
    _louv_38: 4 members, 1 in dominant face, 4 faces total (25%)
    _louv_22: 4 members, 1 in dominant face, 4 faces total (25%)
    _louv_13: 4 members, 2 in dominant face, 3 faces total (50%)
    _louv_4: 4 members, 2 in dominant face, 3 faces total (50%)
    _louv_78: 3 members, 1 in dominant face, 3 faces total (33%)
    _louv_35: 3 members, 1 in dominant face, 3 faces total (33%)
[face-density] 596 micro-faces (size<50), top 10 hot regions (macro 64x64 cells):
  region (28,25): 43 micro-faces, world (8481,7458)-(8801,7778)
  region (3,19): 33 micro-faces, world (481,5538)-(801,5858)
  region (20,7): 29 micro-faces, world (5921,1699)-(6241,2018)
  region (22,8): 26 micro-faces, world (6561,2018)-(6881,2338)
  region (21,7): 23 micro-faces, world (6241,1699)-(6561,2018)
  region (29,66): 23 micro-faces, world (8801,20577)-(9121,20897)
  region (21,8): 21 micro-faces, world (6241,2018)-(6561,2338)
  region (28,11): 17 micro-faces, world (8481,2978)-(8801,3298)
  region (28,10): 16 micro-faces, world (8481,2658)-(8801,2978)
  region (28,12): 15 micro-faces, world (8481,3298)-(8801,3618)
[face-ppm] Wrote /tmp/face-raster.ppm (2111x2565, downsampled from 4223x5130 by 2)
[face-untangle] 20 target clusters, 33 strays, 5 moved (poly cross 186 → 184, 2 fewer)
[stuck-leaf-2d] pass 1: 4 candidates, 2 moved, 5 cost units resolved.
[stuck-leaf-2d] pass 2: 0 candidates, 0 moved, 0 cost units resolved.
[stuck-leaf-2d] 0 candidates, 2 moved, 5 cost units resolved (poly cross 184 → 180, 4 fewer)
[hot-region-sa] 14 hot cells (≥4 cross, 180 cross pts), top 5 processed, 51/800 swap accepted (cross 180 → 174, 6 fewer)
