[community] algorithm=louvain communities=109 meta=4
[hub-bias] Super-graph: pushed 11 high-deg cluster roots to 1.4x avgR.
[cg-time] 10ms post-hub-bias
[cg-time] 202ms pre-§10-outward-radial
[cg-time] 202ms pre-§11-compose
[cg-time] 202ms pre-§12-pruning-reattach
[cg-time] 202ms pre-§13-cluster-swap
[cg-time] 1087ms pre-§14-chain-straightening
[cg-time] 1087ms pre-§15-pruned-cross-min
[§15.5] Optimized 27 alone-root+independent nodes (3 moves).
[cg-time] 1094ms pre-bus-bundle
[bus-bundle] Created 2 bus bundles (4 members, sig ≥ 2 roots).
[xings-hotspot] total=309 xings across 143 offending edges (of 328)
  edge core.Hub0↔app3.M0 xings=15 cluster=(_louv_0,_louv_29)
  edge app2.M8↔app6.M0 xings=15 cluster=(?,?)
  edge app5.M0↔app5.M3 xings=14 cluster=(_louv_39,?)
  edge app14.M0↔app14.M2 xings=14 cluster=(_louv_86,_louv_42)
  edge core.Hub0↔app13.M0 xings=14 cluster=(_louv_0,_louv_79)
  edge app1.M13↔app5.M5 xings=14 cluster=(?,?)
  edge core.Hub0↔app11.M0 xings=13 cluster=(_louv_0,_louv_70)
  edge core.Hub0↔app19.M0 xings=13 cluster=(_louv_0,_louv_102)
[xings-hotspot] top cluster signatures:
  {?|_louv_39|_louv_54} xings=6
  {?|_louv_0|_louv_47} xings=5
  {?|_louv_0|_louv_102} xings=4
  {?} xings=4
  {?|_louv_39|_louv_94} xings=4
  {?|_louv_0|_louv_29} xings=4
  {?|_louv_54|_louv_94} xings=4
  {?|_louv_47} xings=4
[bundle-clear] Pushed 3 nodes off bundle bboxes.
[knot-min] Accepted 55 spatial swaps among 264 candidates.
[carrier-pre] 334 edges → 217 distinct carriers (cost-side filter).
[leaf-untangle] candidates=160, with-cross=49, moved=36, crossings-resolved=103.
[leaf-untangle] candidates=160, with-cross=30, moved=8, crossings-resolved=12.
[leaf-untangle] candidates=160, with-cross=28, moved=3, crossings-resolved=3.
[leaf-untangle] candidates=160, with-cross=26, moved=1, crossings-resolved=2.
[stuck-leaf-diag] 30 candidates with cost>0 (top 15 below):
  cost=12 deg=2 node=app7.M10 parent=app7.M0 nbrs={app7.M0,app9.M0}
  cost=8 deg=2 node=app6.M6 parent=app6.M0 nbrs={app6.M0,app17.M3}
  cost=7 deg=2 node=app3.M2 parent=app15.M0 nbrs={app3.M0,app15.M0}
  cost=7 deg=2 node=app5.M7 parent=app5.M0 nbrs={app5.M0,app5.M3}
  cost=5 deg=2 node=app9.M6 parent=app14.M0 nbrs={app9.M0,app14.M0}
  cost=5 deg=3 node=app17.M13 parent=app17.M0 nbrs={app17.M0,app17.M1,app17.M6}
  cost=4 deg=2 node=app17.M7 parent=app17.M6 nbrs={app17.M10,app17.M6}
  cost=4 deg=2 node=app18.M4 parent=app18.M0 nbrs={app18.M0,app4.M5}
  cost=4 deg=2 node=app4.M5 parent=app4.M0 nbrs={app4.M0,app18.M4}
  cost=4 deg=3 node=app7.M3 parent=app7.M0 nbrs={app7.M0,app7.M9,app7.File15}
  cost=4 deg=2 node=app7.M6 parent=app7.M8 nbrs={app7.M8,app8.M4}
  cost=3 deg=3 node=app19.M12 parent=app19.M0 nbrs={app19.M0,app19.M6,app19.M5}
  cost=3 deg=1 node=app1.M10 parent=app1.M0 nbrs={app1.M0}
  cost=3 deg=3 node=app3.M3 parent=app3.M0 nbrs={app3.M0,app3.M4,app7.M9}
  cost=3 deg=2 node=app6.M5 parent=app6.M0 nbrs={app6.M0,app6.Asset6}
[pd-knot] 206 polyline cross pairs, 2 resolved via endpoint swap.
[xings-detour] iters=2 initial-poly-pairs=211 accepted=3 (multi-seg, density-aware, polyline detect, iterative).
[visual-knot] 205→205 cross points, 14→14 hot cells (≥3), 14 handled, 0 swap accepted.
[leaf-untangle] candidates=160, with-cross=29, moved=3, crossings-resolved=5.
[leaf-untangle] candidates=160, with-cross=26, moved=0, crossings-resolved=0.
[stuck-leaf-diag] 30 candidates with cost>0 (top 15 below):
  cost=12 deg=2 node=app7.M10 parent=app7.M0 nbrs={app7.M0,app9.M0}
  cost=7 deg=2 node=app3.M2 parent=app15.M0 nbrs={app3.M0,app15.M0}
  cost=7 deg=2 node=app5.M7 parent=app5.M0 nbrs={app5.M0,app5.M3}
  cost=7 deg=2 node=app6.M6 parent=app6.M0 nbrs={app6.M0,app17.M3}
  cost=5 deg=2 node=app17.M7 parent=app17.M6 nbrs={app17.M10,app17.M6}
  cost=5 deg=2 node=app9.M6 parent=app14.M0 nbrs={app9.M0,app14.M0}
  cost=5 deg=3 node=app17.M13 parent=app17.M0 nbrs={app17.M0,app17.M1,app17.M6}
  cost=4 deg=2 node=app18.M4 parent=app18.M0 nbrs={app18.M0,app4.M5}
  cost=4 deg=2 node=app4.M5 parent=app4.M0 nbrs={app4.M0,app18.M4}
  cost=4 deg=2 node=app6.M5 parent=app6.M0 nbrs={app6.M0,app6.Asset6}
  cost=4 deg=3 node=app7.M3 parent=app7.M0 nbrs={app7.M0,app7.M9,app7.File15}
  cost=4 deg=2 node=app7.M6 parent=app7.M8 nbrs={app7.M8,app8.M4}
  cost=3 deg=3 node=app19.M12 parent=app19.M0 nbrs={app19.M0,app19.M6,app19.M5}
  cost=3 deg=1 node=app1.M10 parent=app1.M0 nbrs={app1.M0}
  cost=3 deg=3 node=app3.M3 parent=app3.M0 nbrs={app3.M0,app3.M4,app7.M9}
[carrier-cross] segment 207 -> carrier-grouped 178 (-14%). Carriers: 213 total (5 bundle + 139 cluster-pair + 69 individual).
[isolated-stash] Stashed 16 edge-less nodes in 6-column strip at x>=27397.
[face-raster] grid 6046x5652 (cell 5.0x5.0 units), 847 faces, 33864256 bg cells (99.1% of grid)
  face #1: 25728327 cells (76.0%), bbox 6046x5652 @ (0,0)
  face #807: 976746 cells (2.9%), bbox 1151x1855 @ (1411,3619)
  face #738: 351281 cells (1.0%), bbox 935x731 @ (2970,3234)
  face #2: 275928 cells (0.8%), bbox 817x1076 @ (2849,428)
  face #678: 268407 cells (0.8%), bbox 604x994 @ (1399,3008)
  face #555: 252183 cells (0.7%), bbox 1134x1563 @ (3478,2595)
  face #246: 217513 cells (0.6%), bbox 723x1279 @ (933,1747)
  face #674: 203498 cells (0.6%), bbox 761x698 @ (3259,2980)
[face-cohesion] 69 clusters analysed, 30 low-cohesion (<60% in dominant face)
  cohesion histogram:
     20%- 29%: 2 clusters
     30%- 39%: 6 clusters
     40%- 49%: 1 clusters
     50%- 59%: 21 clusters
     60%- 69%: 6 clusters
     70%- 79%: 1 clusters
    100%-100%: 32 clusters
  top 10 low-cohesion clusters (largest first):
    _louv_1: 6 members, 3 in dominant face, 4 faces total (50%)
    _louv_11: 5 members, 2 in dominant face, 3 faces total (40%)
    _louv_104: 4 members, 1 in dominant face, 4 faces total (25%)
    _louv_62: 4 members, 2 in dominant face, 2 faces total (50%)
    _louv_87: 4 members, 1 in dominant face, 4 faces total (25%)
    _louv_94: 4 members, 2 in dominant face, 3 faces total (50%)
    _louv_47: 3 members, 1 in dominant face, 3 faces total (33%)
    _louv_97: 3 members, 1 in dominant face, 3 faces total (33%)
    _louv_86: 3 members, 1 in dominant face, 3 faces total (33%)
    _louv_48: 3 members, 1 in dominant face, 3 faces total (33%)
[face-density] 513 micro-faces (size<50), top 10 hot regions (macro 64x64 cells):
  region (55,7): 43 micro-faces, world (16969,1648)-(17289,1968)
  region (46,36): 33 micro-faces, world (14090,10928)-(14410,11248)
  region (37,22): 33 micro-faces, world (11210,6448)-(11530,6768)
  region (41,39): 29 micro-faces, world (12490,11888)-(12810,12208)
  region (56,7): 26 micro-faces, world (17289,1648)-(17609,1968)
  region (52,45): 21 micro-faces, world (16010,13808)-(16330,14128)
  region (45,37): 20 micro-faces, world (13770,11248)-(14090,11568)
  region (41,56): 17 micro-faces, world (12490,17328)-(12810,17648)
  region (63,11): 16 micro-faces, world (19529,2928)-(19849,3248)
  region (63,56): 16 micro-faces, world (19529,17328)-(19849,17648)
[face-ppm] Wrote /tmp/face-raster.ppm (3023x2826, downsampled from 6046x5652 by 2)
[face-untangle] 29 target clusters, 42 strays, 1 moved (poly cross 205 → 204, 1 fewer)
[stuck-leaf-2d] pass 1: 1 candidates, 0 moved, 0 cost units resolved.
[stuck-leaf-2d] 1 candidates, 0 moved, 0 cost units resolved (poly cross 204 → 204, 0 fewer)
[hot-region-sa] 11 hot cells (≥4 cross, 204 cross pts), top 5 processed, 7/221 swap accepted (cross 204 → 203, 1 fewer)
