[community] algorithm=louvain communities=94 meta=5
[hub-bias] Super-graph: pushed 12 high-deg cluster roots to 1.4x avgR.
[cg-time] 8ms post-hub-bias
[cg-time] 27ms pre-§10-outward-radial
[cg-time] 27ms pre-§11-compose
[cg-time] 27ms pre-§12-pruning-reattach
[cg-time] 27ms pre-§13-cluster-swap
[cg-time] 841ms pre-§14-chain-straightening
[cg-time] 841ms pre-§15-pruned-cross-min
[§15.5] Optimized 21 alone-root+independent nodes (2 moves).
[cg-time] 853ms pre-bus-bundle
[xings-hotspot] total=273 xings across 133 offending edges (of 316)
  edge app5.M0↔app13.M7 xings=19 cluster=(_louv_29,_louv_70)
  edge app9.M0↔app12.M0 xings=19 cluster=(_louv_53,_louv_61)
  edge core.Hub0↔app12.M0 xings=16 cluster=(_louv_0,_louv_61)
  edge core.Hub1↔app18.M0 xings=16 cluster=(?,_louv_89)
  edge app3.M4↔app6.M0 xings=13 cluster=(_louv_19,?)
  edge core.Hub0↔app5.M0 xings=13 cluster=(_louv_0,_louv_29)
  edge core.Hub0↔app13.M0 xings=13 cluster=(_louv_0,_louv_14)
  edge app11.M2↔app19.M0 xings=12 cluster=(_louv_58,?)
[xings-hotspot] top cluster signatures:
  {?|_louv_25|_louv_73} xings=6
  {?|_louv_22|_louv_89} xings=4
  {?|_louv_37} xings=4
  {?|_louv_58} xings=3
  {?|_louv_0|_louv_61|_louv_89} xings=3
  {_louv_26|_louv_29|_louv_70} xings=3
  {?|_louv_29|_louv_70} xings=3
  {?|_louv_37|_louv_85} xings=3
[bundle-clear] Pushed 20 nodes off bundle bboxes.
[knot-min] Accepted 62 spatial swaps among 256 candidates.
[knot-min-2opt] Accepted 1 cross-targeted swaps.
[carrier-pre] 321 edges → 209 distinct carriers (cost-side filter).
[leaf-untangle] candidates=173, with-cross=61, moved=54, crossings-resolved=175.
[leaf-untangle] candidates=173, with-cross=19, moved=6, crossings-resolved=13.
[leaf-untangle] candidates=173, with-cross=15, moved=0, crossings-resolved=0.
[stuck-leaf-diag] 24 candidates with cost>0 (top 15 below):
  cost=13 deg=1 node=app12.Tag19 parent=app12.M8 nbrs={app12.M8}
  cost=8 deg=2 node=app12.M11 parent=app12.M0 nbrs={app12.M0,app12.M12}
  cost=5 deg=2 node=app12.M3 parent=app12.M0 nbrs={app12.M0,app12.M4}
  cost=5 deg=2 node=app0.M3 parent=app0.M0 nbrs={app0.M0,app15.M0}
  cost=4 deg=2 node=app18.M4 parent=app18.M0 nbrs={app18.M0,app18.Asset93}
  cost=3 deg=1 node=app12.Note64 parent=app12.M13 nbrs={app12.M13}
  cost=3 deg=2 node=app2.M3 parent=app2.M0 nbrs={app2.M0,app5.M4}
  cost=3 deg=1 node=app12.Note63 parent=app12.M8 nbrs={app12.M8}
  cost=3 deg=3 node=app5.M11 parent=app5.M0 nbrs={app5.M0,app5.M8,app17.M2}
  cost=3 deg=3 node=app7.M10 parent=app7.M0 nbrs={app7.M0,app7.M2,app7.M7}
  cost=2 deg=1 node=app3.Asset99 parent=app3.M1 nbrs={app3.M1}
  cost=2 deg=3 node=app12.M4 parent=app12.M0 nbrs={app12.M0,app12.M7,app12.M3}
  cost=2 deg=3 node=app0.M1 parent=app0.M0 nbrs={app0.M0,app0.M2,app3.M3}
  cost=2 deg=2 node=app16.M4 parent=app16.M0 nbrs={app16.M0,app16.Address84}
  cost=2 deg=2 node=app7.M8 parent=app7.M0 nbrs={app7.M0,app7.Note29}
[pd-knot] 226 polyline cross pairs, 4 resolved via endpoint swap.
[xings-detour] iters=2 initial-poly-pairs=216 accepted=4 (multi-seg, density-aware, polyline detect, iterative).
[visual-knot] 210→210 cross points, 10→10 hot cells (≥3), 10 handled, 0 swap accepted.
[leaf-untangle] candidates=173, with-cross=15, moved=0, crossings-resolved=0.
[stuck-leaf-diag] 23 candidates with cost>0 (top 15 below):
  cost=10 deg=2 node=app12.M11 parent=app12.M0 nbrs={app12.M0,app12.M12}
  cost=10 deg=1 node=app12.Tag19 parent=app12.M8 nbrs={app12.M8}
  cost=5 deg=2 node=app0.M3 parent=app0.M0 nbrs={app0.M0,app15.M0}
  cost=5 deg=2 node=app12.M3 parent=app12.M0 nbrs={app12.M0,app12.M4}
  cost=4 deg=2 node=app18.M4 parent=app18.M0 nbrs={app18.M0,app18.Asset93}
  cost=3 deg=2 node=app2.M3 parent=app2.M0 nbrs={app2.M0,app5.M4}
  cost=3 deg=3 node=app5.M11 parent=app5.M0 nbrs={app5.M0,app5.M8,app17.M2}
  cost=3 deg=3 node=app7.M10 parent=app7.M0 nbrs={app7.M0,app7.M2,app7.M7}
  cost=3 deg=1 node=app12.Note64 parent=app12.M13 nbrs={app12.M13}
  cost=2 deg=3 node=app0.M1 parent=app0.M0 nbrs={app0.M0,app0.M2,app3.M3}
  cost=2 deg=2 node=app7.M8 parent=app7.M0 nbrs={app7.M0,app7.Note29}
  cost=2 deg=3 node=app12.M4 parent=app12.M0 nbrs={app12.M0,app12.M7,app12.M3}
  cost=2 deg=2 node=app16.M4 parent=app16.M0 nbrs={app16.M0,app16.Address84}
  cost=2 deg=1 node=app3.Asset99 parent=app3.M1 nbrs={app3.M1}
  cost=1 deg=2 node=app1.M1 parent=app1.M0 nbrs={app1.M0,app1.M6}
[carrier-cross] segment 212 -> carrier-grouped 184 (-13%). Carriers: 208 total (2 bundle + 129 cluster-pair + 77 individual).
[isolated-stash] Stashed 3 edge-less nodes in 6-column strip at x>=66020.
[face-raster] grid 11318x8834 (cell 6.1x6.1 units), 1135 faces, 99727396 bg cells (99.7% of grid)
  face #1: 92159815 cells (92.4%), bbox 11318x8834 @ (0,0)
  face #73: 952853 cells (1.0%), bbox 948x2261 @ (3296,1068)
  face #109: 667770 cells (0.7%), bbox 1340x2460 @ (3420,1140)
  face #720: 534940 cells (0.5%), bbox 844x976 @ (3087,2472)
  face #1025: 530572 cells (0.5%), bbox 1362x764 @ (1921,3604)
  face #1023: 421284 cells (0.4%), bbox 1165x808 @ (2869,3598)
  face #72: 263614 cells (0.3%), bbox 819x1403 @ (3105,1068)
  face #82: 215462 cells (0.2%), bbox 870x947 @ (2485,1084)
[face-cohesion] 80 clusters analysed, 26 low-cohesion (<60% in dominant face)
  cohesion histogram:
     20%- 29%: 2 clusters
     30%- 39%: 6 clusters
     40%- 49%: 1 clusters
     50%- 59%: 17 clusters
     60%- 69%: 8 clusters
     70%- 79%: 5 clusters
     80%- 89%: 1 clusters
    100%-100%: 40 clusters
  top 10 low-cohesion clusters (largest first):
    _louv_25: 6 members, 2 in dominant face, 3 faces total (33%)
    _louv_89: 6 members, 2 in dominant face, 5 faces total (33%)
    _louv_61: 5 members, 2 in dominant face, 4 faces total (40%)
    _louv_78: 4 members, 1 in dominant face, 4 faces total (25%)
    _louv_19: 4 members, 1 in dominant face, 4 faces total (25%)
    _louv_65: 4 members, 2 in dominant face, 3 faces total (50%)
    _louv_29: 4 members, 2 in dominant face, 3 faces total (50%)
    _louv_58: 3 members, 1 in dominant face, 3 faces total (33%)
    _louv_53: 3 members, 1 in dominant face, 3 faces total (33%)
    _louv_39: 3 members, 1 in dominant face, 3 faces total (33%)
[face-density] 826 micro-faces (size<50), top 10 hot regions (macro 64x64 cells):
  region (46,34): 70 micro-faces, world (16717,12288)-(17111,12682)
  region (53,25): 34 micro-faces, world (19472,8746)-(19865,9140)
  region (53,26): 32 micro-faces, world (19472,9140)-(19865,9533)
  region (54,24): 32 micro-faces, world (19865,8352)-(20259,8746)
  region (46,33): 32 micro-faces, world (16717,11894)-(17111,12288)
  region (60,17): 27 micro-faces, world (22227,5598)-(22620,5991)
  region (52,27): 24 micro-faces, world (19078,9533)-(19472,9927)
  region (56,10): 22 micro-faces, world (20653,2843)-(21046,3236)
  region (47,33): 19 micro-faces, world (17111,11894)-(17504,12288)
  region (73,43): 19 micro-faces, world (27343,15830)-(27737,16224)
[face-ppm] Wrote /tmp/face-raster.ppm (2829x2208, downsampled from 11318x8834 by 4)
[face-untangle] 24 target clusters, 38 strays, 3 moved → REVERTED (poly cross 210 → 211)
[stuck-leaf-2d] pass 1: 6 candidates, 4 moved, 7 cost units resolved.
[stuck-leaf-2d] pass 2: 2 candidates, 0 moved, 0 cost units resolved.
[stuck-leaf-2d] 2 candidates, 4 moved, 7 cost units resolved (poly cross 216 → 211, 5 fewer)
[hot-region-sa] 13 hot cells (≥4 cross, 211 cross pts), top 5 processed, 15/144 swap accepted (cross 211 → 211, 0 fewer)
