[community] algorithm=louvain communities=61 meta=5
[hub-bias] Super-graph: pushed 6 high-deg cluster roots to 1.4x avgR.
[cg-time] 3ms post-hub-bias
[cg-time] 15ms pre-§10-outward-radial
[cg-time] 15ms pre-§11-compose
[cg-time] 15ms pre-§12-pruning-reattach
[cg-time] 15ms pre-§13-cluster-swap
[cg-time] 90ms pre-§14-chain-straightening
[cg-time] 90ms pre-§15-pruned-cross-min
[§15.5] Optimized 16 alone-root+independent nodes (3 moves).
[cg-time] 91ms pre-bus-bundle
[xings-hotspot] total=75 xings across 59 offending edges (of 183)
  edge app11.M1↔app11.M2 xings=11 cluster=(_louv_4,_louv_45)
  edge app0.M0↔app12.M0 xings=9 cluster=(_louv_0,_louv_19)
  edge app6.M3↔app10.M8 xings=8 cluster=(_louv_35,?)
  edge app0.M0↔app1.M4 xings=6 cluster=(_louv_0,_louv_11)
  edge app1.M3↔app13.M3 xings=6 cluster=(_louv_6,?)
  edge app1.M0↔app1.M3 xings=5 cluster=(_louv_9,_louv_6)
  edge app11.M0↔app11.M6 xings=5 cluster=(_louv_58,_louv_32)
  edge app7.M1↔app11.M0 xings=5 cluster=(?,_louv_58)
[xings-hotspot] top cluster signatures:
  {?|_louv_33|_louv_35} xings=3
  {?|_louv_0|_louv_3} xings=2
  {?|_louv_35} xings=2
  {?|_louv_32|_louv_58} xings=2
  {?|_louv_18} xings=2
  {?|_louv_17} xings=2
  {?|_louv_14|_louv_19} xings=2
  {?|_louv_14} xings=2
[knot-min] Accepted 26 spatial swaps among 157 candidates.
[carrier-pre] 187 edges → 110 distinct carriers (cost-side filter).
[leaf-untangle] candidates=88, with-cross=32, moved=28, crossings-resolved=122.
[leaf-untangle] candidates=88, with-cross=14, moved=4, crossings-resolved=5.
[leaf-untangle] candidates=88, with-cross=11, moved=0, crossings-resolved=0.
[stuck-leaf-diag] 11 candidates with cost>0 (top 15 below):
  cost=4 deg=2 node=app0.M2 parent=app0.M0 nbrs={app0.M0,app13.M2}
  cost=4 deg=3 node=app2.M13 parent=app2.M0 nbrs={app2.M0,app2.M12,app2.M2}
  cost=3 deg=2 node=app2.M11 parent=app2.M0 nbrs={app2.M0,app2.M2}
  cost=3 deg=3 node=app9.M3 parent=app9.M0 nbrs={app9.M0,app9.M10,app6.M2}
  cost=3 deg=2 node=app13.M2 parent=app13.M0 nbrs={app13.M0,app0.M2}
  cost=2 deg=2 node=app2.M1 parent=app2.M0 nbrs={app2.M0,app2.Log17}
  cost=2 deg=3 node=app7.M9 parent=app7.M0 nbrs={app7.M0,app7.M14,app6.M0}
  cost=1 deg=2 node=app0.M1 parent=app0.M0 nbrs={app0.M0,app0.M5}
  cost=1 deg=2 node=app0.M4 parent=app0.M0 nbrs={app0.M0,app0.M9}
  cost=1 deg=2 node=app0.M9 parent=app0.M0 nbrs={app0.M0,app0.M4}
  cost=1 deg=1 node=app2.M7 parent=app2.M0 nbrs={app2.M0}
[pd-knot] 45 polyline cross pairs, 2 resolved via endpoint swap.
[xings-detour] iters=2 initial-poly-pairs=42 accepted=4 (multi-seg, density-aware, polyline detect, iterative).
[visual-knot] 36→36 cross points, 1→1 hot cells (≥3), 1 handled, 0 swap accepted.
[leaf-untangle] candidates=88, with-cross=15, moved=8, crossings-resolved=29.
[leaf-untangle] candidates=88, with-cross=12, moved=3, crossings-resolved=6.
[leaf-untangle] candidates=88, with-cross=9, moved=0, crossings-resolved=0.
[stuck-leaf-diag] 9 candidates with cost>0 (top 15 below):
  cost=4 deg=2 node=app0.M2 parent=app0.M0 nbrs={app0.M0,app13.M2}
  cost=3 deg=1 node=app2.M7 parent=app2.M0 nbrs={app2.M0}
  cost=3 deg=3 node=app9.M3 parent=app9.M0 nbrs={app9.M0,app9.M10,app6.M2}
  cost=3 deg=2 node=app13.M2 parent=app13.M0 nbrs={app13.M0,app0.M2}
  cost=2 deg=3 node=app7.M9 parent=app7.M0 nbrs={app7.M0,app7.M14,app6.M0}
  cost=1 deg=2 node=app0.M1 parent=app0.M0 nbrs={app0.M0,app0.M5}
  cost=1 deg=2 node=app0.M4 parent=app0.M0 nbrs={app0.M0,app0.M9}
  cost=1 deg=2 node=app0.M9 parent=app0.M0 nbrs={app0.M0,app0.M4}
  cost=1 deg=3 node=app2.M13 parent=app2.M0 nbrs={app2.M0,app2.M12,app2.M2}
[isolated-stash] Stashed 11 edge-less nodes in 6-column strip at x>=14512.
[face-raster] grid 3355x2312 (cell 5.0x5.0 units), 242 faces, 7606785 bg cells (98.1% of grid)
  face #1: 5238522 cells (68.9%), bbox 3355x2312 @ (0,0)
  face #179: 256982 cells (3.4%), bbox 2100x542 @ (213,1677)
  face #6: 168121 cells (2.2%), bbox 780x343 @ (649,467)
  face #4: 149521 cells (2.0%), bbox 416x791 @ (1881,292)
  face #14: 144502 cells (1.9%), bbox 656x861 @ (658,501)
  face #3: 123077 cells (1.6%), bbox 440x916 @ (1568,292)
  face #15: 91721 cells (1.2%), bbox 701x647 @ (673,501)
  face #32: 71181 cells (0.9%), bbox 220x473 @ (1308,811)
[face-cohesion] 35 clusters analysed, 15 low-cohesion (<60% in dominant face)
  cohesion histogram:
     30%- 39%: 3 clusters
     50%- 59%: 12 clusters
     60%- 69%: 6 clusters
     70%- 79%: 1 clusters
     80%- 89%: 1 clusters
    100%-100%: 12 clusters
  top 10 low-cohesion clusters (largest first):
    _louv_14: 6 members, 2 in dominant face, 5 faces total (33%)
    _louv_37: 4 members, 2 in dominant face, 3 faces total (50%)
    _louv_33: 3 members, 1 in dominant face, 3 faces total (33%)
    _louv_19: 3 members, 1 in dominant face, 3 faces total (33%)
    _louv_59: 2 members, 1 in dominant face, 2 faces total (50%)
    _louv_4: 2 members, 1 in dominant face, 2 faces total (50%)
    _louv_54: 2 members, 1 in dominant face, 2 faces total (50%)
    _louv_49: 2 members, 1 in dominant face, 2 faces total (50%)
    _louv_43: 2 members, 1 in dominant face, 2 faces total (50%)
    _louv_35: 2 members, 1 in dominant face, 2 faces total (50%)
[face-density] 132 micro-faces (size<50), top 10 hot regions (macro 64x64 cells):
  region (19,31): 14 micro-faces, world (5709,9196)-(6029,9516)
  region (31,24): 11 micro-faces, world (9548,6956)-(9868,7276)
  region (24,24): 11 micro-faces, world (7308,6956)-(7628,7276)
  region (16,21): 9 micro-faces, world (4749,5996)-(5069,6316)
  region (36,26): 8 micro-faces, world (11148,7596)-(11468,7916)
  region (23,24): 7 micro-faces, world (6988,6956)-(7308,7276)
  region (17,23): 6 micro-faces, world (5069,6636)-(5389,6956)
  region (31,12): 6 micro-faces, world (9548,3117)-(9868,3437)
  region (27,18): 6 micro-faces, world (8268,5036)-(8588,5356)
  region (10,7): 6 micro-faces, world (2829,1517)-(3149,1837)
[face-ppm] Wrote /tmp/face-raster.ppm (3355x2312, downsampled from 3355x2312 by 1)
[face-untangle] 17 target clusters, 25 strays, 1 moved (poly cross 38 → 38, 0 fewer)
[stuck-leaf-2d] pass 1: 0 candidates, 0 moved, 0 cost units resolved.
[stuck-leaf-2d] 0 candidates, 0 moved, 0 cost units resolved (poly cross 38 → 38, 0 fewer)
[hot-region-sa] 0 hot cells (≥4 cross, 38 cross pts), top 0 processed, 0/0 swap accepted (cross 38 → 38, 0 fewer)
