[community] algorithm=louvain communities=52 meta=4
[hub-bias] Super-graph: pushed 2 high-deg cluster roots to 1.4x avgR.
[cg-time] 18ms post-hub-bias
[cg-time] 356ms pre-§10-outward-radial
[cg-time] 356ms pre-§11-compose
[cg-time] 356ms pre-§12-pruning-reattach
[cg-time] 356ms pre-§13-cluster-swap
[cg-time] 425ms pre-§14-chain-straightening
[cg-time] 425ms pre-§15-pruned-cross-min
[§15.5] Optimized 21 alone-root+independent nodes (7 moves).
[cg-time] 427ms pre-bus-bundle
[xings-hotspot] total=150 xings across 89 offending edges (of 167)
  edge app10.M3↔app10.M9 xings=12 cluster=(?,?)
  edge app7.M0↔app7.M3 xings=11 cluster=(_louv_38,?)
  edge app9.M2↔app10.M8 xings=11 cluster=(?,?)
  edge app3.M6↔app3.M9 xings=10 cluster=(?,_louv_7)
  edge core.Hub1↔app11.M0 xings=9 cluster=(?,_louv_48)
  edge app0.M7↔app0.M10 xings=9 cluster=(_louv_6,?)
  edge core.Hub1↔app6.M0 xings=9 cluster=(?,_louv_1)
  edge app3.M0↔app3.M3 xings=8 cluster=(_louv_21,?)
[xings-hotspot] top cluster signatures:
  {?|_louv_43} xings=7
  {?} xings=7
  {?|_louv_1} xings=7
  {?|_louv_43|_louv_7} xings=6
  {?|_louv_38|_louv_43} xings=5
  {?|_louv_24} xings=5
  {?|_louv_2|_louv_39|_louv_7} xings=4
  {?|_louv_6} xings=4
[knot-min] Accepted 15 spatial swaps among 126 candidates.
[knot-min-2opt] Accepted 2 cross-targeted swaps.
[carrier-pre] 173 edges → 103 distinct carriers (cost-side filter).
[leaf-untangle] candidates=65, with-cross=27, moved=21, crossings-resolved=61.
[leaf-untangle] candidates=65, with-cross=16, moved=7, crossings-resolved=16.
[leaf-untangle] candidates=65, with-cross=12, moved=2, crossings-resolved=2.
[leaf-untangle] candidates=65, with-cross=10, moved=2, crossings-resolved=6.
[stuck-leaf-diag] 11 candidates with cost>0 (top 15 below):
  cost=14 deg=3 node=app0.M10 parent=app0.M0 nbrs={app0.M0,app0.M4,app0.M7}
  cost=7 deg=3 node=app10.M3 parent=app10.M0 nbrs={app10.M0,app10.M9,app2.M1}
  cost=6 deg=3 node=app2.M3 parent=app2.M0 nbrs={app2.M0,app2.M4,app11.M12}
  cost=6 deg=2 node=app5.M8 parent=app5.M0 nbrs={app5.M0,app5.M3}
  cost=3 deg=3 node=app2.M4 parent=app2.M0 nbrs={app2.M0,app2.M3,app6.M0}
  cost=3 deg=3 node=app5.M6 parent=app5.M0 nbrs={app5.M0,app5.M10,app0.M13}
  cost=3 deg=3 node=app10.M9 parent=app10.M0 nbrs={app10.M0,app10.M3,app8.M4}
  cost=2 deg=2 node=app4.M10 parent=app1.M2 nbrs={app4.M5,app1.M2}
  cost=1 deg=2 node=app7.M2 parent=app7.M0 nbrs={app7.M0,app7.M8}
  cost=1 deg=3 node=app7.M5 parent=app7.M0 nbrs={app7.M0,app7.M7,app7.M1}
  cost=1 deg=3 node=app7.M8 parent=app7.M0 nbrs={app7.M0,app7.M1,app7.M2}
[pd-knot] 118 polyline cross pairs, 2 resolved via endpoint swap.
[xings-detour] iters=2 initial-poly-pairs=116 accepted=2 (multi-seg, density-aware, polyline detect, iterative).
[visual-knot] 113→113 cross points, 0→0 hot cells (≥3), 0 handled, 0 swap accepted.
[leaf-untangle] candidates=65, with-cross=10, moved=1, crossings-resolved=1.
[leaf-untangle] candidates=65, with-cross=9, moved=0, crossings-resolved=0.
[stuck-leaf-diag] 10 candidates with cost>0 (top 15 below):
  cost=14 deg=3 node=app0.M10 parent=app0.M0 nbrs={app0.M0,app0.M4,app0.M7}
  cost=7 deg=3 node=app10.M3 parent=app10.M0 nbrs={app10.M0,app10.M9,app2.M1}
  cost=6 deg=3 node=app2.M3 parent=app2.M0 nbrs={app2.M0,app2.M4,app11.M12}
  cost=6 deg=2 node=app5.M8 parent=app5.M0 nbrs={app5.M0,app5.M3}
  cost=4 deg=3 node=app7.M8 parent=app7.M0 nbrs={app7.M0,app7.M1,app7.M2}
  cost=3 deg=3 node=app2.M4 parent=app2.M0 nbrs={app2.M0,app2.M3,app6.M0}
  cost=3 deg=3 node=app5.M6 parent=app5.M0 nbrs={app5.M0,app5.M10,app0.M13}
  cost=3 deg=3 node=app10.M9 parent=app10.M0 nbrs={app10.M0,app10.M3,app8.M4}
  cost=2 deg=2 node=app4.M10 parent=app1.M2 nbrs={app4.M5,app1.M2}
  cost=2 deg=3 node=app7.M5 parent=app7.M0 nbrs={app7.M0,app7.M7,app7.M1}
[carrier-cross] segment 113 -> carrier-grouped 97 (-14%). Carriers: 97 total (1 bundle + 71 cluster-pair + 25 individual).
[isolated-stash] Stashed 9 edge-less nodes in 6-column strip at x>=47105.
[face-raster] grid 10185x8811 (cell 5.0x5.0 units), 501 faces, 89459843 bg cells (99.7% of grid)
  face #1: 52625933 cells (58.8%), bbox 10185x8811 @ (0,0)
  face #86: 4293342 cells (4.8%), bbox 3376x3464 @ (5570,2444)
  face #2: 3396805 cells (3.8%), bbox 3854x2104 @ (2315,185)
  face #281: 2369054 cells (2.6%), bbox 2024x2390 @ (4491,5504)
  face #287: 2167337 cells (2.4%), bbox 3201x1700 @ (5735,5666)
  face #41: 1991187 cells (2.2%), bbox 1584x1838 @ (2475,692)
  face #83: 1162737 cells (1.3%), bbox 934x2600 @ (2453,2349)
  face #34: 1071938 cells (1.2%), bbox 2416x4176 @ (312,321)
[face-cohesion] 24 clusters analysed, 9 low-cohesion (<60% in dominant face)
  cohesion histogram:
     30%- 39%: 2 clusters
     40%- 49%: 3 clusters
     50%- 59%: 4 clusters
     60%- 69%: 3 clusters
     80%- 89%: 1 clusters
    100%-100%: 11 clusters
  top 9 low-cohesion clusters (largest first):
    _louv_48: 5 members, 2 in dominant face, 4 faces total (40%)
    _louv_38: 5 members, 2 in dominant face, 3 faces total (40%)
    _louv_21: 5 members, 2 in dominant face, 3 faces total (40%)
    _louv_17: 4 members, 2 in dominant face, 2 faces total (50%)
    _louv_43: 3 members, 1 in dominant face, 3 faces total (33%)
    _louv_41: 3 members, 1 in dominant face, 3 faces total (33%)
    _louv_40: 2 members, 1 in dominant face, 2 faces total (50%)
    _louv_24: 2 members, 1 in dominant face, 2 faces total (50%)
    _louv_1: 2 members, 1 in dominant face, 2 faces total (50%)
[face-density] 331 micro-faces (size<50), top 10 hot regions (macro 64x64 cells):
  region (59,105): 47 micro-faces, world (17705,32701)-(18025,33021)
  region (41,125): 37 micro-faces, world (11945,39100)-(12265,39420)
  region (40,126): 22 micro-faces, world (11625,39420)-(11945,39740)
  region (76,71): 20 micro-faces, world (23145,21822)-(23465,22142)
  region (42,42): 16 micro-faces, world (12265,12543)-(12585,12863)
  region (62,46): 11 micro-faces, world (18665,13823)-(18985,14143)
  region (58,106): 10 micro-faces, world (17385,33021)-(17705,33341)
  region (42,43): 9 micro-faces, world (12265,12863)-(12585,13183)
  region (36,4): 9 micro-faces, world (10345,385)-(10665,705)
  region (70,105): 9 micro-faces, world (21225,32701)-(21545,33021)
[face-ppm] Wrote /tmp/face-raster.ppm (2546x2202, downsampled from 10185x8811 by 4)
[face-untangle] 9 target clusters, 18 strays, 2 moved (poly cross 113 → 108, 5 fewer)
[stuck-leaf-2d] pass 1: 0 candidates, 0 moved, 0 cost units resolved.
[stuck-leaf-2d] 0 candidates, 0 moved, 0 cost units resolved (poly cross 108 → 108, 0 fewer)
[hot-region-sa] 0 hot cells (≥4 cross, 108 cross pts), top 0 processed, 0/0 swap accepted (cross 108 → 108, 0 fewer)
