[community] algorithm=louvain communities=10 meta=3
[hub-bias] Super-graph: pushed 2 high-deg cluster roots to 1.4x avgR.
[cg-time] 0ms post-hub-bias
[cg-time] 0ms pre-§10-outward-radial
[cg-time] 0ms pre-§11-compose
[cg-time] 0ms pre-§12-pruning-reattach
[cg-time] 0ms pre-§13-cluster-swap
[cg-time] 1ms pre-§14-chain-straightening
[cg-time] 1ms pre-§15-pruned-cross-min
[§15.5] Optimized 1 alone-root+independent nodes (0 moves).
[cg-time] 1ms pre-bus-bundle
[xings-hotspot] total=5 xings across 7 offending edges (of 35)
  edge app0.M6↔app0.M9 xings=3 cluster=(_louv_5,_louv_2)
  edge app0.M0↔app0.M4 xings=2 cluster=(_louv_2,_louv_4)
  edge app0.M0↔app0.M5 xings=1 cluster=(_louv_2,_louv_2)
  edge app0.M2↔app0.M9 xings=1 cluster=(_louv_2,_louv_2)
  edge app0.M10↔app0.Log1 xings=1 cluster=(_louv_7,_louv_7)
  edge app1.M0↔app1.M4 xings=1 cluster=(_louv_0,_louv_5)
  edge app1.M2↔app1.M4 xings=1 cluster=(?,_louv_5)
[xings-hotspot] top cluster signatures:
  {?|_louv_2|_louv_5} xings=1
  {_louv_0|_louv_2|_louv_5} xings=1
  {_louv_2} xings=1
  {_louv_2|_louv_4|_louv_5} xings=1
  {_louv_2|_louv_4|_louv_7} xings=1
[knot-min] Accepted 5 spatial swaps among 31 candidates.
[carrier-pre] 36 edges → 19 distinct carriers (cost-side filter).
[leaf-untangle] candidates=21, with-cross=3, moved=3, crossings-resolved=23.
[leaf-untangle] candidates=21, with-cross=3, moved=2, crossings-resolved=2.
[leaf-untangle] candidates=21, with-cross=2, moved=1, crossings-resolved=1.
[leaf-untangle] candidates=21, with-cross=2, moved=0, crossings-resolved=0.
[stuck-leaf-diag] 2 candidates with cost>0 (top 15 below):
  cost=3 deg=3 node=app1.M2 parent=app1.M0 nbrs={app1.M0,app1.M4,app0.M4}
  cost=2 deg=3 node=app0.M9 parent=app0.M0 nbrs={app0.M0,app0.M2,app0.M6}
[pd-knot] 2 polyline cross pairs, 0 resolved via endpoint swap.
[xings-detour] iters=2 initial-poly-pairs=4 accepted=1 (multi-seg, density-aware, polyline detect, iterative).
[visual-knot] 3→3 cross points, 0→0 hot cells (≥3), 0 handled, 0 swap accepted.
[leaf-untangle] candidates=21, with-cross=2, moved=0, crossings-resolved=0.
[stuck-leaf-diag] 2 candidates with cost>0 (top 15 below):
  cost=3 deg=3 node=app1.M2 parent=app1.M0 nbrs={app1.M0,app1.M4,app0.M4}
  cost=2 deg=3 node=app0.M9 parent=app0.M0 nbrs={app0.M0,app0.M2,app0.M6}
[isolated-stash] Stashed 1 edge-less nodes in 6-column strip at x>=6321.
[face-raster] grid 1407x1330 (cell 5.0x5.0 units), 33 faces, 1844404 bg cells (98.6% of grid)
  face #1: 1321321 cells (71.6%), bbox 1407x1330 @ (0,0)
  face #6: 273271 cells (14.8%), bbox 583x834 @ (194,402)
  face #4: 97512 cells (5.3%), bbox 556x436 @ (149,146)
  face #8: 80005 cells (4.3%), bbox 324x498 @ (716,404)
  face #2: 53558 cells (2.9%), bbox 828x567 @ (215,102)
  face #26: 4117 cells (0.2%), bbox 172x263 @ (168,583)
  face #24: 3150 cells (0.2%), bbox 104x73 @ (62,553)
  face #5: 2779 cells (0.2%), bbox 34x207 @ (679,177)
[face-cohesion] 9 clusters analysed, 2 low-cohesion (<60% in dominant face)
  cohesion histogram:
     30%- 39%: 1 clusters
     50%- 59%: 1 clusters
     60%- 69%: 1 clusters
    100%-100%: 6 clusters
  top 2 low-cohesion clusters (largest first):
    _louv_2: 7 members, 4 in dominant face, 4 faces total (57%)
    _louv_0: 3 members, 1 in dominant face, 3 faces total (33%)
[face-density] 14 micro-faces (size<50), top 10 hot regions (macro 64x64 cells):
  region (2,7): 9 micro-faces, world (338,2063)-(658,2382)
  region (5,13): 4 micro-faces, world (1298,3981)-(1618,4301)
  region (10,1): 1 micro-faces, world (2897,144)-(3217,464)
[face-ppm] Wrote /tmp/face-raster.ppm (1407x1330, downsampled from 1407x1330 by 1)
[face-untangle] 2 target clusters, 5 strays, 0 moved (poly cross 3 → 3, 0 fewer)
[stuck-leaf-2d] pass 1: 0 candidates, 0 moved, 0 cost units resolved.
[stuck-leaf-2d] 0 candidates, 0 moved, 0 cost units resolved (poly cross 3 → 3, 0 fewer)
[hot-region-sa] 0 hot cells (≥4 cross, 3 cross pts), top 0 processed, 0/0 swap accepted (cross 3 → 3, 0 fewer)
