[community] algorithm=louvain communities=84 meta=4
[hub-bias] Super-graph: pushed 9 high-deg cluster roots to 1.4x avgR.
[cg-time] 6ms post-hub-bias
[cg-time] 50ms pre-§10-outward-radial
[cg-time] 50ms pre-§11-compose
[cg-time] 50ms pre-§12-pruning-reattach
[cg-time] 51ms pre-§13-cluster-swap
[cg-time] 301ms pre-§14-chain-straightening
[cg-time] 301ms pre-§15-pruned-cross-min
[§15.5] Optimized 23 alone-root+independent nodes (2 moves).
[cg-time] 304ms pre-bus-bundle
[xings-hotspot] total=138 xings across 84 offending edges (of 258)
  edge app7.M1↔app12.M1 xings=14 cluster=(?,_louv_11)
  edge app14.M0↔app17.M3 xings=13 cluster=(?,?)
  edge app6.M0↔app6.M5 xings=12 cluster=(_louv_24,_louv_7)
  edge app13.M2↔app16.M4 xings=11 cluster=(?,_louv_28)
  edge app13.M6↔app16.M2 xings=10 cluster=(?,?)
  edge app19.M0↔app19.M2 xings=10 cluster=(_louv_83,_louv_74)
  edge app12.M6↔app14.M0 xings=8 cluster=(_louv_53,?)
  edge app7.M1↔app13.M6 xings=7 cluster=(?,?)
[xings-hotspot] top cluster signatures:
  {?} xings=6
  {?|_louv_27|_louv_78} xings=4
  {?|_louv_56} xings=4
  {?|_louv_3|_louv_74|_louv_83} xings=4
  {?|_louv_3} xings=4
  {?|_louv_11|_louv_3} xings=3
  {?|_louv_74|_louv_83} xings=3
  {?|_louv_28|_louv_3} xings=3
[bundle-clear] Pushed 8 nodes off bundle bboxes.
[knot-min] Accepted 25 spatial swaps among 213 candidates.
[knot-min-2opt] Accepted 1 cross-targeted swaps.
[carrier-pre] 261 edges → 158 distinct carriers (cost-side filter).
[leaf-untangle] candidates=133, with-cross=35, moved=32, crossings-resolved=108.
[leaf-untangle] candidates=133, with-cross=18, moved=3, crossings-resolved=14.
[leaf-untangle] candidates=133, with-cross=17, moved=3, crossings-resolved=7.
[leaf-untangle] candidates=133, with-cross=15, moved=1, crossings-resolved=1.
[stuck-leaf-diag] 20 candidates with cost>0 (top 15 below):
  cost=6 deg=3 node=app13.M5 parent=app0.M2 nbrs={app13.M0,app13.M2,app0.M2}
  cost=6 deg=2 node=app15.M2 parent=app15.M0 nbrs={app15.M0,app15.M14}
  cost=4 deg=2 node=app5.M1 parent=app5.M0 nbrs={app5.M0,app1.M1}
  cost=3 deg=2 node=app4.M2 parent=app4.M0 nbrs={app4.M0,app16.M3}
  cost=3 deg=2 node=app6.M1 parent=app6.M0 nbrs={app6.M0,app8.M3}
  cost=3 deg=2 node=app10.M3 parent=app10.M0 nbrs={app10.M0,app10.M4}
  cost=3 deg=2 node=app15.M6 parent=app15.M0 nbrs={app15.M0,app15.M11}
  cost=3 deg=1 node=app15.M9 parent=app15.M0 nbrs={app15.M0}
  cost=3 deg=3 node=app17.M5 parent=app17.M0 nbrs={app17.M0,app17.M9,app17.M11}
  cost=3 deg=1 node=app15.Note18 parent=app15.M13 nbrs={app15.M13}
  cost=3 deg=1 node=app15.File38 parent=app15.M13 nbrs={app15.M13}
  cost=2 deg=2 node=app3.M0 parent=app3.M3 nbrs={app3.M3,app3.M2}
  cost=2 deg=2 node=app3.M3 parent=app3.M0 nbrs={app3.M0,app8.M11}
  cost=2 deg=2 node=app5.M10 parent=app5.M0 nbrs={app5.M0,app5.M12}
  cost=2 deg=2 node=app5.M12 parent=app5.M0 nbrs={app5.M0,app5.M10}
[pd-knot] 92 polyline cross pairs, 2 resolved via endpoint swap.
[xings-detour] iters=2 initial-poly-pairs=94 accepted=3 (multi-seg, density-aware, polyline detect, iterative).
[visual-knot] 89→89 cross points, 6→6 hot cells (≥3), 6 handled, 0 swap accepted.
[leaf-untangle] candidates=133, with-cross=19, moved=4, crossings-resolved=15.
[leaf-untangle] candidates=133, with-cross=15, moved=1, crossings-resolved=3.
[leaf-untangle] candidates=133, with-cross=15, moved=0, crossings-resolved=0.
[stuck-leaf-diag] 20 candidates with cost>0 (top 15 below):
  cost=6 deg=3 node=app13.M5 parent=app0.M2 nbrs={app13.M0,app13.M2,app0.M2}
  cost=6 deg=2 node=app15.M2 parent=app15.M0 nbrs={app15.M0,app15.M14}
  cost=4 deg=2 node=app5.M1 parent=app5.M0 nbrs={app5.M0,app1.M1}
  cost=3 deg=2 node=app6.M1 parent=app6.M0 nbrs={app6.M0,app8.M3}
  cost=3 deg=2 node=app10.M3 parent=app10.M0 nbrs={app10.M0,app10.M4}
  cost=3 deg=2 node=app15.M6 parent=app15.M0 nbrs={app15.M0,app15.M11}
  cost=3 deg=1 node=app15.M9 parent=app15.M0 nbrs={app15.M0}
  cost=3 deg=3 node=app17.M5 parent=app17.M0 nbrs={app17.M0,app17.M9,app17.M11}
  cost=3 deg=1 node=app15.Note18 parent=app15.M13 nbrs={app15.M13}
  cost=3 deg=1 node=app15.File38 parent=app15.M13 nbrs={app15.M13}
  cost=2 deg=2 node=app3.M0 parent=app3.M3 nbrs={app3.M3,app3.M2}
  cost=2 deg=2 node=app3.M3 parent=app3.M0 nbrs={app3.M0,app8.M11}
  cost=2 deg=2 node=app5.M10 parent=app5.M0 nbrs={app5.M0,app5.M12}
  cost=2 deg=2 node=app5.M12 parent=app5.M0 nbrs={app5.M0,app5.M10}
  cost=1 deg=2 node=app4.M2 parent=app4.M0 nbrs={app4.M0,app16.M3}
[carrier-cross] segment 88 -> carrier-grouped 82 (-7%). Carriers: 154 total (1 bundle + 101 cluster-pair + 52 individual).
[isolated-stash] Stashed 9 edge-less nodes in 6-column strip at x>=24282.
[face-raster] grid 4837x4538 (cell 5.0x5.0 units), 519 faces, 21729445 bg cells (99.0% of grid)
  face #1: 18141830 cells (83.5%), bbox 4837x4538 @ (0,0)
  face #197: 433737 cells (2.0%), bbox 1006x1148 @ (1432,2626)
  face #112: 382239 cells (1.8%), bbox 1155x1620 @ (359,2268)
  face #80: 308223 cells (1.4%), bbox 1124x1730 @ (356,2158)
  face #15: 221856 cells (1.0%), bbox 505x648 @ (1831,1574)
  face #419: 207690 cells (1.0%), bbox 905x812 @ (371,3309)
  face #424: 176519 cells (0.8%), bbox 542x844 @ (710,3479)
  face #40: 161801 cells (0.7%), bbox 1415x626 @ (2535,1769)
[face-cohesion] 55 clusters analysed, 15 low-cohesion (<60% in dominant face)
  cohesion histogram:
     30%- 39%: 5 clusters
     40%- 49%: 2 clusters
     50%- 59%: 8 clusters
     60%- 69%: 12 clusters
     70%- 79%: 1 clusters
     80%- 89%: 1 clusters
    100%-100%: 26 clusters
  top 10 low-cohesion clusters (largest first):
    _louv_60: 5 members, 2 in dominant face, 4 faces total (40%)
    _louv_51: 5 members, 2 in dominant face, 4 faces total (40%)
    _louv_83: 3 members, 1 in dominant face, 3 faces total (33%)
    _louv_67: 3 members, 1 in dominant face, 3 faces total (33%)
    _louv_24: 3 members, 1 in dominant face, 3 faces total (33%)
    _louv_3: 3 members, 1 in dominant face, 3 faces total (33%)
    _louv_0: 3 members, 1 in dominant face, 3 faces total (33%)
    _louv_64: 2 members, 1 in dominant face, 2 faces total (50%)
    _louv_62: 2 members, 1 in dominant face, 2 faces total (50%)
    _louv_57: 2 members, 1 in dominant face, 2 faces total (50%)
[face-density] 338 micro-faces (size<50), top 10 hot regions (macro 64x64 cells):
  region (27,46): 34 micro-faces, world (10736,14235)-(11056,14555)
  region (7,58): 29 micro-faces, world (4337,18075)-(4657,18395)
  region (7,57): 22 micro-faces, world (4337,17755)-(4657,18075)
  region (31,43): 22 micro-faces, world (12016,13275)-(12336,13595)
  region (28,48): 17 micro-faces, world (11056,14875)-(11376,15195)
  region (37,40): 15 micro-faces, world (13936,12316)-(14256,12635)
  region (39,37): 11 micro-faces, world (14576,11356)-(14896,11676)
  region (28,45): 10 micro-faces, world (11056,13915)-(11376,14235)
  region (6,58): 8 micro-faces, world (4017,18075)-(4337,18395)
  region (24,47): 8 micro-faces, world (9777,14555)-(10097,14875)
[face-ppm] Wrote /tmp/face-raster.ppm (2418x2269, downsampled from 4837x4538 by 2)
[face-untangle] 17 target clusters, 28 strays, 0 moved (poly cross 88 → 88, 0 fewer)
[stuck-leaf-2d] pass 1: 1 candidates, 0 moved, 0 cost units resolved.
[stuck-leaf-2d] 1 candidates, 0 moved, 0 cost units resolved (poly cross 88 → 88, 0 fewer)
[hot-region-sa] 6 hot cells (≥4 cross, 88 cross pts), top 5 processed, 91/547 swap accepted (cross 88 → 88, 0 fewer)
