[community] algorithm=louvain communities=56 meta=3
[hub-bias] Super-graph: pushed 5 high-deg cluster roots to 1.4x avgR.
[cg-time] 2ms post-hub-bias
[cg-time] 6ms pre-§10-outward-radial
[cg-time] 6ms pre-§11-compose
[cg-time] 6ms pre-§12-pruning-reattach
[cg-time] 6ms pre-§13-cluster-swap
[cg-time] 79ms pre-§14-chain-straightening
[cg-time] 79ms pre-§15-pruned-cross-min
[§15.5] Optimized 24 alone-root+independent nodes (4 moves).
[cg-time] 82ms pre-bus-bundle
[bus-bundle] Created 1 bus bundles (2 members, sig ≥ 2 roots).
[xings-hotspot] total=71 xings across 50 offending edges (of 173)
  edge core.Hub0↔app4.M0 xings=11 cluster=(_louv_0,_louv_22)
  edge app4.M2↔app10.M2 xings=8 cluster=(?,_louv_29)
  edge core.Hub1↔app11.M0 xings=7 cluster=(?,_louv_47)
  edge core.Hub0↔app1.M0 xings=6 cluster=(_louv_0,_louv_4)
  edge app5.M1↔app9.M0 xings=6 cluster=(?,_louv_41)
  edge core.Hub1↔app6.M0 xings=6 cluster=(?,_louv_27)
  edge app0.M2↔app12.M2 xings=6 cluster=(_louv_2,?)
  edge app3.M1↔app12.M1 xings=5 cluster=(?,?)
[xings-hotspot] top cluster signatures:
  {?|_louv_4} xings=5
  {?|_louv_41} xings=4
  {?|_louv_0|_louv_22|_louv_41} xings=3
  {?|_louv_22|_louv_4} xings=3
  {?|_louv_22|_louv_30} xings=3
  {?|_louv_0|_louv_4|_louv_47} xings=3
  {?|_louv_10|_louv_22} xings=2
  {?|_louv_0|_louv_22} xings=2
[knot-min] Accepted 20 spatial swaps among 147 candidates.
[carrier-pre] 175 edges → 98 distinct carriers (cost-side filter).
[leaf-untangle] candidates=101, with-cross=26, moved=23, crossings-resolved=66.
[leaf-untangle] candidates=101, with-cross=10, moved=7, crossings-resolved=20.
[leaf-untangle] candidates=101, with-cross=6, moved=3, crossings-resolved=9.
[leaf-untangle] candidates=101, with-cross=2, moved=0, crossings-resolved=0.
[stuck-leaf-diag] 3 candidates with cost>0 (top 15 below):
  cost=5 deg=3 node=app4.M2 parent=app4.M0 nbrs={app4.M0,app4.M1,app10.M2}
  cost=4 deg=2 node=app9.M10 parent=app9.M0 nbrs={app9.M0,app9.M1}
  cost=3 deg=1 node=app1.M9 parent=app1.M0 nbrs={app1.M0}
[pd-knot] 53 polyline cross pairs, 1 resolved via endpoint swap.
[xings-detour] iters=2 initial-poly-pairs=50 accepted=1 (multi-seg, density-aware, polyline detect, iterative).
[visual-knot] 46→45 cross points, 3→2 hot cells (≥3), 5 handled, 1 swap accepted.
[leaf-untangle] candidates=101, with-cross=7, moved=3, crossings-resolved=9.
[leaf-untangle] candidates=101, with-cross=4, moved=1, crossings-resolved=3.
[leaf-untangle] candidates=101, with-cross=4, moved=0, crossings-resolved=0.
[stuck-leaf-diag] 5 candidates with cost>0 (top 15 below):
  cost=6 deg=3 node=app4.M2 parent=app4.M0 nbrs={app4.M0,app4.M1,app10.M2}
  cost=4 deg=2 node=app9.M10 parent=app9.M0 nbrs={app9.M0,app9.M1}
  cost=3 deg=1 node=app1.M9 parent=app1.M0 nbrs={app1.M0}
  cost=1 deg=2 node=app5.M2 parent=app5.M0 nbrs={app5.M0,app5.Asset34}
  cost=1 deg=2 node=app5.M3 parent=app5.M0 nbrs={app5.M0,app5.Asset15}
[carrier-cross] segment 47 -> carrier-grouped 40 (-15%). Carriers: 96 total (2 bundle + 55 cluster-pair + 39 individual).
[isolated-stash] Stashed 4 edge-less nodes in 6-column strip at x>=47626.
[face-raster] grid 10137x5882 (cell 5.0x5.0 units), 351 faces, 59456765 bg cells (99.7% of grid)
  face #1: 52501350 cells (88.3%), bbox 10137x5882 @ (0,0)
  face #243: 1306738 cells (2.2%), bbox 1756x1439 @ (7736,3814)
  face #247: 955888 cells (1.6%), bbox 1622x1293 @ (6273,3960)
  face #27: 656372 cells (1.1%), bbox 1365x1510 @ (8134,2444)
  face #2: 553453 cells (0.9%), bbox 1882x647 @ (5749,2203)
  face #45: 374826 cells (0.6%), bbox 865x1122 @ (7728,2633)
  face #236: 373593 cells (0.6%), bbox 1371x925 @ (5781,3766)
  face #80: 324422 cells (0.5%), bbox 720x922 @ (8117,2931)
[face-cohesion] 39 clusters analysed, 9 low-cohesion (<60% in dominant face)
  cohesion histogram:
     20%- 29%: 1 clusters
     30%- 39%: 1 clusters
     50%- 59%: 7 clusters
     60%- 69%: 6 clusters
     80%- 89%: 2 clusters
    100%-100%: 22 clusters
  top 9 low-cohesion clusters (largest first):
    _louv_47: 6 members, 3 in dominant face, 4 faces total (50%)
    _louv_41: 4 members, 1 in dominant face, 4 faces total (25%)
    _louv_2: 3 members, 1 in dominant face, 3 faces total (33%)
    _louv_43: 2 members, 1 in dominant face, 2 faces total (50%)
    _louv_38: 2 members, 1 in dominant face, 2 faces total (50%)
    _louv_22: 2 members, 1 in dominant face, 2 faces total (50%)
    _louv_3: 2 members, 1 in dominant face, 2 faces total (50%)
    _louv_42: 2 members, 1 in dominant face, 2 faces total (50%)
    _louv_0: 2 members, 1 in dominant face, 2 faces total (50%)
[face-density] 240 micro-faces (size<50), top 10 hot regions (macro 64x64 cells):
  region (90,73): 39 micro-faces, world (27775,22745)-(28095,23065)
  region (111,53): 26 micro-faces, world (34494,16345)-(34814,16665)
  region (117,47): 16 micro-faces, world (36414,14425)-(36734,14745)
  region (104,70): 15 micro-faces, world (32254,21785)-(32574,22105)
  region (91,73): 14 micro-faces, world (28095,22745)-(28415,23065)
  region (90,35): 9 micro-faces, world (27775,10586)-(28095,10906)
  region (117,41): 9 micro-faces, world (36414,12505)-(36734,12825)
  region (116,46): 9 micro-faces, world (36094,14105)-(36414,14425)
  region (102,58): 9 micro-faces, world (31614,17945)-(31934,18265)
  region (122,39): 7 micro-faces, world (38014,11865)-(38334,12185)
[face-ppm] Wrote /tmp/face-raster.ppm (2534x1470, downsampled from 10137x5882 by 4)
[face-untangle] 8 target clusters, 11 strays, 0 moved (poly cross 44 → 44, 0 fewer)
[stuck-leaf-2d] pass 1: 0 candidates, 0 moved, 0 cost units resolved.
[stuck-leaf-2d] 0 candidates, 0 moved, 0 cost units resolved (poly cross 44 → 44, 0 fewer)
[hot-region-sa] 2 hot cells (≥4 cross, 44 cross pts), top 2 processed, 10/341 swap accepted (cross 44 → 43, 1 fewer)
