[community] algorithm=louvain communities=69 meta=3
[hub-bias] Super-graph: pushed 6 high-deg cluster roots to 1.4x avgR.
[cg-time] 2ms post-hub-bias
[cg-time] 11ms pre-§10-outward-radial
[cg-time] 11ms pre-§11-compose
[cg-time] 11ms pre-§12-pruning-reattach
[cg-time] 11ms pre-§13-cluster-swap
[cg-time] 137ms pre-§14-chain-straightening
[cg-time] 137ms pre-§15-pruned-cross-min
[§15.5] Optimized 15 alone-root+independent nodes (8 moves).
[cg-time] 139ms pre-bus-bundle
[xings-hotspot] total=100 xings across 66 offending edges (of 186)
  edge core.Hub1↔app5.M0 xings=12 cluster=(_louv_1,_louv_29)
  edge core.Hub0↔app3.M0 xings=11 cluster=(?,_louv_20)
  edge app1.M2↔app10.M12 xings=9 cluster=(_louv_8,_louv_59)
  edge core.Hub1↔app7.M0 xings=7 cluster=(_louv_1,_louv_42)
  edge app12.M0↔app12.M4 xings=7 cluster=(_louv_65,?)
  edge app10.M0↔app12.M0 xings=7 cluster=(_louv_40,_louv_65)
  edge app6.M4↔app12.M7 xings=7 cluster=(_louv_36,?)
  edge app5.M6↔app13.M3 xings=7 cluster=(?,?)
[xings-hotspot] top cluster signatures:
  {?|_louv_65} xings=6
  {?|_louv_0|_louv_42} xings=4
  {?|_louv_1|_louv_29|_louv_65} xings=4
  {?|_louv_1|_louv_29} xings=3
  {?|_louv_59|_louv_8} xings=3
  {?|_louv_42|_louv_46} xings=3
  {?|_louv_20} xings=3
  {?} xings=2
[knot-min] Accepted 19 spatial swaps among 157 candidates.
[carrier-pre] 188 edges → 119 distinct carriers (cost-side filter).
[leaf-untangle] candidates=88, with-cross=25, moved=21, crossings-resolved=57.
[leaf-untangle] candidates=88, with-cross=13, moved=6, crossings-resolved=18.
[leaf-untangle] candidates=88, with-cross=11, moved=1, crossings-resolved=1.
[leaf-untangle] candidates=88, with-cross=10, moved=0, crossings-resolved=0.
[stuck-leaf-diag] 15 candidates with cost>0 (top 15 below):
  cost=15 deg=2 node=app3.M5 parent=app3.M0 nbrs={app3.M0,app9.M0}
  cost=12 deg=3 node=app12.M4 parent=app12.M0 nbrs={app12.M0,app12.M5,app6.M2}
  cost=9 deg=2 node=app3.M10 parent=app3.M0 nbrs={app3.M0,app3.Tag13}
  cost=8 deg=2 node=app3.M3 parent=app3.M0 nbrs={app3.M0,app3.M12}
  cost=7 deg=3 node=app12.M5 parent=app12.M0 nbrs={app12.M0,app12.M7,app12.M4}
  cost=6 deg=2 node=app3.M6 parent=app3.M0 nbrs={app3.M0,app3.M8}
  cost=5 deg=3 node=app12.M9 parent=app12.M0 nbrs={app12.M0,app12.M7,app1.M10}
  cost=3 deg=2 node=app3.M8 parent=app3.M0 nbrs={app3.M0,app3.M6}
  cost=3 deg=2 node=app6.M1 parent=app6.M0 nbrs={app6.M0,app5.M2}
  cost=2 deg=2 node=app7.M11 parent=app7.M0 nbrs={app7.M0,app5.M0}
  cost=2 deg=2 node=app10.M7 parent=app10.M0 nbrs={app10.M0,app13.M5}
  cost=2 deg=2 node=app13.M5 parent=app13.M0 nbrs={app13.M0,app10.M7}
  cost=1 deg=2 node=app1.M8 parent=app1.M0 nbrs={app1.M0,app1.M11}
  cost=1 deg=2 node=app4.M2 parent=app4.M0 nbrs={app4.M0,app0.M5}
  cost=1 deg=2 node=app12.M1 parent=app7.M4 nbrs={app7.M4,app9.M10}
[pd-knot] 74 polyline cross pairs, 1 resolved via endpoint swap.
[xings-detour] iters=1 initial-poly-pairs=72 accepted=0 (multi-seg, density-aware, polyline detect, iterative).
[visual-knot] 71→71 cross points, 4→4 hot cells (≥3), 4 handled, 0 swap accepted.
[leaf-untangle] candidates=88, with-cross=13, moved=3, crossings-resolved=12.
[leaf-untangle] candidates=88, with-cross=10, moved=0, crossings-resolved=0.
[stuck-leaf-diag] 15 candidates with cost>0 (top 15 below):
  cost=15 deg=2 node=app3.M5 parent=app3.M0 nbrs={app3.M0,app9.M0}
  cost=9 deg=2 node=app3.M10 parent=app3.M0 nbrs={app3.M0,app3.Tag13}
  cost=9 deg=3 node=app12.M4 parent=app12.M0 nbrs={app12.M0,app12.M5,app6.M2}
  cost=8 deg=2 node=app3.M3 parent=app3.M0 nbrs={app3.M0,app3.M12}
  cost=6 deg=2 node=app3.M6 parent=app3.M0 nbrs={app3.M0,app3.M8}
  cost=6 deg=3 node=app12.M9 parent=app12.M0 nbrs={app12.M0,app12.M7,app1.M10}
  cost=4 deg=3 node=app12.M5 parent=app12.M0 nbrs={app12.M0,app12.M7,app12.M4}
  cost=3 deg=2 node=app3.M8 parent=app3.M0 nbrs={app3.M0,app3.M6}
  cost=3 deg=2 node=app6.M1 parent=app6.M0 nbrs={app6.M0,app5.M2}
  cost=2 deg=2 node=app7.M11 parent=app7.M0 nbrs={app7.M0,app5.M0}
  cost=2 deg=2 node=app10.M7 parent=app10.M0 nbrs={app10.M0,app13.M5}
  cost=2 deg=2 node=app13.M5 parent=app13.M0 nbrs={app13.M0,app10.M7}
  cost=1 deg=2 node=app1.M8 parent=app1.M0 nbrs={app1.M0,app1.M11}
  cost=1 deg=2 node=app4.M2 parent=app4.M0 nbrs={app4.M0,app0.M5}
  cost=1 deg=2 node=app12.M1 parent=app7.M4 nbrs={app7.M4,app9.M10}
[carrier-cross] segment 73 -> carrier-grouped 68 (-7%). Carriers: 120 total (1 bundle + 78 cluster-pair + 41 individual).
[isolated-stash] Stashed 15 edge-less nodes in 6-column strip at x>=24262.
[face-raster] grid 5394x6791 (cell 5.0x5.0 units), 305 faces, 36453185 bg cells (99.5% of grid)
  face #1: 31823446 cells (87.3%), bbox 5394x6791 @ (0,0)
  face #26: 1227182 cells (3.4%), bbox 1445x2712 @ (207,3871)
  face #6: 302247 cells (0.8%), bbox 900x628 @ (213,3538)
  face #5: 288138 cells (0.8%), bbox 733x873 @ (1552,3413)
  face #33: 279487 cells (0.8%), bbox 942x967 @ (2142,4049)
  face #4: 212266 cells (0.6%), bbox 760x583 @ (782,3263)
  face #37: 150018 cells (0.4%), bbox 531x557 @ (1770,4247)
  face #13: 104099 cells (0.3%), bbox 420x819 @ (1076,3724)
[face-cohesion] 40 clusters analysed, 12 low-cohesion (<60% in dominant face)
  cohesion histogram:
     20%- 29%: 1 clusters
     30%- 39%: 3 clusters
     50%- 59%: 8 clusters
     60%- 69%: 4 clusters
     70%- 79%: 3 clusters
    100%-100%: 21 clusters
  top 10 low-cohesion clusters (largest first):
    _louv_20: 6 members, 2 in dominant face, 4 faces total (33%)
    _louv_23: 4 members, 2 in dominant face, 3 faces total (50%)
    _louv_48: 4 members, 2 in dominant face, 3 faces total (50%)
    _louv_2: 4 members, 1 in dominant face, 4 faces total (25%)
    _louv_0: 4 members, 2 in dominant face, 2 faces total (50%)
    _louv_36: 3 members, 1 in dominant face, 3 faces total (33%)
    _louv_65: 3 members, 1 in dominant face, 3 faces total (33%)
    _louv_54: 2 members, 1 in dominant face, 2 faces total (50%)
    _louv_30: 2 members, 1 in dominant face, 2 faces total (50%)
    _louv_59: 2 members, 1 in dominant face, 2 faces total (50%)
[face-density] 161 micro-faces (size<50), top 10 hot regions (macro 64x64 cells):
  region (15,81): 33 micro-faces, world (4233,25218)-(4553,25538)
  region (15,77): 12 micro-faces, world (4233,23938)-(4553,24258)
  region (15,78): 10 micro-faces, world (4233,24258)-(4553,24578)
  region (35,66): 9 micro-faces, world (10632,20418)-(10952,20738)
  region (14,67): 9 micro-faces, world (3913,20738)-(4233,21058)
  region (35,79): 8 micro-faces, world (10632,24578)-(10952,24898)
  region (27,73): 8 micro-faces, world (8072,22658)-(8392,22978)
  region (35,75): 6 micro-faces, world (10632,23298)-(10952,23618)
  region (24,58): 5 micro-faces, world (7112,17858)-(7432,18178)
  region (18,79): 4 micro-faces, world (5193,24578)-(5513,24898)
[face-ppm] Wrote /tmp/face-raster.ppm (2697x3395, downsampled from 5394x6791 by 2)
[face-untangle] 12 target clusters, 21 strays, 1 moved (poly cross 72 → 71, 1 fewer)
[stuck-leaf-2d] pass 1: 0 candidates, 0 moved, 0 cost units resolved.
[stuck-leaf-2d] 0 candidates, 0 moved, 0 cost units resolved (poly cross 71 → 71, 0 fewer)
[hot-region-sa] 3 hot cells (≥4 cross, 71 cross pts), top 3 processed, 10/99 swap accepted (cross 71 → 71, 0 fewer)
