[community] algorithm=louvain communities=29 meta=3
[hub-bias] Super-graph: pushed 2 high-deg cluster roots to 1.4x avgR.
[cg-time] 1ms post-hub-bias
[cg-time] 2ms pre-§10-outward-radial
[cg-time] 2ms pre-§11-compose
[cg-time] 2ms pre-§12-pruning-reattach
[cg-time] 2ms pre-§13-cluster-swap
[cg-time] 16ms pre-§14-chain-straightening
[cg-time] 16ms pre-§15-pruned-cross-min
[§15.5] Optimized 7 alone-root+independent nodes (2 moves).
[cg-time] 17ms pre-bus-bundle
[xings-hotspot] total=43 xings across 35 offending edges (of 88)
  edge app2.M2↔app3.M9 xings=7 cluster=(_louv_2,?)
  edge app1.M0↔app3.M0 xings=5 cluster=(_louv_5,_louv_12)
  edge app3.M0↔app3.M2 xings=5 cluster=(_louv_12,?)
  edge app2.M2↔app5.M3 xings=5 cluster=(_louv_2,?)
  edge app0.M3↔app6.M8 xings=5 cluster=(_louv_1,_louv_10)
  edge app5.M0↔app5.M3 xings=4 cluster=(_louv_7,?)
  edge core.Hub0↔app4.M0 xings=4 cluster=(?,_louv_6)
  edge app0.M1↔app5.M4 xings=4 cluster=(_louv_2,_louv_2)
[xings-hotspot] top cluster signatures:
  {?|_louv_2} xings=6
  {?|_louv_12|_louv_2} xings=3
  {?|_louv_1|_louv_2} xings=3
  {?|_louv_1|_louv_10|_louv_2} xings=2
  {?|_louv_5|_louv_6} xings=2
  {?|_louv_2|_louv_24} xings=2
  {?|_louv_23|_louv_7} xings=2
  {?|_louv_1|_louv_12} xings=2
[knot-min] Accepted 13 spatial swaps among 66 candidates.
[carrier-pre] 90 edges → 47 distinct carriers (cost-side filter).
[leaf-untangle] candidates=43, with-cross=13, moved=12, crossings-resolved=34.
[leaf-untangle] candidates=43, with-cross=6, moved=2, crossings-resolved=3.
[leaf-untangle] candidates=43, with-cross=5, moved=0, crossings-resolved=0.
[stuck-leaf-diag] 7 candidates with cost>0 (top 15 below):
  cost=4 deg=2 node=app3.M1 parent=app3.M0 nbrs={app3.M0,app3.M2}
  cost=4 deg=2 node=app6.M3 parent=app6.M0 nbrs={app6.M0,app6.Asset0}
  cost=3 deg=2 node=app3.M9 parent=app3.M0 nbrs={app3.M0,app2.M2}
  cost=3 deg=2 node=app6.M7 parent=app6.M0 nbrs={app6.M0,app6.File3}
  cost=2 deg=3 node=app1.M2 parent=app1.M0 nbrs={app1.M0,app5.M0,app5.M7}
  cost=1 deg=3 node=app0.M5 parent=app0.M3 nbrs={app0.M0,app0.M3,app5.M4}
  cost=1 deg=2 node=app2.M0 parent=app2.M2 nbrs={app2.M1,app2.M2}
[pd-knot] 14 polyline cross pairs, 0 resolved via endpoint swap.
[xings-detour] iters=2 initial-poly-pairs=16 accepted=3 (multi-seg, density-aware, polyline detect, iterative).
[visual-knot] 13→13 cross points, 1→1 hot cells (≥3), 1 handled, 0 swap accepted.
[leaf-untangle] candidates=43, with-cross=5, moved=0, crossings-resolved=0.
[stuck-leaf-diag] 7 candidates with cost>0 (top 15 below):
  cost=4 deg=2 node=app3.M1 parent=app3.M0 nbrs={app3.M0,app3.M2}
  cost=4 deg=2 node=app6.M3 parent=app6.M0 nbrs={app6.M0,app6.Asset0}
  cost=3 deg=2 node=app3.M9 parent=app3.M0 nbrs={app3.M0,app2.M2}
  cost=3 deg=2 node=app6.M7 parent=app6.M0 nbrs={app6.M0,app6.File3}
  cost=2 deg=3 node=app1.M2 parent=app1.M0 nbrs={app1.M0,app5.M0,app5.M7}
  cost=1 deg=3 node=app0.M5 parent=app0.M3 nbrs={app0.M0,app0.M3,app5.M4}
  cost=1 deg=2 node=app2.M0 parent=app2.M2 nbrs={app2.M1,app2.M2}
[carrier-cross] segment 13 -> carrier-grouped 11 (-15%). Carriers: 48 total (2 bundle + 27 cluster-pair + 19 individual).
[isolated-stash] Stashed 5 edge-less nodes in 6-column strip at x>=18581.
[face-raster] grid 4168x4409 (cell 5.0x5.0 units), 234 faces, 18289729 bg cells (99.5% of grid)
  face #1: 16451433 cells (89.9%), bbox 4168x4409 @ (0,0)
  face #5: 381484 cells (2.1%), bbox 638x1388 @ (1750,151)
  face #7: 365183 cells (2.0%), bbox 1253x1432 @ (1754,152)
  face #4: 360660 cells (2.0%), bbox 526x1377 @ (1255,151)
  face #141: 194781 cells (1.1%), bbox 559x588 @ (1127,1425)
  face #3: 103238 cells (0.6%), bbox 505x1258 @ (1241,151)
  face #139: 82111 cells (0.4%), bbox 738x274 @ (1709,1418)
  face #196: 75782 cells (0.4%), bbox 387x535 @ (1000,1967)
[face-cohesion] 19 clusters analysed, 4 low-cohesion (<60% in dominant face)
  cohesion histogram:
     30%- 39%: 1 clusters
     50%- 59%: 3 clusters
     60%- 69%: 3 clusters
     70%- 79%: 1 clusters
    100%-100%: 11 clusters
  top 4 low-cohesion clusters (largest first):
    _louv_12: 4 members, 2 in dominant face, 3 faces total (50%)
    _louv_2: 3 members, 1 in dominant face, 3 faces total (33%)
    _louv_11: 2 members, 1 in dominant face, 2 faces total (50%)
    _louv_18: 2 members, 1 in dominant face, 2 faces total (50%)
[face-density] 193 micro-faces (size<50), top 10 hot regions (macro 64x64 cells):
  region (21,20): 28 micro-faces, world (6271,5922)-(6591,6242)
  region (22,20): 27 micro-faces, world (6591,5922)-(6911,6242)
  region (22,33): 26 micro-faces, world (6591,10082)-(6911,10402)
  region (23,19): 18 micro-faces, world (6911,5602)-(7231,5922)
  region (22,19): 16 micro-faces, world (6591,5602)-(6911,5922)
  region (20,21): 12 micro-faces, world (5951,6242)-(6271,6562)
  region (37,26): 12 micro-faces, world (11391,7842)-(11711,8162)
  region (19,21): 7 micro-faces, world (5631,6242)-(5951,6562)
  region (22,34): 6 micro-faces, world (6591,10402)-(6911,10721)
  region (38,26): 5 micro-faces, world (11711,7842)-(12030,8162)
[face-ppm] Wrote /tmp/face-raster.ppm (2084x2204, downsampled from 4168x4409 by 2)
[face-untangle] 4 target clusters, 6 strays, 0 moved (poly cross 13 → 13, 0 fewer)
[stuck-leaf-2d] pass 1: 0 candidates, 0 moved, 0 cost units resolved.
[stuck-leaf-2d] 0 candidates, 0 moved, 0 cost units resolved (poly cross 13 → 13, 0 fewer)
[hot-region-sa] 1 hot cells (≥4 cross, 13 cross pts), top 1 processed, 7/176 swap accepted (cross 13 → 13, 0 fewer)
