[community] algorithm=louvain communities=12 meta=2
[hub-bias] Super-graph: pushed 3 high-deg cluster roots to 1.4x avgR.
[cg-time] 0ms post-hub-bias
[cg-time] 0ms pre-§10-outward-radial
[cg-time] 0ms pre-§11-compose
[cg-time] 0ms pre-§12-pruning-reattach
[cg-time] 0ms pre-§13-cluster-swap
[cg-time] 0ms pre-§14-chain-straightening
[cg-time] 0ms pre-§15-pruned-cross-min
[§15.5] Optimized 3 alone-root+independent nodes (0 moves).
[cg-time] 0ms pre-bus-bundle
[xings-hotspot] total=7 xings across 8 offending edges (of 58)
  edge app0.M0↔app1.M4 xings=3 cluster=(_louv_1,_louv_7)
  edge app0.M1↔app0.M2 xings=2 cluster=(_louv_2,_louv_3)
  edge app0.M1↔app2.M0 xings=2 cluster=(_louv_2,_louv_9)
  edge app0.M2↔app1.M5 xings=2 cluster=(_louv_3,_louv_8)
  edge app1.M0↔app2.M2 xings=2 cluster=(?,_louv_11)
  edge app0.M0↔app2.M2 xings=1 cluster=(_louv_1,_louv_11)
  edge app0.M2↔app1.M0 xings=1 cluster=(_louv_3,?)
  edge app1.M0↔app1.M4 xings=1 cluster=(?,_louv_7)
[xings-hotspot] top cluster signatures:
  {?|_louv_11|_louv_2|_louv_3} xings=1
  {?|_louv_11|_louv_2|_louv_9} xings=1
  {?|_louv_1|_louv_3|_louv_7} xings=1
  {?|_louv_3|_louv_7|_louv_8} xings=1
  {_louv_1|_louv_11|_louv_2|_louv_9} xings=1
  {_louv_1|_louv_2|_louv_3|_louv_7} xings=1
  {_louv_1|_louv_3|_louv_7|_louv_8} xings=1
[knot-min] Accepted 2 spatial swaps among 27 candidates.
[carrier-pre] 58 edges → 25 distinct carriers (cost-side filter).
[leaf-untangle] candidates=20, with-cross=2, moved=2, crossings-resolved=6.
[leaf-untangle] candidates=20, with-cross=0, moved=0, crossings-resolved=0.
[stuck-leaf-diag] 0 candidates with cost>0 (top 15 below):
[pd-knot] 6 polyline cross pairs, 0 resolved via endpoint swap.
[xings-detour] iters=1 initial-poly-pairs=6 accepted=0 (multi-seg, density-aware, polyline detect, iterative).
[visual-knot] 6→6 cross points, 0→0 hot cells (≥3), 0 handled, 0 swap accepted.
[leaf-untangle] candidates=20, with-cross=0, moved=0, crossings-resolved=0.
[stuck-leaf-diag] 0 candidates with cost>0 (top 15 below):
[carrier-cross] segment 6 -> carrier-grouped 5 (-17%). Carriers: 25 total (4 bundle + 14 cluster-pair + 7 individual).
[face-raster] grid 1900x1491 (cell 5.0x5.0 units), 43 faces, 2794380 bg cells (98.6% of grid)
  face #1: 2301000 cells (82.3%), bbox 1900x1491 @ (0,0)
  face #5: 127140 cells (4.5%), bbox 620x657 @ (146,415)
  face #14: 85160 cells (3.0%), bbox 469x461 @ (789,777)
  face #17: 66568 cells (2.4%), bbox 492x324 @ (703,938)
  face #13: 52516 cells (1.9%), bbox 352x482 @ (1023,741)
  face #2: 50024 cells (1.8%), bbox 301x641 @ (1103,108)
  face #20: 48082 cells (1.7%), bbox 467x220 @ (627,1148)
  face #15: 25258 cells (0.9%), bbox 270x209 @ (500,938)
[face-cohesion] 11 clusters analysed, 2 low-cohesion (<60% in dominant face)
  cohesion histogram:
     30%- 39%: 1 clusters
     50%- 59%: 1 clusters
     60%- 69%: 1 clusters
     80%- 89%: 3 clusters
    100%-100%: 5 clusters
  top 2 low-cohesion clusters (largest first):
    _louv_1: 6 members, 3 in dominant face, 4 faces total (50%)
    _louv_11: 3 members, 1 in dominant face, 3 faces total (33%)
[face-density] 18 micro-faces (size<50), top 10 hot regions (macro 64x64 cells):
  region (21,18): 5 micro-faces, world (6488,5568)-(6808,5888)
  region (9,21): 5 micro-faces, world (2649,6528)-(2969,6848)
  region (2,6): 2 micro-faces, world (409,1728)-(729,2048)
  region (9,20): 2 micro-faces, world (2649,6208)-(2969,6528)
  region (20,20): 2 micro-faces, world (6168,6208)-(6488,6528)
  region (17,11): 1 micro-faces, world (5208,3328)-(5528,3648)
  region (19,20): 1 micro-faces, world (5848,6208)-(6168,6528)
[face-ppm] Wrote /tmp/face-raster.ppm (1900x1491, downsampled from 1900x1491 by 1)
[face-untangle] 2 target clusters, 5 strays, 0 moved (poly cross 6 → 6, 0 fewer)
[stuck-leaf-2d] pass 1: 0 candidates, 0 moved, 0 cost units resolved.
[stuck-leaf-2d] 0 candidates, 0 moved, 0 cost units resolved (poly cross 6 → 6, 0 fewer)
[hot-region-sa] 0 hot cells (≥4 cross, 6 cross pts), top 0 processed, 0/0 swap accepted (cross 6 → 6, 0 fewer)
