[community] algorithm=louvain communities=96 meta=5
[hub-bias] Super-graph: pushed 10 high-deg cluster roots to 1.4x avgR.
[cg-time] 8ms post-hub-bias
[cg-time] 55ms pre-§10-outward-radial
[cg-time] 55ms pre-§11-compose
[cg-time] 55ms pre-§12-pruning-reattach
[cg-time] 55ms pre-§13-cluster-swap
[cg-time] 966ms pre-§14-chain-straightening
[cg-time] 966ms pre-§15-pruned-cross-min
[§15.5] Optimized 32 alone-root+independent nodes (5 moves).
[cg-time] 973ms pre-bus-bundle
[xings-hotspot] total=315 xings across 154 offending edges (of 326)
  edge core.Hub0↔app4.M0 xings=19 cluster=(_louv_0,_louv_21)
  edge core.Hub1↔app8.M0 xings=17 cluster=(?,?)
  edge core.Hub0↔app14.M0 xings=14 cluster=(_louv_0,_louv_74)
  edge app11.M2↔app18.M3 xings=14 cluster=(?,_louv_89)
  edge app7.M4↔app7.M5 xings=14 cluster=(?,?)
  edge app8.M0↔app8.M4 xings=14 cluster=(?,_louv_38)
  edge app4.M6↔app5.M4 xings=13 cluster=(_louv_23,?)
  edge app6.M0↔app6.M2 xings=13 cluster=(_louv_0,?)
[xings-hotspot] top cluster signatures:
  {?|_louv_13} xings=5
  {?|_louv_44|_louv_67} xings=5
  {?|_louv_42|_louv_89} xings=5
  {?} xings=4
  {?|_louv_58} xings=4
  {?|_louv_9} xings=4
  {?|_louv_23} xings=4
  {?|_louv_10} xings=4
[knot-min] Accepted 60 spatial swaps among 258 candidates.
[carrier-pre] 330 edges → 202 distinct carriers (cost-side filter).
[leaf-untangle] candidates=161, with-cross=53, moved=48, crossings-resolved=157.
[leaf-untangle] candidates=161, with-cross=21, moved=10, crossings-resolved=24.
[leaf-untangle] candidates=161, with-cross=17, moved=3, crossings-resolved=6.
[leaf-untangle] candidates=161, with-cross=17, moved=0, crossings-resolved=0.
[stuck-leaf-diag] 17 candidates with cost>0 (top 15 below):
  cost=13 deg=3 node=app16.M1 parent=app16.M0 nbrs={app16.M0,app16.M10,app18.M1}
  cost=11 deg=2 node=app2.M5 parent=app2.M0 nbrs={app2.M0,app7.M7}
  cost=10 deg=2 node=app7.M7 parent=app7.M0 nbrs={app7.M0,app2.M5}
  cost=10 deg=3 node=app19.M2 parent=app19.M0 nbrs={app19.M0,app19.M3,app6.M2}
  cost=8 deg=3 node=app5.M4 parent=app5.M0 nbrs={app5.M0,app5.M2,app4.M6}
  cost=6 deg=3 node=app16.M10 parent=app16.M0 nbrs={app16.M0,app16.M1,app7.M5}
  cost=5 deg=3 node=app13.M3 parent=app13.M0 nbrs={app13.M0,app13.M4,app7.M6}
  cost=4 deg=3 node=app10.M4 parent=app10.M0 nbrs={app10.M0,app10.M3,app8.M2}
  cost=4 deg=3 node=app16.M9 parent=app16.M0 nbrs={app16.M0,app16.M14,app1.M1}
  cost=3 deg=3 node=app19.M7 parent=app19.M0 nbrs={app19.M0,app19.M5,app19.Address52}
  cost=2 deg=1 node=app7.File11 parent=app7.M4 nbrs={app7.M4}
  cost=1 deg=2 node=app1.M3 parent=app1.M0 nbrs={app1.M0,app1.Note22}
  cost=1 deg=2 node=app5.M9 parent=app5.M0 nbrs={app5.M0,app5.Tag68}
  cost=1 deg=2 node=app11.M0 parent=app11.M2 nbrs={app11.M2,app11.Address31}
  cost=1 deg=2 node=app16.M13 parent=app16.M0 nbrs={app16.M0,app16.M7}
[pd-knot] 213 polyline cross pairs, 0 resolved via endpoint swap.
[xings-detour] iters=2 initial-poly-pairs=234 accepted=4 (multi-seg, density-aware, polyline detect, iterative).
[visual-knot] 226→226 cross points, 18→18 hot cells (≥3), 18 handled, 0 swap accepted.
[leaf-untangle] candidates=161, with-cross=17, moved=0, crossings-resolved=0.
[stuck-leaf-diag] 17 candidates with cost>0 (top 15 below):
  cost=13 deg=3 node=app16.M1 parent=app16.M0 nbrs={app16.M0,app16.M10,app18.M1}
  cost=11 deg=2 node=app2.M5 parent=app2.M0 nbrs={app2.M0,app7.M7}
  cost=10 deg=2 node=app7.M7 parent=app7.M0 nbrs={app7.M0,app2.M5}
  cost=10 deg=3 node=app19.M2 parent=app19.M0 nbrs={app19.M0,app19.M3,app6.M2}
  cost=8 deg=3 node=app5.M4 parent=app5.M0 nbrs={app5.M0,app5.M2,app4.M6}
  cost=6 deg=3 node=app16.M10 parent=app16.M0 nbrs={app16.M0,app16.M1,app7.M5}
  cost=5 deg=3 node=app13.M3 parent=app13.M0 nbrs={app13.M0,app13.M4,app7.M6}
  cost=4 deg=3 node=app10.M4 parent=app10.M0 nbrs={app10.M0,app10.M3,app8.M2}
  cost=4 deg=3 node=app16.M9 parent=app16.M0 nbrs={app16.M0,app16.M14,app1.M1}
  cost=3 deg=3 node=app19.M7 parent=app19.M0 nbrs={app19.M0,app19.M5,app19.Address52}
  cost=2 deg=1 node=app7.File11 parent=app7.M4 nbrs={app7.M4}
  cost=1 deg=2 node=app1.M3 parent=app1.M0 nbrs={app1.M0,app1.Note22}
  cost=1 deg=2 node=app5.M9 parent=app5.M0 nbrs={app5.M0,app5.Tag68}
  cost=1 deg=2 node=app11.M0 parent=app11.M2 nbrs={app11.M2,app11.Address31}
  cost=1 deg=2 node=app16.M13 parent=app16.M0 nbrs={app16.M0,app16.M7}
[isolated-stash] Stashed 6 edge-less nodes in 6-column strip at x>=22249.
[face-raster] grid 4996x3649 (cell 5.0x5.0 units), 744 faces, 17970025 bg cells (98.6% of grid)
  face #1: 11732779 cells (65.3%), bbox 4996x3649 @ (0,0)
  face #382: 512532 cells (2.9%), bbox 637x1230 @ (346,2320)
  face #331: 408282 cells (2.3%), bbox 1731x883 @ (1670,2232)
  face #206: 377672 cells (2.1%), bbox 699x1145 @ (2988,1852)
  face #2: 350690 cells (2.0%), bbox 1187x1141 @ (1345,392)
  face #14: 334285 cells (1.9%), bbox 787x1119 @ (2867,666)
  face #16: 211893 cells (1.2%), bbox 630x671 @ (2382,832)
  face #15: 163214 cells (0.9%), bbox 1116x740 @ (1343,807)
[face-cohesion] 66 clusters analysed, 26 low-cohesion (<60% in dominant face)
  cohesion histogram:
     20%- 29%: 1 clusters
     30%- 39%: 8 clusters
     40%- 49%: 1 clusters
     50%- 59%: 16 clusters
     60%- 69%: 9 clusters
     70%- 79%: 2 clusters
     80%- 89%: 1 clusters
    100%-100%: 28 clusters
  top 10 low-cohesion clusters (largest first):
    _louv_78: 5 members, 2 in dominant face, 4 faces total (40%)
    _louv_10: 4 members, 1 in dominant face, 4 faces total (25%)
    _louv_90: 4 members, 2 in dominant face, 3 faces total (50%)
    _louv_65: 4 members, 2 in dominant face, 3 faces total (50%)
    _louv_43: 4 members, 2 in dominant face, 3 faces total (50%)
    _louv_89: 3 members, 1 in dominant face, 3 faces total (33%)
    _louv_38: 3 members, 1 in dominant face, 3 faces total (33%)
    _louv_6: 3 members, 1 in dominant face, 3 faces total (33%)
    _louv_27: 3 members, 1 in dominant face, 3 faces total (33%)
    _louv_2: 3 members, 1 in dominant face, 3 faces total (33%)
[face-density] 387 micro-faces (size<50), top 10 hot regions (macro 64x64 cells):
  region (13,50): 43 micro-faces, world (3631,15591)-(3951,15911)
  region (45,25): 30 micro-faces, world (13871,7592)-(14191,7912)
  region (11,54): 27 micro-faces, world (2991,16871)-(3311,17191)
  region (40,41): 16 micro-faces, world (12271,12712)-(12591,13032)
  region (10,54): 11 micro-faces, world (2671,16871)-(2991,17191)
  region (42,30): 10 micro-faces, world (12911,9192)-(13231,9512)
  region (37,42): 10 micro-faces, world (11311,13032)-(11631,13352)
  region (29,42): 8 micro-faces, world (8751,13032)-(9071,13352)
  region (28,47): 8 micro-faces, world (8431,14631)-(8751,14951)
  region (19,35): 7 micro-faces, world (5551,10792)-(5871,11112)
[face-ppm] Wrote /tmp/face-raster.ppm (2498x1824, downsampled from 4996x3649 by 2)
[face-untangle] 25 target clusters, 38 strays, 3 moved (poly cross 226 → 217, 9 fewer)
[stuck-leaf-2d] pass 1: 5 candidates, 5 moved, 6 cost units resolved.
[stuck-leaf-2d] pass 2: 0 candidates, 0 moved, 0 cost units resolved.
[stuck-leaf-2d] 0 candidates, 5 moved, 6 cost units resolved (poly cross 217 → 212, 5 fewer)
[hot-region-sa] 15 hot cells (≥4 cross, 212 cross pts), top 5 processed, 55/591 swap accepted (cross 212 → 212, 0 fewer)
