[community] algorithm=louvain communities=76 meta=3
[hub-bias] Super-graph: pushed 8 high-deg cluster roots to 1.4x avgR.
[cg-time] 6ms post-hub-bias
[cg-time] 866ms pre-§10-outward-radial
[cg-time] 866ms pre-§11-compose
[cg-time] 866ms pre-§12-pruning-reattach
[cg-time] 866ms pre-§13-cluster-swap
[cg-time] 1397ms pre-§14-chain-straightening
[cg-time] 1397ms pre-§15-pruned-cross-min
[§15.5] Optimized 36 alone-root+independent nodes (7 moves).
[cg-time] 1402ms pre-bus-bundle
[xings-hotspot] total=327 xings across 133 offending edges (of 260)
  edge app6.M0↔app10.M2 xings=19 cluster=(_louv_2,?)
  edge core.Hub0↔app0.M0 xings=18 cluster=(?,?)
  edge app6.M0↔app8.M4 xings=17 cluster=(_louv_2,?)
  edge app3.M0↔app3.M3 xings=16 cluster=(_louv_18,_louv_19)
  edge app13.M2↔app15.M6 xings=16 cluster=(?,?)
  edge core.Hub0↔app13.M0 xings=14 cluster=(?,_louv_70)
  edge app4.M8↔app8.M6 xings=14 cluster=(?,_louv_28)
  edge core.Hub2↔app11.M0 xings=14 cluster=(_louv_2,_louv_64)
[xings-hotspot] top cluster signatures:
  {?|_louv_19} xings=15
  {?} xings=12
  {?|_louv_2} xings=9
  {?|_louv_10} xings=8
  {?|_louv_73} xings=7
  {?|_louv_2|_louv_72} xings=7
  {?|_louv_2|_louv_65} xings=6
  {?|_louv_2|_louv_70} xings=5
[knot-min] Accepted 34 spatial swaps among 203 candidates.
[knot-min-2opt] Accepted 1 cross-targeted swaps.
[carrier-pre] 265 edges → 157 distinct carriers (cost-side filter).
[leaf-untangle] candidates=128, with-cross=48, moved=42, crossings-resolved=131.
[leaf-untangle] candidates=128, with-cross=21, moved=7, crossings-resolved=15.
[leaf-untangle] candidates=128, with-cross=17, moved=5, crossings-resolved=5.
[leaf-untangle] candidates=128, with-cross=18, moved=3, crossings-resolved=7.
[stuck-leaf-diag] 17 candidates with cost>0 (top 15 below):
  cost=12 deg=2 node=app9.M10 parent=app9.M0 nbrs={app9.M0,app5.M4}
  cost=12 deg=2 node=app12.M7 parent=app12.M0 nbrs={app12.M0,app1.M0}
  cost=11 deg=3 node=app4.M2 parent=app4.M0 nbrs={app4.M0,app4.M12,app11.M0}
  cost=11 deg=2 node=app5.M4 parent=app5.M0 nbrs={app5.M0,app9.M10}
  cost=10 deg=3 node=app4.M12 parent=app4.M0 nbrs={app4.M0,app4.M2,app8.M2}
  cost=10 deg=3 node=app11.M3 parent=app11.M1 nbrs={app11.M0,app11.M1,app1.M4}
  cost=7 deg=3 node=app1.M4 parent=app1.M0 nbrs={app1.M0,app1.M3,app11.M3}
  cost=6 deg=2 node=app15.M3 parent=app15.M0 nbrs={app15.M0,app4.M1}
  cost=4 deg=2 node=app4.M5 parent=app4.M0 nbrs={app4.M0,app4.M6}
  cost=3 deg=2 node=app4.M6 parent=app4.M5 nbrs={app4.M5,app4.Log8}
  cost=1 deg=3 node=app1.M3 parent=app1.M0 nbrs={app1.M0,app1.M4,app6.M2}
  cost=1 deg=3 node=app3.M8 parent=app3.M0 nbrs={app3.M0,app3.M6,app3.File4}
  cost=1 deg=2 node=app4.M1 parent=app5.M3 nbrs={app15.M3,app5.M3}
  cost=1 deg=3 node=app9.M5 parent=app9.M0 nbrs={app9.M0,app9.M8,app9.Tag6}
  cost=1 deg=2 node=app12.M1 parent=app12.M0 nbrs={app12.M0,app12.Tag10}
[pd-knot] 240 polyline cross pairs, 1 resolved via endpoint swap.
[xings-detour] iters=2 initial-poly-pairs=247 accepted=5 (multi-seg, density-aware, polyline detect, iterative).
[visual-knot] 241→239 cross points, 20→17 hot cells (≥3), 37 handled, 1 swap accepted.
[leaf-untangle] candidates=128, with-cross=18, moved=4, crossings-resolved=11.
[leaf-untangle] candidates=128, with-cross=14, moved=0, crossings-resolved=0.
[stuck-leaf-diag] 14 candidates with cost>0 (top 15 below):
  cost=13 deg=3 node=app4.M12 parent=app4.M0 nbrs={app4.M0,app4.M2,app8.M2}
  cost=13 deg=2 node=app12.M7 parent=app12.M0 nbrs={app12.M0,app1.M0}
  cost=12 deg=3 node=app4.M2 parent=app4.M0 nbrs={app4.M0,app4.M12,app11.M0}
  cost=12 deg=2 node=app9.M10 parent=app9.M0 nbrs={app9.M0,app5.M4}
  cost=11 deg=2 node=app5.M4 parent=app5.M0 nbrs={app5.M0,app9.M10}
  cost=10 deg=3 node=app11.M3 parent=app11.M1 nbrs={app11.M0,app11.M1,app1.M4}
  cost=7 deg=3 node=app1.M4 parent=app1.M0 nbrs={app1.M0,app1.M3,app11.M3}
  cost=5 deg=2 node=app15.M3 parent=app15.M0 nbrs={app15.M0,app4.M1}
  cost=3 deg=2 node=app4.M5 parent=app4.M0 nbrs={app4.M0,app4.M6}
  cost=3 deg=2 node=app4.M6 parent=app4.M5 nbrs={app4.M5,app4.Log8}
  cost=1 deg=3 node=app1.M3 parent=app1.M0 nbrs={app1.M0,app1.M4,app6.M2}
  cost=1 deg=3 node=app9.M5 parent=app9.M0 nbrs={app9.M0,app9.M8,app9.Tag6}
  cost=1 deg=2 node=app12.M1 parent=app12.M0 nbrs={app12.M0,app12.Tag10}
  cost=1 deg=1 node=app0.File55 parent=app0.M6 nbrs={app0.M6}
[isolated-stash] Stashed 4 edge-less nodes in 6-column strip at x>=42597.
[face-raster] grid 9108x5942 (cell 5.0x5.0 units), 732 faces, 53872354 bg cells (99.5% of grid)
  face #1: 47473485 cells (88.1%), bbox 9108x5942 @ (0,0)
  face #697: 897855 cells (1.7%), bbox 1445x1211 @ (4805,4404)
  face #15: 352161 cells (0.7%), bbox 679x1125 @ (5974,2669)
  face #31: 300970 cells (0.6%), bbox 725x1082 @ (6380,2906)
  face #5: 242790 cells (0.5%), bbox 700x696 @ (5526,2229)
  face #16: 233319 cells (0.4%), bbox 900x814 @ (3682,2786)
  face #276: 190617 cells (0.4%), bbox 921x457 @ (3299,3634)
  face #4: 160607 cells (0.3%), bbox 482x877 @ (5062,2229)
[face-cohesion] 48 clusters analysed, 16 low-cohesion (<60% in dominant face)
  cohesion histogram:
     20%- 29%: 2 clusters
     30%- 39%: 5 clusters
     40%- 49%: 2 clusters
     50%- 59%: 7 clusters
     60%- 69%: 5 clusters
     70%- 79%: 1 clusters
    100%-100%: 26 clusters
  top 10 low-cohesion clusters (largest first):
    _louv_65: 6 members, 3 in dominant face, 4 faces total (50%)
    _louv_54: 5 members, 1 in dominant face, 5 faces total (20%)
    _louv_15: 5 members, 2 in dominant face, 4 faces total (40%)
    _louv_18: 5 members, 2 in dominant face, 4 faces total (40%)
    _louv_31: 4 members, 1 in dominant face, 4 faces total (25%)
    _louv_28: 3 members, 1 in dominant face, 3 faces total (33%)
    _louv_2: 3 members, 1 in dominant face, 3 faces total (33%)
    _louv_23: 3 members, 1 in dominant face, 3 faces total (33%)
    _louv_19: 3 members, 1 in dominant face, 3 faces total (33%)
    _louv_13: 3 members, 1 in dominant face, 3 faces total (33%)
[face-density] 412 micro-faces (size<50), top 10 hot regions (macro 64x64 cells):
  region (70,64): 29 micro-faces, world (21474,19858)-(21794,20178)
  region (74,59): 28 micro-faces, world (22754,18258)-(23074,18578)
  region (71,63): 27 micro-faces, world (21794,19538)-(22114,19858)
  region (89,46): 25 micro-faces, world (27554,14099)-(27874,14419)
  region (90,46): 25 micro-faces, world (27874,14099)-(28194,14419)
  region (85,48): 21 micro-faces, world (26274,14739)-(26594,15059)
  region (48,64): 18 micro-faces, world (14435,19858)-(14755,20178)
  region (91,45): 18 micro-faces, world (28194,13779)-(28514,14099)
  region (84,50): 16 micro-faces, world (25954,15379)-(26274,15699)
  region (89,47): 16 micro-faces, world (27554,14419)-(27874,14739)
[face-ppm] Wrote /tmp/face-raster.ppm (2277x1485, downsampled from 9108x5942 by 4)
[face-untangle] 14 target clusters, 25 strays, 0 moved (poly cross 238 → 238, 0 fewer)
[stuck-leaf-2d] pass 1: 1 candidates, 0 moved, 0 cost units resolved.
[stuck-leaf-2d] 1 candidates, 0 moved, 0 cost units resolved (poly cross 238 → 238, 0 fewer)
[hot-region-sa] 20 hot cells (≥4 cross, 238 cross pts), top 5 processed, 19/518 swap accepted (cross 238 → 237, 1 fewer)
