[community] algorithm=louvain communities=63 meta=4
[hub-bias] Super-graph: pushed 6 high-deg cluster roots to 1.4x avgR.
[cg-time] 3ms post-hub-bias
[cg-time] 13ms pre-§10-outward-radial
[cg-time] 13ms pre-§11-compose
[cg-time] 13ms pre-§12-pruning-reattach
[cg-time] 13ms pre-§13-cluster-swap
[cg-time] 388ms pre-§14-chain-straightening
[cg-time] 388ms pre-§15-pruned-cross-min
[§15.5] Optimized 15 alone-root+independent nodes (0 moves).
[cg-time] 391ms pre-bus-bundle
[xings-hotspot] total=174 xings across 93 offending edges (of 217)
  edge app0.M0↔app0.M7 xings=17 cluster=(?,_louv_7)
  edge app2.M2↔app9.M3 xings=14 cluster=(_louv_7,?)
  edge app10.M0↔app13.M0 xings=13 cluster=(_louv_39,_louv_57)
  edge app4.M0↔app4.M10 xings=11 cluster=(_louv_18,_louv_22)
  edge core.Hub0↔app2.M0 xings=9 cluster=(_louv_0,_louv_11)
  edge core.Hub0↔app9.M0 xings=9 cluster=(_louv_0,_louv_47)
  edge app1.M1↔app9.M4 xings=9 cluster=(_louv_10,_louv_41)
  edge app1.M0↔app14.M3 xings=8 cluster=(_louv_9,?)
[xings-hotspot] top cluster signatures:
  {?|_louv_7|_louv_9} xings=5
  {?|_louv_7} xings=4
  {?|_louv_59|_louv_7} xings=4
  {?|_louv_39|_louv_9} xings=3
  {?|_louv_11|_louv_7} xings=3
  {?|_louv_11|_louv_9} xings=3
  {?|_louv_2|_louv_3} xings=3
  {?|_louv_39} xings=3
[knot-min] Accepted 48 spatial swaps among 174 candidates.
[carrier-pre] 219 edges → 135 distinct carriers (cost-side filter).
[leaf-untangle] candidates=103, with-cross=35, moved=30, crossings-resolved=104.
[leaf-untangle] candidates=103, with-cross=17, moved=6, crossings-resolved=12.
[leaf-untangle] candidates=103, with-cross=12, moved=0, crossings-resolved=0.
[stuck-leaf-diag] 12 candidates with cost>0 (top 15 below):
  cost=10 deg=3 node=app5.M9 parent=app5.M0 nbrs={app5.M0,app5.M12,app1.M0}
  cost=10 deg=3 node=app14.M3 parent=app14.M0 nbrs={app14.M0,app14.M11,app1.M0}
  cost=9 deg=3 node=app10.M1 parent=app10.M0 nbrs={app10.M0,app10.File45,app13.M0}
  cost=7 deg=2 node=app7.M8 parent=app7.M0 nbrs={app7.M0,app7.M1}
  cost=3 deg=3 node=app10.M5 parent=app10.M0 nbrs={app10.M0,app10.M7,app10.M3}
  cost=2 deg=2 node=app13.M3 parent=app2.M0 nbrs={app13.M0,app2.M0}
  cost=1 deg=3 node=app5.M12 parent=app5.M0 nbrs={app5.M0,app5.M9,app5.Address18}
  cost=1 deg=1 node=app7.M3 parent=app10.M7 nbrs={app10.M7}
  cost=1 deg=2 node=app10.M2 parent=app10.M0 nbrs={app10.M0,app10.Asset44}
  cost=1 deg=2 node=app14.M2 parent=app14.M0 nbrs={app14.M0,app14.M1}
  cost=1 deg=2 node=app14.M5 parent=app14.M0 nbrs={app14.M0,app14.Note33}
  cost=1 deg=2 node=app14.M6 parent=app14.M0 nbrs={app14.M0,app13.M2}
[pd-knot] 104 polyline cross pairs, 2 resolved via endpoint swap.
[xings-detour] iters=1 initial-poly-pairs=105 accepted=0 (multi-seg, density-aware, polyline detect, iterative).
[visual-knot] 104→104 cross points, 4→4 hot cells (≥3), 4 handled, 0 swap accepted.
[leaf-untangle] candidates=103, with-cross=12, moved=2, crossings-resolved=6.
[leaf-untangle] candidates=103, with-cross=11, moved=1, crossings-resolved=1.
[leaf-untangle] candidates=103, with-cross=11, moved=0, crossings-resolved=0.
[stuck-leaf-diag] 11 candidates with cost>0 (top 15 below):
  cost=10 deg=3 node=app5.M9 parent=app5.M0 nbrs={app5.M0,app5.M12,app1.M0}
  cost=10 deg=3 node=app14.M3 parent=app14.M0 nbrs={app14.M0,app14.M11,app1.M0}
  cost=9 deg=3 node=app10.M1 parent=app10.M0 nbrs={app10.M0,app10.File45,app13.M0}
  cost=7 deg=2 node=app7.M8 parent=app7.M0 nbrs={app7.M0,app7.M1}
  cost=2 deg=2 node=app13.M3 parent=app2.M0 nbrs={app13.M0,app2.M0}
  cost=1 deg=3 node=app5.M12 parent=app5.M0 nbrs={app5.M0,app5.M9,app5.Address18}
  cost=1 deg=2 node=app10.M2 parent=app10.M0 nbrs={app10.M0,app10.Asset44}
  cost=1 deg=3 node=app10.M5 parent=app10.M0 nbrs={app10.M0,app10.M7,app10.M3}
  cost=1 deg=2 node=app14.M2 parent=app14.M0 nbrs={app14.M0,app14.M1}
  cost=1 deg=2 node=app14.M5 parent=app14.M0 nbrs={app14.M0,app14.Note33}
  cost=1 deg=2 node=app14.M6 parent=app14.M0 nbrs={app14.M0,app13.M2}
[isolated-stash] Stashed 6 edge-less nodes in 6-column strip at x>=17937.
[face-raster] grid 3887x2994 (cell 5.0x5.0 units), 421 faces, 11461871 bg cells (98.5% of grid)
  face #1: 8695933 cells (75.9%), bbox 3887x2994 @ (0,0)
  face #191: 151854 cells (1.3%), bbox 808x389 @ (301,1105)
  face #369: 130020 cells (1.1%), bbox 279x911 @ (140,1925)
  face #4: 123307 cells (1.1%), bbox 869x741 @ (604,124)
  face #361: 107008 cells (0.9%), bbox 545x902 @ (357,1873)
  face #29: 105814 cells (0.9%), bbox 416x501 @ (2012,514)
  face #60: 94846 cells (0.8%), bbox 463x389 @ (969,622)
  face #307: 94291 cells (0.8%), bbox 745x355 @ (146,1661)
[face-cohesion] 43 clusters analysed, 18 low-cohesion (<60% in dominant face)
  cohesion histogram:
     10%- 19%: 1 clusters
     30%- 39%: 6 clusters
     50%- 59%: 11 clusters
     60%- 69%: 5 clusters
     70%- 79%: 1 clusters
    100%-100%: 19 clusters
  top 10 low-cohesion clusters (largest first):
    _louv_39: 7 members, 1 in dominant face, 7 faces total (14%)
    _louv_0: 4 members, 2 in dominant face, 3 faces total (50%)
    _louv_11: 4 members, 2 in dominant face, 3 faces total (50%)
    _louv_4: 4 members, 2 in dominant face, 3 faces total (50%)
    _louv_57: 3 members, 1 in dominant face, 3 faces total (33%)
    _louv_52: 3 members, 1 in dominant face, 3 faces total (33%)
    _louv_59: 3 members, 1 in dominant face, 3 faces total (33%)
    _louv_22: 3 members, 1 in dominant face, 3 faces total (33%)
    _louv_29: 3 members, 1 in dominant face, 3 faces total (33%)
    _louv_7: 3 members, 1 in dominant face, 3 faces total (33%)
[face-density] 242 micro-faces (size<50), top 10 hot regions (macro 64x64 cells):
  region (8,16): 24 micro-faces, world (3097,4779)-(3417,5099)
  region (32,8): 14 micro-faces, world (10776,2220)-(11096,2540)
  region (24,17): 13 micro-faces, world (8216,5099)-(8536,5419)
  region (18,16): 12 micro-faces, world (6296,4779)-(6616,5099)
  region (20,19): 12 micro-faces, world (6936,5739)-(7256,6059)
  region (11,42): 11 micro-faces, world (4057,13097)-(4377,13417)
  region (33,7): 10 micro-faces, world (11096,1900)-(11416,2220)
  region (11,41): 10 micro-faces, world (4057,12777)-(4377,13097)
  region (23,28): 10 micro-faces, world (7896,8618)-(8216,8938)
  region (31,8): 9 micro-faces, world (10456,2220)-(10776,2540)
[face-ppm] Wrote /tmp/face-raster.ppm (3887x2994, downsampled from 3887x2994 by 1)
[face-untangle] 18 target clusters, 28 strays, 0 moved (poly cross 104 → 104, 0 fewer)
[stuck-leaf-2d] pass 1: 0 candidates, 0 moved, 0 cost units resolved.
[stuck-leaf-2d] 0 candidates, 0 moved, 0 cost units resolved (poly cross 104 → 104, 0 fewer)
[hot-region-sa] 3 hot cells (≥4 cross, 104 cross pts), top 3 processed, 35/454 swap accepted (cross 104 → 104, 0 fewer)
