[community] algorithm=louvain communities=44 meta=3
[hub-bias] Super-graph: pushed 5 high-deg cluster roots to 1.4x avgR.
[cg-time] 2ms post-hub-bias
[cg-time] 61ms pre-§10-outward-radial
[cg-time] 61ms pre-§11-compose
[cg-time] 61ms pre-§12-pruning-reattach
[cg-time] 61ms pre-§13-cluster-swap
[cg-time] 146ms pre-§14-chain-straightening
[cg-time] 146ms pre-§15-pruned-cross-min
[§15.5] Optimized 5 alone-root+independent nodes (0 moves).
[cg-time] 147ms pre-bus-bundle
[bus-bundle] Created 1 bus bundles (2 members, sig ≥ 2 roots).
[xings-hotspot] total=118 xings across 72 offending edges (of 167)
  edge app7.M0↔app9.M1 xings=10 cluster=(_louv_27,?)
  edge app4.M3↔app6.M0 xings=10 cluster=(_louv_6,?)
  edge app9.M1↔app12.M2 xings=9 cluster=(?,?)
  edge app12.M0↔app12.M2 xings=9 cluster=(_louv_0,?)
  edge app2.M2↔app12.M1 xings=9 cluster=(?,?)
  edge app2.M0↔app2.M2 xings=9 cluster=(_louv_8,?)
  edge app1.M0↔app4.M4 xings=8 cluster=(_louv_4,?)
  edge app2.M0↔app2.M6 xings=8 cluster=(_louv_8,_louv_9)
[xings-hotspot] top cluster signatures:
  {?|_louv_0|_louv_6} xings=8
  {?|_louv_0|_louv_4} xings=6
  {?|_louv_6} xings=6
  {?|_louv_35} xings=6
  {?|_louv_4} xings=5
  {?|_louv_8|_louv_9} xings=4
  {?|_louv_1|_louv_35} xings=4
  {?|_louv_25|_louv_3|_louv_37} xings=3
[knot-min] Accepted 27 spatial swaps among 129 candidates.
[knot-min-2opt] Accepted 3 cross-targeted swaps.
[carrier-pre] 170 edges → 106 distinct carriers (cost-side filter).
[leaf-untangle] candidates=74, with-cross=21, moved=20, crossings-resolved=61.
[leaf-untangle] candidates=74, with-cross=5, moved=2, crossings-resolved=3.
[leaf-untangle] candidates=74, with-cross=5, moved=2, crossings-resolved=3.
[leaf-untangle] candidates=74, with-cross=5, moved=1, crossings-resolved=1.
[stuck-leaf-diag] 6 candidates with cost>0 (top 15 below):
  cost=5 deg=3 node=app6.M5 parent=app6.M0 nbrs={app6.M0,app6.M6,app6.M2}
  cost=4 deg=3 node=app11.M8 parent=app11.M0 nbrs={app11.M0,app11.M2,app11.M10}
  cost=3 deg=3 node=app1.M4 parent=app1.M0 nbrs={app1.M0,app1.M2,app5.M13}
  cost=1 deg=2 node=app6.M3 parent=app6.M0 nbrs={app6.M0,app6.M4}
  cost=1 deg=1 node=app10.Asset20 parent=app10.M2 nbrs={app10.M2}
  cost=1 deg=1 node=app10.Note33 parent=app10.M2 nbrs={app10.M2}
[pd-knot] 75 polyline cross pairs, 1 resolved via endpoint swap.
[xings-detour] iters=2 initial-poly-pairs=75 accepted=3 (multi-seg, density-aware, polyline detect, iterative).
[visual-knot] 69→66 cross points, 4→3 hot cells (≥3), 12 handled, 3 swap accepted.
[leaf-untangle] candidates=74, with-cross=12, moved=6, crossings-resolved=12.
[leaf-untangle] candidates=74, with-cross=7, moved=2, crossings-resolved=4.
[leaf-untangle] candidates=74, with-cross=6, moved=0, crossings-resolved=0.
[stuck-leaf-diag] 6 candidates with cost>0 (top 15 below):
  cost=3 deg=3 node=app1.M4 parent=app1.M0 nbrs={app1.M0,app1.M2,app5.M13}
  cost=3 deg=3 node=app6.M5 parent=app6.M0 nbrs={app6.M0,app6.M6,app6.M2}
  cost=1 deg=2 node=app6.M2 parent=app6.M5 nbrs={app6.Address19,app6.M5}
  cost=1 deg=2 node=app6.M3 parent=app6.M0 nbrs={app6.M0,app6.M4}
  cost=1 deg=3 node=app11.M8 parent=app11.M0 nbrs={app11.M0,app11.M2,app11.M10}
  cost=1 deg=1 node=app6.Address19 parent=app6.M2 nbrs={app6.M2}
[carrier-cross] segment 67 -> carrier-grouped 60 (-10%). Carriers: 108 total (2 bundle + 71 cluster-pair + 35 individual).
[isolated-stash] Stashed 3 edge-less nodes in 6-column strip at x>=37337.
[face-raster] grid 7941x3785 (cell 5.0x5.0 units), 339 faces, 29901919 bg cells (99.5% of grid)
  face #1: 24794778 cells (82.9%), bbox 7941x3785 @ (0,0)
  face #2: 1236515 cells (4.1%), bbox 1878x1645 @ (5148,97)
  face #72: 402295 cells (1.3%), bbox 1348x498 @ (3777,798)
  face #95: 349831 cells (1.2%), bbox 1304x990 @ (3734,1226)
  face #48: 315254 cells (1.1%), bbox 989x746 @ (3739,420)
  face #203: 287762 cells (1.0%), bbox 1394x669 @ (6115,1744)
  face #320: 243446 cells (0.8%), bbox 912x564 @ (4744,2169)
  face #71: 221977 cells (0.7%), bbox 941x534 @ (5136,787)
[face-cohesion] 34 clusters analysed, 15 low-cohesion (<60% in dominant face)
  cohesion histogram:
     20%- 29%: 2 clusters
     30%- 39%: 5 clusters
     50%- 59%: 8 clusters
     60%- 69%: 3 clusters
    100%-100%: 16 clusters
  top 10 low-cohesion clusters (largest first):
    _louv_35: 8 members, 2 in dominant face, 7 faces total (25%)
    _louv_6: 6 members, 3 in dominant face, 4 faces total (50%)
    _louv_31: 4 members, 2 in dominant face, 3 faces total (50%)
    _louv_1: 4 members, 1 in dominant face, 4 faces total (25%)
    _louv_18: 4 members, 2 in dominant face, 3 faces total (50%)
    _louv_4: 4 members, 2 in dominant face, 3 faces total (50%)
    _louv_27: 3 members, 1 in dominant face, 3 faces total (33%)
    _louv_26: 3 members, 1 in dominant face, 3 faces total (33%)
    _louv_32: 3 members, 1 in dominant face, 3 faces total (33%)
    _louv_0: 3 members, 1 in dominant face, 3 faces total (33%)
[face-density] 208 micro-faces (size<50), top 10 hot regions (macro 64x64 cells):
  region (96,31): 26 micro-faces, world (29907,9566)-(30227,9886)
  region (67,5): 19 micro-faces, world (20627,1247)-(20947,1567)
  region (65,4): 15 micro-faces, world (19987,927)-(20307,1247)
  region (96,32): 15 micro-faces, world (29907,9886)-(30227,10206)
  region (94,25): 14 micro-faces, world (29267,7646)-(29587,7966)
  region (92,32): 11 micro-faces, world (28627,9886)-(28947,10206)
  region (73,11): 10 micro-faces, world (22547,3167)-(22867,3487)
  region (96,27): 8 micro-faces, world (29907,8286)-(30227,8606)
  region (93,32): 7 micro-faces, world (28947,9886)-(29267,10206)
  region (80,29): 5 micro-faces, world (24787,8926)-(25107,9246)
[face-ppm] Wrote /tmp/face-raster.ppm (3970x1892, downsampled from 7941x3785 by 2)
[face-untangle] 13 target clusters, 23 strays, 0 moved (poly cross 65 → 65, 0 fewer)
[stuck-leaf-2d] pass 1: 1 candidates, 1 moved, 1 cost units resolved.
[stuck-leaf-2d] pass 2: 0 candidates, 0 moved, 0 cost units resolved.
[stuck-leaf-2d] 0 candidates, 1 moved → REVERTED (poly cross 65 → 66)
[hot-region-sa] 4 hot cells (≥4 cross, 66 cross pts), top 4 processed, 60/475 swap accepted (cross 66 → 66, 0 fewer)
