[community] algorithm=louvain communities=51 meta=4
[hub-bias] Super-graph: pushed 5 high-deg cluster roots to 1.4x avgR.
[cg-time] 2ms post-hub-bias
[cg-time] 12ms pre-§10-outward-radial
[cg-time] 12ms pre-§11-compose
[cg-time] 12ms pre-§12-pruning-reattach
[cg-time] 12ms pre-§13-cluster-swap
[cg-time] 50ms pre-§14-chain-straightening
[cg-time] 50ms pre-§15-pruned-cross-min
[§15.5] Optimized 17 alone-root+independent nodes (2 moves).
[cg-time] 51ms pre-bus-bundle
[bus-bundle] Created 3 bus bundles (7 members, sig ≥ 2 roots).
[xings-hotspot] total=40 xings across 42 offending edges (of 159)
  edge app9.M0↔app9.M11 xings=6 cluster=(_louv_45,?)
  edge app3.M1↔app8.M0 xings=5 cluster=(_louv_26,_louv_40)
  edge core.Hub1↔app1.M0 xings=4 cluster=(?,_louv_10)
  edge app0.M0↔app0.M12 xings=4 cluster=(_louv_2,_louv_8)
  edge app7.M9↔app9.M12 xings=4 cluster=(?,?)
  edge app7.M0↔app7.M7 xings=4 cluster=(_louv_35,?)
  edge app0.M9↔app3.M0 xings=3 cluster=(?,_louv_26)
  edge app3.M3↔app7.M5 xings=3 cluster=(?,?)
[xings-hotspot] top cluster signatures:
  {?|_louv_35} xings=6
  {?|_louv_17|_louv_21} xings=2
  {?|_louv_45|_louv_5} xings=2
  {?|_louv_26|_louv_45} xings=2
  {?|_louv_1|_louv_33} xings=2
  {?|_louv_17|_louv_21|_louv_33} xings=2
  {?} xings=1
  {?|_louv_10|_louv_9} xings=1
[knot-min] Accepted 10 spatial swaps among 119 candidates.
[knot-min-2opt] Accepted 1 cross-targeted swaps.
[carrier-pre] 161 edges → 95 distinct carriers (cost-side filter).
[leaf-untangle] candidates=76, with-cross=22, moved=19, crossings-resolved=103.
[leaf-untangle] candidates=76, with-cross=7, moved=3, crossings-resolved=9.
[leaf-untangle] candidates=76, with-cross=4, moved=0, crossings-resolved=0.
[stuck-leaf-diag] 11 candidates with cost>0 (top 15 below):
  cost=7 deg=1 node=app2.Note19 parent=app2.M11 nbrs={app2.M11}
  cost=3 deg=1 node=app0.M8 parent=app0.M0 nbrs={app0.M0}
  cost=3 deg=2 node=app7.M7 parent=app7.M0 nbrs={app7.M0,app1.M11}
  cost=2 deg=2 node=app0.M11 parent=app0.M13 nbrs={app0.M13,app2.M1}
  cost=2 deg=2 node=app2.M1 parent=app2.M0 nbrs={app2.M0,app0.M11}
  cost=2 deg=2 node=app6.M8 parent=app6.M0 nbrs={app6.M0,app6.M10}
  cost=1 deg=1 node=app0.M7 parent=app0.M0 nbrs={app0.M0}
  cost=1 deg=3 node=app5.M2 parent=app5.M0 nbrs={app5.M0,app5.M6,app5.Tag12}
  cost=1 deg=2 node=app7.M2 parent=app7.M0 nbrs={app7.M0,app7.M3}
  cost=1 deg=3 node=app7.M8 parent=app7.M0 nbrs={app7.M0,app7.M3,app7.Log3}
  cost=1 deg=3 node=app9.M14 parent=app9.M0 nbrs={app9.M0,app9.M6,app4.M0}
[pd-knot] 39 polyline cross pairs, 1 resolved via endpoint swap.
[xings-detour] iters=2 initial-poly-pairs=37 accepted=2 (multi-seg, density-aware, polyline detect, iterative).
[visual-knot] 30→30 cross points, 1→1 hot cells (≥3), 1 handled, 0 swap accepted.
[leaf-untangle] candidates=76, with-cross=6, moved=1, crossings-resolved=6.
[leaf-untangle] candidates=76, with-cross=5, moved=0, crossings-resolved=0.
[stuck-leaf-diag] 12 candidates with cost>0 (top 15 below):
  cost=7 deg=1 node=app2.Note19 parent=app2.M11 nbrs={app2.M11}
  cost=4 deg=2 node=app7.M7 parent=app7.M0 nbrs={app7.M0,app1.M11}
  cost=3 deg=1 node=app0.M8 parent=app0.M0 nbrs={app0.M0}
  cost=2 deg=2 node=app0.M11 parent=app0.M13 nbrs={app0.M13,app2.M1}
  cost=2 deg=2 node=app2.M1 parent=app2.M0 nbrs={app2.M0,app0.M11}
  cost=2 deg=2 node=app6.M8 parent=app6.M0 nbrs={app6.M0,app6.M10}
  cost=1 deg=1 node=app0.M7 parent=app0.M0 nbrs={app0.M0}
  cost=1 deg=2 node=app1.M11 parent=app1.M0 nbrs={app1.M0,app7.M7}
  cost=1 deg=3 node=app5.M2 parent=app5.M0 nbrs={app5.M0,app5.M6,app5.Tag12}
  cost=1 deg=2 node=app7.M2 parent=app7.M0 nbrs={app7.M0,app7.M3}
  cost=1 deg=3 node=app7.M8 parent=app7.M0 nbrs={app7.M0,app7.M3,app7.Log3}
  cost=1 deg=3 node=app9.M14 parent=app9.M0 nbrs={app9.M0,app9.M6,app4.M0}
[carrier-cross] segment 33 -> carrier-grouped 25 (-24%). Carriers: 94 total (6 bundle + 59 cluster-pair + 29 individual).
[isolated-stash] Stashed 7 edge-less nodes in 6-column strip at x>=13416.
[face-raster] grid 3889x2728 (cell 5.0x5.0 units), 301 faces, 10480251 bg cells (98.8% of grid)
  face #1: 8501657 cells (81.1%), bbox 3889x2728 @ (0,0)
  face #2: 347987 cells (3.3%), bbox 1418x875 @ (1981,65)
  face #135: 249193 cells (2.4%), bbox 735x594 @ (1246,1030)
  face #286: 204848 cells (2.0%), bbox 382x874 @ (1001,1628)
  face #283: 204588 cells (2.0%), bbox 628x908 @ (1347,1594)
  face #98: 160691 cells (1.5%), bbox 582x549 @ (2219,888)
  face #3: 137198 cells (1.3%), bbox 693x470 @ (2106,484)
  face #109: 73300 cells (0.7%), bbox 306x330 @ (1391,914)
[face-cohesion] 26 clusters analysed, 7 low-cohesion (<60% in dominant face)
  cohesion histogram:
     30%- 39%: 1 clusters
     40%- 49%: 1 clusters
     50%- 59%: 5 clusters
     60%- 69%: 5 clusters
     70%- 79%: 1 clusters
     80%- 89%: 1 clusters
    100%-100%: 12 clusters
  top 7 low-cohesion clusters (largest first):
    _louv_2: 5 members, 2 in dominant face, 4 faces total (40%)
    _louv_10: 4 members, 2 in dominant face, 3 faces total (50%)
    _louv_45: 4 members, 2 in dominant face, 3 faces total (50%)
    _louv_40: 3 members, 1 in dominant face, 3 faces total (33%)
    _louv_48: 2 members, 1 in dominant face, 2 faces total (50%)
    _louv_35: 2 members, 1 in dominant face, 2 faces total (50%)
    _louv_9: 2 members, 1 in dominant face, 2 faces total (50%)
[face-density] 189 micro-faces (size<50), top 10 hot regions (macro 64x64 cells):
  region (39,7): 24 micro-faces, world (8453,1918)-(8773,2238)
  region (31,24): 22 micro-faces, world (5893,7357)-(6213,7677)
  region (28,13): 13 micro-faces, world (4933,3837)-(5253,4157)
  region (31,23): 12 micro-faces, world (5893,7037)-(6213,7357)
  region (19,19): 11 micro-faces, world (2053,5757)-(2373,6077)
  region (21,15): 10 micro-faces, world (2693,4477)-(3013,4797)
  region (32,24): 10 micro-faces, world (6213,7357)-(6533,7677)
  region (34,18): 10 micro-faces, world (6853,5437)-(7173,5757)
  region (17,25): 8 micro-faces, world (1413,7677)-(1733,7997)
  region (35,22): 8 micro-faces, world (7173,6717)-(7493,7037)
[face-ppm] Wrote /tmp/face-raster.ppm (3889x2728, downsampled from 3889x2728 by 1)
[face-untangle] 7 target clusters, 12 strays, 1 moved → REVERTED (poly cross 30 → 31)
[stuck-leaf-2d] pass 1: 2 candidates, 1 moved, 1 cost units resolved.
[stuck-leaf-2d] pass 2: 1 candidates, 0 moved, 0 cost units resolved.
[stuck-leaf-2d] 1 candidates, 1 moved, 1 cost units resolved (poly cross 38 → 37, 1 fewer)
[hot-region-sa] 2 hot cells (≥4 cross, 37 cross pts), top 2 processed, 0/0 swap accepted (cross 37 → 37, 0 fewer)
