[community] algorithm=louvain communities=50 meta=3
[hub-bias] Super-graph: pushed 4 high-deg cluster roots to 1.4x avgR.
[cg-time] 6ms post-hub-bias
[cg-time] 24ms pre-§10-outward-radial
[cg-time] 24ms pre-§11-compose
[cg-time] 24ms pre-§12-pruning-reattach
[cg-time] 24ms pre-§13-cluster-swap
[cg-time] 90ms pre-§14-chain-straightening
[cg-time] 90ms pre-§15-pruned-cross-min
[§15.5] Optimized 28 alone-root+independent nodes (9 moves).
[cg-time] 92ms pre-bus-bundle
[bus-bundle] Created 1 bus bundles (2 members, sig ≥ 2 roots).
[xings-hotspot] total=82 xings across 58 offending edges (of 161)
  edge app6.M7↔app10.M4 xings=10 cluster=(?,?)
  edge app2.M6↔app9.M10 xings=9 cluster=(_louv_10,?)
  edge app3.M1↔app6.M7 xings=8 cluster=(?,?)
  edge app5.M11↔app10.M2 xings=8 cluster=(?,?)
  edge app3.M5↔app10.M6 xings=6 cluster=(?,_louv_45)
  edge app2.M4↔app6.M4 xings=6 cluster=(_louv_10,?)
  edge app3.M0↔app3.M1 xings=6 cluster=(_louv_13,?)
  edge app4.M0↔app4.M7 xings=5 cluster=(_louv_16,?)
[xings-hotspot] top cluster signatures:
  {?|_louv_16} xings=10
  {?|_louv_13} xings=6
  {?|_louv_10|_louv_37} xings=5
  {?|_louv_10} xings=4
  {?|_louv_28} xings=4
  {?|_louv_16|_louv_28} xings=4
  {?|_louv_45} xings=3
  {?|_louv_37} xings=3
[bundle-clear] Pushed 1 nodes off bundle bboxes.
[knot-min] Accepted 21 spatial swaps among 129 candidates.
[knot-min-2opt] Accepted 3 cross-targeted swaps.
[carrier-pre] 165 edges → 83 distinct carriers (cost-side filter).
[leaf-untangle] candidates=82, with-cross=25, moved=21, crossings-resolved=59.
[leaf-untangle] candidates=82, with-cross=14, moved=7, crossings-resolved=16.
[leaf-untangle] candidates=82, with-cross=11, moved=3, crossings-resolved=13.
[leaf-untangle] candidates=82, with-cross=12, moved=0, crossings-resolved=0.
[stuck-leaf-diag] 16 candidates with cost>0 (top 15 below):
  cost=12 deg=3 node=app6.M4 parent=app6.M0 nbrs={app6.M0,app6.M1,app2.M4}
  cost=10 deg=2 node=app5.M2 parent=app5.M0 nbrs={app5.M0,app5.M6}
  cost=10 deg=3 node=app6.M1 parent=app6.M0 nbrs={app6.M0,app6.M4,app1.M1}
  cost=7 deg=3 node=app10.M4 parent=app10.M0 nbrs={app10.M0,app10.M6,app6.M7}
  cost=6 deg=3 node=app5.M11 parent=app5.M0 nbrs={app5.M0,app5.M8,app10.M2}
  cost=4 deg=2 node=app3.M7 parent=app9.M10 nbrs={app9.M10,app7.M6}
  cost=4 deg=2 node=app5.M6 parent=app3.M0 nbrs={app5.M2,app3.M0}
  cost=3 deg=3 node=app1.M4 parent=app7.M0 nbrs={app1.M0,app1.M1,app7.M0}
  cost=3 deg=3 node=app4.M3 parent=app4.M0 nbrs={app4.M0,app4.M5,app6.M5}
  cost=3 deg=3 node=app4.M4 parent=app4.M0 nbrs={app4.M0,app4.M1,app0.M0}
  cost=3 deg=3 node=app4.M5 parent=app4.M0 nbrs={app4.M0,app4.M3,app10.M6}
  cost=3 deg=1 node=app9.Tag13 parent=app9.M0 nbrs={app9.M0}
  cost=2 deg=2 node=app4.M1 parent=app4.M0 nbrs={app4.M0,app4.M4}
  cost=2 deg=2 node=app5.M4 parent=app5.M0 nbrs={app5.M0,app5.File3}
  cost=1 deg=2 node=app3.M3 parent=app3.M0 nbrs={app3.M0,app3.M2}
[pd-knot] 59 polyline cross pairs, 2 resolved via endpoint swap.
[xings-detour] iters=2 initial-poly-pairs=64 accepted=1 (multi-seg, density-aware, polyline detect, iterative).
[visual-knot] 60→59 cross points, 1→1 hot cells (≥3), 2 handled, 1 swap accepted.
[leaf-untangle] candidates=82, with-cross=12, moved=3, crossings-resolved=8.
[leaf-untangle] candidates=82, with-cross=12, moved=1, crossings-resolved=1.
[leaf-untangle] candidates=82, with-cross=12, moved=2, crossings-resolved=6.
[stuck-leaf-diag] 20 candidates with cost>0 (top 15 below):
  cost=10 deg=2 node=app5.M2 parent=app5.M0 nbrs={app5.M0,app5.M6}
  cost=10 deg=3 node=app6.M1 parent=app6.M0 nbrs={app6.M0,app6.M4,app1.M1}
  cost=6 deg=3 node=app10.M4 parent=app10.M0 nbrs={app10.M0,app10.M6,app6.M7}
  cost=5 deg=2 node=app5.M6 parent=app3.M0 nbrs={app5.M2,app3.M0}
  cost=5 deg=3 node=app6.M4 parent=app6.M0 nbrs={app6.M0,app6.M1,app2.M4}
  cost=4 deg=2 node=app3.M7 parent=app9.M10 nbrs={app9.M10,app7.M6}
  cost=4 deg=2 node=app4.M1 parent=app4.M0 nbrs={app4.M0,app4.M4}
  cost=4 deg=3 node=app4.M4 parent=app4.M0 nbrs={app4.M0,app4.M1,app0.M0}
  cost=4 deg=1 node=app9.Tag13 parent=app9.M0 nbrs={app9.M0}
  cost=3 deg=3 node=app1.M4 parent=app7.M0 nbrs={app1.M0,app1.M1,app7.M0}
  cost=3 deg=3 node=app5.M11 parent=app5.M0 nbrs={app5.M0,app5.M8,app10.M2}
  cost=2 deg=3 node=app4.M3 parent=app4.M0 nbrs={app4.M0,app4.M5,app6.M5}
  cost=2 deg=2 node=app5.M4 parent=app5.M0 nbrs={app5.M0,app5.File3}
  cost=1 deg=2 node=app3.M3 parent=app3.M0 nbrs={app3.M0,app3.M2}
  cost=1 deg=3 node=app4.M5 parent=app4.M0 nbrs={app4.M0,app4.M3,app10.M6}
[carrier-cross] segment 62 -> carrier-grouped 49 (-21%). Carriers: 82 total (3 bundle + 52 cluster-pair + 27 individual).
[isolated-stash] Stashed 4 edge-less nodes in 6-column strip at x>=38346.
[face-raster] grid 8195x6590 (cell 5.0x5.0 units), 300 faces, 53820228 bg cells (99.7% of grid)
  face #1: 42706263 cells (79.3%), bbox 8195x6590 @ (0,0)
  face #204: 2439883 cells (4.5%), bbox 2165x2363 @ (1688,4059)
  face #3: 1395651 cells (2.6%), bbox 3713x2114 @ (3495,862)
  face #12: 1020821 cells (1.9%), bbox 2756x1452 @ (4486,1593)
  face #19: 647306 cells (1.2%), bbox 760x1254 @ (4360,2074)
  face #11: 530069 cells (1.0%), bbox 1437x1717 @ (4484,1593)
  face #153: 419612 cells (0.8%), bbox 571x1192 @ (3405,3778)
  face #20: 409628 cells (0.8%), bbox 1446x1017 @ (2509,2250)
[face-cohesion] 26 clusters analysed, 8 low-cohesion (<60% in dominant face)
  cohesion histogram:
     20%- 29%: 3 clusters
     30%- 39%: 2 clusters
     40%- 49%: 1 clusters
     50%- 59%: 2 clusters
     60%- 69%: 2 clusters
     70%- 79%: 1 clusters
    100%-100%: 15 clusters
  top 8 low-cohesion clusters (largest first):
    _louv_28: 7 members, 2 in dominant face, 6 faces total (29%)
    _louv_44: 6 members, 2 in dominant face, 4 faces total (33%)
    _louv_10: 6 members, 2 in dominant face, 4 faces total (33%)
    _louv_37: 5 members, 2 in dominant face, 4 faces total (40%)
    _louv_16: 4 members, 1 in dominant face, 4 faces total (25%)
    _louv_13: 4 members, 1 in dominant face, 4 faces total (25%)
    _louv_15: 2 members, 1 in dominant face, 2 faces total (50%)
    _louv_6: 2 members, 1 in dominant face, 2 faces total (50%)
[face-density] 184 micro-faces (size<50), top 10 hot regions (macro 64x64 cells):
  region (57,75): 31 micro-faces, world (17403,23316)-(17723,23636)
  region (26,100): 18 micro-faces, world (7483,31315)-(7803,31635)
  region (57,74): 14 micro-faces, world (17403,22996)-(17723,23316)
  region (6,59): 11 micro-faces, world (1084,18196)-(1404,18516)
  region (55,58): 9 micro-faces, world (16763,17876)-(17083,18196)
  region (55,62): 7 micro-faces, world (16763,19156)-(17083,19476)
  region (61,13): 6 micro-faces, world (18683,3478)-(19003,3798)
  region (27,99): 5 micro-faces, world (7803,30995)-(8123,31315)
  region (79,54): 5 micro-faces, world (24442,16596)-(24762,16916)
  region (61,56): 5 micro-faces, world (18683,17236)-(19003,17556)
[face-ppm] Wrote /tmp/face-raster.ppm (2048x1647, downsampled from 8195x6590 by 4)
[face-untangle] 5 target clusters, 13 strays, 1 moved → REVERTED (poly cross 59 → 62)
[stuck-leaf-2d] pass 1: 4 candidates, 0 moved, 0 cost units resolved.
[stuck-leaf-2d] 4 candidates, 0 moved, 0 cost units resolved (poly cross 57 → 57, 0 fewer)
[hot-region-sa] 1 hot cells (≥4 cross, 57 cross pts), top 1 processed, 19/146 swap accepted (cross 57 → 57, 0 fewer)
