[community] algorithm=louvain communities=99 meta=4
[hub-bias] Super-graph: pushed 11 high-deg cluster roots to 1.4x avgR.
[cg-time] 9ms post-hub-bias
[cg-time] 112ms pre-§10-outward-radial
[cg-time] 112ms pre-§11-compose
[cg-time] 112ms pre-§12-pruning-reattach
[cg-time] 113ms pre-§13-cluster-swap
[cg-time] 634ms pre-§14-chain-straightening
[cg-time] 634ms pre-§15-pruned-cross-min
[§15.5] Optimized 29 alone-root+independent nodes (5 moves).
[cg-time] 642ms pre-bus-bundle
[bus-bundle] Created 4 bus bundles (8 members, sig ≥ 2 roots).
[xings-hotspot] total=213 xings across 121 offending edges (of 336)
  edge app2.M0↔app18.M3 xings=14 cluster=(?,?)
  edge core.Hub0↔app0.M0 xings=14 cluster=(?,_louv_2)
  edge app8.M2↔app13.M7 xings=12 cluster=(_louv_50,?)
  edge app15.M0↔app15.M3 xings=12 cluster=(?,?)
  edge core.Hub0↔app16.M0 xings=10 cluster=(?,_louv_41)
  edge app10.M3↔app16.M1 xings=10 cluster=(?,?)
  edge core.Hub1↔app10.M0 xings=10 cluster=(_louv_1,_louv_62)
  edge core.Hub0↔app4.M0 xings=9 cluster=(?,_louv_28)
[xings-hotspot] top cluster signatures:
  {?|_louv_41} xings=5
  {?|_louv_5|_louv_85} xings=3
  {?|_louv_1|_louv_44} xings=3
  {?|_louv_1|_louv_67} xings=3
  {?|_louv_2} xings=3
  {?|_louv_28|_louv_57|_louv_60} xings=3
  {?|_louv_11|_louv_41} xings=3
  {?|_louv_30|_louv_96} xings=3
[bundle-clear] Pushed 1 nodes off bundle bboxes.
[knot-min] Accepted 41 spatial swaps among 258 candidates.
[knot-min-2opt] Accepted 1 cross-targeted swaps.
[carrier-pre] 339 edges → 214 distinct carriers (cost-side filter).
[leaf-untangle] candidates=167, with-cross=37, moved=33, crossings-resolved=103.
[leaf-untangle] candidates=167, with-cross=16, moved=4, crossings-resolved=10.
[leaf-untangle] candidates=167, with-cross=15, moved=4, crossings-resolved=9.
[leaf-untangle] candidates=167, with-cross=11, moved=0, crossings-resolved=0.
[stuck-leaf-diag] 22 candidates with cost>0 (top 15 below):
  cost=18 deg=3 node=app15.M0 parent=core.Hub0 nbrs={app15.M3,core.Hub0,app6.M0}
  cost=15 deg=3 node=app1.M6 parent=app1.M0 nbrs={app1.M0,app1.M11,app1.Tag27}
  cost=9 deg=3 node=app4.M8 parent=app4.M0 nbrs={app4.M0,app4.M7,app10.M6}
  cost=6 deg=2 node=app1.M11 parent=app1.M0 nbrs={app1.M0,app1.M6}
  cost=6 deg=3 node=app18.M12 parent=app18.M0 nbrs={app18.M0,app18.M10,app18.Address25}
  cost=4 deg=2 node=app10.M5 parent=app10.M0 nbrs={app10.M0,app10.M10}
  cost=3 deg=2 node=app1.M1 parent=app1.M0 nbrs={app1.M0,app1.M2}
  cost=3 deg=2 node=app2.M7 parent=app18.M0 nbrs={app2.Address17,app18.M0}
  cost=3 deg=2 node=app3.M9 parent=app3.M0 nbrs={app3.M0,app3.Tag21}
  cost=3 deg=1 node=app10.M8 parent=app10.M0 nbrs={app10.M0}
  cost=3 deg=2 node=app18.M10 parent=app18.M0 nbrs={app18.M0,app18.M12}
  cost=3 deg=1 node=app18.M13 parent=app18.M0 nbrs={app18.M0}
  cost=2 deg=2 node=app19.M2 parent=app16.M1 nbrs={app19.M0,app16.M1}
  cost=1 deg=2 node=app4.M3 parent=app4.M0 nbrs={app4.M0,app4.M7}
  cost=1 deg=2 node=app8.M1 parent=app8.M11 nbrs={app8.M11,app8.M13}
[pd-knot] 152 polyline cross pairs, 3 resolved via endpoint swap.
[xings-detour] iters=2 initial-poly-pairs=145 accepted=5 (multi-seg, density-aware, polyline detect, iterative).
[visual-knot] 138→138 cross points, 8→8 hot cells (≥3), 8 handled, 0 swap accepted.
[leaf-untangle] candidates=167, with-cross=12, moved=1, crossings-resolved=4.
[leaf-untangle] candidates=167, with-cross=11, moved=0, crossings-resolved=0.
[stuck-leaf-diag] 22 candidates with cost>0 (top 15 below):
  cost=17 deg=3 node=app15.M0 parent=core.Hub0 nbrs={app15.M3,core.Hub0,app6.M0}
  cost=15 deg=3 node=app1.M6 parent=app1.M0 nbrs={app1.M0,app1.M11,app1.Tag27}
  cost=9 deg=3 node=app4.M8 parent=app4.M0 nbrs={app4.M0,app4.M7,app10.M6}
  cost=6 deg=2 node=app1.M11 parent=app1.M0 nbrs={app1.M0,app1.M6}
  cost=6 deg=3 node=app18.M12 parent=app18.M0 nbrs={app18.M0,app18.M10,app18.Address25}
  cost=4 deg=2 node=app10.M5 parent=app10.M0 nbrs={app10.M0,app10.M10}
  cost=3 deg=2 node=app1.M1 parent=app1.M0 nbrs={app1.M0,app1.M2}
  cost=3 deg=2 node=app2.M7 parent=app18.M0 nbrs={app2.Address17,app18.M0}
  cost=3 deg=2 node=app3.M9 parent=app3.M0 nbrs={app3.M0,app3.Tag21}
  cost=3 deg=1 node=app10.M8 parent=app10.M0 nbrs={app10.M0}
  cost=3 deg=2 node=app18.M10 parent=app18.M0 nbrs={app18.M0,app18.M12}
  cost=3 deg=1 node=app18.M13 parent=app18.M0 nbrs={app18.M0}
  cost=2 deg=2 node=app19.M2 parent=app16.M1 nbrs={app19.M0,app16.M1}
  cost=1 deg=2 node=app4.M3 parent=app4.M0 nbrs={app4.M0,app4.M7}
  cost=1 deg=2 node=app8.M1 parent=app8.M11 nbrs={app8.M11,app8.M13}
[carrier-cross] segment 139 -> carrier-grouped 131 (-6%). Carriers: 217 total (9 bundle + 138 cluster-pair + 70 individual).
[isolated-stash] Stashed 6 edge-less nodes in 6-column strip at x>=71937.
[face-raster] grid 12280x8143 (cell 6.2x6.2 units), 1008 faces, 99767896 bg cells (99.8% of grid)
  face #1: 95130310 cells (95.4%), bbox 12280x8143 @ (0,0)
  face #57: 321022 cells (0.3%), bbox 554x1288 @ (1008,3171)
  face #12: 219097 cells (0.2%), bbox 974x1045 @ (2687,2962)
  face #446: 205845 cells (0.2%), bbox 706x745 @ (1357,4481)
  face #10: 202230 cells (0.2%), bbox 874x747 @ (2781,2962)
  face #691: 190689 cells (0.2%), bbox 720x1125 @ (3043,4917)
  face #226: 165006 cells (0.2%), bbox 683x487 @ (3770,3905)
  face #386: 134837 cells (0.1%), bbox 516x872 @ (2888,4292)
[face-cohesion] 70 clusters analysed, 21 low-cohesion (<60% in dominant face)
  cohesion histogram:
     20%- 29%: 1 clusters
     30%- 39%: 3 clusters
     40%- 49%: 1 clusters
     50%- 59%: 16 clusters
     60%- 69%: 11 clusters
     70%- 79%: 3 clusters
    100%-100%: 35 clusters
  top 10 low-cohesion clusters (largest first):
    _louv_6: 6 members, 2 in dominant face, 5 faces total (33%)
    _louv_92: 5 members, 2 in dominant face, 4 faces total (40%)
    _louv_42: 5 members, 1 in dominant face, 5 faces total (20%)
    _louv_80: 4 members, 2 in dominant face, 3 faces total (50%)
    _louv_72: 4 members, 2 in dominant face, 3 faces total (50%)
    _louv_62: 4 members, 2 in dominant face, 3 faces total (50%)
    _louv_35: 4 members, 2 in dominant face, 3 faces total (50%)
    _louv_11: 4 members, 2 in dominant face, 3 faces total (50%)
    _louv_68: 3 members, 1 in dominant face, 3 faces total (33%)
    _louv_67: 3 members, 1 in dominant face, 3 faces total (33%)
[face-density] 743 micro-faces (size<50), top 10 hot regions (macro 64x64 cells):
  region (55,90): 49 micro-faces, world (20388,34823)-(20786,35222)
  region (50,84): 46 micro-faces, world (18397,32434)-(18795,32832)
  region (40,72): 31 micro-faces, world (14414,27654)-(14812,28052)
  region (56,91): 26 micro-faces, world (20786,35222)-(21185,35620)
  region (58,94): 23 micro-faces, world (21583,36416)-(21981,36815)
  region (52,58): 23 micro-faces, world (19193,22078)-(19592,22476)
  region (33,55): 22 micro-faces, world (11626,20883)-(12024,21281)
  region (20,72): 21 micro-faces, world (6448,27654)-(6846,28052)
  region (54,89): 19 micro-faces, world (19990,34425)-(20388,34823)
  region (45,70): 17 micro-faces, world (16405,26858)-(16804,27256)
[face-ppm] Wrote /tmp/face-raster.ppm (3070x2035, downsampled from 12280x8143 by 4)
[face-untangle] 21 target clusters, 34 strays, 0 moved (poly cross 138 → 138, 0 fewer)
[stuck-leaf-2d] pass 1: 2 candidates, 0 moved, 0 cost units resolved.
[stuck-leaf-2d] 2 candidates, 0 moved, 0 cost units resolved (poly cross 138 → 138, 0 fewer)
[hot-region-sa] 8 hot cells (≥4 cross, 138 cross pts), top 5 processed, 28/558 swap accepted (cross 138 → 138, 0 fewer)
