[community] algorithm=louvain communities=77 meta=4
[hub-bias] Super-graph: pushed 4 high-deg cluster roots to 1.4x avgR.
[cg-time] 5ms post-hub-bias
[cg-time] 30ms pre-§10-outward-radial
[cg-time] 30ms pre-§11-compose
[cg-time] 30ms pre-§12-pruning-reattach
[cg-time] 30ms pre-§13-cluster-swap
[cg-time] 234ms pre-§14-chain-straightening
[cg-time] 234ms pre-§15-pruned-cross-min
[§15.5] Optimized 19 alone-root+independent nodes (6 moves).
[cg-time] 238ms pre-bus-bundle
[bus-bundle] Created 1 bus bundles (3 members, sig ≥ 2 roots).
[xings-hotspot] total=177 xings across 108 offending edges (of 247)
  edge app3.M6↔app9.M0 xings=11 cluster=(?,_louv_39)
  edge core.Hub0↔app14.M0 xings=11 cluster=(_louv_0,_louv_65)
  edge app4.M7↔app14.M0 xings=11 cluster=(?,_louv_65)
  edge app2.M3↔app2.M7 xings=10 cluster=(?,_louv_4)
  edge core.Hub0↔app4.M0 xings=10 cluster=(_louv_0,_louv_19)
  edge core.Hub0↔app10.M0 xings=9 cluster=(_louv_0,?)
  edge app5.M0↔app5.M5 xings=9 cluster=(_louv_21,?)
  edge app12.M0↔app12.M4 xings=9 cluster=(_louv_56,_louv_58)
[xings-hotspot] top cluster signatures:
  {?|_louv_19|_louv_4} xings=10
  {?|_louv_19} xings=8
  {?|_louv_21} xings=8
  {?|_louv_20|_louv_4} xings=5
  {?|_louv_20} xings=4
  {?|_louv_20|_louv_25} xings=4
  {?|_louv_0} xings=3
  {?|_louv_21|_louv_65} xings=3
[knot-min] Accepted 39 spatial swaps among 202 candidates.
[carrier-pre] 251 edges → 147 distinct carriers (cost-side filter).
[leaf-untangle] candidates=120, with-cross=42, moved=33, crossings-resolved=118.
[leaf-untangle] candidates=120, with-cross=14, moved=5, crossings-resolved=15.
[leaf-untangle] candidates=120, with-cross=12, moved=1, crossings-resolved=3.
[leaf-untangle] candidates=120, with-cross=11, moved=0, crossings-resolved=0.
[stuck-leaf-diag] 14 candidates with cost>0 (top 15 below):
  cost=9 deg=2 node=app4.M2 parent=app4.M0 nbrs={app4.M0,app4.M7}
  cost=7 deg=1 node=app4.M8 parent=app4.M0 nbrs={app4.M0}
  cost=6 deg=3 node=app5.M9 parent=app5.M0 nbrs={app5.M0,app5.M8,app14.M12}
  cost=4 deg=2 node=app6.M2 parent=app6.M0 nbrs={app6.M0,app13.M6}
  cost=4 deg=2 node=app9.M2 parent=app9.M0 nbrs={app9.M0,app9.Tag43}
  cost=3 deg=1 node=app4.Address33 parent=app4.M6 nbrs={app4.M6}
  cost=2 deg=2 node=app10.M7 parent=app11.M7 nbrs={app10.Address1,app11.M7}
  cost=2 deg=2 node=app11.M1 parent=app11.M0 nbrs={app11.M0,app0.M0}
  cost=2 deg=2 node=app11.M4 parent=app11.M0 nbrs={app11.M0,app11.Tag8}
  cost=2 deg=2 node=app11.M5 parent=app11.M0 nbrs={app11.M0,app11.Log40}
  cost=1 deg=3 node=app1.M1 parent=app1.M0 nbrs={app1.M0,app1.M6,app1.M7}
  cost=1 deg=3 node=app5.M11 parent=app5.M0 nbrs={app5.M0,app5.M1,app5.M8}
  cost=1 deg=2 node=app15.M1 parent=app15.M0 nbrs={app15.M0,app5.M2}
  cost=1 deg=1 node=app11.Tag8 parent=app11.M4 nbrs={app11.M4}
[pd-knot] 99 polyline cross pairs, 1 resolved via endpoint swap.
[xings-detour] iters=2 initial-poly-pairs=106 accepted=6 (multi-seg, density-aware, polyline detect, iterative).
[visual-knot] 96→96 cross points, 6→6 hot cells (≥3), 6 handled, 0 swap accepted.
[leaf-untangle] candidates=120, with-cross=11, moved=0, crossings-resolved=0.
[stuck-leaf-diag] 14 candidates with cost>0 (top 15 below):
  cost=9 deg=2 node=app4.M2 parent=app4.M0 nbrs={app4.M0,app4.M7}
  cost=7 deg=1 node=app4.M8 parent=app4.M0 nbrs={app4.M0}
  cost=6 deg=3 node=app5.M9 parent=app5.M0 nbrs={app5.M0,app5.M8,app14.M12}
  cost=4 deg=2 node=app6.M2 parent=app6.M0 nbrs={app6.M0,app13.M6}
  cost=4 deg=2 node=app9.M2 parent=app9.M0 nbrs={app9.M0,app9.Tag43}
  cost=3 deg=1 node=app4.Address33 parent=app4.M6 nbrs={app4.M6}
  cost=2 deg=2 node=app10.M7 parent=app11.M7 nbrs={app10.Address1,app11.M7}
  cost=2 deg=2 node=app11.M1 parent=app11.M0 nbrs={app11.M0,app0.M0}
  cost=2 deg=2 node=app11.M4 parent=app11.M0 nbrs={app11.M0,app11.Tag8}
  cost=2 deg=2 node=app11.M5 parent=app11.M0 nbrs={app11.M0,app11.Log40}
  cost=1 deg=3 node=app1.M1 parent=app1.M0 nbrs={app1.M0,app1.M6,app1.M7}
  cost=1 deg=3 node=app5.M11 parent=app5.M0 nbrs={app5.M0,app5.M1,app5.M8}
  cost=1 deg=2 node=app15.M1 parent=app15.M0 nbrs={app15.M0,app5.M2}
  cost=1 deg=1 node=app11.Tag8 parent=app11.M4 nbrs={app11.M4}
[carrier-cross] segment 98 -> carrier-grouped 86 (-12%). Carriers: 146 total (2 bundle + 93 cluster-pair + 51 individual).
[isolated-stash] Stashed 10 edge-less nodes in 6-column strip at x>=14941.
[face-raster] grid 3441x2319 (cell 5.0x5.0 units), 623 faces, 7793760 bg cells (97.7% of grid)
  face #1: 6101907 cells (78.3%), bbox 3441x2319 @ (0,0)
  face #106: 110008 cells (1.4%), bbox 609x637 @ (1312,497)
  face #105: 91235 cells (1.2%), bbox 450x570 @ (1570,494)
  face #574: 74964 cells (1.0%), bbox 474x467 @ (1624,1702)
  face #415: 65614 cells (0.8%), bbox 633x178 @ (1874,1218)
  face #320: 61827 cells (0.8%), bbox 408x220 @ (1001,998)
  face #552: 56263 cells (0.7%), bbox 268x408 @ (806,1605)
  face #447: 54944 cells (0.7%), bbox 524x331 @ (797,1307)
[face-cohesion] 51 clusters analysed, 19 low-cohesion (<60% in dominant face)
  cohesion histogram:
     20%- 29%: 3 clusters
     30%- 39%: 4 clusters
     50%- 59%: 12 clusters
     60%- 69%: 10 clusters
     70%- 79%: 1 clusters
    100%-100%: 21 clusters
  top 10 low-cohesion clusters (largest first):
    _louv_21: 7 members, 2 in dominant face, 6 faces total (29%)
    _louv_51: 4 members, 1 in dominant face, 4 faces total (25%)
    _louv_18: 4 members, 1 in dominant face, 4 faces total (25%)
    _louv_8: 4 members, 2 in dominant face, 3 faces total (50%)
    _louv_39: 3 members, 1 in dominant face, 3 faces total (33%)
    _louv_49: 3 members, 1 in dominant face, 3 faces total (33%)
    _louv_19: 3 members, 1 in dominant face, 3 faces total (33%)
    _louv_25: 3 members, 1 in dominant face, 3 faces total (33%)
    _louv_76: 2 members, 1 in dominant face, 2 faces total (50%)
    _louv_54: 2 members, 1 in dominant face, 2 faces total (50%)
[face-density] 403 micro-faces (size<50), top 10 hot regions (macro 64x64 cells):
  region (23,3): 60 micro-faces, world (6980,689)-(7300,1009)
  region (7,20): 27 micro-faces, world (1861,6128)-(2181,6448)
  region (20,6): 23 micro-faces, world (6020,1649)-(6340,1969)
  region (24,12): 20 micro-faces, world (7300,3568)-(7620,3888)
  region (21,16): 16 micro-faces, world (6340,4848)-(6660,5168)
  region (8,20): 15 micro-faces, world (2181,6128)-(2501,6448)
  region (18,11): 14 micro-faces, world (5380,3248)-(5700,3568)
  region (20,28): 13 micro-faces, world (6020,8688)-(6340,9008)
  region (15,12): 11 micro-faces, world (4421,3568)-(4741,3888)
  region (22,27): 10 micro-faces, world (6660,8368)-(6980,8688)
[face-ppm] Wrote /tmp/face-raster.ppm (3441x2319, downsampled from 3441x2319 by 1)
[face-untangle] 16 target clusters, 21 strays, 1 moved → REVERTED (poly cross 96 → 97)
[stuck-leaf-2d] pass 1: 2 candidates, 2 moved, 4 cost units resolved.
[stuck-leaf-2d] pass 2: 1 candidates, 0 moved, 0 cost units resolved.
[stuck-leaf-2d] 1 candidates, 2 moved, 4 cost units resolved (poly cross 105 → 103, 2 fewer)
[hot-region-sa] 6 hot cells (≥4 cross), top 5 processed, 43/786 swap accepted → REVERTED (cross 103 → 104)
