[community] algorithm=louvain communities=64 meta=4
[hub-bias] Super-graph: pushed 5 high-deg cluster roots to 1.4x avgR.
[cg-time] 10ms post-hub-bias
[cg-time] 38ms pre-§10-outward-radial
[cg-time] 38ms pre-§11-compose
[cg-time] 38ms pre-§12-pruning-reattach
[cg-time] 38ms pre-§13-cluster-swap
[cg-time] 172ms pre-§14-chain-straightening
[cg-time] 172ms pre-§15-pruned-cross-min
[§15.5] Optimized 16 alone-root+independent nodes (6 moves).
[cg-time] 174ms pre-bus-bundle
[bus-bundle] Created 4 bus bundles (8 members, sig ≥ 2 roots).
[xings-hotspot] total=196 xings across 104 offending edges (of 204)
  edge app11.M5↔app13.M9 xings=13 cluster=(?,?)
  edge app4.M1↔app4.M2 xings=13 cluster=(?,?)
  edge app1.M5↔app6.M5 xings=13 cluster=(?,?)
  edge app2.M10↔app8.M5 xings=12 cluster=(?,?)
  edge app4.M0↔app4.M1 xings=11 cluster=(_louv_16,?)
  edge app14.M0↔app14.M1 xings=11 cluster=(_louv_61,?)
  edge app2.M5↔app2.M8 xings=11 cluster=(_louv_10,_louv_9)
  edge app10.M0↔app10.M12 xings=11 cluster=(_louv_42,_louv_40)
[xings-hotspot] top cluster signatures:
  {_louv_10|_louv_9} xings=6
  {?|_louv_42|_louv_52} xings=6
  {?|_louv_57} xings=6
  {?} xings=5
  {?|_louv_46} xings=5
  {?|_louv_57|_louv_9} xings=5
  {?|_louv_10|_louv_9} xings=4
  {?|_louv_36|_louv_40|_louv_42} xings=4
[bundle-clear] Pushed 1 nodes off bundle bboxes.
[knot-min] Accepted 44 spatial swaps among 142 candidates.
[knot-min-2opt] Accepted 3 cross-targeted swaps.
[carrier-pre] 207 edges → 127 distinct carriers (cost-side filter).
[leaf-untangle] candidates=85, with-cross=27, moved=18, crossings-resolved=58.
[leaf-untangle] candidates=85, with-cross=20, moved=6, crossings-resolved=13.
[leaf-untangle] candidates=85, with-cross=18, moved=2, crossings-resolved=3.
[leaf-untangle] candidates=85, with-cross=18, moved=1, crossings-resolved=2.
[stuck-leaf-diag] 36 candidates with cost>0 (top 15 below):
  cost=15 deg=2 node=app8.M11 parent=app8.M0 nbrs={app8.M0,app8.M9}
  cost=14 deg=3 node=app1.M9 parent=app8.M0 nbrs={app1.M0,app1.M5,app8.M0}
  cost=14 deg=3 node=app0.M3 parent=app0.M0 nbrs={app0.M0,app0.M8,app13.M11}
  cost=12 deg=2 node=app8.M9 parent=app8.M0 nbrs={app8.M0,app8.M11}
  cost=12 deg=2 node=app10.M12 parent=app10.M0 nbrs={app10.M0,app9.M2}
  cost=12 deg=3 node=app10.M5 parent=app10.M0 nbrs={app10.M0,app10.M9,app7.M5}
  cost=11 deg=3 node=app12.M9 parent=app12.M0 nbrs={app12.M0,app12.M5,app14.M8}
  cost=10 deg=3 node=app6.M5 parent=app6.M0 nbrs={app6.M0,app6.M3,app1.M5}
  cost=10 deg=2 node=app12.M5 parent=app12.M0 nbrs={app12.M0,app12.M9}
  cost=9 deg=2 node=app12.M11 parent=app1.M5 nbrs={app9.M4,app1.M5}
  cost=9 deg=3 node=app8.M2 parent=app8.M0 nbrs={app8.M0,app8.M3,app0.M4}
  cost=7 deg=2 node=app9.M8 parent=app4.M4 nbrs={app9.M6,app4.M4}
  cost=7 deg=3 node=app8.M7 parent=app8.M0 nbrs={app8.M0,app8.M5,app3.M1}
  cost=6 deg=1 node=app14.M4 parent=app14.M0 nbrs={app14.M0}
  cost=6 deg=2 node=app1.M11 parent=app1.M0 nbrs={app1.M0,app13.M4}
[pd-knot] 115 polyline cross pairs, 2 resolved via endpoint swap.
[xings-detour] iters=2 initial-poly-pairs=120 accepted=5 (multi-seg, density-aware, polyline detect, iterative).
[visual-knot] 114→114 cross points, 5→5 hot cells (≥3), 5 handled, 0 swap accepted.
[leaf-untangle] candidates=85, with-cross=18, moved=0, crossings-resolved=0.
[stuck-leaf-diag] 36 candidates with cost>0 (top 15 below):
  cost=15 deg=2 node=app8.M11 parent=app8.M0 nbrs={app8.M0,app8.M9}
  cost=15 deg=3 node=app0.M3 parent=app0.M0 nbrs={app0.M0,app0.M8,app13.M11}
  cost=14 deg=3 node=app1.M9 parent=app8.M0 nbrs={app1.M0,app1.M5,app8.M0}
  cost=12 deg=2 node=app8.M9 parent=app8.M0 nbrs={app8.M0,app8.M11}
  cost=11 deg=3 node=app12.M9 parent=app12.M0 nbrs={app12.M0,app12.M5,app14.M8}
  cost=11 deg=2 node=app10.M12 parent=app10.M0 nbrs={app10.M0,app9.M2}
  cost=10 deg=3 node=app6.M5 parent=app6.M0 nbrs={app6.M0,app6.M3,app1.M5}
  cost=10 deg=2 node=app12.M5 parent=app12.M0 nbrs={app12.M0,app12.M9}
  cost=10 deg=3 node=app10.M5 parent=app10.M0 nbrs={app10.M0,app10.M9,app7.M5}
  cost=9 deg=2 node=app12.M11 parent=app1.M5 nbrs={app9.M4,app1.M5}
  cost=9 deg=3 node=app8.M2 parent=app8.M0 nbrs={app8.M0,app8.M3,app0.M4}
  cost=7 deg=2 node=app9.M8 parent=app4.M4 nbrs={app9.M6,app4.M4}
  cost=7 deg=3 node=app8.M7 parent=app8.M0 nbrs={app8.M0,app8.M5,app3.M1}
  cost=6 deg=1 node=app14.M4 parent=app14.M0 nbrs={app14.M0}
  cost=6 deg=2 node=app1.M11 parent=app1.M0 nbrs={app1.M0,app13.M4}
[carrier-cross] segment 109 -> carrier-grouped 91 (-17%). Carriers: 121 total (10 bundle + 82 cluster-pair + 29 individual).
[isolated-stash] Stashed 11 edge-less nodes in 6-column strip at x>=30113.
[face-raster] grid 9123x7678 (cell 5.0x5.0 units), 534 faces, 69755909 bg cells (99.6% of grid)
  face #1: 41558434 cells (59.6%), bbox 9123x7678 @ (0,0)
  face #20: 3951366 cells (5.7%), bbox 2185x5493 @ (6175,1413)
  face #2: 3001578 cells (4.3%), bbox 2921x1975 @ (3253,169)
  face #35: 2988270 cells (4.3%), bbox 1412x4829 @ (6571,2326)
  face #223: 2702129 cells (3.9%), bbox 3331x1695 @ (1359,3547)
  face #15: 2625731 cells (3.8%), bbox 2499x3034 @ (1341,858)
  face #360: 1410285 cells (2.0%), bbox 852x2829 @ (5819,4599)
  face #4: 1036406 cells (1.5%), bbox 2291x1860 @ (3249,753)
[face-cohesion] 25 clusters analysed, 10 low-cohesion (<60% in dominant face)
  cohesion histogram:
     10%- 19%: 2 clusters
     30%- 39%: 2 clusters
     40%- 49%: 1 clusters
     50%- 59%: 5 clusters
     60%- 69%: 5 clusters
     70%- 79%: 1 clusters
     80%- 89%: 1 clusters
    100%-100%: 8 clusters
  top 10 low-cohesion clusters (largest first):
    _louv_9: 7 members, 3 in dominant face, 5 faces total (43%)
    _louv_42: 6 members, 1 in dominant face, 6 faces total (17%)
    _louv_5: 6 members, 1 in dominant face, 6 faces total (17%)
    _louv_52: 4 members, 2 in dominant face, 3 faces total (50%)
    _louv_29: 3 members, 1 in dominant face, 3 faces total (33%)
    _louv_18: 3 members, 1 in dominant face, 3 faces total (33%)
    _louv_53: 2 members, 1 in dominant face, 2 faces total (50%)
    _louv_28: 2 members, 1 in dominant face, 2 faces total (50%)
    _louv_32: 2 members, 1 in dominant face, 2 faces total (50%)
    _louv_10: 2 members, 1 in dominant face, 2 faces total (50%)
[face-density] 336 micro-faces (size<50), top 10 hot regions (macro 64x64 cells):
  region (92,115): 32 micro-faces, world (16430,36013)-(16750,36333)
  region (113,108): 28 micro-faces, world (23149,33773)-(23469,34093)
  region (123,38): 28 micro-faces, world (26349,11374)-(26669,11694)
  region (106,67): 22 micro-faces, world (20910,20653)-(21230,20973)
  region (106,68): 19 micro-faces, world (20910,20973)-(21230,21293)
  region (93,115): 12 micro-faces, world (16750,36013)-(17070,36333)
  region (42,99): 12 micro-faces, world (431,30893)-(751,31213)
  region (82,82): 11 micro-faces, world (13230,25453)-(13550,25773)
  region (123,37): 10 micro-faces, world (26349,11054)-(26669,11374)
  region (70,36): 9 micro-faces, world (9390,10734)-(9710,11054)
[face-ppm] Wrote /tmp/face-raster.ppm (2280x1919, downsampled from 9123x7678 by 4)
[face-untangle] 8 target clusters, 14 strays, 0 moved (poly cross 108 → 108, 0 fewer)
[stuck-leaf-2d] pass 1: 1 candidates, 1 moved, 1 cost units resolved.
[stuck-leaf-2d] pass 2: 0 candidates, 0 moved, 0 cost units resolved.
[stuck-leaf-2d] 0 candidates, 1 moved, 1 cost units resolved (poly cross 108 → 107, 1 fewer)
[hot-region-sa] 3 hot cells (≥4 cross, 107 cross pts), top 3 processed, 6/161 swap accepted (cross 107 → 107, 0 fewer)
