[community] algorithm=louvain communities=69 meta=4
[hub-bias] Super-graph: pushed 2 high-deg cluster roots to 1.4x avgR.
[cg-time] 3ms post-hub-bias
[cg-time] 7ms pre-§10-outward-radial
[cg-time] 7ms pre-§11-compose
[cg-time] 7ms pre-§12-pruning-reattach
[cg-time] 7ms pre-§13-cluster-swap
[cg-time] 80ms pre-§14-chain-straightening
[cg-time] 80ms pre-§15-pruned-cross-min
[§15.5] Optimized 16 alone-root+independent nodes (1 moves).
[cg-time] 82ms pre-bus-bundle
[bus-bundle] Created 1 bus bundles (3 members, sig ≥ 2 roots).
[xings-hotspot] total=53 xings across 50 offending edges (of 190)
  edge app7.M0↔app14.M5 xings=8 cluster=(_louv_30,_louv_67)
  edge app0.M1↔app6.M1 xings=6 cluster=(?,?)
  edge app13.M2↔app13.M5 xings=5 cluster=(_louv_57,?)
  edge app7.M0↔app7.M5 xings=5 cluster=(_louv_30,?)
  edge app10.M0↔app10.M5 xings=4 cluster=(_louv_46,_louv_48)
  edge app6.M1↔app9.M2 xings=4 cluster=(?,_louv_29)
  edge app2.M4↔app2.M7 xings=4 cluster=(_louv_8,?)
  edge app2.M4↔app3.M2 xings=4 cluster=(_louv_8,?)
[xings-hotspot] top cluster signatures:
  {?|_louv_7|_louv_8} xings=5
  {?|_louv_27|_louv_29} xings=3
  {?|_louv_20|_louv_57} xings=3
  {?|_louv_0|_louv_30} xings=2
  {?|_louv_8} xings=2
  {?|_louv_0|_louv_30|_louv_67} xings=2
  {?|_louv_57} xings=2
  {?|_louv_37|_louv_46|_louv_48} xings=2
[knot-min] Accepted 31 spatial swaps among 158 candidates.
[carrier-pre] 193 edges → 113 distinct carriers (cost-side filter).
[leaf-untangle] candidates=95, with-cross=26, moved=24, crossings-resolved=90.
[leaf-untangle] candidates=95, with-cross=12, moved=7, crossings-resolved=19.
[leaf-untangle] candidates=95, with-cross=10, moved=3, crossings-resolved=8.
[leaf-untangle] candidates=95, with-cross=8, moved=0, crossings-resolved=0.
[stuck-leaf-diag] 13 candidates with cost>0 (top 15 below):
  cost=7 deg=1 node=app13.Address30 parent=app13.M1 nbrs={app13.M1}
  cost=6 deg=2 node=app13.M3 parent=app13.M0 nbrs={app13.M0,app14.M7}
  cost=5 deg=3 node=app0.M2 parent=app1.M0 nbrs={app0.M0,app0.M1,app1.M0}
  cost=4 deg=2 node=app7.M5 parent=app7.M0 nbrs={app7.M0,app2.M4}
  cost=4 deg=3 node=app8.M4 parent=app8.M0 nbrs={app8.M0,app8.M7,app0.M0}
  cost=4 deg=3 node=app13.M2 parent=app13.M0 nbrs={app13.M0,app13.M5,app12.M4}
  cost=3 deg=2 node=app8.M1 parent=app8.M0 nbrs={app8.M0,app8.M8}
  cost=3 deg=2 node=app10.M10 parent=app10.M0 nbrs={app10.M0,app10.M8}
  cost=2 deg=2 node=app2.M10 parent=app2.M0 nbrs={app2.M0,app2.M7}
  cost=2 deg=2 node=app12.M12 parent=app1.M1 nbrs={app10.M5,app1.M1}
  cost=1 deg=2 node=app3.M1 parent=app3.M0 nbrs={app3.M0,app3.M7}
  cost=1 deg=2 node=app4.M6 parent=app4.M9 nbrs={app4.M4,app4.M9}
  cost=1 deg=2 node=app10.M5 parent=app10.M0 nbrs={app10.M0,app12.M12}
[pd-knot] 23 polyline cross pairs, 1 resolved via endpoint swap.
[xings-detour] iters=1 initial-poly-pairs=23 accepted=0 (multi-seg, density-aware, polyline detect, iterative).
[visual-knot] 22→22 cross points, 0→0 hot cells (≥3), 0 handled, 0 swap accepted.
[leaf-untangle] candidates=95, with-cross=10, moved=2, crossings-resolved=2.
[leaf-untangle] candidates=95, with-cross=10, moved=2, crossings-resolved=6.
[leaf-untangle] candidates=95, with-cross=8, moved=0, crossings-resolved=0.
[stuck-leaf-diag] 13 candidates with cost>0 (top 15 below):
  cost=7 deg=1 node=app13.Address30 parent=app13.M1 nbrs={app13.M1}
  cost=6 deg=2 node=app13.M3 parent=app13.M0 nbrs={app13.M0,app14.M7}
  cost=5 deg=3 node=app0.M2 parent=app1.M0 nbrs={app0.M0,app0.M1,app1.M0}
  cost=4 deg=2 node=app7.M5 parent=app7.M0 nbrs={app7.M0,app2.M4}
  cost=4 deg=3 node=app8.M4 parent=app8.M0 nbrs={app8.M0,app8.M7,app0.M0}
  cost=4 deg=3 node=app13.M2 parent=app13.M0 nbrs={app13.M0,app13.M5,app12.M4}
  cost=3 deg=2 node=app8.M1 parent=app8.M0 nbrs={app8.M0,app8.M8}
  cost=3 deg=2 node=app10.M10 parent=app10.M0 nbrs={app10.M0,app10.M8}
  cost=2 deg=2 node=app2.M10 parent=app2.M0 nbrs={app2.M0,app2.M7}
  cost=2 deg=2 node=app12.M12 parent=app1.M1 nbrs={app10.M5,app1.M1}
  cost=1 deg=2 node=app3.M1 parent=app3.M0 nbrs={app3.M0,app3.M7}
  cost=1 deg=2 node=app4.M6 parent=app4.M9 nbrs={app4.M4,app4.M9}
  cost=1 deg=2 node=app10.M5 parent=app10.M0 nbrs={app10.M0,app12.M12}
[carrier-cross] segment 23 -> carrier-grouped 15 (-35%). Carriers: 117 total (3 bundle + 73 cluster-pair + 41 individual).
[isolated-stash] Stashed 14 edge-less nodes in 6-column strip at x>=12019.
[face-raster] grid 2836x2949 (cell 5.0x5.0 units), 257 faces, 8201068 bg cells (98.1% of grid)
  face #1: 6073000 cells (74.1%), bbox 2836x2949 @ (0,0)
  face #170: 546649 cells (6.7%), bbox 1012x1446 @ (122,1385)
  face #72: 148726 cells (1.8%), bbox 871x316 @ (121,925)
  face #2: 147216 cells (1.8%), bbox 654x983 @ (1724,88)
  face #92: 118261 cells (1.4%), bbox 676x451 @ (1011,1053)
  face #127: 115201 cells (1.4%), bbox 868x175 @ (113,1203)
  face #12: 98812 cells (1.2%), bbox 256x763 @ (570,341)
  face #11: 95043 cells (1.2%), bbox 687x854 @ (116,341)
[face-cohesion] 40 clusters analysed, 13 low-cohesion (<60% in dominant face)
  cohesion histogram:
     20%- 29%: 1 clusters
     30%- 39%: 2 clusters
     50%- 59%: 10 clusters
     60%- 69%: 10 clusters
    100%-100%: 17 clusters
  top 10 low-cohesion clusters (largest first):
    _louv_13: 5 members, 1 in dominant face, 5 faces total (20%)
    _louv_57: 4 members, 2 in dominant face, 2 faces total (50%)
    _louv_0: 4 members, 2 in dominant face, 3 faces total (50%)
    _louv_4: 4 members, 2 in dominant face, 2 faces total (50%)
    _louv_67: 3 members, 1 in dominant face, 3 faces total (33%)
    _louv_7: 3 members, 1 in dominant face, 3 faces total (33%)
    _louv_48: 2 members, 1 in dominant face, 2 faces total (50%)
    _louv_38: 2 members, 1 in dominant face, 2 faces total (50%)
    _louv_63: 2 members, 1 in dominant face, 2 faces total (50%)
    _louv_28: 2 members, 1 in dominant face, 2 faces total (50%)
[face-density] 152 micro-faces (size<50), top 10 hot regions (macro 64x64 cells):
  region (27,26): 26 micro-faces, world (8318,7986)-(8638,8306)
  region (31,21): 18 micro-faces, world (9598,6386)-(9918,6706)
  region (20,14): 16 micro-faces, world (6079,4147)-(6399,4467)
  region (13,25): 10 micro-faces, world (3839,7666)-(4159,7986)
  region (27,13): 8 micro-faces, world (8318,3827)-(8638,4147)
  region (20,17): 7 micro-faces, world (6079,5107)-(6399,5426)
  region (29,22): 6 micro-faces, world (8958,6706)-(9278,7026)
  region (26,12): 5 micro-faces, world (7998,3507)-(8318,3827)
  region (26,13): 5 micro-faces, world (7998,3827)-(8318,4147)
  region (31,20): 5 micro-faces, world (9598,6066)-(9918,6386)
[face-ppm] Wrote /tmp/face-raster.ppm (2836x2949, downsampled from 2836x2949 by 1)
[face-untangle] 12 target clusters, 17 strays, 1 moved (poly cross 22 → 22, 0 fewer)
[stuck-leaf-2d] pass 1: 1 candidates, 0 moved, 0 cost units resolved.
[stuck-leaf-2d] 1 candidates, 0 moved, 0 cost units resolved (poly cross 22 → 22, 0 fewer)
[hot-region-sa] 0 hot cells (≥4 cross, 22 cross pts), top 0 processed, 0/0 swap accepted (cross 22 → 22, 0 fewer)
