[community] algorithm=louvain communities=54 meta=4
[hub-bias] Super-graph: pushed 5 high-deg cluster roots to 1.4x avgR.
[cg-time] 2ms post-hub-bias
[cg-time] 7ms pre-§10-outward-radial
[cg-time] 7ms pre-§11-compose
[cg-time] 7ms pre-§12-pruning-reattach
[cg-time] 7ms pre-§13-cluster-swap
[cg-time] 152ms pre-§14-chain-straightening
[cg-time] 152ms pre-§15-pruned-cross-min
[§15.5] Optimized 7 alone-root+independent nodes (0 moves).
[cg-time] 153ms pre-bus-bundle
[xings-hotspot] total=75 xings across 60 offending edges (of 168)
  edge app9.M0↔app9.M2 xings=9 cluster=(_louv_22,_louv_19)
  edge app3.M0↔app6.M11 xings=8 cluster=(_louv_12,_louv_30)
  edge core.Hub0↔app5.M0 xings=7 cluster=(_louv_0,_louv_23)
  edge core.Hub0↔app1.M0 xings=6 cluster=(_louv_0,_louv_5)
  edge app3.M0↔app3.M3 xings=6 cluster=(_louv_12,_louv_15)
  edge core.Hub0↔app7.M0 xings=5 cluster=(_louv_0,_louv_35)
  edge app4.M0↔app4.M7 xings=5 cluster=(_louv_16,_louv_21)
  edge core.Hub0↔app8.M0 xings=5 cluster=(_louv_0,_louv_41)
[xings-hotspot] top cluster signatures:
  {?|_louv_0|_louv_23|_louv_6} xings=3
  {?|_louv_0|_louv_41|_louv_6} xings=2
  {?|_louv_22|_louv_6} xings=2
  {?|_louv_21} xings=2
  {?|_louv_19|_louv_22} xings=2
  {?|_louv_19|_louv_21} xings=2
  {?|_louv_0|_louv_21|_louv_44} xings=2
  {?|_louv_19} xings=2
[bundle-clear] Pushed 3 nodes off bundle bboxes.
[knot-min] Accepted 11 spatial swaps among 134 candidates.
[knot-min-2opt] Accepted 1 cross-targeted swaps.
[carrier-pre] 171 edges → 110 distinct carriers (cost-side filter).
[leaf-untangle] candidates=82, with-cross=29, moved=24, crossings-resolved=97.
[leaf-untangle] candidates=82, with-cross=17, moved=7, crossings-resolved=17.
[leaf-untangle] candidates=82, with-cross=12, moved=1, crossings-resolved=3.
[leaf-untangle] candidates=82, with-cross=11, moved=0, crossings-resolved=0.
[stuck-leaf-diag] 13 candidates with cost>0 (top 15 below):
  cost=12 deg=3 node=app5.M4 parent=app5.M0 nbrs={app5.M0,app5.M5,app5.M14}
  cost=7 deg=2 node=app4.M8 parent=app4.M0 nbrs={app4.M0,app9.M1}
  cost=7 deg=2 node=app9.M1 parent=app9.M0 nbrs={app9.M0,app4.M8}
  cost=6 deg=2 node=app5.M5 parent=app5.M0 nbrs={app5.M0,app5.M4}
  cost=4 deg=2 node=app7.M3 parent=app7.M0 nbrs={app7.M0,app1.M0}
  cost=2 deg=2 node=app8.M4 parent=app8.M0 nbrs={app8.M0,app8.M10}
  cost=2 deg=2 node=app8.M7 parent=app8.M0 nbrs={app8.M0,app8.M3}
  cost=2 deg=3 node=app8.M10 parent=app8.M0 nbrs={app8.M0,app8.M4,app5.M2}
  cost=1 deg=2 node=app1.M2 parent=app1.M0 nbrs={app1.M0,app8.M3}
  cost=1 deg=2 node=app4.M2 parent=app4.M0 nbrs={app4.M0,app7.M9}
  cost=1 deg=2 node=app7.M5 parent=app7.M0 nbrs={app7.M0,app11.M2}
  cost=1 deg=2 node=app8.M3 parent=app8.M7 nbrs={app8.M7,app1.M2}
  cost=1 deg=2 node=app11.M2 parent=app11.M0 nbrs={app11.M0,app7.M5}
[pd-knot] 48 polyline cross pairs, 1 resolved via endpoint swap.
[xings-detour] iters=1 initial-poly-pairs=51 accepted=0 (multi-seg, density-aware, polyline detect, iterative).
[visual-knot] 51→51 cross points, 5→5 hot cells (≥3), 5 handled, 0 swap accepted.
[leaf-untangle] candidates=82, with-cross=11, moved=0, crossings-resolved=0.
[stuck-leaf-diag] 13 candidates with cost>0 (top 15 below):
  cost=12 deg=3 node=app5.M4 parent=app5.M0 nbrs={app5.M0,app5.M5,app5.M14}
  cost=7 deg=2 node=app4.M8 parent=app4.M0 nbrs={app4.M0,app9.M1}
  cost=7 deg=2 node=app9.M1 parent=app9.M0 nbrs={app9.M0,app4.M8}
  cost=6 deg=2 node=app5.M5 parent=app5.M0 nbrs={app5.M0,app5.M4}
  cost=4 deg=2 node=app7.M3 parent=app7.M0 nbrs={app7.M0,app1.M0}
  cost=2 deg=2 node=app8.M4 parent=app8.M0 nbrs={app8.M0,app8.M10}
  cost=2 deg=2 node=app8.M7 parent=app8.M0 nbrs={app8.M0,app8.M3}
  cost=2 deg=3 node=app8.M10 parent=app8.M0 nbrs={app8.M0,app8.M4,app5.M2}
  cost=1 deg=2 node=app1.M2 parent=app1.M0 nbrs={app1.M0,app8.M3}
  cost=1 deg=2 node=app4.M2 parent=app4.M0 nbrs={app4.M0,app7.M9}
  cost=1 deg=2 node=app7.M5 parent=app7.M0 nbrs={app7.M0,app11.M2}
  cost=1 deg=2 node=app8.M3 parent=app8.M7 nbrs={app8.M7,app1.M2}
  cost=1 deg=2 node=app11.M2 parent=app11.M0 nbrs={app11.M0,app7.M5}
[carrier-cross] segment 51 -> carrier-grouped 45 (-12%). Carriers: 106 total (1 bundle + 72 cluster-pair + 33 individual).
[isolated-stash] Stashed 6 edge-less nodes in 6-column strip at x>=18279.
[face-raster] grid 4173x3152 (cell 5.0x5.0 units), 467 faces, 13008659 bg cells (98.9% of grid)
  face #1: 10719541 cells (82.4%), bbox 4173x3152 @ (0,0)
  face #294: 257720 cells (2.0%), bbox 1145x571 @ (374,2097)
  face #218: 172034 cells (1.3%), bbox 865x413 @ (740,1824)
  face #5: 137429 cells (1.1%), bbox 1038x322 @ (1354,817)
  face #287: 129985 cells (1.0%), bbox 1503x275 @ (2130,1989)
  face #9: 128289 cells (1.0%), bbox 225x1577 @ (143,1088)
  face #16: 113066 cells (0.9%), bbox 406x453 @ (1525,1145)
  face #122: 112087 cells (0.9%), bbox 395x562 @ (1337,1643)
[face-cohesion] 38 clusters analysed, 11 low-cohesion (<60% in dominant face)
  cohesion histogram:
     30%- 39%: 4 clusters
     50%- 59%: 7 clusters
     60%- 69%: 7 clusters
     70%- 79%: 1 clusters
     80%- 89%: 1 clusters
    100%-100%: 18 clusters
  top 10 low-cohesion clusters (largest first):
    _louv_41: 4 members, 2 in dominant face, 3 faces total (50%)
    _louv_10: 4 members, 2 in dominant face, 2 faces total (50%)
    _louv_40: 3 members, 1 in dominant face, 3 faces total (33%)
    _louv_1: 3 members, 1 in dominant face, 3 faces total (33%)
    _louv_22: 3 members, 1 in dominant face, 3 faces total (33%)
    _louv_0: 3 members, 1 in dominant face, 3 faces total (33%)
    _louv_14: 2 members, 1 in dominant face, 2 faces total (50%)
    _louv_15: 2 members, 1 in dominant face, 2 faces total (50%)
    _louv_12: 2 members, 1 in dominant face, 2 faces total (50%)
    _louv_5: 2 members, 1 in dominant face, 2 faces total (50%)
[face-density] 364 micro-faces (size<50), top 10 hot regions (macro 64x64 cells):
  region (45,46): 33 micro-faces, world (13948,14368)-(14268,14688)
  region (12,28): 32 micro-faces, world (3390,8608)-(3710,8928)
  region (13,26): 28 micro-faces, world (3710,7968)-(4030,8288)
  region (36,18): 24 micro-faces, world (11069,5409)-(11389,5729)
  region (7,37): 23 micro-faces, world (1790,11488)-(2110,11808)
  region (11,29): 22 micro-faces, world (3070,8928)-(3390,9248)
  region (12,27): 22 micro-faces, world (3390,8288)-(3710,8608)
  region (8,36): 21 micro-faces, world (2110,11168)-(2430,11488)
  region (7,38): 16 micro-faces, world (1790,11808)-(2110,12128)
  region (34,36): 13 micro-faces, world (10429,11168)-(10749,11488)
[face-ppm] Wrote /tmp/face-raster.ppm (2086x1576, downsampled from 4173x3152 by 2)
[face-untangle] 11 target clusters, 17 strays, 1 moved → REVERTED (poly cross 51 → 52)
[stuck-leaf-2d] pass 1: 0 candidates, 0 moved, 0 cost units resolved.
[stuck-leaf-2d] 0 candidates, 0 moved, 0 cost units resolved (poly cross 54 → 54, 0 fewer)
[hot-region-sa] 2 hot cells (≥4 cross, 54 cross pts), top 2 processed, 80/193 swap accepted (cross 54 → 54, 0 fewer)
