[community] algorithm=louvain communities=83 meta=4
[hub-bias] Super-graph: pushed 8 high-deg cluster roots to 1.4x avgR.
[cg-time] 5ms post-hub-bias
[cg-time] 1227ms pre-§10-outward-radial
[cg-time] 1227ms pre-§11-compose
[cg-time] 1227ms pre-§12-pruning-reattach
[cg-time] 1227ms pre-§13-cluster-swap
[cg-time] 1586ms pre-§14-chain-straightening
[cg-time] 1586ms pre-§15-pruned-cross-min
[§15.5] Optimized 30 alone-root+independent nodes (10 moves).
[cg-time] 1591ms pre-bus-bundle
[xings-hotspot] total=238 xings across 123 offending edges (of 257)
  edge app1.M2↔app10.M4 xings=23 cluster=(?,?)
  edge app4.M0↔app4.M2 xings=17 cluster=(?,?)
  edge app1.M3↔app11.M0 xings=16 cluster=(?,?)
  edge core.Hub0↔app17.M0 xings=12 cluster=(_louv_0,_louv_75)
  edge app5.M2↔app5.M4 xings=12 cluster=(_louv_27,_louv_29)
  edge app3.M2↔app11.M6 xings=11 cluster=(?,_louv_60)
  edge app4.M1↔app6.M1 xings=11 cluster=(?,?)
  edge app11.M0↔app11.M1 xings=11 cluster=(?,_louv_20)
[xings-hotspot] top cluster signatures:
  {?} xings=17
  {?|_louv_15|_louv_9} xings=7
  {?|_louv_22} xings=7
  {?|_louv_75} xings=6
  {?|_louv_72} xings=5
  {?|_louv_9} xings=4
  {?|_louv_47|_louv_75} xings=3
  {?|_louv_19|_louv_22} xings=3
[bundle-clear] Pushed 1 nodes off bundle bboxes.
[knot-min] Accepted 36 spatial swaps among 201 candidates.
[knot-min-2opt] Accepted 6 cross-targeted swaps.
[carrier-pre] 260 edges → 158 distinct carriers (cost-side filter).
[leaf-untangle] candidates=113, with-cross=35, moved=27, crossings-resolved=80.
[leaf-untangle] candidates=113, with-cross=17, moved=6, crossings-resolved=14.
[leaf-untangle] candidates=113, with-cross=13, moved=0, crossings-resolved=0.
[stuck-leaf-diag] 17 candidates with cost>0 (top 15 below):
  cost=12 deg=3 node=app2.M14 parent=app2.M0 nbrs={app2.M0,app2.M7,app3.M0}
  cost=6 deg=2 node=app2.M12 parent=app2.M0 nbrs={app2.M0,app2.Asset32}
  cost=6 deg=2 node=app17.M7 parent=app17.M0 nbrs={app17.M0,app17.M10}
  cost=5 deg=2 node=app13.M12 parent=app13.M0 nbrs={app13.M0,app16.M0}
  cost=4 deg=2 node=app9.M12 parent=app9.M0 nbrs={app9.M0,app9.M4}
  cost=4 deg=2 node=app14.M2 parent=app14.M0 nbrs={app14.M0,app5.M6}
  cost=3 deg=2 node=app13.M9 parent=app13.M4 nbrs={app13.M4,app13.Asset40}
  cost=2 deg=3 node=app1.M7 parent=app1.M0 nbrs={app1.M0,app1.M3,app2.M11}
  cost=2 deg=3 node=app9.M8 parent=app9.M4 nbrs={app9.M4,app9.M9,app12.M2}
  cost=2 deg=3 node=app9.M9 parent=app9.M4 nbrs={app9.M4,app9.M8,app9.M11}
  cost=1 deg=2 node=app5.M10 parent=app5.M0 nbrs={app5.M0,app5.M4}
  cost=1 deg=2 node=app9.M11 parent=app9.M9 nbrs={app9.M9,app13.M7}
  cost=1 deg=3 node=app10.M2 parent=app10.M0 nbrs={app10.M0,app10.M9,app10.M4}
  cost=1 deg=3 node=app10.M9 parent=app10.M0 nbrs={app10.M0,app10.M2,app8.M2}
  cost=1 deg=2 node=app13.M11 parent=app13.M0 nbrs={app13.M0,app12.M0}
[pd-knot] 159 polyline cross pairs, 2 resolved via endpoint swap.
[xings-detour] iters=2 initial-poly-pairs=173 accepted=3 (multi-seg, density-aware, polyline detect, iterative).
[visual-knot] 164→163 cross points, 6→5 hot cells (≥3), 11 handled, 1 swap accepted.
[leaf-untangle] candidates=113, with-cross=15, moved=3, crossings-resolved=5.
[leaf-untangle] candidates=113, with-cross=11, moved=0, crossings-resolved=0.
[stuck-leaf-diag] 15 candidates with cost>0 (top 15 below):
  cost=12 deg=3 node=app2.M14 parent=app2.M0 nbrs={app2.M0,app2.M7,app3.M0}
  cost=6 deg=2 node=app2.M12 parent=app2.M0 nbrs={app2.M0,app2.Asset32}
  cost=6 deg=2 node=app17.M7 parent=app17.M0 nbrs={app17.M0,app17.M10}
  cost=5 deg=2 node=app13.M12 parent=app13.M0 nbrs={app13.M0,app16.M0}
  cost=4 deg=2 node=app9.M12 parent=app9.M0 nbrs={app9.M0,app9.M4}
  cost=4 deg=2 node=app14.M2 parent=app14.M0 nbrs={app14.M0,app5.M6}
  cost=2 deg=3 node=app1.M7 parent=app1.M0 nbrs={app1.M0,app1.M3,app2.M11}
  cost=2 deg=3 node=app9.M8 parent=app9.M4 nbrs={app9.M4,app9.M9,app12.M2}
  cost=2 deg=3 node=app9.M9 parent=app9.M4 nbrs={app9.M4,app9.M8,app9.M11}
  cost=1 deg=2 node=app5.M10 parent=app5.M0 nbrs={app5.M0,app5.M4}
  cost=1 deg=2 node=app9.M11 parent=app9.M9 nbrs={app9.M9,app13.M7}
  cost=1 deg=3 node=app10.M2 parent=app10.M0 nbrs={app10.M0,app10.M9,app10.M4}
  cost=1 deg=3 node=app10.M9 parent=app10.M0 nbrs={app10.M0,app10.M2,app8.M2}
  cost=1 deg=2 node=app13.M11 parent=app13.M0 nbrs={app13.M0,app12.M0}
  cost=1 deg=2 node=app15.M2 parent=app15.M0 nbrs={app15.M0,app15.M3}
[carrier-cross] segment 169 -> carrier-grouped 142 (-16%). Carriers: 155 total (2 bundle + 105 cluster-pair + 48 individual).
[isolated-stash] Stashed 11 edge-less nodes in 6-column strip at x>=34565.
[face-raster] grid 7539x6284 (cell 5.0x5.0 units), 550 faces, 47119923 bg cells (99.5% of grid)
  face #1: 29526803 cells (62.7%), bbox 7539x6284 @ (0,0)
  face #37: 4005896 cells (8.5%), bbox 4173x4069 @ (2272,2062)
  face #2: 3311073 cells (7.0%), bbox 3995x2722 @ (2455,151)
  face #376: 2058084 cells (4.4%), bbox 1712x2421 @ (1413,3710)
  face #32: 1153676 cells (2.4%), bbox 1026x2022 @ (3416,2051)
  face #489: 817404 cells (1.7%), bbox 1528x1938 @ (734,4193)
  face #60: 616400 cells (1.3%), bbox 1702x484 @ (180,2315)
  face #193: 508081 cells (1.1%), bbox 1068x1413 @ (726,3120)
[face-cohesion] 51 clusters analysed, 24 low-cohesion (<60% in dominant face)
  cohesion histogram:
     20%- 29%: 2 clusters
     30%- 39%: 2 clusters
     50%- 59%: 20 clusters
     60%- 69%: 6 clusters
     70%- 79%: 2 clusters
    100%-100%: 19 clusters
  top 10 low-cohesion clusters (largest first):
    _louv_16: 7 members, 2 in dominant face, 5 faces total (29%)
    _louv_14: 6 members, 3 in dominant face, 4 faces total (50%)
    _louv_75: 4 members, 2 in dominant face, 3 faces total (50%)
    _louv_9: 4 members, 2 in dominant face, 3 faces total (50%)
    _louv_22: 4 members, 2 in dominant face, 3 faces total (50%)
    _louv_44: 4 members, 2 in dominant face, 3 faces total (50%)
    _louv_33: 4 members, 2 in dominant face, 3 faces total (50%)
    _louv_15: 4 members, 1 in dominant face, 4 faces total (25%)
    _louv_26: 4 members, 2 in dominant face, 3 faces total (50%)
    _louv_78: 3 members, 1 in dominant face, 3 faces total (33%)
[face-density] 286 micro-faces (size<50), top 10 hot regions (macro 64x64 cells):
  region (66,65): 33 micro-faces, world (20354,20120)-(20674,20440)
  region (11,70): 17 micro-faces, world (2755,21720)-(3075,22040)
  region (57,61): 15 micro-faces, world (17474,18840)-(17794,19160)
  region (12,70): 14 micro-faces, world (3075,21720)-(3395,22040)
  region (22,64): 12 micro-faces, world (6275,19800)-(6595,20120)
  region (34,36): 11 micro-faces, world (10115,10841)-(10435,11161)
  region (49,52): 9 micro-faces, world (14914,15961)-(15234,16281)
  region (36,50): 9 micro-faces, world (10755,15321)-(11075,15641)
  region (32,59): 9 micro-faces, world (9475,18200)-(9795,18520)
  region (57,55): 8 micro-faces, world (17474,16921)-(17794,17240)
[face-ppm] Wrote /tmp/face-raster.ppm (3769x3142, downsampled from 7539x6284 by 2)
[face-untangle] 22 target clusters, 32 strays, 0 moved (poly cross 163 → 163, 0 fewer)
[stuck-leaf-2d] pass 1: 0 candidates, 0 moved, 0 cost units resolved.
[stuck-leaf-2d] 0 candidates, 0 moved, 0 cost units resolved (poly cross 163 → 163, 0 fewer)
[hot-region-sa] 4 hot cells (≥4 cross, 163 cross pts), top 4 processed, 78/430 swap accepted (cross 163 → 162, 1 fewer)
