[community] algorithm=louvain communities=44 meta=4
[hub-bias] Super-graph: pushed 3 high-deg cluster roots to 1.4x avgR.
[cg-time] 2ms post-hub-bias
[cg-time] 4ms pre-§10-outward-radial
[cg-time] 4ms pre-§11-compose
[cg-time] 4ms pre-§12-pruning-reattach
[cg-time] 4ms pre-§13-cluster-swap
[cg-time] 78ms pre-§14-chain-straightening
[cg-time] 78ms pre-§15-pruned-cross-min
[§15.5] Optimized 6 alone-root+independent nodes (0 moves).
[cg-time] 79ms pre-bus-bundle
[bus-bundle] Created 2 bus bundles (4 members, sig ≥ 2 roots).
[xings-hotspot] total=46 xings across 43 offending edges (of 146)
  edge app0.M3↔app4.M6 xings=7 cluster=(_louv_3,?)
  edge app7.M0↔app7.M1 xings=7 cluster=(_louv_35,_louv_15)
  edge app7.M0↔app7.M8 xings=6 cluster=(_louv_35,_louv_39)
  edge app6.M0↔app6.M6 xings=4 cluster=(_louv_30,_louv_10)
  edge app3.M0↔app3.M1 xings=4 cluster=(_louv_13,_louv_14)
  edge app2.M1↔app6.M6 xings=3 cluster=(_louv_11,_louv_10)
  edge app0.M0↔app0.M5 xings=3 cluster=(?,_louv_5)
  edge app8.M6↔app8.M11 xings=3 cluster=(_louv_41,_louv_27)
[xings-hotspot] top cluster signatures:
  {?|_louv_12|_louv_41} xings=2
  {?|_louv_40|_louv_5} xings=2
  {?|_louv_3|_louv_35|_louv_39} xings=2
  {?|_louv_15|_louv_3|_louv_35} xings=2
  {?|_louv_10|_louv_30|_louv_41} xings=2
  {?|_louv_15|_louv_23|_louv_35} xings=2
  {?|_louv_0|_louv_3} xings=1
  {_louv_3|_louv_7|_louv_9} xings=1
[knot-min] Accepted 15 spatial swaps among 122 candidates.
[carrier-pre] 149 edges → 91 distinct carriers (cost-side filter).
[leaf-untangle] candidates=73, with-cross=21, moved=17, crossings-resolved=46.
[leaf-untangle] candidates=73, with-cross=11, moved=6, crossings-resolved=17.
[leaf-untangle] candidates=73, with-cross=8, moved=2, crossings-resolved=2.
[leaf-untangle] candidates=73, with-cross=7, moved=0, crossings-resolved=0.
[stuck-leaf-diag] 7 candidates with cost>0 (top 15 below):
  cost=4 deg=3 node=app1.M8 parent=app1.M0 nbrs={app1.M0,app1.M1,app1.Log44}
  cost=3 deg=2 node=app1.M2 parent=app1.M0 nbrs={app1.M0,app1.M5}
  cost=3 deg=3 node=app4.M1 parent=app4.M0 nbrs={app4.M0,app4.M5,app8.M1}
  cost=1 deg=2 node=app5.M3 parent=app5.M0 nbrs={app5.M0,app2.M1}
  cost=1 deg=2 node=app5.M11 parent=app5.M0 nbrs={app5.M0,app5.File27}
  cost=1 deg=1 node=app6.M7 parent=app6.M8 nbrs={app6.M8}
  cost=1 deg=1 node=app6.Asset15 parent=app6.M8 nbrs={app6.M8}
[pd-knot] 31 polyline cross pairs, 2 resolved via endpoint swap.
[xings-detour] iters=2 initial-poly-pairs=25 accepted=2 (multi-seg, density-aware, polyline detect, iterative).
[visual-knot] 22→22 cross points, 1→1 hot cells (≥3), 1 handled, 0 swap accepted.
[leaf-untangle] candidates=73, with-cross=7, moved=1, crossings-resolved=3.
[leaf-untangle] candidates=73, with-cross=7, moved=0, crossings-resolved=0.
[stuck-leaf-diag] 7 candidates with cost>0 (top 15 below):
  cost=4 deg=3 node=app1.M8 parent=app1.M0 nbrs={app1.M0,app1.M1,app1.Log44}
  cost=3 deg=2 node=app1.M2 parent=app1.M0 nbrs={app1.M0,app1.M5}
  cost=3 deg=3 node=app4.M1 parent=app4.M0 nbrs={app4.M0,app4.M5,app8.M1}
  cost=1 deg=2 node=app5.M3 parent=app5.M0 nbrs={app5.M0,app2.M1}
  cost=1 deg=2 node=app5.M11 parent=app5.M0 nbrs={app5.M0,app5.File27}
  cost=1 deg=1 node=app6.M7 parent=app6.M8 nbrs={app6.M8}
  cost=1 deg=1 node=app6.Asset15 parent=app6.M8 nbrs={app6.M8}
[carrier-cross] segment 23 -> carrier-grouped 20 (-13%). Carriers: 91 total (4 bundle + 54 cluster-pair + 33 individual).
[isolated-stash] Stashed 4 edge-less nodes in 6-column strip at x>=13354.
[face-raster] grid 3016x3284 (cell 5.0x5.0 units), 407 faces, 9787332 bg cells (98.8% of grid)
  face #1: 8385952 cells (85.7%), bbox 3016x3284 @ (0,0)
  face #10: 149103 cells (1.5%), bbox 936x1312 @ (362,835)
  face #243: 147828 cells (1.5%), bbox 846x351 @ (1067,1919)
  face #397: 108845 cells (1.1%), bbox 1029x277 @ (878,2201)
  face #150: 103204 cells (1.1%), bbox 546x561 @ (803,1378)
  face #238: 78460 cells (0.8%), bbox 645x321 @ (710,1885)
  face #290: 76174 cells (0.8%), bbox 839x418 @ (376,2060)
  face #37: 72879 cells (0.7%), bbox 385x573 @ (1028,969)
[face-cohesion] 34 clusters analysed, 10 low-cohesion (<60% in dominant face)
  cohesion histogram:
     30%- 39%: 1 clusters
     40%- 49%: 1 clusters
     50%- 59%: 8 clusters
     60%- 69%: 5 clusters
     70%- 79%: 1 clusters
    100%-100%: 18 clusters
  top 10 low-cohesion clusters (largest first):
    _louv_35: 7 members, 3 in dominant face, 5 faces total (43%)
    _louv_38: 4 members, 2 in dominant face, 2 faces total (50%)
    _louv_30: 4 members, 2 in dominant face, 3 faces total (50%)
    _louv_22: 4 members, 2 in dominant face, 2 faces total (50%)
    _louv_5: 3 members, 1 in dominant face, 3 faces total (33%)
    _louv_11: 2 members, 1 in dominant face, 2 faces total (50%)
    _louv_28: 2 members, 1 in dominant face, 2 faces total (50%)
    _louv_39: 2 members, 1 in dominant face, 2 faces total (50%)
    _louv_10: 2 members, 1 in dominant face, 2 faces total (50%)
    _louv_6: 2 members, 1 in dominant face, 2 faces total (50%)
[face-density] 325 micro-faces (size<50), top 10 hot regions (macro 64x64 cells):
  region (17,16): 35 micro-faces, world (5101,4756)-(5421,5076)
  region (16,17): 28 micro-faces, world (4782,5076)-(5101,5396)
  region (31,32): 22 micro-faces, world (9581,9875)-(9901,10195)
  region (32,32): 20 micro-faces, world (9901,9875)-(10221,10195)
  region (5,33): 19 micro-faces, world (1262,10195)-(1582,10515)
  region (16,16): 16 micro-faces, world (4782,4756)-(5101,5076)
  region (17,15): 14 micro-faces, world (5101,4436)-(5421,4756)
  region (22,14): 13 micro-faces, world (6701,4116)-(7021,4436)
  region (6,32): 13 micro-faces, world (1582,9875)-(1902,10195)
  region (23,28): 11 micro-faces, world (7021,8596)-(7341,8915)
[face-ppm] Wrote /tmp/face-raster.ppm (3016x3284, downsampled from 3016x3284 by 1)
[face-untangle] 11 target clusters, 19 strays, 1 moved (poly cross 22 → 22, 0 fewer)
[stuck-leaf-2d] pass 1: 0 candidates, 0 moved, 0 cost units resolved.
[stuck-leaf-2d] 0 candidates, 0 moved, 0 cost units resolved (poly cross 22 → 22, 0 fewer)
[hot-region-sa] 0 hot cells (≥4 cross, 22 cross pts), top 0 processed, 0/0 swap accepted (cross 22 → 22, 0 fewer)
