[community] algorithm=louvain communities=17 meta=3
[hub-bias] Super-graph: pushed 3 high-deg cluster roots to 1.4x avgR.
[cg-time] 1ms post-hub-bias
[cg-time] 1ms pre-§10-outward-radial
[cg-time] 1ms pre-§11-compose
[cg-time] 1ms pre-§12-pruning-reattach
[cg-time] 1ms pre-§13-cluster-swap
[cg-time] 7ms pre-§14-chain-straightening
[cg-time] 7ms pre-§15-pruned-cross-min
[§15.5] Optimized 4 alone-root+independent nodes (0 moves).
[cg-time] 7ms pre-bus-bundle
[xings-hotspot] total=23 xings across 22 offending edges (of 65)
  edge app1.M0↔app3.M6 xings=5 cluster=(_louv_5,_louv_1)
  edge app1.M1↔app2.M4 xings=5 cluster=(_louv_5,_louv_5)
  edge app0.M10↔app1.M1 xings=4 cluster=(?,_louv_5)
  edge app1.M2↔app1.M3 xings=4 cluster=(_louv_5,?)
  edge app0.M7↔app3.M7 xings=3 cluster=(_louv_4,?)
  edge app1.M2↔app2.M0 xings=3 cluster=(_louv_5,_louv_8)
  edge app2.M0↔app3.M7 xings=3 cluster=(_louv_8,?)
  edge app2.M9↔app2.File2 xings=3 cluster=(?,?)
[xings-hotspot] top cluster signatures:
  {?|_louv_5|_louv_8} xings=5
  {?|_louv_5} xings=4
  {?|_louv_12|_louv_5} xings=2
  {?|_louv_1|_louv_5} xings=2
  {_louv_1|_louv_5} xings=2
  {_louv_5|_louv_8} xings=2
  {?|_louv_12|_louv_13|_louv_4} xings=1
  {?|_louv_12|_louv_4} xings=1
[bundle-clear] Pushed 2 nodes off bundle bboxes.
[knot-min] Accepted 10 spatial swaps among 52 candidates.
[knot-min-2opt] Accepted 1 cross-targeted swaps.
[carrier-pre] 67 edges → 34 distinct carriers (cost-side filter).
[leaf-untangle] candidates=40, with-cross=15, moved=12, crossings-resolved=74.
[leaf-untangle] candidates=40, with-cross=12, moved=2, crossings-resolved=3.
[leaf-untangle] candidates=40, with-cross=13, moved=5, crossings-resolved=11.
[leaf-untangle] candidates=40, with-cross=6, moved=0, crossings-resolved=0.
[stuck-leaf-diag] 9 candidates with cost>0 (top 15 below):
  cost=17 deg=2 node=app0.M6 parent=app0.M0 nbrs={app0.M0,app0.M2}
  cost=12 deg=2 node=app0.M7 parent=app0.M0 nbrs={app0.M0,app3.M7}
  cost=9 deg=3 node=app3.M8 parent=app3.M0 nbrs={app3.M0,app3.M4,app1.M2}
  cost=8 deg=3 node=app0.M2 parent=app0.M0 nbrs={app0.M0,app0.M6,app0.M0}
  cost=3 deg=2 node=app3.M7 parent=app2.M0 nbrs={app0.M7,app2.M0}
  cost=2 deg=3 node=app2.M9 parent=app2.M0 nbrs={app2.M0,app2.File2,app1.M2}
  cost=1 deg=1 node=app2.M1 parent=app2.M4 nbrs={app2.M4}
  cost=1 deg=2 node=app2.M6 parent=app2.M0 nbrs={app2.M0,app1.M1}
  cost=1 deg=1 node=app1.Tag11 parent=app1.M0 nbrs={app1.M0}
[pd-knot] 11 polyline cross pairs, 1 resolved via endpoint swap.
[xings-detour] iters=1 initial-poly-pairs=12 accepted=0 (multi-seg, density-aware, polyline detect, iterative).
[visual-knot] 11→11 cross points, 2→2 hot cells (≥3), 2 handled, 0 swap accepted.
[leaf-untangle] candidates=40, with-cross=11, moved=2, crossings-resolved=2.
[leaf-untangle] candidates=40, with-cross=10, moved=0, crossings-resolved=0.
[stuck-leaf-diag] 13 candidates with cost>0 (top 15 below):
  cost=17 deg=2 node=app0.M6 parent=app0.M0 nbrs={app0.M0,app0.M2}
  cost=12 deg=2 node=app0.M7 parent=app0.M0 nbrs={app0.M0,app3.M7}
  cost=9 deg=3 node=app3.M8 parent=app3.M0 nbrs={app3.M0,app3.M4,app1.M2}
  cost=8 deg=3 node=app0.M2 parent=app0.M0 nbrs={app0.M0,app0.M6,app0.M0}
  cost=3 deg=2 node=app3.M7 parent=app2.M0 nbrs={app0.M7,app2.M0}
  cost=2 deg=3 node=app2.M9 parent=app2.M0 nbrs={app2.M0,app2.File2,app1.M2}
  cost=1 deg=1 node=app2.M1 parent=app2.M4 nbrs={app2.M4}
  cost=1 deg=2 node=app2.M6 parent=app2.M0 nbrs={app2.M0,app1.M1}
  cost=1 deg=2 node=app3.M2 parent=app3.M0 nbrs={app3.M0,app3.M10}
  cost=1 deg=2 node=app3.M3 parent=app3.M0 nbrs={app3.M0,app3.File9}
  cost=1 deg=1 node=app3.M10 parent=app3.M2 nbrs={app3.M2}
  cost=1 deg=1 node=app3.File9 parent=app3.M3 nbrs={app3.M3}
  cost=1 deg=1 node=app1.Tag11 parent=app1.M0 nbrs={app1.M0}
[carrier-cross] segment 13 -> carrier-grouped 11 (-15%). Carriers: 32 total (1 bundle + 17 cluster-pair + 14 individual).
[isolated-stash] Stashed 1 edge-less nodes in 6-column strip at x>=7865.
[face-raster] grid 1709x1516 (cell 5.0x5.0 units), 102 faces, 2542732 bg cells (98.1% of grid)
  face #1: 2035798 cells (80.1%), bbox 1709x1516 @ (0,0)
  face #36: 353038 cells (13.9%), bbox 881x731 @ (132,175)
  face #52: 65823 cells (2.6%), bbox 350x331 @ (552,746)
  face #39: 47943 cells (1.9%), bbox 169x715 @ (828,318)
  face #89: 7376 cells (0.3%), bbox 68x276 @ (892,1079)
  face #71: 6857 cells (0.3%), bbox 158x88 @ (980,997)
  face #90: 4830 cells (0.2%), bbox 236x37 @ (1038,1086)
  face #57: 3551 cells (0.1%), bbox 39x181 @ (935,770)
[face-cohesion] 14 clusters analysed, 7 low-cohesion (<60% in dominant face)
  cohesion histogram:
     20%- 29%: 2 clusters
     50%- 59%: 5 clusters
     60%- 69%: 1 clusters
     70%- 79%: 1 clusters
    100%-100%: 5 clusters
  top 7 low-cohesion clusters (largest first):
    _louv_5: 9 members, 2 in dominant face, 7 faces total (22%)
    _louv_8: 5 members, 1 in dominant face, 5 faces total (20%)
    _louv_12: 4 members, 2 in dominant face, 2 faces total (50%)
    _louv_14: 2 members, 1 in dominant face, 2 faces total (50%)
    _louv_16: 2 members, 1 in dominant face, 2 faces total (50%)
    _louv_13: 2 members, 1 in dominant face, 2 faces total (50%)
    _louv_10: 2 members, 1 in dominant face, 2 faces total (50%)
[face-density] 56 micro-faces (size<50), top 10 hot regions (macro 64x64 cells):
  region (15,2): 17 micro-faces, world (4586,348)-(4905,668)
  region (15,1): 8 micro-faces, world (4586,28)-(4905,348)
  region (15,5): 7 micro-faces, world (4586,1308)-(4905,1628)
  region (15,17): 5 micro-faces, world (4586,5147)-(4905,5467)
  region (15,6): 3 micro-faces, world (4586,1628)-(4905,1948)
  region (12,13): 3 micro-faces, world (3626,3867)-(3946,4187)
  region (15,16): 3 micro-faces, world (4586,4827)-(4905,5147)
  region (13,21): 3 micro-faces, world (3946,6427)-(4266,6747)
  region (15,4): 2 micro-faces, world (4586,988)-(4905,1308)
  region (2,5): 1 micro-faces, world (427,1308)-(747,1628)
[face-ppm] Wrote /tmp/face-raster.ppm (1709x1516, downsampled from 1709x1516 by 1)
[face-untangle] 5 target clusters, 6 strays, 1 moved (poly cross 12 → 12, 0 fewer)
[stuck-leaf-2d] pass 1: 2 candidates, 0 moved, 0 cost units resolved.
[stuck-leaf-2d] 2 candidates, 0 moved, 0 cost units resolved (poly cross 12 → 12, 0 fewer)
[hot-region-sa] 2 hot cells (≥4 cross, 12 cross pts), top 2 processed, 12/371 swap accepted (cross 12 → 9, 3 fewer)
