[community] algorithm=louvain communities=35 meta=3
[hub-bias] Super-graph: pushed 4 high-deg cluster roots to 1.4x avgR.
[cg-time] 1ms post-hub-bias
[cg-time] 5ms pre-§10-outward-radial
[cg-time] 5ms pre-§11-compose
[cg-time] 5ms pre-§12-pruning-reattach
[cg-time] 5ms pre-§13-cluster-swap
[cg-time] 112ms pre-§14-chain-straightening
[cg-time] 112ms pre-§15-pruned-cross-min
[§15.5] Optimized 12 alone-root+independent nodes (0 moves).
[cg-time] 113ms pre-bus-bundle
[bus-bundle] Created 2 bus bundles (4 members, sig ≥ 2 roots).
[xings-hotspot] total=68 xings across 50 offending edges (of 139)
  edge core.Hub2↔app2.M0 xings=12 cluster=(_louv_2,_louv_17)
  edge app2.M6↔app7.M0 xings=8 cluster=(_louv_21,_louv_15)
  edge app2.M2↔app6.M1 xings=8 cluster=(?,_louv_13)
  edge app3.M9↔app5.M0 xings=5 cluster=(_louv_2,?)
  edge core.Hub1↔app6.M0 xings=5 cluster=(_louv_1,_louv_13)
  edge core.Hub0↔app0.M0 xings=5 cluster=(?,?)
  edge app1.M1↔app3.M7 xings=5 cluster=(_louv_7,?)
  edge app0.M0↔app4.M1 xings=5 cluster=(?,?)
[xings-hotspot] top cluster signatures:
  {?|_louv_13|_louv_17|_louv_2} xings=4
  {?|_louv_13} xings=3
  {?|_louv_2|_louv_6|_louv_7} xings=3
  {?|_louv_15|_louv_8} xings=2
  {?|_louv_8} xings=2
  {?|_louv_5|_louv_6} xings=2
  {?|_louv_2|_louv_7} xings=2
  {?|_louv_1|_louv_17} xings=2
[bundle-clear] Pushed 4 nodes off bundle bboxes.
[knot-min] Accepted 11 spatial swaps among 89 candidates.
[carrier-pre] 142 edges → 82 distinct carriers (cost-side filter).
[leaf-untangle] candidates=51, with-cross=10, moved=9, crossings-resolved=17.
[leaf-untangle] candidates=51, with-cross=1, moved=0, crossings-resolved=0.
[stuck-leaf-diag] 7 candidates with cost>0 (top 15 below):
  cost=9 deg=2 node=app3.M9 parent=app3.M0 nbrs={app3.M0,app5.M0}
  cost=6 deg=3 node=app1.M9 parent=app1.M0 nbrs={app1.M0,app6.M5,app6.M0}
  cost=3 deg=2 node=app1.M7 parent=app1.M0 nbrs={app1.M0,app1.M13}
  cost=3 deg=2 node=app1.M14 parent=app1.M0 nbrs={app1.M0,app1.File21}
  cost=3 deg=2 node=app2.M9 parent=app2.M0 nbrs={app2.M0,app2.File9}
  cost=1 deg=3 node=app3.M13 parent=app3.M0 nbrs={app3.M0,app3.M0,app3.M2}
  cost=1 deg=1 node=app3.Address33 parent=app3.M1 nbrs={app3.M1}
[pd-knot] 57 polyline cross pairs, 2 resolved via endpoint swap.
[xings-detour] iters=2 initial-poly-pairs=57 accepted=1 (multi-seg, density-aware, polyline detect, iterative).
[visual-knot] 56→56 cross points, 2→2 hot cells (≥3), 2 handled, 0 swap accepted.
[leaf-untangle] candidates=51, with-cross=2, moved=1, crossings-resolved=1.
[leaf-untangle] candidates=51, with-cross=1, moved=0, crossings-resolved=0.
[stuck-leaf-diag] 7 candidates with cost>0 (top 15 below):
  cost=9 deg=2 node=app3.M9 parent=app3.M0 nbrs={app3.M0,app5.M0}
  cost=7 deg=3 node=app1.M9 parent=app1.M0 nbrs={app1.M0,app6.M5,app6.M0}
  cost=3 deg=2 node=app1.M7 parent=app1.M0 nbrs={app1.M0,app1.M13}
  cost=3 deg=2 node=app1.M14 parent=app1.M0 nbrs={app1.M0,app1.File21}
  cost=3 deg=2 node=app2.M9 parent=app2.M0 nbrs={app2.M0,app2.File9}
  cost=1 deg=3 node=app3.M13 parent=app3.M0 nbrs={app3.M0,app3.M0,app3.M2}
  cost=1 deg=1 node=app3.Address33 parent=app3.M1 nbrs={app3.M1}
[carrier-cross] segment 55 -> carrier-grouped 50 (-9%). Carriers: 81 total (6 bundle + 50 cluster-pair + 25 individual).
[isolated-stash] Stashed 1 edge-less nodes in 6-column strip at x>=17309.
[face-raster] grid 3660x3816 (cell 5.0x5.0 units), 323 faces, 13848151 bg cells (99.2% of grid)
  face #1: 9886245 cells (71.4%), bbox 3660x3816 @ (0,0)
  face #195: 578577 cells (4.2%), bbox 890x1728 @ (2426,1873)
  face #245: 370964 cells (2.7%), bbox 569x1363 @ (1947,2236)
  face #135: 280983 cells (2.0%), bbox 1156x478 @ (1763,1415)
  face #251: 235391 cells (1.7%), bbox 717x1351 @ (1686,2248)
  face #194: 224157 cells (1.6%), bbox 1067x506 @ (2241,1868)
  face #302: 216800 cells (1.6%), bbox 982x1089 @ (1434,2554)
  face #92: 162149 cells (1.2%), bbox 1638x441 @ (1601,1296)
[face-cohesion] 26 clusters analysed, 13 low-cohesion (<60% in dominant face)
  cohesion histogram:
     20%- 29%: 1 clusters
     30%- 39%: 1 clusters
     40%- 49%: 1 clusters
     50%- 59%: 10 clusters
     60%- 69%: 3 clusters
    100%-100%: 10 clusters
  top 10 low-cohesion clusters (largest first):
    _louv_24: 7 members, 3 in dominant face, 4 faces total (43%)
    _louv_17: 6 members, 2 in dominant face, 4 faces total (33%)
    _louv_13: 5 members, 1 in dominant face, 5 faces total (20%)
    _louv_25: 4 members, 2 in dominant face, 3 faces total (50%)
    _louv_11: 4 members, 2 in dominant face, 2 faces total (50%)
    _louv_5: 4 members, 2 in dominant face, 2 faces total (50%)
    _louv_1: 2 members, 1 in dominant face, 2 faces total (50%)
    _louv_15: 2 members, 1 in dominant face, 2 faces total (50%)
    _louv_21: 2 members, 1 in dominant face, 2 faces total (50%)
    _louv_9: 2 members, 1 in dominant face, 2 faces total (50%)
[face-density] 200 micro-faces (size<50), top 10 hot regions (macro 64x64 cells):
  region (16,20): 34 micro-faces, world (4720,5984)-(5040,6304)
  region (17,20): 13 micro-faces, world (5040,5984)-(5360,6304)
  region (17,19): 12 micro-faces, world (5040,5664)-(5360,5984)
  region (29,35): 12 micro-faces, world (8880,10784)-(9200,11104)
  region (25,31): 12 micro-faces, world (7600,9504)-(7920,9824)
  region (26,39): 11 micro-faces, world (7920,12064)-(8240,12384)
  region (23,20): 11 micro-faces, world (6960,5984)-(7280,6304)
  region (18,19): 10 micro-faces, world (5360,5664)-(5680,5984)
  region (30,35): 10 micro-faces, world (9200,10784)-(9520,11104)
  region (20,19): 9 micro-faces, world (6000,5664)-(6320,5984)
[face-ppm] Wrote /tmp/face-raster.ppm (3660x3816, downsampled from 3660x3816 by 1)
[face-untangle] 12 target clusters, 21 strays, 2 moved (poly cross 55 → 55, 0 fewer)
[stuck-leaf-2d] pass 1: 0 candidates, 0 moved, 0 cost units resolved.
[stuck-leaf-2d] 0 candidates, 0 moved, 0 cost units resolved (poly cross 55 → 55, 0 fewer)
[hot-region-sa] 1 hot cells (≥4 cross, 55 cross pts), top 1 processed, 0/0 swap accepted (cross 55 → 55, 0 fewer)
