[community] algorithm=louvain communities=25 meta=4
[hub-bias] Super-graph: pushed 3 high-deg cluster roots to 1.4x avgR.
[cg-time] 2ms post-hub-bias
[cg-time] 2ms pre-§10-outward-radial
[cg-time] 2ms pre-§11-compose
[cg-time] 2ms pre-§12-pruning-reattach
[cg-time] 2ms pre-§13-cluster-swap
[cg-time] 9ms pre-§14-chain-straightening
[cg-time] 9ms pre-§15-pruned-cross-min
[§15.5] Optimized 5 alone-root+independent nodes (0 moves).
[cg-time] 9ms pre-bus-bundle
[bus-bundle] Created 1 bus bundles (2 members, sig ≥ 2 roots).
[xings-hotspot] total=26 xings across 22 offending edges (of 69)
  edge app0.M0↔app0.M1 xings=7 cluster=(_louv_1,?)
  edge app1.M9↔app2.M5 xings=4 cluster=(?,_louv_13)
  edge app2.M0↔app2.M3 xings=4 cluster=(_louv_12,?)
  edge app2.M3↔app2.M4 xings=4 cluster=(?,_louv_12)
  edge app4.M0↔app4.M7 xings=4 cluster=(_louv_17,?)
  edge core.Hub0↔app2.M0 xings=3 cluster=(?,_louv_12)
  edge app1.M0↔app1.M11 xings=3 cluster=(_louv_0,_louv_6)
  edge app2.M2↔app2.M4 xings=3 cluster=(_louv_12,_louv_12)
[xings-hotspot] top cluster signatures:
  {?|_louv_12|_louv_13} xings=4
  {?|_louv_12|_louv_17} xings=3
  {?|_louv_0|_louv_12|_louv_6} xings=2
  {?|_louv_12} xings=2
  {?|_louv_1|_louv_14} xings=2
  {?|_louv_1|_louv_2} xings=2
  {?|_louv_20} xings=2
  {?|_louv_0|_louv_10|_louv_20} xings=1
[knot-min] Accepted 8 spatial swaps among 56 candidates.
[carrier-pre] 70 edges → 42 distinct carriers (cost-side filter).
[leaf-untangle] candidates=31, with-cross=4, moved=3, crossings-resolved=7.
[leaf-untangle] candidates=31, with-cross=2, moved=1, crossings-resolved=2.
[leaf-untangle] candidates=31, with-cross=1, moved=0, crossings-resolved=0.
[stuck-leaf-diag] 2 candidates with cost>0 (top 15 below):
  cost=3 deg=3 node=app5.M12 parent=app5.M0 nbrs={app5.M6,app5.M8,app5.M0}
  cost=1 deg=3 node=app1.M9 parent=app1.M0 nbrs={app1.M0,app1.M5,app2.M5}
[pd-knot] 11 polyline cross pairs, 0 resolved via endpoint swap.
[xings-detour] iters=1 initial-poly-pairs=10 accepted=0 (multi-seg, density-aware, polyline detect, iterative).
[visual-knot] 10→10 cross points, 0→0 hot cells (≥3), 0 handled, 0 swap accepted.
[leaf-untangle] candidates=31, with-cross=1, moved=0, crossings-resolved=0.
[stuck-leaf-diag] 2 candidates with cost>0 (top 15 below):
  cost=3 deg=3 node=app5.M12 parent=app5.M0 nbrs={app5.M6,app5.M8,app5.M0}
  cost=1 deg=3 node=app1.M9 parent=app1.M0 nbrs={app1.M0,app1.M5,app2.M5}
[carrier-cross] segment 10 -> carrier-grouped 9 (-10%). Carriers: 40 total (2 bundle + 23 cluster-pair + 15 individual).
[isolated-stash] Stashed 5 edge-less nodes in 6-column strip at x>=12139.
[face-raster] grid 3330x3352 (cell 5.0x5.0 units), 141 faces, 11095419 bg cells (99.4% of grid)
  face #1: 8015421 cells (72.2%), bbox 3330x3352 @ (0,0)
  face #2: 780498 cells (7.0%), bbox 1238x2341 @ (953,87)
  face #105: 627322 cells (5.7%), bbox 1488x923 @ (784,2306)
  face #25: 442862 cells (4.0%), bbox 671x1464 @ (1290,608)
  face #46: 363925 cells (3.3%), bbox 520x1163 @ (2115,981)
  face #65: 233575 cells (2.1%), bbox 647x721 @ (1467,1573)
  face #107: 149667 cells (1.3%), bbox 1153x433 @ (619,2332)
  face #90: 106990 cells (1.0%), bbox 468x505 @ (2165,1904)
[face-cohesion] 14 clusters analysed, 6 low-cohesion (<60% in dominant face)
  cohesion histogram:
     30%- 39%: 1 clusters
     50%- 59%: 5 clusters
     60%- 69%: 2 clusters
    100%-100%: 6 clusters
  top 6 low-cohesion clusters (largest first):
    _louv_12: 3 members, 1 in dominant face, 3 faces total (33%)
    _louv_13: 2 members, 1 in dominant face, 2 faces total (50%)
    _louv_17: 2 members, 1 in dominant face, 2 faces total (50%)
    _louv_9: 2 members, 1 in dominant face, 2 faces total (50%)
    _louv_3: 2 members, 1 in dominant face, 2 faces total (50%)
    _louv_0: 2 members, 1 in dominant face, 2 faces total (50%)
[face-density] 103 micro-faces (size<50), top 10 hot regions (macro 64x64 cells):
  region (12,45): 14 micro-faces, world (878,11850)-(1198,12170)
  region (19,8): 11 micro-faces, world (3117,11)-(3437,331)
  region (20,9): 7 micro-faces, world (3437,331)-(3757,651)
  region (20,13): 7 micro-faces, world (3437,1611)-(3757,1931)
  region (20,14): 7 micro-faces, world (3437,1931)-(3757,2251)
  region (21,24): 7 micro-faces, world (3757,5131)-(4077,5451)
  region (21,25): 7 micro-faces, world (3757,5451)-(4077,5771)
  region (22,26): 7 micro-faces, world (4077,5771)-(4397,6091)
  region (22,27): 6 micro-faces, world (4077,6091)-(4397,6411)
  region (20,15): 5 micro-faces, world (3437,2251)-(3757,2571)
[face-ppm] Wrote /tmp/face-raster.ppm (3330x3352, downsampled from 3330x3352 by 1)
[face-untangle] 6 target clusters, 7 strays, 0 moved (poly cross 10 → 10, 0 fewer)
[stuck-leaf-2d] pass 1: 0 candidates, 0 moved, 0 cost units resolved.
[stuck-leaf-2d] 0 candidates, 0 moved, 0 cost units resolved (poly cross 10 → 10, 0 fewer)
[hot-region-sa] 0 hot cells (≥4 cross, 10 cross pts), top 0 processed, 0/0 swap accepted (cross 10 → 10, 0 fewer)
