[community] algorithm=louvain communities=33 meta=3
[hub-bias] Super-graph: pushed 2 high-deg cluster roots to 1.4x avgR.
[cg-time] 2ms post-hub-bias
[cg-time] 3ms pre-§10-outward-radial
[cg-time] 3ms pre-§11-compose
[cg-time] 3ms pre-§12-pruning-reattach
[cg-time] 3ms pre-§13-cluster-swap
[cg-time] 9ms pre-§14-chain-straightening
[cg-time] 9ms pre-§15-pruned-cross-min
[§15.5] Optimized 14 alone-root+independent nodes (0 moves).
[cg-time] 10ms pre-bus-bundle
[xings-hotspot] total=11 xings across 17 offending edges (of 86)
  edge app0.M3↔app1.M3 xings=3 cluster=(_louv_0,?)
  edge app2.M0↔app2.M5 xings=2 cluster=(_louv_12,_louv_11)
  edge app5.M0↔app5.M10 xings=2 cluster=(?,_louv_11)
  edge app7.M0↔app7.M5 xings=2 cluster=(_louv_30,?)
  edge app0.M0↔app2.M7 xings=1 cluster=(?,_louv_14)
  edge app0.M2↔app2.M1 xings=1 cluster=(_louv_2,?)
  edge app1.M0↔app1.M3 xings=1 cluster=(_louv_3,?)
  edge app1.M0↔app1.M4 xings=1 cluster=(_louv_3,_louv_6)
[xings-hotspot] top cluster signatures:
  {?|_louv_0|_louv_12|_louv_16} xings=1
  {?|_louv_0|_louv_16} xings=1
  {?|_louv_0|_louv_29|_louv_30} xings=1
  {?|_louv_11} xings=1
  {?|_louv_11|_louv_12} xings=1
  {?|_louv_11|_louv_12|_louv_6} xings=1
  {?|_louv_11|_louv_27} xings=1
  {?|_louv_14|_louv_2} xings=1
[knot-min] Accepted 1 spatial swaps among 80 candidates.
[carrier-pre] 88 edges → 52 distinct carriers (cost-side filter).
[leaf-untangle] candidates=52, with-cross=13, moved=10, crossings-resolved=36.
[leaf-untangle] candidates=52, with-cross=6, moved=0, crossings-resolved=0.
[stuck-leaf-diag] 6 candidates with cost>0 (top 15 below):
  cost=5 deg=3 node=app2.M6 parent=app2.M0 nbrs={app2.M0,app2.M8,app4.M1}
  cost=4 deg=2 node=app3.M3 parent=app3.M2 nbrs={app3.M2,app1.M4}
  cost=3 deg=2 node=app2.M4 parent=app2.M0 nbrs={app2.M0,app3.M1}
  cost=1 deg=2 node=app1.M4 parent=app1.M0 nbrs={app1.M0,app3.M3}
  cost=1 deg=3 node=app1.M7 parent=app1.M0 nbrs={app1.M0,app1.M9,app6.M5}
  cost=1 deg=2 node=app2.M8 parent=app2.M0 nbrs={app2.M0,app2.M6}
[pd-knot] 13 polyline cross pairs, 1 resolved via endpoint swap.
[xings-detour] iters=1 initial-poly-pairs=10 accepted=0 (multi-seg, density-aware, polyline detect, iterative).
[visual-knot] 9→9 cross points, 0→0 hot cells (≥3), 0 handled, 0 swap accepted.
[leaf-untangle] candidates=52, with-cross=6, moved=0, crossings-resolved=0.
[stuck-leaf-diag] 6 candidates with cost>0 (top 15 below):
  cost=5 deg=3 node=app2.M6 parent=app2.M0 nbrs={app2.M0,app2.M8,app4.M1}
  cost=4 deg=2 node=app3.M3 parent=app3.M2 nbrs={app3.M2,app1.M4}
  cost=3 deg=2 node=app2.M4 parent=app2.M0 nbrs={app2.M0,app3.M1}
  cost=1 deg=2 node=app1.M4 parent=app1.M0 nbrs={app1.M0,app3.M3}
  cost=1 deg=3 node=app1.M7 parent=app1.M0 nbrs={app1.M0,app1.M9,app6.M5}
  cost=1 deg=2 node=app2.M8 parent=app2.M0 nbrs={app2.M0,app2.M6}
[isolated-stash] Stashed 2 edge-less nodes in 6-column strip at x>=26035.
[face-raster] grid 5547x3358 (cell 5.0x5.0 units), 91 faces, 18540116 bg cells (99.5% of grid)
  face #1: 16942082 cells (91.4%), bbox 5547x3358 @ (0,0)
  face #58: 268786 cells (1.4%), bbox 802x1063 @ (3127,2087)
  face #30: 225230 cells (1.2%), bbox 472x1117 @ (4119,1395)
  face #29: 183230 cells (1.0%), bbox 420x1127 @ (4210,1376)
  face #56: 181192 cells (1.0%), bbox 947x717 @ (2847,1956)
  face #34: 160674 cells (0.9%), bbox 323x794 @ (3795,1633)
  face #3: 158100 cells (0.9%), bbox 296x1338 @ (4632,645)
  face #67: 132553 cells (0.7%), bbox 981x718 @ (3137,2432)
[face-cohesion] 20 clusters analysed, 2 low-cohesion (<60% in dominant face)
  cohesion histogram:
     50%- 59%: 2 clusters
     60%- 69%: 1 clusters
     70%- 79%: 2 clusters
    100%-100%: 15 clusters
  top 2 low-cohesion clusters (largest first):
    _louv_11: 2 members, 1 in dominant face, 2 faces total (50%)
    _louv_0: 2 members, 1 in dominant face, 2 faces total (50%)
[face-density] 57 micro-faces (size<50), top 10 hot regions (macro 64x64 cells):
  region (49,48): 15 micro-faces, world (15098,14987)-(15418,15307)
  region (65,27): 12 micro-faces, world (20218,8268)-(20538,8588)
  region (77,15): 9 micro-faces, world (24058,4428)-(24377,4748)
  region (73,10): 8 micro-faces, world (22778,2829)-(23098,3149)
  region (63,25): 3 micro-faces, world (19578,7628)-(19898,7948)
  region (64,25): 3 micro-faces, world (19898,7628)-(20218,7948)
  region (71,40): 3 micro-faces, world (22138,12427)-(22458,12747)
  region (49,49): 2 micro-faces, world (15098,15307)-(15418,15627)
  region (72,19): 1 micro-faces, world (22458,5708)-(22778,6028)
  region (61,37): 1 micro-faces, world (18938,11467)-(19258,11787)
[face-ppm] Wrote /tmp/face-raster.ppm (2773x1679, downsampled from 5547x3358 by 2)
[face-untangle] 2 target clusters, 2 strays, 1 moved (poly cross 9 → 8, 1 fewer)
[stuck-leaf-2d] pass 1: 0 candidates, 0 moved, 0 cost units resolved.
[stuck-leaf-2d] 0 candidates, 0 moved, 0 cost units resolved (poly cross 8 → 8, 0 fewer)
[hot-region-sa] 0 hot cells (≥4 cross, 8 cross pts), top 0 processed, 0/0 swap accepted (cross 8 → 8, 0 fewer)
