[community] algorithm=louvain communities=93 meta=3
[hub-bias] Super-graph: pushed 5 high-deg cluster roots to 1.4x avgR.
[cg-time] 7ms post-hub-bias
[cg-time] 94ms pre-§10-outward-radial
[cg-time] 94ms pre-§11-compose
[cg-time] 94ms pre-§12-pruning-reattach
[cg-time] 94ms pre-§13-cluster-swap
[cg-time] 408ms pre-§14-chain-straightening
[cg-time] 408ms pre-§15-pruned-cross-min
[§15.5] Optimized 29 alone-root+independent nodes (8 moves).
[cg-time] 416ms pre-bus-bundle
[bus-bundle] Created 1 bus bundles (2 members, sig ≥ 2 roots).
[xings-hotspot] total=198 xings across 108 offending edges (of 266)
  edge app5.M1↔app11.M5 xings=19 cluster=(?,_louv_32)
  edge app7.M0↔app7.M4 xings=15 cluster=(_louv_39,_louv_2)
  edge app8.M9↔app17.M6 xings=10 cluster=(?,_louv_8)
  edge app2.M6↔app6.M2 xings=10 cluster=(_louv_10,?)
  edge app11.M5↔app14.M1 xings=9 cluster=(_louv_32,_louv_36)
  edge app12.M8↔app12.M13 xings=9 cluster=(_louv_61,?)
  edge app3.M0↔app12.M13 xings=8 cluster=(_louv_17,?)
  edge app15.M8↔app15.M9 xings=8 cluster=(_louv_76,_louv_61)
[xings-hotspot] top cluster signatures:
  {?|_louv_10} xings=7
  {?|_louv_70|_louv_89} xings=7
  {?|_louv_8|_louv_87} xings=4
  {?|_louv_32} xings=4
  {?|_louv_61} xings=4
  {?|_louv_10|_louv_11} xings=3
  {?|_louv_17|_louv_89} xings=3
  {?|_louv_10|_louv_16} xings=3
[knot-min] Accepted 53 spatial swaps among 236 candidates.
[carrier-pre] 272 edges → 164 distinct carriers (cost-side filter).
[leaf-untangle] candidates=142, with-cross=50, moved=38, crossings-resolved=136.
[leaf-untangle] candidates=142, with-cross=23, moved=4, crossings-resolved=13.
[leaf-untangle] candidates=142, with-cross=22, moved=3, crossings-resolved=6.
[leaf-untangle] candidates=142, with-cross=21, moved=2, crossings-resolved=3.
[stuck-leaf-diag] 21 candidates with cost>0 (top 15 below):
  cost=8 deg=2 node=app7.M2 parent=app7.M0 nbrs={app7.M0,app6.M5}
  cost=8 deg=3 node=app18.M4 parent=app18.M0 nbrs={app18.M0,app18.M3,app3.M3}
  cost=6 deg=3 node=app2.M11 parent=app2.M0 nbrs={app2.M0,app2.M1,app17.M6}
  cost=5 deg=2 node=app15.M3 parent=app0.M5 nbrs={app15.File51,app0.M5}
  cost=5 deg=1 node=app15.File51 parent=app15.M3 nbrs={app15.M3}
  cost=4 deg=3 node=app9.M7 parent=app9.M0 nbrs={app9.M0,app9.M1,app7.M3}
  cost=4 deg=2 node=app15.M7 parent=app15.M4 nbrs={app15.M4,app15.Address39}
  cost=3 deg=3 node=app4.M3 parent=app4.M0 nbrs={app4.M0,app4.M2,app4.Log49}
  cost=3 deg=3 node=app4.M4 parent=app4.M0 nbrs={app4.M0,app4.M12,app4.Note1}
  cost=3 deg=1 node=app14.M5 parent=app14.M0 nbrs={app14.M0}
  cost=2 deg=2 node=app9.M1 parent=app9.M0 nbrs={app9.M0,app9.M7}
  cost=2 deg=2 node=app10.M6 parent=app10.M0 nbrs={app10.M0,app10.M1}
  cost=2 deg=2 node=app12.M2 parent=app12.M5 nbrs={app12.M5,app12.File12}
  cost=1 deg=3 node=app2.M6 parent=app2.M0 nbrs={app2.M0,app2.M1,app6.M2}
  cost=1 deg=2 node=app6.M4 parent=app6.M0 nbrs={app6.M0,app6.File56}
[pd-knot] 109 polyline cross pairs, 4 resolved via endpoint swap.
[xings-detour] iters=2 initial-poly-pairs=93 accepted=3 (multi-seg, density-aware, polyline detect, iterative).
[visual-knot] 84→84 cross points, 5→5 hot cells (≥3), 5 handled, 0 swap accepted.
[leaf-untangle] candidates=142, with-cross=24, moved=7, crossings-resolved=18.
[leaf-untangle] candidates=142, with-cross=20, moved=3, crossings-resolved=7.
[leaf-untangle] candidates=142, with-cross=18, moved=0, crossings-resolved=0.
[stuck-leaf-diag] 19 candidates with cost>0 (top 15 below):
  cost=8 deg=2 node=app7.M2 parent=app7.M0 nbrs={app7.M0,app6.M5}
  cost=8 deg=3 node=app18.M4 parent=app18.M0 nbrs={app18.M0,app18.M3,app3.M3}
  cost=5 deg=2 node=app15.M3 parent=app0.M5 nbrs={app15.File51,app0.M5}
  cost=5 deg=1 node=app15.File51 parent=app15.M3 nbrs={app15.M3}
  cost=4 deg=3 node=app2.M11 parent=app2.M0 nbrs={app2.M0,app2.M1,app17.M6}
  cost=4 deg=3 node=app9.M7 parent=app9.M0 nbrs={app9.M0,app9.M1,app7.M3}
  cost=4 deg=2 node=app15.M7 parent=app15.M4 nbrs={app15.M4,app15.Address39}
  cost=3 deg=3 node=app4.M4 parent=app4.M0 nbrs={app4.M0,app4.M12,app4.Note1}
  cost=3 deg=1 node=app14.M5 parent=app14.M0 nbrs={app14.M0}
  cost=2 deg=2 node=app9.M1 parent=app9.M0 nbrs={app9.M0,app9.M7}
  cost=2 deg=2 node=app10.M6 parent=app10.M0 nbrs={app10.M0,app10.M1}
  cost=2 deg=2 node=app12.M2 parent=app12.M5 nbrs={app12.M5,app12.File12}
  cost=1 deg=2 node=app6.M4 parent=app6.M0 nbrs={app6.M0,app6.File56}
  cost=1 deg=2 node=app13.M4 parent=app13.M0 nbrs={app13.M0,app13.Address17}
  cost=1 deg=3 node=app18.M3 parent=app18.M0 nbrs={app18.M0,app18.M4,app18.Note47}
[carrier-cross] segment 88 -> carrier-grouped 70 (-20%). Carriers: 160 total (2 bundle + 97 cluster-pair + 61 individual).
[isolated-stash] Stashed 13 edge-less nodes in 6-column strip at x>=28752.
[face-raster] grid 6339x6272 (cell 5.0x5.0 units), 377 faces, 39532019 bg cells (99.4% of grid)
  face #1: 37682743 cells (95.3%), bbox 6339x6272 @ (0,0)
  face #322: 166907 cells (0.4%), bbox 713x488 @ (2977,4631)
  face #277: 102969 cells (0.3%), bbox 684x612 @ (2867,4476)
  face #104: 94192 cells (0.2%), bbox 666x407 @ (2734,4047)
  face #63: 84004 cells (0.2%), bbox 402x385 @ (3887,3806)
  face #46: 65820 cells (0.2%), bbox 466x374 @ (2980,3539)
  face #29: 65695 cells (0.2%), bbox 398x497 @ (3371,3364)
  face #57: 54858 cells (0.1%), bbox 398x626 @ (3429,3610)
[face-cohesion] 59 clusters analysed, 22 low-cohesion (<60% in dominant face)
  cohesion histogram:
     20%- 29%: 1 clusters
     30%- 39%: 4 clusters
     50%- 59%: 17 clusters
     60%- 69%: 6 clusters
     80%- 89%: 2 clusters
    100%-100%: 29 clusters
  top 10 low-cohesion clusters (largest first):
    _louv_10: 5 members, 1 in dominant face, 5 faces total (20%)
    _louv_89: 4 members, 2 in dominant face, 3 faces total (50%)
    _louv_56: 4 members, 2 in dominant face, 3 faces total (50%)
    _louv_63: 4 members, 2 in dominant face, 3 faces total (50%)
    _louv_70: 4 members, 2 in dominant face, 3 faces total (50%)
    _louv_21: 4 members, 2 in dominant face, 2 faces total (50%)
    _louv_61: 4 members, 2 in dominant face, 3 faces total (50%)
    _louv_79: 3 members, 1 in dominant face, 3 faces total (33%)
    _louv_16: 3 members, 1 in dominant face, 3 faces total (33%)
    _louv_53: 3 members, 1 in dominant face, 3 faces total (33%)
[face-density] 188 micro-faces (size<50), top 10 hot regions (macro 64x64 cells):
  region (54,69): 19 micro-faces, world (16621,21429)-(16941,21749)
  region (54,68): 11 micro-faces, world (16621,21109)-(16941,21429)
  region (51,51): 10 micro-faces, world (15662,15669)-(15982,15989)
  region (50,62): 9 micro-faces, world (15342,19189)-(15662,19509)
  region (63,67): 8 micro-faces, world (19501,20789)-(19821,21109)
  region (50,64): 8 micro-faces, world (15342,19829)-(15662,20149)
  region (51,70): 7 micro-faces, world (15662,21749)-(15982,22069)
  region (52,67): 6 micro-faces, world (15982,20789)-(16302,21109)
  region (65,76): 6 micro-faces, world (20141,23669)-(20461,23989)
  region (59,71): 6 micro-faces, world (18221,22069)-(18541,22389)
[face-ppm] Wrote /tmp/face-raster.ppm (3169x3136, downsampled from 6339x6272 by 2)
[face-untangle] 22 target clusters, 33 strays, 2 moved (poly cross 85 → 85, 0 fewer)
[stuck-leaf-2d] pass 1: 4 candidates, 4 moved, 6 cost units resolved.
[stuck-leaf-2d] pass 2: 0 candidates, 0 moved, 0 cost units resolved.
[stuck-leaf-2d] 0 candidates, 4 moved, 6 cost units resolved (poly cross 85 → 81, 4 fewer)
[hot-region-sa] 7 hot cells (≥4 cross, 81 cross pts), top 5 processed, 53/590 swap accepted (cross 81 → 81, 0 fewer)
