[community] algorithm=louvain communities=37 meta=4
[hub-bias] Super-graph: pushed 4 high-deg cluster roots to 1.4x avgR.
[cg-time] 5ms post-hub-bias
[cg-time] 9ms pre-§10-outward-radial
[cg-time] 9ms pre-§11-compose
[cg-time] 9ms pre-§12-pruning-reattach
[cg-time] 9ms pre-§13-cluster-swap
[cg-time] 67ms pre-§14-chain-straightening
[cg-time] 67ms pre-§15-pruned-cross-min
[§15.5] Optimized 7 alone-root+independent nodes (2 moves).
[cg-time] 67ms pre-bus-bundle
[xings-hotspot] total=81 xings across 55 offending edges (of 130)
  edge core.Hub1↔app8.M0 xings=8 cluster=(?,_louv_31)
  edge app5.M1↔app5.M4 xings=8 cluster=(?,?)
  edge core.Hub1↔app1.M0 xings=7 cluster=(?,_louv_1)
  edge app2.M11↔app7.M0 xings=7 cluster=(_louv_17,_louv_28)
  edge core.Hub0↔app6.M0 xings=5 cluster=(?,_louv_0)
  edge core.Hub1↔app3.M0 xings=5 cluster=(?,_louv_18)
  edge core.Hub1↔app5.M0 xings=5 cluster=(?,_louv_22)
  edge app5.M0↔app5.M1 xings=5 cluster=(_louv_22,?)
[xings-hotspot] top cluster signatures:
  {?|_louv_22|_louv_31} xings=9
  {?|_louv_12|_louv_18} xings=6
  {?|_louv_22|_louv_5} xings=4
  {?|_louv_22|_louv_28} xings=3
  {?|_louv_21|_louv_7} xings=3
  {?|_louv_2} xings=3
  {?|_louv_18|_louv_2} xings=2
  {?|_louv_0|_louv_12} xings=2
[knot-min] Accepted 17 spatial swaps among 101 candidates.
[knot-min-2opt] Accepted 1 cross-targeted swaps.
[carrier-pre] 131 edges → 79 distinct carriers (cost-side filter).
[leaf-untangle] candidates=52, with-cross=15, moved=9, crossings-resolved=22.
[leaf-untangle] candidates=52, with-cross=8, moved=0, crossings-resolved=0.
[stuck-leaf-diag] 8 candidates with cost>0 (top 15 below):
  cost=3 deg=2 node=app0.M4 parent=app0.M0 nbrs={app0.M0,app0.M1}
  cost=3 deg=3 node=app6.M6 parent=app6.M0 nbrs={app6.M0,app6.M5,app1.M4}
  cost=3 deg=2 node=app8.M7 parent=app8.M0 nbrs={app8.M0,app8.File6}
  cost=2 deg=2 node=app2.M10 parent=app5.M1 nbrs={app0.M1,app5.M1}
  cost=2 deg=3 node=app5.M3 parent=app5.M0 nbrs={app5.M0,app5.M4,app8.M10}
  cost=1 deg=2 node=app0.M1 parent=app0.M4 nbrs={app0.M4,app2.M10}
  cost=1 deg=3 node=app3.M8 parent=app3.M0 nbrs={app3.M0,app3.M4,app3.M2}
  cost=1 deg=2 node=app7.M5 parent=app7.M0 nbrs={app7.M0,app5.M0}
[pd-knot] 59 polyline cross pairs, 0 resolved via endpoint swap.
[xings-detour] iters=1 initial-poly-pairs=58 accepted=0 (multi-seg, density-aware, polyline detect, iterative).
[visual-knot] 58→58 cross points, 2→2 hot cells (≥3), 2 handled, 0 swap accepted.
[leaf-untangle] candidates=52, with-cross=8, moved=0, crossings-resolved=0.
[stuck-leaf-diag] 8 candidates with cost>0 (top 15 below):
  cost=3 deg=2 node=app0.M4 parent=app0.M0 nbrs={app0.M0,app0.M1}
  cost=3 deg=3 node=app6.M6 parent=app6.M0 nbrs={app6.M0,app6.M5,app1.M4}
  cost=3 deg=2 node=app8.M7 parent=app8.M0 nbrs={app8.M0,app8.File6}
  cost=2 deg=2 node=app2.M10 parent=app5.M1 nbrs={app0.M1,app5.M1}
  cost=2 deg=3 node=app5.M3 parent=app5.M0 nbrs={app5.M0,app5.M4,app8.M10}
  cost=1 deg=2 node=app0.M1 parent=app0.M4 nbrs={app0.M4,app2.M10}
  cost=1 deg=3 node=app3.M8 parent=app3.M0 nbrs={app3.M0,app3.M4,app3.M2}
  cost=1 deg=2 node=app7.M5 parent=app7.M0 nbrs={app7.M0,app5.M0}
[isolated-stash] Stashed 5 edge-less nodes in 6-column strip at x>=12739.
[face-raster] grid 3034x3941 (cell 5.0x5.0 units), 216 faces, 11827177 bg cells (98.9% of grid)
  face #1: 6844638 cells (57.9%), bbox 3034x3941 @ (0,0)
  face #6: 790524 cells (6.7%), bbox 1098x1373 @ (374,148)
  face #92: 442501 cells (3.7%), bbox 1087x1189 @ (910,1674)
  face #183: 218450 cells (1.8%), bbox 869x996 @ (522,2808)
  face #64: 180236 cells (1.5%), bbox 676x711 @ (999,1192)
  face #141: 175639 cells (1.5%), bbox 597x685 @ (1395,2121)
  face #17: 166348 cells (1.4%), bbox 795x807 @ (1657,331)
  face #39: 164361 cells (1.4%), bbox 332x835 @ (2073,1020)
[face-cohesion] 24 clusters analysed, 9 low-cohesion (<60% in dominant face)
  cohesion histogram:
     30%- 39%: 1 clusters
     40%- 49%: 1 clusters
     50%- 59%: 7 clusters
     60%- 69%: 1 clusters
     70%- 79%: 1 clusters
    100%-100%: 13 clusters
  top 9 low-cohesion clusters (largest first):
    _louv_31: 6 members, 3 in dominant face, 3 faces total (50%)
    _louv_22: 5 members, 2 in dominant face, 4 faces total (40%)
    _louv_0: 4 members, 2 in dominant face, 3 faces total (50%)
    _louv_5: 3 members, 1 in dominant face, 3 faces total (33%)
    _louv_1: 2 members, 1 in dominant face, 2 faces total (50%)
    _louv_15: 2 members, 1 in dominant face, 2 faces total (50%)
    _louv_9: 2 members, 1 in dominant face, 2 faces total (50%)
    _louv_7: 2 members, 1 in dominant face, 2 faces total (50%)
    _louv_2: 2 members, 1 in dominant face, 2 faces total (50%)
[face-density] 108 micro-faces (size<50), top 10 hot regions (macro 64x64 cells):
  region (33,18): 17 micro-faces, world (9792,5333)-(10112,5653)
  region (23,36): 12 micro-faces, world (6592,11093)-(6912,11413)
  region (35,31): 11 micro-faces, world (10431,9493)-(10751,9813)
  region (8,59): 8 micro-faces, world (1793,18453)-(2113,18773)
  region (23,14): 5 micro-faces, world (6592,4053)-(6912,4373)
  region (33,17): 5 micro-faces, world (9792,5013)-(10112,5333)
  region (10,46): 5 micro-faces, world (2433,14293)-(2753,14613)
  region (38,4): 4 micro-faces, world (11391,853)-(11711,1173)
  region (38,5): 4 micro-faces, world (11391,1173)-(11711,1493)
  region (15,27): 4 micro-faces, world (4033,8213)-(4353,8533)
[face-ppm] Wrote /tmp/face-raster.ppm (3034x3941, downsampled from 3034x3941 by 1)
[face-untangle] 9 target clusters, 15 strays, 0 moved (poly cross 58 → 58, 0 fewer)
[stuck-leaf-2d] pass 1: 0 candidates, 0 moved, 0 cost units resolved.
[stuck-leaf-2d] 0 candidates, 0 moved, 0 cost units resolved (poly cross 58 → 58, 0 fewer)
[hot-region-sa] 2 hot cells (≥4 cross, 58 cross pts), top 2 processed, 8/97 swap accepted (cross 58 → 58, 0 fewer)
