[community] algorithm=louvain communities=57 meta=3
[hub-bias] Super-graph: pushed 1 high-deg cluster roots to 1.4x avgR.
[cg-time] 3ms post-hub-bias
[cg-time] 28ms pre-§10-outward-radial
[cg-time] 28ms pre-§11-compose
[cg-time] 28ms pre-§12-pruning-reattach
[cg-time] 28ms pre-§13-cluster-swap
[cg-time] 76ms pre-§14-chain-straightening
[cg-time] 76ms pre-§15-pruned-cross-min
[§15.5] Optimized 25 alone-root+independent nodes (7 moves).
[cg-time] 77ms pre-bus-bundle
[xings-hotspot] total=56 xings across 43 offending edges (of 159)
  edge app5.M3↔app9.M0 xings=12 cluster=(_louv_30,?)
  edge app1.M1↔app6.M11 xings=6 cluster=(?,?)
  edge app3.M3↔app6.M4 xings=6 cluster=(_louv_21,?)
  edge app3.M0↔app6.M2 xings=6 cluster=(_louv_21,_louv_34)
  edge app7.M0↔app7.M1 xings=5 cluster=(?,_louv_35)
  edge app6.M6↔app9.M1 xings=5 cluster=(?,_louv_50)
  edge app6.M8↔app6.M11 xings=4 cluster=(_louv_39,?)
  edge app6.M1↔app6.M8 xings=4 cluster=(?,_louv_39)
[xings-hotspot] top cluster signatures:
  {?|_louv_30} xings=7
  {?|_louv_21} xings=6
  {?|_louv_0|_louv_30} xings=4
  {?} xings=3
  {?|_louv_21|_louv_39} xings=2
  {?|_louv_14|_louv_2|_louv_25} xings=2
  {?|_louv_39|_louv_50} xings=2
  {?|_louv_35} xings=2
[knot-min] Accepted 23 spatial swaps among 142 candidates.
[carrier-pre] 160 edges → 88 distinct carriers (cost-side filter).
[leaf-untangle] candidates=88, with-cross=23, moved=19, crossings-resolved=70.
[leaf-untangle] candidates=88, with-cross=6, moved=1, crossings-resolved=3.
[leaf-untangle] candidates=88, with-cross=5, moved=0, crossings-resolved=0.
[stuck-leaf-diag] 5 candidates with cost>0 (top 15 below):
  cost=17 deg=3 node=app5.M3 parent=app5.M0 nbrs={app5.M0,app5.M6,app9.M0}
  cost=4 deg=2 node=app5.M2 parent=app5.M0 nbrs={app5.M0,app1.M8}
  cost=1 deg=2 node=app1.M8 parent=app1.M2 nbrs={app1.M2,app5.M2}
  cost=1 deg=2 node=app8.M1 parent=app8.M0 nbrs={app8.M0,app8.Address31}
  cost=1 deg=3 node=app8.M5 parent=app8.M0 nbrs={app8.M0,app8.M2,app8.Log15}
[pd-knot] 33 polyline cross pairs, 1 resolved via endpoint swap.
[xings-detour] iters=1 initial-poly-pairs=33 accepted=0 (multi-seg, density-aware, polyline detect, iterative).
[visual-knot] 33→31 cross points, 2→1 hot cells (≥3), 3 handled, 1 swap accepted.
[leaf-untangle] candidates=88, with-cross=7, moved=2, crossings-resolved=2.
[leaf-untangle] candidates=88, with-cross=5, moved=0, crossings-resolved=0.
[stuck-leaf-diag] 5 candidates with cost>0 (top 15 below):
  cost=18 deg=3 node=app5.M3 parent=app5.M0 nbrs={app5.M0,app5.M6,app9.M0}
  cost=4 deg=2 node=app5.M2 parent=app5.M0 nbrs={app5.M0,app1.M8}
  cost=1 deg=2 node=app1.M8 parent=app1.M2 nbrs={app1.M2,app5.M2}
  cost=1 deg=2 node=app8.M1 parent=app8.M0 nbrs={app8.M0,app8.Address31}
  cost=1 deg=3 node=app8.M5 parent=app8.M0 nbrs={app8.M0,app8.M2,app8.Log15}
[isolated-stash] Stashed 6 edge-less nodes in 6-column strip at x>=19597.
[face-raster] grid 4409x4352 (cell 5.0x5.0 units), 213 faces, 19057575 bg cells (99.3% of grid)
  face #1: 17210477 cells (90.3%), bbox 4409x4352 @ (0,0)
  face #2: 693295 cells (3.6%), bbox 1058x1201 @ (335,1338)
  face #78: 277618 cells (1.5%), bbox 925x616 @ (2251,1863)
  face #102: 196743 cells (1.0%), bbox 815x573 @ (1638,1906)
  face #195: 111467 cells (0.6%), bbox 1206x195 @ (1229,2351)
  face #164: 86653 cells (0.5%), bbox 800x352 @ (1641,2128)
  face #36: 75458 cells (0.4%), bbox 458x364 @ (1765,1598)
  face #155: 33612 cells (0.2%), bbox 231x241 @ (1332,2062)
[face-cohesion] 33 clusters analysed, 6 low-cohesion (<60% in dominant face)
  cohesion histogram:
     30%- 39%: 4 clusters
     40%- 49%: 1 clusters
     50%- 59%: 1 clusters
     60%- 69%: 5 clusters
     80%- 89%: 2 clusters
    100%-100%: 20 clusters
  top 6 low-cohesion clusters (largest first):
    _louv_30: 5 members, 2 in dominant face, 4 faces total (40%)
    _louv_21: 4 members, 2 in dominant face, 3 faces total (50%)
    _louv_51: 3 members, 1 in dominant face, 3 faces total (33%)
    _louv_36: 3 members, 1 in dominant face, 3 faces total (33%)
    _louv_25: 3 members, 1 in dominant face, 3 faces total (33%)
    _louv_2: 3 members, 1 in dominant face, 3 faces total (33%)
[face-density] 118 micro-faces (size<50), top 10 hot regions (macro 64x64 cells):
  region (34,29): 15 micro-faces, world (10385,8813)-(10705,9133)
  region (7,21): 8 micro-faces, world (1747,6253)-(2067,6573)
  region (38,38): 7 micro-faces, world (11665,11693)-(11985,12013)
  region (26,24): 7 micro-faces, world (7826,7213)-(8146,7533)
  region (27,29): 5 micro-faces, world (8146,8813)-(8466,9133)
  region (18,25): 5 micro-faces, world (5266,7533)-(5586,7853)
  region (25,35): 5 micro-faces, world (7506,10733)-(7826,11053)
  region (20,35): 5 micro-faces, world (5906,10733)-(6226,11053)
  region (20,34): 5 micro-faces, world (5906,10413)-(6226,10733)
  region (19,27): 5 micro-faces, world (5586,8173)-(5906,8493)
[face-ppm] Wrote /tmp/face-raster.ppm (2204x2176, downsampled from 4409x4352 by 2)
[face-untangle] 7 target clusters, 15 strays, 0 moved (poly cross 31 → 31, 0 fewer)
[stuck-leaf-2d] pass 1: 0 candidates, 0 moved, 0 cost units resolved.
[stuck-leaf-2d] 0 candidates, 0 moved, 0 cost units resolved (poly cross 31 → 31, 0 fewer)
[hot-region-sa] 1 hot cells (≥4 cross, 31 cross pts), top 1 processed, 24/162 swap accepted (cross 31 → 31, 0 fewer)
