[community] algorithm=louvain communities=39 meta=4
[hub-bias] Super-graph: pushed 3 high-deg cluster roots to 1.4x avgR.
[cg-time] 4ms post-hub-bias
[cg-time] 9ms pre-§10-outward-radial
[cg-time] 9ms pre-§11-compose
[cg-time] 9ms pre-§12-pruning-reattach
[cg-time] 9ms pre-§13-cluster-swap
[cg-time] 35ms pre-§14-chain-straightening
[cg-time] 35ms pre-§15-pruned-cross-min
[§15.5] Optimized 16 alone-root+independent nodes (7 moves).
[cg-time] 36ms pre-bus-bundle
[bus-bundle] Created 1 bus bundles (2 members, sig ≥ 2 roots).
[xings-hotspot] total=76 xings across 55 offending edges (of 123)
  edge app3.M1↔app3.M8 xings=8 cluster=(?,?)
  edge core.Hub1↔app2.M0 xings=8 cluster=(?,_louv_6)
  edge app2.M8↔app5.M5 xings=8 cluster=(?,_louv_24)
  edge app3.M0↔app3.M9 xings=7 cluster=(_louv_26,?)
  edge app2.M2↔app2.M5 xings=7 cluster=(?,?)
  edge core.Hub0↔app1.M0 xings=6 cluster=(?,_louv_1)
  edge app3.M0↔app3.M10 xings=6 cluster=(_louv_26,?)
  edge app2.M0↔app2.M7 xings=5 cluster=(_louv_6,?)
[xings-hotspot] top cluster signatures:
  {?|_louv_26|_louv_6} xings=14
  {?|_louv_6} xings=13
  {?|_louv_0|_louv_6} xings=4
  {?|_louv_26} xings=4
  {?|_louv_12} xings=3
  {?|_louv_35|_louv_4} xings=3
  {?|_louv_1} xings=3
  {?} xings=2
[knot-min] Accepted 13 spatial swaps among 98 candidates.
[knot-min-2opt] Accepted 8 cross-targeted swaps.
[carrier-pre] 124 edges → 68 distinct carriers (cost-side filter).
[leaf-untangle] candidates=62, with-cross=16, moved=15, crossings-resolved=42.
[leaf-untangle] candidates=62, with-cross=8, moved=3, crossings-resolved=8.
[leaf-untangle] candidates=62, with-cross=7, moved=2, crossings-resolved=5.
[leaf-untangle] candidates=62, with-cross=6, moved=1, crossings-resolved=4.
[stuck-leaf-diag] 10 candidates with cost>0 (top 15 below):
  cost=6 deg=2 node=app0.M11 parent=app0.M0 nbrs={app0.M0,app4.M4}
  cost=6 deg=3 node=app2.M6 parent=app2.M0 nbrs={app2.M0,app2.M12,app2.Address21}
  cost=5 deg=2 node=app5.M7 parent=app6.M2 nbrs={app5.M11,app6.M2}
  cost=5 deg=2 node=app5.M11 parent=app5.M2 nbrs={app5.M2,app5.M7}
  cost=4 deg=3 node=app2.M10 parent=app2.M0 nbrs={app2.M0,app2.Address14,app2.M12}
  cost=4 deg=2 node=app4.M3 parent=app4.M0 nbrs={app4.M0,app0.M2}
  cost=3 deg=1 node=app0.M7 parent=app2.M0 nbrs={app2.M0}
  cost=3 deg=1 node=app3.M2 parent=app3.M0 nbrs={app3.M0}
  cost=3 deg=1 node=app2.Log16 parent=app2.M4 nbrs={app2.M4}
  cost=2 deg=3 node=app3.M8 parent=app3.M0 nbrs={app3.M0,app3.M1,app3.M7}
[pd-knot] 46 polyline cross pairs, 2 resolved via endpoint swap.
[xings-detour] iters=2 initial-poly-pairs=47 accepted=2 (multi-seg, density-aware, polyline detect, iterative).
[visual-knot] 43→43 cross points, 1→1 hot cells (≥3), 1 handled, 0 swap accepted.
[leaf-untangle] candidates=62, with-cross=6, moved=2, crossings-resolved=6.
[leaf-untangle] candidates=62, with-cross=5, moved=0, crossings-resolved=0.
[stuck-leaf-diag] 8 candidates with cost>0 (top 15 below):
  cost=6 deg=2 node=app0.M11 parent=app0.M0 nbrs={app0.M0,app4.M4}
  cost=5 deg=2 node=app5.M7 parent=app6.M2 nbrs={app5.M11,app6.M2}
  cost=5 deg=2 node=app5.M11 parent=app5.M2 nbrs={app5.M2,app5.M7}
  cost=4 deg=2 node=app4.M3 parent=app4.M0 nbrs={app4.M0,app0.M2}
  cost=3 deg=1 node=app0.M7 parent=app2.M0 nbrs={app2.M0}
  cost=3 deg=3 node=app2.M6 parent=app2.M0 nbrs={app2.M0,app2.M12,app2.Address21}
  cost=3 deg=1 node=app2.Log16 parent=app2.M4 nbrs={app2.M4}
  cost=2 deg=3 node=app3.M8 parent=app3.M0 nbrs={app3.M0,app3.M1,app3.M7}
[carrier-cross] segment 45 -> carrier-grouped 37 (-18%). Carriers: 70 total (2 bundle + 44 cluster-pair + 24 individual).
[isolated-stash] Stashed 4 edge-less nodes in 6-column strip at x>=25698.
[face-raster] grid 5564x4073 (cell 5.0x5.0 units), 222 faces, 22532765 bg cells (99.4% of grid)
  face #1: 16956363 cells (75.3%), bbox 5564x4073 @ (0,0)
  face #136: 1132163 cells (5.0%), bbox 1310x2020 @ (1451,1953)
  face #20: 1058334 cells (4.7%), bbox 1497x1413 @ (2337,520)
  face #3: 741230 cells (3.3%), bbox 1854x839 @ (642,297)
  face #2: 244102 cells (1.1%), bbox 838x1202 @ (149,257)
  face #34: 228055 cells (1.0%), bbox 1106x700 @ (1027,679)
  face #33: 160963 cells (0.7%), bbox 478x996 @ (1015,679)
  face #12: 157089 cells (0.7%), bbox 1388x1041 @ (705,500)
[face-cohesion] 23 clusters analysed, 9 low-cohesion (<60% in dominant face)
  cohesion histogram:
     30%- 39%: 3 clusters
     40%- 49%: 2 clusters
     50%- 59%: 4 clusters
    100%-100%: 14 clusters
  top 9 low-cohesion clusters (largest first):
    _louv_12: 6 members, 2 in dominant face, 4 faces total (33%)
    _louv_26: 5 members, 2 in dominant face, 3 faces total (40%)
    _louv_6: 5 members, 2 in dominant face, 4 faces total (40%)
    _louv_1: 4 members, 2 in dominant face, 3 faces total (50%)
    _louv_31: 3 members, 1 in dominant face, 3 faces total (33%)
    _louv_2: 3 members, 1 in dominant face, 3 faces total (33%)
    _louv_24: 2 members, 1 in dominant face, 2 faces total (50%)
    _louv_36: 2 members, 1 in dominant face, 2 faces total (50%)
    _louv_23: 2 members, 1 in dominant face, 2 faces total (50%)
[face-density] 136 micro-faces (size<50), top 10 hot regions (macro 64x64 cells):
  region (20,30): 20 micro-faces, world (5817,8405)-(6137,8725)
  region (38,22): 15 micro-faces, world (11576,5845)-(11896,6165)
  region (38,23): 12 micro-faces, world (11576,6165)-(11896,6485)
  region (18,41): 10 micro-faces, world (5177,11925)-(5497,12245)
  region (33,17): 9 micro-faces, world (9976,4245)-(10296,4565)
  region (11,4): 7 micro-faces, world (2937,85)-(3257,405)
  region (39,8): 7 micro-faces, world (11896,1365)-(12216,1685)
  region (24,36): 7 micro-faces, world (7096,10325)-(7416,10645)
  region (23,34): 7 micro-faces, world (6776,9685)-(7096,10005)
  region (32,17): 6 micro-faces, world (9656,4245)-(9976,4565)
[face-ppm] Wrote /tmp/face-raster.ppm (2782x2036, downsampled from 5564x4073 by 2)
[face-untangle] 9 target clusters, 19 strays, 0 moved (poly cross 43 → 43, 0 fewer)
[stuck-leaf-2d] pass 1: 0 candidates, 0 moved, 0 cost units resolved.
[stuck-leaf-2d] 0 candidates, 0 moved, 0 cost units resolved (poly cross 43 → 43, 0 fewer)
[hot-region-sa] 1 hot cells (≥4 cross, 43 cross pts), top 1 processed, 0/0 swap accepted (cross 43 → 43, 0 fewer)
