[community] algorithm=louvain communities=34 meta=4
[hub-bias] Super-graph: pushed 3 high-deg cluster roots to 1.4x avgR.
[cg-time] 4ms post-hub-bias
[cg-time] 5ms pre-§10-outward-radial
[cg-time] 5ms pre-§11-compose
[cg-time] 5ms pre-§12-pruning-reattach
[cg-time] 5ms pre-§13-cluster-swap
[cg-time] 18ms pre-§14-chain-straightening
[cg-time] 18ms pre-§15-pruned-cross-min
[§15.5] Optimized 13 alone-root+independent nodes (8 moves).
[cg-time] 18ms pre-bus-bundle
[bus-bundle] Created 3 bus bundles (6 members, sig ≥ 2 roots).
[xings-hotspot] total=42 xings across 40 offending edges (of 107)
  edge app1.M7↔app4.M8 xings=6 cluster=(?,_louv_23)
  edge app5.M1↔app5.M12 xings=5 cluster=(?,?)
  edge app6.M1↔app6.M2 xings=4 cluster=(?,_louv_31)
  edge app6.M0↔app6.M1 xings=4 cluster=(_louv_31,?)
  edge app5.M0↔app5.M14 xings=4 cluster=(_louv_27,_louv_15)
  edge app3.M0↔app3.M5 xings=4 cluster=(_louv_0,_louv_15)
  edge app5.M8↔app6.M6 xings=3 cluster=(?,?)
  edge app1.M1↔app1.M7 xings=3 cluster=(?,?)
[xings-hotspot] top cluster signatures:
  {?|_louv_15} xings=3
  {?|_louv_20} xings=3
  {?|_louv_1|_louv_6} xings=2
  {?|_louv_0} xings=2
  {?|_louv_31} xings=2
  {?|_louv_27|_louv_31} xings=2
  {?|_louv_23} xings=2
  {?|_louv_0|_louv_15} xings=2
[bundle-clear] Pushed 1 nodes off bundle bboxes.
[knot-min] Accepted 10 spatial swaps among 70 candidates.
[knot-min-2opt] Accepted 7 cross-targeted swaps.
[carrier-pre] 107 edges → 63 distinct carriers (cost-side filter).
[leaf-untangle] candidates=40, with-cross=8, moved=7, crossings-resolved=23.
[leaf-untangle] candidates=40, with-cross=2, moved=1, crossings-resolved=1.
[leaf-untangle] candidates=40, with-cross=3, moved=0, crossings-resolved=0.
[stuck-leaf-diag] 12 candidates with cost>0 (top 15 below):
  cost=7 deg=3 node=app1.M7 parent=app1.M0 nbrs={app1.M0,app1.M1,app4.M8}
  cost=7 deg=3 node=app4.M4 parent=app4.M0 nbrs={app4.M0,app4.M1,app4.M13}
  cost=7 deg=3 node=app4.M12 parent=app4.M0 nbrs={app4.M0,app4.M2,app6.M3}
  cost=6 deg=1 node=app5.M13 parent=app5.M0 nbrs={app5.M0}
  cost=5 deg=3 node=app4.M8 parent=app4.M0 nbrs={app4.M0,app4.M3,app1.M7}
  cost=5 deg=3 node=app6.M1 parent=app3.M0 nbrs={app6.M0,app6.M2,app3.M0}
  cost=4 deg=2 node=app5.M7 parent=app5.M0 nbrs={app5.M0,app5.M9}
  cost=3 deg=3 node=app4.M9 parent=app4.M0 nbrs={app4.M0,app4.M2,app4.M11}
  cost=3 deg=1 node=app4.M10 parent=app4.M0 nbrs={app4.M0}
  cost=1 deg=2 node=app1.M11 parent=app1.M0 nbrs={app1.M0,app3.M4}
  cost=1 deg=2 node=app5.M1 parent=app5.M8 nbrs={app5.M12,app5.M8}
  cost=1 deg=1 node=app5.M9 parent=app5.M7 nbrs={app5.M7}
[pd-knot] 20 polyline cross pairs, 2 resolved via endpoint swap.
[xings-detour] iters=2 initial-poly-pairs=22 accepted=5 (multi-seg, density-aware, polyline detect, iterative).
[visual-knot] 17→17 cross points, 0→0 hot cells (≥3), 0 handled, 0 swap accepted.
[leaf-untangle] candidates=40, with-cross=4, moved=2, crossings-resolved=17.
[leaf-untangle] candidates=40, with-cross=3, moved=0, crossings-resolved=0.
[stuck-leaf-diag] 12 candidates with cost>0 (top 15 below):
  cost=7 deg=3 node=app1.M7 parent=app1.M0 nbrs={app1.M0,app1.M1,app4.M8}
  cost=7 deg=3 node=app4.M4 parent=app4.M0 nbrs={app4.M0,app4.M1,app4.M13}
  cost=7 deg=3 node=app4.M12 parent=app4.M0 nbrs={app4.M0,app4.M2,app6.M3}
  cost=6 deg=1 node=app5.M13 parent=app5.M0 nbrs={app5.M0}
  cost=5 deg=3 node=app4.M8 parent=app4.M0 nbrs={app4.M0,app4.M3,app1.M7}
  cost=4 deg=2 node=app5.M7 parent=app5.M0 nbrs={app5.M0,app5.M9}
  cost=4 deg=3 node=app6.M1 parent=app3.M0 nbrs={app6.M0,app6.M2,app3.M0}
  cost=3 deg=3 node=app4.M9 parent=app4.M0 nbrs={app4.M0,app4.M2,app4.M11}
  cost=3 deg=1 node=app4.M10 parent=app4.M0 nbrs={app4.M0}
  cost=1 deg=2 node=app1.M11 parent=app1.M0 nbrs={app1.M0,app3.M4}
  cost=1 deg=1 node=app5.M9 parent=app5.M7 nbrs={app5.M7}
  cost=1 deg=3 node=app6.M2 parent=app6.M0 nbrs={app6.M0,app6.M8,app6.M1}
[carrier-cross] segment 17 -> carrier-grouped 13 (-24%). Carriers: 61 total (7 bundle + 38 cluster-pair + 16 individual).
[isolated-stash] Stashed 5 edge-less nodes in 6-column strip at x>=18888.
[face-raster] grid 4200x4085 (cell 5.0x5.0 units), 415 faces, 17027711 bg cells (99.2% of grid)
  face #1: 9399676 cells (55.2%), bbox 4200x4085 @ (0,0)
  face #16: 1112612 cells (6.5%), bbox 2160x859 @ (445,672)
  face #153: 779859 cells (4.6%), bbox 1101x1436 @ (517,1421)
  face #7: 669235 cells (3.9%), bbox 2061x1191 @ (1479,129)
  face #3: 511550 cells (3.0%), bbox 777x1825 @ (2993,105)
  face #4: 431174 cells (2.5%), bbox 540x2721 @ (3232,105)
  face #6: 386639 cells (2.3%), bbox 366x3656 @ (3405,123)
  face #201: 376291 cells (2.2%), bbox 412x1539 @ (2992,1774)
[face-cohesion] 15 clusters analysed, 10 low-cohesion (<60% in dominant face)
  cohesion histogram:
     20%- 29%: 1 clusters
     30%- 39%: 1 clusters
     40%- 49%: 1 clusters
     50%- 59%: 7 clusters
     80%- 89%: 1 clusters
    100%-100%: 4 clusters
  top 10 low-cohesion clusters (largest first):
    _louv_1: 5 members, 2 in dominant face, 4 faces total (40%)
    _louv_27: 4 members, 2 in dominant face, 3 faces total (50%)
    _louv_20: 4 members, 1 in dominant face, 4 faces total (25%)
    _louv_31: 3 members, 1 in dominant face, 3 faces total (33%)
    _louv_15: 2 members, 1 in dominant face, 2 faces total (50%)
    _louv_29: 2 members, 1 in dominant face, 2 faces total (50%)
    _louv_18: 2 members, 1 in dominant face, 2 faces total (50%)
    _louv_8: 2 members, 1 in dominant face, 2 faces total (50%)
    _louv_0: 2 members, 1 in dominant face, 2 faces total (50%)
    _louv_2: 2 members, 1 in dominant face, 2 faces total (50%)
[face-density] 346 micro-faces (size<50), top 10 hot regions (macro 64x64 cells):
  region (24,36): 27 micro-faces, world (7271,11077)-(7591,11397)
  region (39,21): 22 micro-faces, world (12070,6278)-(12390,6598)
  region (20,50): 20 micro-faces, world (5991,15556)-(6311,15876)
  region (8,17): 19 micro-faces, world (2152,4998)-(2472,5318)
  region (21,11): 17 micro-faces, world (6311,3078)-(6631,3398)
  region (13,14): 16 micro-faces, world (3751,4038)-(4071,4358)
  region (39,22): 15 micro-faces, world (12070,6598)-(12390,6918)
  region (38,24): 13 micro-faces, world (11750,7238)-(12070,7558)
  region (16,44): 12 micro-faces, world (4711,13636)-(5031,13956)
  region (22,10): 12 micro-faces, world (6631,2759)-(6951,3078)
[face-ppm] Wrote /tmp/face-raster.ppm (2100x2042, downsampled from 4200x4085 by 2)
[face-untangle] 9 target clusters, 13 strays, 3 moved (poly cross 17 → 15, 2 fewer)
[stuck-leaf-2d] pass 1: 0 candidates, 0 moved, 0 cost units resolved.
[stuck-leaf-2d] 0 candidates, 0 moved, 0 cost units resolved (poly cross 15 → 15, 0 fewer)
[hot-region-sa] 0 hot cells (≥4 cross, 15 cross pts), top 0 processed, 0/0 swap accepted (cross 15 → 15, 0 fewer)
