[community] algorithm=louvain communities=48 meta=5
[hub-bias] Super-graph: pushed 4 high-deg cluster roots to 1.4x avgR.
[cg-time] 13ms post-hub-bias
[cg-time] 183ms pre-§10-outward-radial
[cg-time] 183ms pre-§11-compose
[cg-time] 183ms pre-§12-pruning-reattach
[cg-time] 183ms pre-§13-cluster-swap
[cg-time] 245ms pre-§14-chain-straightening
[cg-time] 245ms pre-§15-pruned-cross-min
[§15.5] Optimized 26 alone-root+independent nodes (8 moves).
[cg-time] 247ms pre-bus-bundle
[xings-hotspot] total=70 xings across 62 offending edges (of 149)
  edge app9.M0↔app9.M1 xings=7 cluster=(_louv_42,?)
  edge app6.M2↔app6.M8 xings=7 cluster=(_louv_29,?)
  edge app4.M0↔app5.M7 xings=6 cluster=(_louv_4,?)
  edge app1.M1↔app1.M2 xings=5 cluster=(_louv_7,?)
  edge core.Hub0↔app3.M0 xings=5 cluster=(?,?)
  edge app6.M0↔app6.M10 xings=5 cluster=(_louv_28,?)
  edge app5.M9↔app9.M5 xings=4 cluster=(_louv_23,_louv_42)
  edge app6.M0↔app6.M8 xings=4 cluster=(_louv_28,?)
[xings-hotspot] top cluster signatures:
  {?|_louv_42} xings=8
  {?|_louv_4|_louv_7} xings=4
  {?|_louv_4} xings=3
  {?|_louv_28|_louv_29} xings=3
  {?|_louv_23|_louv_42} xings=3
  {?|_louv_23|_louv_27} xings=2
  {?|_louv_42|_louv_5} xings=2
  {?} xings=2
[knot-min] Accepted 8 spatial swaps among 118 candidates.
[knot-min-2opt] Accepted 4 cross-targeted swaps.
[carrier-pre] 150 edges → 85 distinct carriers (cost-side filter).
[leaf-untangle] candidates=70, with-cross=20, moved=13, crossings-resolved=43.
[leaf-untangle] candidates=70, with-cross=12, moved=5, crossings-resolved=10.
[leaf-untangle] candidates=70, with-cross=8, moved=1, crossings-resolved=3.
[leaf-untangle] candidates=70, with-cross=8, moved=0, crossings-resolved=0.
[stuck-leaf-diag] 8 candidates with cost>0 (top 15 below):
  cost=7 deg=3 node=app6.M8 parent=app6.M0 nbrs={app6.M0,app6.M2,app8.M2}
  cost=6 deg=3 node=app6.M11 parent=app6.M0 nbrs={app6.M0,app6.M6,app8.M6}
  cost=5 deg=3 node=app7.M6 parent=app7.M0 nbrs={app7.M0,app7.M4,app0.M1}
  cost=3 deg=3 node=app9.M5 parent=app9.M0 nbrs={app9.M0,app9.M3,app5.M9}
  cost=2 deg=2 node=app9.M4 parent=app9.M0 nbrs={app9.M0,app9.Log0}
  cost=2 deg=3 node=app9.M7 parent=app9.M0 nbrs={app9.M0,app9.M8,app9.Note11}
  cost=1 deg=2 node=app5.M11 parent=app5.M0 nbrs={app5.M0,app5.M2}
  cost=1 deg=3 node=app7.M2 parent=app7.M0 nbrs={app7.M0,app7.M7,app3.M3}
[pd-knot] 57 polyline cross pairs, 0 resolved via endpoint swap.
[xings-detour] iters=1 initial-poly-pairs=52 accepted=0 (multi-seg, density-aware, polyline detect, iterative).
[visual-knot] 49→49 cross points, 0→0 hot cells (≥3), 0 handled, 0 swap accepted.
[leaf-untangle] candidates=70, with-cross=8, moved=0, crossings-resolved=0.
[stuck-leaf-diag] 8 candidates with cost>0 (top 15 below):
  cost=7 deg=3 node=app6.M8 parent=app6.M0 nbrs={app6.M0,app6.M2,app8.M2}
  cost=6 deg=3 node=app6.M11 parent=app6.M0 nbrs={app6.M0,app6.M6,app8.M6}
  cost=5 deg=3 node=app7.M6 parent=app7.M0 nbrs={app7.M0,app7.M4,app0.M1}
  cost=3 deg=3 node=app9.M5 parent=app9.M0 nbrs={app9.M0,app9.M3,app5.M9}
  cost=2 deg=2 node=app9.M4 parent=app9.M0 nbrs={app9.M0,app9.Log0}
  cost=2 deg=3 node=app9.M7 parent=app9.M0 nbrs={app9.M0,app9.M8,app9.Note11}
  cost=1 deg=2 node=app5.M11 parent=app5.M0 nbrs={app5.M0,app5.M2}
  cost=1 deg=3 node=app7.M2 parent=app7.M0 nbrs={app7.M0,app7.M7,app3.M3}
[isolated-stash] Stashed 4 edge-less nodes in 6-column strip at x>=56473.
[face-raster] grid 10247x9758 (cell 5.8x5.8 units), 241 faces, 99785411 bg cells (99.8% of grid)
  face #1: 77508221 cells (77.7%), bbox 10247x9758 @ (0,0)
  face #130: 4098152 cells (4.1%), bbox 1932x6179 @ (7756,3368)
  face #217: 1657191 cells (1.7%), bbox 1200x2621 @ (6738,6145)
  face #103: 1544569 cells (1.5%), bbox 1463x6979 @ (8222,2549)
  face #2: 1408071 cells (1.4%), bbox 3589x1308 @ (5776,286)
  face #205: 1208224 cells (1.2%), bbox 800x2943 @ (6286,5815)
  face #126: 914555 cells (0.9%), bbox 805x2285 @ (5591,3236)
  face #137: 729675 cells (0.7%), bbox 1107x1548 @ (6628,3739)
[face-cohesion] 24 clusters analysed, 4 low-cohesion (<60% in dominant face)
  cohesion histogram:
     30%- 39%: 1 clusters
     50%- 59%: 3 clusters
     60%- 69%: 4 clusters
     70%- 79%: 1 clusters
    100%-100%: 15 clusters
  top 4 low-cohesion clusters (largest first):
    _louv_42: 4 members, 2 in dominant face, 3 faces total (50%)
    _louv_4: 4 members, 2 in dominant face, 3 faces total (50%)
    _louv_5: 3 members, 1 in dominant face, 3 faces total (33%)
    _louv_39: 2 members, 1 in dominant face, 2 faces total (50%)
[face-density] 142 micro-faces (size<50), top 10 hot regions (macro 64x64 cells):
  region (146,5): 24 micro-faces, world (53413,726)-(53787,1100)
  region (131,36): 16 micro-faces, world (47800,12328)-(48174,12702)
  region (145,5): 13 micro-faces, world (53039,726)-(53413,1100)
  region (87,81): 11 micro-faces, world (31333,29170)-(31707,29544)
  region (146,4): 8 micro-faces, world (53413,352)-(53787,726)
  region (151,149): 6 micro-faces, world (55284,54619)-(55659,54994)
  region (104,135): 5 micro-faces, world (37695,49380)-(38069,49754)
  region (109,89): 5 micro-faces, world (39566,32164)-(39941,32538)
  region (130,25): 4 micro-faces, world (47425,8211)-(47800,8585)
  region (100,41): 4 micro-faces, world (36198,14199)-(36572,14573)
[face-ppm] Wrote /tmp/face-raster.ppm (2561x2439, downsampled from 10247x9758 by 4)
[face-untangle] 5 target clusters, 9 strays, 0 moved (poly cross 49 → 49, 0 fewer)
[stuck-leaf-2d] pass 1: 0 candidates, 0 moved, 0 cost units resolved.
[stuck-leaf-2d] 0 candidates, 0 moved, 0 cost units resolved (poly cross 49 → 49, 0 fewer)
[hot-region-sa] 0 hot cells (≥4 cross, 49 cross pts), top 0 processed, 0/0 swap accepted (cross 49 → 49, 0 fewer)
