[community] algorithm=louvain communities=29 meta=3
[hub-bias] Super-graph: pushed 3 high-deg cluster roots to 1.4x avgR.
[cg-time] 3ms post-hub-bias
[cg-time] 3ms pre-§10-outward-radial
[cg-time] 3ms pre-§11-compose
[cg-time] 3ms pre-§12-pruning-reattach
[cg-time] 3ms pre-§13-cluster-swap
[cg-time] 28ms pre-§14-chain-straightening
[cg-time] 28ms pre-§15-pruned-cross-min
[§15.5] Optimized 15 alone-root+independent nodes (4 moves).
[cg-time] 29ms pre-bus-bundle
[xings-hotspot] total=62 xings across 39 offending edges (of 96)
  edge app6.M0↔app6.M2 xings=11 cluster=(?,?)
  edge app5.M0↔app5.M6 xings=9 cluster=(?,_louv_25)
  edge core.Hub1↔app6.M0 xings=8 cluster=(?,?)
  edge app5.M0↔app5.M2 xings=8 cluster=(?,_louv_22)
  edge app0.M1↔app0.M2 xings=8 cluster=(_louv_3,?)
  edge app6.M3↔app7.M3 xings=7 cluster=(_louv_26,_louv_5)
  edge app1.M2↔app5.M4 xings=5 cluster=(?,_louv_24)
  edge app1.M0↔app3.M5 xings=4 cluster=(_louv_4,?)
[xings-hotspot] top cluster signatures:
  {?|_louv_0} xings=4
  {?|_louv_12|_louv_25} xings=3
  {?|_louv_2|_louv_3|_louv_4} xings=3
  {?|_louv_26|_louv_4|_louv_5} xings=3
  {?|_louv_25} xings=3
  {?|_louv_24|_louv_4} xings=3
  {?|_louv_17|_louv_25} xings=3
  {?|_louv_12|_louv_3} xings=3
[knot-min] Accepted 22 spatial swaps among 75 candidates.
[carrier-pre] 97 edges → 56 distinct carriers (cost-side filter).
[leaf-untangle] candidates=46, with-cross=21, moved=16, crossings-resolved=43.
[leaf-untangle] candidates=46, with-cross=10, moved=3, crossings-resolved=5.
[leaf-untangle] candidates=46, with-cross=11, moved=3, crossings-resolved=4.
[leaf-untangle] candidates=46, with-cross=10, moved=0, crossings-resolved=0.
[stuck-leaf-diag] 10 candidates with cost>0 (top 15 below):
  cost=7 deg=3 node=app1.M5 parent=app1.M0 nbrs={app1.M0,app2.M2,app3.M5}
  cost=4 deg=3 node=app3.M6 parent=app3.M0 nbrs={app3.M0,app3.M8,app3.Asset11}
  cost=3 deg=3 node=app4.M5 parent=app4.M0 nbrs={app4.M0,app4.M2,app0.M0}
  cost=2 deg=2 node=app3.M8 parent=app3.M0 nbrs={app3.M0,app3.M6}
  cost=2 deg=2 node=app4.M3 parent=app4.M0 nbrs={app4.M0,app4.Note18}
  cost=1 deg=2 node=app3.M2 parent=app3.M0 nbrs={app3.M0,app3.M5}
  cost=1 deg=2 node=app3.M9 parent=app3.M0 nbrs={app3.M0,app3.M11}
  cost=1 deg=2 node=app3.M11 parent=app3.M0 nbrs={app3.M0,app3.M9}
  cost=1 deg=3 node=app4.M2 parent=app4.M0 nbrs={app4.M0,app4.M5,app5.M0}
  cost=1 deg=1 node=app6.M1 parent=app6.M3 nbrs={app6.M3}
[pd-knot] 49 polyline cross pairs, 2 resolved via endpoint swap.
[xings-detour] iters=2 initial-poly-pairs=49 accepted=3 (multi-seg, density-aware, polyline detect, iterative).
[visual-knot] 44→44 cross points, 3→3 hot cells (≥3), 3 handled, 0 swap accepted.
[leaf-untangle] candidates=46, with-cross=10, moved=2, crossings-resolved=4.
[leaf-untangle] candidates=46, with-cross=10, moved=0, crossings-resolved=0.
[stuck-leaf-diag] 10 candidates with cost>0 (top 15 below):
  cost=7 deg=3 node=app1.M5 parent=app1.M0 nbrs={app1.M0,app2.M2,app3.M5}
  cost=4 deg=3 node=app3.M6 parent=app3.M0 nbrs={app3.M0,app3.M8,app3.Asset11}
  cost=4 deg=3 node=app4.M5 parent=app4.M0 nbrs={app4.M0,app4.M2,app0.M0}
  cost=2 deg=2 node=app3.M8 parent=app3.M0 nbrs={app3.M0,app3.M6}
  cost=2 deg=2 node=app4.M3 parent=app4.M0 nbrs={app4.M0,app4.Note18}
  cost=1 deg=2 node=app3.M2 parent=app3.M0 nbrs={app3.M0,app3.M5}
  cost=1 deg=2 node=app3.M9 parent=app3.M0 nbrs={app3.M0,app3.M11}
  cost=1 deg=2 node=app3.M11 parent=app3.M0 nbrs={app3.M0,app3.M9}
  cost=1 deg=3 node=app4.M2 parent=app4.M0 nbrs={app4.M0,app4.M5,app5.M0}
  cost=1 deg=1 node=app6.M1 parent=app6.M3 nbrs={app6.M3}
[isolated-stash] Stashed 2 edge-less nodes in 6-column strip at x>=21691.
[face-raster] grid 4642x3876 (cell 5.0x5.0 units), 263 faces, 17887247 bg cells (99.4% of grid)
  face #1: 12343327 cells (69.0%), bbox 4642x3876 @ (0,0)
  face #47: 1067853 cells (6.0%), bbox 1305x2009 @ (2607,1671)
  face #91: 759317 cells (4.2%), bbox 1368x1707 @ (689,1866)
  face #15: 462206 cells (2.6%), bbox 936x1469 @ (2402,146)
  face #83: 428231 cells (2.4%), bbox 1371x740 @ (687,1836)
  face #21: 302911 cells (1.7%), bbox 1674x2017 @ (128,1546)
  face #16: 246680 cells (1.4%), bbox 2087x390 @ (145,1186)
  face #236: 202318 cells (1.1%), bbox 550x990 @ (1815,2583)
[face-cohesion] 18 clusters analysed, 5 low-cohesion (<60% in dominant face)
  cohesion histogram:
     20%- 29%: 1 clusters
     30%- 39%: 1 clusters
     50%- 59%: 3 clusters
     60%- 69%: 1 clusters
     70%- 79%: 1 clusters
     80%- 89%: 1 clusters
    100%-100%: 10 clusters
  top 5 low-cohesion clusters (largest first):
    _louv_22: 4 members, 2 in dominant face, 2 faces total (50%)
    _louv_12: 4 members, 1 in dominant face, 4 faces total (25%)
    _louv_26: 3 members, 1 in dominant face, 3 faces total (33%)
    _louv_15: 2 members, 1 in dominant face, 2 faces total (50%)
    _louv_5: 2 members, 1 in dominant face, 2 faces total (50%)
[face-density] 190 micro-faces (size<50), top 10 hot regions (macro 64x64 cells):
  region (24,36): 30 micro-faces, world (7185,11098)-(7505,11418)
  region (26,37): 29 micro-faces, world (7825,11418)-(8145,11738)
  region (25,37): 22 micro-faces, world (7505,11418)-(7825,11738)
  region (25,36): 13 micro-faces, world (7505,11098)-(7825,11418)
  region (52,1): 10 micro-faces, world (16145,-101)-(16465,219)
  region (34,29): 9 micro-faces, world (10385,8858)-(10705,9178)
  region (34,51): 9 micro-faces, world (10385,15897)-(10705,16217)
  region (49,26): 9 micro-faces, world (15185,7898)-(15505,8218)
  region (27,38): 8 micro-faces, world (8145,11738)-(8465,12058)
  region (23,36): 7 micro-faces, world (6865,11098)-(7185,11418)
[face-ppm] Wrote /tmp/face-raster.ppm (2321x1938, downsampled from 4642x3876 by 2)
[face-untangle] 4 target clusters, 6 strays, 0 moved (poly cross 45 → 45, 0 fewer)
[stuck-leaf-2d] pass 1: 1 candidates, 0 moved, 0 cost units resolved.
[stuck-leaf-2d] 1 candidates, 0 moved, 0 cost units resolved (poly cross 45 → 45, 0 fewer)
[hot-region-sa] 3 hot cells (≥4 cross, 45 cross pts), top 3 processed, 50/455 swap accepted (cross 45 → 45, 0 fewer)
