[community] algorithm=louvain communities=68 meta=4
[hub-bias] Super-graph: pushed 4 high-deg cluster roots to 1.4x avgR.
[cg-time] 4ms post-hub-bias
[cg-time] 21ms pre-§10-outward-radial
[cg-time] 21ms pre-§11-compose
[cg-time] 21ms pre-§12-pruning-reattach
[cg-time] 21ms pre-§13-cluster-swap
[cg-time] 293ms pre-§14-chain-straightening
[cg-time] 293ms pre-§15-pruned-cross-min
[§15.5] Optimized 20 alone-root+independent nodes (5 moves).
[cg-time] 297ms pre-bus-bundle
[xings-hotspot] total=171 xings across 96 offending edges (of 208)
  edge app6.M2↔app10.M1 xings=15 cluster=(_louv_43,?)
  edge core.Hub1↔app4.M0 xings=10 cluster=(?,_louv_23)
  edge app3.M2↔app12.M1 xings=10 cluster=(?,?)
  edge app9.M0↔app12.M3 xings=10 cluster=(_louv_34,?)
  edge core.Hub1↔app6.M0 xings=10 cluster=(?,_louv_41)
  edge app4.M0↔app4.M5 xings=9 cluster=(_louv_23,_louv_26)
  edge core.Hub1↔app10.M0 xings=9 cluster=(?,_louv_57)
  edge app6.M2↔app9.M1 xings=9 cluster=(_louv_43,?)
[xings-hotspot] top cluster signatures:
  {?|_louv_34} xings=6
  {?|_louv_23|_louv_26|_louv_34} xings=4
  {?|_louv_2|_louv_34} xings=4
  {?|_louv_30|_louv_43} xings=4
  {?|_louv_23|_louv_30} xings=3
  {?|_louv_15|_louv_36} xings=3
  {?|_louv_49} xings=3
  {?|_louv_23|_louv_37} xings=3
[knot-min] Accepted 52 spatial swaps among 177 candidates.
[knot-min-2opt] Accepted 2 cross-targeted swaps.
[carrier-pre] 209 edges → 138 distinct carriers (cost-side filter).
[leaf-untangle] candidates=110, with-cross=37, moved=25, crossings-resolved=85.
[leaf-untangle] candidates=110, with-cross=22, moved=8, crossings-resolved=12.
[leaf-untangle] candidates=110, with-cross=19, moved=5, crossings-resolved=11.
[leaf-untangle] candidates=110, with-cross=17, moved=1, crossings-resolved=3.
[stuck-leaf-diag] 17 candidates with cost>0 (top 15 below):
  cost=10 deg=3 node=app2.M9 parent=app2.M0 nbrs={app2.M0,app2.M10,app9.M0}
  cost=9 deg=3 node=app8.M5 parent=app8.M0 nbrs={app8.M0,app8.M4,app5.M10}
  cost=6 deg=3 node=app8.M4 parent=app8.M0 nbrs={app8.M0,app8.M5,app8.File24}
  cost=2 deg=2 node=app1.M1 parent=app1.M0 nbrs={app1.M0,app7.M5}
  cost=2 deg=3 node=app5.M6 parent=app5.M0 nbrs={app5.M0,app5.M7,app8.M0}
  cost=1 deg=2 node=app2.M2 parent=app2.M0 nbrs={app2.M0,app2.M7}
  cost=1 deg=3 node=app2.M7 parent=app2.M0 nbrs={app2.M0,app2.M2,app2.Note11}
  cost=1 deg=2 node=app4.M3 parent=app4.M1 nbrs={app4.M11,app4.M1}
  cost=1 deg=2 node=app4.M8 parent=app4.M0 nbrs={app4.M0,app4.M9}
  cost=1 deg=2 node=app4.M11 parent=app4.M3 nbrs={app4.M3,app4.Log3}
  cost=1 deg=2 node=app5.M3 parent=app5.M0 nbrs={app5.M0,app5.M11}
  cost=1 deg=2 node=app5.M13 parent=app5.M0 nbrs={app5.M0,app5.Asset1}
  cost=1 deg=2 node=app6.M1 parent=app6.M0 nbrs={app6.M0,app6.Tag45}
  cost=1 deg=2 node=app7.M1 parent=app7.M0 nbrs={app7.M0,app7.M5}
  cost=1 deg=2 node=app7.M5 parent=app7.M1 nbrs={app7.M1,app1.M1}
[pd-knot] 100 polyline cross pairs, 0 resolved via endpoint swap.
[xings-detour] iters=2 initial-poly-pairs=106 accepted=3 (multi-seg, density-aware, polyline detect, iterative).
[visual-knot] 101→101 cross points, 11→11 hot cells (≥3), 11 handled, 0 swap accepted.
[leaf-untangle] candidates=110, with-cross=17, moved=0, crossings-resolved=0.
[stuck-leaf-diag] 17 candidates with cost>0 (top 15 below):
  cost=10 deg=3 node=app2.M9 parent=app2.M0 nbrs={app2.M0,app2.M10,app9.M0}
  cost=9 deg=3 node=app8.M5 parent=app8.M0 nbrs={app8.M0,app8.M4,app5.M10}
  cost=6 deg=3 node=app8.M4 parent=app8.M0 nbrs={app8.M0,app8.M5,app8.File24}
  cost=2 deg=2 node=app1.M1 parent=app1.M0 nbrs={app1.M0,app7.M5}
  cost=2 deg=3 node=app5.M6 parent=app5.M0 nbrs={app5.M0,app5.M7,app8.M0}
  cost=1 deg=2 node=app2.M2 parent=app2.M0 nbrs={app2.M0,app2.M7}
  cost=1 deg=3 node=app2.M7 parent=app2.M0 nbrs={app2.M0,app2.M2,app2.Note11}
  cost=1 deg=2 node=app4.M3 parent=app4.M1 nbrs={app4.M11,app4.M1}
  cost=1 deg=2 node=app4.M8 parent=app4.M0 nbrs={app4.M0,app4.M9}
  cost=1 deg=2 node=app4.M11 parent=app4.M3 nbrs={app4.M3,app4.Log3}
  cost=1 deg=2 node=app5.M3 parent=app5.M0 nbrs={app5.M0,app5.M11}
  cost=1 deg=2 node=app5.M13 parent=app5.M0 nbrs={app5.M0,app5.Asset1}
  cost=1 deg=2 node=app6.M1 parent=app6.M0 nbrs={app6.M0,app6.Tag45}
  cost=1 deg=2 node=app7.M1 parent=app7.M0 nbrs={app7.M0,app7.M5}
  cost=1 deg=2 node=app7.M5 parent=app7.M1 nbrs={app7.M1,app1.M1}
[isolated-stash] Stashed 6 edge-less nodes in 6-column strip at x>=23973.
[face-raster] grid 5306x3392 (cell 5.0x5.0 units), 503 faces, 17820755 bg cells (99.0% of grid)
  face #1: 14874712 cells (83.5%), bbox 5306x3392 @ (0,0)
  face #28: 539645 cells (3.0%), bbox 968x1013 @ (1992,353)
  face #422: 212145 cells (1.2%), bbox 934x983 @ (729,1649)
  face #206: 165156 cells (0.9%), bbox 1454x1463 @ (192,1238)
  face #181: 158530 cells (0.9%), bbox 856x419 @ (247,1215)
  face #344: 120502 cells (0.7%), bbox 636x1228 @ (1680,1420)
  face #410: 120336 cells (0.7%), bbox 492x807 @ (2203,1566)
  face #27: 118135 cells (0.7%), bbox 319x761 @ (1787,353)
[face-cohesion] 49 clusters analysed, 21 low-cohesion (<60% in dominant face)
  cohesion histogram:
     20%- 29%: 1 clusters
     30%- 39%: 5 clusters
     50%- 59%: 15 clusters
     60%- 69%: 3 clusters
     70%- 79%: 2 clusters
    100%-100%: 23 clusters
  top 10 low-cohesion clusters (largest first):
    _louv_57: 4 members, 2 in dominant face, 3 faces total (50%)
    _louv_49: 4 members, 1 in dominant face, 4 faces total (25%)
    _louv_30: 4 members, 2 in dominant face, 3 faces total (50%)
    _louv_41: 3 members, 1 in dominant face, 3 faces total (33%)
    _louv_33: 3 members, 1 in dominant face, 3 faces total (33%)
    _louv_23: 3 members, 1 in dominant face, 3 faces total (33%)
    _louv_19: 3 members, 1 in dominant face, 3 faces total (33%)
    _louv_7: 3 members, 1 in dominant face, 3 faces total (33%)
    _louv_43: 2 members, 1 in dominant face, 2 faces total (50%)
    _louv_40: 2 members, 1 in dominant face, 2 faces total (50%)
[face-density] 311 micro-faces (size<50), top 10 hot regions (macro 64x64 cells):
  region (22,20): 33 micro-faces, world (6482,6024)-(6802,6344)
  region (24,22): 31 micro-faces, world (7122,6664)-(7442,6984)
  region (30,21): 20 micro-faces, world (9042,6344)-(9362,6664)
  region (24,2): 18 micro-faces, world (7122,266)-(7442,586)
  region (23,21): 17 micro-faces, world (6802,6344)-(7122,6664)
  region (23,14): 16 micro-faces, world (6802,4105)-(7122,4425)
  region (4,19): 13 micro-faces, world (722,5704)-(1042,6024)
  region (15,16): 12 micro-faces, world (4242,4745)-(4562,5064)
  region (26,41): 11 micro-faces, world (7762,12742)-(8082,13062)
  region (20,18): 9 micro-faces, world (5842,5384)-(6162,5704)
[face-ppm] Wrote /tmp/face-raster.ppm (2653x1696, downsampled from 5306x3392 by 2)
[face-untangle] 20 target clusters, 27 strays, 0 moved (poly cross 101 → 101, 0 fewer)
[stuck-leaf-2d] pass 1: 1 candidates, 1 moved, 1 cost units resolved.
[stuck-leaf-2d] pass 2: 0 candidates, 0 moved, 0 cost units resolved.
[stuck-leaf-2d] 0 candidates, 1 moved, 1 cost units resolved (poly cross 101 → 100, 1 fewer)
[hot-region-sa] 9 hot cells (≥4 cross, 100 cross pts), top 5 processed, 62/732 swap accepted (cross 100 → 100, 0 fewer)
