[community] algorithm=louvain communities=36 meta=4
[hub-bias] Super-graph: pushed 2 high-deg cluster roots to 1.4x avgR.
[cg-time] 5ms post-hub-bias
[cg-time] 7ms pre-§10-outward-radial
[cg-time] 7ms pre-§11-compose
[cg-time] 7ms pre-§12-pruning-reattach
[cg-time] 7ms pre-§13-cluster-swap
[cg-time] 60ms pre-§14-chain-straightening
[cg-time] 60ms pre-§15-pruned-cross-min
[§15.5] Optimized 15 alone-root+independent nodes (13 moves).
[cg-time] 61ms pre-bus-bundle
[xings-hotspot] total=101 xings across 61 offending edges (of 123)
  edge app3.M0↔app3.M8 xings=12 cluster=(_louv_1,_louv_14)
  edge app2.M0↔app2.M2 xings=9 cluster=(_louv_8,?)
  edge app7.M4↔app8.M2 xings=8 cluster=(?,?)
  edge core.Hub0↔app2.M0 xings=8 cluster=(?,_louv_8)
  edge app4.M3↔app5.M3 xings=7 cluster=(?,_louv_16)
  edge app0.M0↔app4.M1 xings=7 cluster=(_louv_2,?)
  edge app1.M2↔app4.M0 xings=6 cluster=(_louv_7,_louv_15)
  edge app1.M1↔app2.M1 xings=6 cluster=(?,?)
[xings-hotspot] top cluster signatures:
  {?|_louv_24|_louv_8} xings=6
  {?|_louv_10|_louv_2} xings=5
  {?|_louv_8} xings=5
  {?|_louv_0|_louv_2} xings=5
  {?|_louv_1|_louv_14|_louv_8} xings=5
  {?} xings=3
  {?|_louv_10|_louv_15} xings=3
  {?|_louv_5} xings=3
[knot-min] Accepted 16 spatial swaps among 92 candidates.
[knot-min-2opt] Accepted 2 cross-targeted swaps.
[carrier-pre] 125 edges → 66 distinct carriers (cost-side filter).
[leaf-untangle] candidates=51, with-cross=19, moved=14, crossings-resolved=47.
[leaf-untangle] candidates=51, with-cross=12, moved=2, crossings-resolved=4.
[leaf-untangle] candidates=51, with-cross=11, moved=1, crossings-resolved=3.
[leaf-untangle] candidates=51, with-cross=10, moved=0, crossings-resolved=0.
[stuck-leaf-diag] 10 candidates with cost>0 (top 15 below):
  cost=5 deg=3 node=app8.M3 parent=app8.M0 nbrs={app8.M0,app8.M1,app2.M2}
  cost=4 deg=3 node=app3.M7 parent=app3.M0 nbrs={app3.M0,app3.M3,app6.M3}
  cost=4 deg=3 node=app5.M4 parent=app5.M0 nbrs={app5.M0,app5.M2,app4.M0}
  cost=4 deg=2 node=app7.M1 parent=app7.M0 nbrs={app7.M0,app8.M7}
  cost=3 deg=2 node=app8.M11 parent=app8.M0 nbrs={app8.M0,app8.Log18}
  cost=2 deg=2 node=app0.M6 parent=app6.M0 nbrs={app0.File10,app6.M0}
  cost=2 deg=2 node=app3.M6 parent=app4.M4 nbrs={app4.M4,app2.M2}
  cost=2 deg=2 node=app8.M7 parent=app8.M0 nbrs={app8.M0,app7.M1}
  cost=1 deg=2 node=app5.M7 parent=app5.M0 nbrs={app5.M0,app5.M2}
  cost=1 deg=2 node=app7.M10 parent=app7.M4 nbrs={app7.M4,app4.M1}
[pd-knot] 69 polyline cross pairs, 2 resolved via endpoint swap.
[xings-detour] iters=2 initial-poly-pairs=79 accepted=1 (multi-seg, density-aware, polyline detect, iterative).
[visual-knot] 73→73 cross points, 2→2 hot cells (≥3), 2 handled, 0 swap accepted.
[leaf-untangle] candidates=51, with-cross=10, moved=1, crossings-resolved=1.
[leaf-untangle] candidates=51, with-cross=9, moved=0, crossings-resolved=0.
[stuck-leaf-diag] 9 candidates with cost>0 (top 15 below):
  cost=5 deg=3 node=app8.M3 parent=app8.M0 nbrs={app8.M0,app8.M1,app2.M2}
  cost=4 deg=2 node=app7.M1 parent=app7.M0 nbrs={app7.M0,app8.M7}
  cost=3 deg=3 node=app5.M4 parent=app5.M0 nbrs={app5.M0,app5.M2,app4.M0}
  cost=3 deg=2 node=app8.M11 parent=app8.M0 nbrs={app8.M0,app8.Log18}
  cost=2 deg=2 node=app0.M6 parent=app6.M0 nbrs={app0.File10,app6.M0}
  cost=2 deg=2 node=app3.M6 parent=app4.M4 nbrs={app4.M4,app2.M2}
  cost=2 deg=3 node=app3.M7 parent=app3.M0 nbrs={app3.M0,app3.M3,app6.M3}
  cost=2 deg=2 node=app8.M7 parent=app8.M0 nbrs={app8.M0,app7.M1}
  cost=1 deg=2 node=app7.M10 parent=app7.M4 nbrs={app7.M4,app4.M1}
[isolated-stash] Stashed 5 edge-less nodes in 6-column strip at x>=31880.
[face-raster] grid 6937x7834 (cell 5.0x5.0 units), 510 faces, 54198231 bg cells (99.7% of grid)
  face #1: 47273090 cells (87.2%), bbox 6937x7834 @ (0,0)
  face #4: 1530593 cells (2.8%), bbox 1882x2523 @ (3973,448)
  face #418: 570467 cells (1.1%), bbox 764x1986 @ (4304,3685)
  face #129: 549279 cells (1.0%), bbox 1152x1154 @ (2936,1774)
  face #13: 358238 cells (0.7%), bbox 691x2099 @ (3983,492)
  face #41: 261488 cells (0.5%), bbox 602x1611 @ (3402,1205)
  face #136: 249441 cells (0.5%), bbox 400x1093 @ (4771,1809)
  face #11: 190748 cells (0.4%), bbox 327x1780 @ (3969,492)
[face-cohesion] 19 clusters analysed, 9 low-cohesion (<60% in dominant face)
  cohesion histogram:
     30%- 39%: 2 clusters
     40%- 49%: 1 clusters
     50%- 59%: 6 clusters
     60%- 69%: 1 clusters
     80%- 89%: 1 clusters
    100%-100%: 8 clusters
  top 9 low-cohesion clusters (largest first):
    _louv_16: 5 members, 2 in dominant face, 3 faces total (40%)
    _louv_29: 3 members, 1 in dominant face, 3 faces total (33%)
    _louv_7: 3 members, 1 in dominant face, 3 faces total (33%)
    _louv_15: 2 members, 1 in dominant face, 2 faces total (50%)
    _louv_10: 2 members, 1 in dominant face, 2 faces total (50%)
    _louv_1: 2 members, 1 in dominant face, 2 faces total (50%)
    _louv_0: 2 members, 1 in dominant face, 2 faces total (50%)
    _louv_5: 2 members, 1 in dominant face, 2 faces total (50%)
    _louv_8: 2 members, 1 in dominant face, 2 faces total (50%)
[face-density] 388 micro-faces (size<50), top 10 hot regions (macro 64x64 cells):
  region (71,23): 28 micro-faces, world (22002,5506)-(22322,5826)
  region (77,54): 27 micro-faces, world (23922,15425)-(24242,15745)
  region (69,63): 25 micro-faces, world (21362,18305)-(21682,18625)
  region (71,24): 25 micro-faces, world (22002,5826)-(22322,6146)
  region (86,51): 23 micro-faces, world (26801,14465)-(27121,14785)
  region (69,64): 22 micro-faces, world (21362,18625)-(21682,18945)
  region (68,62): 18 micro-faces, world (21042,17985)-(21362,18305)
  region (87,52): 18 micro-faces, world (27121,14785)-(27441,15105)
  region (66,53): 15 micro-faces, world (20402,15105)-(20722,15425)
  region (72,28): 13 micro-faces, world (22322,7106)-(22642,7426)
[face-ppm] Wrote /tmp/face-raster.ppm (3468x3917, downsampled from 6937x7834 by 2)
[face-untangle] 10 target clusters, 15 strays, 0 moved (poly cross 72 → 72, 0 fewer)
[stuck-leaf-2d] pass 1: 0 candidates, 0 moved, 0 cost units resolved.
[stuck-leaf-2d] 0 candidates, 0 moved, 0 cost units resolved (poly cross 72 → 72, 0 fewer)
[hot-region-sa] 2 hot cells (≥4 cross, 72 cross pts), top 2 processed, 28/117 swap accepted (cross 72 → 72, 0 fewer)
