[community] algorithm=louvain communities=25 meta=3
[hub-bias] Super-graph: pushed 1 high-deg cluster roots to 1.4x avgR.
[cg-time] 1ms post-hub-bias
[cg-time] 2ms pre-§10-outward-radial
[cg-time] 2ms pre-§11-compose
[cg-time] 2ms pre-§12-pruning-reattach
[cg-time] 2ms pre-§13-cluster-swap
[cg-time] 4ms pre-§14-chain-straightening
[cg-time] 4ms pre-§15-pruned-cross-min
[§15.5] Optimized 9 alone-root+independent nodes (1 moves).
[cg-time] 4ms pre-bus-bundle
[bus-bundle] Created 1 bus bundles (2 members, sig ≥ 2 roots).
[xings-hotspot] total=30 xings across 27 offending edges (of 73)
  edge app1.M2↔app3.M9 xings=8 cluster=(?,?)
  edge core.Hub2↔app0.M0 xings=7 cluster=(_louv_2,_louv_3)
  edge app1.M4↔app1.M5 xings=4 cluster=(?,?)
  edge app3.M1↔app3.M5 xings=4 cluster=(_louv_21,?)
  edge core.Hub0↔app0.M0 xings=3 cluster=(?,_louv_3)
  edge app0.M0↔app0.M1 xings=3 cluster=(_louv_3,_louv_4)
  edge app1.M4↔app2.M0 xings=3 cluster=(?,_louv_19)
  edge app0.M4↔app1.M2 xings=2 cluster=(_louv_3,?)
[xings-hotspot] top cluster signatures:
  {?|_louv_20|_louv_21} xings=3
  {?|_louv_2|_louv_3|_louv_8} xings=3
  {?|_louv_3|_louv_8} xings=3
  {?|_louv_8} xings=3
  {?|_louv_19} xings=2
  {?|_louv_2|_louv_3} xings=2
  {?|_louv_3} xings=2
  {?} xings=1
[knot-min] Accepted 5 spatial swaps among 58 candidates.
[knot-min-2opt] Accepted 3 cross-targeted swaps.
[carrier-pre] 74 edges → 41 distinct carriers (cost-side filter).
[leaf-untangle] candidates=39, with-cross=7, moved=7, crossings-resolved=23.
[leaf-untangle] candidates=39, with-cross=0, moved=0, crossings-resolved=0.
[stuck-leaf-diag] 3 candidates with cost>0 (top 15 below):
  cost=6 deg=2 node=app1.M5 parent=app1.M0 nbrs={app1.M0,app1.M4}
  cost=3 deg=1 node=app1.Asset3 parent=app1.M2 nbrs={app1.M2}
  cost=3 deg=1 node=app1.Address13 parent=app1.M9 nbrs={app1.M9}
[pd-knot] 15 polyline cross pairs, 0 resolved via endpoint swap.
[xings-detour] iters=2 initial-poly-pairs=13 accepted=1 (multi-seg, density-aware, polyline detect, iterative).
[visual-knot] 12→12 cross points, 1→1 hot cells (≥3), 1 handled, 0 swap accepted.
[leaf-untangle] candidates=39, with-cross=0, moved=0, crossings-resolved=0.
[stuck-leaf-diag] 3 candidates with cost>0 (top 15 below):
  cost=6 deg=2 node=app1.M5 parent=app1.M0 nbrs={app1.M0,app1.M4}
  cost=3 deg=1 node=app1.Asset3 parent=app1.M2 nbrs={app1.M2}
  cost=3 deg=1 node=app1.Address13 parent=app1.M9 nbrs={app1.M9}
[carrier-cross] segment 12 -> carrier-grouped 9 (-25%). Carriers: 41 total (2 bundle + 24 cluster-pair + 15 individual).
[isolated-stash] Stashed 2 edge-less nodes in 6-column strip at x>=15722.
[face-raster] grid 3379x2379 (cell 5.0x5.0 units), 161 faces, 7973197 bg cells (99.2% of grid)
  face #1: 6618717 cells (83.0%), bbox 3379x2379 @ (0,0)
  face #15: 260817 cells (3.3%), bbox 806x1331 @ (1415,317)
  face #68: 242676 cells (3.0%), bbox 1109x609 @ (114,1406)
  face #10: 135929 cells (1.7%), bbox 919x601 @ (1348,191)
  face #17: 110270 cells (1.4%), bbox 371x735 @ (1547,321)
  face #41: 107734 cells (1.4%), bbox 1101x755 @ (108,1254)
  face #11: 97313 cells (1.2%), bbox 261x1022 @ (1094,192)
  face #16: 84935 cells (1.1%), bbox 329x887 @ (1381,321)
[face-cohesion] 15 clusters analysed, 1 low-cohesion (<60% in dominant face)
  cohesion histogram:
     40%- 49%: 1 clusters
     60%- 69%: 6 clusters
    100%-100%: 8 clusters
  top 1 low-cohesion clusters (largest first):
    _louv_3: 5 members, 2 in dominant face, 4 faces total (40%)
[face-density] 119 micro-faces (size<50), top 10 hot regions (macro 64x64 cells):
  region (16,22): 18 micro-faces, world (4765,6762)-(5085,7081)
  region (17,22): 14 micro-faces, world (5085,6762)-(5405,7081)
  region (2,31): 13 micro-faces, world (286,9641)-(606,9961)
  region (15,23): 12 micro-faces, world (4445,7081)-(4765,7401)
  region (17,21): 9 micro-faces, world (5085,6442)-(5405,6762)
  region (20,2): 8 micro-faces, world (6045,363)-(6364,683)
  region (21,21): 7 micro-faces, world (6364,6442)-(6684,6762)
  region (14,23): 7 micro-faces, world (4125,7081)-(4445,7401)
  region (26,5): 5 micro-faces, world (7964,1323)-(8284,1643)
  region (20,29): 4 micro-faces, world (6045,9001)-(6364,9321)
[face-ppm] Wrote /tmp/face-raster.ppm (3379x2379, downsampled from 3379x2379 by 1)
[face-untangle] 1 target clusters, 3 strays, 1 moved (poly cross 12 → 10, 2 fewer)
[stuck-leaf-2d] pass 1: 0 candidates, 0 moved, 0 cost units resolved.
[stuck-leaf-2d] 0 candidates, 0 moved, 0 cost units resolved (poly cross 10 → 10, 0 fewer)
[hot-region-sa] 0 hot cells (≥4 cross, 10 cross pts), top 0 processed, 0/0 swap accepted (cross 10 → 10, 0 fewer)
