[community] algorithm=louvain communities=138 meta=3
[hub-bias] Super-graph: pushed 13 high-deg cluster roots to 1.4x avgR.
[cg-time] 20ms post-hub-bias
[cg-time] 44ms pre-§10-outward-radial
[cg-time] 44ms pre-§11-compose
[cg-time] 44ms pre-§12-pruning-reattach
[cg-time] 44ms pre-§13-cluster-swap
[cg-time] 1068ms pre-§14-chain-straightening
[cg-time] 1068ms pre-§15-pruned-cross-min
[§15.5] Optimized 54 alone-root+independent nodes (4 moves).
[cg-time] 1080ms pre-bus-bundle
[xings-hotspot] total=229 xings across 131 offending edges (of 433)
  edge app2.M0↔app18.M3 xings=21 cluster=(?,?)
  edge app13.M4↔app15.M1 xings=16 cluster=(_louv_84,_louv_105)
  edge core.Hub0↔app7.M0 xings=13 cluster=(_louv_0,_louv_35)
  edge core.Hub0↔app13.M0 xings=12 cluster=(_louv_0,_louv_84)
  edge app0.M1↔app12.M7 xings=10 cluster=(_louv_2,_louv_81)
  edge core.Hub0↔app10.M0 xings=9 cluster=(_louv_0,_louv_56)
  edge app13.M0↔app18.M1 xings=9 cluster=(_louv_84,_louv_128)
  edge app7.M0↔app7.M11 xings=9 cluster=(_louv_35,_louv_7)
[xings-hotspot] top cluster signatures:
  {?|_louv_43} xings=6
  {?|_louv_105|_louv_84} xings=5
  {?} xings=5
  {?|_louv_0|_louv_84} xings=4
  {?|_louv_35|_louv_7} xings=4
  {?|_louv_0|_louv_35} xings=4
  {_louv_105|_louv_109} xings=3
  {?|_louv_105|_louv_109} xings=3
[knot-min] Accepted 58 spatial swaps among 388 candidates.
[carrier-pre] 438 edges → 260 distinct carriers (cost-side filter).
[leaf-untangle] candidates=261, with-cross=81, moved=73, crossings-resolved=213.
[leaf-untangle] candidates=261, with-cross=25, moved=13, crossings-resolved=26.
[leaf-untangle] candidates=261, with-cross=22, moved=9, crossings-resolved=18.
[leaf-untangle] candidates=261, with-cross=19, moved=4, crossings-resolved=13.
[stuck-leaf-diag] 15 candidates with cost>0 (top 15 below):
  cost=11 deg=3 node=app14.M10 parent=app14.M0 nbrs={app14.M0,app14.M8,app15.M7}
  cost=6 deg=3 node=app8.M7 parent=app8.M0 nbrs={app8.M0,app8.M12,app10.M12}
  cost=5 deg=3 node=app14.M8 parent=app14.M0 nbrs={app14.M0,app14.M10,app0.M1}
  cost=3 deg=3 node=app7.M1 parent=app7.M0 nbrs={app7.M0,app7.M6,app1.M7}
  cost=3 deg=3 node=app8.M2 parent=app8.M0 nbrs={app8.M0,app8.M3,app8.Note112}
  cost=3 deg=3 node=app10.M14 parent=app10.M0 nbrs={app10.M0,app10.M3,app10.M7}
  cost=3 deg=3 node=app16.M9 parent=app16.M0 nbrs={app16.M0,app16.M4,app16.Note41}
  cost=2 deg=3 node=app10.M7 parent=app10.M0 nbrs={app10.M0,app10.M14,app10.Tag132}
  cost=2 deg=2 node=app12.M4 parent=app12.M0 nbrs={app12.M0,app12.Log24}
  cost=1 deg=2 node=app1.M6 parent=app1.M0 nbrs={app1.M0,app1.Asset79}
  cost=1 deg=2 node=app2.M2 parent=app2.M0 nbrs={app2.M0,app2.File108}
  cost=1 deg=2 node=app17.M10 parent=app17.M9 nbrs={app17.M9,app17.Tag131}
  cost=1 deg=2 node=app18.M7 parent=app18.M0 nbrs={app18.M0,app18.Note162}
  cost=1 deg=1 node=app9.Tag64 parent=app9.M3 nbrs={app9.M3}
  cost=1 deg=1 node=app10.Tag132 parent=app10.M7 nbrs={app10.M7}
[pd-knot] 169 polyline cross pairs, 1 resolved via endpoint swap.
[xings-detour] iters=2 initial-poly-pairs=166 accepted=2 (multi-seg, density-aware, polyline detect, iterative).
[visual-knot] 162→162 cross points, 4→4 hot cells (≥3), 4 handled, 0 swap accepted.
[leaf-untangle] candidates=261, with-cross=18, moved=5, crossings-resolved=8.
[leaf-untangle] candidates=261, with-cross=16, moved=2, crossings-resolved=2.
[leaf-untangle] candidates=261, with-cross=17, moved=1, crossings-resolved=1.
[stuck-leaf-diag] 16 candidates with cost>0 (top 15 below):
  cost=10 deg=3 node=app14.M10 parent=app14.M0 nbrs={app14.M0,app14.M8,app15.M7}
  cost=6 deg=3 node=app8.M7 parent=app8.M0 nbrs={app8.M0,app8.M12,app10.M12}
  cost=4 deg=3 node=app14.M8 parent=app14.M0 nbrs={app14.M0,app14.M10,app0.M1}
  cost=3 deg=3 node=app7.M1 parent=app7.M0 nbrs={app7.M0,app7.M6,app1.M7}
  cost=3 deg=3 node=app8.M2 parent=app8.M0 nbrs={app8.M0,app8.M3,app8.Note112}
  cost=3 deg=3 node=app10.M14 parent=app10.M0 nbrs={app10.M0,app10.M3,app10.M7}
  cost=3 deg=3 node=app16.M9 parent=app16.M0 nbrs={app16.M0,app16.M4,app16.Note41}
  cost=2 deg=3 node=app10.M7 parent=app10.M0 nbrs={app10.M0,app10.M14,app10.Tag132}
  cost=2 deg=2 node=app12.M4 parent=app12.M0 nbrs={app12.M0,app12.Log24}
  cost=1 deg=2 node=app1.M6 parent=app1.M0 nbrs={app1.M0,app1.Asset79}
  cost=1 deg=2 node=app2.M2 parent=app2.M0 nbrs={app2.M0,app2.File108}
  cost=1 deg=2 node=app14.M9 parent=app14.M0 nbrs={app14.M0,app14.Note26}
  cost=1 deg=2 node=app17.M10 parent=app17.M9 nbrs={app17.M9,app17.Tag131}
  cost=1 deg=2 node=app18.M7 parent=app18.M0 nbrs={app18.M0,app18.Note162}
  cost=1 deg=1 node=app9.Tag64 parent=app9.M3 nbrs={app9.M3}
[isolated-stash] Stashed 5 edge-less nodes in 6-column strip at x>=38086.
[face-raster] grid 8221x5056 (cell 5.0x5.0 units), 752 faces, 41182483 bg cells (99.1% of grid)
  face #1: 30297390 cells (73.6%), bbox 8221x5056 @ (0,0)
  face #52: 834022 cells (2.0%), bbox 1783x705 @ (5292,1664)
  face #42: 793426 cells (1.9%), bbox 2328x1365 @ (1617,976)
  face #272: 689534 cells (1.7%), bbox 1104x1080 @ (5181,2370)
  face #656: 602044 cells (1.5%), bbox 2281x580 @ (5064,3916)
  face #41: 438796 cells (1.1%), bbox 1478x1591 @ (1607,976)
  face #40: 404210 cells (1.0%), bbox 2644x1097 @ (1644,970)
  face #629: 305326 cells (0.7%), bbox 838x677 @ (3649,3796)
[face-cohesion] 97 clusters analysed, 32 low-cohesion (<60% in dominant face)
  cohesion histogram:
     10%- 19%: 1 clusters
     20%- 29%: 4 clusters
     30%- 39%: 9 clusters
     40%- 49%: 1 clusters
     50%- 59%: 17 clusters
     60%- 69%: 17 clusters
     70%- 79%: 4 clusters
    100%-100%: 44 clusters
  top 10 low-cohesion clusters (largest first):
    _louv_112: 7 members, 1 in dominant face, 7 faces total (14%)
    _louv_105: 6 members, 3 in dominant face, 4 faces total (50%)
    _louv_35: 5 members, 2 in dominant face, 3 faces total (40%)
    _louv_14: 5 members, 1 in dominant face, 5 faces total (20%)
    _louv_109: 4 members, 2 in dominant face, 3 faces total (50%)
    _louv_104: 4 members, 1 in dominant face, 4 faces total (25%)
    _louv_56: 4 members, 2 in dominant face, 3 faces total (50%)
    _louv_94: 4 members, 1 in dominant face, 4 faces total (25%)
    _louv_84: 4 members, 2 in dominant face, 3 faces total (50%)
    _louv_77: 4 members, 1 in dominant face, 4 faces total (25%)
[face-density] 441 micro-faces (size<50), top 10 hot regions (macro 64x64 cells):
  region (60,31): 23 micro-faces, world (18347,9385)-(18667,9705)
  region (54,29): 20 micro-faces, world (16427,8745)-(16747,9065)
  region (5,30): 19 micro-faces, world (748,9065)-(1068,9385)
  region (70,56): 18 micro-faces, world (21546,17384)-(21866,17704)
  region (70,55): 18 micro-faces, world (21546,17064)-(21866,17384)
  region (73,54): 17 micro-faces, world (22506,16744)-(22826,17064)
  region (61,69): 15 micro-faces, world (18667,21544)-(18987,21864)
  region (86,4): 15 micro-faces, world (26666,746)-(26986,1066)
  region (3,29): 14 micro-faces, world (108,8745)-(428,9065)
  region (33,46): 14 micro-faces, world (9707,14184)-(10027,14504)
[face-ppm] Wrote /tmp/face-raster.ppm (2055x1264, downsampled from 8221x5056 by 4)
[face-untangle] 30 target clusters, 49 strays, 1 moved → REVERTED (poly cross 161 → 162)
[stuck-leaf-2d] pass 1: 2 candidates, 2 moved, 2 cost units resolved.
[stuck-leaf-2d] pass 2: 0 candidates, 0 moved, 0 cost units resolved.
[stuck-leaf-2d] 0 candidates, 2 moved, 2 cost units resolved (poly cross 166 → 164, 2 fewer)
[hot-region-sa] 5 hot cells (≥4 cross, 164 cross pts), top 5 processed, 80/379 swap accepted (cross 164 → 164, 0 fewer)
