[community] algorithm=louvain communities=46 meta=3
[hub-bias] Super-graph: pushed 5 high-deg cluster roots to 1.4x avgR.
[cg-time] 2ms post-hub-bias
[cg-time] 27ms pre-§10-outward-radial
[cg-time] 27ms pre-§11-compose
[cg-time] 27ms pre-§12-pruning-reattach
[cg-time] 27ms pre-§13-cluster-swap
[cg-time] 165ms pre-§14-chain-straightening
[cg-time] 165ms pre-§15-pruned-cross-min
[§15.5] Optimized 6 alone-root+independent nodes (2 moves).
[cg-time] 166ms pre-bus-bundle
[bus-bundle] Created 2 bus bundles (4 members, sig ≥ 2 roots).
[xings-hotspot] total=180 xings across 78 offending edges (of 167)
  edge app1.M1↔app11.M6 xings=19 cluster=(?,?)
  edge app6.M9↔app8.M0 xings=15 cluster=(_louv_29,?)
  edge core.Hub1↔app0.M0 xings=14 cluster=(_louv_1,_louv_2)
  edge app2.M0↔app2.M6 xings=13 cluster=(_louv_13,?)
  edge core.Hub0↔app4.M0 xings=11 cluster=(?,_louv_22)
  edge core.Hub2↔app0.M0 xings=11 cluster=(?,_louv_2)
  edge core.Hub2↔app8.M0 xings=11 cluster=(?,?)
  edge app4.M0↔app4.M10 xings=10 cluster=(_louv_22,?)
[xings-hotspot] top cluster signatures:
  {?|_louv_35} xings=14
  {?|_louv_13|_louv_16} xings=6
  {?|_louv_1} xings=5
  {?|_louv_1|_louv_20|_louv_35} xings=5
  {?|_louv_13} xings=5
  {?|_louv_2|_louv_21} xings=4
  {?|_louv_36} xings=4
  {?|_louv_1|_louv_35} xings=4
[knot-min] Accepted 29 spatial swaps among 112 candidates.
[carrier-pre] 171 edges → 109 distinct carriers (cost-side filter).
[leaf-untangle] candidates=63, with-cross=32, moved=27, crossings-resolved=110.
[leaf-untangle] candidates=63, with-cross=23, moved=13, crossings-resolved=25.
[leaf-untangle] candidates=63, with-cross=17, moved=5, crossings-resolved=13.
[leaf-untangle] candidates=63, with-cross=17, moved=3, crossings-resolved=5.
[stuck-leaf-diag] 21 candidates with cost>0 (top 15 below):
  cost=12 deg=3 node=app4.M9 parent=app4.M0 nbrs={app4.M0,app4.M8,app2.M8}
  cost=5 deg=2 node=app10.M2 parent=app10.M0 nbrs={app10.M0,app10.M3}
  cost=3 deg=3 node=app1.M4 parent=app1.M0 nbrs={app1.M0,app1.M2,app6.M3}
  cost=3 deg=2 node=app5.M3 parent=app5.M0 nbrs={app5.M0,app5.M4}
  cost=3 deg=2 node=app9.M5 parent=app9.M0 nbrs={app9.M0,app9.M7}
  cost=2 deg=3 node=app0.M8 parent=app0.M0 nbrs={app0.M0,app0.M5,app9.M4}
  cost=2 deg=2 node=app0.M10 parent=app0.M0 nbrs={app0.M0,app6.M5}
  cost=2 deg=2 node=app6.M5 parent=app6.M0 nbrs={app6.M0,app0.M10}
  cost=2 deg=2 node=app10.M6 parent=app10.M0 nbrs={app10.M0,app10.M3}
  cost=2 deg=1 node=app10.File19 parent=app10.M0 nbrs={app10.M0}
  cost=1 deg=2 node=app0.M5 parent=app0.M0 nbrs={app0.M0,app0.M8}
  cost=1 deg=2 node=app0.M7 parent=app0.M0 nbrs={app0.M0,app0.M12}
  cost=1 deg=2 node=app0.M12 parent=app0.M0 nbrs={app0.M0,app0.M7}
  cost=1 deg=3 node=app1.M2 parent=app1.M0 nbrs={app1.M0,app1.M4,app7.M4}
  cost=1 deg=2 node=app2.M4 parent=app2.M0 nbrs={app2.M0,app2.Log1}
[pd-knot] 116 polyline cross pairs, 0 resolved via endpoint swap.
[xings-detour] iters=2 initial-poly-pairs=126 accepted=7 (multi-seg, density-aware, polyline detect, iterative).
[visual-knot] 116→116 cross points, 6→6 hot cells (≥3), 6 handled, 0 swap accepted.
[leaf-untangle] candidates=63, with-cross=17, moved=1, crossings-resolved=3.
[leaf-untangle] candidates=63, with-cross=17, moved=0, crossings-resolved=0.
[stuck-leaf-diag] 21 candidates with cost>0 (top 15 below):
  cost=12 deg=3 node=app4.M9 parent=app4.M0 nbrs={app4.M0,app4.M8,app2.M8}
  cost=3 deg=3 node=app1.M4 parent=app1.M0 nbrs={app1.M0,app1.M2,app6.M3}
  cost=3 deg=2 node=app5.M3 parent=app5.M0 nbrs={app5.M0,app5.M4}
  cost=3 deg=2 node=app9.M5 parent=app9.M0 nbrs={app9.M0,app9.M7}
  cost=2 deg=3 node=app0.M8 parent=app0.M0 nbrs={app0.M0,app0.M5,app9.M4}
  cost=2 deg=2 node=app0.M10 parent=app0.M0 nbrs={app0.M0,app6.M5}
  cost=2 deg=2 node=app6.M5 parent=app6.M0 nbrs={app6.M0,app0.M10}
  cost=2 deg=2 node=app10.M2 parent=app10.M0 nbrs={app10.M0,app10.M3}
  cost=2 deg=2 node=app10.M6 parent=app10.M0 nbrs={app10.M0,app10.M3}
  cost=2 deg=1 node=app10.File19 parent=app10.M0 nbrs={app10.M0}
  cost=1 deg=2 node=app0.M5 parent=app0.M0 nbrs={app0.M0,app0.M8}
  cost=1 deg=2 node=app0.M7 parent=app0.M0 nbrs={app0.M0,app0.M12}
  cost=1 deg=2 node=app0.M12 parent=app0.M0 nbrs={app0.M0,app0.M7}
  cost=1 deg=3 node=app1.M2 parent=app1.M0 nbrs={app1.M0,app1.M4,app7.M4}
  cost=1 deg=2 node=app2.M4 parent=app2.M0 nbrs={app2.M0,app2.Log1}
[carrier-cross] segment 119 -> carrier-grouped 94 (-21%). Carriers: 105 total (5 bundle + 72 cluster-pair + 28 individual).
[isolated-stash] Stashed 6 edge-less nodes in 6-column strip at x>=13117.
[face-raster] grid 3035x1990 (cell 5.0x5.0 units), 382 faces, 5914268 bg cells (97.9% of grid)
  face #1: 4176373 cells (70.6%), bbox 3035x1990 @ (0,0)
  face #2: 198008 cells (3.3%), bbox 717x413 @ (1603,0)
  face #3: 146600 cells (2.5%), bbox 967x450 @ (157,72)
  face #8: 118185 cells (2.0%), bbox 626x691 @ (143,113)
  face #351: 72019 cells (1.2%), bbox 533x508 @ (587,1337)
  face #5: 68985 cells (1.2%), bbox 535x344 @ (147,103)
  face #328: 63998 cells (1.1%), bbox 540x358 @ (866,1103)
  face #92: 55113 cells (0.9%), bbox 383x260 @ (1557,505)
[face-cohesion] 28 clusters analysed, 17 low-cohesion (<60% in dominant face)
  cohesion histogram:
     20%- 29%: 1 clusters
     30%- 39%: 2 clusters
     50%- 59%: 14 clusters
     60%- 69%: 2 clusters
     70%- 79%: 1 clusters
    100%-100%: 8 clusters
  top 10 low-cohesion clusters (largest first):
    _louv_39: 5 members, 1 in dominant face, 5 faces total (20%)
    _louv_43: 4 members, 2 in dominant face, 3 faces total (50%)
    _louv_2: 4 members, 2 in dominant face, 3 faces total (50%)
    _louv_35: 3 members, 1 in dominant face, 3 faces total (33%)
    _louv_20: 3 members, 1 in dominant face, 3 faces total (33%)
    _louv_17: 2 members, 1 in dominant face, 2 faces total (50%)
    _louv_34: 2 members, 1 in dominant face, 2 faces total (50%)
    _louv_32: 2 members, 1 in dominant face, 2 faces total (50%)
    _louv_33: 2 members, 1 in dominant face, 2 faces total (50%)
    _louv_1: 2 members, 1 in dominant face, 2 faces total (50%)
[face-density] 197 micro-faces (size<50), top 10 hot regions (macro 64x64 cells):
  region (30,10): 51 micro-faces, world (9259,3614)-(9579,3934)
  region (29,10): 11 micro-faces, world (8940,3614)-(9259,3934)
  region (25,15): 10 micro-faces, world (7660,5213)-(7980,5533)
  region (24,16): 9 micro-faces, world (7340,5533)-(7660,5853)
  region (9,27): 7 micro-faces, world (2540,9052)-(2860,9372)
  region (24,15): 7 micro-faces, world (7340,5213)-(7660,5533)
  region (24,6): 7 micro-faces, world (7340,2334)-(7660,2654)
  region (13,23): 6 micro-faces, world (3820,7773)-(4140,8092)
  region (27,14): 6 micro-faces, world (8300,4893)-(8620,5213)
  region (9,28): 6 micro-faces, world (2540,9372)-(2860,9692)
[face-ppm] Wrote /tmp/face-raster.ppm (3035x1990, downsampled from 3035x1990 by 1)
[face-untangle] 16 target clusters, 20 strays, 1 moved → REVERTED (poly cross 116 → 117)
[stuck-leaf-2d] pass 1: 3 candidates, 1 moved, 1 cost units resolved.
[stuck-leaf-2d] pass 2: 2 candidates, 0 moved, 0 cost units resolved.
[stuck-leaf-2d] 2 candidates, 1 moved, 1 cost units resolved (poly cross 124 → 124, 0 fewer)
[hot-region-sa] 10 hot cells (≥4 cross, 124 cross pts), top 5 processed, 58/728 swap accepted (cross 124 → 123, 1 fewer)
