[community] algorithm=louvain communities=90 meta=4
[hub-bias] Super-graph: pushed 8 high-deg cluster roots to 1.4x avgR.
[cg-time] 7ms post-hub-bias
[cg-time] 144ms pre-§10-outward-radial
[cg-time] 144ms pre-§11-compose
[cg-time] 144ms pre-§12-pruning-reattach
[cg-time] 144ms pre-§13-cluster-swap
[cg-time] 743ms pre-§14-chain-straightening
[cg-time] 744ms pre-§15-pruned-cross-min
[§15.5] Optimized 22 alone-root+independent nodes (1 moves).
[cg-time] 751ms pre-bus-bundle
[bus-bundle] Created 1 bus bundles (2 members, sig ≥ 2 roots).
[xings-hotspot] total=229 xings across 130 offending edges (of 291)
  edge app4.M0↔app4.M3 xings=15 cluster=(_louv_19,?)
  edge core.Hub1↔app2.M0 xings=14 cluster=(_louv_1,_louv_7)
  edge app0.M1↔app8.M0 xings=13 cluster=(_louv_2,_louv_44)
  edge core.Hub1↔app17.M0 xings=13 cluster=(_louv_1,_louv_82)
  edge core.Hub0↔app2.M0 xings=11 cluster=(_louv_0,_louv_7)
  edge app8.M0↔app8.M10 xings=11 cluster=(_louv_44,?)
  edge app3.M0↔app3.M4 xings=10 cluster=(?,?)
  edge app0.M0↔app12.M6 xings=10 cluster=(?,?)
[xings-hotspot] top cluster signatures:
  {?|_louv_44} xings=5
  {?|_louv_4} xings=5
  {?|_louv_0|_louv_4} xings=4
  {?|_louv_2|_louv_44} xings=4
  {?|_louv_45} xings=3
  {?|_louv_30} xings=3
  {?|_louv_1|_louv_66|_louv_75} xings=3
  {?|_louv_0|_louv_26|_louv_7} xings=3
[knot-min] Accepted 46 spatial swaps among 231 candidates.
[carrier-pre] 294 edges → 190 distinct carriers (cost-side filter).
[leaf-untangle] candidates=136, with-cross=48, moved=38, crossings-resolved=112.
[leaf-untangle] candidates=136, with-cross=30, moved=14, crossings-resolved=30.
[leaf-untangle] candidates=136, with-cross=19, moved=4, crossings-resolved=6.
[leaf-untangle] candidates=136, with-cross=18, moved=1, crossings-resolved=6.
[stuck-leaf-diag] 21 candidates with cost>0 (top 15 below):
  cost=13 deg=1 node=app14.M9 parent=app14.M0 nbrs={app14.M0}
  cost=10 deg=2 node=app14.M6 parent=app14.M0 nbrs={app14.M0,app14.Note45}
  cost=9 deg=2 node=app3.M1 parent=app3.M0 nbrs={app3.M0,app18.M6}
  cost=9 deg=3 node=app12.M6 parent=app12.M0 nbrs={app12.M0,app12.M11,app0.M0}
  cost=4 deg=2 node=app8.M2 parent=app8.M0 nbrs={app8.M0,app8.Log14}
  cost=4 deg=3 node=app11.M13 parent=app11.M0 nbrs={app11.M0,app11.M2,app6.M3}
  cost=4 deg=2 node=app18.M6 parent=app18.M0 nbrs={app18.M0,app3.M1}
  cost=3 deg=1 node=app14.M5 parent=app14.M0 nbrs={app14.M0}
  cost=3 deg=2 node=app16.M5 parent=app16.M0 nbrs={app16.M0,app16.Note25}
  cost=3 deg=2 node=app16.M7 parent=app16.M0 nbrs={app16.M0,app16.M3}
  cost=2 deg=2 node=app11.M12 parent=app0.M3 nbrs={app11.Log10,app0.M3}
  cost=1 deg=2 node=app5.M13 parent=app5.M0 nbrs={app5.M0,app5.M11}
  cost=1 deg=2 node=app7.M9 parent=app7.M6 nbrs={app7.M8,app7.M6}
  cost=1 deg=1 node=app7.M12 parent=app8.M10 nbrs={app8.M10}
  cost=1 deg=3 node=app8.M6 parent=app8.M0 nbrs={app8.M0,app8.M7,app3.M4}
[pd-knot] 165 polyline cross pairs, 2 resolved via endpoint swap.
[xings-detour] iters=2 initial-poly-pairs=175 accepted=4 (multi-seg, density-aware, polyline detect, iterative).
[visual-knot] 168→168 cross points, 13→13 hot cells (≥3), 13 handled, 0 swap accepted.
[leaf-untangle] candidates=136, with-cross=20, moved=4, crossings-resolved=17.
[leaf-untangle] candidates=136, with-cross=18, moved=2, crossings-resolved=3.
[leaf-untangle] candidates=136, with-cross=18, moved=2, crossings-resolved=4.
[stuck-leaf-diag] 21 candidates with cost>0 (top 15 below):
  cost=13 deg=1 node=app14.M9 parent=app14.M0 nbrs={app14.M0}
  cost=10 deg=2 node=app14.M6 parent=app14.M0 nbrs={app14.M0,app14.Note45}
  cost=9 deg=2 node=app3.M1 parent=app3.M0 nbrs={app3.M0,app18.M6}
  cost=9 deg=3 node=app12.M6 parent=app12.M0 nbrs={app12.M0,app12.M11,app0.M0}
  cost=4 deg=2 node=app8.M2 parent=app8.M0 nbrs={app8.M0,app8.Log14}
  cost=4 deg=3 node=app11.M13 parent=app11.M0 nbrs={app11.M0,app11.M2,app6.M3}
  cost=4 deg=2 node=app16.M7 parent=app16.M0 nbrs={app16.M0,app16.M3}
  cost=4 deg=2 node=app18.M6 parent=app18.M0 nbrs={app18.M0,app3.M1}
  cost=3 deg=1 node=app14.M5 parent=app14.M0 nbrs={app14.M0}
  cost=2 deg=2 node=app11.M12 parent=app0.M3 nbrs={app11.Log10,app0.M3}
  cost=2 deg=2 node=app16.M5 parent=app16.M0 nbrs={app16.M0,app16.Note25}
  cost=1 deg=2 node=app5.M13 parent=app5.M0 nbrs={app5.M0,app5.M11}
  cost=1 deg=2 node=app7.M9 parent=app7.M6 nbrs={app7.M8,app7.M6}
  cost=1 deg=1 node=app7.M12 parent=app8.M10 nbrs={app8.M10}
  cost=1 deg=3 node=app8.M6 parent=app8.M0 nbrs={app8.M0,app8.M7,app3.M4}
[carrier-cross] segment 174 -> carrier-grouped 151 (-13%). Carriers: 194 total (3 bundle + 132 cluster-pair + 59 individual).
[isolated-stash] Stashed 10 edge-less nodes in 6-column strip at x>=29627.
[face-raster] grid 6510x10043 (cell 5.0x5.0 units), 584 faces, 65101388 bg cells (99.6% of grid)
  face #1: 56189697 cells (86.3%), bbox 6510x10043 @ (0,0)
  face #299: 789997 cells (1.2%), bbox 1039x1168 @ (4652,2347)
  face #488: 651970 cells (1.0%), bbox 1123x949 @ (3012,3537)
  face #456: 500986 cells (0.8%), bbox 1586x540 @ (3914,3286)
  face #376: 420755 cells (0.6%), bbox 1035x816 @ (3740,2563)
  face #505: 417658 cells (0.6%), bbox 1812x454 @ (2484,4487)
  face #503: 403175 cells (0.6%), bbox 1171x878 @ (2471,4054)
  face #494: 402684 cells (0.6%), bbox 1401x678 @ (3955,3618)
[face-cohesion] 62 clusters analysed, 26 low-cohesion (<60% in dominant face)
  cohesion histogram:
     20%- 29%: 1 clusters
     30%- 39%: 3 clusters
     40%- 49%: 1 clusters
     50%- 59%: 21 clusters
     60%- 69%: 10 clusters
     70%- 79%: 1 clusters
     80%- 89%: 1 clusters
    100%-100%: 24 clusters
  top 10 low-cohesion clusters (largest first):
    _louv_22: 6 members, 3 in dominant face, 3 faces total (50%)
    _louv_70: 6 members, 2 in dominant face, 5 faces total (33%)
    _louv_44: 5 members, 2 in dominant face, 3 faces total (40%)
    _louv_75: 4 members, 1 in dominant face, 4 faces total (25%)
    _louv_59: 4 members, 2 in dominant face, 3 faces total (50%)
    _louv_72: 3 members, 1 in dominant face, 3 faces total (33%)
    _louv_66: 3 members, 1 in dominant face, 3 faces total (33%)
    _louv_83: 2 members, 1 in dominant face, 2 faces total (50%)
    _louv_43: 2 members, 1 in dominant face, 2 faces total (50%)
    _louv_54: 2 members, 1 in dominant face, 2 faces total (50%)
[face-density] 298 micro-faces (size<50), top 10 hot regions (macro 64x64 cells):
  region (39,32): 36 micro-faces, world (11805,9226)-(12125,9546)
  region (40,73): 27 micro-faces, world (12125,22346)-(12445,22666)
  region (40,74): 19 micro-faces, world (12125,22666)-(12445,22986)
  region (38,76): 12 micro-faces, world (11485,23306)-(11805,23626)
  region (39,74): 11 micro-faces, world (11805,22666)-(12125,22986)
  region (39,33): 9 micro-faces, world (11805,9546)-(12125,9866)
  region (42,38): 9 micro-faces, world (12765,11146)-(13085,11466)
  region (64,31): 9 micro-faces, world (19804,8906)-(20124,9226)
  region (44,36): 7 micro-faces, world (13405,10506)-(13725,10826)
  region (39,31): 7 micro-faces, world (11805,8906)-(12125,9226)
[face-ppm] Wrote /tmp/face-raster.ppm (1627x2510, downsampled from 6510x10043 by 4)
[face-untangle] 26 target clusters, 37 strays, 2 moved (poly cross 171 → 169, 2 fewer)
[stuck-leaf-2d] pass 1: 3 candidates, 3 moved, 3 cost units resolved.
[stuck-leaf-2d] pass 2: 0 candidates, 0 moved, 0 cost units resolved.
[stuck-leaf-2d] 0 candidates, 3 moved, 3 cost units resolved (poly cross 169 → 167, 2 fewer)
[hot-region-sa] 11 hot cells (≥4 cross, 167 cross pts), top 5 processed, 93/669 swap accepted (cross 167 → 167, 0 fewer)
