[community] algorithm=louvain communities=76 meta=5
[hub-bias] Super-graph: pushed 8 high-deg cluster roots to 1.4x avgR.
[cg-time] 4ms post-hub-bias
[cg-time] 19ms pre-§10-outward-radial
[cg-time] 19ms pre-§11-compose
[cg-time] 19ms pre-§12-pruning-reattach
[cg-time] 19ms pre-§13-cluster-swap
[cg-time] 301ms pre-§14-chain-straightening
[cg-time] 301ms pre-§15-pruned-cross-min
[§15.5] Optimized 26 alone-root+independent nodes (8 moves).
[cg-time] 304ms pre-bus-bundle
[bus-bundle] Created 1 bus bundles (2 members, sig ≥ 2 roots).
[xings-hotspot] total=222 xings across 95 offending edges (of 227)
  edge app4.M0↔app8.M3 xings=18 cluster=(?,?)
  edge core.Hub1↔app6.M0 xings=14 cluster=(?,_louv_39)
  edge app1.M8↔app7.M3 xings=14 cluster=(_louv_15,_louv_44)
  edge core.Hub0↔app2.M0 xings=13 cluster=(_louv_0,_louv_18)
  edge core.Hub0↔app6.M0 xings=13 cluster=(_louv_0,_louv_39)
  edge core.Hub1↔app1.M0 xings=13 cluster=(?,_louv_8)
  edge app4.M0↔app4.M8 xings=13 cluster=(?,_louv_30)
  edge core.Hub1↔app13.M0 xings=12 cluster=(?,_louv_70)
[xings-hotspot] top cluster signatures:
  {?|_louv_45} xings=6
  {?|_louv_31|_louv_45} xings=6
  {?|_louv_6|_louv_8} xings=5
  {?|_louv_15|_louv_59} xings=5
  {?|_louv_44} xings=4
  {?|_louv_2|_louv_7|_louv_8} xings=4
  {?|_louv_15|_louv_70} xings=4
  {?|_louv_0|_louv_64} xings=4
[knot-min] Accepted 38 spatial swaps among 180 candidates.
[knot-min-2opt] Accepted 1 cross-targeted swaps.
[carrier-pre] 229 edges → 140 distinct carriers (cost-side filter).
[leaf-untangle] candidates=112, with-cross=33, moved=23, crossings-resolved=87.
[leaf-untangle] candidates=112, with-cross=23, moved=4, crossings-resolved=10.
[leaf-untangle] candidates=112, with-cross=22, moved=3, crossings-resolved=9.
[leaf-untangle] candidates=112, with-cross=20, moved=0, crossings-resolved=0.
[stuck-leaf-diag] 22 candidates with cost>0 (top 15 below):
  cost=14 deg=2 node=app3.M1 parent=app1.M8 nbrs={app1.M8,app14.M12}
  cost=13 deg=2 node=app14.M12 parent=app14.M0 nbrs={app14.M0,app3.M1}
  cost=9 deg=3 node=app11.M6 parent=app11.M0 nbrs={app11.M0,app11.M1,app7.M3}
  cost=6 deg=2 node=app1.M13 parent=app1.M0 nbrs={app1.M0,app1.File4}
  cost=5 deg=3 node=app5.M6 parent=app5.M0 nbrs={app5.M0,app5.M13,app2.M0}
  cost=5 deg=2 node=app7.M1 parent=app7.M0 nbrs={app7.M0,app0.M0}
  cost=5 deg=3 node=app12.M4 parent=app12.M0 nbrs={app12.M0,app12.M3,app0.M0}
  cost=3 deg=2 node=app2.M4 parent=app2.M0 nbrs={app2.M0,app8.M0}
  cost=3 deg=2 node=app5.M9 parent=app5.M0 nbrs={app5.M0,app5.Log34}
  cost=3 deg=2 node=app5.M13 parent=app5.M0 nbrs={app5.M0,app5.M6}
  cost=3 deg=2 node=app11.M9 parent=app11.M0 nbrs={app11.M0,app11.Log10}
  cost=3 deg=3 node=app14.M5 parent=app14.M0 nbrs={app14.M0,app14.M7,app11.M7}
  cost=2 deg=2 node=app2.M1 parent=app2.M3 nbrs={app2.M3,app5.M2}
  cost=2 deg=2 node=app5.M2 parent=app5.M0 nbrs={app5.M0,app2.M1}
  cost=2 deg=3 node=app8.M2 parent=app8.M0 nbrs={app8.M0,app8.M3,app8.Note12}
[pd-knot] 156 polyline cross pairs, 2 resolved via endpoint swap.
[xings-detour] iters=2 initial-poly-pairs=173 accepted=5 (multi-seg, density-aware, polyline detect, iterative).
[visual-knot] 167→167 cross points, 16→16 hot cells (≥3), 16 handled, 0 swap accepted.
[leaf-untangle] candidates=112, with-cross=21, moved=3, crossings-resolved=6.
[leaf-untangle] candidates=112, with-cross=20, moved=0, crossings-resolved=0.
[stuck-leaf-diag] 22 candidates with cost>0 (top 15 below):
  cost=14 deg=2 node=app3.M1 parent=app1.M8 nbrs={app1.M8,app14.M12}
  cost=13 deg=2 node=app14.M12 parent=app14.M0 nbrs={app14.M0,app3.M1}
  cost=9 deg=3 node=app11.M6 parent=app11.M0 nbrs={app11.M0,app11.M1,app7.M3}
  cost=6 deg=2 node=app1.M13 parent=app1.M0 nbrs={app1.M0,app1.File4}
  cost=5 deg=3 node=app5.M6 parent=app5.M0 nbrs={app5.M0,app5.M13,app2.M0}
  cost=5 deg=2 node=app7.M1 parent=app7.M0 nbrs={app7.M0,app0.M0}
  cost=5 deg=3 node=app12.M4 parent=app12.M0 nbrs={app12.M0,app12.M3,app0.M0}
  cost=3 deg=2 node=app2.M4 parent=app2.M0 nbrs={app2.M0,app8.M0}
  cost=3 deg=2 node=app5.M9 parent=app5.M0 nbrs={app5.M0,app5.Log34}
  cost=3 deg=2 node=app5.M13 parent=app5.M0 nbrs={app5.M0,app5.M6}
  cost=3 deg=2 node=app11.M9 parent=app11.M0 nbrs={app11.M0,app11.Log10}
  cost=3 deg=3 node=app14.M5 parent=app14.M0 nbrs={app14.M0,app14.M7,app11.M7}
  cost=2 deg=2 node=app2.M1 parent=app2.M3 nbrs={app2.M3,app5.M2}
  cost=2 deg=3 node=app8.M2 parent=app8.M0 nbrs={app8.M0,app8.M3,app8.Note12}
  cost=2 deg=2 node=app10.M1 parent=app10.M0 nbrs={app10.M0,app10.M2}
[carrier-cross] segment 167 -> carrier-grouped 126 (-25%). Carriers: 146 total (2 bundle + 95 cluster-pair + 49 individual).
[isolated-stash] Stashed 8 edge-less nodes in 6-column strip at x>=24167.
[face-raster] grid 5354x3492 (cell 5.0x5.0 units), 498 faces, 18494860 bg cells (98.9% of grid)
  face #1: 12522173 cells (67.7%), bbox 5354x3492 @ (0,0)
  face #309: 1575383 cells (8.5%), bbox 1921x1209 @ (245,2050)
  face #9: 872066 cells (4.7%), bbox 1829x1560 @ (781,110)
  face #131: 288703 cells (1.6%), bbox 1780x798 @ (268,1693)
  face #34: 192158 cells (1.0%), bbox 671x504 @ (3105,1314)
  face #19: 187968 cells (1.0%), bbox 477x678 @ (2332,929)
  face #21: 132458 cells (0.7%), bbox 855x391 @ (1429,985)
  face #27: 114143 cells (0.6%), bbox 636x461 @ (1611,1082)
[face-cohesion] 46 clusters analysed, 18 low-cohesion (<60% in dominant face)
  cohesion histogram:
     20%- 29%: 2 clusters
     30%- 39%: 5 clusters
     50%- 59%: 11 clusters
     60%- 69%: 5 clusters
     70%- 79%: 1 clusters
    100%-100%: 22 clusters
  top 10 low-cohesion clusters (largest first):
    _louv_59: 4 members, 2 in dominant face, 3 faces total (50%)
    _louv_31: 4 members, 2 in dominant face, 3 faces total (50%)
    _louv_45: 4 members, 1 in dominant face, 4 faces total (25%)
    _louv_23: 4 members, 1 in dominant face, 4 faces total (25%)
    _louv_8: 4 members, 2 in dominant face, 3 faces total (50%)
    _louv_71: 3 members, 1 in dominant face, 3 faces total (33%)
    _louv_54: 3 members, 1 in dominant face, 3 faces total (33%)
    _louv_2: 3 members, 1 in dominant face, 3 faces total (33%)
    _louv_15: 3 members, 1 in dominant face, 3 faces total (33%)
    _louv_64: 3 members, 1 in dominant face, 3 faces total (33%)
[face-density] 263 micro-faces (size<50), top 10 hot regions (macro 64x64 cells):
  region (53,35): 23 micro-faces, world (16396,10816)-(16716,11136)
  region (34,41): 19 micro-faces, world (10316,12736)-(10636,13056)
  region (45,26): 16 micro-faces, world (13836,7936)-(14156,8256)
  region (44,26): 13 micro-faces, world (13516,7936)-(13836,8256)
  region (45,27): 11 micro-faces, world (13836,8256)-(14156,8576)
  region (46,42): 11 micro-faces, world (14156,13056)-(14476,13376)
  region (34,49): 10 micro-faces, world (10316,15296)-(10636,15616)
  region (33,23): 10 micro-faces, world (9996,6976)-(10316,7296)
  region (47,29): 9 micro-faces, world (14476,8896)-(14796,9216)
  region (33,30): 9 micro-faces, world (9996,9216)-(10316,9536)
[face-ppm] Wrote /tmp/face-raster.ppm (2677x1746, downsampled from 5354x3492 by 2)
[face-untangle] 16 target clusters, 24 strays, 0 moved (poly cross 167 → 167, 0 fewer)
[stuck-leaf-2d] pass 1: 1 candidates, 1 moved, 2 cost units resolved.
[stuck-leaf-2d] pass 2: 0 candidates, 0 moved, 0 cost units resolved.
[stuck-leaf-2d] 0 candidates, 1 moved, 2 cost units resolved (poly cross 167 → 165, 2 fewer)
[hot-region-sa] 13 hot cells (≥4 cross, 165 cross pts), top 5 processed, 9/410 swap accepted (cross 165 → 165, 0 fewer)
