[community] algorithm=louvain communities=164 meta=6
[hub-bias] Super-graph: pushed 9 high-deg cluster roots to 1.4x avgR.
[cg-time] 26ms post-hub-bias
[cg-time] 117ms pre-§10-outward-radial
[cg-time] 117ms pre-§11-compose
[cg-time] 117ms pre-§12-pruning-reattach
[cg-time] 118ms pre-§13-cluster-swap
[cg-time] 3697ms pre-§14-chain-straightening
[cg-time] 3697ms pre-§15-pruned-cross-min
[§15.5] Optimized 48 alone-root+independent nodes (6 moves).
[cg-time] 3739ms pre-bus-bundle
[xings-hotspot] total=739 xings across 240 offending edges (of 553)
  edge app1.M12↔app19.M10 xings=31 cluster=(?,_louv_112)
  edge core.Hub0↔app4.M0 xings=29 cluster=(?,?)
  edge core.Hub2↔app6.M0 xings=28 cluster=(_louv_2,_louv_59)
  edge app5.M3↔app9.M4 xings=23 cluster=(?,_louv_86)
  edge app0.M11↔app12.M10 xings=23 cluster=(?,_louv_5)
  edge app14.M0↔app14.M6 xings=22 cluster=(_louv_127,_louv_132)
  edge app16.M0↔app16.M5 xings=21 cluster=(?,?)
  edge core.Hub1↔app13.M0 xings=21 cluster=(?,_louv_118)
[xings-hotspot] top cluster signatures:
  {?} xings=21
  {?|_louv_3} xings=18
  {?|_louv_153} xings=15
  {?|_louv_127} xings=13
  {?|_louv_70} xings=10
  {?|_louv_118} xings=9
  {?|_louv_2|_louv_59} xings=9
  {?|_louv_13} xings=7
[knot-min] Accepted 157 spatial swaps among 476 candidates.
[carrier-pre] 555 edges → 351 distinct carriers (cost-side filter).
[leaf-untangle] candidates=331, with-cross=132, moved=121, crossings-resolved=348.
[leaf-untangle] candidates=331, with-cross=40, moved=19, crossings-resolved=43.
[leaf-untangle] candidates=331, with-cross=31, moved=8, crossings-resolved=15.
[leaf-untangle] candidates=331, with-cross=24, moved=0, crossings-resolved=0.
[stuck-leaf-diag] 25 candidates with cost>0 (top 15 below):
  cost=34 deg=3 node=app14.M4 parent=app14.M0 nbrs={app14.M0,app14.M6,app14.Tag101}
  cost=23 deg=3 node=app14.M7 parent=app14.M0 nbrs={app14.M0,app14.M3,app13.M8}
  cost=21 deg=3 node=app14.M5 parent=app14.M0 nbrs={app14.M0,app14.File254,app14.M3}
  cost=13 deg=3 node=app0.M10 parent=app0.M0 nbrs={app0.M0,app0.M5,app0.File221}
  cost=7 deg=3 node=app2.M8 parent=app2.M0 nbrs={app2.M0,app2.M5,app2.Log217}
  cost=4 deg=2 node=app4.M8 parent=app4.M0 nbrs={app4.M0,app4.Log75}
  cost=4 deg=2 node=app9.M5 parent=app9.M9 nbrs={app9.M7,app9.M9}
  cost=4 deg=2 node=app1.M14 parent=app1.M0 nbrs={app1.M0,app16.M2}
  cost=4 deg=2 node=app17.M1 parent=app17.M0 nbrs={app17.M0,app17.M2}
  cost=3 deg=2 node=app9.M6 parent=app4.M0 nbrs={app9.Address139,app4.M0}
  cost=3 deg=2 node=app16.M2 parent=app16.M9 nbrs={app16.M9,app1.M14}
  cost=2 deg=2 node=app4.M4 parent=app4.M0 nbrs={app4.M0,app4.Tag125}
  cost=2 deg=2 node=app2.M4 parent=app2.M0 nbrs={app2.M0,app2.Asset45}
  cost=1 deg=2 node=app7.M1 parent=app7.M0 nbrs={app7.M0,app7.Address13}
  cost=1 deg=2 node=app7.M2 parent=app7.M0 nbrs={app7.M0,app7.Log122}
[pd-knot] 458 polyline cross pairs, 2 resolved via endpoint swap.
[xings-detour] iters=3 initial-poly-pairs=461 accepted=12 (multi-seg, density-aware, polyline detect, iterative).
[visual-knot] 444→444 cross points, 44→44 hot cells (≥3), 44 handled, 0 swap accepted.
[leaf-untangle] candidates=331, with-cross=31, moved=7, crossings-resolved=17.
[leaf-untangle] candidates=331, with-cross=24, moved=0, crossings-resolved=0.
[stuck-leaf-diag] 25 candidates with cost>0 (top 15 below):
  cost=34 deg=3 node=app14.M4 parent=app14.M0 nbrs={app14.M0,app14.M6,app14.Tag101}
  cost=23 deg=3 node=app14.M7 parent=app14.M0 nbrs={app14.M0,app14.M3,app13.M8}
  cost=21 deg=3 node=app14.M5 parent=app14.M0 nbrs={app14.M0,app14.File254,app14.M3}
  cost=13 deg=3 node=app0.M10 parent=app0.M0 nbrs={app0.M0,app0.M5,app0.File221}
  cost=7 deg=3 node=app2.M8 parent=app2.M0 nbrs={app2.M0,app2.M5,app2.Log217}
  cost=4 deg=2 node=app4.M8 parent=app4.M0 nbrs={app4.M0,app4.Log75}
  cost=4 deg=2 node=app9.M5 parent=app9.M9 nbrs={app9.M7,app9.M9}
  cost=4 deg=2 node=app1.M14 parent=app1.M0 nbrs={app1.M0,app16.M2}
  cost=4 deg=2 node=app17.M1 parent=app17.M0 nbrs={app17.M0,app17.M2}
  cost=3 deg=2 node=app9.M6 parent=app4.M0 nbrs={app9.Address139,app4.M0}
  cost=3 deg=2 node=app16.M2 parent=app16.M9 nbrs={app16.M9,app1.M14}
  cost=2 deg=2 node=app4.M4 parent=app4.M0 nbrs={app4.M0,app4.Tag125}
  cost=2 deg=2 node=app2.M4 parent=app2.M0 nbrs={app2.M0,app2.Asset45}
  cost=1 deg=2 node=app7.M1 parent=app7.M0 nbrs={app7.M0,app7.Address13}
  cost=1 deg=2 node=app7.M2 parent=app7.M0 nbrs={app7.M0,app7.Log122}
[carrier-cross] segment 446 -> carrier-grouped 400 (-10%). Carriers: 343 total (1 bundle + 215 cluster-pair + 127 individual).
[isolated-stash] Stashed 7 edge-less nodes in 6-column strip at x>=58253.
[face-raster] grid 11389x8780 (cell 5.5x5.5 units), 1299 faces, 99616074 bg cells (99.6% of grid)
  face #1: 95293267 cells (95.7%), bbox 11389x8780 @ (0,0)
  face #111: 392830 cells (0.4%), bbox 818x850 @ (2160,6417)
  face #166: 326307 cells (0.3%), bbox 839x1035 @ (4542,6615)
  face #512: 206303 cells (0.2%), bbox 484x1365 @ (4371,6994)
  face #11: 160010 cells (0.2%), bbox 660x633 @ (4081,5882)
  face #12: 154851 cells (0.2%), bbox 522x739 @ (4224,5885)
  face #20: 151472 cells (0.2%), bbox 460x557 @ (3772,5998)
  face #757: 106246 cells (0.1%), bbox 398x505 @ (2810,7207)
[face-cohesion] 129 clusters analysed, 44 low-cohesion (<60% in dominant face)
  cohesion histogram:
     20%- 29%: 3 clusters
     30%- 39%: 12 clusters
     40%- 49%: 4 clusters
     50%- 59%: 25 clusters
     60%- 69%: 26 clusters
     70%- 79%: 7 clusters
     80%- 89%: 4 clusters
    100%-100%: 48 clusters
  top 10 low-cohesion clusters (largest first):
    _louv_66: 5 members, 1 in dominant face, 5 faces total (20%)
    _louv_33: 5 members, 2 in dominant face, 4 faces total (40%)
    _louv_109: 5 members, 2 in dominant face, 4 faces total (40%)
    _louv_16: 5 members, 2 in dominant face, 3 faces total (40%)
    _louv_17: 5 members, 2 in dominant face, 4 faces total (40%)
    _louv_21: 4 members, 2 in dominant face, 3 faces total (50%)
    _louv_155: 4 members, 2 in dominant face, 3 faces total (50%)
    _louv_153: 4 members, 2 in dominant face, 3 faces total (50%)
    _louv_5: 4 members, 1 in dominant face, 4 faces total (25%)
    _louv_49: 4 members, 2 in dominant face, 2 faces total (50%)
[face-density] 695 micro-faces (size<50), top 10 hot regions (macro 64x64 cells):
  region (64,121): 33 micro-faces, world (21174,41417)-(21525,41767)
  region (64,120): 31 micro-faces, world (21174,41067)-(21525,41417)
  region (54,114): 21 micro-faces, world (17671,38965)-(18021,39315)
  region (60,105): 20 micro-faces, world (19773,35812)-(20123,36162)
  region (52,109): 17 micro-faces, world (16970,37213)-(17321,37563)
  region (54,113): 15 micro-faces, world (17671,38614)-(18021,38965)
  region (18,99): 15 micro-faces, world (5059,33710)-(5409,34060)
  region (53,109): 14 micro-faces, world (17321,37213)-(17671,37563)
  region (48,111): 13 micro-faces, world (15569,37914)-(15919,38264)
  region (57,112): 13 micro-faces, world (18722,38264)-(19072,38614)
[face-ppm] Wrote /tmp/face-raster.ppm (2847x2195, downsampled from 11389x8780 by 4)
[face-untangle] 44 target clusters, 74 strays, 2 moved (poly cross 446 → 444, 2 fewer)
[stuck-leaf-2d] pass 1: 5 candidates, 3 moved, 3 cost units resolved.
[stuck-leaf-2d] pass 2: 2 candidates, 0 moved, 0 cost units resolved.
[stuck-leaf-2d] 2 candidates, 3 moved, 3 cost units resolved (poly cross 444 → 442, 2 fewer)
[hot-region-sa] 35 hot cells (≥4 cross, 442 cross pts), top 5 processed, 46/856 swap accepted (cross 442 → 441, 1 fewer)
