[community] algorithm=louvain communities=91 meta=4
[hub-bias] Super-graph: pushed 11 high-deg cluster roots to 1.4x avgR.
[cg-time] 9ms post-hub-bias
[cg-time] 557ms pre-§10-outward-radial
[cg-time] 557ms pre-§11-compose
[cg-time] 557ms pre-§12-pruning-reattach
[cg-time] 557ms pre-§13-cluster-swap
[cg-time] 1894ms pre-§14-chain-straightening
[cg-time] 1894ms pre-§15-pruned-cross-min
[§15.5] Optimized 21 alone-root+independent nodes (6 moves).
[cg-time] 1902ms pre-bus-bundle
[bus-bundle] Created 2 bus bundles (4 members, sig ≥ 2 roots).
[xings-hotspot] total=486 xings across 165 offending edges (of 325)
  edge app15.M0↔app15.M1 xings=27 cluster=(?,?)
  edge app13.M0↔app13.M7 xings=27 cluster=(_louv_64,?)
  edge core.Hub2↔app10.M0 xings=25 cluster=(_louv_2,_louv_48)
  edge app16.M0↔app16.M3 xings=24 cluster=(?,_louv_31)
  edge app17.M0↔app17.M1 xings=22 cluster=(?,?)
  edge app17.M0↔app17.M2 xings=22 cluster=(?,?)
  edge app3.M5↔app18.M4 xings=21 cluster=(?,?)
  edge core.Hub1↔app5.M0 xings=20 cluster=(_louv_1,_louv_27)
[xings-hotspot] top cluster signatures:
  {?} xings=16
  {?|_louv_3} xings=9
  {?|_louv_64} xings=9
  {?|_louv_2|_louv_48} xings=7
  {?|_louv_48} xings=7
  {?|_louv_70} xings=6
  {?|_louv_1|_louv_45} xings=6
  {?|_louv_1|_louv_48} xings=6
[knot-min] Accepted 101 spatial swaps among 251 candidates.
[carrier-pre] 330 edges → 210 distinct carriers (cost-side filter).
[leaf-untangle] candidates=154, with-cross=67, moved=60, crossings-resolved=211.
[leaf-untangle] candidates=154, with-cross=34, moved=20, crossings-resolved=53.
[leaf-untangle] candidates=154, with-cross=24, moved=6, crossings-resolved=18.
[leaf-untangle] candidates=154, with-cross=21, moved=3, crossings-resolved=5.
[stuck-leaf-diag] 22 candidates with cost>0 (top 15 below):
  cost=15 deg=2 node=app0.M2 parent=app0.M0 nbrs={app0.M0,app1.M10}
  cost=9 deg=2 node=app1.M10 parent=app1.M0 nbrs={app1.M0,app0.M2}
  cost=6 deg=2 node=app11.M2 parent=app11.M0 nbrs={app11.M0,app11.Asset57}
  cost=6 deg=2 node=app11.M12 parent=app11.M0 nbrs={app11.M0,app11.Address58}
  cost=4 deg=3 node=app4.M2 parent=app4.M0 nbrs={app4.M0,app4.M5,app3.M5}
  cost=4 deg=3 node=app4.M5 parent=app4.M0 nbrs={app4.M0,app4.M2,app8.M1}
  cost=4 deg=2 node=app14.M7 parent=app9.M0 nbrs={app14.M0,app9.M0}
  cost=3 deg=2 node=app8.M5 parent=app8.M0 nbrs={app8.M0,app8.M4}
  cost=3 deg=2 node=app13.M2 parent=app13.M13 nbrs={app13.M13,app13.M5}
  cost=3 deg=2 node=app18.M3 parent=app18.M0 nbrs={app18.M0,app18.M6}
  cost=3 deg=2 node=app18.M5 parent=app18.M0 nbrs={app18.M0,app12.M0}
  cost=3 deg=3 node=app19.M5 parent=app19.M0 nbrs={app19.M0,app19.M8,app8.M1}
  cost=2 deg=3 node=app7.M2 parent=app7.M0 nbrs={app7.M0,app7.Note65,app7.M1}
  cost=2 deg=2 node=app10.M4 parent=app10.M0 nbrs={app10.M0,app10.M1}
  cost=2 deg=3 node=app11.M7 parent=app11.M0 nbrs={app11.M0,app11.M0,app11.M4}
[pd-knot] 347 polyline cross pairs, 4 resolved via endpoint swap.
[xings-detour] iters=2 initial-poly-pairs=360 accepted=7 (multi-seg, density-aware, polyline detect, iterative).
[visual-knot] 353→353 cross points, 32→32 hot cells (≥3), 32 handled, 0 swap accepted.
[leaf-untangle] candidates=154, with-cross=21, moved=3, crossings-resolved=11.
[leaf-untangle] candidates=154, with-cross=23, moved=5, crossings-resolved=12.
[leaf-untangle] candidates=154, with-cross=20, moved=2, crossings-resolved=7.
[stuck-leaf-diag] 23 candidates with cost>0 (top 15 below):
  cost=15 deg=2 node=app0.M2 parent=app0.M0 nbrs={app0.M0,app1.M10}
  cost=9 deg=2 node=app1.M10 parent=app1.M0 nbrs={app1.M0,app0.M2}
  cost=6 deg=2 node=app11.M2 parent=app11.M0 nbrs={app11.M0,app11.Asset57}
  cost=6 deg=2 node=app11.M12 parent=app11.M0 nbrs={app11.M0,app11.Address58}
  cost=5 deg=3 node=app7.M2 parent=app7.M0 nbrs={app7.M0,app7.Note65,app7.M1}
  cost=4 deg=3 node=app4.M2 parent=app4.M0 nbrs={app4.M0,app4.M5,app3.M5}
  cost=4 deg=3 node=app4.M5 parent=app4.M0 nbrs={app4.M0,app4.M2,app8.M1}
  cost=4 deg=2 node=app14.M7 parent=app9.M0 nbrs={app14.M0,app9.M0}
  cost=3 deg=2 node=app7.M12 parent=app7.M8 nbrs={app7.M8,app7.Tag50}
  cost=3 deg=2 node=app8.M5 parent=app8.M0 nbrs={app8.M0,app8.M4}
  cost=3 deg=2 node=app9.M9 parent=app9.M0 nbrs={app9.M0,app9.M5}
  cost=3 deg=2 node=app13.M2 parent=app13.M13 nbrs={app13.M13,app13.M5}
  cost=3 deg=2 node=app18.M3 parent=app18.M0 nbrs={app18.M0,app18.M6}
  cost=3 deg=2 node=app18.M5 parent=app18.M0 nbrs={app18.M0,app12.M0}
  cost=3 deg=3 node=app19.M5 parent=app19.M0 nbrs={app19.M0,app19.M8,app8.M1}
[carrier-cross] segment 352 -> carrier-grouped 322 (-9%). Carriers: 209 total (4 bundle + 142 cluster-pair + 63 individual).
[isolated-stash] Stashed 7 edge-less nodes in 6-column strip at x>=30118.
[face-raster] grid 6581x4252 (cell 5.0x5.0 units), 1001 faces, 27677265 bg cells (98.9% of grid)
  face #1: 18855109 cells (68.1%), bbox 6581x4252 @ (0,0)
  face #683: 550047 cells (2.0%), bbox 951x1666 @ (3212,2040)
  face #6: 530835 cells (1.9%), bbox 1575x924 @ (683,158)
  face #5: 468582 cells (1.7%), bbox 802x1191 @ (674,158)
  face #4: 461313 cells (1.7%), bbox 519x2116 @ (209,158)
  face #568: 438137 cells (1.6%), bbox 793x811 @ (730,1676)
  face #719: 333105 cells (1.2%), bbox 743x841 @ (2934,2118)
  face #872: 329073 cells (1.2%), bbox 512x1405 @ (1639,2649)
[face-cohesion] 65 clusters analysed, 28 low-cohesion (<60% in dominant face)
  cohesion histogram:
     10%- 19%: 1 clusters
     20%- 29%: 2 clusters
     30%- 39%: 7 clusters
     50%- 59%: 18 clusters
     60%- 69%: 9 clusters
     70%- 79%: 3 clusters
     80%- 89%: 2 clusters
    100%-100%: 23 clusters
  top 10 low-cohesion clusters (largest first):
    _louv_64: 7 members, 1 in dominant face, 7 faces total (14%)
    _louv_34: 4 members, 1 in dominant face, 4 faces total (25%)
    _louv_7: 4 members, 2 in dominant face, 3 faces total (50%)
    _louv_3: 4 members, 1 in dominant face, 4 faces total (25%)
    _louv_28: 4 members, 2 in dominant face, 3 faces total (50%)
    _louv_88: 4 members, 2 in dominant face, 3 faces total (50%)
    _louv_55: 3 members, 1 in dominant face, 3 faces total (33%)
    _louv_31: 3 members, 1 in dominant face, 3 faces total (33%)
    _louv_75: 3 members, 1 in dominant face, 3 faces total (33%)
    _louv_78: 3 members, 1 in dominant face, 3 faces total (33%)
[face-density] 521 micro-faces (size<50), top 10 hot regions (macro 64x64 cells):
  region (45,13): 26 micro-faces, world (13718,3703)-(14038,4023)
  region (44,13): 23 micro-faces, world (13398,3703)-(13718,4023)
  region (46,14): 20 micro-faces, world (14038,4023)-(14358,4343)
  region (38,17): 19 micro-faces, world (11478,4983)-(11798,5302)
  region (57,23): 18 micro-faces, world (17557,6902)-(17877,7222)
  region (33,42): 16 micro-faces, world (9878,12982)-(10198,13302)
  region (26,63): 16 micro-faces, world (7638,19701)-(7958,20021)
  region (47,14): 16 micro-faces, world (14358,4023)-(14678,4343)
  region (37,46): 15 micro-faces, world (11158,14261)-(11478,14581)
  region (38,16): 15 micro-faces, world (11478,4663)-(11798,4983)
[face-ppm] Wrote /tmp/face-raster.ppm (3290x2126, downsampled from 6581x4252 by 2)
[face-untangle] 26 target clusters, 37 strays, 3 moved (poly cross 352 → 351, 1 fewer)
[stuck-leaf-2d] pass 1: 3 candidates, 2 moved, 2 cost units resolved.
[stuck-leaf-2d] pass 2: 1 candidates, 0 moved, 0 cost units resolved.
[stuck-leaf-2d] 1 candidates, 2 moved, 2 cost units resolved (poly cross 351 → 349, 2 fewer)
[hot-region-sa] 21 hot cells (≥4 cross, 349 cross pts), top 5 processed, 2/316 swap accepted (cross 349 → 349, 0 fewer)
