[community] algorithm=louvain communities=100 meta=3
[hub-bias] Super-graph: pushed 9 high-deg cluster roots to 1.4x avgR.
[cg-time] 7ms post-hub-bias
[cg-time] 707ms pre-§10-outward-radial
[cg-time] 707ms pre-§11-compose
[cg-time] 707ms pre-§12-pruning-reattach
[cg-time] 707ms pre-§13-cluster-swap
[cg-time] 1125ms pre-§14-chain-straightening
[cg-time] 1126ms pre-§15-pruned-cross-min
[§15.5] Optimized 39 alone-root+independent nodes (7 moves).
[cg-time] 1132ms pre-bus-bundle
[bus-bundle] Created 1 bus bundles (2 members, sig ≥ 2 roots).
[xings-hotspot] total=287 xings across 119 offending edges (of 300)
  edge app19.M0↔app19.M3 xings=17 cluster=(?,_louv_40)
  edge app16.M0↔app16.M5 xings=17 cluster=(?,_louv_39)
  edge app3.M0↔app3.M3 xings=17 cluster=(?,?)
  edge app1.M6↔app8.M4 xings=17 cluster=(?,_louv_14)
  edge core.Hub1↔app12.M0 xings=17 cluster=(?,?)
  edge core.Hub1↔app16.M0 xings=13 cluster=(?,?)
  edge app1.M0↔app1.M4 xings=13 cluster=(_louv_8,_louv_12)
  edge core.Hub0↔app14.M0 xings=12 cluster=(_louv_0,_louv_71)
[xings-hotspot] top cluster signatures:
  {?|_louv_0} xings=13
  {?} xings=11
  {?|_louv_33} xings=8
  {?|_louv_83} xings=7
  {?|_louv_40} xings=7
  {?|_louv_39} xings=6
  {?|_louv_60} xings=6
  {?|_louv_33|_louv_77} xings=5
[knot-min] Accepted 56 spatial swaps among 252 candidates.
[carrier-pre] 303 edges → 183 distinct carriers (cost-side filter).
[leaf-untangle] candidates=158, with-cross=56, moved=50, crossings-resolved=155.
[leaf-untangle] candidates=158, with-cross=15, moved=7, crossings-resolved=25.
[leaf-untangle] candidates=158, with-cross=11, moved=1, crossings-resolved=3.
[leaf-untangle] candidates=158, with-cross=10, moved=0, crossings-resolved=0.
[stuck-leaf-diag] 10 candidates with cost>0 (top 15 below):
  cost=17 deg=3 node=app1.M6 parent=app1.M0 nbrs={app1.M0,app1.M8,app8.M4}
  cost=13 deg=3 node=app19.M3 parent=app19.M0 nbrs={app19.M0,app19.M1,app7.M2}
  cost=10 deg=2 node=app16.M5 parent=app16.M0 nbrs={app16.M0,app7.M0}
  cost=5 deg=2 node=app1.M2 parent=app1.M0 nbrs={app1.M0,app17.M6}
  cost=4 deg=2 node=app17.M6 parent=app17.M0 nbrs={app17.M0,app1.M2}
  cost=2 deg=2 node=app17.M1 parent=app13.M2 nbrs={app13.M2,app18.M5}
  cost=1 deg=2 node=app5.M2 parent=app11.M2 nbrs={app11.M1,app11.M2}
  cost=1 deg=3 node=app9.M2 parent=app9.M0 nbrs={app9.M0,app9.Asset62,app5.M3}
  cost=1 deg=2 node=app13.M2 parent=app13.M0 nbrs={app13.M0,app17.M1}
  cost=1 deg=2 node=app18.M5 parent=app18.M2 nbrs={app18.M2,app17.M1}
[pd-knot] 210 polyline cross pairs, 7 resolved via endpoint swap.
[xings-detour] iters=2 initial-poly-pairs=210 accepted=7 (multi-seg, density-aware, polyline detect, iterative).
[visual-knot] 201→199 cross points, 15→15 hot cells (≥3), 30 handled, 2 swap accepted.
[leaf-untangle] candidates=158, with-cross=16, moved=7, crossings-resolved=13.
[leaf-untangle] candidates=158, with-cross=10, moved=1, crossings-resolved=1.
[leaf-untangle] candidates=158, with-cross=9, moved=0, crossings-resolved=0.
[stuck-leaf-diag] 10 candidates with cost>0 (top 15 below):
  cost=17 deg=3 node=app1.M6 parent=app1.M0 nbrs={app1.M0,app1.M8,app8.M4}
  cost=13 deg=3 node=app19.M3 parent=app19.M0 nbrs={app19.M0,app19.M1,app7.M2}
  cost=10 deg=2 node=app16.M5 parent=app16.M0 nbrs={app16.M0,app7.M0}
  cost=5 deg=2 node=app1.M2 parent=app1.M0 nbrs={app1.M0,app17.M6}
  cost=4 deg=2 node=app17.M6 parent=app17.M0 nbrs={app17.M0,app1.M2}
  cost=1 deg=2 node=app5.M2 parent=app11.M2 nbrs={app11.M1,app11.M2}
  cost=1 deg=3 node=app9.M2 parent=app9.M0 nbrs={app9.M0,app9.Asset62,app5.M3}
  cost=1 deg=1 node=app10.M6 parent=app15.M9 nbrs={app15.M9}
  cost=1 deg=2 node=app17.M1 parent=app13.M2 nbrs={app13.M2,app18.M5}
  cost=1 deg=2 node=app18.M5 parent=app18.M2 nbrs={app18.M2,app17.M1}
[carrier-cross] segment 197 -> carrier-grouped 181 (-8%). Carriers: 181 total (2 bundle + 117 cluster-pair + 62 individual).
[isolated-stash] Stashed 10 edge-less nodes in 6-column strip at x>=25720.
[face-raster] grid 5840x4018 (cell 5.0x5.0 units), 896 faces, 23208766 bg cells (98.9% of grid)
  face #1: 17911741 cells (77.2%), bbox 5840x4018 @ (0,0)
  face #2: 958243 cells (4.1%), bbox 2008x1753 @ (357,103)
  face #3: 451767 cells (1.9%), bbox 1016x1302 @ (1354,103)
  face #211: 349305 cells (1.5%), bbox 895x882 @ (2171,1985)
  face #813: 298180 cells (1.3%), bbox 770x960 @ (352,2768)
  face #6: 150066 cells (0.6%), bbox 167x1797 @ (348,1012)
  face #54: 138636 cells (0.6%), bbox 523x489 @ (516,1525)
  face #177: 107552 cells (0.5%), bbox 249x813 @ (468,1866)
[face-cohesion] 62 clusters analysed, 27 low-cohesion (<60% in dominant face)
  cohesion histogram:
     20%- 29%: 1 clusters
     30%- 39%: 8 clusters
     50%- 59%: 18 clusters
     60%- 69%: 9 clusters
     70%- 79%: 3 clusters
    100%-100%: 23 clusters
  top 10 low-cohesion clusters (largest first):
    _louv_32: 4 members, 2 in dominant face, 3 faces total (50%)
    _louv_0: 4 members, 2 in dominant face, 3 faces total (50%)
    _louv_80: 4 members, 2 in dominant face, 2 faces total (50%)
    _louv_2: 4 members, 2 in dominant face, 3 faces total (50%)
    _louv_69: 4 members, 1 in dominant face, 4 faces total (25%)
    _louv_71: 4 members, 2 in dominant face, 3 faces total (50%)
    _louv_39: 4 members, 2 in dominant face, 3 faces total (50%)
    _louv_31: 4 members, 2 in dominant face, 3 faces total (50%)
    _louv_8: 3 members, 1 in dominant face, 3 faces total (33%)
    _louv_50: 3 members, 1 in dominant face, 3 faces total (33%)
[face-density] 593 micro-faces (size<50), top 10 hot regions (macro 64x64 cells):
  region (59,39): 43 micro-faces, world (17522,9223)-(17842,9543)
  region (13,37): 38 micro-faces, world (2803,8583)-(3123,8903)
  region (60,38): 30 micro-faces, world (17842,8903)-(18161,9223)
  region (18,37): 28 micro-faces, world (4403,8583)-(4723,8903)
  region (58,40): 26 micro-faces, world (17202,9543)-(17522,9863)
  region (18,38): 20 micro-faces, world (4403,8903)-(4723,9223)
  region (35,25): 17 micro-faces, world (9842,4744)-(10162,5064)
  region (14,36): 17 micro-faces, world (3123,8263)-(3443,8583)
  region (60,39): 17 micro-faces, world (17842,9223)-(18161,9543)
  region (61,38): 16 micro-faces, world (18161,8903)-(18481,9223)
[face-ppm] Wrote /tmp/face-raster.ppm (2920x2009, downsampled from 5840x4018 by 2)
[face-untangle] 26 target clusters, 41 strays, 0 moved (poly cross 196 → 196, 0 fewer)
[stuck-leaf-2d] pass 1: 1 candidates, 1 moved, 1 cost units resolved.
[stuck-leaf-2d] pass 2: 0 candidates, 0 moved, 0 cost units resolved.
[stuck-leaf-2d] 0 candidates, 1 moved, 1 cost units resolved (poly cross 196 → 196, 0 fewer)
[hot-region-sa] 16 hot cells (≥4 cross, 196 cross pts), top 5 processed, 72/385 swap accepted (cross 196 → 196, 0 fewer)
