[community] algorithm=louvain communities=84 meta=3
[hub-bias] Super-graph: pushed 6 high-deg cluster roots to 1.4x avgR.
[cg-time] 8ms post-hub-bias
[cg-time] 1782ms pre-§10-outward-radial
[cg-time] 1782ms pre-§11-compose
[cg-time] 1782ms pre-§12-pruning-reattach
[cg-time] 1782ms pre-§13-cluster-swap
[cg-time] 2270ms pre-§14-chain-straightening
[cg-time] 2270ms pre-§15-pruned-cross-min
[§15.5] Optimized 37 alone-root+independent nodes (2 moves).
[cg-time] 2273ms pre-bus-bundle
[xings-hotspot] total=249 xings across 131 offending edges (of 272)
  edge app0.M0↔app14.M1 xings=15 cluster=(_louv_1,?)
  edge app11.M0↔app11.M8 xings=14 cluster=(_louv_54,_louv_57)
  edge app11.M1↔app17.M6 xings=14 cluster=(?,_louv_80)
  edge app10.M2↔app19.M2 xings=13 cluster=(?,_louv_53)
  edge app3.M4↔app12.M4 xings=12 cluster=(_louv_20,_louv_61)
  edge app2.M6↔app19.M2 xings=12 cluster=(?,_louv_53)
  edge core.Hub0↔app3.M0 xings=11 cluster=(_louv_0,_louv_17)
  edge core.Hub0↔app2.M0 xings=10 cluster=(_louv_0,_louv_10)
[xings-hotspot] top cluster signatures:
  {?|_louv_10} xings=4
  {?|_louv_53} xings=4
  {?|_louv_25} xings=3
  {?|_louv_82} xings=3
  {?|_louv_0|_louv_2|_louv_46} xings=3
  {?|_louv_16|_louv_2|_louv_46} xings=3
  {?|_louv_1|_louv_20|_louv_61} xings=3
  {?|_louv_1|_louv_53} xings=3
[bundle-clear] Pushed 1 nodes off bundle bboxes.
[knot-min] Accepted 34 spatial swaps among 212 candidates.
[carrier-pre] 274 edges → 164 distinct carriers (cost-side filter).
[leaf-untangle] candidates=134, with-cross=54, moved=44, crossings-resolved=149.
[leaf-untangle] candidates=134, with-cross=28, moved=9, crossings-resolved=22.
[leaf-untangle] candidates=134, with-cross=25, moved=2, crossings-resolved=5.
[leaf-untangle] candidates=134, with-cross=24, moved=0, crossings-resolved=0.
[stuck-leaf-diag] 25 candidates with cost>0 (top 15 below):
  cost=10 deg=3 node=app13.M1 parent=app13.M0 nbrs={app13.M0,app13.M5,app19.M0}
  cost=9 deg=2 node=app4.M10 parent=app4.M0 nbrs={app4.M0,app4.File25}
  cost=6 deg=3 node=app2.M5 parent=app2.M0 nbrs={app2.M0,app2.M6,app11.M3}
  cost=5 deg=3 node=app4.M1 parent=app4.M0 nbrs={app4.M0,app4.M7,app4.M8}
  cost=5 deg=2 node=app13.M9 parent=app14.M3 nbrs={app14.M3,app14.M2}
  cost=4 deg=3 node=app10.M3 parent=app10.M0 nbrs={app10.M0,app10.M1,app14.M3}
  cost=4 deg=2 node=app6.M5 parent=app4.M0 nbrs={app6.M0,app4.M0}
  cost=4 deg=3 node=app13.M5 parent=app13.M0 nbrs={app13.M0,app13.M1,app2.M0}
  cost=3 deg=3 node=app18.M2 parent=app18.M0 nbrs={app18.M0,app18.M7,app18.Address0}
  cost=3 deg=3 node=app1.M8 parent=app1.M0 nbrs={app1.M0,app1.M7,app3.M1}
  cost=3 deg=2 node=app14.M2 parent=app4.M2 nbrs={app13.M9,app4.M2}
  cost=3 deg=3 node=app4.M9 parent=app4.M0 nbrs={app4.M0,app4.M4,app4.Tag29}
  cost=2 deg=2 node=app4.M11 parent=app4.M0 nbrs={app4.M0,app6.M7}
  cost=2 deg=2 node=app7.M3 parent=app16.M6 nbrs={app8.M6,app16.M6}
  cost=1 deg=3 node=app0.M3 parent=app1.M0 nbrs={app0.M0,app0.M2,app1.M0}
[pd-knot] 173 polyline cross pairs, 6 resolved via endpoint swap.
[xings-detour] iters=2 initial-poly-pairs=166 accepted=8 (multi-seg, density-aware, polyline detect, iterative).
[visual-knot] 156→156 cross points, 9→9 hot cells (≥3), 9 handled, 0 swap accepted.
[leaf-untangle] candidates=134, with-cross=34, moved=13, crossings-resolved=23.
[leaf-untangle] candidates=134, with-cross=23, moved=2, crossings-resolved=7.
[leaf-untangle] candidates=134, with-cross=22, moved=1, crossings-resolved=3.
[stuck-leaf-diag] 22 candidates with cost>0 (top 15 below):
  cost=10 deg=3 node=app13.M1 parent=app13.M0 nbrs={app13.M0,app13.M5,app19.M0}
  cost=9 deg=2 node=app4.M10 parent=app4.M0 nbrs={app4.M0,app4.File25}
  cost=5 deg=2 node=app13.M9 parent=app14.M3 nbrs={app14.M3,app14.M2}
  cost=4 deg=3 node=app2.M5 parent=app2.M0 nbrs={app2.M0,app2.M6,app11.M3}
  cost=4 deg=2 node=app6.M5 parent=app4.M0 nbrs={app6.M0,app4.M0}
  cost=4 deg=3 node=app10.M3 parent=app10.M0 nbrs={app10.M0,app10.M1,app14.M3}
  cost=4 deg=3 node=app13.M5 parent=app13.M0 nbrs={app13.M0,app13.M1,app2.M0}
  cost=3 deg=3 node=app1.M8 parent=app1.M0 nbrs={app1.M0,app1.M7,app3.M1}
  cost=3 deg=3 node=app4.M1 parent=app4.M0 nbrs={app4.M0,app4.M7,app4.M8}
  cost=3 deg=3 node=app4.M9 parent=app4.M0 nbrs={app4.M0,app4.M4,app4.Tag29}
  cost=3 deg=2 node=app7.M3 parent=app16.M6 nbrs={app8.M6,app16.M6}
  cost=2 deg=2 node=app4.M11 parent=app4.M0 nbrs={app4.M0,app6.M7}
  cost=2 deg=2 node=app8.M4 parent=app8.M0 nbrs={app8.M0,app13.M10}
  cost=2 deg=2 node=app8.M6 parent=app8.M0 nbrs={app8.M0,app7.M3}
  cost=1 deg=3 node=app0.M3 parent=app1.M0 nbrs={app0.M0,app0.M2,app1.M0}
[carrier-cross] segment 159 -> carrier-grouped 144 (-9%). Carriers: 166 total (1 bundle + 113 cluster-pair + 52 individual).
[isolated-stash] Stashed 4 edge-less nodes in 6-column strip at x>=22930.
[face-raster] grid 4991x3555 (cell 5.0x5.0 units), 585 faces, 17526059 bg cells (98.8% of grid)
  face #1: 12360457 cells (70.5%), bbox 4991x3555 @ (0,0)
  face #188: 1421454 cells (8.1%), bbox 2247x1342 @ (2342,1317)
  face #539: 859512 cells (4.9%), bbox 1851x1275 @ (2748,2188)
  face #2: 366254 cells (2.1%), bbox 930x902 @ (1165,279)
  face #63: 320386 cells (1.8%), bbox 872x697 @ (204,1096)
  face #574: 123168 cells (0.7%), bbox 859x941 @ (2333,2522)
  face #482: 121672 cells (0.7%), bbox 509x806 @ (2229,1865)
  face #542: 86976 cells (0.5%), bbox 646x312 @ (718,2199)
[face-cohesion] 50 clusters analysed, 24 low-cohesion (<60% in dominant face)
  cohesion histogram:
     20%- 29%: 2 clusters
     30%- 39%: 6 clusters
     50%- 59%: 16 clusters
     60%- 69%: 10 clusters
     70%- 79%: 1 clusters
    100%-100%: 15 clusters
  top 10 low-cohesion clusters (largest first):
    _louv_82: 4 members, 2 in dominant face, 2 faces total (50%)
    _louv_63: 4 members, 2 in dominant face, 3 faces total (50%)
    _louv_54: 4 members, 1 in dominant face, 4 faces total (25%)
    _louv_53: 4 members, 1 in dominant face, 4 faces total (25%)
    _louv_17: 3 members, 1 in dominant face, 3 faces total (33%)
    _louv_58: 3 members, 1 in dominant face, 3 faces total (33%)
    _louv_40: 3 members, 1 in dominant face, 3 faces total (33%)
    _louv_38: 3 members, 1 in dominant face, 3 faces total (33%)
    _louv_60: 3 members, 1 in dominant face, 3 faces total (33%)
    _louv_4: 3 members, 1 in dominant face, 3 faces total (33%)
[face-density] 336 micro-faces (size<50), top 10 hot regions (macro 64x64 cells):
  region (24,21): 25 micro-faces, world (7152,5765)-(7472,6085)
  region (30,19): 23 micro-faces, world (9072,5125)-(9392,5445)
  region (41,15): 17 micro-faces, world (12592,3846)-(12912,4166)
  region (23,21): 16 micro-faces, world (6832,5765)-(7152,6085)
  region (31,26): 16 micro-faces, world (9392,7365)-(9712,7685)
  region (25,21): 16 micro-faces, world (7472,5765)-(7792,6085)
  region (34,17): 15 micro-faces, world (10352,4485)-(10672,4805)
  region (14,23): 14 micro-faces, world (3952,6405)-(4272,6725)
  region (20,23): 13 micro-faces, world (5872,6405)-(6192,6725)
  region (27,28): 9 micro-faces, world (8112,8005)-(8432,8325)
[face-ppm] Wrote /tmp/face-raster.ppm (2495x1777, downsampled from 4991x3555 by 2)
[face-untangle] 22 target clusters, 30 strays, 2 moved (poly cross 158 → 157, 1 fewer)
[stuck-leaf-2d] pass 1: 1 candidates, 1 moved, 1 cost units resolved.
[stuck-leaf-2d] pass 2: 0 candidates, 0 moved, 0 cost units resolved.
[stuck-leaf-2d] 0 candidates, 1 moved, 1 cost units resolved (poly cross 157 → 156, 1 fewer)
[hot-region-sa] 11 hot cells (≥4 cross, 156 cross pts), top 5 processed, 48/782 swap accepted (cross 156 → 149, 7 fewer)
