[community] algorithm=louvain communities=102 meta=4
[hub-bias] Super-graph: pushed 9 high-deg cluster roots to 1.4x avgR.
[cg-time] 9ms post-hub-bias
[cg-time] 55ms pre-§10-outward-radial
[cg-time] 55ms pre-§11-compose
[cg-time] 55ms pre-§12-pruning-reattach
[cg-time] 56ms pre-§13-cluster-swap
[cg-time] 602ms pre-§14-chain-straightening
[cg-time] 602ms pre-§15-pruned-cross-min
[§15.5] Optimized 26 alone-root+independent nodes (4 moves).
[cg-time] 605ms pre-bus-bundle
[xings-hotspot] total=246 xings across 120 offending edges (of 286)
  edge app10.M1↔app13.M3 xings=17 cluster=(_louv_62,_louv_33)
  edge app13.M0↔app13.M7 xings=16 cluster=(?,?)
  edge app12.M0↔app14.M3 xings=16 cluster=(_louv_67,_louv_17)
  edge app1.M12↔app18.M0 xings=13 cluster=(?,_louv_34)
  edge app9.M0↔app9.M4 xings=13 cluster=(_louv_56,_louv_34)
  edge app13.M0↔app13.M6 xings=12 cluster=(?,_louv_17)
  edge app11.M0↔app16.M5 xings=12 cluster=(?,?)
  edge core.Hub0↔app6.M0 xings=11 cluster=(_louv_0,_louv_35)
[xings-hotspot] top cluster signatures:
  {?|_louv_0|_louv_34} xings=10
  {?|_louv_34} xings=6
  {?|_louv_48} xings=6
  {?|_louv_62} xings=5
  {?|_louv_68} xings=5
  {?|_louv_35|_louv_62} xings=5
  {?|_louv_17} xings=4
  {?|_louv_0|_louv_16} xings=4
[bundle-clear] Pushed 4 nodes off bundle bboxes.
[knot-min] Accepted 45 spatial swaps among 234 candidates.
[knot-min-2opt] Accepted 2 cross-targeted swaps.
[carrier-pre] 291 edges → 186 distinct carriers (cost-side filter).
[leaf-untangle] candidates=145, with-cross=63, moved=48, crossings-resolved=153.
[leaf-untangle] candidates=145, with-cross=40, moved=9, crossings-resolved=17.
[leaf-untangle] candidates=145, with-cross=35, moved=5, crossings-resolved=12.
[leaf-untangle] candidates=145, with-cross=33, moved=0, crossings-resolved=0.
[stuck-leaf-diag] 38 candidates with cost>0 (top 15 below):
  cost=15 deg=2 node=app3.M2 parent=app3.M0 nbrs={app3.M0,app3.M3}
  cost=15 deg=3 node=app8.M1 parent=app8.M0 nbrs={app8.M0,app8.M5,app6.M4}
  cost=11 deg=3 node=app1.M12 parent=app1.M0 nbrs={app1.M0,app1.M2,app18.M0}
  cost=9 deg=2 node=app4.M2 parent=app4.M0 nbrs={app4.M0,app4.M4}
  cost=8 deg=2 node=app2.M3 parent=app2.M0 nbrs={app2.M0,app15.M3}
  cost=6 deg=2 node=app3.M9 parent=app3.M0 nbrs={app3.M0,app19.M1}
  cost=6 deg=2 node=app4.M7 parent=app4.M0 nbrs={app4.M0,app1.M14}
  cost=6 deg=2 node=app8.M5 parent=app8.M0 nbrs={app8.M0,app8.M1}
  cost=5 deg=2 node=app18.M4 parent=app15.M2 nbrs={app18.M1,app15.M2}
  cost=5 deg=2 node=app6.M6 parent=app6.M0 nbrs={app6.M0,app7.M3}
  cost=4 deg=3 node=app19.M4 parent=app19.M0 nbrs={app19.M0,app19.M12,app18.M10}
  cost=4 deg=2 node=app3.M13 parent=app3.M0 nbrs={app3.M0,app3.Asset24}
  cost=4 deg=2 node=app7.M3 parent=app7.M0 nbrs={app7.M0,app6.M6}
  cost=3 deg=3 node=app15.M2 parent=app15.M0 nbrs={app15.M0,app15.M8,app18.M4}
  cost=3 deg=2 node=app18.M14 parent=app18.M0 nbrs={app18.M0,app5.M2}
[pd-knot] 169 polyline cross pairs, 2 resolved via endpoint swap.
[xings-detour] iters=2 initial-poly-pairs=163 accepted=4 (multi-seg, density-aware, polyline detect, iterative).
[visual-knot] 157→157 cross points, 9→9 hot cells (≥3), 9 handled, 0 swap accepted.
[leaf-untangle] candidates=145, with-cross=34, moved=3, crossings-resolved=19.
[leaf-untangle] candidates=145, with-cross=32, moved=1, crossings-resolved=3.
[leaf-untangle] candidates=145, with-cross=32, moved=0, crossings-resolved=0.
[stuck-leaf-diag] 37 candidates with cost>0 (top 15 below):
  cost=15 deg=3 node=app8.M1 parent=app8.M0 nbrs={app8.M0,app8.M5,app6.M4}
  cost=12 deg=2 node=app3.M2 parent=app3.M0 nbrs={app3.M0,app3.M3}
  cost=11 deg=3 node=app1.M12 parent=app1.M0 nbrs={app1.M0,app1.M2,app18.M0}
  cost=9 deg=2 node=app4.M2 parent=app4.M0 nbrs={app4.M0,app4.M4}
  cost=8 deg=2 node=app2.M3 parent=app2.M0 nbrs={app2.M0,app15.M3}
  cost=6 deg=2 node=app3.M9 parent=app3.M0 nbrs={app3.M0,app19.M1}
  cost=6 deg=2 node=app8.M5 parent=app8.M0 nbrs={app8.M0,app8.M1}
  cost=6 deg=2 node=app4.M7 parent=app4.M0 nbrs={app4.M0,app1.M14}
  cost=5 deg=2 node=app6.M6 parent=app6.M0 nbrs={app6.M0,app7.M3}
  cost=5 deg=2 node=app18.M4 parent=app15.M2 nbrs={app18.M1,app15.M2}
  cost=4 deg=3 node=app19.M4 parent=app19.M0 nbrs={app19.M0,app19.M12,app18.M10}
  cost=4 deg=2 node=app7.M3 parent=app7.M0 nbrs={app7.M0,app6.M6}
  cost=3 deg=3 node=app0.M4 parent=app0.M0 nbrs={app0.M0,app0.M6,app10.M2}
  cost=3 deg=2 node=app18.M14 parent=app18.M0 nbrs={app18.M0,app5.M2}
  cost=3 deg=2 node=app18.M7 parent=app18.M0 nbrs={app18.M0,app5.M2}
[carrier-cross] segment 159 -> carrier-grouped 152 (-4%). Carriers: 183 total (2 bundle + 122 cluster-pair + 59 individual).
[isolated-stash] Stashed 18 edge-less nodes in 6-column strip at x>=31990.
[face-raster] grid 5529x4486 (cell 5.0x5.0 units), 758 faces, 24528592 bg cells (98.9% of grid)
  face #1: 16081542 cells (65.6%), bbox 5529x4486 @ (0,0)
  face #160: 1268190 cells (5.2%), bbox 1515x1760 @ (136,1210)
  face #34: 787099 cells (3.2%), bbox 1387x1524 @ (2927,930)
  face #295: 684238 cells (2.8%), bbox 1196x1159 @ (3534,1477)
  face #2: 579730 cells (2.4%), bbox 1172x1398 @ (1270,222)
  face #752: 404330 cells (1.6%), bbox 968x1026 @ (1846,3347)
  face #171: 363321 cells (1.5%), bbox 936x1032 @ (331,1224)
  face #35: 323836 cells (1.3%), bbox 683x1554 @ (4052,930)
[face-cohesion] 58 clusters analysed, 23 low-cohesion (<60% in dominant face)
  cohesion histogram:
     30%- 39%: 5 clusters
     40%- 49%: 2 clusters
     50%- 59%: 16 clusters
     60%- 69%: 8 clusters
     70%- 79%: 3 clusters
    100%-100%: 24 clusters
  top 10 low-cohesion clusters (largest first):
    _louv_25: 7 members, 4 in dominant face, 4 faces total (57%)
    _louv_98: 6 members, 3 in dominant face, 3 faces total (50%)
    _louv_19: 6 members, 2 in dominant face, 5 faces total (33%)
    _louv_34: 5 members, 2 in dominant face, 4 faces total (40%)
    _louv_35: 5 members, 2 in dominant face, 4 faces total (40%)
    _louv_82: 3 members, 1 in dominant face, 3 faces total (33%)
    _louv_16: 3 members, 1 in dominant face, 3 faces total (33%)
    _louv_29: 3 members, 1 in dominant face, 3 faces total (33%)
    _louv_68: 3 members, 1 in dominant face, 3 faces total (33%)
    _louv_59: 2 members, 1 in dominant face, 2 faces total (50%)
[face-density] 490 micro-faces (size<50), top 10 hot regions (macro 64x64 cells):
  region (31,22): 25 micro-faces, world (16312,6560)-(16632,6880)
  region (33,16): 22 micro-faces, world (16952,4640)-(17272,4960)
  region (33,17): 22 micro-faces, world (16952,4960)-(17272,5280)
  region (32,19): 22 micro-faces, world (16632,5600)-(16952,5920)
  region (32,20): 22 micro-faces, world (16632,5920)-(16952,6240)
  region (34,14): 19 micro-faces, world (17272,4000)-(17592,4320)
  region (36,40): 16 micro-faces, world (17912,12320)-(18232,12640)
  region (35,41): 16 micro-faces, world (17592,12640)-(17912,12960)
  region (34,15): 14 micro-faces, world (17272,4320)-(17592,4640)
  region (31,23): 14 micro-faces, world (16312,6880)-(16632,7200)
[face-ppm] Wrote /tmp/face-raster.ppm (2764x2243, downsampled from 5529x4486 by 2)
[face-untangle] 24 target clusters, 40 strays, 3 moved (poly cross 157 → 150, 7 fewer)
[stuck-leaf-2d] pass 1: 4 candidates, 4 moved, 4 cost units resolved.
[stuck-leaf-2d] pass 2: 1 candidates, 1 moved, 1 cost units resolved.
[stuck-leaf-2d] pass 3: 1 candidates, 1 moved, 1 cost units resolved.
[stuck-leaf-2d] 1 candidates, 6 moved, 6 cost units resolved (poly cross 150 → 147, 3 fewer)
[hot-region-sa] 6 hot cells (≥4 cross, 147 cross pts), top 5 processed, 58/696 swap accepted (cross 147 → 145, 2 fewer)
