[community] algorithm=louvain communities=28 meta=3
[hub-bias] Super-graph: pushed 3 high-deg cluster roots to 1.4x avgR.
[cg-time] 3ms post-hub-bias
[cg-time] 3ms pre-§10-outward-radial
[cg-time] 3ms pre-§11-compose
[cg-time] 3ms pre-§12-pruning-reattach
[cg-time] 3ms pre-§13-cluster-swap
[cg-time] 20ms pre-§14-chain-straightening
[cg-time] 20ms pre-§15-pruned-cross-min
[§15.5] Optimized 2 alone-root+independent nodes (2 moves).
[cg-time] 21ms pre-bus-bundle
[bus-bundle] Created 1 bus bundles (2 members, sig ≥ 2 roots).
[xings-hotspot] total=20 xings across 19 offending edges (of 99)
  edge app3.M0↔app3.M10 xings=6 cluster=(_louv_17,_louv_11)
  edge app2.M0↔app2.M7 xings=5 cluster=(_louv_10,_louv_15)
  edge core.Hub1↔app6.M0 xings=3 cluster=(?,_louv_1)
  edge app0.M3↔app6.M2 xings=3 cluster=(?,_louv_3)
  edge app2.M3↔app5.M0 xings=3 cluster=(?,_louv_13)
  edge app6.M0↔app6.M1 xings=3 cluster=(_louv_1,?)
  edge core.Hub1↔app1.M0 xings=2 cluster=(?,_louv_2)
  edge core.Hub1↔app3.M0 xings=2 cluster=(?,_louv_17)
[xings-hotspot] top cluster signatures:
  {?|_louv_10|_louv_11|_louv_17} xings=3
  {?|_louv_1|_louv_3} xings=3
  {?|_louv_1|_louv_10|_louv_15} xings=2
  {?|_louv_1|_louv_17} xings=2
  {?|_louv_0|_louv_6} xings=1
  {?|_louv_10|_louv_15|_louv_17} xings=1
  {?|_louv_10|_louv_15|_louv_2} xings=1
  {?|_louv_11|_louv_13|_louv_17} xings=1
[bundle-clear] Pushed 1 nodes off bundle bboxes.
[knot-min] Accepted 3 spatial swaps among 72 candidates.
[carrier-pre] 100 edges → 59 distinct carriers (cost-side filter).
[leaf-untangle] candidates=44, with-cross=10, moved=8, crossings-resolved=27.
[leaf-untangle] candidates=44, with-cross=3, moved=1, crossings-resolved=1.
[leaf-untangle] candidates=44, with-cross=2, moved=0, crossings-resolved=0.
[stuck-leaf-diag] 6 candidates with cost>0 (top 15 below):
  cost=9 deg=2 node=app0.M11 parent=app0.M0 nbrs={app0.M0,app0.M9}
  cost=6 deg=2 node=app0.M4 parent=app0.M0 nbrs={app0.M0,app0.M12}
  cost=6 deg=2 node=app5.M6 parent=app5.M0 nbrs={app5.M0,app2.M8}
  cost=3 deg=2 node=app2.M3 parent=app5.M0 nbrs={app5.M0,app6.M0}
  cost=2 deg=2 node=app6.M1 parent=app1.M0 nbrs={app6.M0,app1.M0}
  cost=1 deg=2 node=core.Hub2 parent=app3.M0 nbrs={app1.M0,app3.M0}
[pd-knot] 14 polyline cross pairs, 0 resolved via endpoint swap.
[xings-detour] iters=1 initial-poly-pairs=16 accepted=0 (multi-seg, density-aware, polyline detect, iterative).
[visual-knot] 16→16 cross points, 0→0 hot cells (≥3), 0 handled, 0 swap accepted.
[leaf-untangle] candidates=44, with-cross=2, moved=0, crossings-resolved=0.
[stuck-leaf-diag] 6 candidates with cost>0 (top 15 below):
  cost=9 deg=2 node=app0.M11 parent=app0.M0 nbrs={app0.M0,app0.M9}
  cost=6 deg=2 node=app0.M4 parent=app0.M0 nbrs={app0.M0,app0.M12}
  cost=6 deg=2 node=app5.M6 parent=app5.M0 nbrs={app5.M0,app2.M8}
  cost=3 deg=2 node=app2.M3 parent=app5.M0 nbrs={app5.M0,app6.M0}
  cost=2 deg=2 node=app6.M1 parent=app1.M0 nbrs={app6.M0,app1.M0}
  cost=1 deg=2 node=core.Hub2 parent=app3.M0 nbrs={app1.M0,app3.M0}
[carrier-cross] segment 16 -> carrier-grouped 14 (-12%). Carriers: 60 total (3 bundle + 37 cluster-pair + 20 individual).
[isolated-stash] Stashed 3 edge-less nodes in 6-column strip at x>=14605.
[face-raster] grid 3216x3262 (cell 5.0x5.0 units), 152 faces, 10394695 bg cells (99.1% of grid)
  face #1: 8349057 cells (80.3%), bbox 3216x3262 @ (0,0)
  face #98: 719361 cells (6.9%), bbox 1427x1478 @ (106,1504)
  face #94: 311442 cells (3.0%), bbox 429x1542 @ (1587,1485)
  face #54: 121559 cells (1.2%), bbox 386x751 @ (1867,1276)
  face #33: 116403 cells (1.1%), bbox 428x647 @ (1212,1209)
  face #27: 114456 cells (1.1%), bbox 474x458 @ (1220,1101)
  face #2: 109419 cells (1.1%), bbox 429x955 @ (1707,109)
  face #4: 90174 cells (0.9%), bbox 486x319 @ (1216,876)
[face-cohesion] 20 clusters analysed, 7 low-cohesion (<60% in dominant face)
  cohesion histogram:
     30%- 39%: 1 clusters
     50%- 59%: 6 clusters
     60%- 69%: 5 clusters
    100%-100%: 8 clusters
  top 7 low-cohesion clusters (largest first):
    _louv_17: 4 members, 2 in dominant face, 3 faces total (50%)
    _louv_13: 3 members, 1 in dominant face, 3 faces total (33%)
    _louv_23: 2 members, 1 in dominant face, 2 faces total (50%)
    _louv_9: 2 members, 1 in dominant face, 2 faces total (50%)
    _louv_15: 2 members, 1 in dominant face, 2 faces total (50%)
    _louv_5: 2 members, 1 in dominant face, 2 faces total (50%)
    _louv_11: 2 members, 1 in dominant face, 2 faces total (50%)
[face-density] 98 micro-faces (size<50), top 10 hot regions (macro 64x64 cells):
  region (35,19): 12 micro-faces, world (10841,5718)-(11161,6038)
  region (15,22): 11 micro-faces, world (4442,6678)-(4762,6998)
  region (37,23): 9 micro-faces, world (11481,6998)-(11800,7318)
  region (15,21): 7 micro-faces, world (4442,6358)-(4762,6678)
  region (14,22): 7 micro-faces, world (4122,6678)-(4442,6998)
  region (2,23): 7 micro-faces, world (283,6998)-(603,7318)
  region (37,24): 7 micro-faces, world (11481,7318)-(11800,7638)
  region (14,23): 6 micro-faces, world (4122,6998)-(4442,7318)
  region (26,14): 5 micro-faces, world (7961,4118)-(8281,4438)
  region (34,19): 5 micro-faces, world (10521,5718)-(10841,6038)
[face-ppm] Wrote /tmp/face-raster.ppm (3216x3262, downsampled from 3216x3262 by 1)
[face-untangle] 7 target clusters, 9 strays, 0 moved (poly cross 16 → 16, 0 fewer)
[stuck-leaf-2d] pass 1: 0 candidates, 0 moved, 0 cost units resolved.
[stuck-leaf-2d] 0 candidates, 0 moved, 0 cost units resolved (poly cross 16 → 16, 0 fewer)
[hot-region-sa] 0 hot cells (≥4 cross, 16 cross pts), top 0 processed, 0/0 swap accepted (cross 16 → 16, 0 fewer)
