[community] algorithm=louvain communities=18 meta=3
[hub-bias] Super-graph: pushed 2 high-deg cluster roots to 1.4x avgR.
[cg-time] 1ms post-hub-bias
[cg-time] 1ms pre-§10-outward-radial
[cg-time] 1ms pre-§11-compose
[cg-time] 1ms pre-§12-pruning-reattach
[cg-time] 1ms pre-§13-cluster-swap
[cg-time] 15ms pre-§14-chain-straightening
[cg-time] 15ms pre-§15-pruned-cross-min
[§15.5] Optimized 2 alone-root+independent nodes (0 moves).
[cg-time] 15ms pre-bus-bundle
[xings-hotspot] total=29 xings across 27 offending edges (of 71)
  edge app0.M4↔app3.M3 xings=7 cluster=(_louv_4,?)
  edge app0.M0↔app0.M5 xings=6 cluster=(_louv_1,_louv_5)
  edge app3.M1↔app3.M5 xings=4 cluster=(_louv_10,?)
  edge app1.M0↔app1.M6 xings=4 cluster=(_louv_0,_louv_9)
  edge core.Hub0↔app2.M0 xings=3 cluster=(?,_louv_2)
  edge core.Hub1↔app4.M0 xings=3 cluster=(?,_louv_15)
  edge core.Hub2↔app2.M0 xings=3 cluster=(?,_louv_2)
  edge app0.M0↔app0.M4 xings=3 cluster=(_louv_1,_louv_4)
[xings-hotspot] top cluster signatures:
  {?|_louv_10|_louv_4} xings=3
  {?|_louv_1|_louv_2|_louv_4} xings=3
  {?|_louv_10|_louv_12} xings=2
  {?|_louv_1|_louv_10|_louv_5} xings=2
  {?|_louv_1|_louv_2|_louv_5} xings=2
  {?|_louv_0|_louv_12} xings=1
  {?|_louv_0|_louv_15} xings=1
  {?|_louv_0|_louv_15|_louv_9} xings=1
[bundle-clear] Pushed 1 nodes off bundle bboxes.
[knot-min] Accepted 9 spatial swaps among 42 candidates.
[carrier-pre] 72 edges → 45 distinct carriers (cost-side filter).
[leaf-untangle] candidates=25, with-cross=6, moved=6, crossings-resolved=24.
[leaf-untangle] candidates=25, with-cross=4, moved=2, crossings-resolved=2.
[leaf-untangle] candidates=25, with-cross=3, moved=0, crossings-resolved=0.
[stuck-leaf-diag] 8 candidates with cost>0 (top 15 below):
  cost=9 deg=3 node=app3.M10 parent=app3.M0 nbrs={app3.M0,app3.M2,app4.M7}
  cost=6 deg=2 node=app3.M2 parent=app3.M0 nbrs={app3.M0,app3.M10}
  cost=3 deg=3 node=app3.M5 parent=app3.M0 nbrs={app3.M0,app3.M1,app4.M1}
  cost=3 deg=2 node=app3.M9 parent=app3.M0 nbrs={app3.M0,app0.M5}
  cost=2 deg=2 node=core.Hub0 parent=app1.M0 nbrs={app1.M0,app2.M0}
  cost=1 deg=2 node=app0.M3 parent=app0.M0 nbrs={app0.M0,app0.M1}
  cost=1 deg=2 node=app2.M4 parent=app2.M0 nbrs={app2.M0,app2.M3}
  cost=1 deg=2 node=app3.M8 parent=app3.M0 nbrs={app3.M0,app1.M4}
[pd-knot] 17 polyline cross pairs, 0 resolved via endpoint swap.
[xings-detour] iters=1 initial-poly-pairs=14 accepted=0 (multi-seg, density-aware, polyline detect, iterative).
[visual-knot] 14→14 cross points, 0→0 hot cells (≥3), 0 handled, 0 swap accepted.
[leaf-untangle] candidates=25, with-cross=3, moved=0, crossings-resolved=0.
[stuck-leaf-diag] 8 candidates with cost>0 (top 15 below):
  cost=9 deg=3 node=app3.M10 parent=app3.M0 nbrs={app3.M0,app3.M2,app4.M7}
  cost=6 deg=2 node=app3.M2 parent=app3.M0 nbrs={app3.M0,app3.M10}
  cost=3 deg=3 node=app3.M5 parent=app3.M0 nbrs={app3.M0,app3.M1,app4.M1}
  cost=3 deg=2 node=app3.M9 parent=app3.M0 nbrs={app3.M0,app0.M5}
  cost=2 deg=2 node=core.Hub0 parent=app1.M0 nbrs={app1.M0,app2.M0}
  cost=1 deg=2 node=app0.M3 parent=app0.M0 nbrs={app0.M0,app0.M1}
  cost=1 deg=2 node=app2.M4 parent=app2.M0 nbrs={app2.M0,app2.M3}
  cost=1 deg=2 node=app3.M8 parent=app3.M0 nbrs={app3.M0,app1.M4}
[carrier-cross] segment 14 -> carrier-grouped 12 (-14%). Carriers: 44 total (2 bundle + 30 cluster-pair + 12 individual).
[isolated-stash] Stashed 1 edge-less nodes in 6-column strip at x>=8348.
[face-raster] grid 2606x2310 (cell 5.0x5.0 units), 237 faces, 5947888 bg cells (98.8% of grid)
  face #1: 3218435 cells (54.1%), bbox 2606x2310 @ (0,0)
  face #18: 442826 cells (7.4%), bbox 1045x1300 @ (97,116)
  face #72: 375049 cells (6.3%), bbox 940x937 @ (1459,1246)
  face #83: 310692 cells (5.2%), bbox 705x813 @ (1009,1362)
  face #61: 235075 cells (4.0%), bbox 677x931 @ (1239,1087)
  face #32: 186530 cells (3.1%), bbox 287x1102 @ (851,403)
  face #54: 156685 cells (2.6%), bbox 328x973 @ (1210,607)
  face #3: 113311 cells (1.9%), bbox 449x496 @ (1568,91)
[face-cohesion] 10 clusters analysed, 6 low-cohesion (<60% in dominant face)
  cohesion histogram:
     30%- 39%: 3 clusters
     50%- 59%: 3 clusters
     60%- 69%: 2 clusters
    100%-100%: 2 clusters
  top 6 low-cohesion clusters (largest first):
    _louv_12: 6 members, 2 in dominant face, 5 faces total (33%)
    _louv_9: 3 members, 1 in dominant face, 3 faces total (33%)
    _louv_0: 3 members, 1 in dominant face, 3 faces total (33%)
    _louv_16: 2 members, 1 in dominant face, 2 faces total (50%)
    _louv_3: 2 members, 1 in dominant face, 2 faces total (50%)
    _louv_1: 2 members, 1 in dominant face, 2 faces total (50%)
[face-density] 190 micro-faces (size<50), top 10 hot regions (macro 64x64 cells):
  region (33,23): 32 micro-faces, world (6443,7960)-(6763,8280)
  region (33,22): 25 micro-faces, world (6443,7640)-(6763,7960)
  region (34,24): 25 micro-faces, world (6763,8280)-(7083,8600)
  region (35,25): 23 micro-faces, world (7083,8600)-(7403,8920)
  region (34,25): 13 micro-faces, world (6763,8600)-(7083,8920)
  region (31,19): 10 micro-faces, world (5804,6680)-(6123,7000)
  region (35,26): 9 micro-faces, world (7083,8920)-(7403,9239)
  region (25,1): 7 micro-faces, world (3884,921)-(4204,1241)
  region (18,6): 6 micro-faces, world (1644,2521)-(1964,2840)
  region (34,23): 6 micro-faces, world (6763,7960)-(7083,8280)
[face-ppm] Wrote /tmp/face-raster.ppm (2606x2310, downsampled from 2606x2310 by 1)
[face-untangle] 6 target clusters, 11 strays, 0 moved (poly cross 14 → 14, 0 fewer)
[stuck-leaf-2d] pass 1: 0 candidates, 0 moved, 0 cost units resolved.
[stuck-leaf-2d] 0 candidates, 0 moved, 0 cost units resolved (poly cross 14 → 14, 0 fewer)
[hot-region-sa] 0 hot cells (≥4 cross, 14 cross pts), top 0 processed, 0/0 swap accepted (cross 14 → 14, 0 fewer)
