[community] algorithm=louvain communities=110 meta=6
[hub-bias] Super-graph: pushed 12 high-deg cluster roots to 1.4x avgR.
[cg-time] 9ms post-hub-bias
[cg-time] 506ms pre-§10-outward-radial
[cg-time] 506ms pre-§11-compose
[cg-time] 506ms pre-§12-pruning-reattach
[cg-time] 506ms pre-§13-cluster-swap
[cg-time] 1856ms pre-§14-chain-straightening
[cg-time] 1856ms pre-§15-pruned-cross-min
[§15.5] Optimized 35 alone-root+independent nodes (3 moves).
[cg-time] 1868ms pre-bus-bundle
[bus-bundle] Created 1 bus bundles (2 members, sig ≥ 2 roots).
[xings-hotspot] total=396 xings across 175 offending edges (of 369)
  edge app12.M0↔app12.M3 xings=17 cluster=(?,_louv_14)
  edge app9.M0↔app17.M0 xings=15 cluster=(_louv_61,_louv_8)
  edge app13.M0↔app17.M2 xings=15 cluster=(?,?)
  edge core.Hub0↔app9.M0 xings=14 cluster=(_louv_0,_louv_61)
  edge app7.M1↔app7.M2 xings=14 cluster=(_louv_58,?)
  edge app7.M0↔app7.M2 xings=14 cluster=(_louv_58,?)
  edge app14.M0↔app14.M2 xings=14 cluster=(_louv_79,_louv_56)
  edge core.Hub0↔app4.M0 xings=13 cluster=(_louv_0,_louv_37)
[xings-hotspot] top cluster signatures:
  {?|_louv_12|_louv_6} xings=8
  {?|_louv_104|_louv_56} xings=8
  {?|_louv_12|_louv_37} xings=5
  {?|_louv_12} xings=5
  {?|_louv_37} xings=4
  {?|_louv_72} xings=4
  {?|_louv_61|_louv_8} xings=4
  {?|_louv_58|_louv_77} xings=4
[bundle-clear] Pushed 2 nodes off bundle bboxes.
[knot-min] Accepted 67 spatial swaps among 279 candidates.
[knot-min-2opt] Accepted 1 cross-targeted swaps.
[carrier-pre] 371 edges → 225 distinct carriers (cost-side filter).
[leaf-untangle] candidates=173, with-cross=60, moved=45, crossings-resolved=120.
[leaf-untangle] candidates=173, with-cross=33, moved=15, crossings-resolved=36.
[leaf-untangle] candidates=173, with-cross=29, moved=7, crossings-resolved=17.
[leaf-untangle] candidates=173, with-cross=26, moved=2, crossings-resolved=6.
[stuck-leaf-diag] 28 candidates with cost>0 (top 15 below):
  cost=17 deg=3 node=app11.M12 parent=app11.M0 nbrs={app11.M0,app1.M9,app1.M0}
  cost=14 deg=3 node=app17.M1 parent=app1.M0 nbrs={app17.M0,app1.M4,app1.M0}
  cost=12 deg=3 node=app1.M4 parent=app1.M0 nbrs={app1.M0,app17.M1,app5.M13}
  cost=11 deg=3 node=app3.M1 parent=app14.M0 nbrs={app3.M0,app3.M4,app14.M0}
  cost=9 deg=2 node=app12.M1 parent=app12.M0 nbrs={app12.M0,app12.Log52}
  cost=7 deg=2 node=app1.M9 parent=app1.M0 nbrs={app1.M0,app11.M12}
  cost=6 deg=3 node=app19.M6 parent=app19.M0 nbrs={app19.M0,app19.M5,app19.Tag50}
  cost=5 deg=2 node=app4.M14 parent=app4.M0 nbrs={app4.M0,app4.Asset90}
  cost=5 deg=3 node=app5.M12 parent=app5.M0 nbrs={app5.M0,app5.M13,app5.M5}
  cost=5 deg=3 node=app15.M9 parent=app15.M0 nbrs={app15.M0,app15.M13,app6.M2}
  cost=4 deg=2 node=app18.M2 parent=app18.M0 nbrs={app18.M0,app18.M7}
  cost=4 deg=2 node=app3.M8 parent=app3.M0 nbrs={app3.M0,app3.Asset23}
  cost=4 deg=3 node=app6.M2 parent=app6.M0 nbrs={app6.M0,app6.M3,app15.M9}
  cost=4 deg=2 node=app11.M13 parent=app11.M0 nbrs={app11.M0,app15.M3}
  cost=3 deg=3 node=app4.M10 parent=app4.M0 nbrs={app4.M0,app4.M2,app18.M3}
[pd-knot] 232 polyline cross pairs, 2 resolved via endpoint swap.
[xings-detour] iters=2 initial-poly-pairs=246 accepted=9 (multi-seg, density-aware, polyline detect, iterative).
[visual-knot] 234→234 cross points, 21→21 hot cells (≥3), 21 handled, 0 swap accepted.
[leaf-untangle] candidates=173, with-cross=27, moved=8, crossings-resolved=19.
[leaf-untangle] candidates=173, with-cross=23, moved=2, crossings-resolved=6.
[leaf-untangle] candidates=173, with-cross=22, moved=0, crossings-resolved=0.
[stuck-leaf-diag] 26 candidates with cost>0 (top 15 below):
  cost=14 deg=3 node=app11.M12 parent=app11.M0 nbrs={app11.M0,app1.M9,app1.M0}
  cost=12 deg=3 node=app17.M1 parent=app1.M0 nbrs={app17.M0,app1.M4,app1.M0}
  cost=11 deg=3 node=app3.M1 parent=app14.M0 nbrs={app3.M0,app3.M4,app14.M0}
  cost=10 deg=3 node=app1.M4 parent=app1.M0 nbrs={app1.M0,app17.M1,app5.M13}
  cost=9 deg=2 node=app12.M1 parent=app12.M0 nbrs={app12.M0,app12.Log52}
  cost=6 deg=3 node=app19.M6 parent=app19.M0 nbrs={app19.M0,app19.M5,app19.Tag50}
  cost=5 deg=3 node=app5.M12 parent=app5.M0 nbrs={app5.M0,app5.M13,app5.M5}
  cost=5 deg=3 node=app15.M9 parent=app15.M0 nbrs={app15.M0,app15.M13,app6.M2}
  cost=5 deg=2 node=app11.M13 parent=app11.M0 nbrs={app11.M0,app15.M3}
  cost=4 deg=2 node=app18.M2 parent=app18.M0 nbrs={app18.M0,app18.M7}
  cost=4 deg=2 node=app3.M8 parent=app3.M0 nbrs={app3.M0,app3.Asset23}
  cost=4 deg=3 node=app6.M2 parent=app6.M0 nbrs={app6.M0,app6.M3,app15.M9}
  cost=3 deg=2 node=app1.M9 parent=app1.M0 nbrs={app1.M0,app11.M12}
  cost=2 deg=3 node=app1.M5 parent=app1.M0 nbrs={app1.M0,app1.M3,app15.M1}
  cost=2 deg=3 node=app4.M10 parent=app4.M0 nbrs={app4.M0,app4.M2,app18.M3}
[carrier-cross] segment 241 -> carrier-grouped 225 (-7%). Carriers: 227 total (4 bundle + 151 cluster-pair + 72 individual).
[isolated-stash] Stashed 11 edge-less nodes in 6-column strip at x>=39790.
[face-raster] grid 8621x6196 (cell 5.0x5.0 units), 892 faces, 53071184 bg cells (99.4% of grid)
  face #1: 38580524 cells (72.7%), bbox 8621x6196 @ (0,0)
  face #200: 1925336 cells (3.6%), bbox 3353x1073 @ (3828,2302)
  face #3: 983334 cells (1.9%), bbox 1949x1590 @ (2544,180)
  face #772: 944456 cells (1.8%), bbox 1647x1155 @ (4299,3503)
  face #2: 860947 cells (1.6%), bbox 1869x1150 @ (2661,176)
  face #885: 764100 cells (1.4%), bbox 1667x1329 @ (3428,4128)
  face #79: 639058 cells (1.2%), bbox 2037x799 @ (276,1840)
  face #372: 505938 cells (1.0%), bbox 1121x1341 @ (885,2641)
[face-cohesion] 73 clusters analysed, 29 low-cohesion (<60% in dominant face)
  cohesion histogram:
     20%- 29%: 3 clusters
     30%- 39%: 9 clusters
     40%- 49%: 1 clusters
     50%- 59%: 16 clusters
     60%- 69%: 13 clusters
     70%- 79%: 3 clusters
    100%-100%: 28 clusters
  top 10 low-cohesion clusters (largest first):
    _louv_72: 9 members, 2 in dominant face, 7 faces total (22%)
    _louv_100: 6 members, 3 in dominant face, 4 faces total (50%)
    _louv_79: 5 members, 2 in dominant face, 4 faces total (40%)
    _louv_104: 4 members, 1 in dominant face, 4 faces total (25%)
    _louv_2: 4 members, 1 in dominant face, 4 faces total (25%)
    _louv_105: 3 members, 1 in dominant face, 3 faces total (33%)
    _louv_46: 3 members, 1 in dominant face, 3 faces total (33%)
    _louv_17: 3 members, 1 in dominant face, 3 faces total (33%)
    _louv_10: 3 members, 1 in dominant face, 3 faces total (33%)
    _louv_12: 3 members, 1 in dominant face, 3 faces total (33%)
[face-density] 499 micro-faces (size<50), top 10 hot regions (macro 64x64 cells):
  region (46,40): 36 micro-faces, world (13842,12155)-(14161,12475)
  region (38,45): 22 micro-faces, world (11282,13755)-(11602,14075)
  region (56,41): 22 micro-faces, world (17041,12475)-(17361,12795)
  region (46,33): 19 micro-faces, world (13842,9916)-(14161,10236)
  region (38,48): 18 micro-faces, world (11282,14715)-(11602,15035)
  region (61,43): 15 micro-faces, world (18641,13115)-(18961,13435)
  region (44,49): 13 micro-faces, world (13202,15035)-(13522,15355)
  region (70,10): 13 micro-faces, world (21521,2556)-(21841,2876)
  region (39,28): 12 micro-faces, world (11602,8316)-(11922,8636)
  region (60,51): 11 micro-faces, world (18321,15675)-(18641,15995)
[face-ppm] Wrote /tmp/face-raster.ppm (2155x1549, downsampled from 8621x6196 by 4)
[face-untangle] 27 target clusters, 41 strays, 1 moved (poly cross 239 → 239, 0 fewer)
[stuck-leaf-2d] pass 1: 3 candidates, 1 moved, 1 cost units resolved.
[stuck-leaf-2d] pass 2: 2 candidates, 0 moved, 0 cost units resolved.
[stuck-leaf-2d] 2 candidates, 1 moved, 1 cost units resolved (poly cross 239 → 238, 1 fewer)
[hot-region-sa] 10 hot cells (≥4 cross, 238 cross pts), top 5 processed, 118/362 swap accepted (cross 238 → 238, 0 fewer)
