[community] algorithm=louvain communities=17 meta=4
[hub-bias] Super-graph: pushed 2 high-deg cluster roots to 1.4x avgR.
[cg-time] 1ms post-hub-bias
[cg-time] 1ms pre-§10-outward-radial
[cg-time] 1ms pre-§11-compose
[cg-time] 1ms pre-§12-pruning-reattach
[cg-time] 1ms pre-§13-cluster-swap
[cg-time] 2ms pre-§14-chain-straightening
[cg-time] 2ms pre-§15-pruned-cross-min
[cg-time] 2ms pre-bus-bundle
[bus-bundle] Created 2 bus bundles (4 members, sig ≥ 2 roots).
[xings-hotspot] total=58 xings across 25 offending edges (of 54)
  edge app0.M6↔app2.M11 xings=14 cluster=(?,?)
  edge app1.M2↔app3.M1 xings=11 cluster=(?,?)
  edge app2.M3↔app3.M2 xings=9 cluster=(?,?)
  edge core.Hub1↔app2.M0 xings=8 cluster=(?,_louv_12)
  edge app1.M0↔app1.M5 xings=7 cluster=(_louv_8,_louv_11)
  edge app0.M14↔app1.M4 xings=6 cluster=(_louv_8,?)
  edge app2.M3↔app3.M3 xings=6 cluster=(?,?)
  edge app2.M11↔app3.M0 xings=5 cluster=(?,_louv_1)
[xings-hotspot] top cluster signatures:
  {?|_louv_8} xings=18
  {?|_louv_1} xings=7
  {?|_louv_11|_louv_8} xings=5
  {?|_louv_12|_louv_8} xings=5
  {?} xings=4
  {?|_louv_11} xings=4
  {?|_louv_1|_louv_11} xings=3
  {?|_louv_12} xings=2
[knot-min] Accepted 9 spatial swaps among 29 candidates.
[carrier-pre] 54 edges → 29 distinct carriers (cost-side filter).
[leaf-untangle] candidates=14, with-cross=7, moved=5, crossings-resolved=14.
[leaf-untangle] candidates=14, with-cross=1, moved=0, crossings-resolved=0.
[stuck-leaf-diag] 5 candidates with cost>0 (top 15 below):
  cost=27 deg=3 node=app0.M6 parent=app0.M0 nbrs={app0.M0,app0.M10,app2.M11}
  cost=12 deg=3 node=app0.M10 parent=app0.M0 nbrs={app0.M0,app0.M6,app3.M1}
  cost=6 deg=2 node=app1.M6 parent=app3.M2 nbrs={app3.M2,app0.M7}
  cost=3 deg=2 node=app2.M8 parent=app2.M0 nbrs={app2.M0,app0.M7}
  cost=1 deg=2 node=app1.M1 parent=app1.M0 nbrs={app1.M0,app1.M4}
[pd-knot] 17 polyline cross pairs, 0 resolved via endpoint swap.
[xings-detour] iters=2 initial-poly-pairs=19 accepted=1 (multi-seg, density-aware, polyline detect, iterative).
[visual-knot] 15→15 cross points, 1→1 hot cells (≥3), 1 handled, 0 swap accepted.
[leaf-untangle] candidates=14, with-cross=1, moved=0, crossings-resolved=0.
[stuck-leaf-diag] 5 candidates with cost>0 (top 15 below):
  cost=27 deg=3 node=app0.M6 parent=app0.M0 nbrs={app0.M0,app0.M10,app2.M11}
  cost=12 deg=3 node=app0.M10 parent=app0.M0 nbrs={app0.M0,app0.M6,app3.M1}
  cost=6 deg=2 node=app1.M6 parent=app3.M2 nbrs={app3.M2,app0.M7}
  cost=3 deg=2 node=app2.M8 parent=app2.M0 nbrs={app2.M0,app0.M7}
  cost=1 deg=2 node=app1.M1 parent=app1.M0 nbrs={app1.M0,app1.M4}
[carrier-cross] segment 18 -> carrier-grouped 11 (-39%). Carriers: 29 total (5 bundle + 16 cluster-pair + 8 individual).
[isolated-stash] Stashed 6 edge-less nodes in 6-column strip at x>=8189.
[face-raster] grid 2041x1625 (cell 5.0x5.0 units), 217 faces, 3263107 bg cells (98.4% of grid)
  face #1: 2445268 cells (74.9%), bbox 2041x1625 @ (0,0)
  face #7: 156164 cells (4.8%), bbox 699x880 @ (598,63)
  face #10: 111639 cells (3.4%), bbox 561x780 @ (543,72)
  face #172: 105932 cells (3.2%), bbox 591x690 @ (169,877)
  face #6: 98622 cells (3.0%), bbox 537x430 @ (560,63)
  face #4: 88111 cells (2.7%), bbox 651x637 @ (917,58)
  face #19: 56052 cells (1.7%), bbox 386x777 @ (178,170)
  face #3: 48866 cells (1.5%), bbox 481x800 @ (131,56)
[face-cohesion] 5 clusters analysed, 3 low-cohesion (<60% in dominant face)
  cohesion histogram:
     20%- 29%: 1 clusters
     30%- 39%: 1 clusters
     50%- 59%: 1 clusters
     70%- 79%: 1 clusters
    100%-100%: 1 clusters
  top 3 low-cohesion clusters (largest first):
    _louv_2: 8 members, 2 in dominant face, 5 faces total (25%)
    _louv_8: 3 members, 1 in dominant face, 3 faces total (33%)
    _louv_11: 2 members, 1 in dominant face, 2 faces total (50%)
[face-density] 168 micro-faces (size<50), top 10 hot regions (macro 64x64 cells):
  region (3,14): 21 micro-faces, world (828,4222)-(1148,4541)
  region (2,11): 19 micro-faces, world (508,3262)-(828,3582)
  region (8,3): 16 micro-faces, world (2428,703)-(2748,1023)
  region (8,2): 13 micro-faces, world (2428,384)-(2748,703)
  region (3,10): 13 micro-faces, world (828,2942)-(1148,3262)
  region (1,12): 11 micro-faces, world (188,3582)-(508,3902)
  region (2,13): 11 micro-faces, world (508,3902)-(828,4222)
  region (7,14): 11 micro-faces, world (2108,4222)-(2428,4541)
  region (9,4): 10 micro-faces, world (2748,1023)-(3068,1343)
  region (7,13): 7 micro-faces, world (2108,3902)-(2428,4222)
[face-ppm] Wrote /tmp/face-raster.ppm (2041x1625, downsampled from 2041x1625 by 1)
[face-untangle] 2 target clusters, 3 strays, 0 moved (poly cross 15 → 15, 0 fewer)
[stuck-leaf-2d] pass 1: 0 candidates, 0 moved, 0 cost units resolved.
[stuck-leaf-2d] 0 candidates, 0 moved, 0 cost units resolved (poly cross 15 → 15, 0 fewer)
[hot-region-sa] 1 hot cells (≥4 cross, 15 cross pts), top 1 processed, 6/145 swap accepted (cross 15 → 15, 0 fewer)
