[community] algorithm=louvain communities=62 meta=3
[hub-bias] Super-graph: pushed 1 high-deg cluster roots to 1.4x avgR.
[cg-time] 3ms post-hub-bias
[cg-time] 109ms pre-§10-outward-radial
[cg-time] 109ms pre-§11-compose
[cg-time] 109ms pre-§12-pruning-reattach
[cg-time] 109ms pre-§13-cluster-swap
[cg-time] 216ms pre-§14-chain-straightening
[cg-time] 216ms pre-§15-pruned-cross-min
[§15.5] Optimized 17 alone-root+independent nodes (4 moves).
[cg-time] 217ms pre-bus-bundle
[bus-bundle] Created 4 bus bundles (8 members, sig ≥ 2 roots).
[xings-hotspot] total=103 xings across 78 offending edges (of 184)
  edge app0.M0↔app0.M5 xings=11 cluster=(_louv_0,_louv_3)
  edge app2.M0↔app2.M9 xings=8 cluster=(_louv_12,?)
  edge app13.M0↔app13.M6 xings=8 cluster=(_louv_60,?)
  edge app1.M2↔app7.M6 xings=8 cluster=(?,_louv_38)
  edge app8.M7↔app13.M2 xings=8 cluster=(?,?)
  edge app6.M8↔app7.M1 xings=8 cluster=(?,?)
  edge app6.M6↔app9.M6 xings=7 cluster=(?,_louv_34)
  edge app6.M0↔app6.M6 xings=7 cluster=(_louv_30,?)
[xings-hotspot] top cluster signatures:
  {?|_louv_44|_louv_48} xings=3
  {?|_louv_38|_louv_60} xings=3
  {?|_louv_38} xings=3
  {?|_louv_30} xings=3
  {?|_louv_12|_louv_28|_louv_48} xings=3
  {?|_louv_17} xings=2
  {?|_louv_6} xings=2
  {?|_louv_0|_louv_17|_louv_3} xings=2
[bundle-clear] Pushed 1 nodes off bundle bboxes.
[knot-min] Accepted 25 spatial swaps among 131 candidates.
[carrier-pre] 190 edges → 112 distinct carriers (cost-side filter).
[leaf-untangle] candidates=75, with-cross=24, moved=17, crossings-resolved=63.
[leaf-untangle] candidates=75, with-cross=16, moved=7, crossings-resolved=12.
[leaf-untangle] candidates=75, with-cross=11, moved=0, crossings-resolved=0.
[stuck-leaf-diag] 21 candidates with cost>0 (top 15 below):
  cost=14 deg=3 node=app4.M6 parent=app4.M0 nbrs={app4.M0,app4.M8,app4.M1}
  cost=14 deg=2 node=app12.M3 parent=app12.M0 nbrs={app12.M0,app6.M12}
  cost=9 deg=3 node=app1.M2 parent=app1.M0 nbrs={app1.M0,app1.M6,app7.M6}
  cost=6 deg=2 node=app3.M5 parent=app7.M0 nbrs={app3.M0,app7.M0}
  cost=4 deg=2 node=app5.M5 parent=app5.M6 nbrs={app5.M6,app12.M13}
  cost=4 deg=2 node=app10.M12 parent=app10.M0 nbrs={app10.M0,app9.M9}
  cost=4 deg=2 node=app12.M13 parent=app12.M0 nbrs={app12.M0,app5.M5}
  cost=3 deg=3 node=app3.M7 parent=app3.M0 nbrs={app3.M0,app3.M2,app3.M4}
  cost=3 deg=2 node=app4.M3 parent=app4.M0 nbrs={app4.M0,app4.M10}
  cost=3 deg=2 node=app6.M12 parent=app6.M0 nbrs={app6.M0,app12.M3}
  cost=3 deg=2 node=app6.M13 parent=app6.M0 nbrs={app6.M0,app6.M2}
  cost=3 deg=2 node=app7.M3 parent=app7.M0 nbrs={app7.M0,app7.M7}
  cost=3 deg=1 node=app9.M7 parent=app4.M0 nbrs={app4.M0}
  cost=3 deg=2 node=app11.M5 parent=app11.M0 nbrs={app11.M0,app11.M2}
  cost=3 deg=2 node=app12.M6 parent=app12.M0 nbrs={app12.M0,app12.M10}
[pd-knot] 49 polyline cross pairs, 1 resolved via endpoint swap.
[xings-detour] iters=2 initial-poly-pairs=56 accepted=3 (multi-seg, density-aware, polyline detect, iterative).
[visual-knot] 51→47 cross points, 3→1 hot cells (≥3), 4 handled, 1 swap accepted.
[leaf-untangle] candidates=75, with-cross=14, moved=4, crossings-resolved=14.
[leaf-untangle] candidates=75, with-cross=11, moved=1, crossings-resolved=3.
[leaf-untangle] candidates=75, with-cross=10, moved=0, crossings-resolved=0.
[stuck-leaf-diag] 20 candidates with cost>0 (top 15 below):
  cost=14 deg=3 node=app4.M6 parent=app4.M0 nbrs={app4.M0,app4.M8,app4.M1}
  cost=14 deg=2 node=app12.M3 parent=app12.M0 nbrs={app12.M0,app6.M12}
  cost=9 deg=3 node=app1.M2 parent=app1.M0 nbrs={app1.M0,app1.M6,app7.M6}
  cost=6 deg=2 node=app3.M5 parent=app7.M0 nbrs={app3.M0,app7.M0}
  cost=4 deg=2 node=app5.M5 parent=app5.M6 nbrs={app5.M6,app12.M13}
  cost=4 deg=2 node=app10.M12 parent=app10.M0 nbrs={app10.M0,app9.M9}
  cost=4 deg=2 node=app12.M13 parent=app12.M0 nbrs={app12.M0,app5.M5}
  cost=3 deg=3 node=app3.M7 parent=app3.M0 nbrs={app3.M0,app3.M2,app3.M4}
  cost=3 deg=2 node=app4.M3 parent=app4.M0 nbrs={app4.M0,app4.M10}
  cost=3 deg=2 node=app6.M12 parent=app6.M0 nbrs={app6.M0,app12.M3}
  cost=3 deg=2 node=app6.M13 parent=app6.M0 nbrs={app6.M0,app6.M2}
  cost=3 deg=2 node=app7.M3 parent=app7.M0 nbrs={app7.M0,app7.M7}
  cost=3 deg=1 node=app9.M7 parent=app4.M0 nbrs={app4.M0}
  cost=3 deg=2 node=app11.M5 parent=app11.M0 nbrs={app11.M0,app11.M2}
  cost=3 deg=2 node=app12.M6 parent=app12.M0 nbrs={app12.M0,app12.M10}
[carrier-cross] segment 45 -> carrier-grouped 38 (-16%). Carriers: 113 total (10 bundle + 73 cluster-pair + 30 individual).
[isolated-stash] Stashed 12 edge-less nodes in 6-column strip at x>=8201.
[face-raster] grid 2070x2386 (cell 5.0x5.0 units), 258 faces, 4779260 bg cells (96.8% of grid)
  face #1: 2707084 cells (56.6%), bbox 2070x2386 @ (0,0)
  face #22: 472556 cells (9.9%), bbox 688x1505 @ (930,712)
  face #215: 272611 cells (5.7%), bbox 915x849 @ (168,1466)
  face #74: 210757 cells (4.4%), bbox 452x1010 @ (208,1065)
  face #2: 202409 cells (4.2%), bbox 795x702 @ (291,98)
  face #6: 99839 cells (2.1%), bbox 437x360 @ (467,398)
  face #5: 74654 cells (1.6%), bbox 374x334 @ (719,393)
  face #204: 60033 cells (1.3%), bbox 213x569 @ (840,1430)
[face-cohesion] 28 clusters analysed, 12 low-cohesion (<60% in dominant face)
  cohesion histogram:
     20%- 29%: 1 clusters
     30%- 39%: 6 clusters
     50%- 59%: 5 clusters
     60%- 69%: 4 clusters
     70%- 79%: 1 clusters
     80%- 89%: 1 clusters
    100%-100%: 10 clusters
  top 10 low-cohesion clusters (largest first):
    _louv_52: 4 members, 1 in dominant face, 4 faces total (25%)
    _louv_12: 4 members, 2 in dominant face, 3 faces total (50%)
    _louv_38: 3 members, 1 in dominant face, 3 faces total (33%)
    _louv_55: 3 members, 1 in dominant face, 3 faces total (33%)
    _louv_44: 3 members, 1 in dominant face, 3 faces total (33%)
    _louv_27: 3 members, 1 in dominant face, 3 faces total (33%)
    _louv_21: 3 members, 1 in dominant face, 3 faces total (33%)
    _louv_0: 3 members, 1 in dominant face, 3 faces total (33%)
    _louv_58: 2 members, 1 in dominant face, 2 faces total (50%)
    _louv_16: 2 members, 1 in dominant face, 2 faces total (50%)
[face-density] 128 micro-faces (size<50), top 10 hot regions (macro 64x64 cells):
  region (17,21): 20 micro-faces, world (5193,6441)-(5513,6761)
  region (13,18): 16 micro-faces, world (3913,5481)-(4233,5801)
  region (19,17): 12 micro-faces, world (5833,5161)-(6153,5481)
  region (8,24): 11 micro-faces, world (2313,7400)-(2633,7720)
  region (15,20): 8 micro-faces, world (4553,6121)-(4873,6441)
  region (10,22): 7 micro-faces, world (2953,6761)-(3273,7080)
  region (9,24): 6 micro-faces, world (2633,7400)-(2953,7720)
  region (7,22): 6 micro-faces, world (1993,6761)-(2313,7080)
  region (16,21): 5 micro-faces, world (4873,6441)-(5193,6761)
  region (10,26): 4 micro-faces, world (2953,8040)-(3273,8360)
[face-ppm] Wrote /tmp/face-raster.ppm (2070x2386, downsampled from 2070x2386 by 1)
[face-untangle] 12 target clusters, 20 strays, 1 moved (poly cross 45 → 45, 0 fewer)
[stuck-leaf-2d] pass 1: 0 candidates, 0 moved, 0 cost units resolved.
[stuck-leaf-2d] 0 candidates, 0 moved, 0 cost units resolved (poly cross 45 → 45, 0 fewer)
[hot-region-sa] 2 hot cells (≥4 cross), top 2 processed, 22/363 swap accepted → REVERTED (cross 45 → 46)
