[community] algorithm=louvain communities=26 meta=2
[hub-bias] Super-graph: pushed 3 high-deg cluster roots to 1.4x avgR.
[cg-time] 2ms post-hub-bias
[cg-time] 2ms pre-§10-outward-radial
[cg-time] 2ms pre-§11-compose
[cg-time] 2ms pre-§12-pruning-reattach
[cg-time] 2ms pre-§13-cluster-swap
[cg-time] 34ms pre-§14-chain-straightening
[cg-time] 34ms pre-§15-pruned-cross-min
[§15.5] Optimized 9 alone-root+independent nodes (0 moves).
[cg-time] 34ms pre-bus-bundle
[xings-hotspot] total=46 xings across 27 offending edges (of 99)
  edge core.Hub1↔app1.M0 xings=9 cluster=(_louv_1,?)
  edge app0.M2↔app5.M0 xings=7 cluster=(_louv_5,_louv_19)
  edge app2.M3↔app4.M2 xings=7 cluster=(?,_louv_18)
  edge app4.M0↔app5.M6 xings=6 cluster=(_louv_18,_louv_25)
  edge app1.M0↔app5.M4 xings=6 cluster=(?,?)
  edge app1.M2↔app1.M3 xings=5 cluster=(_louv_12,_louv_13)
  edge app1.M1↔app5.M0 xings=5 cluster=(_louv_11,_louv_19)
  edge core.Hub0↔app1.M0 xings=4 cluster=(?,?)
[xings-hotspot] top cluster signatures:
  {?|_louv_1|_louv_8} xings=6
  {?|_louv_18|_louv_25} xings=2
  {?|_louv_8} xings=2
  {?|_louv_19|_louv_5} xings=2
  {?|_louv_12|_louv_13} xings=2
  {?|_louv_18|_louv_8} xings=2
  {?|_louv_18} xings=2
  {?|_louv_1} xings=1
[knot-min] Accepted 13 spatial swaps among 82 candidates.
[carrier-pre] 102 edges → 52 distinct carriers (cost-side filter).
[leaf-untangle] candidates=53, with-cross=14, moved=13, crossings-resolved=37.
[leaf-untangle] candidates=53, with-cross=2, moved=1, crossings-resolved=3.
[leaf-untangle] candidates=53, with-cross=2, moved=1, crossings-resolved=3.
[leaf-untangle] candidates=53, with-cross=1, moved=0, crossings-resolved=0.
[stuck-leaf-diag] 1 candidates with cost>0 (top 15 below):
  cost=1 deg=1 node=core.File14 parent=core.Hub0 nbrs={core.Hub0}
[pd-knot] 26 polyline cross pairs, 0 resolved via endpoint swap.
[xings-detour] iters=1 initial-poly-pairs=27 accepted=0 (multi-seg, density-aware, polyline detect, iterative).
[visual-knot] 26→26 cross points, 2→2 hot cells (≥3), 2 handled, 0 swap accepted.
[leaf-untangle] candidates=53, with-cross=1, moved=0, crossings-resolved=0.
[stuck-leaf-diag] 1 candidates with cost>0 (top 15 below):
  cost=1 deg=1 node=core.File14 parent=core.Hub0 nbrs={core.Hub0}
[face-raster] grid 2165x1670 (cell 5.0x5.0 units), 176 faces, 3545413 bg cells (98.1% of grid)
  face #1: 2082829 cells (58.7%), bbox 2165x1670 @ (0,0)
  face #18: 316825 cells (8.9%), bbox 517x926 @ (1054,93)
  face #2: 171958 cells (4.9%), bbox 681x702 @ (330,56)
  face #4: 132272 cells (3.7%), bbox 377x1019 @ (681,61)
  face #5: 122015 cells (3.4%), bbox 273x977 @ (851,61)
  face #119: 76862 cells (2.2%), bbox 560x318 @ (444,1287)
  face #50: 72767 cells (2.1%), bbox 448x328 @ (1097,908)
  face #36: 61773 cells (1.7%), bbox 288x416 @ (553,660)
[face-cohesion] 20 clusters analysed, 7 low-cohesion (<60% in dominant face)
  cohesion histogram:
     30%- 39%: 5 clusters
     50%- 59%: 2 clusters
     60%- 69%: 3 clusters
     70%- 79%: 2 clusters
     80%- 89%: 1 clusters
    100%-100%: 7 clusters
  top 7 low-cohesion clusters (largest first):
    _louv_9: 4 members, 2 in dominant face, 2 faces total (50%)
    _louv_7: 4 members, 2 in dominant face, 3 faces total (50%)
    _louv_22: 3 members, 1 in dominant face, 3 faces total (33%)
    _louv_1: 3 members, 1 in dominant face, 3 faces total (33%)
    _louv_25: 3 members, 1 in dominant face, 3 faces total (33%)
    _louv_13: 3 members, 1 in dominant face, 3 faces total (33%)
    _louv_8: 3 members, 1 in dominant face, 3 faces total (33%)
[face-density] 110 micro-faces (size<50), top 10 hot regions (macro 64x64 cells):
  region (16,23): 40 micro-faces, world (4863,7121)-(5183,7441)
  region (23,14): 11 micro-faces, world (7103,4242)-(7423,4562)
  region (15,1): 10 micro-faces, world (4543,84)-(4863,404)
  region (19,19): 8 micro-faces, world (5823,5842)-(6143,6162)
  region (13,9): 6 micro-faces, world (3903,2643)-(4223,2963)
  region (18,18): 6 micro-faces, world (5503,5522)-(5823,5842)
  region (4,15): 5 micro-faces, world (1024,4562)-(1344,4882)
  region (19,18): 5 micro-faces, world (5823,5522)-(6143,5842)
  region (17,15): 3 micro-faces, world (5183,4562)-(5503,4882)
  region (17,22): 3 micro-faces, world (5183,6802)-(5503,7121)
[face-ppm] Wrote /tmp/face-raster.ppm (2165x1670, downsampled from 2165x1670 by 1)
[face-untangle] 7 target clusters, 14 strays, 0 moved (poly cross 26 → 26, 0 fewer)
[stuck-leaf-2d] pass 1: 1 candidates, 1 moved, 1 cost units resolved.
[stuck-leaf-2d] pass 2: 0 candidates, 0 moved, 0 cost units resolved.
[stuck-leaf-2d] 0 candidates, 1 moved, 1 cost units resolved (poly cross 26 → 25, 1 fewer)
[hot-region-sa] 1 hot cells (≥4 cross, 25 cross pts), top 1 processed, 28/117 swap accepted (cross 25 → 25, 0 fewer)
