[community] algorithm=louvain communities=102 meta=4
[hub-bias] Super-graph: pushed 8 high-deg cluster roots to 1.4x avgR.
[cg-time] 42ms post-hub-bias
[cg-time] 3198ms pre-§10-outward-radial
[cg-time] 3198ms pre-§11-compose
[cg-time] 3198ms pre-§12-pruning-reattach
[cg-time] 3198ms pre-§13-cluster-swap
[cg-time] 3397ms pre-§14-chain-straightening
[cg-time] 3397ms pre-§15-pruned-cross-min
[§15.5] Optimized 69 alone-root+independent nodes (31 moves).
[cg-time] 3411ms pre-bus-bundle
[bus-bundle] Created 1 bus bundles (2 members, sig ≥ 2 roots).
[xings-hotspot] total=208 xings across 124 offending edges (of 284)
  edge app7.M0↔app7.M1 xings=20 cluster=(?,_louv_33)
  edge app4.M0↔app4.M1 xings=12 cluster=(_louv_16,?)
  edge app2.M1↔app19.M10 xings=10 cluster=(?,?)
  edge app11.M0↔app11.M1 xings=9 cluster=(_louv_51,?)
  edge app2.M1↔app15.M1 xings=8 cluster=(?,_louv_80)
  edge app8.M3↔app8.M8 xings=8 cluster=(?,_louv_35)
  edge app8.M0↔app8.M1 xings=8 cluster=(_louv_35,?)
  edge app16.M0↔app16.M4 xings=8 cluster=(_louv_83,?)
[xings-hotspot] top cluster signatures:
  {?|_louv_33} xings=11
  {?|_louv_83} xings=10
  {?} xings=9
  {?|_louv_14} xings=8
  {?|_louv_51} xings=8
  {?|_louv_99} xings=5
  {?|_louv_32} xings=5
  {?|_louv_76} xings=4
[knot-min] Accepted 32 spatial swaps among 250 candidates.
[knot-min-2opt] Accepted 13 cross-targeted swaps.
[carrier-pre] 288 edges → 182 distinct carriers (cost-side filter).
[leaf-untangle] candidates=150, with-cross=39, moved=32, crossings-resolved=86.
[leaf-untangle] candidates=150, with-cross=15, moved=5, crossings-resolved=11.
[leaf-untangle] candidates=150, with-cross=12, moved=0, crossings-resolved=0.
[stuck-leaf-diag] 16 candidates with cost>0 (top 15 below):
  cost=7 deg=3 node=app11.M12 parent=app11.M0 nbrs={app11.M0,app11.M3,app11.M1}
  cost=6 deg=1 node=app16.File82 parent=app16.M0 nbrs={app16.M0}
  cost=5 deg=3 node=app12.M5 parent=app12.M0 nbrs={app12.M0,app12.M7,app12.Note47}
  cost=4 deg=3 node=app12.M7 parent=app12.M0 nbrs={app12.M0,app12.M5,app8.M1}
  cost=4 deg=2 node=app19.M2 parent=app19.M0 nbrs={app19.M0,app19.Log40}
  cost=3 deg=1 node=app16.M11 parent=app16.M0 nbrs={app16.M0}
  cost=2 deg=2 node=app3.M1 parent=app3.M0 nbrs={app3.M0,app3.Tag15}
  cost=2 deg=2 node=app14.M3 parent=app14.M0 nbrs={app14.M0,app14.Asset90}
  cost=2 deg=2 node=app16.M3 parent=app16.M0 nbrs={app16.M0,app16.M10}
  cost=1 deg=3 node=app0.M3 parent=app0.M1 nbrs={app0.M0,app0.M1,app14.M4}
  cost=1 deg=2 node=app12.M1 parent=app12.M0 nbrs={app12.M0,app12.M2}
  cost=1 deg=2 node=app13.M10 parent=app13.M0 nbrs={app13.M0,app13.File28}
  cost=1 deg=2 node=app16.M2 parent=app12.M6 nbrs={app16.M12,app12.M6}
  cost=1 deg=3 node=app19.M5 parent=app19.M0 nbrs={app19.M0,app19.M7,app11.M3}
  cost=1 deg=1 node=app14.File56 parent=app14.M5 nbrs={app14.M5}
[pd-knot] 157 polyline cross pairs, 0 resolved via endpoint swap.
[xings-detour] iters=2 initial-poly-pairs=155 accepted=4 (multi-seg, density-aware, polyline detect, iterative).
[visual-knot] 149→149 cross points, 3→3 hot cells (≥3), 3 handled, 0 swap accepted.
[leaf-untangle] candidates=150, with-cross=12, moved=0, crossings-resolved=0.
[stuck-leaf-diag] 16 candidates with cost>0 (top 15 below):
  cost=7 deg=3 node=app11.M12 parent=app11.M0 nbrs={app11.M0,app11.M3,app11.M1}
  cost=6 deg=1 node=app16.File82 parent=app16.M0 nbrs={app16.M0}
  cost=5 deg=3 node=app12.M5 parent=app12.M0 nbrs={app12.M0,app12.M7,app12.Note47}
  cost=4 deg=3 node=app12.M7 parent=app12.M0 nbrs={app12.M0,app12.M5,app8.M1}
  cost=4 deg=2 node=app19.M2 parent=app19.M0 nbrs={app19.M0,app19.Log40}
  cost=3 deg=1 node=app16.M11 parent=app16.M0 nbrs={app16.M0}
  cost=2 deg=2 node=app3.M1 parent=app3.M0 nbrs={app3.M0,app3.Tag15}
  cost=2 deg=2 node=app14.M3 parent=app14.M0 nbrs={app14.M0,app14.Asset90}
  cost=2 deg=2 node=app16.M3 parent=app16.M0 nbrs={app16.M0,app16.M10}
  cost=1 deg=3 node=app0.M3 parent=app0.M1 nbrs={app0.M0,app0.M1,app14.M4}
  cost=1 deg=2 node=app12.M1 parent=app12.M0 nbrs={app12.M0,app12.M2}
  cost=1 deg=2 node=app13.M10 parent=app13.M0 nbrs={app13.M0,app13.File28}
  cost=1 deg=2 node=app16.M2 parent=app12.M6 nbrs={app16.M12,app12.M6}
  cost=1 deg=3 node=app19.M5 parent=app19.M0 nbrs={app19.M0,app19.M7,app11.M3}
  cost=1 deg=1 node=app14.File56 parent=app14.M5 nbrs={app14.M5}
[carrier-cross] segment 150 -> carrier-grouped 134 (-11%). Carriers: 179 total (2 bundle + 116 cluster-pair + 61 individual).
[isolated-stash] Stashed 6 edge-less nodes in 6-column strip at x>=127717.
[face-raster] grid 7863x12717 (cell 17.1x17.1 units), 471 faces, 99870019 bg cells (99.9% of grid)
  face #1: 89364719 cells (89.5%), bbox 7863x12717 @ (0,0)
  face #455: 2870185 cells (2.9%), bbox 1530x3635 @ (2364,3278)
  face #6: 1319942 cells (1.3%), bbox 2227x2690 @ (1240,566)
  face #135: 896031 cells (0.9%), bbox 1133x1976 @ (3339,2054)
  face #8: 649809 cells (0.7%), bbox 878x2852 @ (3613,1186)
  face #4: 640278 cells (0.6%), bbox 1530x831 @ (2401,563)
  face #45: 373001 cells (0.4%), bbox 1054x1635 @ (1336,1607)
  face #468: 326131 cells (0.3%), bbox 893x865 @ (3588,3631)
[face-cohesion] 61 clusters analysed, 23 low-cohesion (<60% in dominant face)
  cohesion histogram:
     30%- 39%: 6 clusters
     40%- 49%: 1 clusters
     50%- 59%: 16 clusters
     60%- 69%: 8 clusters
     70%- 79%: 1 clusters
    100%-100%: 29 clusters
  top 10 low-cohesion clusters (largest first):
    _louv_99: 6 members, 2 in dominant face, 4 faces total (33%)
    _louv_48: 5 members, 2 in dominant face, 4 faces total (40%)
    _louv_83: 4 members, 2 in dominant face, 3 faces total (50%)
    _louv_1: 4 members, 2 in dominant face, 3 faces total (50%)
    _louv_27: 4 members, 2 in dominant face, 2 faces total (50%)
    _louv_76: 3 members, 1 in dominant face, 3 faces total (33%)
    _louv_9: 3 members, 1 in dominant face, 3 faces total (33%)
    _louv_35: 3 members, 1 in dominant face, 3 faces total (33%)
    _louv_79: 3 members, 1 in dominant face, 3 faces total (33%)
    _louv_5: 3 members, 1 in dominant face, 3 faces total (33%)
[face-density] 270 micro-faces (size<50), top 10 hot regions (macro 64x64 cells):
  region (52,45): 24 micro-faces, world (54305,45042)-(55401,46137)
  region (47,33): 20 micro-faces, world (48830,31902)-(49925,32997)
  region (43,50): 19 micro-faces, world (44450,50517)-(45545,51612)
  region (36,40): 15 micro-faces, world (36785,39567)-(37880,40662)
  region (44,30): 15 micro-faces, world (45545,28617)-(46640,29712)
  region (38,24): 11 micro-faces, world (38975,22047)-(40070,23142)
  region (54,45): 10 micro-faces, world (56496,45042)-(57591,46137)
  region (47,32): 10 micro-faces, world (48830,30807)-(49925,31902)
  region (46,37): 9 micro-faces, world (47735,36282)-(48830,37377)
  region (45,31): 9 micro-faces, world (46640,29712)-(47735,30807)
[face-ppm] Wrote /tmp/face-raster.ppm (1965x3179, downsampled from 7863x12717 by 4)
[face-untangle] 23 target clusters, 36 strays, 0 moved (poly cross 149 → 149, 0 fewer)
[stuck-leaf-2d] pass 1: 2 candidates, 2 moved, 2 cost units resolved.
[stuck-leaf-2d] pass 2: 0 candidates, 0 moved, 0 cost units resolved.
[stuck-leaf-2d] 0 candidates, 2 moved, 2 cost units resolved (poly cross 149 → 147, 2 fewer)
[hot-region-sa] 1 hot cells (≥4 cross, 147 cross pts), top 1 processed, 0/0 swap accepted (cross 147 → 147, 0 fewer)
