[community] algorithm=louvain communities=46 meta=3
[hub-bias] Super-graph: pushed 5 high-deg cluster roots to 1.4x avgR.
[cg-time] 2ms post-hub-bias
[cg-time] 14ms pre-§10-outward-radial
[cg-time] 14ms pre-§11-compose
[cg-time] 14ms pre-§12-pruning-reattach
[cg-time] 14ms pre-§13-cluster-swap
[cg-time] 81ms pre-§14-chain-straightening
[cg-time] 81ms pre-§15-pruned-cross-min
[§15.5] Optimized 18 alone-root+independent nodes (3 moves).
[cg-time] 83ms pre-bus-bundle
[bus-bundle] Created 1 bus bundles (2 members, sig ≥ 2 roots).
[xings-hotspot] total=69 xings across 56 offending edges (of 154)
  edge app4.M3↔app6.M1 xings=8 cluster=(_louv_24,_louv_31)
  edge app4.M2↔app6.M1 xings=7 cluster=(_louv_10,_louv_31)
  edge app7.M2↔app7.M7 xings=6 cluster=(_louv_35,_louv_36)
  edge app1.M1↔app8.M2 xings=5 cluster=(?,?)
  edge app9.M0↔app9.M8 xings=5 cluster=(_louv_9,_louv_42)
  edge app7.M1↔app7.Address41 xings=5 cluster=(?,?)
  edge app0.M10↔app9.M0 xings=5 cluster=(_louv_7,_louv_9)
  edge app1.M6↔app1.M7 xings=5 cluster=(_louv_14,_louv_15)
[xings-hotspot] top cluster signatures:
  {?|_louv_42|_louv_9} xings=3
  {?|_louv_0|_louv_7} xings=3
  {?|_louv_33|_louv_35} xings=3
  {?|_louv_33} xings=3
  {?|_louv_20|_louv_31|_louv_9} xings=2
  {?|_louv_40|_louv_9} xings=2
  {?|_louv_0|_louv_24|_louv_31} xings=2
  {?|_louv_35|_louv_36} xings=2
[knot-min] Accepted 18 spatial swaps among 126 candidates.
[carrier-pre] 155 edges → 89 distinct carriers (cost-side filter).
[leaf-untangle] candidates=80, with-cross=15, moved=13, crossings-resolved=41.
[leaf-untangle] candidates=80, with-cross=11, moved=8, crossings-resolved=26.
[leaf-untangle] candidates=80, with-cross=9, moved=3, crossings-resolved=9.
[leaf-untangle] candidates=80, with-cross=8, moved=1, crossings-resolved=3.
[stuck-leaf-diag] 11 candidates with cost>0 (top 15 below):
  cost=18 deg=3 node=app7.M10 parent=app7.M0 nbrs={app7.M0,app7.M8,app3.M3}
  cost=7 deg=3 node=app0.M4 parent=app0.M0 nbrs={app0.M0,app0.M2,app8.M0}
  cost=6 deg=3 node=app1.M10 parent=app1.M0 nbrs={app1.M0,app1.M6,app7.M2}
  cost=5 deg=3 node=app1.M1 parent=app9.M0 nbrs={app1.M0,app8.M2,app9.M0}
  cost=3 deg=1 node=app7.M9 parent=app7.M0 nbrs={app7.M0}
  cost=1 deg=3 node=app0.M1 parent=app0.M0 nbrs={app0.M0,app0.M5,app0.File16}
  cost=1 deg=2 node=app0.M2 parent=app0.M0 nbrs={app0.M0,app0.M4}
  cost=1 deg=2 node=app2.M2 parent=app2.M0 nbrs={app2.M0,app9.M7}
  cost=1 deg=3 node=app4.M1 parent=app4.M0 nbrs={app4.M0,app4.M4,app4.M3}
  cost=1 deg=2 node=app9.M7 parent=app9.M0 nbrs={app9.M0,app2.M2}
  cost=1 deg=1 node=app7.Address41 parent=app7.M1 nbrs={app7.M1}
[pd-knot] 39 polyline cross pairs, 2 resolved via endpoint swap.
[xings-detour] iters=2 initial-poly-pairs=36 accepted=3 (multi-seg, density-aware, polyline detect, iterative).
[visual-knot] 32→32 cross points, 1→1 hot cells (≥3), 1 handled, 0 swap accepted.
[leaf-untangle] candidates=80, with-cross=8, moved=1, crossings-resolved=5.
[leaf-untangle] candidates=80, with-cross=8, moved=0, crossings-resolved=0.
[stuck-leaf-diag] 11 candidates with cost>0 (top 15 below):
  cost=18 deg=3 node=app7.M10 parent=app7.M0 nbrs={app7.M0,app7.M8,app3.M3}
  cost=7 deg=3 node=app0.M4 parent=app0.M0 nbrs={app0.M0,app0.M2,app8.M0}
  cost=7 deg=3 node=app1.M10 parent=app1.M0 nbrs={app1.M0,app1.M6,app7.M2}
  cost=5 deg=3 node=app1.M1 parent=app9.M0 nbrs={app1.M0,app8.M2,app9.M0}
  cost=3 deg=1 node=app7.M9 parent=app7.M0 nbrs={app7.M0}
  cost=1 deg=3 node=app0.M1 parent=app0.M0 nbrs={app0.M0,app0.M5,app0.File16}
  cost=1 deg=2 node=app0.M2 parent=app0.M0 nbrs={app0.M0,app0.M4}
  cost=1 deg=2 node=app2.M2 parent=app2.M0 nbrs={app2.M0,app9.M7}
  cost=1 deg=3 node=app4.M1 parent=app4.M0 nbrs={app4.M0,app4.M4,app4.M3}
  cost=1 deg=2 node=app9.M7 parent=app9.M0 nbrs={app9.M0,app2.M2}
  cost=1 deg=1 node=app7.Address41 parent=app7.M1 nbrs={app7.M1}
[carrier-cross] segment 32 -> carrier-grouped 29 (-9%). Carriers: 89 total (2 bundle + 55 cluster-pair + 32 individual).
[isolated-stash] Stashed 3 edge-less nodes in 6-column strip at x>=12363.
[face-raster] grid 3157x2223 (cell 5.0x5.0 units), 156 faces, 6904703 bg cells (98.4% of grid)
  face #1: 4743455 cells (68.7%), bbox 3157x2223 @ (0,0)
  face #92: 504774 cells (7.3%), bbox 1607x827 @ (99,1212)
  face #3: 412330 cells (6.0%), bbox 849x807 @ (1021,101)
  face #25: 300440 cells (4.4%), bbox 673x876 @ (1746,859)
  face #7: 145980 cells (2.1%), bbox 553x488 @ (1856,487)
  face #84: 93861 cells (1.4%), bbox 853x860 @ (99,1175)
  face #60: 49737 cells (0.7%), bbox 320x338 @ (1270,1055)
  face #58: 40184 cells (0.6%), bbox 228x359 @ (1491,1029)
[face-cohesion] 31 clusters analysed, 9 low-cohesion (<60% in dominant face)
  cohesion histogram:
     30%- 39%: 3 clusters
     40%- 49%: 2 clusters
     50%- 59%: 4 clusters
     60%- 69%: 7 clusters
     70%- 79%: 1 clusters
    100%-100%: 14 clusters
  top 9 low-cohesion clusters (largest first):
    _louv_31: 5 members, 2 in dominant face, 4 faces total (40%)
    _louv_0: 5 members, 2 in dominant face, 4 faces total (40%)
    _louv_33: 3 members, 1 in dominant face, 3 faces total (33%)
    _louv_35: 3 members, 1 in dominant face, 3 faces total (33%)
    _louv_30: 3 members, 1 in dominant face, 3 faces total (33%)
    _louv_40: 2 members, 1 in dominant face, 2 faces total (50%)
    _louv_28: 2 members, 1 in dominant face, 2 faces total (50%)
    _louv_10: 2 members, 1 in dominant face, 2 faces total (50%)
    _louv_15: 2 members, 1 in dominant face, 2 faces total (50%)
[face-density] 68 micro-faces (size<50), top 10 hot regions (macro 64x64 cells):
  region (35,23): 10 micro-faces, world (8873,7096)-(9193,7416)
  region (27,19): 9 micro-faces, world (6314,5817)-(6634,6137)
  region (35,22): 8 micro-faces, world (8873,6776)-(9193,7096)
  region (25,12): 7 micro-faces, world (5674,3577)-(5994,3897)
  region (13,17): 4 micro-faces, world (1834,5177)-(2154,5497)
  region (27,18): 4 micro-faces, world (6314,5497)-(6634,5817)
  region (22,13): 3 micro-faces, world (4714,3897)-(5034,4217)
  region (37,13): 3 micro-faces, world (9513,3897)-(9833,4217)
  region (26,16): 2 micro-faces, world (5994,4857)-(6314,5177)
  region (23,21): 2 micro-faces, world (5034,6456)-(5354,6776)
[face-ppm] Wrote /tmp/face-raster.ppm (3157x2223, downsampled from 3157x2223 by 1)
[face-untangle] 10 target clusters, 18 strays, 1 moved (poly cross 32 → 32, 0 fewer)
[stuck-leaf-2d] pass 1: 1 candidates, 0 moved, 0 cost units resolved.
[stuck-leaf-2d] 1 candidates, 0 moved, 0 cost units resolved (poly cross 32 → 32, 0 fewer)
[hot-region-sa] 1 hot cells (≥4 cross, 32 cross pts), top 1 processed, 15/160 swap accepted (cross 32 → 32, 0 fewer)
