[community] algorithm=louvain communities=63 meta=7
[hub-bias] Super-graph: pushed 5 high-deg cluster roots to 1.4x avgR.
[cg-time] 12ms post-hub-bias
[cg-time] 79ms pre-§10-outward-radial
[cg-time] 79ms pre-§11-compose
[cg-time] 79ms pre-§12-pruning-reattach
[cg-time] 79ms pre-§13-cluster-swap
[cg-time] 275ms pre-§14-chain-straightening
[cg-time] 275ms pre-§15-pruned-cross-min
[§15.5] Optimized 26 alone-root+independent nodes (11 moves).
[cg-time] 278ms pre-bus-bundle
[xings-hotspot] total=181 xings across 98 offending edges (of 206)
  edge app5.M0↔app5.M5 xings=13 cluster=(_louv_25,?)
  edge app6.M1↔app10.M3 xings=12 cluster=(?,_louv_40)
  edge core.Hub0↔app10.M0 xings=12 cluster=(?,_louv_37)
  edge app2.M0↔app2.M7 xings=11 cluster=(_louv_15,_louv_20)
  edge app6.M1↔app8.M2 xings=11 cluster=(?,?)
  edge core.Hub1↔app1.M0 xings=11 cluster=(?,_louv_10)
  edge app3.M0↔app13.M3 xings=10 cluster=(?,_louv_52)
  edge app7.M9↔app8.M2 xings=10 cluster=(_louv_6,?)
[xings-hotspot] top cluster signatures:
  {?|_louv_21|_louv_34} xings=12
  {?|_louv_25|_louv_34} xings=8
  {?|_louv_22} xings=8
  {?|_louv_2|_louv_49} xings=5
  {?|_louv_10} xings=4
  {?|_louv_10|_louv_31} xings=4
  {?|_louv_12} xings=4
  {?|_louv_2|_louv_6} xings=4
[bundle-clear] Pushed 5 nodes off bundle bboxes.
[knot-min] Accepted 32 spatial swaps among 157 candidates.
[knot-min-2opt] Accepted 5 cross-targeted swaps.
[carrier-pre] 208 edges → 113 distinct carriers (cost-side filter).
[leaf-untangle] candidates=88, with-cross=33, moved=28, crossings-resolved=94.
[leaf-untangle] candidates=88, with-cross=15, moved=5, crossings-resolved=15.
[leaf-untangle] candidates=88, with-cross=12, moved=2, crossings-resolved=10.
[leaf-untangle] candidates=88, with-cross=12, moved=2, crossings-resolved=7.
[stuck-leaf-diag] 12 candidates with cost>0 (top 15 below):
  cost=15 deg=2 node=app12.M7 parent=app12.M0 nbrs={app12.M0,app12.Tag21}
  cost=10 deg=3 node=app7.M5 parent=app7.M0 nbrs={app7.M0,app7.M6,app10.M1}
  cost=2 deg=2 node=app4.M1 parent=app4.M2 nbrs={app4.M3,app4.M2}
  cost=2 deg=3 node=app4.M3 parent=app4.M0 nbrs={app4.M0,app4.M4,app4.M1}
  cost=2 deg=2 node=app8.M1 parent=app4.M0 nbrs={app2.M3,app4.M0}
  cost=1 deg=3 node=app0.M6 parent=app0.M0 nbrs={app0.M0,app0.M1,app12.M8}
  cost=1 deg=2 node=app2.M3 parent=app2.M2 nbrs={app2.M2,app8.M1}
  cost=1 deg=3 node=app5.M7 parent=app5.M0 nbrs={app5.M0,app5.M3,app5.M12}
  cost=1 deg=2 node=app7.M8 parent=app7.M0 nbrs={app7.M0,app7.M6}
  cost=1 deg=2 node=app9.M1 parent=app12.M8 nbrs={app12.M8,app0.M14}
  cost=1 deg=2 node=app9.M5 parent=app9.M0 nbrs={app9.M0,app9.File19}
  cost=1 deg=3 node=app11.M6 parent=app11.M0 nbrs={app11.M0,app11.M14,app12.M2}
[pd-knot] 111 polyline cross pairs, 3 resolved via endpoint swap.
[xings-detour] iters=2 initial-poly-pairs=109 accepted=2 (multi-seg, density-aware, polyline detect, iterative).
[visual-knot] 102→102 cross points, 3→3 hot cells (≥3), 3 handled, 0 swap accepted.
[leaf-untangle] candidates=88, with-cross=10, moved=0, crossings-resolved=0.
[stuck-leaf-diag] 11 candidates with cost>0 (top 15 below):
  cost=15 deg=2 node=app12.M7 parent=app12.M0 nbrs={app12.M0,app12.Tag21}
  cost=9 deg=3 node=app7.M5 parent=app7.M0 nbrs={app7.M0,app7.M6,app10.M1}
  cost=2 deg=2 node=app7.M8 parent=app7.M0 nbrs={app7.M0,app7.M6}
  cost=2 deg=2 node=app9.M5 parent=app9.M0 nbrs={app9.M0,app9.File19}
  cost=1 deg=3 node=app0.M6 parent=app0.M0 nbrs={app0.M0,app0.M1,app12.M8}
  cost=1 deg=3 node=app2.M2 parent=app2.M0 nbrs={app2.M0,app2.M3,app2.M5}
  cost=1 deg=2 node=app2.M5 parent=app2.M0 nbrs={app2.M0,app2.M2}
  cost=1 deg=3 node=app5.M7 parent=app5.M0 nbrs={app5.M0,app5.M3,app5.M12}
  cost=1 deg=2 node=app8.M1 parent=app4.M0 nbrs={app2.M3,app4.M0}
  cost=1 deg=2 node=app9.M1 parent=app12.M8 nbrs={app12.M8,app0.M14}
  cost=1 deg=3 node=app11.M6 parent=app11.M0 nbrs={app11.M0,app11.M14,app12.M2}
[carrier-cross] segment 105 -> carrier-grouped 79 (-25%). Carriers: 113 total (1 bundle + 77 cluster-pair + 35 individual).
[isolated-stash] Stashed 8 edge-less nodes in 6-column strip at x>=79621.
[face-raster] grid 9587x10430 (cell 8.8x8.8 units), 528 faces, 99847762 bg cells (99.9% of grid)
  face #1: 84816997 cells (84.9%), bbox 9587x10430 @ (0,0)
  face #7: 3551566 cells (3.6%), bbox 3210x4370 @ (5569,1324)
  face #394: 1817687 cells (1.8%), bbox 1893x1661 @ (4028,3542)
  face #510: 1195143 cells (1.2%), bbox 1719x1675 @ (7060,5143)
  face #248: 950561 cells (1.0%), bbox 1302x2025 @ (4765,2844)
  face #244: 867777 cells (0.9%), bbox 1240x2303 @ (5817,2838)
  face #507: 768230 cells (0.8%), bbox 1892x1968 @ (6068,4850)
  face #22: 448045 cells (0.4%), bbox 784x1133 @ (4767,1773)
[face-cohesion] 34 clusters analysed, 16 low-cohesion (<60% in dominant face)
  cohesion histogram:
     20%- 29%: 1 clusters
     30%- 39%: 4 clusters
     50%- 59%: 11 clusters
     60%- 69%: 5 clusters
    100%-100%: 13 clusters
  top 10 low-cohesion clusters (largest first):
    _louv_49: 6 members, 2 in dominant face, 5 faces total (33%)
    _louv_2: 6 members, 3 in dominant face, 4 faces total (50%)
    _louv_55: 4 members, 2 in dominant face, 2 faces total (50%)
    _louv_52: 4 members, 1 in dominant face, 4 faces total (25%)
    _louv_34: 4 members, 2 in dominant face, 3 faces total (50%)
    _louv_10: 3 members, 1 in dominant face, 3 faces total (33%)
    _louv_7: 3 members, 1 in dominant face, 3 faces total (33%)
    _louv_8: 3 members, 1 in dominant face, 3 faces total (33%)
    _louv_51: 2 members, 1 in dominant face, 2 faces total (50%)
    _louv_46: 2 members, 1 in dominant face, 2 faces total (50%)
[face-density] 371 micro-faces (size<50), top 10 hot regions (macro 64x64 cells):
  region (69,44): 27 micro-faces, world (37230,22993)-(37794,23557)
  region (82,59): 18 micro-faces, world (44559,31451)-(45123,32015)
  region (79,56): 16 micro-faces, world (42868,29759)-(43432,30323)
  region (40,60): 15 micro-faces, world (20880,32015)-(21444,32579)
  region (81,59): 14 micro-faces, world (43996,31451)-(44559,32015)
  region (70,42): 14 micro-faces, world (37794,21866)-(38358,22430)
  region (56,40): 14 micro-faces, world (29901,20738)-(30464,21302)
  region (60,35): 12 micro-faces, world (32156,17919)-(32720,18483)
  region (68,44): 11 micro-faces, world (36666,22993)-(37230,23557)
  region (123,106): 10 micro-faces, world (67675,57951)-(68239,58515)
[face-ppm] Wrote /tmp/face-raster.ppm (2396x2607, downsampled from 9587x10430 by 4)
[face-untangle] 18 target clusters, 31 strays, 2 moved (poly cross 102 → 99, 3 fewer)
[stuck-leaf-2d] pass 1: 1 candidates, 1 moved, 1 cost units resolved.
[stuck-leaf-2d] pass 2: 0 candidates, 0 moved, 0 cost units resolved.
[stuck-leaf-2d] 0 candidates, 1 moved → REVERTED (poly cross 99 → 100)
[hot-region-sa] 2 hot cells (≥4 cross, 100 cross pts), top 2 processed, 4/236 swap accepted (cross 100 → 100, 0 fewer)
