[community] algorithm=louvain communities=76 meta=4
[hub-bias] Super-graph: pushed 7 high-deg cluster roots to 1.4x avgR.
[cg-time] 6ms post-hub-bias
[cg-time] 1838ms pre-§10-outward-radial
[cg-time] 1838ms pre-§11-compose
[cg-time] 1838ms pre-§12-pruning-reattach
[cg-time] 1838ms pre-§13-cluster-swap
[cg-time] 2518ms pre-§14-chain-straightening
[cg-time] 2519ms pre-§15-pruned-cross-min
[§15.5] Optimized 23 alone-root+independent nodes (10 moves).
[cg-time] 2522ms pre-bus-bundle
[bus-bundle] Created 2 bus bundles (4 members, sig ≥ 2 roots).
[xings-hotspot] total=301 xings across 138 offending edges (of 256)
  edge app13.M0↔app13.M3 xings=22 cluster=(?,_louv_33)
  edge app6.M1↔app8.M11 xings=18 cluster=(?,_louv_43)
  edge app0.M6↔app6.M2 xings=17 cluster=(?,_louv_6)
  edge app0.M8↔app0.M9 xings=16 cluster=(?,?)
  edge core.Hub0↔app2.M0 xings=15 cluster=(_louv_0,_louv_18)
  edge app2.M1↔app3.M3 xings=13 cluster=(_louv_19,?)
  edge app8.M0↔app8.M7 xings=13 cluster=(_louv_43,?)
  edge app0.M1↔app0.M6 xings=11 cluster=(?,?)
[xings-hotspot] top cluster signatures:
  {?|_louv_43} xings=12
  {?|_louv_33} xings=11
  {?} xings=9
  {?|_louv_26|_louv_43} xings=8
  {?|_louv_0|_louv_18} xings=8
  {?|_louv_1} xings=5
  {?|_louv_26|_louv_27} xings=4
  {?|_louv_12} xings=4
[bundle-clear] Pushed 1 nodes off bundle bboxes.
[knot-min] Accepted 23 spatial swaps among 176 candidates.
[knot-min-2opt] Accepted 1 cross-targeted swaps.
[carrier-pre] 257 edges → 163 distinct carriers (cost-side filter).
[leaf-untangle] candidates=94, with-cross=32, moved=26, crossings-resolved=95.
[leaf-untangle] candidates=94, with-cross=22, moved=11, crossings-resolved=24.
[leaf-untangle] candidates=94, with-cross=17, moved=5, crossings-resolved=10.
[leaf-untangle] candidates=94, with-cross=16, moved=1, crossings-resolved=3.
[stuck-leaf-diag] 21 candidates with cost>0 (top 15 below):
  cost=18 deg=3 node=app8.M11 parent=app8.M0 nbrs={app8.M0,app8.M1,app6.M1}
  cost=13 deg=2 node=app10.M3 parent=app10.M0 nbrs={app10.M0,app5.M0}
  cost=12 deg=3 node=app7.M11 parent=app7.M0 nbrs={app7.M0,app7.M1,app0.M9}
  cost=10 deg=2 node=app1.M3 parent=app1.M0 nbrs={app1.M0,app12.M0}
  cost=7 deg=3 node=app14.M5 parent=app14.M0 nbrs={app14.M0,app14.M11,app14.M1}
  cost=6 deg=2 node=app13.M2 parent=app12.M0 nbrs={app13.M0,app12.M0}
  cost=5 deg=2 node=app10.M4 parent=app10.M0 nbrs={app10.M0,app10.File29}
  cost=4 deg=2 node=app10.M8 parent=app10.M0 nbrs={app10.M0,app10.M2}
  cost=3 deg=2 node=app7.M2 parent=app7.M0 nbrs={app7.M0,app7.M6}
  cost=3 deg=2 node=app7.M6 parent=app7.M0 nbrs={app7.M0,app7.M2}
  cost=2 deg=2 node=app1.M13 parent=app1.M0 nbrs={app1.M0,app1.M2}
  cost=2 deg=2 node=app7.M1 parent=app7.M0 nbrs={app7.M0,app7.M11}
  cost=2 deg=3 node=app8.M1 parent=app8.M0 nbrs={app8.M0,app8.M11,app8.M8}
  cost=2 deg=2 node=app13.M1 parent=app13.M0 nbrs={app13.M0,app1.M11}
  cost=2 deg=3 node=app14.M4 parent=app14.M0 nbrs={app14.M0,app14.M1,app11.M2}
[pd-knot] 215 polyline cross pairs, 5 resolved via endpoint swap.
[xings-detour] iters=2 initial-poly-pairs=221 accepted=8 (multi-seg, density-aware, polyline detect, iterative).
[visual-knot] 205→202 cross points, 17→15 hot cells (≥3), 32 handled, 1 swap accepted.
[leaf-untangle] candidates=94, with-cross=19, moved=4, crossings-resolved=10.
[leaf-untangle] candidates=94, with-cross=17, moved=1, crossings-resolved=3.
[leaf-untangle] candidates=94, with-cross=17, moved=0, crossings-resolved=0.
[stuck-leaf-diag] 22 candidates with cost>0 (top 15 below):
  cost=20 deg=3 node=app8.M11 parent=app8.M0 nbrs={app8.M0,app8.M1,app6.M1}
  cost=10 deg=3 node=app7.M11 parent=app7.M0 nbrs={app7.M0,app7.M1,app0.M9}
  cost=10 deg=2 node=app10.M3 parent=app10.M0 nbrs={app10.M0,app5.M0}
  cost=9 deg=2 node=app1.M3 parent=app1.M0 nbrs={app1.M0,app12.M0}
  cost=7 deg=2 node=app10.M8 parent=app10.M0 nbrs={app10.M0,app10.M2}
  cost=7 deg=3 node=app14.M5 parent=app14.M0 nbrs={app14.M0,app14.M11,app14.M1}
  cost=5 deg=2 node=app10.M4 parent=app10.M0 nbrs={app10.M0,app10.File29}
  cost=3 deg=2 node=app0.M7 parent=app0.M6 nbrs={app0.M6,app0.M3}
  cost=3 deg=2 node=app7.M2 parent=app7.M0 nbrs={app7.M0,app7.M6}
  cost=3 deg=2 node=app7.M6 parent=app7.M0 nbrs={app7.M0,app7.M2}
  cost=2 deg=2 node=app1.M13 parent=app1.M0 nbrs={app1.M0,app1.M2}
  cost=2 deg=2 node=app7.M1 parent=app7.M0 nbrs={app7.M0,app7.M11}
  cost=2 deg=3 node=app8.M1 parent=app8.M0 nbrs={app8.M0,app8.M11,app8.M8}
  cost=2 deg=2 node=app13.M1 parent=app13.M0 nbrs={app13.M0,app1.M11}
  cost=2 deg=2 node=app13.M2 parent=app12.M0 nbrs={app13.M0,app12.M0}
[carrier-cross] segment 207 -> carrier-grouped 178 (-14%). Carriers: 160 total (5 bundle + 113 cluster-pair + 42 individual).
[isolated-stash] Stashed 11 edge-less nodes in 6-column strip at x>=22437.
[face-raster] grid 4995x7217 (cell 5.0x5.0 units), 753 faces, 35822922 bg cells (99.4% of grid)
  face #1: 28824067 cells (80.5%), bbox 4995x7217 @ (0,0)
  face #77: 1017154 cells (2.8%), bbox 1536x3346 @ (2507,3542)
  face #733: 474486 cells (1.3%), bbox 900x1299 @ (2609,5589)
  face #467: 409203 cells (1.1%), bbox 809x1177 @ (2698,4640)
  face #676: 305546 cells (0.9%), bbox 854x649 @ (2051,5397)
  face #4: 289476 cells (0.8%), bbox 676x1028 @ (1614,2813)
  face #747: 277741 cells (0.8%), bbox 497x970 @ (2111,6048)
  face #745: 237807 cells (0.7%), bbox 656x803 @ (2178,5819)
[face-cohesion] 43 clusters analysed, 21 low-cohesion (<60% in dominant face)
  cohesion histogram:
     20%- 29%: 2 clusters
     30%- 39%: 5 clusters
     50%- 59%: 14 clusters
     60%- 69%: 6 clusters
     70%- 79%: 1 clusters
    100%-100%: 15 clusters
  top 10 low-cohesion clusters (largest first):
    _louv_57: 8 members, 3 in dominant face, 5 faces total (38%)
    _louv_9: 5 members, 1 in dominant face, 5 faces total (20%)
    _louv_43: 4 members, 1 in dominant face, 4 faces total (25%)
    _louv_67: 3 members, 1 in dominant face, 3 faces total (33%)
    _louv_52: 3 members, 1 in dominant face, 3 faces total (33%)
    _louv_33: 3 members, 1 in dominant face, 3 faces total (33%)
    _louv_27: 3 members, 1 in dominant face, 3 faces total (33%)
    _louv_73: 2 members, 1 in dominant face, 2 faces total (50%)
    _louv_2: 2 members, 1 in dominant face, 2 faces total (50%)
    _louv_23: 2 members, 1 in dominant face, 2 faces total (50%)
[face-density] 423 micro-faces (size<50), top 10 hot regions (macro 64x64 cells):
  region (15,77): 22 micro-faces, world (4271,23897)-(4591,24217)
  region (17,57): 18 micro-faces, world (4911,17497)-(5231,17817)
  region (17,59): 18 micro-faces, world (4911,18137)-(5231,18457)
  region (17,56): 15 micro-faces, world (4911,17177)-(5231,17497)
  region (36,44): 14 micro-faces, world (10990,13338)-(11310,13658)
  region (17,60): 12 micro-faces, world (4911,18457)-(5231,18777)
  region (36,45): 12 micro-faces, world (10990,13658)-(11310,13978)
  region (17,58): 12 micro-faces, world (4911,17817)-(5231,18137)
  region (30,71): 11 micro-faces, world (9070,21977)-(9390,22297)
  region (39,81): 11 micro-faces, world (11950,25177)-(12270,25497)
[face-ppm] Wrote /tmp/face-raster.ppm (2497x3608, downsampled from 4995x7217 by 2)
[face-untangle] 19 target clusters, 27 strays, 1 moved (poly cross 201 → 200, 1 fewer)
[stuck-leaf-2d] pass 1: 1 candidates, 1 moved, 1 cost units resolved.
[stuck-leaf-2d] pass 2: 0 candidates, 0 moved, 0 cost units resolved.
[stuck-leaf-2d] 0 candidates, 1 moved, 1 cost units resolved (poly cross 200 → 200, 0 fewer)
[hot-region-sa] 15 hot cells (≥4 cross, 200 cross pts), top 5 processed, 96/573 swap accepted (cross 200 → 199, 1 fewer)
