[community] algorithm=louvain communities=63 meta=4
[hub-bias] Super-graph: pushed 7 high-deg cluster roots to 1.4x avgR.
[cg-time] 3ms post-hub-bias
[cg-time] 19ms pre-§10-outward-radial
[cg-time] 19ms pre-§11-compose
[cg-time] 19ms pre-§12-pruning-reattach
[cg-time] 19ms pre-§13-cluster-swap
[cg-time] 199ms pre-§14-chain-straightening
[cg-time] 200ms pre-§15-pruned-cross-min
[§15.5] Optimized 25 alone-root+independent nodes (1 moves).
[cg-time] 202ms pre-bus-bundle
[xings-hotspot] total=142 xings across 79 offending edges (of 213)
  edge app2.M0↔app11.M1 xings=15 cluster=(?,?)
  edge app0.M5↔app10.M5 xings=15 cluster=(?,?)
  edge core.Hub1↔app10.M0 xings=14 cluster=(_louv_1,_louv_51)
  edge app0.M13↔app6.M7 xings=11 cluster=(_louv_11,_louv_33)
  edge app1.M2↔app4.M0 xings=10 cluster=(_louv_14,_louv_22)
  edge core.Hub0↔app4.M0 xings=8 cluster=(?,_louv_22)
  edge core.Hub0↔app8.M0 xings=8 cluster=(?,?)
  edge app0.M3↔app3.M2 xings=8 cluster=(_louv_4,?)
[xings-hotspot] top cluster signatures:
  {?|_louv_15} xings=6
  {?} xings=5
  {?|_louv_51} xings=4
  {?|_louv_11|_louv_28|_louv_33} xings=4
  {?|_louv_36} xings=4
  {?|_louv_36|_louv_42} xings=3
  {?|_louv_36|_louv_39} xings=3
  {?|_louv_35} xings=3
[knot-min] Accepted 26 spatial swaps among 168 candidates.
[knot-min-2opt] Accepted 5 cross-targeted swaps.
[carrier-pre] 214 edges → 123 distinct carriers (cost-side filter).
[leaf-untangle] candidates=109, with-cross=42, moved=34, crossings-resolved=110.
[leaf-untangle] candidates=109, with-cross=21, moved=9, crossings-resolved=20.
[leaf-untangle] candidates=109, with-cross=17, moved=4, crossings-resolved=10.
[leaf-untangle] candidates=109, with-cross=14, moved=0, crossings-resolved=0.
[stuck-leaf-diag] 15 candidates with cost>0 (top 15 below):
  cost=15 deg=2 node=app7.M7 parent=app7.M0 nbrs={app7.M0,app8.M5}
  cost=6 deg=3 node=app6.M2 parent=app6.M0 nbrs={app6.M0,app6.M4,app1.M0}
  cost=4 deg=2 node=app6.M8 parent=app6.M0 nbrs={app6.M0,app6.M10}
  cost=4 deg=2 node=app11.M4 parent=app4.M1 nbrs={app11.File43,app4.M1}
  cost=3 deg=3 node=app0.M3 parent=app0.M0 nbrs={app0.M0,app0.M10,app3.M2}
  cost=3 deg=2 node=app0.M12 parent=app0.M0 nbrs={app0.M0,app0.Asset9}
  cost=3 deg=2 node=app8.M5 parent=app2.M2 nbrs={app2.M2,app7.M7}
  cost=2 deg=3 node=app5.M5 parent=app5.M0 nbrs={app5.M0,app5.M7,app10.M6}
  cost=1 deg=2 node=app5.M3 parent=app3.M1 nbrs={app10.M2,app3.M1}
  cost=1 deg=3 node=app5.M7 parent=app5.M0 nbrs={app5.M0,app5.M4,app5.M5}
  cost=1 deg=3 node=app6.M6 parent=app6.M0 nbrs={app6.M0,app6.M10,app7.M5}
  cost=1 deg=3 node=app8.M3 parent=app8.M0 nbrs={app8.M0,app8.M2,app1.M5}
  cost=1 deg=2 node=app10.M2 parent=app5.M3 nbrs={app5.M3,app9.M6}
  cost=1 deg=3 node=app11.M2 parent=app11.M0 nbrs={app11.M0,app11.M9,app9.M4}
  cost=1 deg=2 node=app12.M1 parent=app12.M0 nbrs={app12.M0,app12.M6}
[pd-knot] 103 polyline cross pairs, 2 resolved via endpoint swap.
[xings-detour] iters=2 initial-poly-pairs=98 accepted=1 (multi-seg, density-aware, polyline detect, iterative).
[visual-knot] 96→96 cross points, 2→2 hot cells (≥3), 2 handled, 0 swap accepted.
[leaf-untangle] candidates=109, with-cross=21, moved=6, crossings-resolved=26.
[leaf-untangle] candidates=109, with-cross=15, moved=1, crossings-resolved=1.
[leaf-untangle] candidates=109, with-cross=14, moved=0, crossings-resolved=0.
[stuck-leaf-diag] 15 candidates with cost>0 (top 15 below):
  cost=15 deg=2 node=app7.M7 parent=app7.M0 nbrs={app7.M0,app8.M5}
  cost=6 deg=3 node=app6.M2 parent=app6.M0 nbrs={app6.M0,app6.M4,app1.M0}
  cost=4 deg=2 node=app6.M8 parent=app6.M0 nbrs={app6.M0,app6.M10}
  cost=4 deg=2 node=app11.M4 parent=app4.M1 nbrs={app11.File43,app4.M1}
  cost=3 deg=3 node=app0.M3 parent=app0.M0 nbrs={app0.M0,app0.M10,app3.M2}
  cost=3 deg=2 node=app0.M12 parent=app0.M0 nbrs={app0.M0,app0.Asset9}
  cost=3 deg=2 node=app8.M5 parent=app2.M2 nbrs={app2.M2,app7.M7}
  cost=2 deg=3 node=app5.M5 parent=app5.M0 nbrs={app5.M0,app5.M7,app10.M6}
  cost=1 deg=2 node=app5.M3 parent=app3.M1 nbrs={app10.M2,app3.M1}
  cost=1 deg=3 node=app5.M7 parent=app5.M0 nbrs={app5.M0,app5.M4,app5.M5}
  cost=1 deg=3 node=app6.M6 parent=app6.M0 nbrs={app6.M0,app6.M10,app7.M5}
  cost=1 deg=3 node=app8.M3 parent=app8.M0 nbrs={app8.M0,app8.M2,app1.M5}
  cost=1 deg=2 node=app10.M2 parent=app5.M3 nbrs={app5.M3,app9.M6}
  cost=1 deg=3 node=app11.M2 parent=app11.M0 nbrs={app11.M0,app11.M9,app9.M4}
  cost=1 deg=2 node=app12.M1 parent=app12.M0 nbrs={app12.M0,app12.M6}
[carrier-cross] segment 97 -> carrier-grouped 83 (-14%). Carriers: 127 total (1 bundle + 81 cluster-pair + 45 individual).
[isolated-stash] Stashed 3 edge-less nodes in 6-column strip at x>=21438.
[face-raster] grid 4632x4099 (cell 5.0x5.0 units), 497 faces, 18796007 bg cells (99.0% of grid)
  face #1: 13363409 cells (71.1%), bbox 4632x4099 @ (0,0)
  face #2: 707224 cells (3.8%), bbox 1043x1172 @ (924,122)
  face #202: 618260 cells (3.3%), bbox 934x1663 @ (2277,1644)
  face #111: 492006 cells (2.6%), bbox 429x2148 @ (2888,1160)
  face #110: 329702 cells (1.8%), bbox 1060x947 @ (2252,1160)
  face #399: 251546 cells (1.3%), bbox 1582x837 @ (1443,2602)
  face #277: 138531 cells (0.7%), bbox 841x715 @ (1613,2036)
  face #361: 129396 cells (0.7%), bbox 1213x926 @ (1990,2381)
[face-cohesion] 45 clusters analysed, 12 low-cohesion (<60% in dominant face)
  cohesion histogram:
     20%- 29%: 2 clusters
     30%- 39%: 2 clusters
     40%- 49%: 1 clusters
     50%- 59%: 7 clusters
     60%- 69%: 5 clusters
     70%- 79%: 1 clusters
    100%-100%: 27 clusters
  top 10 low-cohesion clusters (largest first):
    _louv_36: 7 members, 3 in dominant face, 5 faces total (43%)
    _louv_18: 6 members, 2 in dominant face, 5 faces total (33%)
    _louv_58: 4 members, 2 in dominant face, 3 faces total (50%)
    _louv_28: 4 members, 1 in dominant face, 4 faces total (25%)
    _louv_12: 4 members, 2 in dominant face, 3 faces total (50%)
    _louv_19: 4 members, 1 in dominant face, 4 faces total (25%)
    _louv_2: 4 members, 2 in dominant face, 3 faces total (50%)
    _louv_14: 3 members, 1 in dominant face, 3 faces total (33%)
    _louv_15: 2 members, 1 in dominant face, 2 faces total (50%)
    _louv_47: 2 members, 1 in dominant face, 2 faces total (50%)
[face-density] 321 micro-faces (size<50), top 10 hot regions (macro 64x64 cells):
  region (28,46): 26 micro-faces, world (8466,14276)-(8786,14596)
  region (37,5): 21 micro-faces, world (11346,1158)-(11666,1478)
  region (28,21): 19 micro-faces, world (8466,6277)-(8786,6597)
  region (12,35): 19 micro-faces, world (3346,10757)-(3666,11077)
  region (29,46): 15 micro-faces, world (8786,14276)-(9106,14596)
  region (26,11): 14 micro-faces, world (7826,3078)-(8146,3397)
  region (26,12): 13 micro-faces, world (7826,3397)-(8146,3717)
  region (27,45): 13 micro-faces, world (8146,13957)-(8466,14276)
  region (37,32): 12 micro-faces, world (11346,9797)-(11666,10117)
  region (30,36): 10 micro-faces, world (9106,11077)-(9426,11397)
[face-ppm] Wrote /tmp/face-raster.ppm (2316x2049, downsampled from 4632x4099 by 2)
[face-untangle] 10 target clusters, 20 strays, 0 moved (poly cross 96 → 96, 0 fewer)
[stuck-leaf-2d] pass 1: 0 candidates, 0 moved, 0 cost units resolved.
[stuck-leaf-2d] 0 candidates, 0 moved, 0 cost units resolved (poly cross 96 → 96, 0 fewer)
[hot-region-sa] 3 hot cells (≥4 cross, 96 cross pts), top 3 processed, 0/0 swap accepted (cross 96 → 96, 0 fewer)
