[community] algorithm=louvain communities=109 meta=6
[hub-bias] Super-graph: pushed 13 high-deg cluster roots to 1.4x avgR.
[cg-time] 9ms post-hub-bias
[cg-time] 29ms pre-§10-outward-radial
[cg-time] 29ms pre-§11-compose
[cg-time] 29ms pre-§12-pruning-reattach
[cg-time] 30ms pre-§13-cluster-swap
[cg-time] 1012ms pre-§14-chain-straightening
[cg-time] 1013ms pre-§15-pruned-cross-min
[§15.5] Optimized 35 alone-root+independent nodes (4 moves).
[cg-time] 1024ms pre-bus-bundle
[xings-hotspot] total=201 xings across 123 offending edges (of 343)
  edge core.Hub0↔app7.M0 xings=16 cluster=(_louv_0,_louv_38)
  edge app9.M1↔app18.M0 xings=12 cluster=(?,_louv_104)
  edge core.Hub1↔app8.M0 xings=11 cluster=(_louv_1,_louv_47)
  edge app9.M0↔app16.M8 xings=11 cluster=(?,_louv_95)
  edge app1.M0↔app9.M1 xings=11 cluster=(_louv_11,?)
  edge core.Hub1↔app13.M0 xings=11 cluster=(_louv_1,_louv_74)
  edge app8.M3↔app11.M11 xings=9 cluster=(?,?)
  edge app6.M0↔app6.M3 xings=9 cluster=(_louv_16,_louv_37)
[xings-hotspot] top cluster signatures:
  {?|_louv_11} xings=6
  {?|_louv_1|_louv_47} xings=5
  {?|_louv_11|_louv_19} xings=3
  {?|_louv_24} xings=3
  {?|_louv_47|_louv_67} xings=3
  {?|_louv_47} xings=3
  {?|_louv_1|_louv_11} xings=3
  {?|_louv_1|_louv_11|_louv_47} xings=3
[knot-min] Accepted 46 spatial swaps among 294 candidates.
[knot-min-2opt] Accepted 2 cross-targeted swaps.
[carrier-pre] 346 edges → 226 distinct carriers (cost-side filter).
[leaf-untangle] candidates=196, with-cross=58, moved=52, crossings-resolved=154.
[leaf-untangle] candidates=196, with-cross=28, moved=14, crossings-resolved=22.
[leaf-untangle] candidates=196, with-cross=23, moved=5, crossings-resolved=13.
[leaf-untangle] candidates=196, with-cross=19, moved=0, crossings-resolved=0.
[stuck-leaf-diag] 19 candidates with cost>0 (top 15 below):
  cost=4 deg=2 node=app17.M14 parent=app17.M0 nbrs={app17.M0,app17.Note63}
  cost=3 deg=2 node=app10.M5 parent=app10.M0 nbrs={app10.M0,app10.Tag50}
  cost=3 deg=3 node=app13.M8 parent=app13.M0 nbrs={app13.M0,app13.M9,app0.M12}
  cost=2 deg=3 node=app0.M1 parent=app0.M0 nbrs={app0.M0,app0.M12,app3.M9}
  cost=2 deg=3 node=app16.M4 parent=app16.M0 nbrs={app16.M0,app16.M6,app4.M2}
  cost=2 deg=2 node=app19.M6 parent=app19.M0 nbrs={app19.M0,app19.Note104}
  cost=1 deg=2 node=app1.M4 parent=app1.M0 nbrs={app1.M0,app1.Asset8}
  cost=1 deg=2 node=app1.M7 parent=app1.M0 nbrs={app1.M0,app1.Note102}
  cost=1 deg=3 node=app3.M9 parent=app3.M0 nbrs={app3.M0,app3.M10,app0.M1}
  cost=1 deg=3 node=app6.M2 parent=app6.M0 nbrs={app6.M0,app6.M1,app1.M6}
  cost=1 deg=2 node=app10.M6 parent=app10.M0 nbrs={app10.M0,app10.M3}
  cost=1 deg=2 node=app10.M7 parent=app10.M0 nbrs={app10.M0,app10.Tag18}
  cost=1 deg=2 node=app10.M9 parent=app7.M0 nbrs={app10.M10,app7.M0}
  cost=1 deg=2 node=app10.M10 parent=app15.M0 nbrs={app10.M9,app15.M0}
  cost=1 deg=2 node=app11.M3 parent=app11.M0 nbrs={app11.M0,app11.M9}
[pd-knot] 146 polyline cross pairs, 3 resolved via endpoint swap.
[xings-detour] iters=2 initial-poly-pairs=143 accepted=2 (multi-seg, density-aware, polyline detect, iterative).
[visual-knot] 138→138 cross points, 9→9 hot cells (≥3), 9 handled, 0 swap accepted.
[leaf-untangle] candidates=196, with-cross=27, moved=13, crossings-resolved=35.
[leaf-untangle] candidates=196, with-cross=19, moved=3, crossings-resolved=9.
[leaf-untangle] candidates=196, with-cross=17, moved=0, crossings-resolved=0.
[stuck-leaf-diag] 17 candidates with cost>0 (top 15 below):
  cost=6 deg=2 node=app17.M14 parent=app17.M0 nbrs={app17.M0,app17.Note63}
  cost=3 deg=2 node=app7.M11 parent=app7.M0 nbrs={app7.M0,app7.M6}
  cost=3 deg=2 node=app10.M5 parent=app10.M0 nbrs={app10.M0,app10.Tag50}
  cost=3 deg=3 node=app13.M8 parent=app13.M0 nbrs={app13.M0,app13.M9,app0.M12}
  cost=2 deg=3 node=app0.M1 parent=app0.M0 nbrs={app0.M0,app0.M12,app3.M9}
  cost=2 deg=2 node=app10.M7 parent=app10.M0 nbrs={app10.M0,app10.Tag18}
  cost=2 deg=2 node=app10.M9 parent=app7.M0 nbrs={app10.M10,app7.M0}
  cost=2 deg=2 node=app10.M10 parent=app15.M0 nbrs={app10.M9,app15.M0}
  cost=2 deg=3 node=app16.M4 parent=app16.M0 nbrs={app16.M0,app16.M6,app4.M2}
  cost=1 deg=2 node=app1.M7 parent=app1.M0 nbrs={app1.M0,app1.Note102}
  cost=1 deg=3 node=app3.M9 parent=app3.M0 nbrs={app3.M0,app3.M10,app0.M1}
  cost=1 deg=3 node=app6.M2 parent=app6.M0 nbrs={app6.M0,app6.M1,app1.M6}
  cost=1 deg=2 node=app11.M3 parent=app11.M0 nbrs={app11.M0,app11.M9}
  cost=1 deg=2 node=app18.M3 parent=app11.M0 nbrs={app19.M3,app11.M0}
  cost=1 deg=2 node=app19.M6 parent=app19.M0 nbrs={app19.M0,app19.Note104}
[carrier-cross] segment 136 -> carrier-grouped 124 (-9%). Carriers: 225 total (1 bundle + 143 cluster-pair + 81 individual).
[isolated-stash] Stashed 6 edge-less nodes in 6-column strip at x>=56021.
[face-raster] grid 8090x12359 (cell 7.4x7.4 units), 671 faces, 99796384 bg cells (99.8% of grid)
  face #1: 95217168 cells (95.4%), bbox 8090x12359 @ (0,0)
  face #490: 616310 cells (0.6%), bbox 987x1292 @ (3993,2676)
  face #522: 486027 cells (0.5%), bbox 1592x1140 @ (2689,2828)
  face #9: 196951 cells (0.2%), bbox 589x1124 @ (2276,537)
  face #10: 135009 cells (0.1%), bbox 710x949 @ (2278,537)
  face #404: 130758 cells (0.1%), bbox 1039x541 @ (3934,2415)
  face #125: 120310 cells (0.1%), bbox 1501x1318 @ (3464,1628)
  face #482: 107162 cells (0.1%), bbox 298x871 @ (3818,2655)
[face-cohesion] 85 clusters analysed, 30 low-cohesion (<60% in dominant face)
  cohesion histogram:
     20%- 29%: 3 clusters
     30%- 39%: 8 clusters
     50%- 59%: 19 clusters
     60%- 69%: 3 clusters
     70%- 79%: 2 clusters
     80%- 89%: 2 clusters
    100%-100%: 48 clusters
  top 10 low-cohesion clusters (largest first):
    _louv_38: 5 members, 1 in dominant face, 5 faces total (20%)
    _louv_47: 4 members, 2 in dominant face, 3 faces total (50%)
    _louv_6: 4 members, 1 in dominant face, 4 faces total (25%)
    _louv_100: 4 members, 2 in dominant face, 2 faces total (50%)
    _louv_97: 4 members, 2 in dominant face, 3 faces total (50%)
    _louv_54: 4 members, 1 in dominant face, 4 faces total (25%)
    _louv_3: 4 members, 2 in dominant face, 3 faces total (50%)
    _louv_24: 4 members, 2 in dominant face, 3 faces total (50%)
    _louv_19: 4 members, 2 in dominant face, 3 faces total (50%)
    _louv_4: 4 members, 2 in dominant face, 3 faces total (50%)
[face-density] 423 micro-faces (size<50), top 10 hot regions (macro 64x64 cells):
  region (61,34): 25 micro-faces, world (27668,14219)-(28141,14692)
  region (75,44): 23 micro-faces, world (34293,18951)-(34766,19424)
  region (62,34): 22 micro-faces, world (28141,14219)-(28614,14692)
  region (76,45): 17 micro-faces, world (34766,19424)-(35239,19898)
  region (40,25): 16 micro-faces, world (17730,9961)-(18203,10434)
  region (72,43): 14 micro-faces, world (32873,18478)-(33346,18951)
  region (60,37): 14 micro-faces, world (27194,15639)-(27668,16112)
  region (40,24): 14 micro-faces, world (17730,9487)-(18203,9961)
  region (41,25): 14 micro-faces, world (18203,9961)-(18677,10434)
  region (69,41): 13 micro-faces, world (31453,17532)-(31927,18005)
[face-ppm] Wrote /tmp/face-raster.ppm (2022x3089, downsampled from 8090x12359 by 4)
[face-untangle] 28 target clusters, 44 strays, 1 moved (poly cross 133 → 132, 1 fewer)
[stuck-leaf-2d] pass 1: 1 candidates, 1 moved, 1 cost units resolved.
[stuck-leaf-2d] pass 2: 0 candidates, 0 moved, 0 cost units resolved.
[stuck-leaf-2d] 0 candidates, 1 moved, 1 cost units resolved (poly cross 132 → 131, 1 fewer)
[hot-region-sa] 8 hot cells (≥4 cross, 131 cross pts), top 5 processed, 29/537 swap accepted (cross 131 → 131, 0 fewer)
