[community] algorithm=louvain communities=31 meta=4
[hub-bias] Super-graph: pushed 3 high-deg cluster roots to 1.4x avgR.
[cg-time] 3ms post-hub-bias
[cg-time] 3ms pre-§10-outward-radial
[cg-time] 3ms pre-§11-compose
[cg-time] 3ms pre-§12-pruning-reattach
[cg-time] 3ms pre-§13-cluster-swap
[cg-time] 9ms pre-§14-chain-straightening
[cg-time] 9ms pre-§15-pruned-cross-min
[§15.5] Optimized 5 alone-root+independent nodes (1 moves).
[cg-time] 9ms pre-bus-bundle
[xings-hotspot] total=39 xings across 35 offending edges (of 96)
  edge app7.M7↔app7.M11 xings=8 cluster=(?,_louv_9)
  edge app2.M1↔app7.M7 xings=6 cluster=(_louv_9,?)
  edge app4.M3↔app4.M7 xings=5 cluster=(?,_louv_23)
  edge core.Hub0↔app0.M0 xings=4 cluster=(_louv_0,_louv_2)
  edge app0.M0↔app5.M2 xings=4 cluster=(_louv_2,_louv_0)
  edge app2.M0↔app3.M0 xings=4 cluster=(?,?)
  edge core.Hub0↔app6.M0 xings=4 cluster=(_louv_0,?)
  edge app1.M1↔app5.M4 xings=3 cluster=(?,_louv_13)
[xings-hotspot] top cluster signatures:
  {?|_louv_0|_louv_12|_louv_2} xings=4
  {?|_louv_0|_louv_2|_louv_9} xings=4
  {?|_louv_22|_louv_23} xings=4
  {?|_louv_9} xings=4
  {?|_louv_0|_louv_12|_louv_9} xings=2
  {?|_louv_13|_louv_9} xings=2
  {?|_louv_16|_louv_9} xings=2
  {?|_louv_20} xings=2
[knot-min] Accepted 5 spatial swaps among 77 candidates.
[carrier-pre] 98 edges → 49 distinct carriers (cost-side filter).
[leaf-untangle] candidates=42, with-cross=16, moved=16, crossings-resolved=65.
[leaf-untangle] candidates=42, with-cross=12, moved=9, crossings-resolved=24.
[leaf-untangle] candidates=42, with-cross=11, moved=1, crossings-resolved=3.
[leaf-untangle] candidates=42, with-cross=11, moved=0, crossings-resolved=0.
[stuck-leaf-diag] 11 candidates with cost>0 (top 15 below):
  cost=7 deg=3 node=app7.M11 parent=app2.M1 nbrs={app7.M7,app2.M1,app0.M10}
  cost=5 deg=3 node=app0.M12 parent=app0.M0 nbrs={app0.M0,app0.M5,app1.M12}
  cost=2 deg=2 node=app0.M1 parent=app0.M0 nbrs={app0.M0,app0.M8}
  cost=2 deg=2 node=app0.M5 parent=app0.M0 nbrs={app0.M0,app0.M12}
  cost=2 deg=2 node=app0.M8 parent=app0.M0 nbrs={app0.M0,app0.M1}
  cost=1 deg=2 node=app0.M3 parent=app0.M0 nbrs={app0.M0,app0.Address7}
  cost=1 deg=1 node=app0.M10 parent=app7.M11 nbrs={app7.M11}
  cost=1 deg=3 node=app0.M11 parent=app0.M0 nbrs={app0.M0,app0.M6,app0.Tag3}
  cost=1 deg=3 node=app1.M12 parent=app1.M0 nbrs={app1.M0,app1.M2,app0.M12}
  cost=1 deg=1 node=app0.Tag3 parent=app0.M11 nbrs={app0.M11}
  cost=1 deg=1 node=app0.Address7 parent=app0.M3 nbrs={app0.M3}
[pd-knot] 33 polyline cross pairs, 2 resolved via endpoint swap.
[xings-detour] iters=2 initial-poly-pairs=31 accepted=1 (multi-seg, density-aware, polyline detect, iterative).
[visual-knot] 30→28 cross points, 2→1 hot cells (≥3), 3 handled, 1 swap accepted.
[leaf-untangle] candidates=42, with-cross=12, moved=3, crossings-resolved=5.
[leaf-untangle] candidates=42, with-cross=11, moved=1, crossings-resolved=1.
[leaf-untangle] candidates=42, with-cross=10, moved=0, crossings-resolved=0.
[stuck-leaf-diag] 10 candidates with cost>0 (top 15 below):
  cost=5 deg=3 node=app0.M12 parent=app0.M0 nbrs={app0.M0,app0.M5,app1.M12}
  cost=4 deg=3 node=app7.M11 parent=app2.M1 nbrs={app7.M7,app2.M1,app0.M10}
  cost=2 deg=2 node=app0.M1 parent=app0.M0 nbrs={app0.M0,app0.M8}
  cost=2 deg=2 node=app0.M5 parent=app0.M0 nbrs={app0.M0,app0.M12}
  cost=2 deg=2 node=app0.M8 parent=app0.M0 nbrs={app0.M0,app0.M1}
  cost=1 deg=2 node=app0.M3 parent=app0.M0 nbrs={app0.M0,app0.Address7}
  cost=1 deg=3 node=app0.M11 parent=app0.M0 nbrs={app0.M0,app0.M6,app0.Tag3}
  cost=1 deg=3 node=app1.M12 parent=app1.M0 nbrs={app1.M0,app1.M2,app0.M12}
  cost=1 deg=1 node=app0.Tag3 parent=app0.M11 nbrs={app0.M11}
  cost=1 deg=1 node=app0.Address7 parent=app0.M3 nbrs={app0.M3}
[isolated-stash] Stashed 8 edge-less nodes in 6-column strip at x>=13566.
[face-raster] grid 3205x2644 (cell 5.0x5.0 units), 193 faces, 8395090 bg cells (99.1% of grid)
  face #1: 7658811 cells (91.2%), bbox 3205x2644 @ (0,0)
  face #2: 133706 cells (1.6%), bbox 513x474 @ (342,94)
  face #72: 87319 cells (1.0%), bbox 519x516 @ (745,669)
  face #142: 55997 cells (0.7%), bbox 301x311 @ (1241,1106)
  face #122: 50087 cells (0.6%), bbox 410x231 @ (1283,862)
  face #134: 48391 cells (0.6%), bbox 374x294 @ (1339,998)
  face #145: 37393 cells (0.4%), bbox 260x262 @ (997,1116)
  face #100: 34766 cells (0.4%), bbox 380x302 @ (930,731)
[face-cohesion] 15 clusters analysed, 4 low-cohesion (<60% in dominant face)
  cohesion histogram:
     20%- 29%: 1 clusters
     50%- 59%: 3 clusters
     60%- 69%: 4 clusters
     70%- 79%: 3 clusters
    100%-100%: 4 clusters
  top 4 low-cohesion clusters (largest first):
    _louv_0: 4 members, 1 in dominant face, 4 faces total (25%)
    _louv_6: 2 members, 1 in dominant face, 2 faces total (50%)
    _louv_29: 2 members, 1 in dominant face, 2 faces total (50%)
    _louv_20: 2 members, 1 in dominant face, 2 faces total (50%)
[face-density] 128 micro-faces (size<50), top 10 hot regions (macro 64x64 cells):
  region (7,8): 30 micro-faces, world (1678,2367)-(1998,2687)
  region (26,22): 17 micro-faces, world (7756,6846)-(8076,7166)
  region (6,8): 16 micro-faces, world (1358,2367)-(1678,2687)
  region (12,10): 11 micro-faces, world (3278,3007)-(3597,3327)
  region (17,22): 7 micro-faces, world (4877,6846)-(5197,7166)
  region (26,15): 6 micro-faces, world (7756,4607)-(8076,4927)
  region (8,8): 5 micro-faces, world (1998,2367)-(2318,2687)
  region (15,11): 4 micro-faces, world (4237,3327)-(4557,3647)
  region (19,17): 4 micro-faces, world (5517,5246)-(5837,5566)
  region (9,14): 4 micro-faces, world (2318,4287)-(2638,4607)
[face-ppm] Wrote /tmp/face-raster.ppm (3205x2644, downsampled from 3205x2644 by 1)
[face-untangle] 4 target clusters, 5 strays, 1 moved (poly cross 28 → 27, 1 fewer)
[stuck-leaf-2d] pass 1: 2 candidates, 1 moved, 1 cost units resolved.
[stuck-leaf-2d] pass 2: 1 candidates, 0 moved, 0 cost units resolved.
[stuck-leaf-2d] 1 candidates, 1 moved → REVERTED (poly cross 27 → 28)
[hot-region-sa] 1 hot cells (≥4 cross, 30 cross pts), top 1 processed, 72/100 swap accepted (cross 30 → 30, 0 fewer)
