[community] algorithm=louvain communities=85 meta=4
[hub-bias] Super-graph: pushed 9 high-deg cluster roots to 1.4x avgR.
[cg-time] 5ms post-hub-bias
[cg-time] 564ms pre-§10-outward-radial
[cg-time] 564ms pre-§11-compose
[cg-time] 564ms pre-§12-pruning-reattach
[cg-time] 564ms pre-§13-cluster-swap
[cg-time] 1254ms pre-§14-chain-straightening
[cg-time] 1254ms pre-§15-pruned-cross-min
[§15.5] Optimized 29 alone-root+independent nodes (11 moves).
[cg-time] 1259ms pre-bus-bundle
[bus-bundle] Created 1 bus bundles (2 members, sig ≥ 2 roots).
[xings-hotspot] total=403 xings across 141 offending edges (of 270)
  edge app0.M0↔app0.M9 xings=24 cluster=(_louv_3,_louv_8)
  edge core.Hub0↔app14.M0 xings=18 cluster=(_louv_0,?)
  edge app11.M0↔app11.M3 xings=17 cluster=(?,?)
  edge app0.M9↔app15.M2 xings=16 cluster=(_louv_8,_louv_43)
  edge app17.M0↔app17.M3 xings=16 cluster=(?,_louv_11)
  edge app9.M2↔app10.M0 xings=16 cluster=(?,?)
  edge app1.M6↔app11.M3 xings=16 cluster=(_louv_17,?)
  edge core.Hub1↔app8.M0 xings=16 cluster=(_louv_1,_louv_52)
[xings-hotspot] top cluster signatures:
  {?|_louv_3} xings=16
  {?|_louv_0|_louv_45} xings=15
  {?|_louv_0} xings=13
  {?|_louv_45} xings=10
  {?} xings=9
  {?|_louv_3|_louv_8} xings=7
  {?|_louv_59} xings=6
  {?|_louv_0|_louv_3|_louv_54} xings=6
[knot-min] Accepted 59 spatial swaps among 203 candidates.
[knot-min-2opt] Accepted 1 cross-targeted swaps.
[carrier-pre] 273 edges → 180 distinct carriers (cost-side filter).
[leaf-untangle] candidates=124, with-cross=46, moved=39, crossings-resolved=103.
[leaf-untangle] candidates=124, with-cross=23, moved=9, crossings-resolved=25.
[leaf-untangle] candidates=124, with-cross=17, moved=1, crossings-resolved=3.
[leaf-untangle] candidates=124, with-cross=16, moved=0, crossings-resolved=0.
[stuck-leaf-diag] 23 candidates with cost>0 (top 15 below):
  cost=19 deg=3 node=app0.M7 parent=app0.M0 nbrs={app0.M0,app0.M8,app3.M0}
  cost=11 deg=2 node=app12.M6 parent=app12.M0 nbrs={app12.M0,app12.M5}
  cost=9 deg=2 node=app17.M3 parent=app17.M0 nbrs={app17.M0,app0.M13}
  cost=8 deg=2 node=app12.M5 parent=app1.M4 nbrs={app12.M6,app1.M4}
  cost=6 deg=2 node=app0.M4 parent=app0.M0 nbrs={app0.M0,app0.M8}
  cost=6 deg=2 node=app0.M13 parent=app0.M0 nbrs={app0.M0,app17.M3}
  cost=5 deg=3 node=app11.M2 parent=app11.M0 nbrs={app11.M0,app11.M5,app12.M7}
  cost=4 deg=2 node=app8.M5 parent=app8.M0 nbrs={app8.M0,app8.M3}
  cost=4 deg=3 node=app14.M5 parent=app14.M0 nbrs={app14.M0,app14.M3,app0.M9}
  cost=4 deg=3 node=app16.M13 parent=app16.M0 nbrs={app16.M0,app16.M12,app7.M9}
  cost=3 deg=1 node=app0.M3 parent=app0.M0 nbrs={app0.M0}
  cost=3 deg=3 node=app13.M5 parent=app13.M0 nbrs={app13.M0,app13.M3,app13.M12}
  cost=3 deg=3 node=app16.M2 parent=app16.M0 nbrs={app16.M0,app16.M3,app16.Log31}
  cost=3 deg=1 node=app0.Asset6 parent=app0.M0 nbrs={app0.M0}
  cost=2 deg=2 node=app1.M9 parent=app1.M0 nbrs={app1.M0,app16.M5}
[pd-knot] 258 polyline cross pairs, 4 resolved via endpoint swap.
[xings-detour] iters=2 initial-poly-pairs=261 accepted=6 (multi-seg, density-aware, polyline detect, iterative).
[visual-knot] 251→249 cross points, 21→19 hot cells (≥3), 40 handled, 1 swap accepted.
[leaf-untangle] candidates=124, with-cross=18, moved=3, crossings-resolved=5.
[leaf-untangle] candidates=124, with-cross=16, moved=0, crossings-resolved=0.
[stuck-leaf-diag] 23 candidates with cost>0 (top 15 below):
  cost=19 deg=3 node=app0.M7 parent=app0.M0 nbrs={app0.M0,app0.M8,app3.M0}
  cost=10 deg=2 node=app12.M6 parent=app12.M0 nbrs={app12.M0,app12.M5}
  cost=9 deg=2 node=app17.M3 parent=app17.M0 nbrs={app17.M0,app0.M13}
  cost=8 deg=2 node=app12.M5 parent=app1.M4 nbrs={app12.M6,app1.M4}
  cost=6 deg=2 node=app0.M4 parent=app0.M0 nbrs={app0.M0,app0.M8}
  cost=6 deg=2 node=app0.M13 parent=app0.M0 nbrs={app0.M0,app17.M3}
  cost=5 deg=3 node=app11.M2 parent=app11.M0 nbrs={app11.M0,app11.M5,app12.M7}
  cost=4 deg=3 node=app14.M5 parent=app14.M0 nbrs={app14.M0,app14.M3,app0.M9}
  cost=4 deg=3 node=app16.M13 parent=app16.M0 nbrs={app16.M0,app16.M12,app7.M9}
  cost=3 deg=1 node=app0.M3 parent=app0.M0 nbrs={app0.M0}
  cost=3 deg=3 node=app13.M5 parent=app13.M0 nbrs={app13.M0,app13.M3,app13.M12}
  cost=3 deg=3 node=app16.M2 parent=app16.M0 nbrs={app16.M0,app16.M3,app16.Log31}
  cost=3 deg=1 node=app0.Asset6 parent=app0.M0 nbrs={app0.M0}
  cost=2 deg=2 node=app1.M9 parent=app1.M0 nbrs={app1.M0,app16.M5}
  cost=2 deg=2 node=app2.M5 parent=app16.M12 nbrs={app2.Note22,app16.M12}
[carrier-cross] segment 250 -> carrier-grouped 222 (-11%). Carriers: 174 total (3 bundle + 118 cluster-pair + 53 individual).
[isolated-stash] Stashed 10 edge-less nodes in 6-column strip at x>=28574.
[face-raster] grid 6565x8692 (cell 5.0x5.0 units), 755 faces, 56784734 bg cells (99.5% of grid)
  face #1: 48944510 cells (86.2%), bbox 6565x8692 @ (0,0)
  face #3: 733542 cells (1.3%), bbox 1225x1252 @ (1130,2825)
  face #108: 619766 cells (1.1%), bbox 1308x1381 @ (3128,3992)
  face #692: 465414 cells (0.8%), bbox 857x1404 @ (1666,6171)
  face #25: 388582 cells (0.7%), bbox 678x1429 @ (1131,2992)
  face #600: 329948 cells (0.6%), bbox 805x1903 @ (1115,5672)
  face #26: 293165 cells (0.5%), bbox 189x2576 @ (1097,3015)
  face #191: 288527 cells (0.5%), bbox 684x1181 @ (3021,4277)
[face-cohesion] 55 clusters analysed, 24 low-cohesion (<60% in dominant face)
  cohesion histogram:
     10%- 19%: 2 clusters
     30%- 39%: 7 clusters
     50%- 59%: 15 clusters
     60%- 69%: 2 clusters
     80%- 89%: 2 clusters
    100%-100%: 27 clusters
  top 10 low-cohesion clusters (largest first):
    _louv_3: 6 members, 1 in dominant face, 6 faces total (17%)
    _louv_54: 6 members, 1 in dominant face, 6 faces total (17%)
    _louv_22: 3 members, 1 in dominant face, 3 faces total (33%)
    _louv_8: 3 members, 1 in dominant face, 3 faces total (33%)
    _louv_52: 3 members, 1 in dominant face, 3 faces total (33%)
    _louv_59: 3 members, 1 in dominant face, 3 faces total (33%)
    _louv_46: 3 members, 1 in dominant face, 3 faces total (33%)
    _louv_10: 3 members, 1 in dominant face, 3 faces total (33%)
    _louv_39: 3 members, 1 in dominant face, 3 faces total (33%)
    _louv_83: 2 members, 1 in dominant face, 2 faces total (50%)
[face-density] 401 micro-faces (size<50), top 10 hot regions (macro 64x64 cells):
  region (31,116): 26 micro-faces, world (7870,36235)-(8190,36555)
  region (40,50): 23 micro-faces, world (10750,15116)-(11070,15436)
  region (43,90): 20 micro-faces, world (11710,27916)-(12030,28236)
  region (17,87): 18 micro-faces, world (3390,26956)-(3710,27276)
  region (47,66): 17 micro-faces, world (12990,20236)-(13310,20556)
  region (43,72): 16 micro-faces, world (11710,22156)-(12030,22476)
  region (43,91): 16 micro-faces, world (11710,28236)-(12030,28556)
  region (46,87): 15 micro-faces, world (12670,26956)-(12990,27276)
  region (40,51): 14 micro-faces, world (10750,15436)-(11070,15756)
  region (41,51): 13 micro-faces, world (11070,15436)-(11390,15756)
[face-ppm] Wrote /tmp/face-raster.ppm (1641x2173, downsampled from 6565x8692 by 4)
[face-untangle] 23 target clusters, 31 strays, 4 moved (poly cross 248 → 247, 1 fewer)
[stuck-leaf-2d] pass 1: 0 candidates, 0 moved, 0 cost units resolved.
[stuck-leaf-2d] 0 candidates, 0 moved, 0 cost units resolved (poly cross 247 → 247, 0 fewer)
[hot-region-sa] 19 hot cells (≥4 cross, 247 cross pts), top 5 processed, 16/253 swap accepted (cross 247 → 247, 0 fewer)
