[community] algorithm=louvain communities=114 meta=7
[hub-bias] Super-graph: pushed 12 high-deg cluster roots to 1.4x avgR.
[cg-time] 9ms post-hub-bias
[cg-time] 99ms pre-§10-outward-radial
[cg-time] 99ms pre-§11-compose
[cg-time] 99ms pre-§12-pruning-reattach
[cg-time] 99ms pre-§13-cluster-swap
[cg-time] 1115ms pre-§14-chain-straightening
[cg-time] 1115ms pre-§15-pruned-cross-min
[§15.5] Optimized 33 alone-root+independent nodes (10 moves).
[cg-time] 1123ms pre-bus-bundle
[xings-hotspot] total=294 xings across 138 offending edges (of 350)
  edge core.Hub0↔app13.M0 xings=20 cluster=(?,_louv_70)
  edge app2.M2↔app2.M4 xings=18 cluster=(?,?)
  edge app1.M0↔app1.M4 xings=17 cluster=(_louv_7,_louv_11)
  edge app5.M0↔app5.M11 xings=15 cluster=(_louv_33,_louv_37)
  edge core.Hub1↔app15.M0 xings=15 cluster=(_louv_1,_louv_83)
  edge app10.M0↔app10.M5 xings=12 cluster=(_louv_51,?)
  edge core.Hub1↔app17.M0 xings=12 cluster=(_louv_1,_louv_97)
  edge app8.M5↔app9.M4 xings=11 cluster=(_louv_47,_louv_2)
[xings-hotspot] top cluster signatures:
  {?|_louv_14} xings=4
  {?|_louv_2|_louv_47|_louv_51} xings=4
  {?|_louv_1|_louv_17} xings=4
  {?|_louv_2|_louv_43|_louv_51} xings=4
  {?|_louv_2|_louv_51|_louv_62} xings=4
  {?|_louv_33|_louv_37|_louv_51} xings=4
  {?|_louv_11|_louv_17|_louv_7} xings=3
  {?|_louv_1|_louv_23|_louv_83} xings=3
[bundle-clear] Pushed 8 nodes off bundle bboxes.
[knot-min] Accepted 49 spatial swaps among 277 candidates.
[knot-min-2opt] Accepted 1 cross-targeted swaps.
[carrier-pre] 351 edges → 228 distinct carriers (cost-side filter).
[leaf-untangle] candidates=181, with-cross=71, moved=57, crossings-resolved=203.
[leaf-untangle] candidates=181, with-cross=41, moved=14, crossings-resolved=38.
[leaf-untangle] candidates=181, with-cross=30, moved=4, crossings-resolved=9.
[leaf-untangle] candidates=181, with-cross=27, moved=0, crossings-resolved=0.
[stuck-leaf-diag] 33 candidates with cost>0 (top 15 below):
  cost=20 deg=3 node=app2.M4 parent=app2.M0 nbrs={app2.M0,app2.M2,app15.M5}
  cost=20 deg=2 node=app5.M11 parent=app5.M0 nbrs={app5.M0,app5.M6}
  cost=15 deg=3 node=app5.M3 parent=app5.M0 nbrs={app5.M0,app5.M7,app5.Log3}
  cost=12 deg=2 node=app13.M3 parent=app13.M0 nbrs={app13.M0,app13.Tag63}
  cost=8 deg=3 node=app16.M7 parent=app16.M0 nbrs={app16.M0,app16.M12,app15.M3}
  cost=7 deg=2 node=app2.M11 parent=app2.M0 nbrs={app2.M0,app2.M8}
  cost=6 deg=2 node=app5.M7 parent=app5.M0 nbrs={app5.M0,app5.M3}
  cost=6 deg=3 node=app2.M2 parent=app2.M0 nbrs={app2.M0,app2.M4,app1.M7}
  cost=6 deg=2 node=app5.M6 parent=app9.M3 nbrs={app5.M11,app9.M3}
  cost=5 deg=3 node=app16.M12 parent=app16.M0 nbrs={app16.M0,app16.M7,app18.M5}
  cost=4 deg=2 node=app10.M4 parent=app10.M0 nbrs={app10.M0,app10.M7}
  cost=4 deg=2 node=app6.M5 parent=app6.M0 nbrs={app6.M0,app6.Note39}
  cost=4 deg=2 node=app10.M8 parent=app10.M0 nbrs={app10.M0,app10.M7}
  cost=4 deg=3 node=app14.M9 parent=app14.M0 nbrs={app14.M0,app14.M8,app0.M4}
  cost=4 deg=2 node=app19.M5 parent=app19.M6 nbrs={app19.M3,app19.M6}
[pd-knot] 201 polyline cross pairs, 1 resolved via endpoint swap.
[xings-detour] iters=2 initial-poly-pairs=213 accepted=8 (multi-seg, density-aware, polyline detect, iterative).
[visual-knot] 202→200 cross points, 13→12 hot cells (≥3), 25 handled, 1 swap accepted.
[leaf-untangle] candidates=181, with-cross=32, moved=5, crossings-resolved=21.
[leaf-untangle] candidates=181, with-cross=27, moved=1, crossings-resolved=3.
[leaf-untangle] candidates=181, with-cross=27, moved=0, crossings-resolved=0.
[stuck-leaf-diag] 33 candidates with cost>0 (top 15 below):
  cost=20 deg=3 node=app2.M4 parent=app2.M0 nbrs={app2.M0,app2.M2,app15.M5}
  cost=18 deg=2 node=app5.M11 parent=app5.M0 nbrs={app5.M0,app5.M6}
  cost=15 deg=3 node=app5.M3 parent=app5.M0 nbrs={app5.M0,app5.M7,app5.Log3}
  cost=12 deg=2 node=app13.M3 parent=app13.M0 nbrs={app13.M0,app13.Tag63}
  cost=8 deg=3 node=app16.M7 parent=app16.M0 nbrs={app16.M0,app16.M12,app15.M3}
  cost=7 deg=2 node=app2.M11 parent=app2.M0 nbrs={app2.M0,app2.M8}
  cost=6 deg=2 node=app5.M7 parent=app5.M0 nbrs={app5.M0,app5.M3}
  cost=6 deg=3 node=app2.M2 parent=app2.M0 nbrs={app2.M0,app2.M4,app1.M7}
  cost=5 deg=3 node=app16.M12 parent=app16.M0 nbrs={app16.M0,app16.M7,app18.M5}
  cost=5 deg=2 node=app5.M6 parent=app9.M3 nbrs={app5.M11,app9.M3}
  cost=4 deg=2 node=app10.M4 parent=app10.M0 nbrs={app10.M0,app10.M7}
  cost=4 deg=2 node=app6.M5 parent=app6.M0 nbrs={app6.M0,app6.Note39}
  cost=4 deg=2 node=app10.M8 parent=app10.M0 nbrs={app10.M0,app10.M7}
  cost=4 deg=2 node=app3.M7 parent=app3.M5 nbrs={app3.M5,app7.M1}
  cost=4 deg=3 node=app14.M9 parent=app14.M0 nbrs={app14.M0,app14.M8,app0.M4}
[carrier-cross] segment 201 -> carrier-grouped 173 (-14%). Carriers: 220 total (2 bundle + 145 cluster-pair + 73 individual).
[isolated-stash] Stashed 13 edge-less nodes in 6-column strip at x>=30486.
[face-raster] grid 6680x6148 (cell 5.0x5.0 units), 749 faces, 40743268 bg cells (99.2% of grid)
  face #1: 29916397 cells (73.4%), bbox 6680x6148 @ (0,0)
  face #346: 1089655 cells (2.7%), bbox 1187x1941 @ (795,2786)
  face #2: 1085480 cells (2.7%), bbox 1172x1982 @ (2760,394)
  face #518: 620999 cells (1.5%), bbox 1485x1058 @ (3852,3285)
  face #616: 481124 cells (1.2%), bbox 1076x1333 @ (3236,4344)
  face #17: 430899 cells (1.1%), bbox 727x1320 @ (1659,707)
  face #615: 407541 cells (1.0%), bbox 1282x814 @ (4085,4057)
  face #349: 356357 cells (0.9%), bbox 1374x1199 @ (3919,2795)
[face-cohesion] 72 clusters analysed, 30 low-cohesion (<60% in dominant face)
  cohesion histogram:
     20%- 29%: 2 clusters
     30%- 39%: 8 clusters
     40%- 49%: 2 clusters
     50%- 59%: 18 clusters
     60%- 69%: 3 clusters
     70%- 79%: 3 clusters
     80%- 89%: 1 clusters
    100%-100%: 35 clusters
  top 10 low-cohesion clusters (largest first):
    _louv_33: 6 members, 3 in dominant face, 3 faces total (50%)
    _louv_7: 5 members, 1 in dominant face, 5 faces total (20%)
    _louv_2: 5 members, 2 in dominant face, 4 faces total (40%)
    _louv_39: 5 members, 2 in dominant face, 3 faces total (40%)
    _louv_54: 4 members, 2 in dominant face, 3 faces total (50%)
    _louv_48: 4 members, 2 in dominant face, 2 faces total (50%)
    _louv_56: 4 members, 2 in dominant face, 3 faces total (50%)
    _louv_43: 4 members, 1 in dominant face, 4 faces total (25%)
    _louv_45: 4 members, 2 in dominant face, 3 faces total (50%)
    _louv_52: 4 members, 2 in dominant face, 3 faces total (50%)
[face-density] 431 micro-faces (size<50), top 10 hot regions (macro 64x64 cells):
  region (44,48): 28 micro-faces, world (13388,14720)-(13708,15040)
  region (23,78): 25 micro-faces, world (6669,24319)-(6989,24639)
  region (63,43): 22 micro-faces, world (19467,13120)-(19787,13440)
  region (26,79): 21 micro-faces, world (7629,24639)-(7949,24959)
  region (24,78): 18 micro-faces, world (6989,24319)-(7309,24639)
  region (25,79): 16 micro-faces, world (7309,24639)-(7629,24959)
  region (45,48): 16 micro-faces, world (13708,14720)-(14028,15040)
  region (22,77): 16 micro-faces, world (6349,23999)-(6669,24319)
  region (21,77): 15 micro-faces, world (6029,23999)-(6349,24319)
  region (63,39): 13 micro-faces, world (19467,11840)-(19787,12160)
[face-ppm] Wrote /tmp/face-raster.ppm (3340x3074, downsampled from 6680x6148 by 2)
[face-untangle] 28 target clusters, 47 strays, 0 moved (poly cross 200 → 200, 0 fewer)
[stuck-leaf-2d] pass 1: 1 candidates, 1 moved, 1 cost units resolved.
[stuck-leaf-2d] pass 2: 0 candidates, 0 moved, 0 cost units resolved.
[stuck-leaf-2d] 0 candidates, 1 moved, 1 cost units resolved (poly cross 200 → 199, 1 fewer)
[hot-region-sa] 11 hot cells (≥4 cross, 199 cross pts), top 5 processed, 45/471 swap accepted (cross 199 → 199, 0 fewer)
