[community] algorithm=louvain communities=96 meta=4
[hub-bias] Super-graph: pushed 2 high-deg cluster roots to 1.4x avgR.
[cg-time] 7ms post-hub-bias
[cg-time] 75ms pre-§10-outward-radial
[cg-time] 75ms pre-§11-compose
[cg-time] 75ms pre-§12-pruning-reattach
[cg-time] 75ms pre-§13-cluster-swap
[cg-time] 817ms pre-§14-chain-straightening
[cg-time] 817ms pre-§15-pruned-cross-min
[§15.5] Optimized 19 alone-root+independent nodes (2 moves).
[cg-time] 823ms pre-bus-bundle
[bus-bundle] Created 2 bus bundles (4 members, sig ≥ 2 roots).
[xings-hotspot] total=236 xings across 134 offending edges (of 305)
  edge app8.M1↔app14.M9 xings=15 cluster=(_louv_49,_louv_76)
  edge app16.M0↔app16.M3 xings=13 cluster=(?,_louv_45)
  edge app5.M0↔app5.M10 xings=12 cluster=(_louv_31,_louv_38)
  edge app5.M0↔app5.M5 xings=12 cluster=(_louv_31,_louv_34)
  edge app2.M2↔app18.M1 xings=12 cluster=(?,_louv_24)
  edge app10.M0↔app15.M4 xings=10 cluster=(_louv_57,_louv_46)
  edge core.Hub0↔app13.M0 xings=9 cluster=(?,_louv_66)
  edge app17.M0↔app17.M4 xings=9 cluster=(_louv_88,_louv_54)
[xings-hotspot] top cluster signatures:
  {?|_louv_24|_louv_55} xings=8
  {?|_louv_24} xings=7
  {?|_louv_24|_louv_31|_louv_34} xings=4
  {?|_louv_24|_louv_31|_louv_38} xings=4
  {?|_louv_31|_louv_44|_louv_66} xings=3
  {?|_louv_31|_louv_44} xings=3
  {?|_louv_24|_louv_45} xings=3
  {?|_louv_62|_louv_71} xings=3
[bundle-clear] Pushed 1 nodes off bundle bboxes.
[knot-min] Accepted 67 spatial swaps among 251 candidates.
[carrier-pre] 309 edges → 193 distinct carriers (cost-side filter).
[leaf-untangle] candidates=156, with-cross=53, moved=45, crossings-resolved=138.
[leaf-untangle] candidates=156, with-cross=26, moved=9, crossings-resolved=15.
[leaf-untangle] candidates=156, with-cross=23, moved=2, crossings-resolved=9.
[leaf-untangle] candidates=156, with-cross=21, moved=0, crossings-resolved=0.
[stuck-leaf-diag] 25 candidates with cost>0 (top 15 below):
  cost=9 deg=3 node=app8.M4 parent=app8.M0 nbrs={app8.M0,app8.M5,app6.M8}
  cost=7 deg=2 node=app17.M6 parent=app17.M0 nbrs={app17.M0,app12.M8}
  cost=6 deg=3 node=app5.M12 parent=app5.M0 nbrs={app5.M0,app5.M11,app7.M3}
  cost=5 deg=2 node=app15.M6 parent=app15.M0 nbrs={app15.M0,app4.M6}
  cost=5 deg=3 node=app9.M9 parent=app9.M0 nbrs={app9.M0,app9.M2,app3.M6}
  cost=4 deg=3 node=app18.M2 parent=app18.M1 nbrs={app18.M0,app18.M1,app4.M9}
  cost=4 deg=3 node=app1.M3 parent=app1.M0 nbrs={app1.M0,app1.M7,app18.M4}
  cost=4 deg=2 node=app4.M6 parent=app4.M0 nbrs={app4.M0,app15.M6}
  cost=3 deg=1 node=app17.Note63 parent=app17.M0 nbrs={app17.M0}
  cost=3 deg=3 node=app5.M3 parent=app5.M0 nbrs={app5.M0,app5.M7,app5.M9}
  cost=3 deg=2 node=app2.M3 parent=app2.M0 nbrs={app2.M0,app14.M5}
  cost=3 deg=2 node=app17.M10 parent=app17.M0 nbrs={app17.M0,app4.M7}
  cost=2 deg=2 node=app5.M6 parent=app5.M0 nbrs={app5.M0,app5.Tag14}
  cost=2 deg=3 node=app16.M1 parent=app16.M0 nbrs={app16.M0,app16.M5,app16.M4}
  cost=2 deg=3 node=app16.M4 parent=app16.M0 nbrs={app16.M0,app16.M1,app16.Tag42}
[pd-knot] 133 polyline cross pairs, 3 resolved via endpoint swap.
[xings-detour] iters=2 initial-poly-pairs=131 accepted=5 (multi-seg, density-aware, polyline detect, iterative).
[visual-knot] 123→123 cross points, 8→8 hot cells (≥3), 8 handled, 0 swap accepted.
[leaf-untangle] candidates=156, with-cross=26, moved=6, crossings-resolved=11.
[leaf-untangle] candidates=156, with-cross=22, moved=2, crossings-resolved=5.
[leaf-untangle] candidates=156, with-cross=21, moved=0, crossings-resolved=0.
[stuck-leaf-diag] 25 candidates with cost>0 (top 15 below):
  cost=7 deg=2 node=app17.M6 parent=app17.M0 nbrs={app17.M0,app12.M8}
  cost=6 deg=3 node=app1.M3 parent=app1.M0 nbrs={app1.M0,app1.M7,app18.M4}
  cost=6 deg=3 node=app5.M12 parent=app5.M0 nbrs={app5.M0,app5.M11,app7.M3}
  cost=5 deg=2 node=app15.M6 parent=app15.M0 nbrs={app15.M0,app4.M6}
  cost=5 deg=3 node=app9.M9 parent=app9.M0 nbrs={app9.M0,app9.M2,app3.M6}
  cost=4 deg=2 node=app4.M6 parent=app4.M0 nbrs={app4.M0,app15.M6}
  cost=4 deg=3 node=app18.M2 parent=app18.M1 nbrs={app18.M0,app18.M1,app4.M9}
  cost=3 deg=1 node=app17.Note63 parent=app17.M0 nbrs={app17.M0}
  cost=3 deg=3 node=app5.M3 parent=app5.M0 nbrs={app5.M0,app5.M7,app5.M9}
  cost=3 deg=3 node=app8.M4 parent=app8.M0 nbrs={app8.M0,app8.M5,app6.M8}
  cost=3 deg=2 node=app17.M10 parent=app17.M0 nbrs={app17.M0,app4.M7}
  cost=2 deg=2 node=app5.M6 parent=app5.M0 nbrs={app5.M0,app5.Tag14}
  cost=2 deg=2 node=app1.M7 parent=app1.M0 nbrs={app1.M0,app1.M3}
  cost=2 deg=3 node=app16.M1 parent=app16.M0 nbrs={app16.M0,app16.M5,app16.M4}
  cost=2 deg=3 node=app16.M4 parent=app16.M0 nbrs={app16.M0,app16.M1,app16.Tag42}
[carrier-cross] segment 130 -> carrier-grouped 119 (-8%). Carriers: 190 total (4 bundle + 122 cluster-pair + 64 individual).
[isolated-stash] Stashed 13 edge-less nodes in 6-column strip at x>=19365.
[face-raster] grid 4924x3610 (cell 5.0x5.0 units), 365 faces, 17530695 bg cells (98.6% of grid)
  face #1: 14414425 cells (82.2%), bbox 4924x3610 @ (0,0)
  face #161: 203777 cells (1.2%), bbox 574x609 @ (1412,1941)
  face #360: 189325 cells (1.1%), bbox 966x672 @ (1888,2819)
  face #317: 168064 cells (1.0%), bbox 875x379 @ (677,2449)
  face #210: 157547 cells (0.9%), bbox 830x366 @ (2895,2055)
  face #356: 123338 cells (0.7%), bbox 981x473 @ (1885,2773)
  face #186: 111700 cells (0.6%), bbox 556x476 @ (1009,2025)
  face #115: 87300 cells (0.5%), bbox 867x567 @ (2861,1745)
[face-cohesion] 64 clusters analysed, 24 low-cohesion (<60% in dominant face)
  cohesion histogram:
     10%- 19%: 2 clusters
     20%- 29%: 1 clusters
     30%- 39%: 4 clusters
     40%- 49%: 1 clusters
     50%- 59%: 16 clusters
     60%- 69%: 11 clusters
     70%- 79%: 1 clusters
     80%- 89%: 1 clusters
    100%-100%: 27 clusters
  top 10 low-cohesion clusters (largest first):
    _louv_24: 7 members, 1 in dominant face, 7 faces total (14%)
    _louv_31: 6 members, 1 in dominant face, 6 faces total (17%)
    _louv_61: 5 members, 2 in dominant face, 4 faces total (40%)
    _louv_51: 4 members, 2 in dominant face, 3 faces total (50%)
    _louv_78: 4 members, 1 in dominant face, 4 faces total (25%)
    _louv_76: 4 members, 2 in dominant face, 3 faces total (50%)
    _louv_71: 4 members, 2 in dominant face, 3 faces total (50%)
    _louv_95: 3 members, 1 in dominant face, 3 faces total (33%)
    _louv_66: 3 members, 1 in dominant face, 3 faces total (33%)
    _louv_57: 3 members, 1 in dominant face, 3 faces total (33%)
[face-density] 118 micro-faces (size<50), top 10 hot regions (macro 64x64 cells):
  region (35,28): 10 micro-faces, world (7938,8563)-(8258,8883)
  region (57,35): 9 micro-faces, world (14977,10802)-(15297,11122)
  region (38,22): 9 micro-faces, world (8898,6643)-(9218,6963)
  region (44,30): 8 micro-faces, world (10818,9203)-(11138,9523)
  region (44,29): 6 micro-faces, world (10818,8883)-(11138,9203)
  region (25,25): 4 micro-faces, world (4739,7603)-(5059,7923)
  region (44,28): 4 micro-faces, world (10818,8563)-(11138,8883)
  region (58,35): 4 micro-faces, world (15297,10802)-(15617,11122)
  region (18,35): 3 micro-faces, world (2499,10802)-(2819,11122)
  region (44,32): 3 micro-faces, world (10818,9842)-(11138,10162)
[face-ppm] Wrote /tmp/face-raster.ppm (2462x1805, downsampled from 4924x3610 by 2)
[face-untangle] 22 target clusters, 32 strays, 1 moved (poly cross 126 → 125, 1 fewer)
[stuck-leaf-2d] pass 1: 1 candidates, 1 moved, 1 cost units resolved.
[stuck-leaf-2d] pass 2: 0 candidates, 0 moved, 0 cost units resolved.
[stuck-leaf-2d] 0 candidates, 1 moved, 1 cost units resolved (poly cross 125 → 124, 1 fewer)
[hot-region-sa] 10 hot cells (≥4 cross, 124 cross pts), top 5 processed, 42/709 swap accepted (cross 124 → 123, 1 fewer)
