[community] algorithm=louvain communities=89 meta=5
[hub-bias] Super-graph: pushed 1 high-deg cluster roots to 1.4x avgR.
[cg-time] 6ms post-hub-bias
[cg-time] 161ms pre-§10-outward-radial
[cg-time] 161ms pre-§11-compose
[cg-time] 161ms pre-§12-pruning-reattach
[cg-time] 161ms pre-§13-cluster-swap
[cg-time] 692ms pre-§14-chain-straightening
[cg-time] 692ms pre-§15-pruned-cross-min
[§15.5] Optimized 29 alone-root+independent nodes (11 moves).
[cg-time] 698ms pre-bus-bundle
[bus-bundle] Created 1 bus bundles (2 members, sig ≥ 2 roots).
[xings-hotspot] total=379 xings across 147 offending edges (of 297)
  edge core.Hub1↔app10.M0 xings=22 cluster=(?,?)
  edge app12.M2↔app17.M3 xings=21 cluster=(_louv_71,_louv_83)
  edge core.Hub1↔app18.M0 xings=19 cluster=(?,?)
  edge app7.M1↔app12.M3 xings=18 cluster=(?,_louv_13)
  edge app3.M10↔app13.M6 xings=15 cluster=(_louv_32,?)
  edge app12.M0↔app12.M1 xings=14 cluster=(?,?)
  edge core.Hub1↔app1.M0 xings=14 cluster=(?,_louv_9)
  edge core.Hub1↔app6.M0 xings=14 cluster=(?,?)
[xings-hotspot] top cluster signatures:
  {?|_louv_37} xings=20
  {?|_louv_42} xings=18
  {?} xings=18
  {?|_louv_71|_louv_83} xings=7
  {?|_louv_65} xings=7
  {?|_louv_0|_louv_76} xings=7
  {?|_louv_27|_louv_78} xings=6
  {?|_louv_13} xings=6
[knot-min] Accepted 94 spatial swaps among 236 candidates.
[knot-min-2opt] Accepted 3 cross-targeted swaps.
[carrier-pre] 300 edges → 188 distinct carriers (cost-side filter).
[leaf-untangle] candidates=152, with-cross=65, moved=55, crossings-resolved=183.
[leaf-untangle] candidates=152, with-cross=33, moved=15, crossings-resolved=47.
[leaf-untangle] candidates=152, with-cross=27, moved=7, crossings-resolved=11.
[leaf-untangle] candidates=152, with-cross=26, moved=5, crossings-resolved=11.
[stuck-leaf-diag] 30 candidates with cost>0 (top 15 below):
  cost=23 deg=3 node=app6.M1 parent=app6.M0 nbrs={app6.M0,app10.M4,app3.M1}
  cost=18 deg=2 node=app15.M8 parent=app15.M0 nbrs={app15.M0,app5.M5}
  cost=17 deg=2 node=app5.M9 parent=app5.M0 nbrs={app5.M0,app13.M5}
  cost=16 deg=3 node=app7.M1 parent=app7.M0 nbrs={app7.M0,app7.M4,app12.M3}
  cost=7 deg=2 node=app4.M1 parent=app4.M0 nbrs={app4.M0,app18.M1}
  cost=6 deg=2 node=app18.M1 parent=app18.M0 nbrs={app18.M0,app4.M1}
  cost=6 deg=2 node=app2.M6 parent=app2.M0 nbrs={app2.M0,app3.M4}
  cost=6 deg=2 node=app3.M4 parent=app3.M0 nbrs={app3.M0,app2.M6}
  cost=6 deg=2 node=app5.M5 parent=app5.M0 nbrs={app5.M0,app15.M8}
  cost=5 deg=3 node=app6.M3 parent=app6.M0 nbrs={app6.M0,app6.Tag7,app10.M4}
  cost=4 deg=2 node=app1.M5 parent=app1.M0 nbrs={app1.M0,app7.M3}
  cost=4 deg=2 node=app5.M3 parent=app5.M0 nbrs={app5.M0,app5.M4}
  cost=3 deg=2 node=app1.M3 parent=app19.M2 nbrs={app1.Tag13,app19.M2}
  cost=3 deg=2 node=app5.M7 parent=app5.M0 nbrs={app5.M0,app5.Address32}
  cost=3 deg=3 node=app14.M6 parent=app14.M0 nbrs={app14.M0,app14.M7,app4.M6}
[pd-knot] 208 polyline cross pairs, 3 resolved via endpoint swap.
[xings-detour] iters=2 initial-poly-pairs=220 accepted=5 (multi-seg, density-aware, polyline detect, iterative).
[visual-knot] 213→211 cross points, 31→28 hot cells (≥3), 59 handled, 1 swap accepted.
[leaf-untangle] candidates=152, with-cross=25, moved=4, crossings-resolved=11.
[leaf-untangle] candidates=152, with-cross=22, moved=0, crossings-resolved=0.
[stuck-leaf-diag] 26 candidates with cost>0 (top 15 below):
  cost=26 deg=3 node=app6.M1 parent=app6.M0 nbrs={app6.M0,app10.M4,app3.M1}
  cost=18 deg=2 node=app15.M8 parent=app15.M0 nbrs={app15.M0,app5.M5}
  cost=17 deg=2 node=app5.M9 parent=app5.M0 nbrs={app5.M0,app13.M5}
  cost=14 deg=3 node=app7.M1 parent=app7.M0 nbrs={app7.M0,app7.M4,app12.M3}
  cost=7 deg=2 node=app4.M1 parent=app4.M0 nbrs={app4.M0,app18.M1}
  cost=6 deg=2 node=app18.M1 parent=app18.M0 nbrs={app18.M0,app4.M1}
  cost=6 deg=2 node=app2.M6 parent=app2.M0 nbrs={app2.M0,app3.M4}
  cost=6 deg=2 node=app3.M4 parent=app3.M0 nbrs={app3.M0,app2.M6}
  cost=5 deg=3 node=app6.M3 parent=app6.M0 nbrs={app6.M0,app6.Tag7,app10.M4}
  cost=5 deg=2 node=app5.M5 parent=app5.M0 nbrs={app5.M0,app15.M8}
  cost=4 deg=2 node=app1.M5 parent=app1.M0 nbrs={app1.M0,app7.M3}
  cost=3 deg=2 node=app1.M3 parent=app19.M2 nbrs={app1.Tag13,app19.M2}
  cost=3 deg=3 node=app14.M6 parent=app14.M0 nbrs={app14.M0,app14.M7,app4.M6}
  cost=3 deg=1 node=app15.M5 parent=app15.M0 nbrs={app15.M0}
  cost=3 deg=3 node=app17.M6 parent=app17.M0 nbrs={app17.M0,app17.M2,app17.Note38}
[carrier-cross] segment 211 -> carrier-grouped 177 (-16%). Carriers: 184 total (2 bundle + 120 cluster-pair + 62 individual).
[isolated-stash] Stashed 5 edge-less nodes in 6-column strip at x>=22613.
[face-raster] grid 5094x3435 (cell 5.0x5.0 units), 606 faces, 17266875 bg cells (98.7% of grid)
  face #1: 14609970 cells (84.6%), bbox 5094x3435 @ (0,0)
  face #2: 345785 cells (2.0%), bbox 885x1055 @ (763,210)
  face #12: 182472 cells (1.1%), bbox 699x585 @ (1809,255)
  face #322: 136876 cells (0.8%), bbox 856x331 @ (422,1516)
  face #128: 126363 cells (0.7%), bbox 700x399 @ (761,1185)
  face #497: 113412 cells (0.7%), bbox 883x430 @ (1598,1999)
  face #17: 103143 cells (0.6%), bbox 506x388 @ (1998,661)
  face #21: 97590 cells (0.6%), bbox 520x444 @ (1145,777)
[face-cohesion] 61 clusters analysed, 24 low-cohesion (<60% in dominant face)
  cohesion histogram:
     10%- 19%: 1 clusters
     20%- 29%: 3 clusters
     30%- 39%: 5 clusters
     50%- 59%: 15 clusters
     60%- 69%: 7 clusters
     70%- 79%: 3 clusters
    100%-100%: 27 clusters
  top 10 low-cohesion clusters (largest first):
    _louv_71: 6 members, 1 in dominant face, 6 faces total (17%)
    _louv_42: 4 members, 1 in dominant face, 4 faces total (25%)
    _louv_59: 4 members, 2 in dominant face, 3 faces total (50%)
    _louv_57: 4 members, 2 in dominant face, 3 faces total (50%)
    _louv_51: 4 members, 2 in dominant face, 3 faces total (50%)
    _louv_78: 4 members, 1 in dominant face, 4 faces total (25%)
    _louv_27: 4 members, 1 in dominant face, 4 faces total (25%)
    _louv_0: 3 members, 1 in dominant face, 3 faces total (33%)
    _louv_76: 3 members, 1 in dominant face, 3 faces total (33%)
    _louv_67: 3 members, 1 in dominant face, 3 faces total (33%)
[face-density] 276 micro-faces (size<50), top 10 hot regions (macro 64x64 cells):
  region (25,32): 34 micro-faces, world (6964,9861)-(7284,10181)
  region (37,37): 18 micro-faces, world (10803,11460)-(11123,11780)
  region (37,36): 15 micro-faces, world (10803,11140)-(11123,11460)
  region (38,37): 10 micro-faces, world (11123,11460)-(11443,11780)
  region (29,22): 10 micro-faces, world (8244,6661)-(8564,6981)
  region (17,20): 10 micro-faces, world (4405,6021)-(4725,6341)
  region (26,28): 9 micro-faces, world (7284,8581)-(7604,8901)
  region (28,21): 8 micro-faces, world (7924,6341)-(8244,6661)
  region (20,3): 7 micro-faces, world (5364,582)-(5684,902)
  region (28,26): 7 micro-faces, world (7924,7941)-(8244,8261)
[face-ppm] Wrote /tmp/face-raster.ppm (2547x1717, downsampled from 5094x3435 by 2)
[face-untangle] 21 target clusters, 30 strays, 0 moved (poly cross 210 → 210, 0 fewer)
[stuck-leaf-2d] pass 1: 1 candidates, 1 moved, 1 cost units resolved.
[stuck-leaf-2d] pass 2: 0 candidates, 0 moved, 0 cost units resolved.
[stuck-leaf-2d] 0 candidates, 1 moved, 1 cost units resolved (poly cross 210 → 209, 1 fewer)
[hot-region-sa] 23 hot cells (≥4 cross, 209 cross pts), top 5 processed, 43/867 swap accepted (cross 209 → 209, 0 fewer)
