[community] algorithm=louvain communities=69 meta=6
[hub-bias] Super-graph: pushed 7 high-deg cluster roots to 1.4x avgR.
[cg-time] 4ms post-hub-bias
[cg-time] 41ms pre-§10-outward-radial
[cg-time] 41ms pre-§11-compose
[cg-time] 41ms pre-§12-pruning-reattach
[cg-time] 41ms pre-§13-cluster-swap
[cg-time] 544ms pre-§14-chain-straightening
[cg-time] 544ms pre-§15-pruned-cross-min
[§15.5] Optimized 20 alone-root+independent nodes (4 moves).
[cg-time] 547ms pre-bus-bundle
[xings-hotspot] total=212 xings across 108 offending edges (of 219)
  edge core.Hub0↔app2.M0 xings=22 cluster=(_louv_0,_louv_18)
  edge core.Hub1↔app1.M0 xings=15 cluster=(_louv_1,_louv_12)
  edge core.Hub2↔app10.M0 xings=14 cluster=(_louv_2,_louv_51)
  edge app5.M0↔app5.M4 xings=12 cluster=(?,_louv_0)
  edge core.Hub2↔app7.M0 xings=11 cluster=(_louv_2,_louv_42)
  edge app15.M0↔app15.M8 xings=10 cluster=(_louv_64,_louv_61)
  edge app0.M6↔app5.M3 xings=10 cluster=(?,_louv_34)
  edge core.Hub1↔app0.M0 xings=10 cluster=(_louv_1,_louv_3)
[xings-hotspot] top cluster signatures:
  {?|_louv_1|_louv_26|_louv_51} xings=4
  {?|_louv_0|_louv_64} xings=4
  {?|_louv_45|_louv_61} xings=4
  {?|_louv_51} xings=3
  {?|_louv_18|_louv_33|_louv_42} xings=3
  {?|_louv_0|_louv_18|_louv_42} xings=3
  {?|_louv_18|_louv_56} xings=3
  {?|_louv_44|_louv_54} xings=3
[bundle-clear] Pushed 1 nodes off bundle bboxes.
[knot-min] Accepted 20 spatial swaps among 167 candidates.
[carrier-pre] 221 edges → 145 distinct carriers (cost-side filter).
[leaf-untangle] candidates=98, with-cross=38, moved=28, crossings-resolved=91.
[leaf-untangle] candidates=98, with-cross=27, moved=9, crossings-resolved=24.
[leaf-untangle] candidates=98, with-cross=23, moved=1, crossings-resolved=3.
[leaf-untangle] candidates=98, with-cross=23, moved=0, crossings-resolved=0.
[stuck-leaf-diag] 25 candidates with cost>0 (top 15 below):
  cost=14 deg=2 node=app3.M1 parent=app3.M0 nbrs={app3.M0,app13.M5}
  cost=8 deg=2 node=app0.M12 parent=app0.M0 nbrs={app0.M0,app0.M6}
  cost=8 deg=2 node=app10.M6 parent=app15.M0 nbrs={app10.M0,app15.M0}
  cost=8 deg=2 node=app0.M6 parent=app5.M3 nbrs={app0.M12,app5.M3}
  cost=6 deg=2 node=app7.M10 parent=app7.M9 nbrs={app7.M9,app6.M14}
  cost=5 deg=2 node=app10.M2 parent=app10.M0 nbrs={app10.M0,app13.M0}
  cost=5 deg=3 node=app10.M1 parent=app10.M0 nbrs={app10.M0,app10.M9,app5.M2}
  cost=4 deg=2 node=app13.M5 parent=app13.M6 nbrs={app13.M6,app3.M1}
  cost=4 deg=2 node=app6.M14 parent=app6.M0 nbrs={app6.M0,app7.M10}
  cost=4 deg=3 node=app7.M1 parent=app7.M0 nbrs={app7.M0,app7.M8,app6.M8}
  cost=3 deg=1 node=app15.M3 parent=app15.M1 nbrs={app15.M1}
  cost=3 deg=2 node=app0.M11 parent=app3.M0 nbrs={app0.M0,app3.M0}
  cost=3 deg=3 node=app14.M2 parent=app14.M0 nbrs={app14.M0,app14.M1,app7.M7}
  cost=3 deg=2 node=app15.M1 parent=app15.M0 nbrs={app15.M0,app15.M3}
  cost=2 deg=2 node=app7.M9 parent=app7.M0 nbrs={app7.M0,app7.M10}
[pd-knot] 164 polyline cross pairs, 1 resolved via endpoint swap.
[xings-detour] iters=2 initial-poly-pairs=172 accepted=1 (multi-seg, density-aware, polyline detect, iterative).
[visual-knot] 167→167 cross points, 12→12 hot cells (≥3), 12 handled, 0 swap accepted.
[leaf-untangle] candidates=98, with-cross=24, moved=2, crossings-resolved=4.
[leaf-untangle] candidates=98, with-cross=24, moved=0, crossings-resolved=0.
[stuck-leaf-diag] 26 candidates with cost>0 (top 15 below):
  cost=14 deg=2 node=app3.M1 parent=app3.M0 nbrs={app3.M0,app13.M5}
  cost=8 deg=2 node=app0.M12 parent=app0.M0 nbrs={app0.M0,app0.M6}
  cost=8 deg=2 node=app10.M6 parent=app15.M0 nbrs={app10.M0,app15.M0}
  cost=8 deg=3 node=app7.M1 parent=app7.M0 nbrs={app7.M0,app7.M8,app6.M8}
  cost=8 deg=2 node=app0.M6 parent=app5.M3 nbrs={app0.M12,app5.M3}
  cost=5 deg=2 node=app7.M10 parent=app7.M9 nbrs={app7.M9,app6.M14}
  cost=5 deg=2 node=app10.M2 parent=app10.M0 nbrs={app10.M0,app13.M0}
  cost=5 deg=3 node=app10.M1 parent=app10.M0 nbrs={app10.M0,app10.M9,app5.M2}
  cost=4 deg=2 node=app13.M5 parent=app13.M6 nbrs={app13.M6,app3.M1}
  cost=4 deg=2 node=app6.M14 parent=app6.M0 nbrs={app6.M0,app7.M10}
  cost=3 deg=1 node=app15.M3 parent=app15.M1 nbrs={app15.M1}
  cost=3 deg=2 node=app0.M11 parent=app3.M0 nbrs={app0.M0,app3.M0}
  cost=3 deg=3 node=app14.M2 parent=app14.M0 nbrs={app14.M0,app14.M1,app7.M7}
  cost=3 deg=2 node=app15.M1 parent=app15.M0 nbrs={app15.M0,app15.M3}
  cost=2 deg=3 node=app4.M11 parent=app4.M0 nbrs={app4.M0,app4.M4,app11.M3}
[carrier-cross] segment 172 -> carrier-grouped 139 (-19%). Carriers: 145 total (1 bundle + 100 cluster-pair + 44 individual).
[isolated-stash] Stashed 11 edge-less nodes in 6-column strip at x>=25980.
[face-raster] grid 6161x4548 (cell 5.0x5.0 units), 479 faces, 27798742 bg cells (99.2% of grid)
  face #1: 21375063 cells (76.9%), bbox 6161x4548 @ (0,0)
  face #96: 816820 cells (2.9%), bbox 1706x2474 @ (161,1270)
  face #4: 363485 cells (1.3%), bbox 2121x604 @ (1994,642)
  face #201: 360174 cells (1.3%), bbox 1153x793 @ (3137,1550)
  face #89: 298419 cells (1.1%), bbox 796x977 @ (2966,1247)
  face #275: 285409 cells (1.0%), bbox 463x1974 @ (1584,1737)
  face #118: 236044 cells (0.8%), bbox 1227x812 @ (3043,1375)
  face #433: 230602 cells (0.8%), bbox 751x1383 @ (2092,2468)
[face-cohesion] 38 clusters analysed, 16 low-cohesion (<60% in dominant face)
  cohesion histogram:
     20%- 29%: 3 clusters
     30%- 39%: 5 clusters
     40%- 49%: 1 clusters
     50%- 59%: 7 clusters
     60%- 69%: 4 clusters
     80%- 89%: 1 clusters
    100%-100%: 17 clusters
  top 10 low-cohesion clusters (largest first):
    _louv_22: 6 members, 3 in dominant face, 3 faces total (50%)
    _louv_45: 5 members, 2 in dominant face, 3 faces total (40%)
    _louv_64: 4 members, 1 in dominant face, 4 faces total (25%)
    _louv_52: 4 members, 2 in dominant face, 3 faces total (50%)
    _louv_3: 4 members, 1 in dominant face, 4 faces total (25%)
    _louv_42: 4 members, 1 in dominant face, 4 faces total (25%)
    _louv_41: 3 members, 1 in dominant face, 3 faces total (33%)
    _louv_56: 3 members, 1 in dominant face, 3 faces total (33%)
    _louv_18: 3 members, 1 in dominant face, 3 faces total (33%)
    _louv_0: 3 members, 1 in dominant face, 3 faces total (33%)
[face-density] 222 micro-faces (size<50), top 10 hot regions (macro 64x64 cells):
  region (24,23): 17 micro-faces, world (5097,6874)-(5417,7194)
  region (31,10): 16 micro-faces, world (7337,2715)-(7657,3035)
  region (18,33): 14 micro-faces, world (3178,10074)-(3498,10394)
  region (19,31): 14 micro-faces, world (3498,9434)-(3818,9754)
  region (34,32): 12 micro-faces, world (8297,9754)-(8617,10074)
  region (34,31): 10 micro-faces, world (8297,9434)-(8617,9754)
  region (20,26): 10 micro-faces, world (3818,7834)-(4138,8154)
  region (32,60): 9 micro-faces, world (7657,18714)-(7977,19034)
  region (18,32): 9 micro-faces, world (3178,9754)-(3498,10074)
  region (19,30): 9 micro-faces, world (3498,9114)-(3818,9434)
[face-ppm] Wrote /tmp/face-raster.ppm (3080x2274, downsampled from 6161x4548 by 2)
[face-untangle] 13 target clusters, 23 strays, 0 moved (poly cross 168 → 168, 0 fewer)
[stuck-leaf-2d] pass 1: 2 candidates, 1 moved, 3 cost units resolved.
[stuck-leaf-2d] pass 2: 1 candidates, 0 moved, 0 cost units resolved.
[stuck-leaf-2d] 1 candidates, 1 moved, 3 cost units resolved (poly cross 168 → 165, 3 fewer)
[hot-region-sa] 12 hot cells (≥4 cross, 165 cross pts), top 5 processed, 49/508 swap accepted (cross 165 → 165, 0 fewer)
