[community] algorithm=louvain communities=87 meta=4
[hub-bias] Super-graph: pushed 11 high-deg cluster roots to 1.4x avgR.
[cg-time] 6ms post-hub-bias
[cg-time] 55ms pre-§10-outward-radial
[cg-time] 55ms pre-§11-compose
[cg-time] 55ms pre-§12-pruning-reattach
[cg-time] 55ms pre-§13-cluster-swap
[cg-time] 722ms pre-§14-chain-straightening
[cg-time] 722ms pre-§15-pruned-cross-min
[§15.5] Optimized 23 alone-root+independent nodes (9 moves).
[cg-time] 727ms pre-bus-bundle
[xings-hotspot] total=301 xings across 151 offending edges (of 300)
  edge app0.M0↔app10.M12 xings=18 cluster=(?,?)
  edge app1.M0↔app11.M9 xings=17 cluster=(?,?)
  edge app15.M0↔app15.M1 xings=15 cluster=(_louv_19,_louv_74)
  edge core.Hub0↔app1.M0 xings=15 cluster=(_louv_0,?)
  edge app11.M4↔app18.M1 xings=15 cluster=(_louv_62,?)
  edge app11.M7↔app12.M3 xings=15 cluster=(_louv_64,_louv_68)
  edge core.Hub0↔app9.M0 xings=13 cluster=(_louv_0,_louv_34)
  edge app2.M3↔app18.M0 xings=13 cluster=(?,_louv_86)
[xings-hotspot] top cluster signatures:
  {?|_louv_34|_louv_36} xings=5
  {?|_louv_15} xings=5
  {?|_louv_0|_louv_34} xings=4
  {?|_louv_12|_louv_34} xings=4
  {?|_louv_36|_louv_37} xings=3
  {?|_louv_36} xings=3
  {?|_louv_7|_louv_9} xings=3
  {?|_louv_1|_louv_6} xings=3
[knot-min] Accepted 65 spatial swaps among 243 candidates.
[carrier-pre] 306 edges → 205 distinct carriers (cost-side filter).
[leaf-untangle] candidates=146, with-cross=41, moved=35, crossings-resolved=109.
[leaf-untangle] candidates=146, with-cross=16, moved=6, crossings-resolved=11.
[leaf-untangle] candidates=146, with-cross=13, moved=1, crossings-resolved=3.
[leaf-untangle] candidates=146, with-cross=13, moved=0, crossings-resolved=0.
[stuck-leaf-diag] 13 candidates with cost>0 (top 15 below):
  cost=15 deg=3 node=app10.M12 parent=app10.M0 nbrs={app10.M0,app10.M6,app0.M0}
  cost=11 deg=3 node=app7.M2 parent=app1.M1 nbrs={app7.M0,app7.M6,app1.M1}
  cost=7 deg=2 node=app17.M1 parent=app17.M0 nbrs={app17.M0,app17.Tag25}
  cost=5 deg=2 node=app11.M8 parent=app11.M0 nbrs={app11.M0,app11.Tag49}
  cost=5 deg=3 node=app18.M2 parent=app18.M0 nbrs={app18.M0,app18.M1,app8.M6}
  cost=3 deg=3 node=app9.M2 parent=app9.M0 nbrs={app9.M0,app9.M6,app14.M0}
  cost=3 deg=3 node=app10.M10 parent=app10.M0 nbrs={app10.M0,app10.M3,app7.M4}
  cost=1 deg=2 node=app2.M6 parent=app2.M0 nbrs={app2.M0,app2.M1}
  cost=1 deg=2 node=app2.M7 parent=app2.M0 nbrs={app2.M0,app2.Asset2}
  cost=1 deg=2 node=app5.M6 parent=app5.M0 nbrs={app5.M7,app5.M0}
  cost=1 deg=3 node=app8.M1 parent=app8.M0 nbrs={app8.M0,app8.File62,app8.M3}
  cost=1 deg=2 node=app10.M2 parent=app10.M0 nbrs={app10.M0,app10.Log70}
  cost=1 deg=1 node=app14.Address84 parent=app14.M5 nbrs={app14.M5}
[pd-knot] 205 polyline cross pairs, 4 resolved via endpoint swap.
[xings-detour] iters=2 initial-poly-pairs=207 accepted=5 (multi-seg, density-aware, polyline detect, iterative).
[visual-knot] 200→200 cross points, 10→10 hot cells (≥3), 10 handled, 0 swap accepted.
[leaf-untangle] candidates=146, with-cross=17, moved=5, crossings-resolved=6.
[leaf-untangle] candidates=146, with-cross=12, moved=0, crossings-resolved=0.
[stuck-leaf-diag] 12 candidates with cost>0 (top 15 below):
  cost=15 deg=3 node=app10.M12 parent=app10.M0 nbrs={app10.M0,app10.M6,app0.M0}
  cost=11 deg=3 node=app7.M2 parent=app1.M1 nbrs={app7.M0,app7.M6,app1.M1}
  cost=7 deg=2 node=app17.M1 parent=app17.M0 nbrs={app17.M0,app17.Tag25}
  cost=5 deg=2 node=app11.M8 parent=app11.M0 nbrs={app11.M0,app11.Tag49}
  cost=5 deg=3 node=app18.M2 parent=app18.M0 nbrs={app18.M0,app18.M1,app8.M6}
  cost=3 deg=3 node=app9.M2 parent=app9.M0 nbrs={app9.M0,app9.M6,app14.M0}
  cost=2 deg=3 node=app10.M10 parent=app10.M0 nbrs={app10.M0,app10.M3,app7.M4}
  cost=1 deg=2 node=app2.M6 parent=app2.M0 nbrs={app2.M0,app2.M1}
  cost=1 deg=2 node=app2.M7 parent=app2.M0 nbrs={app2.M0,app2.Asset2}
  cost=1 deg=2 node=app5.M6 parent=app5.M0 nbrs={app5.M7,app5.M0}
  cost=1 deg=3 node=app8.M1 parent=app8.M0 nbrs={app8.M0,app8.File62,app8.M3}
  cost=1 deg=1 node=app14.Address84 parent=app14.M5 nbrs={app14.M5}
[isolated-stash] Stashed 3 edge-less nodes in 6-column strip at x>=24820.
[face-raster] grid 5334x3828 (cell 5.0x5.0 units), 610 faces, 20169176 bg cells (98.8% of grid)
  face #1: 14781387 cells (73.3%), bbox 5334x3828 @ (0,0)
  face #518: 244054 cells (1.2%), bbox 1291x1021 @ (1377,2395)
  face #406: 213578 cells (1.1%), bbox 549x737 @ (3324,2029)
  face #580: 180677 cells (0.9%), bbox 798x767 @ (1878,2646)
  face #23: 162413 cells (0.8%), bbox 247x1228 @ (1698,244)
  face #578: 156921 cells (0.8%), bbox 688x356 @ (3200,2612)
  face #521: 150241 cells (0.7%), bbox 539x504 @ (2641,2397)
  face #573: 140973 cells (0.7%), bbox 601x537 @ (2585,2561)
[face-cohesion] 69 clusters analysed, 24 low-cohesion (<60% in dominant face)
  cohesion histogram:
     20%- 29%: 1 clusters
     30%- 39%: 5 clusters
     40%- 49%: 2 clusters
     50%- 59%: 16 clusters
     60%- 69%: 11 clusters
     70%- 79%: 2 clusters
    100%-100%: 32 clusters
  top 10 low-cohesion clusters (largest first):
    _louv_24: 5 members, 2 in dominant face, 4 faces total (40%)
    _louv_76: 5 members, 1 in dominant face, 5 faces total (20%)
    _louv_31: 5 members, 2 in dominant face, 4 faces total (40%)
    _louv_34: 4 members, 2 in dominant face, 3 faces total (50%)
    _louv_86: 3 members, 1 in dominant face, 3 faces total (33%)
    _louv_40: 3 members, 1 in dominant face, 3 faces total (33%)
    _louv_59: 3 members, 1 in dominant face, 3 faces total (33%)
    _louv_36: 3 members, 1 in dominant face, 3 faces total (33%)
    _louv_6: 3 members, 1 in dominant face, 3 faces total (33%)
    _louv_38: 2 members, 1 in dominant face, 2 faces total (50%)
[face-density] 299 micro-faces (size<50), top 10 hot regions (macro 64x64 cells):
  region (60,13): 33 micro-faces, world (18637,3725)-(18957,4045)
  region (60,12): 17 micro-faces, world (18637,3405)-(18957,3725)
  region (31,1): 13 micro-faces, world (9358,-115)-(9678,205)
  region (25,37): 12 micro-faces, world (7438,11404)-(7758,11724)
  region (61,11): 10 micro-faces, world (18957,3085)-(19277,3405)
  region (41,53): 9 micro-faces, world (12558,16524)-(12878,16844)
  region (27,39): 9 micro-faces, world (8078,12044)-(8398,12364)
  region (26,39): 9 micro-faces, world (7758,12044)-(8078,12364)
  region (40,33): 8 micro-faces, world (12238,10124)-(12558,10444)
  region (23,27): 7 micro-faces, world (6798,8204)-(7118,8524)
[face-ppm] Wrote /tmp/face-raster.ppm (2667x1914, downsampled from 5334x3828 by 2)
[face-untangle] 24 target clusters, 35 strays, 0 moved (poly cross 198 → 198, 0 fewer)
[stuck-leaf-2d] pass 1: 1 candidates, 1 moved, 1 cost units resolved.
[stuck-leaf-2d] pass 2: 0 candidates, 0 moved, 0 cost units resolved.
[stuck-leaf-2d] 0 candidates, 1 moved, 1 cost units resolved (poly cross 198 → 196, 2 fewer)
[hot-region-sa] 13 hot cells (≥4 cross, 196 cross pts), top 5 processed, 252/624 swap accepted (cross 196 → 195, 1 fewer)
