[community] algorithm=louvain communities=108 meta=3
[hub-bias] Super-graph: pushed 2 high-deg cluster roots to 1.4x avgR.
[cg-time] 11ms post-hub-bias
[cg-time] 137ms pre-§10-outward-radial
[cg-time] 137ms pre-§11-compose
[cg-time] 137ms pre-§12-pruning-reattach
[cg-time] 138ms pre-§13-cluster-swap
[cg-time] 533ms pre-§14-chain-straightening
[cg-time] 533ms pre-§15-pruned-cross-min
[§15.5] Optimized 37 alone-root+independent nodes (6 moves).
[cg-time] 542ms pre-bus-bundle
[bus-bundle] Created 2 bus bundles (4 members, sig ≥ 2 roots).
[xings-hotspot] total=159 xings across 114 offending edges (of 320)
  edge app7.M0↔app7.M6 xings=11 cluster=(_louv_49,_louv_52)
  edge app0.M0↔app0.M5 xings=10 cluster=(_louv_0,_louv_4)
  edge app2.M0↔app2.M2 xings=10 cluster=(_louv_14,?)
  edge app0.M9↔app1.M1 xings=9 cluster=(?,?)
  edge app1.M1↔app6.M8 xings=8 cluster=(?,?)
  edge app0.M2↔app0.M8 xings=8 cluster=(?,?)
  edge app8.M8↔app18.M1 xings=7 cluster=(_louv_55,_louv_76)
  edge app7.M0↔app7.M8 xings=7 cluster=(_louv_49,?)
[xings-hotspot] top cluster signatures:
  {?|_louv_37|_louv_45} xings=10
  {?|_louv_76} xings=6
  {?|_louv_49} xings=5
  {_louv_55|_louv_76} xings=4
  {?|_louv_83} xings=4
  {?|_louv_7} xings=4
  {?|_louv_10|_louv_76} xings=3
  {?|_louv_0} xings=3
[bundle-clear] Pushed 4 nodes off bundle bboxes.
[knot-min] Accepted 35 spatial swaps among 266 candidates.
[carrier-pre] 322 edges → 199 distinct carriers (cost-side filter).
[leaf-untangle] candidates=176, with-cross=50, moved=41, crossings-resolved=137.
[leaf-untangle] candidates=176, with-cross=24, moved=11, crossings-resolved=29.
[leaf-untangle] candidates=176, with-cross=16, moved=0, crossings-resolved=0.
[stuck-leaf-diag] 24 candidates with cost>0 (top 15 below):
  cost=19 deg=3 node=app0.M8 parent=app0.M0 nbrs={app0.M0,app0.M2,app2.M2}
  cost=12 deg=2 node=app2.M5 parent=app2.M0 nbrs={app2.M0,app2.M6}
  cost=10 deg=2 node=app8.M2 parent=app8.M0 nbrs={app8.M0,app13.M7}
  cost=9 deg=2 node=app3.M8 parent=app3.M0 nbrs={app3.M0,app6.M7}
  cost=8 deg=2 node=app13.M7 parent=app13.M0 nbrs={app13.M0,app8.M2}
  cost=7 deg=2 node=app8.M7 parent=app8.M0 nbrs={app8.M0,app8.File33}
  cost=7 deg=2 node=app2.M6 parent=app7.M2 nbrs={app2.M5,app7.M2}
  cost=7 deg=2 node=app6.M7 parent=app6.M0 nbrs={app6.M0,app3.M8}
  cost=5 deg=1 node=app0.Address31 parent=app0.M2 nbrs={app0.M2}
  cost=4 deg=2 node=app19.M8 parent=app19.M0 nbrs={app19.M0,app19.Asset6}
  cost=4 deg=2 node=app3.M5 parent=app3.M0 nbrs={app3.M0,app3.M4}
  cost=3 deg=3 node=app17.M3 parent=app17.M1 nbrs={app17.M0,app17.M1,app3.M3}
  cost=3 deg=3 node=app13.M13 parent=app13.M0 nbrs={app13.M0,app13.M5,app13.Note26}
  cost=3 deg=2 node=app5.M2 parent=app5.M0 nbrs={app5.M0,app5.M3}
  cost=2 deg=2 node=app8.M1 parent=app8.M0 nbrs={app8.M0,app8.M8}
[pd-knot] 118 polyline cross pairs, 5 resolved via endpoint swap.
[xings-detour] iters=2 initial-poly-pairs=119 accepted=10 (multi-seg, density-aware, polyline detect, iterative).
[visual-knot] 106→106 cross points, 4→4 hot cells (≥3), 4 handled, 0 swap accepted.
[leaf-untangle] candidates=176, with-cross=23, moved=9, crossings-resolved=33.
[leaf-untangle] candidates=176, with-cross=16, moved=1, crossings-resolved=3.
[leaf-untangle] candidates=176, with-cross=19, moved=3, crossings-resolved=6.
[stuck-leaf-diag] 25 candidates with cost>0 (top 15 below):
  cost=18 deg=3 node=app0.M8 parent=app0.M0 nbrs={app0.M0,app0.M2,app2.M2}
  cost=12 deg=2 node=app2.M5 parent=app2.M0 nbrs={app2.M0,app2.M6}
  cost=9 deg=2 node=app3.M8 parent=app3.M0 nbrs={app3.M0,app6.M7}
  cost=9 deg=2 node=app8.M2 parent=app8.M0 nbrs={app8.M0,app13.M7}
  cost=7 deg=2 node=app2.M6 parent=app7.M2 nbrs={app2.M5,app7.M2}
  cost=7 deg=2 node=app8.M7 parent=app8.M0 nbrs={app8.M0,app8.File33}
  cost=7 deg=2 node=app6.M7 parent=app6.M0 nbrs={app6.M0,app3.M8}
  cost=6 deg=2 node=app13.M7 parent=app13.M0 nbrs={app13.M0,app8.M2}
  cost=4 deg=1 node=app0.Address31 parent=app0.M2 nbrs={app0.M2}
  cost=4 deg=2 node=app3.M5 parent=app3.M0 nbrs={app3.M0,app3.M4}
  cost=4 deg=2 node=app19.M8 parent=app19.M0 nbrs={app19.M0,app19.Asset6}
  cost=3 deg=2 node=app5.M2 parent=app5.M0 nbrs={app5.M0,app5.M3}
  cost=3 deg=2 node=app3.M2 parent=app13.M0 nbrs={app3.Log60,app13.M0}
  cost=3 deg=3 node=app13.M8 parent=app13.M0 nbrs={app13.M0,app13.M11,app10.M1}
  cost=3 deg=3 node=app17.M3 parent=app17.M1 nbrs={app17.M0,app17.M1,app3.M3}
[carrier-cross] segment 107 -> carrier-grouped 95 (-11%). Carriers: 195 total (6 bundle + 118 cluster-pair + 71 individual).
[isolated-stash] Stashed 8 edge-less nodes in 6-column strip at x>=30696.
[face-raster] grid 6709x5590 (cell 5.0x5.0 units), 450 faces, 37230532 bg cells (99.3% of grid)
  face #1: 34427899 cells (92.5%), bbox 6709x5590 @ (0,0)
  face #6: 249958 cells (0.7%), bbox 557x848 @ (1523,1140)
  face #2: 188765 cells (0.5%), bbox 381x862 @ (1295,1107)
  face #5: 156536 cells (0.4%), bbox 630x812 @ (1683,1107)
  face #311: 145376 cells (0.4%), bbox 494x832 @ (1945,2750)
  face #140: 141254 cells (0.4%), bbox 565x481 @ (669,2203)
  face #66: 116114 cells (0.3%), bbox 700x412 @ (2462,2063)
  face #334: 83817 cells (0.2%), bbox 456x389 @ (2327,2795)
[face-cohesion] 69 clusters analysed, 21 low-cohesion (<60% in dominant face)
  cohesion histogram:
     20%- 29%: 1 clusters
     30%- 39%: 5 clusters
     50%- 59%: 15 clusters
     60%- 69%: 13 clusters
     70%- 79%: 3 clusters
    100%-100%: 32 clusters
  top 10 low-cohesion clusters (largest first):
    _louv_76: 11 members, 3 in dominant face, 7 faces total (27%)
    _louv_54: 6 members, 2 in dominant face, 5 faces total (33%)
    _louv_92: 4 members, 2 in dominant face, 2 faces total (50%)
    _louv_83: 4 members, 2 in dominant face, 3 faces total (50%)
    _louv_102: 3 members, 1 in dominant face, 3 faces total (33%)
    _louv_49: 3 members, 1 in dominant face, 3 faces total (33%)
    _louv_43: 3 members, 1 in dominant face, 3 faces total (33%)
    _louv_29: 3 members, 1 in dominant face, 3 faces total (33%)
    _louv_7: 2 members, 1 in dominant face, 2 faces total (50%)
    _louv_95: 2 members, 1 in dominant face, 2 faces total (50%)
[face-density] 219 micro-faces (size<50), top 10 hot regions (macro 64x64 cells):
  region (42,43): 21 micro-faces, world (12745,13173)-(13065,13493)
  region (33,46): 19 micro-faces, world (9866,14133)-(10186,14452)
  region (36,48): 12 micro-faces, world (10826,14772)-(11146,15092)
  region (32,46): 11 micro-faces, world (9546,14133)-(9866,14452)
  region (32,33): 11 micro-faces, world (9546,9973)-(9866,10293)
  region (29,36): 11 micro-faces, world (8586,10933)-(8906,11253)
  region (21,31): 7 micro-faces, world (6026,9333)-(6346,9653)
  region (48,40): 7 micro-faces, world (14665,12213)-(14985,12533)
  region (40,40): 7 micro-faces, world (12105,12213)-(12425,12533)
  region (42,32): 6 micro-faces, world (12745,9653)-(13065,9973)
[face-ppm] Wrote /tmp/face-raster.ppm (3354x2795, downsampled from 6709x5590 by 2)
[face-untangle] 22 target clusters, 33 strays, 2 moved (poly cross 106 → 106, 0 fewer)
[stuck-leaf-2d] pass 1: 1 candidates, 1 moved, 1 cost units resolved.
[stuck-leaf-2d] pass 2: 0 candidates, 0 moved, 0 cost units resolved.
[stuck-leaf-2d] 0 candidates, 1 moved → REVERTED (poly cross 106 → 107)
[hot-region-sa] 5 hot cells (≥4 cross, 109 cross pts), top 5 processed, 101/835 swap accepted (cross 109 → 106, 3 fewer)
