[community] algorithm=louvain communities=64 meta=4
[hub-bias] Super-graph: pushed 3 high-deg cluster roots to 1.4x avgR.
[cg-time] 3ms post-hub-bias
[cg-time] 125ms pre-§10-outward-radial
[cg-time] 125ms pre-§11-compose
[cg-time] 125ms pre-§12-pruning-reattach
[cg-time] 125ms pre-§13-cluster-swap
[cg-time] 445ms pre-§14-chain-straightening
[cg-time] 445ms pre-§15-pruned-cross-min
[§15.5] Optimized 14 alone-root+independent nodes (3 moves).
[cg-time] 448ms pre-bus-bundle
[xings-hotspot] total=179 xings across 90 offending edges (of 180)
  edge app5.M4↔app6.M2 xings=19 cluster=(_louv_12,_louv_32)
  edge app2.M3↔app5.M5 xings=13 cluster=(?,_louv_28)
  edge core.Hub0↔app1.M0 xings=12 cluster=(?,_louv_0)
  edge app3.M7↔app10.M6 xings=12 cluster=(?,_louv_18)
  edge app8.M0↔app8.M5 xings=11 cluster=(_louv_40,_louv_43)
  edge app4.M2↔app6.M2 xings=11 cluster=(_louv_22,_louv_32)
  edge core.Hub1↔app1.M0 xings=11 cluster=(?,_louv_0)
  edge core.Hub1↔app10.M0 xings=10 cluster=(?,_louv_53)
[xings-hotspot] top cluster signatures:
  {?|_louv_16|_louv_46} xings=6
  {?|_louv_11|_louv_20} xings=4
  {?|_louv_20|_louv_28} xings=4
  {?|_louv_14|_louv_46} xings=4
  {?|_louv_32} xings=4
  {?|_louv_0|_louv_25} xings=3
  {?|_louv_16|_louv_46|_louv_52} xings=3
  {?|_louv_11|_louv_28} xings=3
[knot-min] Accepted 45 spatial swaps among 150 candidates.
[carrier-pre] 185 edges → 122 distinct carriers (cost-side filter).
[leaf-untangle] candidates=94, with-cross=28, moved=19, crossings-resolved=55.
[leaf-untangle] candidates=94, with-cross=21, moved=8, crossings-resolved=33.
[leaf-untangle] candidates=94, with-cross=17, moved=0, crossings-resolved=0.
[stuck-leaf-diag] 17 candidates with cost>0 (top 15 below):
  cost=5 deg=2 node=app4.M3 parent=app4.M0 nbrs={app4.M0,app2.M6}
  cost=4 deg=3 node=app6.M3 parent=app6.M2 nbrs={app6.M0,app6.M2,app0.M0}
  cost=3 deg=2 node=app3.M7 parent=app3.M0 nbrs={app3.M0,app10.M6}
  cost=3 deg=3 node=app5.M5 parent=app5.M0 nbrs={app5.M0,app5.M7,app2.M3}
  cost=3 deg=2 node=app9.M6 parent=app9.M13 nbrs={app9.M13,app11.M1}
  cost=3 deg=3 node=app9.M13 parent=app9.M0 nbrs={app9.M0,app9.M6,app9.M11}
  cost=2 deg=3 node=app6.M0 parent=app6.M2 nbrs={app6.M1,app6.M2,app6.M3}
  cost=2 deg=2 node=app7.M1 parent=app7.M0 nbrs={app7.M0,app4.M7}
  cost=2 deg=2 node=app9.M7 parent=app9.M0 nbrs={app9.M0,app9.Asset2}
  cost=2 deg=2 node=app10.M6 parent=app10.M0 nbrs={app10.M0,app3.M7}
  cost=1 deg=2 node=app1.M7 parent=app1.M5 nbrs={app1.M5,app10.M4}
  cost=1 deg=2 node=app2.M6 parent=app2.M0 nbrs={app2.M0,app4.M3}
  cost=1 deg=2 node=app5.M1 parent=app5.M0 nbrs={app5.M0,app5.Note19}
  cost=1 deg=2 node=app9.M11 parent=app9.M0 nbrs={app9.M0,app9.M13}
  cost=1 deg=2 node=app10.M4 parent=app10.M0 nbrs={app10.M0,app1.M7}
[pd-knot] 105 polyline cross pairs, 2 resolved via endpoint swap.
[xings-detour] iters=2 initial-poly-pairs=93 accepted=2 (multi-seg, density-aware, polyline detect, iterative).
[visual-knot] 89→89 cross points, 6→6 hot cells (≥3), 6 handled, 0 swap accepted.
[leaf-untangle] candidates=94, with-cross=17, moved=2, crossings-resolved=3.
[leaf-untangle] candidates=94, with-cross=17, moved=0, crossings-resolved=0.
[stuck-leaf-diag] 17 candidates with cost>0 (top 15 below):
  cost=5 deg=2 node=app4.M3 parent=app4.M0 nbrs={app4.M0,app2.M6}
  cost=4 deg=3 node=app6.M3 parent=app6.M2 nbrs={app6.M0,app6.M2,app0.M0}
  cost=3 deg=2 node=app3.M7 parent=app3.M0 nbrs={app3.M0,app10.M6}
  cost=3 deg=3 node=app5.M5 parent=app5.M0 nbrs={app5.M0,app5.M7,app2.M3}
  cost=3 deg=2 node=app9.M6 parent=app9.M13 nbrs={app9.M13,app11.M1}
  cost=3 deg=3 node=app9.M13 parent=app9.M0 nbrs={app9.M0,app9.M6,app9.M11}
  cost=2 deg=3 node=app6.M0 parent=app6.M2 nbrs={app6.M1,app6.M2,app6.M3}
  cost=2 deg=2 node=app7.M1 parent=app7.M0 nbrs={app7.M0,app4.M7}
  cost=2 deg=2 node=app9.M7 parent=app9.M0 nbrs={app9.M0,app9.Asset2}
  cost=2 deg=2 node=app10.M6 parent=app10.M0 nbrs={app10.M0,app3.M7}
  cost=1 deg=2 node=app1.M7 parent=app1.M5 nbrs={app1.M5,app10.M4}
  cost=1 deg=2 node=app2.M6 parent=app2.M0 nbrs={app2.M0,app4.M3}
  cost=1 deg=2 node=app5.M1 parent=app5.M0 nbrs={app5.M0,app5.Note19}
  cost=1 deg=2 node=app9.M11 parent=app9.M0 nbrs={app9.M0,app9.M13}
  cost=1 deg=2 node=app10.M4 parent=app10.M0 nbrs={app10.M0,app1.M7}
[carrier-cross] segment 91 -> carrier-grouped 75 (-18%). Carriers: 121 total (1 bundle + 77 cluster-pair + 43 individual).
[isolated-stash] Stashed 9 edge-less nodes in 6-column strip at x>=20297.
[face-raster] grid 4483x5959 (cell 5.0x5.0 units), 334 faces, 26554139 bg cells (99.4% of grid)
  face #1: 24751936 cells (93.2%), bbox 4483x5959 @ (0,0)
  face #104: 254347 cells (1.0%), bbox 547x770 @ (579,1876)
  face #273: 140724 cells (0.5%), bbox 983x315 @ (1462,2338)
  face #12: 126510 cells (0.5%), bbox 794x523 @ (620,1372)
  face #107: 98997 cells (0.4%), bbox 810x738 @ (172,1897)
  face #11: 89451 cells (0.3%), bbox 783x413 @ (639,1334)
  face #7: 67755 cells (0.3%), bbox 541x779 @ (1581,1298)
  face #171: 58719 cells (0.2%), bbox 1103x562 @ (1501,2091)
[face-cohesion] 39 clusters analysed, 12 low-cohesion (<60% in dominant face)
  cohesion histogram:
     30%- 39%: 3 clusters
     40%- 49%: 1 clusters
     50%- 59%: 8 clusters
     60%- 69%: 4 clusters
     70%- 79%: 1 clusters
    100%-100%: 22 clusters
  top 10 low-cohesion clusters (largest first):
    _louv_20: 6 members, 2 in dominant face, 4 faces total (33%)
    _louv_46: 5 members, 2 in dominant face, 4 faces total (40%)
    _louv_11: 3 members, 1 in dominant face, 3 faces total (33%)
    _louv_13: 3 members, 1 in dominant face, 3 faces total (33%)
    _louv_32: 2 members, 1 in dominant face, 2 faces total (50%)
    _louv_31: 2 members, 1 in dominant face, 2 faces total (50%)
    _louv_12: 2 members, 1 in dominant face, 2 faces total (50%)
    _louv_3: 2 members, 1 in dominant face, 2 faces total (50%)
    _louv_29: 2 members, 1 in dominant face, 2 faces total (50%)
    _louv_5: 2 members, 1 in dominant face, 2 faces total (50%)
[face-density] 174 micro-faces (size<50), top 10 hot regions (macro 64x64 cells):
  region (22,26): 27 micro-faces, world (6933,7698)-(7253,8018)
  region (31,35): 21 micro-faces, world (9813,10578)-(10133,10898)
  region (15,41): 11 micro-faces, world (4693,12498)-(5013,12818)
  region (38,39): 8 micro-faces, world (12053,11858)-(12373,12178)
  region (9,36): 8 micro-faces, world (2773,10898)-(3093,11218)
  region (22,27): 7 micro-faces, world (6933,8018)-(7253,8338)
  region (10,36): 7 micro-faces, world (3093,10898)-(3413,11218)
  region (21,23): 6 micro-faces, world (6613,6738)-(6933,7058)
  region (30,30): 6 micro-faces, world (9493,8978)-(9813,9298)
  region (19,36): 6 micro-faces, world (5973,10898)-(6293,11218)
[face-ppm] Wrote /tmp/face-raster.ppm (2241x2979, downsampled from 4483x5959 by 2)
[face-untangle] 12 target clusters, 19 strays, 0 moved (poly cross 89 → 89, 0 fewer)
[stuck-leaf-2d] pass 1: 0 candidates, 0 moved, 0 cost units resolved.
[stuck-leaf-2d] 0 candidates, 0 moved, 0 cost units resolved (poly cross 89 → 89, 0 fewer)
[hot-region-sa] 6 hot cells (≥4 cross), top 5 processed, 112/808 swap accepted → REVERTED (cross 89 → 90)
