[community] algorithm=louvain communities=65 meta=3
[hub-bias] Super-graph: pushed 5 high-deg cluster roots to 1.4x avgR.
[cg-time] 28ms post-hub-bias
[cg-time] 2964ms pre-§10-outward-radial
[cg-time] 2964ms pre-§11-compose
[cg-time] 2964ms pre-§12-pruning-reattach
[cg-time] 2964ms pre-§13-cluster-swap
[cg-time] 3024ms pre-§14-chain-straightening
[cg-time] 3024ms pre-§15-pruned-cross-min
[§15.5] Optimized 29 alone-root+independent nodes (9 moves).
[cg-time] 3027ms pre-bus-bundle
[xings-hotspot] total=83 xings across 59 offending edges (of 178)
  edge app9.M5↔app14.M6 xings=9 cluster=(?,_louv_45)
  edge app9.M0↔app9.M7 xings=8 cluster=(_louv_44,?)
  edge app4.M6↔app10.M2 xings=7 cluster=(_louv_20,?)
  edge app1.M6↔app6.M2 xings=6 cluster=(_louv_4,?)
  edge app8.M0↔app8.M7 xings=6 cluster=(_louv_39,?)
  edge app14.M0↔app14.M6 xings=5 cluster=(_louv_58,_louv_45)
  edge app4.M2↔app10.M1 xings=5 cluster=(_louv_18,?)
  edge app3.M4↔app5.M0 xings=5 cluster=(?,?)
[xings-hotspot] top cluster signatures:
  {?|_louv_25} xings=5
  {?|_louv_45} xings=4
  {?} xings=4
  {?|_louv_20} xings=3
  {?|_louv_45|_louv_58} xings=3
  {?|_louv_44} xings=3
  {?|_louv_39} xings=3
  {?|_louv_28} xings=3
[knot-min] Accepted 9 spatial swaps among 157 candidates.
[knot-min-2opt] Accepted 5 cross-targeted swaps.
[carrier-pre] 178 edges → 113 distinct carriers (cost-side filter).
[leaf-untangle] candidates=95, with-cross=28, moved=22, crossings-resolved=56.
[leaf-untangle] candidates=95, with-cross=9, moved=0, crossings-resolved=0.
[stuck-leaf-diag] 9 candidates with cost>0 (top 15 below):
  cost=5 deg=2 node=app7.M1 parent=app7.M0 nbrs={app7.M0,app0.M1}
  cost=3 deg=2 node=app0.M4 parent=app0.M0 nbrs={app0.M0,app1.M2}
  cost=3 deg=2 node=app1.M2 parent=app1.M0 nbrs={app1.M0,app0.M4}
  cost=3 deg=2 node=app7.M6 parent=app7.M0 nbrs={app7.M0,app7.M11}
  cost=3 deg=2 node=app7.M11 parent=app7.M9 nbrs={app7.M6,app7.M9}
  cost=3 deg=3 node=app8.M2 parent=app8.M0 nbrs={app8.M0,app8.M6,app1.M7}
  cost=2 deg=2 node=app0.M1 parent=app0.M2 nbrs={app0.M2,app7.M1}
  cost=2 deg=2 node=app2.M4 parent=app2.M0 nbrs={app2.M0,app2.M8}
  cost=1 deg=2 node=app5.M4 parent=app5.M0 nbrs={app5.M0,app5.Log31}
[pd-knot] 51 polyline cross pairs, 3 resolved via endpoint swap.
[xings-detour] iters=2 initial-poly-pairs=47 accepted=1 (multi-seg, density-aware, polyline detect, iterative).
[visual-knot] 45→45 cross points, 0→0 hot cells (≥3), 0 handled, 0 swap accepted.
[leaf-untangle] candidates=95, with-cross=11, moved=4, crossings-resolved=12.
[leaf-untangle] candidates=95, with-cross=9, moved=0, crossings-resolved=0.
[stuck-leaf-diag] 9 candidates with cost>0 (top 15 below):
  cost=4 deg=2 node=app0.M4 parent=app0.M0 nbrs={app0.M0,app1.M2}
  cost=4 deg=2 node=app1.M2 parent=app1.M0 nbrs={app1.M0,app0.M4}
  cost=3 deg=2 node=app7.M1 parent=app7.M0 nbrs={app7.M0,app0.M1}
  cost=3 deg=2 node=app7.M6 parent=app7.M0 nbrs={app7.M0,app7.M11}
  cost=3 deg=2 node=app7.M11 parent=app7.M9 nbrs={app7.M6,app7.M9}
  cost=3 deg=3 node=app8.M2 parent=app8.M0 nbrs={app8.M0,app8.M6,app1.M7}
  cost=2 deg=2 node=app0.M1 parent=app0.M2 nbrs={app0.M2,app7.M1}
  cost=1 deg=2 node=app2.M4 parent=app2.M0 nbrs={app2.M0,app2.M8}
  cost=1 deg=2 node=app5.M4 parent=app5.M0 nbrs={app5.M0,app5.Log31}
[carrier-cross] segment 44 -> carrier-grouped 36 (-18%). Carriers: 110 total (1 bundle + 71 cluster-pair + 38 individual).
[isolated-stash] Stashed 6 edge-less nodes in 6-column strip at x>=57148.
[face-raster] grid 10305x9703 (cell 5.9x5.9 units), 378 faces, 99739137 bg cells (99.7% of grid)
  face #1: 63353336 cells (63.5%), bbox 10305x9703 @ (0,0)
  face #124: 5043275 cells (5.1%), bbox 3186x3235 @ (4667,5050)
  face #65: 3591305 cells (3.6%), bbox 1530x4755 @ (3592,3494)
  face #47: 2688614 cells (2.7%), bbox 1413x4035 @ (1259,3073)
  face #20: 2264507 cells (2.3%), bbox 1783x2292 @ (3719,2295)
  face #6: 1914162 cells (1.9%), bbox 2223x1853 @ (3575,1175)
  face #2: 1872434 cells (1.9%), bbox 2725x1735 @ (3125,203)
  face #46: 1604518 cells (1.6%), bbox 784x4067 @ (730,3073)
[face-cohesion] 40 clusters analysed, 9 low-cohesion (<60% in dominant face)
  cohesion histogram:
     30%- 39%: 4 clusters
     50%- 59%: 5 clusters
     60%- 69%: 2 clusters
     80%- 89%: 2 clusters
    100%-100%: 27 clusters
  top 9 low-cohesion clusters (largest first):
    _louv_58: 4 members, 2 in dominant face, 2 faces total (50%)
    _louv_39: 4 members, 2 in dominant face, 3 faces total (50%)
    _louv_4: 4 members, 2 in dominant face, 2 faces total (50%)
    _louv_14: 3 members, 1 in dominant face, 3 faces total (33%)
    _louv_20: 3 members, 1 in dominant face, 3 faces total (33%)
    _louv_18: 3 members, 1 in dominant face, 3 faces total (33%)
    _louv_25: 3 members, 1 in dominant face, 3 faces total (33%)
    _louv_19: 2 members, 1 in dominant face, 2 faces total (50%)
    _louv_53: 2 members, 1 in dominant face, 2 faces total (50%)
[face-density] 280 micro-faces (size<50), top 10 hot regions (macro 64x64 cells):
  region (52,110): 53 micro-faces, world (18515,40576)-(18894,40956)
  region (51,109): 36 micro-faces, world (18135,40197)-(18515,40576)
  region (53,111): 18 micro-faces, world (18894,40956)-(19274,41335)
  region (88,78): 18 micro-faces, world (32179,28431)-(32559,28811)
  region (105,100): 13 micro-faces, world (38632,36781)-(39012,37160)
  region (56,80): 12 micro-faces, world (20033,29190)-(20413,29570)
  region (104,99): 12 micro-faces, world (38253,36401)-(38632,36781)
  region (123,121): 11 micro-faces, world (45465,44751)-(45844,45131)
  region (123,122): 8 micro-faces, world (45465,45131)-(45844,45510)
  region (50,108): 8 micro-faces, world (17756,39817)-(18135,40197)
[face-ppm] Wrote /tmp/face-raster.ppm (2576x2425, downsampled from 10305x9703 by 4)
[face-untangle] 9 target clusters, 16 strays, 1 moved (poly cross 44 → 44, 0 fewer)
[stuck-leaf-2d] pass 1: 0 candidates, 0 moved, 0 cost units resolved.
[stuck-leaf-2d] 0 candidates, 0 moved, 0 cost units resolved (poly cross 44 → 44, 0 fewer)
[hot-region-sa] 0 hot cells (≥4 cross, 44 cross pts), top 0 processed, 0/0 swap accepted (cross 44 → 44, 0 fewer)
