[community] algorithm=louvain communities=29 meta=3
[hub-bias] Super-graph: pushed 3 high-deg cluster roots to 1.4x avgR.
[cg-time] 3ms post-hub-bias
[cg-time] 3ms pre-§10-outward-radial
[cg-time] 3ms pre-§11-compose
[cg-time] 3ms pre-§12-pruning-reattach
[cg-time] 3ms pre-§13-cluster-swap
[cg-time] 16ms pre-§14-chain-straightening
[cg-time] 16ms pre-§15-pruned-cross-min
[§15.5] Optimized 7 alone-root+independent nodes (4 moves).
[cg-time] 16ms pre-bus-bundle
[bus-bundle] Created 2 bus bundles (4 members, sig ≥ 2 roots).
[xings-hotspot] total=29 xings across 26 offending edges (of 90)
  edge app0.M0↔app0.M14 xings=6 cluster=(_louv_1,_louv_8)
  edge app1.M0↔app1.M4 xings=6 cluster=(_louv_9,_louv_12)
  edge app4.M0↔app4.M6 xings=4 cluster=(_louv_0,_louv_5)
  edge app2.M1↔app2.M9 xings=4 cluster=(_louv_15,?)
  edge core.Hub0↔app3.M0 xings=4 cluster=(?,_louv_21)
  edge app4.M3↔app4.M6 xings=3 cluster=(?,_louv_5)
  edge app0.M3↔app3.M9 xings=3 cluster=(?,?)
  edge app2.M0↔app2.M9 xings=3 cluster=(_louv_14,?)
[xings-hotspot] top cluster signatures:
  {?|_louv_0|_louv_12|_louv_14} xings=2
  {?|_louv_1} xings=2
  {?|_louv_12|_louv_14|_louv_9} xings=2
  {?|_louv_15|_louv_5} xings=2
  {?|_louv_1|_louv_21|_louv_8} xings=2
  {?|_louv_1|_louv_5|_louv_8} xings=2
  {?|_louv_21} xings=2
  {?|_louv_8|_louv_9} xings=2
[knot-min] Accepted 1 spatial swaps among 68 candidates.
[knot-min-2opt] Accepted 1 cross-targeted swaps.
[carrier-pre] 91 edges → 53 distinct carriers (cost-side filter).
[leaf-untangle] candidates=44, with-cross=15, moved=12, crossings-resolved=46.
[leaf-untangle] candidates=44, with-cross=6, moved=3, crossings-resolved=8.
[leaf-untangle] candidates=44, with-cross=4, moved=0, crossings-resolved=0.
[stuck-leaf-diag] 8 candidates with cost>0 (top 15 below):
  cost=7 deg=3 node=app2.M8 parent=app3.M0 nbrs={app2.M0,app2.M2,app3.M0}
  cost=4 deg=3 node=app1.M2 parent=app1.M0 nbrs={app1.M0,app1.M5,app1.Asset14}
  cost=3 deg=2 node=app0.M11 parent=app0.M0 nbrs={app0.M0,app0.M12}
  cost=3 deg=2 node=app1.M1 parent=app1.M0 nbrs={app1.M0,app1.Tag1}
  cost=3 deg=3 node=app3.M12 parent=app3.M0 nbrs={app3.M0,app3.M4,app3.Asset17}
  cost=3 deg=2 node=app4.M3 parent=app4.M6 nbrs={app4.M0,app4.M6}
  cost=1 deg=2 node=app0.M8 parent=app0.M0 nbrs={app0.M0,app0.M5}
  cost=1 deg=2 node=app0.M9 parent=app0.M0 nbrs={app0.M0,app4.M6}
[pd-knot] 19 polyline cross pairs, 0 resolved via endpoint swap.
[xings-detour] iters=1 initial-poly-pairs=19 accepted=0 (multi-seg, density-aware, polyline detect, iterative).
[visual-knot] 19→19 cross points, 0→0 hot cells (≥3), 0 handled, 0 swap accepted.
[leaf-untangle] candidates=44, with-cross=4, moved=0, crossings-resolved=0.
[stuck-leaf-diag] 8 candidates with cost>0 (top 15 below):
  cost=7 deg=3 node=app2.M8 parent=app3.M0 nbrs={app2.M0,app2.M2,app3.M0}
  cost=4 deg=3 node=app1.M2 parent=app1.M0 nbrs={app1.M0,app1.M5,app1.Asset14}
  cost=3 deg=2 node=app0.M11 parent=app0.M0 nbrs={app0.M0,app0.M12}
  cost=3 deg=2 node=app1.M1 parent=app1.M0 nbrs={app1.M0,app1.Tag1}
  cost=3 deg=3 node=app3.M12 parent=app3.M0 nbrs={app3.M0,app3.M4,app3.Asset17}
  cost=3 deg=2 node=app4.M3 parent=app4.M6 nbrs={app4.M0,app4.M6}
  cost=1 deg=2 node=app0.M8 parent=app0.M0 nbrs={app0.M0,app0.M5}
  cost=1 deg=2 node=app0.M9 parent=app0.M0 nbrs={app0.M0,app4.M6}
[carrier-cross] segment 19 -> carrier-grouped 19 (-0%). Carriers: 54 total (4 bundle + 33 cluster-pair + 17 individual).
[isolated-stash] Stashed 5 edge-less nodes in 6-column strip at x>=16430.
[face-raster] grid 3684x3711 (cell 5.0x5.0 units), 288 faces, 13578120 bg cells (99.3% of grid)
  face #1: 7777995 cells (57.3%), bbox 3684x3711 @ (0,0)
  face #27: 1636676 cells (12.1%), bbox 1638x2286 @ (105,1332)
  face #21: 954488 cells (7.0%), bbox 1078x1786 @ (113,220)
  face #4: 851477 cells (6.3%), bbox 1076x2602 @ (1828,142)
  face #22: 377547 cells (2.8%), bbox 406x1559 @ (1166,220)
  face #20: 341881 cells (2.5%), bbox 1361x2888 @ (1776,207)
  face #2: 242230 cells (1.8%), bbox 659x738 @ (1226,138)
  face #61: 205085 cells (1.5%), bbox 519x583 @ (1333,1705)
[face-cohesion] 16 clusters analysed, 8 low-cohesion (<60% in dominant face)
  cohesion histogram:
     30%- 39%: 3 clusters
     40%- 49%: 1 clusters
     50%- 59%: 4 clusters
     60%- 69%: 1 clusters
    100%-100%: 7 clusters
  top 8 low-cohesion clusters (largest first):
    _louv_21: 6 members, 3 in dominant face, 4 faces total (50%)
    _louv_1: 5 members, 2 in dominant face, 4 faces total (40%)
    _louv_8: 3 members, 1 in dominant face, 3 faces total (33%)
    _louv_5: 3 members, 1 in dominant face, 3 faces total (33%)
    _louv_14: 3 members, 1 in dominant face, 3 faces total (33%)
    _louv_0: 2 members, 1 in dominant face, 2 faces total (50%)
    _louv_9: 2 members, 1 in dominant face, 2 faces total (50%)
    _louv_12: 2 members, 1 in dominant face, 2 faces total (50%)
[face-density] 229 micro-faces (size<50), top 10 hot regions (macro 64x64 cells):
  region (26,40): 51 micro-faces, world (7910,12394)-(8230,12714)
  region (12,53): 46 micro-faces, world (3431,16554)-(3750,16874)
  region (32,29): 17 micro-faces, world (9829,8874)-(10149,9194)
  region (34,24): 16 micro-faces, world (10469,7274)-(10789,7594)
  region (13,53): 14 micro-faces, world (3750,16554)-(4070,16874)
  region (25,41): 11 micro-faces, world (7590,12714)-(7910,13034)
  region (29,2): 9 micro-faces, world (8869,235)-(9189,555)
  region (27,39): 8 micro-faces, world (8230,12074)-(8549,12394)
  region (34,25): 7 micro-faces, world (10469,7594)-(10789,7914)
  region (42,41): 7 micro-faces, world (13029,12714)-(13349,13034)
[face-ppm] Wrote /tmp/face-raster.ppm (3684x3711, downsampled from 3684x3711 by 1)
[face-untangle] 8 target clusters, 15 strays, 0 moved (poly cross 19 → 19, 0 fewer)
[stuck-leaf-2d] pass 1: 0 candidates, 0 moved, 0 cost units resolved.
[stuck-leaf-2d] 0 candidates, 0 moved, 0 cost units resolved (poly cross 19 → 19, 0 fewer)
[hot-region-sa] 1 hot cells (≥4 cross, 19 cross pts), top 1 processed, 23/133 swap accepted (cross 19 → 17, 2 fewer)
