[community] algorithm=louvain communities=60 meta=3
[hub-bias] Super-graph: pushed 7 high-deg cluster roots to 1.4x avgR.
[cg-time] 3ms post-hub-bias
[cg-time] 11ms pre-§10-outward-radial
[cg-time] 11ms pre-§11-compose
[cg-time] 11ms pre-§12-pruning-reattach
[cg-time] 11ms pre-§13-cluster-swap
[cg-time] 151ms pre-§14-chain-straightening
[cg-time] 151ms pre-§15-pruned-cross-min
[§15.5] Optimized 10 alone-root+independent nodes (2 moves).
[cg-time] 152ms pre-bus-bundle
[xings-hotspot] total=82 xings across 68 offending edges (of 190)
  edge core.Hub1↔app6.M0 xings=8 cluster=(_louv_1,_louv_38)
  edge core.Hub0↔app6.M0 xings=7 cluster=(?,_louv_38)
  edge core.Hub1↔app0.M0 xings=7 cluster=(_louv_1,_louv_2)
  edge app11.M0↔app11.M5 xings=6 cluster=(_louv_58,?)
  edge core.Hub1↔app1.M0 xings=6 cluster=(_louv_1,_louv_10)
  edge core.Hub0↔app7.M0 xings=5 cluster=(?,_louv_42)
  edge app11.M0↔app11.M2 xings=5 cluster=(_louv_58,_louv_16)
  edge app8.M0↔app8.M10 xings=5 cluster=(_louv_47,?)
[xings-hotspot] top cluster signatures:
  {?|_louv_42} xings=3
  {?|_louv_10|_louv_20} xings=3
  {?} xings=3
  {?|_louv_1|_louv_2|_louv_29} xings=2
  {?|_louv_47|_louv_48} xings=2
  {?|_louv_0|_louv_2} xings=2
  {?|_louv_42|_louv_51} xings=2
  {?|_louv_38|_louv_53} xings=2
[knot-min] Accepted 22 spatial swaps among 155 candidates.
[knot-min-2opt] Accepted 1 cross-targeted swaps.
[carrier-pre] 194 edges → 112 distinct carriers (cost-side filter).
[leaf-untangle] candidates=92, with-cross=38, moved=34, crossings-resolved=123.
[leaf-untangle] candidates=92, with-cross=17, moved=9, crossings-resolved=15.
[leaf-untangle] candidates=92, with-cross=11, moved=3, crossings-resolved=6.
[leaf-untangle] candidates=92, with-cross=10, moved=1, crossings-resolved=3.
[stuck-leaf-diag] 10 candidates with cost>0 (top 15 below):
  cost=3 deg=2 node=app2.M2 parent=app2.M0 nbrs={app2.M0,app2.M5}
  cost=3 deg=2 node=app2.M3 parent=app2.M0 nbrs={app2.M0,app2.M5}
  cost=3 deg=2 node=app2.M8 parent=app2.M0 nbrs={app2.M0,app7.M4}
  cost=2 deg=3 node=app0.M3 parent=app0.M0 nbrs={app0.M0,app0.M4,app0.Asset14}
  cost=2 deg=3 node=app1.M3 parent=app1.M0 nbrs={app1.M0,app1.M10,app7.M1}
  cost=2 deg=3 node=app10.M5 parent=app10.M0 nbrs={app10.M0,app10.M1,app7.M2}
  cost=2 deg=1 node=app10.Note30 parent=app10.M1 nbrs={app10.M1}
  cost=1 deg=2 node=app1.M4 parent=app1.M0 nbrs={app1.M0,app1.Log19}
  cost=1 deg=2 node=app7.M4 parent=app7.M0 nbrs={app7.M0,app2.M8}
  cost=1 deg=2 node=app8.M2 parent=app8.M0 nbrs={app8.M0,app8.M5}
[pd-knot] 59 polyline cross pairs, 3 resolved via endpoint swap.
[xings-detour] iters=2 initial-poly-pairs=61 accepted=3 (multi-seg, density-aware, polyline detect, iterative).
[visual-knot] 54→54 cross points, 1→1 hot cells (≥3), 1 handled, 0 swap accepted.
[leaf-untangle] candidates=92, with-cross=17, moved=8, crossings-resolved=16.
[leaf-untangle] candidates=92, with-cross=11, moved=4, crossings-resolved=6.
[leaf-untangle] candidates=92, with-cross=9, moved=1, crossings-resolved=1.
[stuck-leaf-diag] 8 candidates with cost>0 (top 15 below):
  cost=5 deg=3 node=app1.M3 parent=app1.M0 nbrs={app1.M0,app1.M10,app7.M1}
  cost=3 deg=2 node=app2.M2 parent=app2.M0 nbrs={app2.M0,app2.M5}
  cost=3 deg=2 node=app2.M3 parent=app2.M0 nbrs={app2.M0,app2.M5}
  cost=3 deg=2 node=app2.M8 parent=app2.M0 nbrs={app2.M0,app7.M4}
  cost=2 deg=3 node=app0.M3 parent=app0.M0 nbrs={app0.M0,app0.M4,app0.Asset14}
  cost=1 deg=2 node=app1.M4 parent=app1.M0 nbrs={app1.M0,app1.Log19}
  cost=1 deg=2 node=app7.M4 parent=app7.M0 nbrs={app7.M0,app2.M8}
  cost=1 deg=2 node=app8.M2 parent=app8.M0 nbrs={app8.M0,app8.M5}
[isolated-stash] Stashed 8 edge-less nodes in 6-column strip at x>=23343.
[face-raster] grid 5210x7540 (cell 5.0x5.0 units), 309 faces, 39118202 bg cells (99.6% of grid)
  face #1: 34893980 cells (89.2%), bbox 5210x7540 @ (0,0)
  face #17: 555580 cells (1.4%), bbox 844x1320 @ (1064,4242)
  face #6: 480466 cells (1.2%), bbox 750x1432 @ (2316,4092)
  face #147: 438275 cells (1.1%), bbox 658x1657 @ (1352,5718)
  face #22: 303744 cells (0.8%), bbox 547x1175 @ (2207,4417)
  face #5: 210850 cells (0.5%), bbox 514x748 @ (1699,4092)
  face #25: 176094 cells (0.5%), bbox 359x902 @ (1847,4842)
  face #124: 136410 cells (0.3%), bbox 593x412 @ (1608,5633)
[face-cohesion] 41 clusters analysed, 18 low-cohesion (<60% in dominant face)
  cohesion histogram:
     30%- 39%: 2 clusters
     40%- 49%: 1 clusters
     50%- 59%: 15 clusters
     60%- 69%: 2 clusters
    100%-100%: 21 clusters
  top 10 low-cohesion clusters (largest first):
    _louv_31: 6 members, 3 in dominant face, 4 faces total (50%)
    _louv_20: 6 members, 3 in dominant face, 4 faces total (50%)
    _louv_38: 5 members, 2 in dominant face, 4 faces total (40%)
    _louv_42: 4 members, 2 in dominant face, 3 faces total (50%)
    _louv_58: 3 members, 1 in dominant face, 3 faces total (33%)
    _louv_53: 3 members, 1 in dominant face, 3 faces total (33%)
    _louv_50: 2 members, 1 in dominant face, 2 faces total (50%)
    _louv_39: 2 members, 1 in dominant face, 2 faces total (50%)
    _louv_55: 2 members, 1 in dominant face, 2 faces total (50%)
    _louv_28: 2 members, 1 in dominant face, 2 faces total (50%)
[face-density] 179 micro-faces (size<50), top 10 hot regions (macro 64x64 cells):
  region (36,90): 19 micro-faces, world (10969,28024)-(11289,28344)
  region (37,89): 17 micro-faces, world (11289,27704)-(11609,28024)
  region (47,82): 16 micro-faces, world (14489,25464)-(14809,25784)
  region (46,83): 12 micro-faces, world (14169,25784)-(14489,26104)
  region (40,84): 11 micro-faces, world (12249,26104)-(12569,26424)
  region (40,85): 11 micro-faces, world (12249,26424)-(12569,26744)
  region (48,98): 10 micro-faces, world (14809,30583)-(15129,30903)
  region (47,96): 9 micro-faces, world (14489,29944)-(14809,30264)
  region (38,87): 8 micro-faces, world (11609,27064)-(11929,27384)
  region (37,90): 7 micro-faces, world (11289,28024)-(11609,28344)
[face-ppm] Wrote /tmp/face-raster.ppm (2605x3770, downsampled from 5210x7540 by 2)
[face-untangle] 18 target clusters, 27 strays, 0 moved (poly cross 55 → 55, 0 fewer)
[stuck-leaf-2d] pass 1: 0 candidates, 0 moved, 0 cost units resolved.
[stuck-leaf-2d] 0 candidates, 0 moved, 0 cost units resolved (poly cross 55 → 55, 0 fewer)
[hot-region-sa] 1 hot cells (≥4 cross, 55 cross pts), top 1 processed, 23/171 swap accepted (cross 55 → 55, 0 fewer)
