[community] algorithm=louvain communities=84 meta=4
[hub-bias] Super-graph: pushed 8 high-deg cluster roots to 1.4x avgR.
[cg-time] 9ms post-hub-bias
[cg-time] 374ms pre-§10-outward-radial
[cg-time] 374ms pre-§11-compose
[cg-time] 374ms pre-§12-pruning-reattach
[cg-time] 374ms pre-§13-cluster-swap
[cg-time] 1764ms pre-§14-chain-straightening
[cg-time] 1765ms pre-§15-pruned-cross-min
[§15.5] Optimized 20 alone-root+independent nodes (7 moves).
[cg-time] 1771ms pre-bus-bundle
[bus-bundle] Created 2 bus bundles (5 members, sig ≥ 2 roots).
[xings-hotspot] total=499 xings across 176 offending edges (of 300)
  edge app15.M0↔app15.M6 xings=27 cluster=(?,?)
  edge app9.M6↔app9.M7 xings=26 cluster=(?,_louv_24)
  edge app9.M7↔app16.M2 xings=26 cluster=(_louv_24,?)
  edge core.Hub0↔app11.M0 xings=23 cluster=(_louv_0,_louv_66)
  edge core.Hub0↔app17.M0 xings=21 cluster=(_louv_0,_louv_3)
  edge app10.M3↔app17.M1 xings=21 cluster=(_louv_63,_louv_68)
  edge app8.M2↔app17.M6 xings=19 cluster=(_louv_54,?)
  edge core.Hub0↔app7.M0 xings=19 cluster=(_louv_0,_louv_49)
[xings-hotspot] top cluster signatures:
  {?|_louv_24} xings=11
  {?|_louv_14} xings=11
  {?|_louv_20} xings=8
  {?|_louv_16} xings=8
  {?|_louv_66} xings=7
  {?|_louv_2} xings=6
  {?|_louv_24|_louv_72} xings=6
  {?|_louv_0|_louv_40} xings=5
[bundle-clear] Pushed 1 nodes off bundle bboxes.
[knot-min] Accepted 53 spatial swaps among 202 candidates.
[carrier-pre] 310 edges → 191 distinct carriers (cost-side filter).
[leaf-untangle] candidates=106, with-cross=56, moved=43, crossings-resolved=119.
[leaf-untangle] candidates=106, with-cross=30, moved=8, crossings-resolved=17.
[leaf-untangle] candidates=106, with-cross=27, moved=2, crossings-resolved=4.
[leaf-untangle] candidates=106, with-cross=27, moved=1, crossings-resolved=2.
[stuck-leaf-diag] 34 candidates with cost>0 (top 15 below):
  cost=12 deg=2 node=app13.M7 parent=app13.M0 nbrs={app13.M0,app13.M1}
  cost=10 deg=3 node=app14.M1 parent=app14.M0 nbrs={app14.M0,app14.M3,app2.M4}
  cost=9 deg=2 node=app18.M5 parent=app18.M10 nbrs={app18.M10,app2.M3}
  cost=9 deg=3 node=app19.M8 parent=app19.M0 nbrs={app19.M0,app19.M1,app5.M11}
  cost=9 deg=3 node=app5.M1 parent=app5.M0 nbrs={app5.M0,app5.M12,app11.M3}
  cost=8 deg=2 node=app2.M3 parent=app4.M4 nbrs={app4.M4,app18.M5}
  cost=8 deg=3 node=app2.M4 parent=app2.M0 nbrs={app2.M0,app2.M5,app14.M1}
  cost=7 deg=2 node=app1.M9 parent=app1.M0 nbrs={app1.M0,app1.M1}
  cost=6 deg=3 node=app5.M12 parent=app5.M0 nbrs={app5.M0,app5.M3,app5.M1}
  cost=5 deg=2 node=app2.M6 parent=app2.M0 nbrs={app2.M0,app0.M8}
  cost=4 deg=2 node=app10.M7 parent=app10.M0 nbrs={app10.M0,app13.M11}
  cost=3 deg=3 node=app9.M1 parent=app9.M0 nbrs={app9.M0,app9.M8,app11.M7}
  cost=3 deg=2 node=app5.M3 parent=app5.M0 nbrs={app5.M0,app5.M12}
  cost=3 deg=2 node=app7.M7 parent=app7.M0 nbrs={app7.M0,app13.M2}
  cost=3 deg=3 node=app13.M13 parent=app13.M0 nbrs={app13.M0,app13.M2,app9.M4}
[pd-knot] 347 polyline cross pairs, 1 resolved via endpoint swap.
[xings-detour] iters=2 initial-poly-pairs=386 accepted=11 (multi-seg, density-aware, polyline detect, iterative).
[visual-knot] 370→370 cross points, 43→43 hot cells (≥3), 43 handled, 0 swap accepted.
[leaf-untangle] candidates=106, with-cross=27, moved=1, crossings-resolved=2.
[leaf-untangle] candidates=106, with-cross=27, moved=1, crossings-resolved=1.
[leaf-untangle] candidates=106, with-cross=27, moved=0, crossings-resolved=0.
[stuck-leaf-diag] 34 candidates with cost>0 (top 15 below):
  cost=12 deg=2 node=app13.M7 parent=app13.M0 nbrs={app13.M0,app13.M1}
  cost=9 deg=2 node=app18.M5 parent=app18.M10 nbrs={app18.M10,app2.M3}
  cost=9 deg=3 node=app19.M8 parent=app19.M0 nbrs={app19.M0,app19.M1,app5.M11}
  cost=9 deg=3 node=app5.M1 parent=app5.M0 nbrs={app5.M0,app5.M12,app11.M3}
  cost=8 deg=2 node=app2.M3 parent=app4.M4 nbrs={app4.M4,app18.M5}
  cost=7 deg=3 node=app14.M1 parent=app14.M0 nbrs={app14.M0,app14.M3,app2.M4}
  cost=7 deg=2 node=app1.M9 parent=app1.M0 nbrs={app1.M0,app1.M1}
  cost=6 deg=3 node=app5.M12 parent=app5.M0 nbrs={app5.M0,app5.M3,app5.M1}
  cost=5 deg=3 node=app2.M4 parent=app2.M0 nbrs={app2.M0,app2.M5,app14.M1}
  cost=5 deg=2 node=app2.M6 parent=app2.M0 nbrs={app2.M0,app0.M8}
  cost=4 deg=2 node=app10.M7 parent=app10.M0 nbrs={app10.M0,app13.M11}
  cost=3 deg=3 node=app9.M1 parent=app9.M0 nbrs={app9.M0,app9.M8,app11.M7}
  cost=3 deg=2 node=app5.M3 parent=app5.M0 nbrs={app5.M0,app5.M12}
  cost=3 deg=2 node=app7.M7 parent=app7.M0 nbrs={app7.M0,app13.M2}
  cost=3 deg=3 node=app13.M13 parent=app13.M0 nbrs={app13.M0,app13.M2,app9.M4}
[carrier-cross] segment 371 -> carrier-grouped 324 (-13%). Carriers: 185 total (6 bundle + 134 cluster-pair + 45 individual).
[isolated-stash] Stashed 11 edge-less nodes in 6-column strip at x>=16870.
[face-raster] grid 3860x4384 (cell 5.0x5.0 units), 811 faces, 16677342 bg cells (98.6% of grid)
  face #1: 13117800 cells (78.7%), bbox 3860x4384 @ (0,0)
  face #2: 451117 cells (2.7%), bbox 1296x1055 @ (877,107)
  face #6: 338963 cells (2.0%), bbox 1153x900 @ (458,746)
  face #44: 198522 cells (1.2%), bbox 816x374 @ (2146,1119)
  face #326: 129359 cells (0.8%), bbox 898x663 @ (157,1710)
  face #751: 113889 cells (0.7%), bbox 962x1673 @ (924,2588)
  face #100: 93814 cells (0.6%), bbox 502x439 @ (2231,1333)
  face #740: 84791 cells (0.5%), bbox 303x729 @ (1340,2497)
[face-cohesion] 46 clusters analysed, 30 low-cohesion (<60% in dominant face)
  cohesion histogram:
     20%- 29%: 3 clusters
     30%- 39%: 7 clusters
     40%- 49%: 2 clusters
     50%- 59%: 18 clusters
     70%- 79%: 1 clusters
    100%-100%: 15 clusters
  top 10 low-cohesion clusters (largest first):
    _louv_66: 7 members, 3 in dominant face, 4 faces total (43%)
    _louv_40: 6 members, 2 in dominant face, 4 faces total (33%)
    _louv_77: 5 members, 2 in dominant face, 3 faces total (40%)
    _louv_49: 4 members, 2 in dominant face, 3 faces total (50%)
    _louv_20: 4 members, 1 in dominant face, 4 faces total (25%)
    _louv_63: 4 members, 1 in dominant face, 4 faces total (25%)
    _louv_25: 4 members, 2 in dominant face, 3 faces total (50%)
    _louv_2: 4 members, 2 in dominant face, 3 faces total (50%)
    _louv_12: 4 members, 1 in dominant face, 4 faces total (25%)
    _louv_3: 3 members, 1 in dominant face, 3 faces total (33%)
[face-density] 326 micro-faces (size<50), top 10 hot regions (macro 64x64 cells):
  region (26,42): 16 micro-faces, world (7900,12027)-(8220,12347)
  region (29,37): 13 micro-faces, world (8860,10427)-(9180,10747)
  region (2,26): 12 micro-faces, world (221,6908)-(541,7228)
  region (29,40): 12 micro-faces, world (8860,11387)-(9180,11707)
  region (39,28): 12 micro-faces, world (12060,7548)-(12380,7868)
  region (26,24): 12 micro-faces, world (7900,6268)-(8220,6588)
  region (30,36): 11 micro-faces, world (9180,10107)-(9500,10427)
  region (14,66): 10 micro-faces, world (4061,19705)-(4380,20025)
  region (21,49): 10 micro-faces, world (6300,14267)-(6620,14586)
  region (27,25): 9 micro-faces, world (8220,6588)-(8540,6908)
[face-ppm] Wrote /tmp/face-raster.ppm (1930x2192, downsampled from 3860x4384 by 2)
[face-untangle] 27 target clusters, 44 strays, 1 moved (poly cross 370 → 369, 1 fewer)
[stuck-leaf-2d] pass 1: 2 candidates, 1 moved, 1 cost units resolved.
[stuck-leaf-2d] pass 2: 1 candidates, 0 moved, 0 cost units resolved.
[stuck-leaf-2d] 1 candidates, 1 moved, 1 cost units resolved (poly cross 369 → 368, 1 fewer)
[hot-region-sa] 33 hot cells (≥4 cross, 368 cross pts), top 5 processed, 59/815 swap accepted (cross 368 → 367, 1 fewer)
