[community] algorithm=louvain communities=9 meta=3
[cg-time] 0ms post-hub-bias
[cg-time] 0ms pre-§10-outward-radial
[cg-time] 0ms pre-§11-compose
[cg-time] 0ms pre-§12-pruning-reattach
[cg-time] 0ms pre-§13-cluster-swap
[cg-time] 0ms pre-§14-chain-straightening
[cg-time] 0ms pre-§15-pruned-cross-min
[§15.5] Optimized 3 alone-root+independent nodes (0 moves).
[cg-time] 0ms pre-bus-bundle
[xings-hotspot] total=4 xings across 6 offending edges (of 36)
  edge app0.M0↔app0.M5 xings=2 cluster=(?,?)
  edge app0.M0↔app1.M3 xings=2 cluster=(?,?)
  edge app0.M2↔app0.M4 xings=1 cluster=(_louv_2,?)
  edge app0.M2↔app1.M0 xings=1 cluster=(_louv_2,_louv_6)
  edge app0.M4↔app1.M2 xings=1 cluster=(?,_louv_7)
  edge app1.M0↔app1.M2 xings=1 cluster=(_louv_6,_louv_7)
[xings-hotspot] top cluster signatures:
  {?|_louv_2} xings=1
  {?|_louv_2|_louv_6} xings=1
  {?|_louv_6|_louv_7} xings=1
  {?|_louv_7} xings=1
[knot-min] Accepted 2 spatial swaps among 31 candidates.
[carrier-pre] 36 edges → 14 distinct carriers (cost-side filter).
[leaf-untangle] candidates=22, with-cross=5, moved=5, crossings-resolved=16.
[leaf-untangle] candidates=22, with-cross=1, moved=1, crossings-resolved=3.
[leaf-untangle] candidates=22, with-cross=1, moved=1, crossings-resolved=3.
[leaf-untangle] candidates=22, with-cross=0, moved=0, crossings-resolved=0.
[stuck-leaf-diag] 0 candidates with cost>0 (top 15 below):
[pd-knot] 2 polyline cross pairs, 0 resolved via endpoint swap.
[xings-detour] iters=1 initial-poly-pairs=1 accepted=0 (multi-seg, density-aware, polyline detect, iterative).
[visual-knot] 0→0 cross points, 0→0 hot cells (≥3), 0 handled, 0 swap accepted.
[leaf-untangle] candidates=22, with-cross=0, moved=0, crossings-resolved=0.
[stuck-leaf-diag] 0 candidates with cost>0 (top 15 below):
[face-raster] grid 698x1194 (cell 5.0x5.0 units), 19 faces, 810564 bg cells (97.3% of grid)
  face #1: 682715 cells (84.2%), bbox 698x1194 @ (0,0)
  face #4: 42653 cells (5.3%), bbox 204x468 @ (248,237)
  face #5: 38131 cells (4.7%), bbox 135x482 @ (110,239)
  face #9: 16438 cells (2.0%), bbox 207x673 @ (241,254)
  face #3: 12907 cells (1.6%), bbox 262x91 @ (178,231)
  face #10: 10878 cells (1.3%), bbox 54x415 @ (219,337)
  face #14: 2547 cells (0.3%), bbox 32x184 @ (208,749)
  face #19: 2292 cells (0.3%), bbox 49x98 @ (211,842)
[face-cohesion] 6 clusters analysed, 0 low-cohesion (<60% in dominant face)
  cohesion histogram:
     60%- 69%: 2 clusters
    100%-100%: 4 clusters
[face-density] 7 micro-faces (size<50), top 10 hot regions (macro 64x64 cells):
  region (7,3): 3 micro-faces, world (1885,305)-(2205,624)
  region (3,11): 3 micro-faces, world (606,2863)-(926,3183)
  region (4,11): 1 micro-faces, world (926,2863)-(1246,3183)
[face-ppm] Wrote /tmp/face-raster.ppm (698x1194, downsampled from 698x1194 by 1)
[face-untangle] 1 target clusters, 2 strays, 0 moved (poly cross 0 → 0, 0 fewer)
[stuck-leaf-2d] pass 1: 0 candidates, 0 moved, 0 cost units resolved.
[stuck-leaf-2d] 0 candidates, 0 moved, 0 cost units resolved (poly cross 0 → 0, 0 fewer)
[hot-region-sa] 0 hot cells (≥4 cross, 0 cross pts), top 0 processed, 0/0 swap accepted (cross 0 → 0, 0 fewer)
