[community] algorithm=louvain communities=21 meta=3
[hub-bias] Super-graph: pushed 3 high-deg cluster roots to 1.4x avgR.
[cg-time] 1ms post-hub-bias
[cg-time] 1ms pre-§10-outward-radial
[cg-time] 1ms pre-§11-compose
[cg-time] 1ms pre-§12-pruning-reattach
[cg-time] 1ms pre-§13-cluster-swap
[cg-time] 1ms pre-§14-chain-straightening
[cg-time] 1ms pre-§15-pruned-cross-min
[§15.5] Optimized 8 alone-root+independent nodes (0 moves).
[cg-time] 1ms pre-bus-bundle
[bus-bundle] Created 1 bus bundles (2 members, sig ≥ 2 roots).
[xings-hotspot] total=3 xings across 6 offending edges (of 54)
  edge app0.M0↔app0.M9 xings=1 cluster=(_louv_1,_louv_8)
  edge app0.M5↔app1.M3 xings=1 cluster=(_louv_5,_louv_12)
  edge app0.M5↔app2.M6 xings=1 cluster=(_louv_5,?)
  edge app1.M0↔app1.M3 xings=1 cluster=(_louv_6,_louv_12)
  edge app1.M9↔app1.M11 xings=1 cluster=(_louv_17,?)
  edge app2.M0↔app2.M1 xings=1 cluster=(_louv_8,_louv_19)
[xings-hotspot] top cluster signatures:
  {?|_louv_12|_louv_17|_louv_6} xings=1
  {?|_louv_1|_louv_5|_louv_8} xings=1
  {_louv_12|_louv_19|_louv_5|_louv_8} xings=1
[knot-min] Accepted 2 spatial swaps among 50 candidates.
[carrier-pre] 54 edges → 33 distinct carriers (cost-side filter).
[leaf-untangle] candidates=35, with-cross=10, moved=9, crossings-resolved=35.
[leaf-untangle] candidates=35, with-cross=6, moved=6, crossings-resolved=23.
[leaf-untangle] candidates=35, with-cross=3, moved=0, crossings-resolved=0.
[stuck-leaf-diag] 5 candidates with cost>0 (top 15 below):
  cost=6 deg=1 node=app1.Tag16 parent=app1.M0 nbrs={app1.M0}
  cost=3 deg=1 node=app1.M12 parent=app1.M0 nbrs={app1.M0}
  cost=1 deg=3 node=app0.M2 parent=app0.M0 nbrs={app0.M0,app0.M3,app0.M7}
  cost=1 deg=2 node=app0.M7 parent=app0.M0 nbrs={app0.M0,app0.M2}
  cost=1 deg=2 node=app0.M9 parent=app0.M0 nbrs={app0.M0,app2.M5}
[pd-knot] 3 polyline cross pairs, 1 resolved via endpoint swap.
[xings-detour] iters=1 initial-poly-pairs=3 accepted=0 (multi-seg, density-aware, polyline detect, iterative).
[visual-knot] 3→3 cross points, 0→0 hot cells (≥3), 0 handled, 0 swap accepted.
[leaf-untangle] candidates=35, with-cross=3, moved=2, crossings-resolved=8.
[leaf-untangle] candidates=35, with-cross=2, moved=0, crossings-resolved=0.
[stuck-leaf-diag] 4 candidates with cost>0 (top 15 below):
  cost=6 deg=1 node=app1.Tag16 parent=app1.M0 nbrs={app1.M0}
  cost=3 deg=1 node=app1.M12 parent=app1.M0 nbrs={app1.M0}
  cost=2 deg=2 node=app0.M9 parent=app0.M0 nbrs={app0.M0,app2.M5}
  cost=2 deg=2 node=app2.M5 parent=app2.M0 nbrs={app2.M0,app0.M9}
[carrier-cross] segment 3 -> carrier-grouped 3 (-0%). Carriers: 32 total (2 bundle + 15 cluster-pair + 15 individual).
[isolated-stash] Stashed 3 edge-less nodes in 6-column strip at x>=8297.
[face-raster] grid 1903x1262 (cell 5.0x5.0 units), 48 faces, 2359206 bg cells (98.2% of grid)
  face #1: 1904654 cells (80.7%), bbox 1903x1262 @ (0,0)
  face #2: 146129 cells (6.2%), bbox 756x536 @ (462,49)
  face #12: 106080 cells (4.5%), bbox 380x568 @ (203,468)
  face #34: 81316 cells (3.4%), bbox 421x367 @ (509,612)
  face #32: 67056 cells (2.8%), bbox 403x341 @ (526,532)
  face #46: 40042 cells (1.7%), bbox 335x268 @ (585,928)
  face #26: 3850 cells (0.2%), bbox 93x102 @ (506,496)
  face #36: 2471 cells (0.1%), bbox 62x70 @ (991,819)
[face-cohesion] 14 clusters analysed, 2 low-cohesion (<60% in dominant face)
  cohesion histogram:
     30%- 39%: 1 clusters
     50%- 59%: 1 clusters
     60%- 69%: 2 clusters
    100%-100%: 10 clusters
  top 2 low-cohesion clusters (largest first):
    _louv_6: 4 members, 2 in dominant face, 3 faces total (50%)
    _louv_8: 3 members, 1 in dominant face, 3 faces total (33%)
[face-density] 22 micro-faces (size<50), top 10 hot regions (macro 64x64 cells):
  region (6,7): 6 micro-faces, world (1689,2070)-(2009,2390)
  region (7,7): 6 micro-faces, world (2009,2070)-(2329,2390)
  region (19,0): 4 micro-faces, world (5848,-169)-(6168,151)
  region (6,8): 3 micro-faces, world (1689,2390)-(2009,2710)
  region (16,13): 2 micro-faces, world (4889,3990)-(5209,4310)
  region (7,8): 1 micro-faces, world (2009,2390)-(2329,2710)
[face-ppm] Wrote /tmp/face-raster.ppm (1903x1262, downsampled from 1903x1262 by 1)
[face-untangle] 3 target clusters, 6 strays, 0 moved (poly cross 3 → 3, 0 fewer)
[stuck-leaf-2d] pass 1: 0 candidates, 0 moved, 0 cost units resolved.
[stuck-leaf-2d] 0 candidates, 0 moved, 0 cost units resolved (poly cross 3 → 3, 0 fewer)
[hot-region-sa] 0 hot cells (≥4 cross, 3 cross pts), top 0 processed, 0/0 swap accepted (cross 3 → 3, 0 fewer)
