[community] algorithm=louvain communities=63 meta=3
[hub-bias] Super-graph: pushed 6 high-deg cluster roots to 1.4x avgR.
[cg-time] 3ms post-hub-bias
[cg-time] 147ms pre-§10-outward-radial
[cg-time] 147ms pre-§11-compose
[cg-time] 147ms pre-§12-pruning-reattach
[cg-time] 147ms pre-§13-cluster-swap
[cg-time] 370ms pre-§14-chain-straightening
[cg-time] 370ms pre-§15-pruned-cross-min
[§15.5] Optimized 25 alone-root+independent nodes (10 moves).
[cg-time] 372ms pre-bus-bundle
[bus-bundle] Created 2 bus bundles (4 members, sig ≥ 2 roots).
[xings-hotspot] total=166 xings across 89 offending edges (of 193)
  edge app8.M8↔app13.M0 xings=15 cluster=(_louv_42,?)
  edge core.Hub0↔app8.M0 xings=13 cluster=(_louv_0,_louv_41)
  edge app11.M0↔app11.M1 xings=13 cluster=(?,_louv_6)
  edge app1.M3↔app10.M7 xings=12 cluster=(?,_louv_12)
  edge core.Hub0↔app1.M0 xings=9 cluster=(_louv_0,_louv_9)
  edge core.Hub0↔app5.M0 xings=9 cluster=(_louv_0,_louv_23)
  edge app12.M2↔app13.M1 xings=8 cluster=(?,_louv_58)
  edge app11.M3↔app11.M4 xings=8 cluster=(?,?)
[xings-hotspot] top cluster signatures:
  {?|_louv_1|_louv_9} xings=7
  {?|_louv_1|_louv_19} xings=6
  {?|_louv_9} xings=4
  {?|_louv_19} xings=4
  {?|_louv_42} xings=4
  {?|_louv_1} xings=4
  {?|_louv_1|_louv_42} xings=3
  {?|_louv_19|_louv_22} xings=3
[knot-min] Accepted 39 spatial swaps among 148 candidates.
[carrier-pre] 197 edges → 114 distinct carriers (cost-side filter).
[leaf-untangle] candidates=83, with-cross=36, moved=30, crossings-resolved=101.
[leaf-untangle] candidates=83, with-cross=15, moved=6, crossings-resolved=17.
[leaf-untangle] candidates=83, with-cross=12, moved=1, crossings-resolved=3.
[leaf-untangle] candidates=83, with-cross=12, moved=0, crossings-resolved=0.
[stuck-leaf-diag] 12 candidates with cost>0 (top 15 below):
  cost=9 deg=2 node=app9.M4 parent=app9.M0 nbrs={app9.M0,app13.M0}
  cost=4 deg=2 node=app9.M5 parent=app8.M0 nbrs={app9.M0,app8.M0}
  cost=3 deg=2 node=app7.M2 parent=app7.M0 nbrs={app7.M0,app7.M8}
  cost=2 deg=3 node=app0.M5 parent=app0.M0 nbrs={app0.M0,app0.M4,app11.M1}
  cost=2 deg=2 node=app1.M2 parent=app1.M4 nbrs={app1.M4,app1.Tag24}
  cost=1 deg=2 node=app0.M2 parent=app0.M9 nbrs={app0.M9,app9.M8}
  cost=1 deg=2 node=app3.M3 parent=app2.M3 nbrs={app3.Address34,app2.M3}
  cost=1 deg=2 node=app7.M6 parent=app7.M0 nbrs={app7.M0,app7.Note13}
  cost=1 deg=2 node=app7.M11 parent=app7.M0 nbrs={app7.M0,app11.M2}
  cost=1 deg=3 node=app9.M1 parent=app9.M0 nbrs={app9.M9,app9.M0,app9.Asset8}
  cost=1 deg=2 node=app9.M8 parent=app12.M1 nbrs={app12.M1,app0.M2}
  cost=1 deg=2 node=app11.M2 parent=app11.M0 nbrs={app11.M0,app7.M11}
[pd-knot] 110 polyline cross pairs, 0 resolved via endpoint swap.
[xings-detour] iters=2 initial-poly-pairs=124 accepted=4 (multi-seg, density-aware, polyline detect, iterative).
[visual-knot] 118→116 cross points, 10→9 hot cells (≥3), 29 handled, 2 swap accepted.
[leaf-untangle] candidates=83, with-cross=12, moved=0, crossings-resolved=0.
[stuck-leaf-diag] 12 candidates with cost>0 (top 15 below):
  cost=9 deg=2 node=app9.M4 parent=app9.M0 nbrs={app9.M0,app13.M0}
  cost=4 deg=2 node=app9.M5 parent=app8.M0 nbrs={app9.M0,app8.M0}
  cost=3 deg=2 node=app7.M2 parent=app7.M0 nbrs={app7.M0,app7.M8}
  cost=2 deg=3 node=app0.M5 parent=app0.M0 nbrs={app0.M0,app0.M4,app11.M1}
  cost=2 deg=2 node=app1.M2 parent=app1.M4 nbrs={app1.M4,app1.Tag24}
  cost=1 deg=2 node=app0.M2 parent=app0.M9 nbrs={app0.M9,app9.M8}
  cost=1 deg=2 node=app3.M3 parent=app2.M3 nbrs={app3.Address34,app2.M3}
  cost=1 deg=2 node=app7.M6 parent=app7.M0 nbrs={app7.M0,app7.Note13}
  cost=1 deg=2 node=app7.M11 parent=app7.M0 nbrs={app7.M0,app11.M2}
  cost=1 deg=3 node=app9.M1 parent=app9.M0 nbrs={app9.M9,app9.M0,app9.Asset8}
  cost=1 deg=2 node=app9.M8 parent=app12.M1 nbrs={app12.M1,app0.M2}
  cost=1 deg=2 node=app11.M2 parent=app11.M0 nbrs={app11.M0,app7.M11}
[carrier-cross] segment 122 -> carrier-grouped 90 (-26%). Carriers: 118 total (4 bundle + 79 cluster-pair + 35 individual).
[isolated-stash] Stashed 9 edge-less nodes in 6-column strip at x>=21590.
[face-raster] grid 4825x3220 (cell 5.0x5.0 units), 460 faces, 15357859 bg cells (98.9% of grid)
  face #1: 9872864 cells (64.3%), bbox 4825x3220 @ (0,0)
  face #3: 692296 cells (4.5%), bbox 2629x1000 @ (1173,82)
  face #260: 332131 cells (2.2%), bbox 808x659 @ (402,1540)
  face #23: 294202 cells (1.9%), bbox 664x1515 @ (498,164)
  face #13: 286711 cells (1.9%), bbox 1026x1619 @ (127,151)
  face #2: 237691 cells (1.5%), bbox 1206x921 @ (1137,82)
  face #306: 218139 cells (1.4%), bbox 851x464 @ (225,1901)
  face #99: 206445 cells (1.3%), bbox 696x612 @ (2603,1083)
[face-cohesion] 34 clusters analysed, 14 low-cohesion (<60% in dominant face)
  cohesion histogram:
     30%- 39%: 5 clusters
     50%- 59%: 9 clusters
     60%- 69%: 7 clusters
     70%- 79%: 2 clusters
    100%-100%: 11 clusters
  top 10 low-cohesion clusters (largest first):
    _louv_41: 4 members, 2 in dominant face, 3 faces total (50%)
    _louv_30: 3 members, 1 in dominant face, 3 faces total (33%)
    _louv_29: 3 members, 1 in dominant face, 3 faces total (33%)
    _louv_19: 3 members, 1 in dominant face, 3 faces total (33%)
    _louv_9: 3 members, 1 in dominant face, 3 faces total (33%)
    _louv_42: 3 members, 1 in dominant face, 3 faces total (33%)
    _louv_58: 2 members, 1 in dominant face, 2 faces total (50%)
    _louv_32: 2 members, 1 in dominant face, 2 faces total (50%)
    _louv_59: 2 members, 1 in dominant face, 2 faces total (50%)
    _louv_11: 2 members, 1 in dominant face, 2 faces total (50%)
[face-density] 269 micro-faces (size<50), top 10 hot regions (macro 64x64 cells):
  region (25,37): 27 micro-faces, world (7488,11479)-(7808,11799)
  region (18,2): 23 micro-faces, world (5248,282)-(5568,602)
  region (27,16): 17 micro-faces, world (8128,4761)-(8448,5081)
  region (42,31): 16 micro-faces, world (12927,9560)-(13247,9879)
  region (4,41): 15 micro-faces, world (769,12759)-(1089,13078)
  region (34,21): 13 micro-faces, world (10367,6360)-(10687,6680)
  region (20,32): 10 micro-faces, world (5888,9879)-(6208,10199)
  region (23,9): 7 micro-faces, world (6848,2522)-(7168,2841)
  region (23,34): 7 micro-faces, world (6848,10519)-(7168,10839)
  region (43,30): 7 micro-faces, world (13247,9240)-(13567,9560)
[face-ppm] Wrote /tmp/face-raster.ppm (2412x1610, downsampled from 4825x3220 by 2)
[face-untangle] 15 target clusters, 22 strays, 1 moved (poly cross 116 → 115, 1 fewer)
[stuck-leaf-2d] pass 1: 0 candidates, 0 moved, 0 cost units resolved.
[stuck-leaf-2d] 0 candidates, 0 moved, 0 cost units resolved (poly cross 115 → 115, 0 fewer)
[hot-region-sa] 11 hot cells (≥4 cross, 115 cross pts), top 5 processed, 41/744 swap accepted (cross 115 → 115, 0 fewer)
