[community] algorithm=louvain communities=125 meta=3
[hub-bias] Super-graph: pushed 15 high-deg cluster roots to 1.4x avgR.
[cg-time] 11ms post-hub-bias
[cg-time] 34ms pre-§10-outward-radial
[cg-time] 34ms pre-§11-compose
[cg-time] 34ms pre-§12-pruning-reattach
[cg-time] 34ms pre-§13-cluster-swap
[cg-time] 769ms pre-§14-chain-straightening
[cg-time] 769ms pre-§15-pruned-cross-min
[§15.5] Optimized 43 alone-root+independent nodes (3 moves).
[cg-time] 786ms pre-bus-bundle
[bus-bundle] Created 1 bus bundles (2 members, sig ≥ 2 roots).
[xings-hotspot] total=204 xings across 122 offending edges (of 398)
  edge app1.M0↔app11.M7 xings=19 cluster=(?,?)
  edge app9.M2↔app10.M1 xings=15 cluster=(_louv_73,?)
  edge app0.M0↔app4.M4 xings=13 cluster=(?,_louv_29)
  edge core.Hub0↔app7.M0 xings=13 cluster=(_louv_0,_louv_52)
  edge app1.M0↔app1.M4 xings=12 cluster=(?,?)
  edge app14.M0↔app18.M1 xings=10 cluster=(_louv_96,_louv_116)
  edge app15.M3↔app16.M0 xings=10 cluster=(_louv_61,_louv_104)
  edge app0.M0↔app5.M7 xings=10 cluster=(?,_louv_37)
[xings-hotspot] top cluster signatures:
  {?|_louv_4} xings=6
  {?|_louv_0} xings=4
  {?|_louv_100|_louv_96} xings=4
  {?|_louv_0|_louv_37} xings=4
  {?|_louv_19|_louv_20|_louv_45} xings=3
  {?|_louv_0|_louv_52|_louv_96} xings=3
  {?|_louv_0|_louv_4} xings=3
  {?|_louv_37} xings=3
[bundle-clear] Pushed 3 nodes off bundle bboxes.
[knot-min] Accepted 49 spatial swaps among 333 candidates.
[knot-min-2opt] Accepted 2 cross-targeted swaps.
[carrier-pre] 401 edges → 254 distinct carriers (cost-side filter).
[leaf-untangle] candidates=234, with-cross=73, moved=61, crossings-resolved=190.
[leaf-untangle] candidates=234, with-cross=29, moved=13, crossings-resolved=30.
[leaf-untangle] candidates=234, with-cross=18, moved=1, crossings-resolved=3.
[leaf-untangle] candidates=234, with-cross=17, moved=0, crossings-resolved=0.
[stuck-leaf-diag] 26 candidates with cost>0 (top 15 below):
  cost=17 deg=3 node=app11.M7 parent=app11.M0 nbrs={app11.M0,app11.M10,app1.M0}
  cost=16 deg=2 node=app4.M4 parent=app0.M0 nbrs={app0.M0,app17.M0}
  cost=14 deg=3 node=app10.M1 parent=app10.M0 nbrs={app10.M0,app10.M10,app9.M2}
  cost=7 deg=3 node=app4.M2 parent=app4.M0 nbrs={app4.M0,app4.M6,app4.M9}
  cost=6 deg=1 node=app7.Asset17 parent=app7.M13 nbrs={app7.M13}
  cost=6 deg=2 node=app17.M1 parent=app17.M0 nbrs={app17.M0,app17.M5}
  cost=5 deg=2 node=app0.M6 parent=app0.M0 nbrs={app0.M0,app19.M4}
  cost=5 deg=2 node=app19.M4 parent=app19.M0 nbrs={app19.M0,app0.M6}
  cost=5 deg=1 node=app1.Address41 parent=app1.M1 nbrs={app1.M1}
  cost=4 deg=3 node=app8.M3 parent=app8.M0 nbrs={app8.M0,app8.M13,app5.M1}
  cost=4 deg=2 node=app3.M10 parent=app3.M0 nbrs={app3.M0,app18.M7}
  cost=3 deg=2 node=app7.M10 parent=app7.M0 nbrs={app7.M0,app7.M8}
  cost=3 deg=2 node=app7.M1 parent=app7.M0 nbrs={app7.M0,app7.File142}
  cost=3 deg=2 node=app6.M12 parent=app6.M0 nbrs={app6.M0,app6.M6}
  cost=3 deg=1 node=app1.Tag63 parent=app1.M6 nbrs={app1.M6}
[pd-knot] 152 polyline cross pairs, 1 resolved via endpoint swap.
[xings-detour] iters=2 initial-poly-pairs=155 accepted=3 (multi-seg, density-aware, polyline detect, iterative).
[visual-knot] 147→147 cross points, 9→9 hot cells (≥3), 9 handled, 0 swap accepted.
[leaf-untangle] candidates=234, with-cross=22, moved=6, crossings-resolved=8.
[leaf-untangle] candidates=234, with-cross=16, moved=0, crossings-resolved=0.
[stuck-leaf-diag] 25 candidates with cost>0 (top 15 below):
  cost=17 deg=3 node=app11.M7 parent=app11.M0 nbrs={app11.M0,app11.M10,app1.M0}
  cost=16 deg=2 node=app4.M4 parent=app0.M0 nbrs={app0.M0,app17.M0}
  cost=14 deg=3 node=app10.M1 parent=app10.M0 nbrs={app10.M0,app10.M10,app9.M2}
  cost=7 deg=3 node=app4.M2 parent=app4.M0 nbrs={app4.M0,app4.M6,app4.M9}
  cost=6 deg=1 node=app7.Asset17 parent=app7.M13 nbrs={app7.M13}
  cost=6 deg=2 node=app17.M1 parent=app17.M0 nbrs={app17.M0,app17.M5}
  cost=5 deg=2 node=app0.M6 parent=app0.M0 nbrs={app0.M0,app19.M4}
  cost=5 deg=2 node=app19.M4 parent=app19.M0 nbrs={app19.M0,app0.M6}
  cost=5 deg=1 node=app1.Address41 parent=app1.M1 nbrs={app1.M1}
  cost=4 deg=3 node=app8.M3 parent=app8.M0 nbrs={app8.M0,app8.M13,app5.M1}
  cost=4 deg=2 node=app3.M10 parent=app3.M0 nbrs={app3.M0,app18.M7}
  cost=3 deg=2 node=app8.M9 parent=app9.M0 nbrs={app8.M11,app9.M0}
  cost=3 deg=2 node=app7.M10 parent=app7.M0 nbrs={app7.M0,app7.M8}
  cost=3 deg=2 node=app7.M1 parent=app7.M0 nbrs={app7.M0,app7.File142}
  cost=3 deg=2 node=app6.M12 parent=app6.M0 nbrs={app6.M0,app6.M6}
[carrier-cross] segment 150 -> carrier-grouped 141 (-6%). Carriers: 247 total (5 bundle + 146 cluster-pair + 96 individual).
[isolated-stash] Stashed 3 edge-less nodes in 6-column strip at x>=38147.
[face-raster] grid 8107x7198 (cell 5.0x5.0 units), 1060 faces, 57980767 bg cells (99.4% of grid)
  face #1: 45128440 cells (77.8%), bbox 8107x7198 @ (0,0)
  face #215: 966230 cells (1.7%), bbox 1390x1485 @ (3856,2586)
  face #16: 802768 cells (1.4%), bbox 716x2231 @ (1052,2128)
  face #278: 778569 cells (1.3%), bbox 1860x2026 @ (3392,3578)
  face #12: 756441 cells (1.3%), bbox 1153x1514 @ (2795,1967)
  face #17: 707018 cells (1.2%), bbox 874x2315 @ (1479,2128)
  face #14: 650921 cells (1.1%), bbox 1116x1215 @ (1487,2036)
  face #511: 575496 cells (1.0%), bbox 1315x1000 @ (194,4212)
[face-cohesion] 96 clusters analysed, 38 low-cohesion (<60% in dominant face)
  cohesion histogram:
     20%- 29%: 3 clusters
     30%- 39%: 10 clusters
     40%- 49%: 3 clusters
     50%- 59%: 22 clusters
     60%- 69%: 15 clusters
     70%- 79%: 4 clusters
    100%-100%: 39 clusters
  top 10 low-cohesion clusters (largest first):
    _louv_45: 7 members, 3 in dominant face, 4 faces total (43%)
    _louv_37: 5 members, 1 in dominant face, 5 faces total (20%)
    _louv_18: 5 members, 2 in dominant face, 4 faces total (40%)
    _louv_115: 5 members, 2 in dominant face, 4 faces total (40%)
    _louv_20: 4 members, 2 in dominant face, 3 faces total (50%)
    _louv_99: 4 members, 2 in dominant face, 2 faces total (50%)
    _louv_0: 4 members, 1 in dominant face, 4 faces total (25%)
    _louv_78: 4 members, 2 in dominant face, 3 faces total (50%)
    _louv_82: 4 members, 2 in dominant face, 3 faces total (50%)
    _louv_96: 4 members, 1 in dominant face, 4 faces total (25%)
[face-density] 761 micro-faces (size<50), top 10 hot regions (macro 64x64 cells):
  region (80,57): 51 micro-faces, world (24771,17498)-(25091,17818)
  region (81,56): 40 micro-faces, world (25091,17178)-(25411,17498)
  region (27,38): 39 micro-faces, world (7812,11419)-(8132,11739)
  region (55,37): 37 micro-faces, world (16771,11099)-(17091,11419)
  region (26,37): 26 micro-faces, world (7492,11099)-(7812,11419)
  region (40,76): 25 micro-faces, world (11972,23577)-(12292,23897)
  region (80,56): 23 micro-faces, world (24771,17178)-(25091,17498)
  region (41,76): 23 micro-faces, world (12292,23577)-(12612,23897)
  region (27,39): 23 micro-faces, world (7812,11739)-(8132,12058)
  region (28,39): 22 micro-faces, world (8132,11739)-(8452,12058)
[face-ppm] Wrote /tmp/face-raster.ppm (4053x3599, downsampled from 8107x7198 by 2)
[face-untangle] 35 target clusters, 56 strays, 2 moved (poly cross 149 → 146, 3 fewer)
[stuck-leaf-2d] pass 1: 2 candidates, 1 moved, 2 cost units resolved.
[stuck-leaf-2d] pass 2: 1 candidates, 0 moved, 0 cost units resolved.
[stuck-leaf-2d] 1 candidates, 1 moved → REVERTED (poly cross 146 → 147)
[hot-region-sa] 5 hot cells (≥4 cross, 149 cross pts), top 5 processed, 88/581 swap accepted (cross 149 → 149, 0 fewer)
