[community] algorithm=louvain communities=66 meta=3
[hub-bias] Super-graph: pushed 7 high-deg cluster roots to 1.4x avgR.
[cg-time] 5ms post-hub-bias
[cg-time] 297ms pre-§10-outward-radial
[cg-time] 297ms pre-§11-compose
[cg-time] 297ms pre-§12-pruning-reattach
[cg-time] 298ms pre-§13-cluster-swap
[cg-time] 739ms pre-§14-chain-straightening
[cg-time] 740ms pre-§15-pruned-cross-min
[§15.5] Optimized 25 alone-root+independent nodes (13 moves).
[cg-time] 743ms pre-bus-bundle
[bus-bundle] Created 2 bus bundles (4 members, sig ≥ 2 roots).
[xings-hotspot] total=222 xings across 127 offending edges (of 244)
  edge core.Hub1↔app6.M0 xings=16 cluster=(?,_louv_34)
  edge app1.M3↔app1.M7 xings=14 cluster=(_louv_7,?)
  edge app12.M0↔app12.M8 xings=13 cluster=(_louv_53,_louv_13)
  edge app2.M8↔app3.M10 xings=12 cluster=(?,?)
  edge app14.M0↔app14.M4 xings=11 cluster=(_louv_1,_louv_23)
  edge app3.M0↔app8.M5 xings=10 cluster=(_louv_18,?)
  edge app3.M7↔app9.M10 xings=10 cluster=(_louv_22,?)
  edge app1.M0↔app1.M7 xings=10 cluster=(_louv_7,?)
[xings-hotspot] top cluster signatures:
  {?|_louv_7} xings=7
  {?|_louv_12} xings=6
  {?|_louv_33} xings=5
  {?|_louv_7|_louv_8} xings=4
  {?} xings=4
  {?|_louv_41|_louv_43} xings=4
  {?|_louv_38|_louv_7} xings=4
  {?|_louv_34|_louv_61|_louv_7} xings=3
[knot-min] Accepted 49 spatial swaps among 168 candidates.
[carrier-pre] 248 edges → 142 distinct carriers (cost-side filter).
[leaf-untangle] candidates=92, with-cross=37, moved=32, crossings-resolved=132.
[leaf-untangle] candidates=92, with-cross=24, moved=15, crossings-resolved=47.
[leaf-untangle] candidates=92, with-cross=19, moved=8, crossings-resolved=24.
[leaf-untangle] candidates=92, with-cross=18, moved=6, crossings-resolved=15.
[stuck-leaf-diag] 21 candidates with cost>0 (top 15 below):
  cost=11 deg=3 node=app11.M6 parent=app11.M0 nbrs={app11.M0,app11.M12,app4.M9}
  cost=9 deg=3 node=app1.M3 parent=app1.M0 nbrs={app1.M0,app1.M7,app15.M1}
  cost=9 deg=2 node=app11.M7 parent=app11.M0 nbrs={app11.M0,app4.M5}
  cost=9 deg=2 node=app14.M1 parent=app14.M0 nbrs={app14.M0,app0.M2}
  cost=7 deg=3 node=app2.M6 parent=app2.M0 nbrs={app2.M0,app2.M0,app2.M5}
  cost=6 deg=2 node=app2.M10 parent=app2.M0 nbrs={app2.M0,app16.M3}
  cost=6 deg=3 node=app10.M1 parent=app14.M0 nbrs={app4.M8,app4.M3,app14.M0}
  cost=5 deg=2 node=app0.M2 parent=app0.M0 nbrs={app0.M0,app14.M1}
  cost=5 deg=2 node=app4.M5 parent=app4.M0 nbrs={app4.M0,app11.M7}
  cost=3 deg=2 node=app12.M9 parent=app12.M0 nbrs={app12.M0,app3.M5}
  cost=3 deg=2 node=app13.M8 parent=app13.M7 nbrs={app13.M7,app13.M9}
  cost=3 deg=1 node=app15.M2 parent=app15.M0 nbrs={app15.M0}
  cost=3 deg=3 node=app15.M5 parent=app15.M0 nbrs={app15.M0,app15.M6,app8.M5}
  cost=3 deg=2 node=app15.M8 parent=app15.M0 nbrs={app15.M0,app15.M9}
  cost=3 deg=2 node=app15.M11 parent=app15.M0 nbrs={app15.M0,app15.M14}
[pd-knot] 154 polyline cross pairs, 1 resolved via endpoint swap.
[xings-detour] iters=2 initial-poly-pairs=154 accepted=7 (multi-seg, density-aware, polyline detect, iterative).
[visual-knot] 146→146 cross points, 11→11 hot cells (≥3), 11 handled, 0 swap accepted.
[leaf-untangle] candidates=92, with-cross=17, moved=4, crossings-resolved=10.
[leaf-untangle] candidates=92, with-cross=14, moved=0, crossings-resolved=0.
[stuck-leaf-diag] 18 candidates with cost>0 (top 15 below):
  cost=11 deg=3 node=app11.M6 parent=app11.M0 nbrs={app11.M0,app11.M12,app4.M9}
  cost=9 deg=2 node=app11.M7 parent=app11.M0 nbrs={app11.M0,app4.M5}
  cost=9 deg=2 node=app14.M1 parent=app14.M0 nbrs={app14.M0,app0.M2}
  cost=8 deg=3 node=app1.M3 parent=app1.M0 nbrs={app1.M0,app1.M7,app15.M1}
  cost=6 deg=3 node=app2.M6 parent=app2.M0 nbrs={app2.M0,app2.M0,app2.M5}
  cost=6 deg=2 node=app2.M10 parent=app2.M0 nbrs={app2.M0,app16.M3}
  cost=6 deg=3 node=app10.M1 parent=app14.M0 nbrs={app4.M8,app4.M3,app14.M0}
  cost=5 deg=2 node=app0.M2 parent=app0.M0 nbrs={app0.M0,app14.M1}
  cost=5 deg=2 node=app4.M5 parent=app4.M0 nbrs={app4.M0,app11.M7}
  cost=3 deg=2 node=app12.M9 parent=app12.M0 nbrs={app12.M0,app3.M5}
  cost=3 deg=2 node=app13.M8 parent=app13.M7 nbrs={app13.M7,app13.M9}
  cost=3 deg=2 node=app15.M8 parent=app15.M0 nbrs={app15.M0,app15.M9}
  cost=3 deg=2 node=app15.M11 parent=app15.M0 nbrs={app15.M0,app15.M14}
  cost=2 deg=1 node=app3.M9 parent=app6.M11 nbrs={app6.M11}
  cost=2 deg=2 node=app7.M4 parent=app7.M0 nbrs={app7.M0,app16.M1}
[carrier-cross] segment 146 -> carrier-grouped 136 (-7%). Carriers: 137 total (5 bundle + 99 cluster-pair + 33 individual).
[isolated-stash] Stashed 8 edge-less nodes in 6-column strip at x>=29917.
[face-raster] grid 6573x4617 (cell 5.0x5.0 units), 533 faces, 30128216 bg cells (99.3% of grid)
  face #1: 25224414 cells (83.7%), bbox 6573x4617 @ (0,0)
  face #69: 745470 cells (2.5%), bbox 1032x1416 @ (3074,1273)
  face #99: 601120 cells (2.0%), bbox 1537x898 @ (172,1569)
  face #445: 341425 cells (1.1%), bbox 1254x1104 @ (2170,2638)
  face #471: 155146 cells (0.5%), bbox 506x806 @ (2890,2820)
  face #19: 150434 cells (0.5%), bbox 1539x610 @ (2365,1067)
  face #434: 134879 cells (0.4%), bbox 602x438 @ (1570,2567)
  face #465: 126793 cells (0.4%), bbox 363x872 @ (3197,2792)
[face-cohesion] 29 clusters analysed, 15 low-cohesion (<60% in dominant face)
  cohesion histogram:
     20%- 29%: 1 clusters
     30%- 39%: 3 clusters
     40%- 49%: 3 clusters
     50%- 59%: 8 clusters
     60%- 69%: 2 clusters
     70%- 79%: 1 clusters
    100%-100%: 11 clusters
  top 10 low-cohesion clusters (largest first):
    _louv_41: 8 members, 3 in dominant face, 5 faces total (38%)
    _louv_18: 7 members, 3 in dominant face, 5 faces total (43%)
    _louv_34: 6 members, 3 in dominant face, 3 faces total (50%)
    _louv_12: 6 members, 2 in dominant face, 5 faces total (33%)
    _louv_57: 5 members, 2 in dominant face, 3 faces total (40%)
    _louv_61: 5 members, 2 in dominant face, 3 faces total (40%)
    _louv_48: 4 members, 2 in dominant face, 3 faces total (50%)
    _louv_53: 4 members, 1 in dominant face, 4 faces total (25%)
    _louv_7: 3 members, 1 in dominant face, 3 faces total (33%)
    _louv_22: 2 members, 1 in dominant face, 2 faces total (50%)
[face-density] 299 micro-faces (size<50), top 10 hot regions (macro 64x64 cells):
  region (53,56): 19 micro-faces, world (16278,16917)-(16598,17237)
  region (26,19): 18 micro-faces, world (7639,5078)-(7959,5398)
  region (50,34): 16 micro-faces, world (15318,9878)-(15638,10198)
  region (34,21): 16 micro-faces, world (10199,5718)-(10519,6038)
  region (24,24): 16 micro-faces, world (6999,6678)-(7319,6998)
  region (54,52): 15 micro-faces, world (16598,15637)-(16918,15957)
  region (50,35): 13 micro-faces, world (15318,10198)-(15638,10518)
  region (20,4): 9 micro-faces, world (5719,279)-(6039,599)
  region (54,53): 9 micro-faces, world (16598,15957)-(16918,16277)
  region (2,38): 9 micro-faces, world (-40,11158)-(280,11478)
[face-ppm] Wrote /tmp/face-raster.ppm (3286x2308, downsampled from 6573x4617 by 2)
[face-untangle] 14 target clusters, 32 strays, 0 moved (poly cross 145 → 145, 0 fewer)
[stuck-leaf-2d] pass 1: 1 candidates, 0 moved, 0 cost units resolved.
[stuck-leaf-2d] 1 candidates, 0 moved, 0 cost units resolved (poly cross 145 → 145, 0 fewer)
[hot-region-sa] 10 hot cells (≥4 cross, 145 cross pts), top 5 processed, 66/740 swap accepted (cross 145 → 144, 1 fewer)
