[community] algorithm=louvain communities=107 meta=4
[hub-bias] Super-graph: pushed 11 high-deg cluster roots to 1.4x avgR.
[cg-time] 9ms post-hub-bias
[cg-time] 46ms pre-§10-outward-radial
[cg-time] 46ms pre-§11-compose
[cg-time] 46ms pre-§12-pruning-reattach
[cg-time] 46ms pre-§13-cluster-swap
[cg-time] 676ms pre-§14-chain-straightening
[cg-time] 676ms pre-§15-pruned-cross-min
[§15.5] Optimized 44 alone-root+independent nodes (4 moves).
[cg-time] 683ms pre-bus-bundle
[bus-bundle] Created 1 bus bundles (3 members, sig ≥ 2 roots).
[xings-hotspot] total=244 xings across 129 offending edges (of 357)
  edge app9.M1↔app11.M9 xings=21 cluster=(?,?)
  edge app15.M6↔app16.M5 xings=20 cluster=(?,?)
  edge app0.M0↔app10.M3 xings=18 cluster=(_louv_2,_louv_53)
  edge app12.M3↔app12.M4 xings=16 cluster=(_louv_75,_louv_76)
  edge app12.M0↔app18.M2 xings=16 cluster=(?,?)
  edge app8.M0↔app18.M1 xings=12 cluster=(_louv_52,_louv_38)
  edge core.Hub0↔app12.M0 xings=12 cluster=(?,?)
  edge app13.M0↔app18.M1 xings=11 cluster=(_louv_79,_louv_38)
[xings-hotspot] top cluster signatures:
  {?} xings=11
  {?|_louv_1} xings=8
  {?|_louv_38|_louv_52} xings=7
  {?|_louv_75|_louv_76} xings=7
  {?|_louv_62} xings=7
  {?|_louv_38} xings=6
  {?|_louv_1|_louv_80} xings=4
  {?|_louv_93} xings=4
[knot-min] Accepted 56 spatial swaps among 294 candidates.
[carrier-pre] 359 edges → 211 distinct carriers (cost-side filter).
[leaf-untangle] candidates=192, with-cross=56, moved=51, crossings-resolved=149.
[leaf-untangle] candidates=192, with-cross=10, moved=4, crossings-resolved=8.
[leaf-untangle] candidates=192, with-cross=7, moved=0, crossings-resolved=0.
[stuck-leaf-diag] 12 candidates with cost>0 (top 15 below):
  cost=10 deg=3 node=app1.M3 parent=app18.M1 nbrs={app1.M0,app17.M2,app18.M1}
  cost=7 deg=3 node=app14.M5 parent=app14.M0 nbrs={app14.M0,app14.M2,app16.M3}
  cost=6 deg=2 node=app3.M9 parent=app15.M0 nbrs={app3.Tag91,app15.M0}
  cost=6 deg=2 node=app15.M1 parent=app15.M0 nbrs={app15.M0,app15.Address63}
  cost=6 deg=3 node=app15.M3 parent=app15.M0 nbrs={app15.M0,app15.M9,app0.M11}
  cost=3 deg=3 node=app0.M11 parent=app0.M0 nbrs={app0.M0,app0.M3,app15.M3}
  cost=3 deg=1 node=app15.M2 parent=app15.M0 nbrs={app15.M0}
  cost=2 deg=2 node=app8.M2 parent=app8.M0 nbrs={app8.M0,app7.M0}
  cost=1 deg=2 node=app8.M5 parent=app8.M0 nbrs={app8.M0,app8.Asset22}
  cost=1 deg=2 node=app8.M6 parent=app8.M0 nbrs={app8.M0,app8.File81}
  cost=1 deg=2 node=app14.M2 parent=app14.M0 nbrs={app14.M0,app14.M5}
  cost=1 deg=3 node=app15.M5 parent=app15.M0 nbrs={app15.M0,app15.Asset116,app15.M6}
[pd-knot] 162 polyline cross pairs, 0 resolved via endpoint swap.
[xings-detour] iters=1 initial-poly-pairs=169 accepted=0 (multi-seg, density-aware, polyline detect, iterative).
[visual-knot] 167→167 cross points, 10→10 hot cells (≥3), 10 handled, 0 swap accepted.
[leaf-untangle] candidates=192, with-cross=7, moved=0, crossings-resolved=0.
[stuck-leaf-diag] 12 candidates with cost>0 (top 15 below):
  cost=10 deg=3 node=app1.M3 parent=app18.M1 nbrs={app1.M0,app17.M2,app18.M1}
  cost=7 deg=3 node=app14.M5 parent=app14.M0 nbrs={app14.M0,app14.M2,app16.M3}
  cost=6 deg=2 node=app3.M9 parent=app15.M0 nbrs={app3.Tag91,app15.M0}
  cost=6 deg=2 node=app15.M1 parent=app15.M0 nbrs={app15.M0,app15.Address63}
  cost=6 deg=3 node=app15.M3 parent=app15.M0 nbrs={app15.M0,app15.M9,app0.M11}
  cost=3 deg=3 node=app0.M11 parent=app0.M0 nbrs={app0.M0,app0.M3,app15.M3}
  cost=3 deg=1 node=app15.M2 parent=app15.M0 nbrs={app15.M0}
  cost=2 deg=2 node=app8.M2 parent=app8.M0 nbrs={app8.M0,app7.M0}
  cost=1 deg=2 node=app8.M5 parent=app8.M0 nbrs={app8.M0,app8.Asset22}
  cost=1 deg=2 node=app8.M6 parent=app8.M0 nbrs={app8.M0,app8.File81}
  cost=1 deg=2 node=app14.M2 parent=app14.M0 nbrs={app14.M0,app14.M5}
  cost=1 deg=3 node=app15.M5 parent=app15.M0 nbrs={app15.M0,app15.Asset116,app15.M6}
[carrier-cross] segment 169 -> carrier-grouped 153 (-9%). Carriers: 203 total (2 bundle + 126 cluster-pair + 75 individual).
[isolated-stash] Stashed 3 edge-less nodes in 6-column strip at x>=39878.
[face-raster] grid 8459x6351 (cell 5.0x5.0 units), 829 faces, 53432424 bg cells (99.5% of grid)
  face #1: 46796430 cells (87.6%), bbox 8459x6351 @ (0,0)
  face #87: 1373462 cells (2.6%), bbox 1836x2961 @ (2773,3121)
  face #36: 643720 cells (1.2%), bbox 1209x1383 @ (3407,3082)
  face #19: 601120 cells (1.1%), bbox 821x1472 @ (2160,1897)
  face #521: 417716 cells (0.8%), bbox 1164x1056 @ (1768,4428)
  face #23: 271636 cells (0.5%), bbox 409x1450 @ (1750,1970)
  face #22: 242679 cells (0.5%), bbox 282x1949 @ (1573,1970)
  face #29: 172391 cells (0.3%), bbox 1077x432 @ (3464,3010)
[face-cohesion] 76 clusters analysed, 22 low-cohesion (<60% in dominant face)
  cohesion histogram:
     20%- 29%: 1 clusters
     30%- 39%: 11 clusters
     50%- 59%: 10 clusters
     60%- 69%: 19 clusters
     70%- 79%: 1 clusters
    100%-100%: 34 clusters
  top 10 low-cohesion clusters (largest first):
    _louv_52: 6 members, 2 in dominant face, 4 faces total (33%)
    _louv_38: 5 members, 1 in dominant face, 5 faces total (20%)
    _louv_80: 4 members, 2 in dominant face, 3 faces total (50%)
    _louv_90: 4 members, 2 in dominant face, 3 faces total (50%)
    _louv_64: 4 members, 2 in dominant face, 3 faces total (50%)
    _louv_19: 4 members, 2 in dominant face, 2 faces total (50%)
    _louv_104: 3 members, 1 in dominant face, 3 faces total (33%)
    _louv_102: 3 members, 1 in dominant face, 3 faces total (33%)
    _louv_83: 3 members, 1 in dominant face, 3 faces total (33%)
    _louv_62: 3 members, 1 in dominant face, 3 faces total (33%)
[face-density] 519 micro-faces (size<50), top 10 hot regions (macro 64x64 cells):
  region (29,82): 35 micro-faces, world (8418,25578)-(8738,25898)
  region (28,83): 30 micro-faces, world (8098,25898)-(8418,26218)
  region (25,89): 29 micro-faces, world (7138,27818)-(7458,28138)
  region (70,48): 28 micro-faces, world (21537,14700)-(21857,15020)
  region (28,84): 21 micro-faces, world (8098,26218)-(8418,26538)
  region (29,81): 20 micro-faces, world (8418,25258)-(8738,25578)
  region (24,91): 20 micro-faces, world (6818,28458)-(7138,28778)
  region (25,90): 18 micro-faces, world (7138,28138)-(7458,28458)
  region (24,90): 17 micro-faces, world (6818,28138)-(7138,28458)
  region (37,73): 17 micro-faces, world (10978,22699)-(11298,23019)
[face-ppm] Wrote /tmp/face-raster.ppm (2114x1587, downsampled from 8459x6351 by 4)
[face-untangle] 21 target clusters, 38 strays, 0 moved (poly cross 167 → 167, 0 fewer)
[stuck-leaf-2d] pass 1: 0 candidates, 0 moved, 0 cost units resolved.
[stuck-leaf-2d] 0 candidates, 0 moved, 0 cost units resolved (poly cross 167 → 167, 0 fewer)
[hot-region-sa] 13 hot cells (≥4 cross, 167 cross pts), top 5 processed, 74/652 swap accepted (cross 167 → 165, 2 fewer)
