[community] algorithm=louvain communities=34 meta=4
[hub-bias] Super-graph: pushed 4 high-deg cluster roots to 1.4x avgR.
[cg-time] 3ms post-hub-bias
[cg-time] 3ms pre-§10-outward-radial
[cg-time] 3ms pre-§11-compose
[cg-time] 3ms pre-§12-pruning-reattach
[cg-time] 4ms pre-§13-cluster-swap
[cg-time] 40ms pre-§14-chain-straightening
[cg-time] 41ms pre-§15-pruned-cross-min
[§15.5] Optimized 8 alone-root+independent nodes (0 moves).
[cg-time] 41ms pre-bus-bundle
[bus-bundle] Created 2 bus bundles (4 members, sig ≥ 2 roots).
[xings-hotspot] total=65 xings across 39 offending edges (of 114)
  edge app1.M0↔app1.M2 xings=10 cluster=(?,_louv_0)
  edge app3.M0↔app3.M6 xings=10 cluster=(_louv_0,_louv_7)
  edge app4.M0↔app4.M13 xings=9 cluster=(_louv_15,?)
  edge app1.M0↔app3.M5 xings=9 cluster=(?,_louv_0)
  edge app4.M0↔app4.M5 xings=6 cluster=(_louv_15,?)
  edge app0.M5↔app5.M6 xings=6 cluster=(_louv_1,_louv_21)
  edge app0.M7↔app1.M3 xings=6 cluster=(?,_louv_8)
  edge core.Hub0↔app1.M0 xings=5 cluster=(?,?)
[xings-hotspot] top cluster signatures:
  {?|_louv_0} xings=9
  {?|_louv_15} xings=9
  {?|_louv_0|_louv_7} xings=5
  {?|_louv_1|_louv_21} xings=5
  {?|_louv_0|_louv_15} xings=4
  {?|_louv_0|_louv_6|_louv_9} xings=4
  {?|_louv_0|_louv_15|_louv_7} xings=3
  {?|_louv_15|_louv_7} xings=3
[knot-min] Accepted 16 spatial swaps among 92 candidates.
[knot-min-2opt] Accepted 1 cross-targeted swaps.
[carrier-pre] 117 edges → 65 distinct carriers (cost-side filter).
[leaf-untangle] candidates=58, with-cross=8, moved=7, crossings-resolved=22.
[leaf-untangle] candidates=58, with-cross=7, moved=2, crossings-resolved=8.
[leaf-untangle] candidates=58, with-cross=5, moved=0, crossings-resolved=0.
[stuck-leaf-diag] 10 candidates with cost>0 (top 15 below):
  cost=9 deg=2 node=app4.M11 parent=app4.M0 nbrs={app4.M0,app4.M12}
  cost=6 deg=1 node=app4.M8 parent=app4.M0 nbrs={app4.M0}
  cost=3 deg=1 node=app4.M4 parent=app4.M0 nbrs={app4.M0}
  cost=3 deg=3 node=app4.M10 parent=app4.M0 nbrs={app4.M0,app4.M3,app4.Asset30}
  cost=3 deg=2 node=app4.M12 parent=app4.M0 nbrs={app4.M0,app4.M11}
  cost=2 deg=2 node=app1.M2 parent=app3.M0 nbrs={app1.M0,app3.M0}
  cost=2 deg=2 node=app3.M5 parent=app3.M0 nbrs={app3.M0,app1.M0}
  cost=2 deg=2 node=app5.M5 parent=app5.M0 nbrs={app5.M0,app6.M1}
  cost=2 deg=2 node=app6.M1 parent=app6.M0 nbrs={app6.M0,app5.M5}
  cost=1 deg=3 node=app0.M7 parent=app0.M0 nbrs={app0.M0,app0.M4,app1.M3}
[pd-knot] 37 polyline cross pairs, 1 resolved via endpoint swap.
[xings-detour] iters=1 initial-poly-pairs=33 accepted=0 (multi-seg, density-aware, polyline detect, iterative).
[visual-knot] 33→32 cross points, 3→2 hot cells (≥3), 5 handled, 1 swap accepted.
[leaf-untangle] candidates=58, with-cross=5, moved=0, crossings-resolved=0.
[stuck-leaf-diag] 10 candidates with cost>0 (top 15 below):
  cost=9 deg=2 node=app4.M11 parent=app4.M0 nbrs={app4.M0,app4.M12}
  cost=6 deg=1 node=app4.M8 parent=app4.M0 nbrs={app4.M0}
  cost=3 deg=1 node=app4.M4 parent=app4.M0 nbrs={app4.M0}
  cost=3 deg=3 node=app4.M10 parent=app4.M0 nbrs={app4.M0,app4.M3,app4.Asset30}
  cost=3 deg=2 node=app4.M12 parent=app4.M0 nbrs={app4.M0,app4.M11}
  cost=2 deg=2 node=app1.M2 parent=app3.M0 nbrs={app1.M0,app3.M0}
  cost=2 deg=2 node=app3.M5 parent=app3.M0 nbrs={app3.M0,app1.M0}
  cost=2 deg=2 node=app5.M5 parent=app5.M0 nbrs={app5.M0,app6.M1}
  cost=2 deg=2 node=app6.M1 parent=app6.M0 nbrs={app6.M0,app5.M5}
  cost=1 deg=3 node=app0.M7 parent=app0.M0 nbrs={app0.M0,app0.M4,app1.M3}
[carrier-cross] segment 32 -> carrier-grouped 18 (-44%). Carriers: 62 total (4 bundle + 37 cluster-pair + 21 individual).
[isolated-stash] Stashed 3 edge-less nodes in 6-column strip at x>=19411.
[face-raster] grid 4224x2081 (cell 5.0x5.0 units), 185 faces, 8681039 bg cells (98.8% of grid)
  face #1: 4120414 cells (47.5%), bbox 4224x2081 @ (0,0)
  face #2: 688039 cells (7.9%), bbox 3222x548 @ (133,103)
  face #38: 472760 cells (5.4%), bbox 1211x1009 @ (1856,245)
  face #114: 469478 cells (5.4%), bbox 2253x938 @ (208,940)
  face #17: 368406 cells (4.2%), bbox 1200x679 @ (128,224)
  face #18: 352862 cells (4.1%), bbox 396x1644 @ (117,228)
  face #140: 274905 cells (3.2%), bbox 1597x724 @ (283,1107)
  face #116: 256289 cells (3.0%), bbox 1186x894 @ (225,957)
[face-cohesion] 23 clusters analysed, 6 low-cohesion (<60% in dominant face)
  cohesion histogram:
     20%- 29%: 1 clusters
     50%- 59%: 5 clusters
     60%- 69%: 1 clusters
     70%- 79%: 3 clusters
     80%- 89%: 1 clusters
    100%-100%: 12 clusters
  top 6 low-cohesion clusters (largest first):
    _louv_9: 4 members, 2 in dominant face, 3 faces total (50%)
    _louv_0: 4 members, 1 in dominant face, 4 faces total (25%)
    _louv_33: 2 members, 1 in dominant face, 2 faces total (50%)
    _louv_2: 2 members, 1 in dominant face, 2 faces total (50%)
    _louv_10: 2 members, 1 in dominant face, 2 faces total (50%)
    _louv_8: 2 members, 1 in dominant face, 2 faces total (50%)
[face-density] 110 micro-faces (size<50), top 10 hot regions (macro 64x64 cells):
  region (4,28): 24 micro-faces, world (796,8711)-(1116,9031)
  region (15,13): 16 micro-faces, world (4315,3911)-(4635,4231)
  region (27,3): 11 micro-faces, world (8155,712)-(8475,1032)
  region (51,2): 8 micro-faces, world (15834,392)-(16154,712)
  region (2,3): 8 micro-faces, world (156,712)-(476,1032)
  region (22,16): 8 micro-faces, world (6555,4871)-(6875,5191)
  region (28,3): 6 micro-faces, world (8475,712)-(8795,1032)
  region (22,15): 5 micro-faces, world (6555,4551)-(6875,4871)
  region (3,28): 5 micro-faces, world (476,8711)-(796,9031)
  region (14,11): 4 micro-faces, world (3995,3271)-(4315,3591)
[face-ppm] Wrote /tmp/face-raster.ppm (2112x1040, downsampled from 4224x2081 by 2)
[face-untangle] 5 target clusters, 6 strays, 0 moved (poly cross 32 → 32, 0 fewer)
[stuck-leaf-2d] pass 1: 0 candidates, 0 moved, 0 cost units resolved.
[stuck-leaf-2d] 0 candidates, 0 moved, 0 cost units resolved (poly cross 32 → 32, 0 fewer)
[hot-region-sa] 3 hot cells (≥4 cross, 32 cross pts), top 3 processed, 72/100 swap accepted (cross 32 → 32, 0 fewer)
