[community] algorithm=louvain communities=26 meta=2
[hub-bias] Super-graph: pushed 2 high-deg cluster roots to 1.4x avgR.
[cg-time] 2ms post-hub-bias
[cg-time] 2ms pre-§10-outward-radial
[cg-time] 2ms pre-§11-compose
[cg-time] 2ms pre-§12-pruning-reattach
[cg-time] 2ms pre-§13-cluster-swap
[cg-time] 6ms pre-§14-chain-straightening
[cg-time] 6ms pre-§15-pruned-cross-min
[§15.5] Optimized 9 alone-root+independent nodes (1 moves).
[cg-time] 6ms pre-bus-bundle
[bus-bundle] Created 1 bus bundles (2 members, sig ≥ 2 roots).
[xings-hotspot] total=24 xings across 24 offending edges (of 71)
  edge app3.M7↔app5.M10 xings=7 cluster=(?,?)
  edge app2.M1↔app2.M4 xings=6 cluster=(?,?)
  edge app1.M2↔app2.M4 xings=5 cluster=(_louv_6,?)
  edge app0.M0↔app2.M0 xings=3 cluster=(_louv_1,_louv_10)
  edge app0.M3↔app2.M1 xings=3 cluster=(_louv_3,?)
  edge core.Hub0↔app4.M0 xings=2 cluster=(?,_louv_11)
  edge app5.M0↔app5.M11 xings=2 cluster=(_louv_20,?)
  edge app5.M0↔app5.M9 xings=2 cluster=(_louv_20,?)
[xings-hotspot] top cluster signatures:
  {?|_louv_20} xings=5
  {?|_louv_2|_louv_4} xings=3
  {?|_louv_11} xings=2
  {?|_louv_20|_louv_6} xings=2
  {?|_louv_6} xings=2
  {?} xings=1
  {?|_louv_10|_louv_6} xings=1
  {?|_louv_11|_louv_3} xings=1
[knot-min] Accepted 8 spatial swaps among 58 candidates.
[carrier-pre] 72 edges → 42 distinct carriers (cost-side filter).
[leaf-untangle] candidates=32, with-cross=8, moved=5, crossings-resolved=19.
[leaf-untangle] candidates=32, with-cross=9, moved=7, crossings-resolved=14.
[leaf-untangle] candidates=32, with-cross=4, moved=0, crossings-resolved=0.
[stuck-leaf-diag] 7 candidates with cost>0 (top 15 below):
  cost=12 deg=1 node=app5.M7 parent=app5.M0 nbrs={app5.M0}
  cost=6 deg=2 node=app5.M5 parent=app5.M0 nbrs={app5.M0,app5.Log3}
  cost=6 deg=2 node=app5.M13 parent=app5.M0 nbrs={app5.M0,app5.Log0}
  cost=4 deg=3 node=app2.M1 parent=app2.M4 nbrs={app2.M4,app1.M2,app0.M3}
  cost=4 deg=3 node=app2.M4 parent=app2.M1 nbrs={app2.M1,app1.M2,app5.M3}
  cost=3 deg=1 node=app5.Log0 parent=app5.M13 nbrs={app5.M13}
  cost=1 deg=3 node=app1.M2 parent=app1.M0 nbrs={app1.M0,app2.M1,app2.M4}
[pd-knot] 7 polyline cross pairs, 0 resolved via endpoint swap.
[xings-detour] iters=1 initial-poly-pairs=8 accepted=0 (multi-seg, density-aware, polyline detect, iterative).
[visual-knot] 8→8 cross points, 0→0 hot cells (≥3), 0 handled, 0 swap accepted.
[leaf-untangle] candidates=32, with-cross=4, moved=0, crossings-resolved=0.
[stuck-leaf-diag] 7 candidates with cost>0 (top 15 below):
  cost=12 deg=1 node=app5.M7 parent=app5.M0 nbrs={app5.M0}
  cost=6 deg=2 node=app5.M5 parent=app5.M0 nbrs={app5.M0,app5.Log3}
  cost=6 deg=2 node=app5.M13 parent=app5.M0 nbrs={app5.M0,app5.Log0}
  cost=4 deg=3 node=app2.M1 parent=app2.M4 nbrs={app2.M4,app1.M2,app0.M3}
  cost=4 deg=3 node=app2.M4 parent=app2.M1 nbrs={app2.M1,app1.M2,app5.M3}
  cost=3 deg=1 node=app5.Log0 parent=app5.M13 nbrs={app5.M13}
  cost=1 deg=3 node=app1.M2 parent=app1.M0 nbrs={app1.M0,app2.M1,app2.M4}
[carrier-cross] segment 8 -> carrier-grouped 8 (-0%). Carriers: 43 total (2 bundle + 27 cluster-pair + 14 individual).
[isolated-stash] Stashed 4 edge-less nodes in 6-column strip at x>=11343.
[face-raster] grid 3379x3265 (cell 5.0x5.0 units), 100 faces, 10966964 bg cells (99.4% of grid)
  face #1: 10415234 cells (95.0%), bbox 3379x3265 @ (0,0)
  face #4: 180619 cells (1.6%), bbox 240x1231 @ (1212,879)
  face #2: 146180 cells (1.3%), bbox 438x748 @ (860,506)
  face #5: 93122 cells (0.8%), bbox 320x844 @ (856,1088)
  face #48: 21460 cells (0.2%), bbox 142x445 @ (1320,1974)
  face #30: 20654 cells (0.2%), bbox 118x346 @ (1062,1268)
  face #45: 20363 cells (0.2%), bbox 148x335 @ (1163,1614)
  face #50: 19122 cells (0.2%), bbox 400x414 @ (1468,2133)
[face-cohesion] 14 clusters analysed, 4 low-cohesion (<60% in dominant face)
  cohesion histogram:
     30%- 39%: 1 clusters
     50%- 59%: 3 clusters
     60%- 69%: 2 clusters
     70%- 79%: 1 clusters
    100%-100%: 7 clusters
  top 4 low-cohesion clusters (largest first):
    _louv_20: 3 members, 1 in dominant face, 3 faces total (33%)
    _louv_22: 2 members, 1 in dominant face, 2 faces total (50%)
    _louv_3: 2 members, 1 in dominant face, 2 faces total (50%)
    _louv_11: 2 members, 1 in dominant face, 2 faces total (50%)
[face-density] 66 micro-faces (size<50), top 10 hot regions (macro 64x64 cells):
  region (34,45): 20 micro-faces, world (6764,14036)-(7084,14356)
  region (23,34): 16 micro-faces, world (3244,10517)-(3564,10837)
  region (19,23): 8 micro-faces, world (1964,6997)-(2284,7317)
  region (13,17): 6 micro-faces, world (44,5077)-(364,5397)
  region (23,35): 4 micro-faces, world (3244,10837)-(3564,11156)
  region (19,19): 3 micro-faces, world (1964,5717)-(2284,6037)
  region (19,20): 2 micro-faces, world (1964,6037)-(2284,6357)
  region (22,34): 2 micro-faces, world (2924,10517)-(3244,10837)
  region (22,38): 2 micro-faces, world (2924,11796)-(3244,12116)
  region (18,18): 1 micro-faces, world (1644,5397)-(1964,5717)
[face-ppm] Wrote /tmp/face-raster.ppm (3379x3265, downsampled from 3379x3265 by 1)
[face-untangle] 4 target clusters, 5 strays, 0 moved (poly cross 8 → 8, 0 fewer)
[stuck-leaf-2d] pass 1: 0 candidates, 0 moved, 0 cost units resolved.
[stuck-leaf-2d] 0 candidates, 0 moved, 0 cost units resolved (poly cross 8 → 8, 0 fewer)
[hot-region-sa] 0 hot cells (≥4 cross, 8 cross pts), top 0 processed, 0/0 swap accepted (cross 8 → 8, 0 fewer)
