[community] algorithm=louvain communities=110 meta=4
[hub-bias] Super-graph: pushed 11 high-deg cluster roots to 1.4x avgR.
[cg-time] 10ms post-hub-bias
[cg-time] 97ms pre-§10-outward-radial
[cg-time] 97ms pre-§11-compose
[cg-time] 97ms pre-§12-pruning-reattach
[cg-time] 97ms pre-§13-cluster-swap
[cg-time] 916ms pre-§14-chain-straightening
[cg-time] 916ms pre-§15-pruned-cross-min
[§15.5] Optimized 55 alone-root+independent nodes (14 moves).
[cg-time] 930ms pre-bus-bundle
[xings-hotspot] total=370 xings across 156 offending edges (of 353)
  edge core.Hub1↔app7.M0 xings=20 cluster=(_louv_1,_louv_43)
  edge core.Hub0↔app17.M0 xings=18 cluster=(?,_louv_14)
  edge app10.M2↔app15.M10 xings=18 cluster=(_louv_63,?)
  edge app9.M6↔app13.M0 xings=17 cluster=(?,_louv_79)
  edge core.Hub0↔app5.M0 xings=15 cluster=(?,?)
  edge app0.M0↔app15.M2 xings=15 cluster=(_louv_2,_louv_88)
  edge core.Hub1↔app13.M0 xings=14 cluster=(_louv_1,_louv_79)
  edge app0.M0↔app10.M2 xings=13 cluster=(_louv_2,_louv_63)
[xings-hotspot] top cluster signatures:
  {?|_louv_34} xings=12
  {?|_louv_73} xings=8
  {?|_louv_15|_louv_34} xings=7
  {?|_louv_15} xings=7
  {?} xings=7
  {?|_louv_1|_louv_34} xings=7
  {?|_louv_34|_louv_63} xings=6
  {?|_louv_79} xings=6
[bundle-clear] Pushed 4 nodes off bundle bboxes.
[knot-min] Accepted 81 spatial swaps among 277 candidates.
[carrier-pre] 362 edges → 211 distinct carriers (cost-side filter).
[leaf-untangle] candidates=176, with-cross=56, moved=45, crossings-resolved=125.
[leaf-untangle] candidates=176, with-cross=29, moved=13, crossings-resolved=32.
[leaf-untangle] candidates=176, with-cross=22, moved=1, crossings-resolved=3.
[leaf-untangle] candidates=176, with-cross=22, moved=0, crossings-resolved=0.
[stuck-leaf-diag] 29 candidates with cost>0 (top 15 below):
  cost=20 deg=2 node=app9.M6 parent=app13.M0 nbrs={app9.M0,app13.M0}
  cost=7 deg=3 node=app6.M13 parent=app6.M0 nbrs={app6.M0,app6.M3,app6.M7}
  cost=7 deg=3 node=app14.M3 parent=app14.M0 nbrs={app14.M0,app14.M4,app18.M4}
  cost=6 deg=2 node=app1.M2 parent=app1.M0 nbrs={app1.M0,app1.Log85}
  cost=6 deg=3 node=app10.M6 parent=app10.M0 nbrs={app10.M0,app10.M10,app10.Tag93}
  cost=6 deg=3 node=app6.M4 parent=app6.M0 nbrs={app6.M0,app6.M6,app18.M0}
  cost=4 deg=3 node=app10.M9 parent=app10.M0 nbrs={app10.M0,app10.M8,app10.M5}
  cost=4 deg=2 node=app11.M4 parent=app6.M3 nbrs={app11.Asset57,app6.M3}
  cost=4 deg=2 node=app19.M2 parent=app19.M0 nbrs={app19.M0,app19.Note12}
  cost=3 deg=3 node=app7.M7 parent=app7.M0 nbrs={app7.M0,app7.M3,app12.M6}
  cost=3 deg=2 node=app10.M7 parent=app10.M0 nbrs={app10.M0,app10.Address96}
  cost=3 deg=2 node=app10.M10 parent=app10.M0 nbrs={app10.M0,app10.M6}
  cost=3 deg=2 node=app13.M1 parent=app13.M0 nbrs={app13.M0,app13.File32}
  cost=3 deg=2 node=app13.M7 parent=app13.M0 nbrs={app13.M0,app13.M6}
  cost=3 deg=1 node=app19.M1 parent=app19.M0 nbrs={app19.M0}
[pd-knot] 274 polyline cross pairs, 2 resolved via endpoint swap.
[xings-detour] iters=2 initial-poly-pairs=276 accepted=7 (multi-seg, density-aware, polyline detect, iterative).
[visual-knot] 266→263 cross points, 26→26 hot cells (≥3), 79 handled, 2 swap accepted.
[leaf-untangle] candidates=176, with-cross=25, moved=5, crossings-resolved=11.
[leaf-untangle] candidates=176, with-cross=20, moved=2, crossings-resolved=2.
[leaf-untangle] candidates=176, with-cross=19, moved=0, crossings-resolved=0.
[stuck-leaf-diag] 26 candidates with cost>0 (top 15 below):
  cost=20 deg=2 node=app9.M6 parent=app13.M0 nbrs={app9.M0,app13.M0}
  cost=7 deg=3 node=app14.M3 parent=app14.M0 nbrs={app14.M0,app14.M4,app18.M4}
  cost=7 deg=3 node=app6.M13 parent=app6.M0 nbrs={app6.M0,app6.M3,app6.M7}
  cost=6 deg=3 node=app10.M6 parent=app10.M0 nbrs={app10.M0,app10.M10,app10.Tag93}
  cost=6 deg=3 node=app6.M4 parent=app6.M0 nbrs={app6.M0,app6.M6,app18.M0}
  cost=6 deg=2 node=app1.M2 parent=app1.M0 nbrs={app1.M0,app1.Log85}
  cost=4 deg=2 node=app19.M2 parent=app19.M0 nbrs={app19.M0,app19.Note12}
  cost=4 deg=2 node=app11.M4 parent=app6.M3 nbrs={app11.Asset57,app6.M3}
  cost=4 deg=3 node=app10.M9 parent=app10.M0 nbrs={app10.M0,app10.M8,app10.M5}
  cost=3 deg=2 node=app10.M10 parent=app10.M0 nbrs={app10.M0,app10.M6}
  cost=3 deg=2 node=app10.M7 parent=app10.M0 nbrs={app10.M0,app10.Address96}
  cost=3 deg=3 node=app7.M7 parent=app7.M0 nbrs={app7.M0,app7.M3,app12.M6}
  cost=3 deg=2 node=app13.M1 parent=app13.M0 nbrs={app13.M0,app13.File32}
  cost=3 deg=2 node=app13.M7 parent=app13.M0 nbrs={app13.M0,app13.M6}
  cost=2 deg=3 node=app13.M6 parent=app13.M0 nbrs={app13.M0,app13.M7,app8.M5}
[carrier-cross] segment 260 -> carrier-grouped 232 (-11%). Carriers: 213 total (2 bundle + 140 cluster-pair + 71 individual).
[isolated-stash] Stashed 6 edge-less nodes in 6-column strip at x>=46790.
[face-raster] grid 10062x7449 (cell 5.0x5.0 units), 827 faces, 74650560 bg cells (99.6% of grid)
  face #1: 67115707 cells (89.9%), bbox 10062x7449 @ (0,0)
  face #4: 799106 cells (1.1%), bbox 1216x2309 @ (3487,3097)
  face #57: 478857 cells (0.6%), bbox 1119x800 @ (1392,3666)
  face #99: 477670 cells (0.6%), bbox 1609x1449 @ (246,4246)
  face #810: 459974 cells (0.6%), bbox 1344x1145 @ (2015,6095)
  face #71: 430701 cells (0.6%), bbox 1296x1364 @ (3415,4074)
  face #386: 410115 cells (0.5%), bbox 1222x769 @ (3480,4731)
  face #753: 236030 cells (0.3%), bbox 1245x502 @ (3451,5450)
[face-cohesion] 72 clusters analysed, 24 low-cohesion (<60% in dominant face)
  cohesion histogram:
     20%- 29%: 3 clusters
     30%- 39%: 5 clusters
     50%- 59%: 16 clusters
     60%- 69%: 9 clusters
     70%- 79%: 1 clusters
     80%- 89%: 1 clusters
    100%-100%: 37 clusters
  top 10 low-cohesion clusters (largest first):
    _louv_3: 6 members, 3 in dominant face, 3 faces total (50%)
    _louv_34: 4 members, 1 in dominant face, 4 faces total (25%)
    _louv_73: 4 members, 2 in dominant face, 3 faces total (50%)
    _louv_104: 4 members, 1 in dominant face, 4 faces total (25%)
    _louv_2: 4 members, 1 in dominant face, 4 faces total (25%)
    _louv_15: 4 members, 2 in dominant face, 3 faces total (50%)
    _louv_86: 3 members, 1 in dominant face, 3 faces total (33%)
    _louv_43: 3 members, 1 in dominant face, 3 faces total (33%)
    _louv_1: 3 members, 1 in dominant face, 3 faces total (33%)
    _louv_26: 3 members, 1 in dominant face, 3 faces total (33%)
[face-density] 436 micro-faces (size<50), top 10 hot regions (macro 64x64 cells):
  region (57,51): 22 micro-faces, world (17223,15444)-(17543,15763)
  region (21,71): 21 micro-faces, world (5704,21843)-(6024,22163)
  region (32,88): 20 micro-faces, world (9224,27282)-(9544,27602)
  region (32,70): 18 micro-faces, world (9224,21523)-(9544,21843)
  region (57,50): 16 micro-faces, world (17223,15124)-(17543,15444)
  region (29,64): 16 micro-faces, world (8264,19603)-(8584,19923)
  region (30,77): 15 micro-faces, world (8584,23762)-(8904,24082)
  region (21,72): 15 micro-faces, world (5704,22163)-(6024,22483)
  region (20,72): 13 micro-faces, world (5384,22163)-(5704,22483)
  region (41,66): 11 micro-faces, world (12103,20243)-(12423,20563)
[face-ppm] Wrote /tmp/face-raster.ppm (2515x1862, downsampled from 10062x7449 by 4)
[face-untangle] 23 target clusters, 34 strays, 5 moved (poly cross 259 → 255, 4 fewer)
[stuck-leaf-2d] pass 1: 1 candidates, 1 moved, 2 cost units resolved.
[stuck-leaf-2d] pass 2: 0 candidates, 0 moved, 0 cost units resolved.
[stuck-leaf-2d] 0 candidates, 1 moved, 2 cost units resolved (poly cross 255 → 253, 2 fewer)
[hot-region-sa] 24 hot cells (≥4 cross, 253 cross pts), top 5 processed, 41/627 swap accepted (cross 253 → 253, 0 fewer)
