[community] algorithm=louvain communities=28 meta=4
[hub-bias] Super-graph: pushed 2 high-deg cluster roots to 1.4x avgR.
[cg-time] 3ms post-hub-bias
[cg-time] 3ms pre-§10-outward-radial
[cg-time] 3ms pre-§11-compose
[cg-time] 3ms pre-§12-pruning-reattach
[cg-time] 3ms pre-§13-cluster-swap
[cg-time] 19ms pre-§14-chain-straightening
[cg-time] 19ms pre-§15-pruned-cross-min
[§15.5] Optimized 7 alone-root+independent nodes (3 moves).
[cg-time] 20ms pre-bus-bundle
[bus-bundle] Created 1 bus bundles (2 members, sig ≥ 2 roots).
[xings-hotspot] total=55 xings across 37 offending edges (of 100)
  edge app2.M1↔app5.M9 xings=11 cluster=(?,?)
  edge app3.M0↔app3.M14 xings=8 cluster=(_louv_16,_louv_21)
  edge core.Hub0↔app3.M0 xings=6 cluster=(?,_louv_16)
  edge app1.M2↔app5.M4 xings=6 cluster=(_louv_6,_louv_25)
  edge app1.M7↔app2.M0 xings=6 cluster=(?,_louv_0)
  edge core.Hub0↔app4.M0 xings=5 cluster=(?,?)
  edge core.Hub0↔app5.M0 xings=5 cluster=(?,_louv_25)
  edge app2.M0↔app5.M10 xings=5 cluster=(_louv_0,?)
[xings-hotspot] top cluster signatures:
  {?|_louv_0} xings=6
  {?|_louv_25|_louv_6} xings=4
  {?|_louv_0|_louv_16} xings=3
  {?|_louv_16|_louv_21|_louv_25} xings=3
  {?|_louv_16} xings=3
  {?|_louv_11|_louv_6} xings=2
  {?|_louv_5} xings=2
  {?|_louv_25} xings=2
[knot-min] Accepted 5 spatial swaps among 70 candidates.
[knot-min-2opt] Accepted 2 cross-targeted swaps.
[carrier-pre] 100 edges → 55 distinct carriers (cost-side filter).
[leaf-untangle] candidates=41, with-cross=14, moved=12, crossings-resolved=25.
[leaf-untangle] candidates=41, with-cross=3, moved=1, crossings-resolved=1.
[leaf-untangle] candidates=41, with-cross=3, moved=0, crossings-resolved=0.
[stuck-leaf-diag] 6 candidates with cost>0 (top 15 below):
  cost=7 deg=3 node=app3.M5 parent=app3.M0 nbrs={app3.M0,app3.M8,app2.M2}
  cost=6 deg=2 node=app0.M6 parent=app0.M0 nbrs={app0.M0,app3.M13}
  cost=6 deg=2 node=app3.M13 parent=app3.M0 nbrs={app3.M0,app0.M6}
  cost=3 deg=2 node=app4.M8 parent=app4.M0 nbrs={app4.M0,app4.M2}
  cost=2 deg=2 node=app4.M1 parent=app4.M0 nbrs={app4.M0,app3.M1}
  cost=1 deg=2 node=app3.M8 parent=app3.M0 nbrs={app3.M0,app3.M5}
[pd-knot] 46 polyline cross pairs, 2 resolved via endpoint swap.
[xings-detour] iters=2 initial-poly-pairs=42 accepted=1 (multi-seg, density-aware, polyline detect, iterative).
[visual-knot] 37→37 cross points, 0→0 hot cells (≥3), 0 handled, 0 swap accepted.
[leaf-untangle] candidates=41, with-cross=6, moved=3, crossings-resolved=9.
[leaf-untangle] candidates=41, with-cross=3, moved=0, crossings-resolved=0.
[stuck-leaf-diag] 6 candidates with cost>0 (top 15 below):
  cost=7 deg=3 node=app3.M5 parent=app3.M0 nbrs={app3.M0,app3.M8,app2.M2}
  cost=3 deg=2 node=app3.M13 parent=app3.M0 nbrs={app3.M0,app0.M6}
  cost=3 deg=2 node=app4.M8 parent=app4.M0 nbrs={app4.M0,app4.M2}
  cost=2 deg=2 node=app0.M6 parent=app0.M0 nbrs={app0.M0,app3.M13}
  cost=2 deg=2 node=app4.M1 parent=app4.M0 nbrs={app4.M0,app3.M1}
  cost=1 deg=2 node=app3.M8 parent=app3.M0 nbrs={app3.M0,app3.M5}
[carrier-cross] segment 41 -> carrier-grouped 30 (-27%). Carriers: 55 total (3 bundle + 36 cluster-pair + 16 individual).
[isolated-stash] Stashed 3 edge-less nodes in 6-column strip at x>=26932.
[face-raster] grid 5783x5192 (cell 5.0x5.0 units), 343 faces, 29914487 bg cells (99.6% of grid)
  face #1: 24110802 cells (80.6%), bbox 5783x5192 @ (0,0)
  face #105: 1956074 cells (6.5%), bbox 2500x2116 @ (2906,1599)
  face #4: 1342708 cells (4.5%), bbox 1619x2142 @ (3800,127)
  face #285: 319544 cells (1.1%), bbox 514x1158 @ (2406,2450)
  face #151: 273554 cells (0.9%), bbox 716x1297 @ (2463,1832)
  face #2: 258983 cells (0.9%), bbox 653x1390 @ (3562,127)
  face #245: 159918 cells (0.5%), bbox 501x754 @ (3020,2290)
  face #146: 141259 cells (0.5%), bbox 553x517 @ (3145,1814)
[face-cohesion] 17 clusters analysed, 6 low-cohesion (<60% in dominant face)
  cohesion histogram:
     20%- 29%: 1 clusters
     30%- 39%: 1 clusters
     50%- 59%: 4 clusters
     60%- 69%: 5 clusters
    100%-100%: 6 clusters
  top 6 low-cohesion clusters (largest first):
    _louv_16: 6 members, 3 in dominant face, 4 faces total (50%)
    _louv_6: 4 members, 1 in dominant face, 4 faces total (25%)
    _louv_7: 3 members, 1 in dominant face, 3 faces total (33%)
    _louv_15: 2 members, 1 in dominant face, 2 faces total (50%)
    _louv_1: 2 members, 1 in dominant face, 2 faces total (50%)
    _louv_2: 2 members, 1 in dominant face, 2 faces total (50%)
[face-density] 256 micro-faces (size<50), top 10 hot regions (macro 64x64 cells):
  region (52,17): 28 micro-faces, world (16035,4892)-(16355,5212)
  region (40,35): 24 micro-faces, world (12195,10651)-(12515,10971)
  region (39,36): 17 micro-faces, world (11875,10971)-(12195,11291)
  region (83,35): 16 micro-faces, world (25954,10651)-(26274,10971)
  region (58,28): 14 micro-faces, world (17955,8412)-(18275,8732)
  region (57,29): 12 micro-faces, world (17635,8732)-(17955,9052)
  region (45,57): 10 micro-faces, world (13795,17690)-(14115,18010)
  region (52,16): 9 micro-faces, world (16035,4572)-(16355,4892)
  region (45,56): 9 micro-faces, world (13795,17370)-(14115,17690)
  region (53,15): 8 micro-faces, world (16355,4252)-(16675,4572)
[face-ppm] Wrote /tmp/face-raster.ppm (2891x2596, downsampled from 5783x5192 by 2)
[face-untangle] 5 target clusters, 8 strays, 0 moved (poly cross 37 → 37, 0 fewer)
[stuck-leaf-2d] pass 1: 0 candidates, 0 moved, 0 cost units resolved.
[stuck-leaf-2d] 0 candidates, 0 moved, 0 cost units resolved (poly cross 37 → 37, 0 fewer)
[hot-region-sa] 1 hot cells (≥4 cross, 37 cross pts), top 1 processed, 0/0 swap accepted (cross 37 → 37, 0 fewer)
