[community] algorithm=louvain communities=78 meta=4
[hub-bias] Super-graph: pushed 6 high-deg cluster roots to 1.4x avgR.
[cg-time] 7ms post-hub-bias
[cg-time] 195ms pre-§10-outward-radial
[cg-time] 195ms pre-§11-compose
[cg-time] 195ms pre-§12-pruning-reattach
[cg-time] 195ms pre-§13-cluster-swap
[cg-time] 378ms pre-§14-chain-straightening
[cg-time] 378ms pre-§15-pruned-cross-min
[§15.5] Optimized 50 alone-root+independent nodes (10 moves).
[cg-time] 384ms pre-bus-bundle
[xings-hotspot] total=196 xings across 104 offending edges (of 232)
  edge app6.M0↔app6.M7 xings=19 cluster=(_louv_48,_louv_12)
  edge app6.M0↔app6.M2 xings=14 cluster=(_louv_48,?)
  edge core.Hub1↔app2.M0 xings=14 cluster=(_louv_1,_louv_19)
  edge core.Hub0↔app1.M0 xings=11 cluster=(?,_louv_10)
  edge app0.M6↔app12.M1 xings=9 cluster=(_louv_7,_louv_71)
  edge app8.M0↔app8.M4 xings=9 cluster=(_louv_50,_louv_60)
  edge app7.M0↔app7.M1 xings=9 cluster=(?,?)
  edge core.Hub0↔app6.M0 xings=9 cluster=(?,_louv_48)
[xings-hotspot] top cluster signatures:
  {?|_louv_48} xings=12
  {?} xings=9
  {?|_louv_31} xings=8
  {?|_louv_12|_louv_48} xings=7
  {?|_louv_31|_louv_48} xings=6
  {?|_louv_50} xings=5
  {?|_louv_71} xings=5
  {?|_louv_1|_louv_50} xings=4
[knot-min] Accepted 39 spatial swaps among 191 candidates.
[knot-min-2opt] Accepted 3 cross-targeted swaps.
[carrier-pre] 232 edges → 134 distinct carriers (cost-side filter).
[leaf-untangle] candidates=118, with-cross=44, moved=36, crossings-resolved=98.
[leaf-untangle] candidates=118, with-cross=18, moved=7, crossings-resolved=21.
[leaf-untangle] candidates=118, with-cross=12, moved=1, crossings-resolved=1.
[leaf-untangle] candidates=118, with-cross=10, moved=0, crossings-resolved=0.
[stuck-leaf-diag] 10 candidates with cost>0 (top 15 below):
  cost=4 deg=3 node=app14.M4 parent=app12.M1 nbrs={app14.M1,app12.M1,app2.M5}
  cost=3 deg=2 node=app11.M9 parent=app11.M0 nbrs={app11.M0,app11.M1}
  cost=3 deg=3 node=app13.M8 parent=app13.M0 nbrs={app13.M0,app13.M13,app8.M3}
  cost=2 deg=2 node=app0.M8 parent=app0.M0 nbrs={app0.M0,app3.M3}
  cost=2 deg=2 node=app4.M1 parent=app4.M2 nbrs={app4.M2,app4.Note9}
  cost=2 deg=1 node=app4.Note9 parent=app4.M1 nbrs={app4.M1}
  cost=1 deg=2 node=app0.M2 parent=app0.M3 nbrs={app0.M3,app8.M3}
  cost=1 deg=2 node=app1.M3 parent=app6.M7 nbrs={app1.Note14,app6.M7}
  cost=1 deg=2 node=app3.M3 parent=app3.M0 nbrs={app3.M0,app0.M8}
  cost=1 deg=3 node=app8.M2 parent=app8.M0 nbrs={app8.M0,app8.M1,app9.M2}
[pd-knot] 126 polyline cross pairs, 0 resolved via endpoint swap.
[xings-detour] iters=2 initial-poly-pairs=137 accepted=4 (multi-seg, density-aware, polyline detect, iterative).
[visual-knot] 131→131 cross points, 7→7 hot cells (≥3), 7 handled, 0 swap accepted.
[leaf-untangle] candidates=118, with-cross=10, moved=0, crossings-resolved=0.
[stuck-leaf-diag] 10 candidates with cost>0 (top 15 below):
  cost=4 deg=3 node=app14.M4 parent=app12.M1 nbrs={app14.M1,app12.M1,app2.M5}
  cost=3 deg=2 node=app11.M9 parent=app11.M0 nbrs={app11.M0,app11.M1}
  cost=3 deg=3 node=app13.M8 parent=app13.M0 nbrs={app13.M0,app13.M13,app8.M3}
  cost=2 deg=2 node=app0.M8 parent=app0.M0 nbrs={app0.M0,app3.M3}
  cost=2 deg=2 node=app4.M1 parent=app4.M2 nbrs={app4.M2,app4.Note9}
  cost=2 deg=1 node=app4.Note9 parent=app4.M1 nbrs={app4.M1}
  cost=1 deg=2 node=app0.M2 parent=app0.M3 nbrs={app0.M3,app8.M3}
  cost=1 deg=2 node=app1.M3 parent=app6.M7 nbrs={app1.Note14,app6.M7}
  cost=1 deg=2 node=app3.M3 parent=app3.M0 nbrs={app3.M0,app0.M8}
  cost=1 deg=3 node=app8.M2 parent=app8.M0 nbrs={app8.M0,app8.M1,app9.M2}
[isolated-stash] Stashed 5 edge-less nodes in 6-column strip at x>=16074.
[face-raster] grid 3622x3074 (cell 5.0x5.0 units), 467 faces, 10951085 bg cells (98.4% of grid)
  face #1: 8293647 cells (75.7%), bbox 3622x3074 @ (0,0)
  face #4: 147450 cells (1.3%), bbox 629x1263 @ (1162,107)
  face #455: 127756 cells (1.2%), bbox 710x588 @ (1233,2326)
  face #423: 124876 cells (1.1%), bbox 627x413 @ (1239,2173)
  face #5: 115831 cells (1.1%), bbox 443x634 @ (727,460)
  face #341: 84821 cells (0.8%), bbox 336x496 @ (1720,1878)
  face #2: 83094 cells (0.8%), bbox 593x1020 @ (565,99)
  face #32: 75120 cells (0.7%), bbox 362x452 @ (1099,784)
[face-cohesion] 43 clusters analysed, 14 low-cohesion (<60% in dominant face)
  cohesion histogram:
     20%- 29%: 1 clusters
     30%- 39%: 4 clusters
     40%- 49%: 1 clusters
     50%- 59%: 8 clusters
     60%- 69%: 10 clusters
     70%- 79%: 1 clusters
    100%-100%: 18 clusters
  top 10 low-cohesion clusters (largest first):
    _louv_73: 5 members, 2 in dominant face, 3 faces total (40%)
    _louv_63: 4 members, 1 in dominant face, 4 faces total (25%)
    _louv_67: 3 members, 1 in dominant face, 3 faces total (33%)
    _louv_48: 3 members, 1 in dominant face, 3 faces total (33%)
    _louv_38: 3 members, 1 in dominant face, 3 faces total (33%)
    _louv_10: 3 members, 1 in dominant face, 3 faces total (33%)
    _louv_62: 2 members, 1 in dominant face, 2 faces total (50%)
    _louv_17: 2 members, 1 in dominant face, 2 faces total (50%)
    _louv_32: 2 members, 1 in dominant face, 2 faces total (50%)
    _louv_1: 2 members, 1 in dominant face, 2 faces total (50%)
[face-density] 238 micro-faces (size<50), top 10 hot regions (macro 64x64 cells):
  region (27,20): 23 micro-faces, world (8242,6055)-(8562,6375)
  region (17,7): 17 micro-faces, world (5043,1896)-(5363,2216)
  region (34,35): 13 micro-faces, world (10481,10854)-(10801,11174)
  region (5,21): 13 micro-faces, world (1203,6375)-(1523,6695)
  region (9,24): 12 micro-faces, world (2483,7335)-(2803,7655)
  region (17,31): 10 micro-faces, world (5043,9574)-(5363,9894)
  region (10,25): 9 micro-faces, world (2803,7655)-(3123,7975)
  region (4,27): 9 micro-faces, world (883,8294)-(1203,8614)
  region (18,35): 8 micro-faces, world (5363,10854)-(5682,11174)
  region (9,25): 8 micro-faces, world (2483,7655)-(2803,7975)
[face-ppm] Wrote /tmp/face-raster.ppm (3622x3074, downsampled from 3622x3074 by 1)
[face-untangle] 13 target clusters, 19 strays, 1 moved (poly cross 131 → 130, 1 fewer)
[stuck-leaf-2d] pass 1: 0 candidates, 0 moved, 0 cost units resolved.
[stuck-leaf-2d] 0 candidates, 0 moved, 0 cost units resolved (poly cross 130 → 130, 0 fewer)
[hot-region-sa] 9 hot cells (≥4 cross, 130 cross pts), top 5 processed, 106/771 swap accepted (cross 130 → 130, 0 fewer)
