[community] algorithm=louvain communities=114 meta=3
[hub-bias] Super-graph: pushed 3 high-deg cluster roots to 1.4x avgR.
[cg-time] 13ms post-hub-bias
[cg-time] 113ms pre-§10-outward-radial
[cg-time] 113ms pre-§11-compose
[cg-time] 113ms pre-§12-pruning-reattach
[cg-time] 114ms pre-§13-cluster-swap
[cg-time] 792ms pre-§14-chain-straightening
[cg-time] 793ms pre-§15-pruned-cross-min
[§15.5] Optimized 32 alone-root+independent nodes (9 moves).
[cg-time] 804ms pre-bus-bundle
[xings-hotspot] total=233 xings across 129 offending edges (of 327)
  edge app11.M0↔app11.M7 xings=17 cluster=(_louv_75,?)
  edge app4.M8↔app11.M6 xings=15 cluster=(_louv_38,?)
  edge core.Hub1↔app10.M0 xings=15 cluster=(?,_louv_68)
  edge core.Hub0↔app15.M0 xings=13 cluster=(?,?)
  edge app17.M0↔app17.M1 xings=13 cluster=(_louv_98,_louv_99)
  edge core.Hub0↔app4.M0 xings=11 cluster=(?,_louv_38)
  edge app16.M0↔app16.M1 xings=11 cluster=(_louv_97,_louv_64)
  edge app3.M11↔app11.M7 xings=9 cluster=(_louv_35,?)
[xings-hotspot] top cluster signatures:
  {?|_louv_38} xings=8
  {_louv_36|_louv_45|_louv_98} xings=6
  {?|_louv_94} xings=6
  {?|_louv_38|_louv_50} xings=5
  {?|_louv_75} xings=5
  {?|_louv_73|_louv_75} xings=4
  {?|_louv_11|_louv_13} xings=4
  {?|_louv_53} xings=4
[bundle-clear] Pushed 11 nodes off bundle bboxes.
[knot-min] Accepted 48 spatial swaps among 274 candidates.
[carrier-pre] 336 edges → 210 distinct carriers (cost-side filter).
[leaf-untangle] candidates=170, with-cross=66, moved=53, crossings-resolved=140.
[leaf-untangle] candidates=170, with-cross=39, moved=17, crossings-resolved=36.
[leaf-untangle] candidates=170, with-cross=32, moved=5, crossings-resolved=9.
[leaf-untangle] candidates=170, with-cross=29, moved=0, crossings-resolved=0.
[stuck-leaf-diag] 32 candidates with cost>0 (top 15 below):
  cost=8 deg=3 node=app4.M5 parent=app4.M0 nbrs={app4.M0,app4.M10,app16.M0}
  cost=6 deg=3 node=app1.M2 parent=app1.M0 nbrs={app1.M0,app1.M7,app8.M4}
  cost=6 deg=2 node=app10.M2 parent=app10.M0 nbrs={app10.M0,app10.Note53}
  cost=5 deg=2 node=app1.M1 parent=app1.M0 nbrs={app1.M0,app8.M4}
  cost=5 deg=3 node=app10.M4 parent=app10.M0 nbrs={app10.M0,app10.M11,app10.Tag4}
  cost=5 deg=3 node=app9.M11 parent=app9.M0 nbrs={app9.M0,app9.M2,app7.M2}
  cost=3 deg=3 node=app5.M1 parent=app5.M0 nbrs={app5.M0,app5.M7,app5.Tag56}
  cost=3 deg=3 node=app0.M6 parent=app0.M0 nbrs={app0.M0,app0.M2,app0.M2}
  cost=3 deg=2 node=app1.M6 parent=app1.M0 nbrs={app1.M0,app1.Address2}
  cost=3 deg=3 node=app1.M7 parent=app1.M0 nbrs={app1.M0,app1.M2,app1.File48}
  cost=3 deg=2 node=app1.M8 parent=app1.M0 nbrs={app1.M0,app15.M5}
  cost=3 deg=3 node=app1.M10 parent=app1.M0 nbrs={app1.M0,app1.M9,app15.M3}
  cost=3 deg=2 node=app12.M2 parent=app12.M1 nbrs={app12.M1,app9.M8}
  cost=3 deg=2 node=app3.M7 parent=app3.M0 nbrs={app3.M0,app7.M4}
  cost=3 deg=3 node=app0.M2 parent=app0.M0 nbrs={app0.M0,app0.M6,app0.M6}
[pd-knot] 176 polyline cross pairs, 0 resolved via endpoint swap.
[xings-detour] iters=2 initial-poly-pairs=163 accepted=6 (multi-seg, density-aware, polyline detect, iterative).
[visual-knot] 153→153 cross points, 19→19 hot cells (≥3), 19 handled, 0 swap accepted.
[leaf-untangle] candidates=170, with-cross=29, moved=0, crossings-resolved=0.
[stuck-leaf-diag] 32 candidates with cost>0 (top 15 below):
  cost=8 deg=3 node=app4.M5 parent=app4.M0 nbrs={app4.M0,app4.M10,app16.M0}
  cost=6 deg=3 node=app1.M2 parent=app1.M0 nbrs={app1.M0,app1.M7,app8.M4}
  cost=6 deg=2 node=app10.M2 parent=app10.M0 nbrs={app10.M0,app10.Note53}
  cost=5 deg=2 node=app1.M1 parent=app1.M0 nbrs={app1.M0,app8.M4}
  cost=5 deg=3 node=app10.M4 parent=app10.M0 nbrs={app10.M0,app10.M11,app10.Tag4}
  cost=5 deg=3 node=app9.M11 parent=app9.M0 nbrs={app9.M0,app9.M2,app7.M2}
  cost=3 deg=3 node=app5.M1 parent=app5.M0 nbrs={app5.M0,app5.M7,app5.Tag56}
  cost=3 deg=3 node=app0.M6 parent=app0.M0 nbrs={app0.M0,app0.M2,app0.M2}
  cost=3 deg=2 node=app1.M6 parent=app1.M0 nbrs={app1.M0,app1.Address2}
  cost=3 deg=3 node=app1.M7 parent=app1.M0 nbrs={app1.M0,app1.M2,app1.File48}
  cost=3 deg=2 node=app1.M8 parent=app1.M0 nbrs={app1.M0,app15.M5}
  cost=3 deg=3 node=app1.M10 parent=app1.M0 nbrs={app1.M0,app1.M9,app15.M3}
  cost=3 deg=2 node=app12.M2 parent=app12.M1 nbrs={app12.M1,app9.M8}
  cost=3 deg=2 node=app3.M7 parent=app3.M0 nbrs={app3.M0,app7.M4}
  cost=3 deg=3 node=app0.M2 parent=app0.M0 nbrs={app0.M0,app0.M6,app0.M6}
[carrier-cross] segment 153 -> carrier-grouped 144 (-6%). Carriers: 213 total (2 bundle + 138 cluster-pair + 73 individual).
[isolated-stash] Stashed 15 edge-less nodes in 6-column strip at x>=31245.
[face-raster] grid 6837x4982 (cell 5.0x5.0 units), 657 faces, 33783397 bg cells (99.2% of grid)
  face #1: 31436331 cells (93.1%), bbox 6837x4982 @ (0,0)
  face #19: 436966 cells (1.3%), bbox 896x1238 @ (2436,2150)
  face #244: 172183 cells (0.5%), bbox 774x1078 @ (789,2750)
  face #602: 104896 cells (0.3%), bbox 785x370 @ (2145,3643)
  face #454: 67271 cells (0.2%), bbox 621x227 @ (1393,3200)
  face #528: 66397 cells (0.2%), bbox 288x493 @ (1455,3377)
  face #191: 64832 cells (0.2%), bbox 533x290 @ (2350,2612)
  face #126: 61110 cells (0.2%), bbox 729x332 @ (2158,2283)
[face-cohesion] 68 clusters analysed, 26 low-cohesion (<60% in dominant face)
  cohesion histogram:
     30%- 39%: 4 clusters
     40%- 49%: 2 clusters
     50%- 59%: 20 clusters
     60%- 69%: 8 clusters
    100%-100%: 34 clusters
  top 10 low-cohesion clusters (largest first):
    _louv_38: 7 members, 4 in dominant face, 4 faces total (57%)
    _louv_68: 6 members, 2 in dominant face, 4 faces total (33%)
    _louv_21: 5 members, 2 in dominant face, 4 faces total (40%)
    _louv_105: 5 members, 2 in dominant face, 4 faces total (40%)
    _louv_2: 4 members, 2 in dominant face, 3 faces total (50%)
    _louv_54: 4 members, 2 in dominant face, 3 faces total (50%)
    _louv_73: 4 members, 2 in dominant face, 3 faces total (50%)
    _louv_11: 4 members, 2 in dominant face, 3 faces total (50%)
    _louv_75: 3 members, 1 in dominant face, 3 faces total (33%)
    _louv_50: 3 members, 1 in dominant face, 3 faces total (33%)
[face-density] 378 micro-faces (size<50), top 10 hot regions (macro 64x64 cells):
  region (35,34): 35 micro-faces, world (10494,10352)-(10813,10672)
  region (35,33): 33 micro-faces, world (10494,10032)-(10813,10352)
  region (43,52): 30 micro-faces, world (13053,16112)-(13373,16432)
  region (13,43): 23 micro-faces, world (3454,13232)-(3774,13552)
  region (36,34): 22 micro-faces, world (10813,10352)-(11133,10672)
  region (34,43): 14 micro-faces, world (10174,13232)-(10494,13552)
  region (34,33): 11 micro-faces, world (10174,10032)-(10494,10352)
  region (32,56): 10 micro-faces, world (9534,17392)-(9854,17712)
  region (2,60): 8 micro-faces, world (-65,18672)-(254,18992)
  region (33,54): 8 micro-faces, world (9854,16752)-(10174,17072)
[face-ppm] Wrote /tmp/face-raster.ppm (3418x2491, downsampled from 6837x4982 by 2)
[face-untangle] 27 target clusters, 46 strays, 4 moved → REVERTED (poly cross 153 → 154)
[stuck-leaf-2d] pass 1: 3 candidates, 1 moved, 1 cost units resolved.
[stuck-leaf-2d] pass 2: 2 candidates, 0 moved, 0 cost units resolved.
[stuck-leaf-2d] 2 candidates, 1 moved, 1 cost units resolved (poly cross 168 → 167, 1 fewer)
[hot-region-sa] 12 hot cells (≥4 cross, 167 cross pts), top 5 processed, 18/772 swap accepted (cross 167 → 167, 0 fewer)
