[community] algorithm=louvain communities=93 meta=4
[hub-bias] Super-graph: pushed 6 high-deg cluster roots to 1.4x avgR.
[cg-time] 6ms post-hub-bias
[cg-time] 457ms pre-§10-outward-radial
[cg-time] 457ms pre-§11-compose
[cg-time] 457ms pre-§12-pruning-reattach
[cg-time] 457ms pre-§13-cluster-swap
[cg-time] 1159ms pre-§14-chain-straightening
[cg-time] 1159ms pre-§15-pruned-cross-min
[§15.5] Optimized 40 alone-root+independent nodes (12 moves).
[cg-time] 1166ms pre-bus-bundle
[bus-bundle] Created 1 bus bundles (2 members, sig ≥ 2 roots).
[xings-hotspot] total=238 xings across 138 offending edges (of 282)
  edge core.Hub0↔app1.M0 xings=17 cluster=(?,_louv_10)
  edge app10.M4↔app11.M8 xings=14 cluster=(_louv_48,?)
  edge app10.M0↔app12.M9 xings=13 cluster=(_louv_47,_louv_37)
  edge core.Hub1↔app9.M0 xings=13 cluster=(_louv_1,_louv_51)
  edge app1.M0↔app1.M7 xings=12 cluster=(_louv_10,_louv_16)
  edge app7.M0↔app10.M4 xings=11 cluster=(_louv_38,_louv_48)
  edge core.Hub0↔app3.M0 xings=10 cluster=(?,_louv_23)
  edge app14.M0↔app14.M14 xings=9 cluster=(_louv_70,?)
[xings-hotspot] top cluster signatures:
  {?|_louv_23|_louv_86} xings=7
  {?|_louv_0} xings=5
  {?|_louv_2|_louv_38} xings=5
  {?|_louv_86} xings=4
  {?|_louv_57|_louv_86} xings=4
  {?|_louv_57} xings=4
  {?|_louv_23|_louv_62} xings=4
  {?|_louv_48} xings=4
[knot-min] Accepted 54 spatial swaps among 208 candidates.
[carrier-pre] 284 edges → 171 distinct carriers (cost-side filter).
[leaf-untangle] candidates=113, with-cross=35, moved=27, crossings-resolved=96.
[leaf-untangle] candidates=113, with-cross=17, moved=4, crossings-resolved=12.
[leaf-untangle] candidates=113, with-cross=13, moved=0, crossings-resolved=0.
[stuck-leaf-diag] 27 candidates with cost>0 (top 15 below):
  cost=22 deg=3 node=app18.M5 parent=app18.M0 nbrs={app18.M0,app18.M11,app15.M2}
  cost=15 deg=2 node=app14.M14 parent=app14.M0 nbrs={app14.M0,app11.M2}
  cost=14 deg=3 node=app1.M7 parent=app1.M0 nbrs={app1.M0,app1.M3,app16.M1}
  cost=11 deg=2 node=app2.M1 parent=app4.M2 nbrs={app2.M6,app4.M2}
  cost=10 deg=2 node=app14.M5 parent=app14.M0 nbrs={app14.M0,app14.Log33}
  cost=9 deg=2 node=app11.M2 parent=app11.M0 nbrs={app11.M0,app14.M14}
  cost=9 deg=3 node=app1.M3 parent=app1.M0 nbrs={app1.M0,app1.M7,app8.M4}
  cost=6 deg=3 node=app18.M11 parent=app18.M0 nbrs={app18.M0,app18.M5,app17.M7}
  cost=6 deg=2 node=app14.M10 parent=app14.M0 nbrs={app14.M0,app14.M9}
  cost=6 deg=2 node=app5.M5 parent=app5.M0 nbrs={app5.M0,app5.M3}
  cost=6 deg=3 node=app14.M1 parent=app14.M0 nbrs={app14.M0,app14.M6,app1.M5}
  cost=5 deg=2 node=app3.M4 parent=app3.M0 nbrs={app3.M0,app13.M0}
  cost=5 deg=2 node=app5.M3 parent=app7.M2 nbrs={app5.M5,app7.M2}
  cost=4 deg=2 node=app0.M3 parent=app0.M0 nbrs={app0.M0,app12.M4}
  cost=4 deg=3 node=app2.M5 parent=app2.M0 nbrs={app2.M0,app2.M10,app9.M1}
[pd-knot] 147 polyline cross pairs, 7 resolved via endpoint swap.
[xings-detour] iters=2 initial-poly-pairs=159 accepted=8 (multi-seg, density-aware, polyline detect, iterative).
[visual-knot] 147→145 cross points, 5→3 hot cells (≥3), 8 handled, 1 swap accepted.
[leaf-untangle] candidates=113, with-cross=20, moved=11, crossings-resolved=55.
[leaf-untangle] candidates=113, with-cross=14, moved=2, crossings-resolved=4.
[leaf-untangle] candidates=113, with-cross=12, moved=0, crossings-resolved=0.
[stuck-leaf-diag] 26 candidates with cost>0 (top 15 below):
  cost=18 deg=3 node=app18.M5 parent=app18.M0 nbrs={app18.M0,app18.M11,app15.M2}
  cost=14 deg=2 node=app14.M14 parent=app14.M0 nbrs={app14.M0,app11.M2}
  cost=10 deg=3 node=app1.M3 parent=app1.M0 nbrs={app1.M0,app1.M7,app8.M4}
  cost=10 deg=2 node=app14.M5 parent=app14.M0 nbrs={app14.M0,app14.Log33}
  cost=9 deg=2 node=app2.M1 parent=app4.M2 nbrs={app2.M6,app4.M2}
  cost=9 deg=3 node=app1.M7 parent=app1.M0 nbrs={app1.M0,app1.M3,app16.M1}
  cost=7 deg=2 node=app11.M2 parent=app11.M0 nbrs={app11.M0,app14.M14}
  cost=7 deg=3 node=app18.M11 parent=app18.M0 nbrs={app18.M0,app18.M5,app17.M7}
  cost=6 deg=2 node=app5.M5 parent=app5.M0 nbrs={app5.M0,app5.M3}
  cost=6 deg=3 node=app14.M1 parent=app14.M0 nbrs={app14.M0,app14.M6,app1.M5}
  cost=6 deg=2 node=app14.M10 parent=app14.M0 nbrs={app14.M0,app14.M9}
  cost=5 deg=2 node=app5.M3 parent=app7.M2 nbrs={app5.M5,app7.M2}
  cost=4 deg=2 node=app19.M2 parent=app19.M0 nbrs={app19.M0,app19.M4}
  cost=3 deg=3 node=app2.M5 parent=app2.M0 nbrs={app2.M0,app2.M10,app9.M1}
  cost=3 deg=2 node=app2.M11 parent=app2.M0 nbrs={app2.M0,app2.Address1}
[carrier-cross] segment 147 -> carrier-grouped 136 (-7%). Carriers: 170 total (5 bundle + 116 cluster-pair + 49 individual).
[isolated-stash] Stashed 13 edge-less nodes in 6-column strip at x>=31432.
[face-raster] grid 6867x3802 (cell 5.0x5.0 units), 679 faces, 25860552 bg cells (99.1% of grid)
  face #1: 21907247 cells (84.7%), bbox 6867x3802 @ (0,0)
  face #47: 334285 cells (1.3%), bbox 1001x1302 @ (5334,587)
  face #650: 228551 cells (0.9%), bbox 654x633 @ (4997,2271)
  face #27: 199656 cells (0.8%), bbox 470x1189 @ (4944,344)
  face #210: 172176 cells (0.7%), bbox 497x657 @ (3364,1452)
  face #407: 161624 cells (0.6%), bbox 739x654 @ (5546,1907)
  face #149: 152517 cells (0.6%), bbox 1157x309 @ (3462,1335)
  face #671: 149780 cells (0.6%), bbox 644x358 @ (4300,2375)
[face-cohesion] 47 clusters analysed, 24 low-cohesion (<60% in dominant face)
  cohesion histogram:
     20%- 29%: 1 clusters
     30%- 39%: 3 clusters
     40%- 49%: 2 clusters
     50%- 59%: 18 clusters
     60%- 69%: 3 clusters
     70%- 79%: 1 clusters
    100%-100%: 19 clusters
  top 10 low-cohesion clusters (largest first):
    _louv_70: 6 members, 2 in dominant face, 4 faces total (33%)
    _louv_38: 6 members, 3 in dominant face, 4 faces total (50%)
    _louv_23: 5 members, 2 in dominant face, 4 faces total (40%)
    _louv_17: 5 members, 2 in dominant face, 4 faces total (40%)
    _louv_86: 4 members, 2 in dominant face, 3 faces total (50%)
    _louv_51: 4 members, 1 in dominant face, 4 faces total (25%)
    _louv_10: 4 members, 2 in dominant face, 2 faces total (50%)
    _louv_2: 4 members, 2 in dominant face, 3 faces total (50%)
    _louv_18: 3 members, 1 in dominant face, 3 faces total (33%)
    _louv_16: 3 members, 1 in dominant face, 3 faces total (33%)
[face-density] 398 micro-faces (size<50), top 10 hot regions (macro 64x64 cells):
  region (85,34): 24 micro-faces, world (26489,9956)-(26809,10275)
  region (84,22): 22 micro-faces, world (26169,6116)-(26489,6436)
  region (81,10): 19 micro-faces, world (25209,2276)-(25529,2596)
  region (85,30): 18 micro-faces, world (26489,8676)-(26809,8996)
  region (81,11): 16 micro-faces, world (25209,2596)-(25529,2916)
  region (96,29): 16 micro-faces, world (30009,8356)-(30329,8676)
  region (86,30): 15 micro-faces, world (26809,8676)-(27129,8996)
  region (82,32): 15 micro-faces, world (25529,9316)-(25849,9636)
  region (95,29): 14 micro-faces, world (29689,8356)-(30009,8676)
  region (81,12): 13 micro-faces, world (25209,2916)-(25529,3236)
[face-ppm] Wrote /tmp/face-raster.ppm (3433x1901, downsampled from 6867x3802 by 2)
[face-untangle] 23 target clusters, 37 strays, 3 moved → REVERTED (poly cross 145 → 155)
[stuck-leaf-2d] pass 1: 1 candidates, 1 moved, 1 cost units resolved.
[stuck-leaf-2d] pass 2: 0 candidates, 0 moved, 0 cost units resolved.
[stuck-leaf-2d] 0 candidates, 1 moved, 1 cost units resolved (poly cross 153 → 152, 1 fewer)
[hot-region-sa] 10 hot cells (≥4 cross), top 5 processed, 49/569 swap accepted → REVERTED (cross 152 → 153)
