[community] algorithm=louvain communities=100 meta=5
[hub-bias] Super-graph: pushed 12 high-deg cluster roots to 1.4x avgR.
[cg-time] 9ms post-hub-bias
[cg-time] 74ms pre-§10-outward-radial
[cg-time] 74ms pre-§11-compose
[cg-time] 74ms pre-§12-pruning-reattach
[cg-time] 74ms pre-§13-cluster-swap
[cg-time] 1102ms pre-§14-chain-straightening
[cg-time] 1102ms pre-§15-pruned-cross-min
[§15.5] Optimized 37 alone-root+independent nodes (3 moves).
[cg-time] 1108ms pre-bus-bundle
[bus-bundle] Created 3 bus bundles (6 members, sig ≥ 2 roots).
[xings-hotspot] total=414 xings across 168 offending edges (of 332)
  edge app9.M0↔app9.M1 xings=31 cluster=(_louv_56,_louv_57)
  edge app5.M1↔app9.M6 xings=27 cluster=(?,?)
  edge app1.M12↔app18.M4 xings=20 cluster=(?,_louv_29)
  edge core.Hub2↔app13.M0 xings=19 cluster=(_louv_2,_louv_74)
  edge core.Hub0↔app4.M0 xings=17 cluster=(?,?)
  edge app4.M6↔app5.M0 xings=17 cluster=(?,_louv_35)
  edge core.Hub0↔app18.M0 xings=17 cluster=(?,?)
  edge app1.M12↔app16.M5 xings=16 cluster=(?,?)
[xings-hotspot] top cluster signatures:
  {?} xings=8
  {?|_louv_35} xings=7
  {?|_louv_36} xings=7
  {?|_louv_29} xings=7
  {?|_louv_25|_louv_44} xings=6
  {?|_louv_1|_louv_35} xings=6
  {?|_louv_56|_louv_57} xings=6
  {?|_louv_57|_louv_90} xings=6
[bundle-clear] Pushed 4 nodes off bundle bboxes.
[knot-min] Accepted 72 spatial swaps among 262 candidates.
[knot-min-2opt] Accepted 1 cross-targeted swaps.
[carrier-pre] 339 edges → 219 distinct carriers (cost-side filter).
[leaf-untangle] candidates=167, with-cross=47, moved=35, crossings-resolved=109.
[leaf-untangle] candidates=167, with-cross=24, moved=9, crossings-resolved=19.
[leaf-untangle] candidates=167, with-cross=17, moved=1, crossings-resolved=1.
[leaf-untangle] candidates=167, with-cross=16, moved=0, crossings-resolved=0.
[stuck-leaf-diag] 27 candidates with cost>0 (top 15 below):
  cost=9 deg=2 node=app19.M7 parent=app19.M0 nbrs={app19.M0,app13.M0}
  cost=7 deg=3 node=app11.M2 parent=app11.M5 nbrs={app11.M5,app11.M8,app4.M1}
  cost=7 deg=3 node=app3.M4 parent=app3.M0 nbrs={app3.M0,app3.M7,app3.M3}
  cost=6 deg=3 node=app0.M7 parent=app0.M0 nbrs={app0.M0,app0.M6,app0.M6}
  cost=6 deg=2 node=app0.M13 parent=app0.M0 nbrs={app0.M0,app0.Address46}
  cost=6 deg=1 node=app19.M12 parent=app19.M0 nbrs={app19.M0}
  cost=6 deg=1 node=app6.M5 parent=app6.M0 nbrs={app6.M0}
  cost=6 deg=2 node=app6.M10 parent=app6.M0 nbrs={app6.M0,app6.M4}
  cost=3 deg=2 node=app0.M4 parent=app0.M0 nbrs={app0.M0,app0.Tag77}
  cost=3 deg=2 node=app6.M12 parent=app6.M0 nbrs={app6.M0,app6.File52}
  cost=3 deg=2 node=app13.M7 parent=app13.M0 nbrs={app13.M0,app13.Tag14}
  cost=3 deg=1 node=app19.M5 parent=app19.M0 nbrs={app19.M0}
  cost=3 deg=1 node=app19.M9 parent=app19.M0 nbrs={app19.M0}
  cost=2 deg=2 node=app10.M3 parent=app10.M0 nbrs={app10.M0,app10.Address37}
  cost=1 deg=2 node=app7.M5 parent=app7.M4 nbrs={app7.M4,app7.Log28}
[pd-knot] 289 polyline cross pairs, 1 resolved via endpoint swap.
[xings-detour] iters=2 initial-poly-pairs=302 accepted=4 (multi-seg, density-aware, polyline detect, iterative).
[visual-knot] 294→294 cross points, 30→30 hot cells (≥3), 30 handled, 0 swap accepted.
[leaf-untangle] candidates=167, with-cross=16, moved=0, crossings-resolved=0.
[stuck-leaf-diag] 27 candidates with cost>0 (top 15 below):
  cost=9 deg=2 node=app19.M7 parent=app19.M0 nbrs={app19.M0,app13.M0}
  cost=7 deg=3 node=app11.M2 parent=app11.M5 nbrs={app11.M5,app11.M8,app4.M1}
  cost=7 deg=3 node=app3.M4 parent=app3.M0 nbrs={app3.M0,app3.M7,app3.M3}
  cost=6 deg=3 node=app0.M7 parent=app0.M0 nbrs={app0.M0,app0.M6,app0.M6}
  cost=6 deg=2 node=app0.M13 parent=app0.M0 nbrs={app0.M0,app0.Address46}
  cost=6 deg=1 node=app19.M12 parent=app19.M0 nbrs={app19.M0}
  cost=6 deg=1 node=app6.M5 parent=app6.M0 nbrs={app6.M0}
  cost=6 deg=2 node=app6.M10 parent=app6.M0 nbrs={app6.M0,app6.M4}
  cost=3 deg=2 node=app0.M4 parent=app0.M0 nbrs={app0.M0,app0.Tag77}
  cost=3 deg=2 node=app6.M12 parent=app6.M0 nbrs={app6.M0,app6.File52}
  cost=3 deg=2 node=app13.M7 parent=app13.M0 nbrs={app13.M0,app13.Tag14}
  cost=3 deg=1 node=app19.M5 parent=app19.M0 nbrs={app19.M0}
  cost=3 deg=1 node=app19.M9 parent=app19.M0 nbrs={app19.M0}
  cost=2 deg=2 node=app10.M3 parent=app10.M0 nbrs={app10.M0,app10.Address37}
  cost=1 deg=2 node=app7.M5 parent=app7.M4 nbrs={app7.M4,app7.Log28}
[carrier-cross] segment 294 -> carrier-grouped 274 (-7%). Carriers: 216 total (7 bundle + 135 cluster-pair + 74 individual).
[isolated-stash] Stashed 9 edge-less nodes in 6-column strip at x>=31883.
[face-raster] grid 6977x5829 (cell 5.0x5.0 units), 954 faces, 40360104 bg cells (99.2% of grid)
  face #1: 33476569 cells (82.9%), bbox 6977x5829 @ (0,0)
  face #126: 439804 cells (1.1%), bbox 1402x1095 @ (1141,1581)
  face #67: 264895 cells (0.7%), bbox 1169x1360 @ (807,1457)
  face #26: 246194 cells (0.6%), bbox 632x1622 @ (3928,1104)
  face #10: 242110 cells (0.6%), bbox 780x1319 @ (2094,751)
  face #773: 219673 cells (0.5%), bbox 525x1263 @ (3722,3147)
  face #933: 213917 cells (0.5%), bbox 622x667 @ (3182,3732)
  face #27: 200939 cells (0.5%), bbox 1588x786 @ (904,1275)
[face-cohesion] 77 clusters analysed, 34 low-cohesion (<60% in dominant face)
  cohesion histogram:
     20%- 29%: 2 clusters
     30%- 39%: 4 clusters
     40%- 49%: 2 clusters
     50%- 59%: 26 clusters
     60%- 69%: 5 clusters
     80%- 89%: 1 clusters
    100%-100%: 37 clusters
  top 10 low-cohesion clusters (largest first):
    _louv_56: 5 members, 2 in dominant face, 3 faces total (40%)
    _louv_96: 5 members, 2 in dominant face, 4 faces total (40%)
    _louv_35: 4 members, 2 in dominant face, 2 faces total (50%)
    _louv_48: 4 members, 2 in dominant face, 3 faces total (50%)
    _louv_71: 4 members, 2 in dominant face, 3 faces total (50%)
    _louv_25: 4 members, 2 in dominant face, 3 faces total (50%)
    _louv_19: 4 members, 2 in dominant face, 3 faces total (50%)
    _louv_10: 4 members, 2 in dominant face, 3 faces total (50%)
    _louv_12: 4 members, 1 in dominant face, 4 faces total (25%)
    _louv_74: 4 members, 1 in dominant face, 4 faces total (25%)
[face-density] 509 micro-faces (size<50), top 10 hot regions (macro 64x64 cells):
  region (46,29): 46 micro-faces, world (13999,8671)-(14319,8991)
  region (42,23): 28 micro-faces, world (12719,6751)-(13039,7071)
  region (49,34): 22 micro-faces, world (14959,10271)-(15279,10591)
  region (41,22): 21 micro-faces, world (12399,6431)-(12719,6751)
  region (43,25): 19 micro-faces, world (13039,7391)-(13359,7711)
  region (42,24): 18 micro-faces, world (12719,7071)-(13039,7391)
  region (59,37): 16 micro-faces, world (18159,11231)-(18479,11551)
  region (50,35): 15 micro-faces, world (15279,10591)-(15599,10911)
  region (43,24): 15 micro-faces, world (13039,7071)-(13359,7391)
  region (43,26): 14 micro-faces, world (13039,7711)-(13359,8031)
[face-ppm] Wrote /tmp/face-raster.ppm (3488x2914, downsampled from 6977x5829 by 2)
[face-untangle] 32 target clusters, 47 strays, 4 moved → REVERTED (poly cross 294 → 299)
[stuck-leaf-2d] pass 1: 3 candidates, 3 moved, 3 cost units resolved.
[stuck-leaf-2d] pass 2: 0 candidates, 0 moved, 0 cost units resolved.
[stuck-leaf-2d] 0 candidates, 3 moved, 3 cost units resolved (poly cross 299 → 296, 3 fewer)
[hot-region-sa] 21 hot cells (≥4 cross, 296 cross pts), top 5 processed, 100/321 swap accepted (cross 296 → 295, 1 fewer)
