[community] algorithm=louvain communities=24 meta=3
[hub-bias] Super-graph: pushed 3 high-deg cluster roots to 1.4x avgR.
[cg-time] 1ms post-hub-bias
[cg-time] 1ms pre-§10-outward-radial
[cg-time] 1ms pre-§11-compose
[cg-time] 1ms pre-§12-pruning-reattach
[cg-time] 1ms pre-§13-cluster-swap
[cg-time] 12ms pre-§14-chain-straightening
[cg-time] 12ms pre-§15-pruned-cross-min
[§15.5] Optimized 6 alone-root+independent nodes (0 moves).
[cg-time] 12ms pre-bus-bundle
[bus-bundle] Created 1 bus bundles (2 members, sig ≥ 2 roots).
[xings-hotspot] total=32 xings across 31 offending edges (of 85)
  edge app0.M1↔app4.M1 xings=7 cluster=(_louv_2,?)
  edge app4.M1↔app4.M2 xings=6 cluster=(?,?)
  edge app1.M2↔app4.M1 xings=5 cluster=(_louv_8,?)
  edge app3.M0↔app3.M1 xings=4 cluster=(_louv_5,_louv_11)
  edge app1.M0↔app1.M5 xings=4 cluster=(_louv_6,?)
  edge app4.M0↔app4.M2 xings=3 cluster=(_louv_21,?)
  edge app0.M0↔app3.M3 xings=3 cluster=(_louv_2,_louv_22)
  edge core.Hub0↔app3.M0 xings=2 cluster=(?,_louv_5)
[xings-hotspot] top cluster signatures:
  {?|_louv_2|_louv_5} xings=3
  {?|_louv_17|_louv_6} xings=2
  {?|_louv_22} xings=2
  {?|_louv_11|_louv_21} xings=2
  {?|_louv_2} xings=2
  {?|_louv_21} xings=1
  {?|_louv_16|_louv_6} xings=1
  {?|_louv_16|_louv_7} xings=1
[knot-min] Accepted 12 spatial swaps among 69 candidates.
[carrier-pre] 88 edges → 50 distinct carriers (cost-side filter).
[leaf-untangle] candidates=51, with-cross=17, moved=14, crossings-resolved=41.
[leaf-untangle] candidates=51, with-cross=12, moved=7, crossings-resolved=17.
[leaf-untangle] candidates=51, with-cross=7, moved=1, crossings-resolved=3.
[leaf-untangle] candidates=51, with-cross=8, moved=3, crossings-resolved=4.
[stuck-leaf-diag] 8 candidates with cost>0 (top 15 below):
  cost=9 deg=2 node=app3.M2 parent=app3.M0 nbrs={app3.M0,app4.M0}
  cost=4 deg=2 node=app2.M3 parent=app0.M3 nbrs={app2.M6,app0.M3}
  cost=3 deg=2 node=app2.M6 parent=app2.M0 nbrs={app2.M0,app2.M3}
  cost=3 deg=1 node=app3.Tag4 parent=app3.M0 nbrs={app3.M0}
  cost=3 deg=1 node=app2.Note6 parent=app2.M8 nbrs={app2.M8}
  cost=3 deg=1 node=app0.Log19 parent=app0.M2 nbrs={app0.M2}
  cost=2 deg=2 node=app0.M1 parent=app4.M1 nbrs={app0.M0,app4.M1}
  cost=1 deg=1 node=app3.Note11 parent=app3.M3 nbrs={app3.M3}
[pd-knot] 23 polyline cross pairs, 4 resolved via endpoint swap.
[xings-detour] iters=2 initial-poly-pairs=21 accepted=2 (multi-seg, density-aware, polyline detect, iterative).
[visual-knot] 19→19 cross points, 1→1 hot cells (≥3), 1 handled, 0 swap accepted.
[leaf-untangle] candidates=51, with-cross=11, moved=7, crossings-resolved=20.
[leaf-untangle] candidates=51, with-cross=9, moved=6, crossings-resolved=15.
[leaf-untangle] candidates=51, with-cross=7, moved=3, crossings-resolved=8.
[stuck-leaf-diag] 9 candidates with cost>0 (top 15 below):
  cost=9 deg=2 node=app3.M2 parent=app3.M0 nbrs={app3.M0,app4.M0}
  cost=5 deg=2 node=app2.M3 parent=app0.M3 nbrs={app2.M6,app0.M3}
  cost=4 deg=2 node=app2.M6 parent=app2.M0 nbrs={app2.M0,app2.M3}
  cost=3 deg=2 node=app0.M1 parent=app4.M1 nbrs={app0.M0,app4.M1}
  cost=3 deg=2 node=app2.M2 parent=app2.M0 nbrs={app2.M0,app1.M2}
  cost=3 deg=1 node=app3.Tag4 parent=app3.M0 nbrs={app3.M0}
  cost=3 deg=1 node=app0.Log19 parent=app0.M2 nbrs={app0.M2}
  cost=1 deg=1 node=app3.Note11 parent=app3.M3 nbrs={app3.M3}
  cost=1 deg=1 node=app0.Note31 parent=app0.M3 nbrs={app0.M3}
[carrier-cross] segment 18 -> carrier-grouped 15 (-17%). Carriers: 50 total (2 bundle + 31 cluster-pair + 17 individual).
[isolated-stash] Stashed 1 edge-less nodes in 6-column strip at x>=12897.
[face-raster] grid 2772x1933 (cell 5.0x5.0 units), 406 faces, 5287297 bg cells (98.7% of grid)
  face #1: 4115109 cells (77.8%), bbox 2772x1933 @ (0,0)
  face #160: 301824 cells (5.7%), bbox 861x746 @ (127,588)
  face #16: 208079 cells (3.9%), bbox 930x1420 @ (694,103)
  face #288: 131036 cells (2.5%), bbox 570x445 @ (1494,1058)
  face #334: 105117 cells (2.0%), bbox 369x492 @ (1644,1440)
  face #15: 96188 cells (1.8%), bbox 738x1430 @ (682,103)
  face #14: 77915 cells (1.5%), bbox 735x1430 @ (679,103)
  face #82: 65210 cells (1.2%), bbox 739x1278 @ (771,256)
[face-cohesion] 17 clusters analysed, 5 low-cohesion (<60% in dominant face)
  cohesion histogram:
     30%- 39%: 4 clusters
     40%- 49%: 1 clusters
     60%- 69%: 3 clusters
     70%- 79%: 1 clusters
     80%- 89%: 1 clusters
    100%-100%: 7 clusters
  top 5 low-cohesion clusters (largest first):
    _louv_16: 7 members, 3 in dominant face, 4 faces total (43%)
    _louv_22: 3 members, 1 in dominant face, 3 faces total (33%)
    _louv_11: 3 members, 1 in dominant face, 3 faces total (33%)
    _louv_3: 3 members, 1 in dominant face, 3 faces total (33%)
    _louv_7: 3 members, 1 in dominant face, 3 faces total (33%)
[face-density] 351 micro-faces (size<50), top 10 hot regions (macro 64x64 cells):
  region (6,13): 42 micro-faces, world (1492,3925)-(1812,4245)
  region (11,2): 28 micro-faces, world (3092,406)-(3412,726)
  region (12,7): 22 micro-faces, world (3412,2006)-(3732,2325)
  region (12,6): 21 micro-faces, world (3412,1686)-(3732,2006)
  region (16,23): 21 micro-faces, world (4692,7124)-(5012,7444)
  region (14,13): 21 micro-faces, world (4052,3925)-(4372,4245)
  region (12,8): 19 micro-faces, world (3412,2325)-(3732,2645)
  region (11,3): 17 micro-faces, world (3092,726)-(3412,1046)
  region (17,24): 14 micro-faces, world (5012,7444)-(5332,7764)
  region (2,9): 14 micro-faces, world (212,2645)-(532,2965)
[face-ppm] Wrote /tmp/face-raster.ppm (2772x1933, downsampled from 2772x1933 by 1)
[face-untangle] 5 target clusters, 12 strays, 0 moved (poly cross 18 → 18, 0 fewer)
[stuck-leaf-2d] pass 1: 2 candidates, 2 moved, 2 cost units resolved.
[stuck-leaf-2d] pass 2: 0 candidates, 0 moved, 0 cost units resolved.
[stuck-leaf-2d] 0 candidates, 2 moved, 2 cost units resolved (poly cross 18 → 16, 2 fewer)
[hot-region-sa] 0 hot cells (≥4 cross, 16 cross pts), top 0 processed, 0/0 swap accepted (cross 16 → 16, 0 fewer)
