[community] algorithm=louvain communities=48 meta=4
[hub-bias] Super-graph: pushed 4 high-deg cluster roots to 1.4x avgR.
[cg-time] 7ms post-hub-bias
[cg-time] 15ms pre-§10-outward-radial
[cg-time] 15ms pre-§11-compose
[cg-time] 15ms pre-§12-pruning-reattach
[cg-time] 15ms pre-§13-cluster-swap
[cg-time] 94ms pre-§14-chain-straightening
[cg-time] 94ms pre-§15-pruned-cross-min
[§15.5] Optimized 12 alone-root+independent nodes (6 moves).
[cg-time] 95ms pre-bus-bundle
[xings-hotspot] total=157 xings across 78 offending edges (of 159)
  edge app3.M4↔app10.M9 xings=13 cluster=(?,?)
  edge app7.M5↔app7.M6 xings=12 cluster=(?,?)
  edge app9.M0↔app9.M2 xings=11 cluster=(_louv_37,_louv_22)
  edge app7.M0↔app7.M6 xings=11 cluster=(_louv_32,?)
  edge core.Hub2↔app4.M0 xings=11 cluster=(?,?)
  edge app8.M0↔app8.M10 xings=10 cluster=(_louv_34,?)
  edge core.Hub1↔app11.M0 xings=9 cluster=(?,_louv_44)
  edge core.Hub0↔app5.M0 xings=8 cluster=(?,?)
[xings-hotspot] top cluster signatures:
  {?|_louv_23} xings=11
  {?|_louv_38} xings=8
  {?|_louv_34} xings=7
  {?|_louv_22|_louv_23|_louv_37} xings=6
  {?|_louv_22|_louv_23} xings=6
  {?|_louv_32|_louv_38} xings=6
  {?|_louv_34|_louv_38} xings=6
  {?|_louv_0|_louv_30} xings=5
[knot-min] Accepted 33 spatial swaps among 120 candidates.
[knot-min-2opt] Accepted 1 cross-targeted swaps.
[carrier-pre] 162 edges → 95 distinct carriers (cost-side filter).
[leaf-untangle] candidates=60, with-cross=23, moved=18, crossings-resolved=52.
[leaf-untangle] candidates=60, with-cross=18, moved=8, crossings-resolved=18.
[leaf-untangle] candidates=60, with-cross=15, moved=2, crossings-resolved=2.
[leaf-untangle] candidates=60, with-cross=14, moved=0, crossings-resolved=0.
[stuck-leaf-diag] 14 candidates with cost>0 (top 15 below):
  cost=13 deg=3 node=app7.M6 parent=app7.M0 nbrs={app7.M0,app7.M5,app3.M7}
  cost=13 deg=3 node=app10.M9 parent=app10.M0 nbrs={app10.M0,app10.M3,app3.M4}
  cost=7 deg=3 node=app0.M4 parent=app0.M0 nbrs={app0.M0,app0.M2,app1.M6}
  cost=7 deg=3 node=app2.M1 parent=app2.M0 nbrs={app2.M0,app2.M4,app11.M2}
  cost=5 deg=2 node=app4.M3 parent=app4.M0 nbrs={app4.M0,app9.M2}
  cost=5 deg=2 node=app8.M11 parent=app8.M0 nbrs={app8.M0,app2.M0}
  cost=3 deg=3 node=app4.M1 parent=app5.M1 nbrs={app4.M0,app6.M5,app5.M1}
  cost=3 deg=3 node=app10.M3 parent=app10.M0 nbrs={app10.M0,app10.M9,app10.M6}
  cost=2 deg=3 node=app2.M2 parent=app2.M0 nbrs={app2.M0,app2.M4,app2.M3}
  cost=2 deg=3 node=app10.M5 parent=app10.M0 nbrs={app10.M0,app10.M8,app1.M11}
  cost=1 deg=2 node=app1.M12 parent=app1.M0 nbrs={app1.M0,app8.M5}
  cost=1 deg=2 node=app8.M5 parent=app8.M0 nbrs={app8.M0,app1.M12}
  cost=1 deg=2 node=app10.M8 parent=app10.M0 nbrs={app10.M0,app10.M5}
  cost=1 deg=2 node=app10.M12 parent=app10.M0 nbrs={app10.M0,app10.Asset8}
[pd-knot] 101 polyline cross pairs, 1 resolved via endpoint swap.
[xings-detour] iters=2 initial-poly-pairs=92 accepted=6 (multi-seg, density-aware, polyline detect, iterative).
[visual-knot] 84→84 cross points, 6→6 hot cells (≥3), 6 handled, 0 swap accepted.
[leaf-untangle] candidates=60, with-cross=14, moved=2, crossings-resolved=2.
[leaf-untangle] candidates=60, with-cross=13, moved=0, crossings-resolved=0.
[stuck-leaf-diag] 13 candidates with cost>0 (top 15 below):
  cost=13 deg=3 node=app7.M6 parent=app7.M0 nbrs={app7.M0,app7.M5,app3.M7}
  cost=13 deg=3 node=app10.M9 parent=app10.M0 nbrs={app10.M0,app10.M3,app3.M4}
  cost=7 deg=3 node=app0.M4 parent=app0.M0 nbrs={app0.M0,app0.M2,app1.M6}
  cost=7 deg=3 node=app2.M1 parent=app2.M0 nbrs={app2.M0,app2.M4,app11.M2}
  cost=5 deg=2 node=app8.M11 parent=app8.M0 nbrs={app8.M0,app2.M0}
  cost=3 deg=2 node=app4.M3 parent=app4.M0 nbrs={app4.M0,app9.M2}
  cost=3 deg=3 node=app10.M3 parent=app10.M0 nbrs={app10.M0,app10.M9,app10.M6}
  cost=2 deg=3 node=app2.M2 parent=app2.M0 nbrs={app2.M0,app2.M4,app2.M3}
  cost=2 deg=3 node=app10.M5 parent=app10.M0 nbrs={app10.M0,app10.M8,app1.M11}
  cost=1 deg=2 node=app1.M12 parent=app1.M0 nbrs={app1.M0,app8.M5}
  cost=1 deg=2 node=app8.M5 parent=app8.M0 nbrs={app8.M0,app1.M12}
  cost=1 deg=2 node=app10.M8 parent=app10.M0 nbrs={app10.M0,app10.M5}
  cost=1 deg=2 node=app10.M12 parent=app10.M0 nbrs={app10.M0,app10.Asset8}
[isolated-stash] Stashed 11 edge-less nodes in 6-column strip at x>=32313.
[face-raster] grid 7046x5007 (cell 5.0x5.0 units), 373 faces, 35096632 bg cells (99.5% of grid)
  face #1: 22431296 cells (63.9%), bbox 7046x5007 @ (0,0)
  face #266: 1371306 cells (3.9%), bbox 2349x2072 @ (173,2817)
  face #3: 1177022 cells (3.4%), bbox 1495x1865 @ (3566,171)
  face #7: 968965 cells (2.8%), bbox 1234x1785 @ (4744,180)
  face #4: 963954 cells (2.7%), bbox 1446x1337 @ (2178,180)
  face #103: 860104 cells (2.5%), bbox 1216x1869 @ (1161,1749)
  face #6: 590038 cells (1.7%), bbox 886x1889 @ (4186,180)
  face #9: 487911 cells (1.4%), bbox 770x2564 @ (1400,241)
[face-cohesion] 22 clusters analysed, 10 low-cohesion (<60% in dominant face)
  cohesion histogram:
     20%- 29%: 2 clusters
     40%- 49%: 1 clusters
     50%- 59%: 7 clusters
     60%- 69%: 2 clusters
    100%-100%: 10 clusters
  top 10 low-cohesion clusters (largest first):
    _louv_34: 5 members, 2 in dominant face, 3 faces total (40%)
    _louv_46: 4 members, 2 in dominant face, 3 faces total (50%)
    _louv_38: 4 members, 2 in dominant face, 3 faces total (50%)
    _louv_32: 4 members, 1 in dominant face, 4 faces total (25%)
    _louv_3: 4 members, 1 in dominant face, 4 faces total (25%)
    _louv_42: 2 members, 1 in dominant face, 2 faces total (50%)
    _louv_23: 2 members, 1 in dominant face, 2 faces total (50%)
    _louv_22: 2 members, 1 in dominant face, 2 faces total (50%)
    _louv_6: 2 members, 1 in dominant face, 2 faces total (50%)
    _louv_5: 2 members, 1 in dominant face, 2 faces total (50%)
[face-density] 226 micro-faces (size<50), top 10 hot regions (macro 64x64 cells):
  region (34,4): 25 micro-faces, world (10154,750)-(10474,1070)
  region (46,31): 19 micro-faces, world (13994,9390)-(14314,9710)
  region (44,37): 17 micro-faces, world (13354,11310)-(13674,11630)
  region (47,31): 17 micro-faces, world (14314,9390)-(14634,9710)
  region (41,55): 13 micro-faces, world (12394,17069)-(12714,17389)
  region (42,55): 11 micro-faces, world (12714,17069)-(13034,17389)
  region (51,45): 8 micro-faces, world (15594,13869)-(15914,14189)
  region (50,45): 8 micro-faces, world (15274,13869)-(15594,14189)
  region (54,26): 8 micro-faces, world (16554,7790)-(16874,8110)
  region (48,20): 7 micro-faces, world (14634,5870)-(14954,6190)
[face-ppm] Wrote /tmp/face-raster.ppm (3523x2503, downsampled from 7046x5007 by 2)
[face-untangle] 8 target clusters, 12 strays, 1 moved (poly cross 84 → 84, 0 fewer)
[stuck-leaf-2d] pass 1: 0 candidates, 0 moved, 0 cost units resolved.
[stuck-leaf-2d] 0 candidates, 0 moved, 0 cost units resolved (poly cross 84 → 84, 0 fewer)
[hot-region-sa] 2 hot cells (≥4 cross, 84 cross pts), top 2 processed, 30/169 swap accepted (cross 84 → 83, 1 fewer)
