[community] algorithm=louvain communities=16 meta=4
[hub-bias] Super-graph: pushed 3 high-deg cluster roots to 1.4x avgR.
[cg-time] 1ms post-hub-bias
[cg-time] 1ms pre-§10-outward-radial
[cg-time] 1ms pre-§11-compose
[cg-time] 1ms pre-§12-pruning-reattach
[cg-time] 1ms pre-§13-cluster-swap
[cg-time] 2ms pre-§14-chain-straightening
[cg-time] 2ms pre-§15-pruned-cross-min
[§15.5] Optimized 3 alone-root+independent nodes (0 moves).
[cg-time] 2ms pre-bus-bundle
[xings-hotspot] total=18 xings across 15 offending edges (of 53)
  edge core.Hub2↔app1.M0 xings=4 cluster=(?,_louv_5)
  edge app0.M0↔app0.M1 xings=4 cluster=(_louv_2,_louv_3)
  edge app0.M2↔app1.M2 xings=4 cluster=(_louv_2,?)
  edge app1.M0↔app2.M2 xings=4 cluster=(_louv_5,?)
  edge app2.M0↔app2.M1 xings=3 cluster=(_louv_0,_louv_7)
  edge app2.M0↔app2.M3 xings=3 cluster=(_louv_0,?)
  edge app0.M0↔app3.M6 xings=2 cluster=(_louv_2,?)
  edge app0.M0↔app3.M7 xings=2 cluster=(_louv_2,?)
[xings-hotspot] top cluster signatures:
  {?|_louv_2|_louv_5} xings=6
  {?|_louv_2|_louv_3|_louv_5} xings=3
  {?|_louv_0|_louv_10} xings=2
  {?|_louv_0|_louv_10|_louv_7} xings=2
  {?|_louv_0|_louv_10|_louv_9} xings=1
  {?|_louv_2} xings=1
  {?|_louv_2|_louv_3} xings=1
  {?|_louv_3} xings=1
[knot-min] Accepted 8 spatial swaps among 42 candidates.
[carrier-pre] 54 edges → 33 distinct carriers (cost-side filter).
[leaf-untangle] candidates=23, with-cross=7, moved=6, crossings-resolved=25.
[leaf-untangle] candidates=23, with-cross=3, moved=2, crossings-resolved=4.
[leaf-untangle] candidates=23, with-cross=2, moved=0, crossings-resolved=0.
[stuck-leaf-diag] 2 candidates with cost>0 (top 15 below):
  cost=4 deg=3 node=app3.M7 parent=app3.M0 nbrs={app3.M0,app3.M4,app0.M0}
  cost=1 deg=2 node=app1.M1 parent=app0.M0 nbrs={app1.M0,app0.M0}
[pd-knot] 8 polyline cross pairs, 1 resolved via endpoint swap.
[xings-detour] iters=1 initial-poly-pairs=8 accepted=0 (multi-seg, density-aware, polyline detect, iterative).
[visual-knot] 8→8 cross points, 0→0 hot cells (≥3), 0 handled, 0 swap accepted.
[leaf-untangle] candidates=23, with-cross=3, moved=1, crossings-resolved=1.
[leaf-untangle] candidates=23, with-cross=2, moved=0, crossings-resolved=0.
[stuck-leaf-diag] 2 candidates with cost>0 (top 15 below):
  cost=3 deg=3 node=app3.M7 parent=app3.M0 nbrs={app3.M0,app3.M4,app0.M0}
  cost=1 deg=2 node=app1.M1 parent=app0.M0 nbrs={app1.M0,app0.M0}
[face-raster] grid 4193x2486 (cell 5.0x5.0 units), 293 faces, 10364866 bg cells (99.4% of grid)
  face #1: 5736253 cells (55.3%), bbox 4193x2486 @ (0,0)
  face #23: 1232116 cells (11.9%), bbox 1949x1918 @ (2121,251)
  face #9: 408011 cells (3.9%), bbox 591x1309 @ (1271,125)
  face #83: 385413 cells (3.7%), bbox 1537x623 @ (132,1241)
  face #289: 374568 cells (3.6%), bbox 1986x730 @ (135,1666)
  face #263: 368296 cells (3.6%), bbox 1893x629 @ (2160,1544)
  face #5: 315029 cells (3.0%), bbox 838x830 @ (1277,123)
  face #192: 224098 cells (2.2%), bbox 768x500 @ (1405,1396)
[face-cohesion] 11 clusters analysed, 6 low-cohesion (<60% in dominant face)
  cohesion histogram:
     30%- 39%: 2 clusters
     50%- 59%: 4 clusters
     60%- 69%: 1 clusters
    100%-100%: 4 clusters
  top 6 low-cohesion clusters (largest first):
    _louv_0: 4 members, 2 in dominant face, 3 faces total (50%)
    _louv_12: 3 members, 1 in dominant face, 3 faces total (33%)
    _louv_3: 3 members, 1 in dominant face, 3 faces total (33%)
    _louv_4: 2 members, 1 in dominant face, 2 faces total (50%)
    _louv_5: 2 members, 1 in dominant face, 2 faces total (50%)
    _louv_10: 2 members, 1 in dominant face, 2 faces total (50%)
[face-density] 256 micro-faces (size<50), top 10 hot regions (macro 64x64 cells):
  region (8,19): 54 micro-faces, world (2104,5789)-(2424,6108)
  region (4,23): 40 micro-faces, world (825,7068)-(1145,7388)
  region (7,20): 37 micro-faces, world (1784,6108)-(2104,6428)
  region (6,21): 32 micro-faces, world (1465,6428)-(1784,6748)
  region (9,18): 24 micro-faces, world (2424,5469)-(2744,5789)
  region (3,24): 18 micro-faces, world (505,7388)-(825,7708)
  region (3,23): 9 micro-faces, world (505,7068)-(825,7388)
  region (4,22): 5 micro-faces, world (825,6748)-(1145,7068)
  region (2,25): 5 micro-faces, world (185,7708)-(505,8028)
  region (5,22): 4 micro-faces, world (1145,6748)-(1465,7068)
[face-ppm] Wrote /tmp/face-raster.ppm (2096x1243, downsampled from 4193x2486 by 2)
[face-untangle] 6 target clusters, 9 strays, 0 moved (poly cross 7 → 7, 0 fewer)
[stuck-leaf-2d] pass 1: 0 candidates, 0 moved, 0 cost units resolved.
[stuck-leaf-2d] 0 candidates, 0 moved, 0 cost units resolved (poly cross 7 → 7, 0 fewer)
[hot-region-sa] 0 hot cells (≥4 cross, 7 cross pts), top 0 processed, 0/0 swap accepted (cross 7 → 7, 0 fewer)
