[community] algorithm=louvain communities=64 meta=4
[hub-bias] Super-graph: pushed 6 high-deg cluster roots to 1.4x avgR.
[cg-time] 3ms post-hub-bias
[cg-time] 201ms pre-§10-outward-radial
[cg-time] 201ms pre-§11-compose
[cg-time] 201ms pre-§12-pruning-reattach
[cg-time] 201ms pre-§13-cluster-swap
[cg-time] 597ms pre-§14-chain-straightening
[cg-time] 597ms pre-§15-pruned-cross-min
[§15.5] Optimized 16 alone-root+independent nodes (2 moves).
[cg-time] 600ms pre-bus-bundle
[xings-hotspot] total=202 xings across 104 offending edges (of 233)
  edge core.Hub2↔app4.M0 xings=13 cluster=(_louv_2,_louv_23)
  edge core.Hub1↔app7.M0 xings=13 cluster=(?,_louv_1)
  edge app1.M0↔app1.M1 xings=12 cluster=(_louv_9,_louv_10)
  edge app0.M0↔app8.M6 xings=12 cluster=(_louv_3,_louv_14)
  edge core.Hub2↔app5.M0 xings=12 cluster=(_louv_2,?)
  edge core.Hub0↔app0.M0 xings=11 cluster=(_louv_0,_louv_3)
  edge core.Hub0↔app12.M0 xings=11 cluster=(_louv_0,_louv_53)
  edge app7.M0↔app7.M4 xings=10 cluster=(_louv_1,?)
[xings-hotspot] top cluster signatures:
  {?|_louv_2|_louv_23} xings=4
  {?|_louv_16} xings=3
  {?|_louv_53} xings=3
  {?|_louv_17} xings=3
  {?|_louv_10|_louv_57} xings=3
  {?|_louv_19} xings=3
  {?|_louv_1|_louv_13|_louv_32} xings=3
  {?|_louv_14|_louv_3} xings=3
[knot-min] Accepted 34 spatial swaps among 174 candidates.
[carrier-pre] 239 edges → 151 distinct carriers (cost-side filter).
[leaf-untangle] candidates=103, with-cross=36, moved=27, crossings-resolved=108.
[leaf-untangle] candidates=103, with-cross=15, moved=3, crossings-resolved=6.
[leaf-untangle] candidates=103, with-cross=13, moved=0, crossings-resolved=0.
[stuck-leaf-diag] 15 candidates with cost>0 (top 15 below):
  cost=13 deg=3 node=app0.M1 parent=app0.M0 nbrs={app0.M0,app0.M9,app15.M0}
  cost=10 deg=3 node=app8.M5 parent=app8.M0 nbrs={app8.M0,app8.M6,app2.M5}
  cost=9 deg=3 node=app2.M6 parent=app2.M0 nbrs={app2.M0,app2.M7,app15.M3}
  cost=8 deg=3 node=app13.M3 parent=app8.M6 nbrs={app13.M0,app13.M1,app8.M6}
  cost=4 deg=3 node=app9.M1 parent=app9.M0 nbrs={app9.M0,app9.M8,app10.M2}
  cost=4 deg=3 node=app9.M8 parent=app9.M0 nbrs={app9.M0,app9.M1,app3.M2}
  cost=4 deg=2 node=app10.M8 parent=app10.M0 nbrs={app10.M0,app10.Note43}
  cost=4 deg=2 node=app15.M1 parent=app15.M0 nbrs={app15.M0,app15.M3}
  cost=4 deg=2 node=app15.M3 parent=app2.M6 nbrs={app15.M1,app2.M6}
  cost=3 deg=3 node=app4.M1 parent=app4.M0 nbrs={app4.M0,app4.M7,app2.M5}
  cost=3 deg=2 node=app5.M1 parent=app6.M2 nbrs={app5.M2,app6.M2}
  cost=2 deg=2 node=app8.M1 parent=app8.M0 nbrs={app8.M0,app8.Log35}
  cost=1 deg=2 node=app10.M9 parent=app10.M0 nbrs={app10.M0,app10.Asset38}
  cost=1 deg=3 node=app13.M1 parent=app1.M1 nbrs={app13.M0,app13.M3,app1.M1}
  cost=1 deg=1 node=app8.Log35 parent=app8.M1 nbrs={app8.M1}
[pd-knot] 169 polyline cross pairs, 3 resolved via endpoint swap.
[xings-detour] iters=2 initial-poly-pairs=175 accepted=6 (multi-seg, density-aware, polyline detect, iterative).
[visual-knot] 167→167 cross points, 13→13 hot cells (≥3), 13 handled, 0 swap accepted.
[leaf-untangle] candidates=103, with-cross=18, moved=6, crossings-resolved=25.
[leaf-untangle] candidates=103, with-cross=15, moved=0, crossings-resolved=0.
[stuck-leaf-diag] 17 candidates with cost>0 (top 15 below):
  cost=11 deg=3 node=app0.M1 parent=app0.M0 nbrs={app0.M0,app0.M9,app15.M0}
  cost=10 deg=3 node=app8.M5 parent=app8.M0 nbrs={app8.M0,app8.M6,app2.M5}
  cost=9 deg=3 node=app2.M6 parent=app2.M0 nbrs={app2.M0,app2.M7,app15.M3}
  cost=8 deg=3 node=app13.M3 parent=app8.M6 nbrs={app13.M0,app13.M1,app8.M6}
  cost=4 deg=2 node=app15.M1 parent=app15.M0 nbrs={app15.M0,app15.M3}
  cost=4 deg=2 node=app15.M3 parent=app2.M6 nbrs={app15.M1,app2.M6}
  cost=3 deg=3 node=app4.M1 parent=app4.M0 nbrs={app4.M0,app4.M7,app2.M5}
  cost=3 deg=2 node=app5.M1 parent=app6.M2 nbrs={app5.M2,app6.M2}
  cost=3 deg=3 node=app9.M8 parent=app9.M0 nbrs={app9.M0,app9.M1,app3.M2}
  cost=2 deg=2 node=app0.M4 parent=app0.M5 nbrs={app0.M5,app0.File13}
  cost=2 deg=2 node=app8.M1 parent=app8.M0 nbrs={app8.M0,app8.Log35}
  cost=2 deg=2 node=app10.M5 parent=app10.M0 nbrs={app10.M0,app10.M12}
  cost=1 deg=3 node=app9.M1 parent=app9.M0 nbrs={app9.M0,app9.M8,app10.M2}
  cost=1 deg=2 node=app10.M8 parent=app10.M0 nbrs={app10.M0,app10.Note43}
  cost=1 deg=2 node=app10.M9 parent=app10.M0 nbrs={app10.M0,app10.Asset38}
[carrier-cross] segment 169 -> carrier-grouped 151 (-11%). Carriers: 150 total (1 bundle + 105 cluster-pair + 44 individual).
[isolated-stash] Stashed 5 edge-less nodes in 6-column strip at x>=18615.
[face-raster] grid 4162x4401 (cell 5.0x5.0 units), 451 faces, 18116436 bg cells (98.9% of grid)
  face #1: 12929428 cells (71.4%), bbox 4162x4401 @ (0,0)
  face #9: 794880 cells (4.4%), bbox 1559x1459 @ (121,1203)
  face #7: 519484 cells (2.9%), bbox 1528x733 @ (129,1199)
  face #433: 482677 cells (2.7%), bbox 758x1484 @ (2087,2770)
  face #8: 277659 cells (1.5%), bbox 673x2467 @ (113,1203)
  face #169: 227195 cells (1.3%), bbox 659x739 @ (1197,2035)
  face #333: 226702 cells (1.3%), bbox 1155x1088 @ (821,2576)
  face #364: 166920 cells (0.9%), bbox 256x1016 @ (728,2633)
[face-cohesion] 46 clusters analysed, 22 low-cohesion (<60% in dominant face)
  cohesion histogram:
     20%- 29%: 2 clusters
     30%- 39%: 6 clusters
     50%- 59%: 14 clusters
     60%- 69%: 6 clusters
     70%- 79%: 2 clusters
     80%- 89%: 1 clusters
    100%-100%: 15 clusters
  top 10 low-cohesion clusters (largest first):
    _louv_48: 8 members, 2 in dominant face, 5 faces total (25%)
    _louv_45: 7 members, 2 in dominant face, 5 faces total (29%)
    _louv_22: 4 members, 2 in dominant face, 2 faces total (50%)
    _louv_3: 4 members, 2 in dominant face, 3 faces total (50%)
    _louv_39: 3 members, 1 in dominant face, 3 faces total (33%)
    _louv_17: 3 members, 1 in dominant face, 3 faces total (33%)
    _louv_35: 3 members, 1 in dominant face, 3 faces total (33%)
    _louv_53: 3 members, 1 in dominant face, 3 faces total (33%)
    _louv_8: 3 members, 1 in dominant face, 3 faces total (33%)
    _louv_7: 3 members, 1 in dominant face, 3 faces total (33%)
[face-density] 199 micro-faces (size<50), top 10 hot regions (macro 64x64 cells):
  region (46,42): 21 micro-faces, world (14268,12792)-(14588,13112)
  region (20,41): 20 micro-faces, world (5950,12472)-(6270,12792)
  region (20,40): 16 micro-faces, world (5950,12152)-(6270,12472)
  region (40,37): 11 micro-faces, world (12349,11192)-(12669,11512)
  region (30,40): 10 micro-faces, world (9150,12152)-(9470,12472)
  region (45,32): 10 micro-faces, world (13949,9592)-(14268,9912)
  region (36,37): 10 micro-faces, world (11069,11192)-(11389,11512)
  region (18,36): 9 micro-faces, world (5311,10872)-(5630,11192)
  region (43,33): 7 micro-faces, world (13309,9912)-(13629,10232)
  region (16,28): 6 micro-faces, world (4671,8312)-(4991,8632)
[face-ppm] Wrote /tmp/face-raster.ppm (2081x2200, downsampled from 4162x4401 by 2)
[face-untangle] 20 target clusters, 28 strays, 1 moved → REVERTED (poly cross 167 → 168)
[stuck-leaf-2d] pass 1: 1 candidates, 1 moved, 1 cost units resolved.
[stuck-leaf-2d] pass 2: 0 candidates, 0 moved, 0 cost units resolved.
[stuck-leaf-2d] 0 candidates, 1 moved, 1 cost units resolved (poly cross 169 → 168, 1 fewer)
[hot-region-sa] 15 hot cells (≥4 cross, 168 cross pts), top 5 processed, 82/457 swap accepted (cross 168 → 168, 0 fewer)
