[community] algorithm=louvain communities=104 meta=4
[hub-bias] Super-graph: pushed 10 high-deg cluster roots to 1.4x avgR.
[cg-time] 9ms post-hub-bias
[cg-time] 299ms pre-§10-outward-radial
[cg-time] 299ms pre-§11-compose
[cg-time] 299ms pre-§12-pruning-reattach
[cg-time] 299ms pre-§13-cluster-swap
[cg-time] 1412ms pre-§14-chain-straightening
[cg-time] 1413ms pre-§15-pruned-cross-min
[§15.5] Optimized 31 alone-root+independent nodes (10 moves).
[cg-time] 1420ms pre-bus-bundle
[bus-bundle] Created 1 bus bundles (2 members, sig ≥ 2 roots).
[xings-hotspot] total=412 xings across 167 offending edges (of 347)
  edge core.Hub2↔app2.M0 xings=26 cluster=(_louv_2,_louv_16)
  edge app18.M2↔app18.M4 xings=22 cluster=(_louv_58,?)
  edge core.Hub1↔app18.M0 xings=21 cluster=(?,_louv_2)
  edge app11.M13↔app15.M4 xings=20 cluster=(?,?)
  edge core.Hub2↔app3.M0 xings=20 cluster=(_louv_2,_louv_20)
  edge app12.M3↔app18.M3 xings=19 cluster=(?,_louv_2)
  edge core.Hub2↔app13.M0 xings=19 cluster=(_louv_2,_louv_49)
  edge app18.M0↔app18.M1 xings=16 cluster=(_louv_2,?)
[xings-hotspot] top cluster signatures:
  {?|_louv_2} xings=10
  {?|_louv_93} xings=7
  {?|_louv_72} xings=7
  {?|_louv_2|_louv_93} xings=6
  {?|_louv_101|_louv_2} xings=6
  {?|_louv_2|_louv_20} xings=5
  {?|_louv_16|_louv_2} xings=5
  {?|_louv_2|_louv_78} xings=5
[knot-min] Accepted 51 spatial swaps among 255 candidates.
[knot-min-2opt] Accepted 5 cross-targeted swaps.
[carrier-pre] 355 edges → 215 distinct carriers (cost-side filter).
[leaf-untangle] candidates=161, with-cross=63, moved=51, crossings-resolved=193.
[leaf-untangle] candidates=161, with-cross=41, moved=11, crossings-resolved=19.
[leaf-untangle] candidates=161, with-cross=37, moved=7, crossings-resolved=12.
[leaf-untangle] candidates=161, with-cross=34, moved=1, crossings-resolved=1.
[stuck-leaf-diag] 41 candidates with cost>0 (top 15 below):
  cost=30 deg=3 node=app7.M11 parent=app7.M0 nbrs={app7.M0,app7.M4,app12.M0}
  cost=18 deg=2 node=app17.M8 parent=app17.M0 nbrs={app17.M0,app5.M11}
  cost=17 deg=3 node=app15.M12 parent=app15.M0 nbrs={app15.M0,app15.M2,app19.M0}
  cost=16 deg=3 node=app19.M11 parent=app19.M0 nbrs={app19.M0,app19.M2,app13.M1}
  cost=11 deg=2 node=app5.M11 parent=app5.M0 nbrs={app5.M0,app17.M8}
  cost=9 deg=3 node=app15.M2 parent=app15.M0 nbrs={app15.M0,app15.M12,app17.M1}
  cost=7 deg=3 node=app0.M6 parent=app0.M0 nbrs={app0.M0,app0.M7,app11.M13}
  cost=7 deg=3 node=app10.M9 parent=app10.M0 nbrs={app10.M0,app10.M8,app19.M7}
  cost=6 deg=3 node=app19.M8 parent=app19.M0 nbrs={app19.M0,app19.M1,app19.M10}
  cost=6 deg=2 node=app9.M7 parent=app9.M0 nbrs={app9.M0,app9.M11}
  cost=4 deg=3 node=app6.M8 parent=app6.M0 nbrs={app6.M0,app6.M7,app19.M1}
  cost=4 deg=2 node=app10.M8 parent=app10.M0 nbrs={app10.M0,app10.M9}
  cost=4 deg=3 node=app12.M4 parent=app9.M0 nbrs={app12.M0,app12.M3,app9.M0}
  cost=3 deg=2 node=app15.M11 parent=app16.M0 nbrs={app15.M7,app16.M0}
  cost=3 deg=1 node=app17.M10 parent=app17.M0 nbrs={app17.M0}
[pd-knot] 276 polyline cross pairs, 2 resolved via endpoint swap.
[xings-detour] iters=2 initial-poly-pairs=287 accepted=3 (multi-seg, density-aware, polyline detect, iterative).
[visual-knot] 280→280 cross points, 25→25 hot cells (≥3), 25 handled, 0 swap accepted.
[leaf-untangle] candidates=161, with-cross=33, moved=1, crossings-resolved=3.
[leaf-untangle] candidates=161, with-cross=33, moved=0, crossings-resolved=0.
[stuck-leaf-diag] 41 candidates with cost>0 (top 15 below):
  cost=30 deg=3 node=app7.M11 parent=app7.M0 nbrs={app7.M0,app7.M4,app12.M0}
  cost=18 deg=2 node=app17.M8 parent=app17.M0 nbrs={app17.M0,app5.M11}
  cost=17 deg=3 node=app15.M12 parent=app15.M0 nbrs={app15.M0,app15.M2,app19.M0}
  cost=16 deg=3 node=app19.M11 parent=app19.M0 nbrs={app19.M0,app19.M2,app13.M1}
  cost=11 deg=2 node=app5.M11 parent=app5.M0 nbrs={app5.M0,app17.M8}
  cost=9 deg=3 node=app15.M2 parent=app15.M0 nbrs={app15.M0,app15.M12,app17.M1}
  cost=7 deg=3 node=app0.M6 parent=app0.M0 nbrs={app0.M0,app0.M7,app11.M13}
  cost=7 deg=3 node=app10.M9 parent=app10.M0 nbrs={app10.M0,app10.M8,app19.M7}
  cost=6 deg=3 node=app19.M8 parent=app19.M0 nbrs={app19.M0,app19.M1,app19.M10}
  cost=6 deg=2 node=app9.M7 parent=app9.M0 nbrs={app9.M0,app9.M11}
  cost=4 deg=3 node=app6.M8 parent=app6.M0 nbrs={app6.M0,app6.M7,app19.M1}
  cost=4 deg=2 node=app10.M8 parent=app10.M0 nbrs={app10.M0,app10.M9}
  cost=3 deg=2 node=app15.M11 parent=app16.M0 nbrs={app15.M7,app16.M0}
  cost=3 deg=1 node=app17.M10 parent=app17.M0 nbrs={app17.M0}
  cost=3 deg=2 node=app1.M9 parent=app1.M0 nbrs={app1.M0,app1.Log21}
[carrier-cross] segment 282 -> carrier-grouped 246 (-13%). Carriers: 213 total (5 bundle + 146 cluster-pair + 62 individual).
[isolated-stash] Stashed 14 edge-less nodes in 6-column strip at x>=27570.
[face-raster] grid 6718x5334 (cell 5.0x5.0 units), 882 faces, 35515662 bg cells (99.1% of grid)
  face #1: 24518541 cells (69.0%), bbox 6718x5334 @ (0,0)
  face #2: 2077844 cells (5.9%), bbox 2357x1882 @ (1411,157)
  face #685: 943939 cells (2.7%), bbox 2289x2108 @ (3310,3059)
  face #809: 686095 cells (1.9%), bbox 1257x1894 @ (2005,3276)
  face #881: 536406 cells (1.5%), bbox 1386x768 @ (2014,4407)
  face #684: 460431 cells (1.3%), bbox 2331x1345 @ (3263,3059)
  face #799: 453128 cells (1.3%), bbox 777x1921 @ (2004,3248)
  face #43: 430410 cells (1.2%), bbox 1013x839 @ (3216,1375)
[face-cohesion] 62 clusters analysed, 21 low-cohesion (<60% in dominant face)
  cohesion histogram:
     20%- 29%: 3 clusters
     30%- 39%: 2 clusters
     50%- 59%: 16 clusters
     60%- 69%: 9 clusters
     70%- 79%: 4 clusters
     80%- 89%: 1 clusters
    100%-100%: 27 clusters
  top 10 low-cohesion clusters (largest first):
    _louv_78: 7 members, 2 in dominant face, 6 faces total (29%)
    _louv_65: 7 members, 2 in dominant face, 6 faces total (29%)
    _louv_42: 6 members, 2 in dominant face, 5 faces total (33%)
    _louv_93: 4 members, 1 in dominant face, 4 faces total (25%)
    _louv_60: 4 members, 2 in dominant face, 3 faces total (50%)
    _louv_29: 4 members, 2 in dominant face, 3 faces total (50%)
    _louv_20: 4 members, 2 in dominant face, 3 faces total (50%)
    _louv_2: 4 members, 2 in dominant face, 3 faces total (50%)
    _louv_48: 3 members, 1 in dominant face, 3 faces total (33%)
    _louv_102: 2 members, 1 in dominant face, 2 faces total (50%)
[face-density] 480 micro-faces (size<50), top 10 hot regions (macro 64x64 cells):
  region (42,24): 36 micro-faces, world (9668,7119)-(9988,7439)
  region (22,8): 25 micro-faces, world (3269,1999)-(3589,2319)
  region (63,47): 24 micro-faces, world (16388,14478)-(16708,14798)
  region (54,33): 21 micro-faces, world (13508,9999)-(13828,10319)
  region (42,25): 20 micro-faces, world (9668,7439)-(9988,7759)
  region (47,40): 19 micro-faces, world (11268,12238)-(11588,12558)
  region (43,26): 19 micro-faces, world (9988,7759)-(10308,8079)
  region (43,25): 16 micro-faces, world (9988,7439)-(10308,7759)
  region (62,47): 15 micro-faces, world (16068,14478)-(16388,14798)
  region (61,41): 13 micro-faces, world (15748,12558)-(16068,12878)
[face-ppm] Wrote /tmp/face-raster.ppm (3359x2667, downsampled from 6718x5334 by 2)
[face-untangle] 18 target clusters, 26 strays, 0 moved (poly cross 280 → 280, 0 fewer)
[stuck-leaf-2d] pass 1: 3 candidates, 1 moved, 1 cost units resolved.
[stuck-leaf-2d] pass 2: 2 candidates, 0 moved, 0 cost units resolved.
[stuck-leaf-2d] 2 candidates, 1 moved, 1 cost units resolved (poly cross 280 → 279, 1 fewer)
[hot-region-sa] 24 hot cells (≥4 cross, 279 cross pts), top 5 processed, 18/304 swap accepted (cross 279 → 278, 1 fewer)
