[community] algorithm=louvain communities=98 meta=10
[hub-bias] Super-graph: pushed 10 high-deg cluster roots to 1.4x avgR.
[cg-time] 9ms post-hub-bias
[cg-time] 270ms pre-§10-outward-radial
[cg-time] 270ms pre-§11-compose
[cg-time] 270ms pre-§12-pruning-reattach
[cg-time] 270ms pre-§13-cluster-swap
[cg-time] 841ms pre-§14-chain-straightening
[cg-time] 841ms pre-§15-pruned-cross-min
[§15.5] Optimized 36 alone-root+independent nodes (4 moves).
[cg-time] 848ms pre-bus-bundle
[xings-hotspot] total=331 xings across 142 offending edges (of 332)
  edge core.Hub1↔app0.M0 xings=23 cluster=(?,?)
  edge core.Hub1↔app8.M0 xings=20 cluster=(?,?)
  edge app17.M0↔app17.M5 xings=18 cluster=(_louv_85,?)
  edge app10.M7↔app14.M0 xings=17 cluster=(_louv_12,_louv_73)
  edge core.Hub1↔app13.M0 xings=17 cluster=(?,_louv_65)
  edge core.Hub1↔app2.M0 xings=15 cluster=(?,_louv_2)
  edge core.Hub0↔app3.M0 xings=14 cluster=(?,_louv_17)
  edge app9.M3↔app12.M12 xings=14 cluster=(?,_louv_63)
[xings-hotspot] top cluster signatures:
  {?|_louv_78} xings=14
  {?} xings=13
  {?|_louv_85} xings=10
  {?|_louv_65} xings=9
  {?|_louv_36|_louv_48} xings=8
  {?|_louv_56} xings=8
  {?|_louv_17} xings=8
  {?|_louv_15|_louv_2} xings=8
[knot-min] Accepted 53 spatial swaps among 264 candidates.
[knot-min-2opt] Accepted 5 cross-targeted swaps.
[carrier-pre] 335 edges → 215 distinct carriers (cost-side filter).
[leaf-untangle] candidates=168, with-cross=67, moved=58, crossings-resolved=205.
[leaf-untangle] candidates=168, with-cross=36, moved=21, crossings-resolved=48.
[leaf-untangle] candidates=168, with-cross=28, moved=9, crossings-resolved=18.
[leaf-untangle] candidates=168, with-cross=23, moved=3, crossings-resolved=8.
[stuck-leaf-diag] 20 candidates with cost>0 (top 15 below):
  cost=8 deg=3 node=app15.M2 parent=app15.M0 nbrs={app15.M0,app15.M4,app15.Tag4}
  cost=6 deg=3 node=app3.M9 parent=app3.M0 nbrs={app3.M0,app3.M2,app18.M1}
  cost=4 deg=3 node=app15.M8 parent=app15.M0 nbrs={app15.M0,app15.M3,app11.M7}
  cost=3 deg=2 node=app1.M8 parent=app1.M0 nbrs={app1.M0,app1.Note55}
  cost=3 deg=2 node=app4.M9 parent=app4.M0 nbrs={app4.M0,app4.Tag43}
  cost=3 deg=3 node=app10.M2 parent=app15.M0 nbrs={app10.M0,app10.M5,app15.M0}
  cost=3 deg=2 node=app12.M13 parent=app12.M0 nbrs={app12.M0,app12.Address36}
  cost=2 deg=3 node=app1.M11 parent=app1.M0 nbrs={app1.M0,app1.M9,app8.M3}
  cost=2 deg=3 node=app3.M2 parent=app3.M0 nbrs={app3.M0,app3.M9,app3.M12}
  cost=2 deg=2 node=app5.M1 parent=app5.M0 nbrs={app5.M0,app18.M0}
  cost=1 deg=2 node=app4.M4 parent=app15.M4 nbrs={app15.M3,app15.M4}
  cost=1 deg=2 node=app5.M6 parent=app5.M0 nbrs={app5.M0,app5.Asset14}
  cost=1 deg=2 node=app11.M6 parent=app11.M0 nbrs={app11.M0,app11.M4}
  cost=1 deg=2 node=app12.M1 parent=app12.M4 nbrs={app12.M4,app12.Address51}
  cost=1 deg=2 node=app12.M4 parent=app12.M0 nbrs={app12.M0,app12.M1}
[pd-knot] 205 polyline cross pairs, 7 resolved via endpoint swap.
[xings-detour] iters=2 initial-poly-pairs=184 accepted=7 (multi-seg, density-aware, polyline detect, iterative).
[visual-knot] 176→176 cross points, 12→12 hot cells (≥3), 12 handled, 0 swap accepted.
[leaf-untangle] candidates=168, with-cross=22, moved=4, crossings-resolved=9.
[leaf-untangle] candidates=168, with-cross=21, moved=3, crossings-resolved=7.
[leaf-untangle] candidates=168, with-cross=19, moved=1, crossings-resolved=3.
[stuck-leaf-diag] 19 candidates with cost>0 (top 15 below):
  cost=8 deg=3 node=app15.M2 parent=app15.M0 nbrs={app15.M0,app15.M4,app15.Tag4}
  cost=6 deg=3 node=app3.M9 parent=app3.M0 nbrs={app3.M0,app3.M2,app18.M1}
  cost=6 deg=3 node=app10.M2 parent=app15.M0 nbrs={app10.M0,app10.M5,app15.M0}
  cost=4 deg=3 node=app15.M8 parent=app15.M0 nbrs={app15.M0,app15.M3,app11.M7}
  cost=3 deg=2 node=app1.M8 parent=app1.M0 nbrs={app1.M0,app1.Note55}
  cost=3 deg=2 node=app4.M9 parent=app4.M0 nbrs={app4.M0,app4.Tag43}
  cost=3 deg=2 node=app12.M13 parent=app12.M0 nbrs={app12.M0,app12.Address36}
  cost=2 deg=3 node=app1.M11 parent=app1.M0 nbrs={app1.M0,app1.M9,app8.M3}
  cost=2 deg=3 node=app3.M2 parent=app3.M0 nbrs={app3.M0,app3.M9,app3.M12}
  cost=2 deg=2 node=app5.M1 parent=app5.M0 nbrs={app5.M0,app18.M0}
  cost=1 deg=2 node=app4.M4 parent=app15.M4 nbrs={app15.M3,app15.M4}
  cost=1 deg=2 node=app5.M6 parent=app5.M0 nbrs={app5.M0,app5.Asset14}
  cost=1 deg=2 node=app11.M6 parent=app11.M0 nbrs={app11.M0,app11.M4}
  cost=1 deg=2 node=app12.M1 parent=app12.M4 nbrs={app12.M4,app12.Address51}
  cost=1 deg=2 node=app12.M4 parent=app12.M0 nbrs={app12.M0,app12.M1}
[carrier-cross] segment 178 -> carrier-grouped 161 (-10%). Carriers: 209 total (1 bundle + 136 cluster-pair + 72 individual).
[isolated-stash] Stashed 3 edge-less nodes in 6-column strip at x>=36507.
[face-raster] grid 7792x5615 (cell 5.0x5.0 units), 585 faces, 43467501 bg cells (99.3% of grid)
  face #1: 31473341 cells (72.4%), bbox 7792x5615 @ (0,0)
  face #6: 2982983 cells (6.9%), bbox 2242x2794 @ (3503,872)
  face #3: 1421925 cells (3.3%), bbox 2653x1488 @ (1167,355)
  face #4: 1388977 cells (3.2%), bbox 1632x2119 @ (241,359)
  face #2: 1011319 cells (2.3%), bbox 1906x1727 @ (3833,260)
  face #5: 1007746 cells (2.3%), bbox 2325x1763 @ (1155,359)
  face #210: 672347 cells (1.5%), bbox 1973x1324 @ (3503,2276)
  face #448: 419353 cells (1.0%), bbox 2053x753 @ (3383,2873)
[face-cohesion] 71 clusters analysed, 26 low-cohesion (<60% in dominant face)
  cohesion histogram:
     20%- 29%: 1 clusters
     30%- 39%: 5 clusters
     40%- 49%: 2 clusters
     50%- 59%: 18 clusters
     60%- 69%: 14 clusters
     70%- 79%: 2 clusters
     80%- 89%: 1 clusters
    100%-100%: 28 clusters
  top 10 low-cohesion clusters (largest first):
    _louv_17: 5 members, 2 in dominant face, 4 faces total (40%)
    _louv_56: 5 members, 2 in dominant face, 4 faces total (40%)
    _louv_30: 4 members, 2 in dominant face, 3 faces total (50%)
    _louv_4: 4 members, 2 in dominant face, 3 faces total (50%)
    _louv_36: 4 members, 2 in dominant face, 3 faces total (50%)
    _louv_27: 4 members, 2 in dominant face, 3 faces total (50%)
    _louv_65: 4 members, 2 in dominant face, 3 faces total (50%)
    _louv_73: 4 members, 2 in dominant face, 3 faces total (50%)
    _louv_38: 4 members, 1 in dominant face, 4 faces total (25%)
    _louv_2: 3 members, 1 in dominant face, 3 faces total (33%)
[face-density] 279 micro-faces (size<50), top 10 hot regions (macro 64x64 cells):
  region (43,46): 15 micro-faces, world (12962,14131)-(13282,14451)
  region (60,26): 14 micro-faces, world (18402,7732)-(18722,8052)
  region (63,35): 13 micro-faces, world (19362,10612)-(19682,10932)
  region (25,18): 12 micro-faces, world (7202,5172)-(7522,5492)
  region (104,85): 11 micro-faces, world (32481,26611)-(32801,26931)
  region (49,44): 11 micro-faces, world (14882,13491)-(15202,13811)
  region (54,33): 11 micro-faces, world (16482,9972)-(16802,10292)
  region (58,24): 10 micro-faces, world (17762,7092)-(18082,7412)
  region (59,26): 10 micro-faces, world (18082,7732)-(18402,8052)
  region (104,84): 9 micro-faces, world (32481,26291)-(32801,26611)
[face-ppm] Wrote /tmp/face-raster.ppm (3896x2807, downsampled from 7792x5615 by 2)
[face-untangle] 25 target clusters, 40 strays, 3 moved (poly cross 177 → 172, 5 fewer)
[stuck-leaf-2d] pass 1: 3 candidates, 2 moved, 3 cost units resolved.
[stuck-leaf-2d] pass 2: 0 candidates, 0 moved, 0 cost units resolved.
[stuck-leaf-2d] 0 candidates, 2 moved, 3 cost units resolved (poly cross 172 → 168, 4 fewer)
[hot-region-sa] 13 hot cells (≥4 cross, 168 cross pts), top 5 processed, 81/771 swap accepted (cross 168 → 168, 0 fewer)
