[community] algorithm=louvain communities=52 meta=5
[hub-bias] Super-graph: pushed 4 high-deg cluster roots to 1.4x avgR.
[cg-time] 5ms post-hub-bias
[cg-time] 25ms pre-§10-outward-radial
[cg-time] 25ms pre-§11-compose
[cg-time] 25ms pre-§12-pruning-reattach
[cg-time] 25ms pre-§13-cluster-swap
[cg-time] 101ms pre-§14-chain-straightening
[cg-time] 101ms pre-§15-pruned-cross-min
[§15.5] Optimized 14 alone-root+independent nodes (6 moves).
[cg-time] 103ms pre-bus-bundle
[xings-hotspot] total=84 xings across 66 offending edges (of 156)
  edge app1.M7↔app5.M4 xings=9 cluster=(_louv_9,?)
  edge app8.M0↔app8.M5 xings=7 cluster=(_louv_42,_louv_45)
  edge core.Hub0↔app10.M0 xings=6 cluster=(?,?)
  edge app4.M4↔app10.M0 xings=6 cluster=(_louv_26,?)
  edge app5.M6↔app7.M4 xings=5 cluster=(_louv_31,_louv_14)
  edge app5.M6↔app6.M3 xings=5 cluster=(_louv_31,_louv_36)
  edge app4.M9↔app5.M0 xings=5 cluster=(?,_louv_31)
  edge app6.M0↔app6.M4 xings=4 cluster=(_louv_36,?)
[xings-hotspot] top cluster signatures:
  {?|_louv_42|_louv_7} xings=6
  {?|_louv_49} xings=5
  {?|_louv_22|_louv_26} xings=4
  {?|_louv_31|_louv_33} xings=4
  {?|_louv_26} xings=4
  {?|_louv_36} xings=3
  {?|_louv_31} xings=3
  {?|_louv_11|_louv_14} xings=2
[knot-min] Accepted 18 spatial swaps among 138 candidates.
[knot-min-2opt] Accepted 4 cross-targeted swaps.
[carrier-pre] 160 edges → 95 distinct carriers (cost-side filter).
[leaf-untangle] candidates=83, with-cross=32, moved=27, crossings-resolved=81.
[leaf-untangle] candidates=83, with-cross=13, moved=4, crossings-resolved=8.
[leaf-untangle] candidates=83, with-cross=10, moved=0, crossings-resolved=0.
[stuck-leaf-diag] 10 candidates with cost>0 (top 15 below):
  cost=4 deg=3 node=app6.M4 parent=app6.M0 nbrs={app6.M0,app6.M1,app9.M3}
  cost=3 deg=3 node=app4.M6 parent=app4.M0 nbrs={app4.M0,app4.M4,app6.M0}
  cost=2 deg=3 node=app4.M4 parent=app10.M0 nbrs={app4.M0,app4.M6,app10.M0}
  cost=2 deg=2 node=app5.M7 parent=app5.M0 nbrs={app5.M0,app5.File26}
  cost=2 deg=2 node=app6.M1 parent=app6.M0 nbrs={app6.M0,app6.M4}
  cost=1 deg=3 node=app5.M2 parent=app5.M0 nbrs={app5.M0,app5.M6,app9.M6}
  cost=1 deg=2 node=app7.M7 parent=app7.M0 nbrs={app7.M0,app8.M8}
  cost=1 deg=2 node=app8.M4 parent=app8.M0 nbrs={app8.M0,app8.M9}
  cost=1 deg=2 node=app8.M8 parent=app8.M7 nbrs={app8.M7,app7.M7}
  cost=1 deg=3 node=app8.M9 parent=app8.M0 nbrs={app8.M0,app8.M4,app8.Log17}
[pd-knot] 51 polyline cross pairs, 0 resolved via endpoint swap.
[xings-detour] iters=2 initial-poly-pairs=47 accepted=1 (multi-seg, density-aware, polyline detect, iterative).
[visual-knot] 46→46 cross points, 1→1 hot cells (≥3), 1 handled, 0 swap accepted.
[leaf-untangle] candidates=83, with-cross=10, moved=0, crossings-resolved=0.
[stuck-leaf-diag] 10 candidates with cost>0 (top 15 below):
  cost=4 deg=3 node=app6.M4 parent=app6.M0 nbrs={app6.M0,app6.M1,app9.M3}
  cost=3 deg=3 node=app4.M6 parent=app4.M0 nbrs={app4.M0,app4.M4,app6.M0}
  cost=2 deg=3 node=app4.M4 parent=app10.M0 nbrs={app4.M0,app4.M6,app10.M0}
  cost=2 deg=2 node=app5.M7 parent=app5.M0 nbrs={app5.M0,app5.File26}
  cost=2 deg=2 node=app6.M1 parent=app6.M0 nbrs={app6.M0,app6.M4}
  cost=1 deg=3 node=app5.M2 parent=app5.M0 nbrs={app5.M0,app5.M6,app9.M6}
  cost=1 deg=2 node=app7.M7 parent=app7.M0 nbrs={app7.M0,app8.M8}
  cost=1 deg=2 node=app8.M4 parent=app8.M0 nbrs={app8.M0,app8.M9}
  cost=1 deg=2 node=app8.M8 parent=app8.M7 nbrs={app8.M7,app7.M7}
  cost=1 deg=3 node=app8.M9 parent=app8.M0 nbrs={app8.M0,app8.M4,app8.Log17}
[isolated-stash] Stashed 8 edge-less nodes in 6-column strip at x>=29630.
[face-raster] grid 6509x4363 (cell 5.0x5.0 units), 245 faces, 28226565 bg cells (99.4% of grid)
  face #1: 20391930 cells (72.2%), bbox 6509x4363 @ (0,0)
  face #39: 1397857 cells (5.0%), bbox 1467x3088 @ (165,843)
  face #180: 1189232 cells (4.2%), bbox 2311x1073 @ (169,2864)
  face #61: 549893 cells (1.9%), bbox 800x2201 @ (1044,1061)
  face #83: 520828 cells (1.8%), bbox 954x1273 @ (1636,1989)
  face #79: 439697 cells (1.6%), bbox 986x1069 @ (1993,1686)
  face #3: 360525 cells (1.3%), bbox 922x1184 @ (1207,500)
  face #46: 357153 cells (1.3%), bbox 611x1533 @ (3260,863)
[face-cohesion] 35 clusters analysed, 10 low-cohesion (<60% in dominant face)
  cohesion histogram:
     30%- 39%: 3 clusters
     40%- 49%: 2 clusters
     50%- 59%: 5 clusters
     60%- 69%: 5 clusters
     70%- 79%: 1 clusters
    100%-100%: 19 clusters
  top 10 low-cohesion clusters (largest first):
    _louv_14: 5 members, 2 in dominant face, 4 faces total (40%)
    _louv_7: 5 members, 2 in dominant face, 3 faces total (40%)
    _louv_19: 4 members, 2 in dominant face, 2 faces total (50%)
    _louv_40: 3 members, 1 in dominant face, 3 faces total (33%)
    _louv_31: 3 members, 1 in dominant face, 3 faces total (33%)
    _louv_36: 3 members, 1 in dominant face, 3 faces total (33%)
    _louv_38: 2 members, 1 in dominant face, 2 faces total (50%)
    _louv_25: 2 members, 1 in dominant face, 2 faces total (50%)
    _louv_17: 2 members, 1 in dominant face, 2 faces total (50%)
    _louv_9: 2 members, 1 in dominant face, 2 faces total (50%)
[face-density] 151 micro-faces (size<50), top 10 hot regions (macro 64x64 cells):
  region (54,33): 22 micro-faces, world (16563,8357)-(16883,8677)
  region (21,9): 13 micro-faces, world (6005,678)-(6325,998)
  region (22,9): 11 micro-faces, world (6325,678)-(6645,998)
  region (26,48): 10 micro-faces, world (7605,13157)-(7925,13477)
  region (21,8): 8 micro-faces, world (6005,358)-(6325,678)
  region (50,38): 8 micro-faces, world (15284,9957)-(15604,10277)
  region (47,50): 7 micro-faces, world (14324,13797)-(14644,14116)
  region (25,49): 7 micro-faces, world (7285,13477)-(7605,13797)
  region (63,45): 7 micro-faces, world (19443,12197)-(19763,12517)
  region (26,49): 5 micro-faces, world (7605,13477)-(7925,13797)
[face-ppm] Wrote /tmp/face-raster.ppm (3254x2181, downsampled from 6509x4363 by 2)
[face-untangle] 11 target clusters, 20 strays, 0 moved (poly cross 46 → 46, 0 fewer)
[stuck-leaf-2d] pass 1: 0 candidates, 0 moved, 0 cost units resolved.
[stuck-leaf-2d] 0 candidates, 0 moved, 0 cost units resolved (poly cross 46 → 46, 0 fewer)
[hot-region-sa] 0 hot cells (≥4 cross, 46 cross pts), top 0 processed, 0/0 swap accepted (cross 46 → 46, 0 fewer)
