[community] algorithm=louvain communities=24 meta=4
[hub-bias] Super-graph: pushed 3 high-deg cluster roots to 1.4x avgR.
[cg-time] 1ms post-hub-bias
[cg-time] 1ms pre-§10-outward-radial
[cg-time] 1ms pre-§11-compose
[cg-time] 1ms pre-§12-pruning-reattach
[cg-time] 1ms pre-§13-cluster-swap
[cg-time] 3ms pre-§14-chain-straightening
[cg-time] 3ms pre-§15-pruned-cross-min
[§15.5] Optimized 13 alone-root+independent nodes (3 moves).
[cg-time] 3ms pre-bus-bundle
[xings-hotspot] total=14 xings across 16 offending edges (of 76)
  edge app1.M0↔app1.M2 xings=4 cluster=(?,?)
  edge app0.M10↔app3.M0 xings=3 cluster=(_louv_7,_louv_21)
  edge app2.M1↔app2.M2 xings=3 cluster=(_louv_12,?)
  edge app0.M0↔app0.M6 xings=2 cluster=(_louv_1,?)
  edge app0.M0↔app0.M10 xings=2 cluster=(_louv_1,_louv_7)
  edge app0.M0↔app0.M11 xings=2 cluster=(_louv_1,_louv_6)
  edge app0.M11↔app2.M2 xings=2 cluster=(_louv_6,?)
  edge app3.M1↔app3.M2 xings=2 cluster=(_louv_22,?)
[xings-hotspot] top cluster signatures:
  {?|_louv_1|_louv_6} xings=3
  {?|_louv_1|_louv_7} xings=2
  {?|_louv_21|_louv_22|_louv_7} xings=2
  {?|_louv_1} xings=1
  {?|_louv_12|_louv_21|_louv_22} xings=1
  {?|_louv_12|_louv_21|_louv_7} xings=1
  {?|_louv_12|_louv_22} xings=1
  {?|_louv_15|_louv_6} xings=1
[knot-min] Accepted 3 spatial swaps among 57 candidates.
[carrier-pre] 77 edges → 41 distinct carriers (cost-side filter).
[leaf-untangle] candidates=38, with-cross=4, moved=4, crossings-resolved=21.
[leaf-untangle] candidates=38, with-cross=1, moved=0, crossings-resolved=0.
[stuck-leaf-diag] 2 candidates with cost>0 (top 15 below):
  cost=4 deg=3 node=app3.M2 parent=app3.M0 nbrs={app3.M0,app3.M1,app0.M13}
  cost=3 deg=3 node=app0.M9 parent=app0.M0 nbrs={app0.M0,app0.M11,app0.Address6}
[pd-knot] 8 polyline cross pairs, 0 resolved via endpoint swap.
[xings-detour] iters=1 initial-poly-pairs=8 accepted=0 (multi-seg, density-aware, polyline detect, iterative).
[visual-knot] 8→8 cross points, 0→0 hot cells (≥3), 0 handled, 0 swap accepted.
[leaf-untangle] candidates=38, with-cross=1, moved=0, crossings-resolved=0.
[stuck-leaf-diag] 2 candidates with cost>0 (top 15 below):
  cost=4 deg=3 node=app3.M2 parent=app3.M0 nbrs={app3.M0,app3.M1,app0.M13}
  cost=3 deg=3 node=app0.M9 parent=app0.M0 nbrs={app0.M0,app0.M11,app0.Address6}
[carrier-cross] segment 8 -> carrier-grouped 7 (-12%). Carriers: 40 total (2 bundle + 22 cluster-pair + 16 individual).
[isolated-stash] Stashed 1 edge-less nodes in 6-column strip at x>=10437.
[face-raster] grid 2237x1970 (cell 5.0x5.0 units), 91 faces, 4347414 bg cells (98.7% of grid)
  face #1: 3536871 cells (81.4%), bbox 2237x1970 @ (0,0)
  face #34: 296176 cells (6.8%), bbox 1079x1021 @ (91,890)
  face #2: 112528 cells (2.6%), bbox 445x496 @ (1188,135)
  face #41: 85602 cells (2.0%), bbox 852x1011 @ (86,900)
  face #9: 73303 cells (1.7%), bbox 361x496 @ (1281,392)
  face #33: 41280 cells (0.9%), bbox 165x504 @ (1334,889)
  face #3: 36258 cells (0.8%), bbox 135x539 @ (1094,183)
  face #28: 28890 cells (0.7%), bbox 234x222 @ (1014,668)
[face-cohesion] 17 clusters analysed, 4 low-cohesion (<60% in dominant face)
  cohesion histogram:
     30%- 39%: 2 clusters
     50%- 59%: 2 clusters
     60%- 69%: 3 clusters
    100%-100%: 10 clusters
  top 4 low-cohesion clusters (largest first):
    _louv_1: 8 members, 3 in dominant face, 5 faces total (38%)
    _louv_7: 3 members, 1 in dominant face, 3 faces total (33%)
    _louv_22: 2 members, 1 in dominant face, 2 faces total (50%)
    _louv_6: 2 members, 1 in dominant face, 2 faces total (50%)
[face-density] 62 micro-faces (size<50), top 10 hot regions (macro 64x64 cells):
  region (25,6): 14 micro-faces, world (7735,1682)-(8054,2002)
  region (12,19): 8 micro-faces, world (3576,5842)-(3896,6162)
  region (22,19): 8 micro-faces, world (6775,5842)-(7095,6162)
  region (22,18): 7 micro-faces, world (6775,5522)-(7095,5842)
  region (22,21): 5 micro-faces, world (6775,6482)-(7095,6802)
  region (12,18): 4 micro-faces, world (3576,5522)-(3896,5842)
  region (13,18): 3 micro-faces, world (3896,5522)-(4216,5842)
  region (22,20): 3 micro-faces, world (6775,6162)-(7095,6482)
  region (22,17): 2 micro-faces, world (6775,5202)-(7095,5522)
  region (23,17): 2 micro-faces, world (7095,5202)-(7415,5522)
[face-ppm] Wrote /tmp/face-raster.ppm (2237x1970, downsampled from 2237x1970 by 1)
[face-untangle] 4 target clusters, 9 strays, 0 moved (poly cross 8 → 8, 0 fewer)
[stuck-leaf-2d] pass 1: 0 candidates, 0 moved, 0 cost units resolved.
[stuck-leaf-2d] 0 candidates, 0 moved, 0 cost units resolved (poly cross 8 → 8, 0 fewer)
[hot-region-sa] 0 hot cells (≥4 cross, 8 cross pts), top 0 processed, 0/0 swap accepted (cross 8 → 8, 0 fewer)
