[community] algorithm=louvain communities=39 meta=3
[hub-bias] Super-graph: pushed 3 high-deg cluster roots to 1.4x avgR.
[cg-time] 7ms post-hub-bias
[cg-time] 38ms pre-§10-outward-radial
[cg-time] 38ms pre-§11-compose
[cg-time] 38ms pre-§12-pruning-reattach
[cg-time] 38ms pre-§13-cluster-swap
[cg-time] 71ms pre-§14-chain-straightening
[cg-time] 71ms pre-§15-pruned-cross-min
[§15.5] Optimized 16 alone-root+independent nodes (9 moves).
[cg-time] 72ms pre-bus-bundle
[xings-hotspot] total=97 xings across 59 offending edges (of 138)
  edge core.Hub2↔app9.M0 xings=11 cluster=(?,_louv_33)
  edge core.Hub0↔app5.M0 xings=10 cluster=(?,_louv_23)
  edge core.Hub2↔app2.M0 xings=10 cluster=(?,_louv_13)
  edge app4.M2↔app4.M7 xings=9 cluster=(?,?)
  edge app2.M3↔app3.M2 xings=8 cluster=(?,?)
  edge app0.M7↔app7.M7 xings=7 cluster=(?,?)
  edge app7.M6↔app7.M8 xings=6 cluster=(_louv_18,?)
  edge app6.M3↔app7.M2 xings=6 cluster=(?,?)
[xings-hotspot] top cluster signatures:
  {?|_louv_13} xings=9
  {?|_louv_18} xings=7
  {?|_louv_23} xings=5
  {?|_louv_0} xings=5
  {?} xings=5
  {?|_louv_0|_louv_13} xings=4
  {?|_louv_3} xings=4
  {?|_louv_3|_louv_33} xings=3
[bundle-clear] Pushed 1 nodes off bundle bboxes.
[knot-min] Accepted 10 spatial swaps among 96 candidates.
[knot-min-2opt] Accepted 5 cross-targeted swaps.
[carrier-pre] 141 edges → 71 distinct carriers (cost-side filter).
[leaf-untangle] candidates=48, with-cross=7, moved=5, crossings-resolved=11.
[leaf-untangle] candidates=48, with-cross=2, moved=0, crossings-resolved=0.
[stuck-leaf-diag] 5 candidates with cost>0 (top 15 below):
  cost=9 deg=2 node=app5.M6 parent=app5.M0 nbrs={app5.M0,app5.Tag23}
  cost=6 deg=2 node=app5.M13 parent=app5.M0 nbrs={app5.M0,app5.M9}
  cost=6 deg=2 node=app9.M5 parent=app9.M0 nbrs={app9.M0,app9.M9}
  cost=2 deg=3 node=app6.M1 parent=app6.M0 nbrs={app6.M0,app6.M3,app6.M2}
  cost=1 deg=2 node=app1.M2 parent=app3.M0 nbrs={app1.M0,app3.M0}
[pd-knot] 72 polyline cross pairs, 1 resolved via endpoint swap.
[xings-detour] iters=2 initial-poly-pairs=74 accepted=1 (multi-seg, density-aware, polyline detect, iterative).
[visual-knot] 69→69 cross points, 3→3 hot cells (≥3), 3 handled, 0 swap accepted.
[leaf-untangle] candidates=48, with-cross=4, moved=2, crossings-resolved=2.
[leaf-untangle] candidates=48, with-cross=2, moved=0, crossings-resolved=0.
[stuck-leaf-diag] 5 candidates with cost>0 (top 15 below):
  cost=9 deg=2 node=app5.M6 parent=app5.M0 nbrs={app5.M0,app5.Tag23}
  cost=6 deg=2 node=app5.M13 parent=app5.M0 nbrs={app5.M0,app5.M9}
  cost=6 deg=2 node=app9.M5 parent=app9.M0 nbrs={app9.M0,app9.M9}
  cost=2 deg=3 node=app6.M1 parent=app6.M0 nbrs={app6.M0,app6.M3,app6.M2}
  cost=1 deg=2 node=app1.M2 parent=app3.M0 nbrs={app1.M0,app3.M0}
[carrier-cross] segment 70 -> carrier-grouped 52 (-26%). Carriers: 69 total (2 bundle + 43 cluster-pair + 24 individual).
[isolated-stash] Stashed 3 edge-less nodes in 6-column strip at x>=44296.
[face-raster] grid 9399x8428 (cell 5.0x5.0 units), 215 faces, 79023416 bg cells (99.8% of grid)
  face #1: 52410958 cells (66.3%), bbox 9399x8428 @ (0,0)
  face #12: 7944720 cells (10.1%), bbox 4767x6561 @ (221,285)
  face #180: 3331003 cells (4.2%), bbox 2037x2754 @ (2640,5448)
  face #37: 1319699 cells (1.7%), bbox 1654x1761 @ (2211,2613)
  face #15: 1090383 cells (1.4%), bbox 2318x2899 @ (2238,1405)
  face #4: 982498 cells (1.2%), bbox 713x2481 @ (5144,189)
  face #79: 602360 cells (0.8%), bbox 1615x801 @ (2225,3913)
  face #80: 602075 cells (0.8%), bbox 1131x1032 @ (3611,3924)
[face-cohesion] 25 clusters analysed, 11 low-cohesion (<60% in dominant face)
  cohesion histogram:
     20%- 29%: 1 clusters
     30%- 39%: 2 clusters
     50%- 59%: 8 clusters
     60%- 69%: 2 clusters
     70%- 79%: 1 clusters
    100%-100%: 11 clusters
  top 10 low-cohesion clusters (largest first):
    _louv_33: 6 members, 3 in dominant face, 3 faces total (50%)
    _louv_17: 4 members, 2 in dominant face, 2 faces total (50%)
    _louv_20: 4 members, 2 in dominant face, 3 faces total (50%)
    _louv_3: 4 members, 1 in dominant face, 4 faces total (25%)
    _louv_10: 3 members, 1 in dominant face, 3 faces total (33%)
    _louv_13: 3 members, 1 in dominant face, 3 faces total (33%)
    _louv_0: 2 members, 1 in dominant face, 2 faces total (50%)
    _louv_18: 2 members, 1 in dominant face, 2 faces total (50%)
    _louv_36: 2 members, 1 in dominant face, 2 faces total (50%)
    _louv_2: 2 members, 1 in dominant face, 2 faces total (50%)
[face-density] 90 micro-faces (size<50), top 10 hot regions (macro 64x64 cells):
  region (34,67): 12 micro-faces, world (9928,20581)-(10248,20901)
  region (46,40): 11 micro-faces, world (13767,11941)-(14087,12261)
  region (87,65): 6 micro-faces, world (26887,19941)-(27207,20261)
  region (74,80): 6 micro-faces, world (22727,24741)-(23047,25061)
  region (83,72): 6 micro-faces, world (25607,22181)-(25927,22501)
  region (91,3): 6 micro-faces, world (28167,102)-(28487,422)
  region (41,106): 5 micro-faces, world (12168,33061)-(12488,33381)
  region (74,79): 4 micro-faces, world (22727,24421)-(23047,24741)
  region (71,22): 3 micro-faces, world (21767,6181)-(22087,6501)
  region (86,58): 3 micro-faces, world (26567,17701)-(26887,18021)
[face-ppm] Wrote /tmp/face-raster.ppm (2349x2107, downsampled from 9399x8428 by 4)
[face-untangle] 11 target clusters, 18 strays, 0 moved (poly cross 68 → 68, 0 fewer)
[stuck-leaf-2d] pass 1: 0 candidates, 0 moved, 0 cost units resolved.
[stuck-leaf-2d] 0 candidates, 0 moved, 0 cost units resolved (poly cross 68 → 68, 0 fewer)
[hot-region-sa] 0 hot cells (≥4 cross, 68 cross pts), top 0 processed, 0/0 swap accepted (cross 68 → 68, 0 fewer)
