[community] algorithm=louvain communities=15 meta=3
[hub-bias] Super-graph: pushed 2 high-deg cluster roots to 1.4x avgR.
[cg-time] 0ms post-hub-bias
[cg-time] 0ms pre-§10-outward-radial
[cg-time] 0ms pre-§11-compose
[cg-time] 0ms pre-§12-pruning-reattach
[cg-time] 0ms pre-§13-cluster-swap
[cg-time] 1ms pre-§14-chain-straightening
[cg-time] 1ms pre-§15-pruned-cross-min
[§15.5] Optimized 6 alone-root+independent nodes (0 moves).
[cg-time] 1ms pre-bus-bundle
[bus-bundle] Created 1 bus bundles (2 members, sig ≥ 2 roots).
[xings-hotspot] total=0 xings across 0 offending edges (of 44)
[xings-hotspot] top cluster signatures:
[knot-min] Accepted 2 spatial swaps among 38 candidates.
[carrier-pre] 44 edges → 22 distinct carriers (cost-side filter).
[leaf-untangle] candidates=32, with-cross=11, moved=11, crossings-resolved=42.
[leaf-untangle] candidates=32, with-cross=4, moved=3, crossings-resolved=7.
[leaf-untangle] candidates=32, with-cross=1, moved=1, crossings-resolved=1.
[leaf-untangle] candidates=32, with-cross=1, moved=0, crossings-resolved=0.
[stuck-leaf-diag] 3 candidates with cost>0 (top 15 below):
  cost=9 deg=3 node=app0.M5 parent=app0.M0 nbrs={app0.M0,app0.M2,app0.File2}
  cost=3 deg=3 node=app1.M1 parent=app1.M0 nbrs={app1.M0,app1.M9,app1.Address7}
  cost=3 deg=1 node=app0.File3 parent=app0.M0 nbrs={app0.M0}
[pd-knot] 0 polyline cross pairs, 0 resolved via endpoint swap.
[xings-detour] iters=1 initial-poly-pairs=0 accepted=0 (multi-seg, density-aware, polyline detect, iterative).
[visual-knot] 0→0 cross points, 0→0 hot cells (≥3), 0 handled, 0 swap accepted.
[leaf-untangle] candidates=32, with-cross=1, moved=0, crossings-resolved=0.
[stuck-leaf-diag] 3 candidates with cost>0 (top 15 below):
  cost=9 deg=3 node=app0.M5 parent=app0.M0 nbrs={app0.M0,app0.M2,app0.File2}
  cost=3 deg=3 node=app1.M1 parent=app1.M0 nbrs={app1.M0,app1.M9,app1.Address7}
  cost=3 deg=1 node=app0.File3 parent=app0.M0 nbrs={app0.M0}
[carrier-cross] segment 0 -> carrier-grouped 0 (-0%). Carriers: 23 total (2 bundle + 10 cluster-pair + 11 individual).
[isolated-stash] Stashed 1 edge-less nodes in 6-column strip at x>=5483.
[face-raster] grid 1228x1056 (cell 5.0x5.0 units), 30 faces, 1264009 bg cells (97.5% of grid)
  face #1: 1255545 cells (99.3%), bbox 1228x1056 @ (0,0)
  face #15: 2326 cells (0.2%), bbox 64x126 @ (166,447)
  face #2: 2157 cells (0.2%), bbox 61x89 @ (171,184)
  face #5: 1017 cells (0.1%), bbox 44x63 @ (206,197)
  face #7: 474 cells (0.0%), bbox 34x44 @ (245,216)
  face #12: 470 cells (0.0%), bbox 22x52 @ (198,348)
  face #11: 370 cells (0.0%), bbox 15x36 @ (224,309)
  face #14: 303 cells (0.0%), bbox 27x98 @ (172,447)
[face-cohesion] 11 clusters analysed, 1 low-cohesion (<60% in dominant face)
  cohesion histogram:
     40%- 49%: 1 clusters
     60%- 69%: 1 clusters
     70%- 79%: 1 clusters
    100%-100%: 8 clusters
  top 1 low-cohesion clusters (largest first):
    _louv_1: 5 members, 2 in dominant face, 4 faces total (40%)
[face-density] 14 micro-faces (size<50), top 10 hot regions (macro 64x64 cells):
  region (2,8): 7 micro-faces, world (399,2409)-(719,2729)
  region (11,14): 2 micro-faces, world (3277,4328)-(3597,4648)
  region (11,15): 2 micro-faces, world (3277,4648)-(3597,4968)
  region (2,2): 1 micro-faces, world (399,490)-(719,810)
  region (3,4): 1 micro-faces, world (719,1130)-(1038,1450)
  region (3,6): 1 micro-faces, world (719,1769)-(1038,2089)
[face-ppm] Wrote /tmp/face-raster.ppm (1228x1056, downsampled from 1228x1056 by 1)
[face-untangle] 1 target clusters, 3 strays, 0 moved (poly cross 0 → 0, 0 fewer)
[stuck-leaf-2d] pass 1: 0 candidates, 0 moved, 0 cost units resolved.
[stuck-leaf-2d] 0 candidates, 0 moved, 0 cost units resolved (poly cross 0 → 0, 0 fewer)
[hot-region-sa] 0 hot cells (≥4 cross, 0 cross pts), top 0 processed, 0/0 swap accepted (cross 0 → 0, 0 fewer)
