[community] algorithm=louvain communities=20 meta=3
[hub-bias] Super-graph: pushed 2 high-deg cluster roots to 1.4x avgR.
[cg-time] 2ms post-hub-bias
[cg-time] 2ms pre-§10-outward-radial
[cg-time] 2ms pre-§11-compose
[cg-time] 2ms pre-§12-pruning-reattach
[cg-time] 2ms pre-§13-cluster-swap
[cg-time] 12ms pre-§14-chain-straightening
[cg-time] 12ms pre-§15-pruned-cross-min
[§15.5] Optimized 4 alone-root+independent nodes (0 moves).
[cg-time] 12ms pre-bus-bundle
[bus-bundle] Created 1 bus bundles (2 members, sig ≥ 2 roots).
[xings-hotspot] total=23 xings across 24 offending edges (of 75)
  edge app2.M1↔app4.M11 xings=5 cluster=(_louv_4,_louv_11)
  edge app3.M0↔app3.M7 xings=4 cluster=(_louv_13,?)
  edge app2.M3↔app2.M4 xings=4 cluster=(_louv_1,_louv_1)
  edge app0.M0↔app1.M0 xings=3 cluster=(_louv_0,_louv_2)
  edge app0.M0↔app3.M9 xings=3 cluster=(_louv_0,?)
  edge app0.M0↔app4.M0 xings=3 cluster=(_louv_0,_louv_17)
  edge app2.M10↔app4.M11 xings=3 cluster=(?,_louv_11)
  edge app4.M9↔app4.M11 xings=2 cluster=(?,_louv_11)
[xings-hotspot] top cluster signatures:
  {?|_louv_1} xings=3
  {?|_louv_0|_louv_11|_louv_17} xings=2
  {?|_louv_13|_louv_2} xings=2
  {?|_louv_13|_louv_2|_louv_7} xings=2
  {?|_louv_0|_louv_11} xings=1
  {?|_louv_0|_louv_11|_louv_2} xings=1
  {?|_louv_0|_louv_11|_louv_4} xings=1
  {?|_louv_0|_louv_13|_louv_2} xings=1
[knot-min] Accepted 12 spatial swaps among 56 candidates.
[carrier-pre] 77 edges → 42 distinct carriers (cost-side filter).
[leaf-untangle] candidates=36, with-cross=11, moved=7, crossings-resolved=18.
[leaf-untangle] candidates=36, with-cross=5, moved=0, crossings-resolved=0.
[stuck-leaf-diag] 6 candidates with cost>0 (top 15 below):
  cost=3 deg=3 node=app0.M1 parent=app1.M1 nbrs={app1.M1,app2.M4,app2.M3}
  cost=3 deg=2 node=app1.M7 parent=app4.M0 nbrs={app1.File0,app4.M0}
  cost=3 deg=3 node=app2.M3 parent=app2.M0 nbrs={app2.M0,app2.M4,app0.M1}
  cost=3 deg=3 node=app2.M4 parent=app2.M0 nbrs={app2.M0,app2.M3,app0.M1}
  cost=1 deg=3 node=app2.M9 parent=app2.M0 nbrs={app2.M0,app2.M1,app1.M5}
  cost=1 deg=2 node=app3.M4 parent=app3.M0 nbrs={app3.M0,app4.M2}
[pd-knot] 12 polyline cross pairs, 1 resolved via endpoint swap.
[xings-detour] iters=2 initial-poly-pairs=9 accepted=1 (multi-seg, density-aware, polyline detect, iterative).
[visual-knot] 8→8 cross points, 0→0 hot cells (≥3), 0 handled, 0 swap accepted.
[leaf-untangle] candidates=36, with-cross=6, moved=1, crossings-resolved=8.
[leaf-untangle] candidates=36, with-cross=5, moved=0, crossings-resolved=0.
[stuck-leaf-diag] 6 candidates with cost>0 (top 15 below):
  cost=3 deg=3 node=app0.M1 parent=app1.M1 nbrs={app1.M1,app2.M4,app2.M3}
  cost=3 deg=2 node=app1.M7 parent=app4.M0 nbrs={app1.File0,app4.M0}
  cost=3 deg=3 node=app2.M3 parent=app2.M0 nbrs={app2.M0,app2.M4,app0.M1}
  cost=3 deg=3 node=app2.M4 parent=app2.M0 nbrs={app2.M0,app2.M3,app0.M1}
  cost=1 deg=3 node=app2.M9 parent=app2.M0 nbrs={app2.M0,app2.M1,app1.M5}
  cost=1 deg=2 node=app3.M4 parent=app3.M0 nbrs={app3.M0,app4.M2}
[carrier-cross] segment 8 -> carrier-grouped 7 (-12%). Carriers: 43 total (2 bundle + 26 cluster-pair + 15 individual).
[isolated-stash] Stashed 1 edge-less nodes in 6-column strip at x>=6195.
[face-raster] grid 1362x1477 (cell 5.0x5.0 units), 150 faces, 1958047 bg cells (97.3% of grid)
  face #1: 1393083 cells (71.1%), bbox 1362x1477 @ (0,0)
  face #135: 97759 cells (5.0%), bbox 804x272 @ (95,1123)
  face #13: 86861 cells (4.4%), bbox 546x333 @ (259,556)
  face #89: 83711 cells (4.3%), bbox 426x451 @ (536,851)
  face #105: 65708 cells (3.4%), bbox 393x435 @ (85,955)
  face #90: 39919 cells (2.0%), bbox 252x471 @ (819,851)
  face #86: 39225 cells (2.0%), bbox 509x202 @ (283,844)
  face #107: 22716 cells (1.2%), bbox 608x330 @ (340,973)
[face-cohesion] 15 clusters analysed, 8 low-cohesion (<60% in dominant face)
  cohesion histogram:
     20%- 29%: 2 clusters
     30%- 39%: 1 clusters
     50%- 59%: 5 clusters
     60%- 69%: 1 clusters
     80%- 89%: 1 clusters
    100%-100%: 5 clusters
  top 8 low-cohesion clusters (largest first):
    _louv_1: 5 members, 1 in dominant face, 5 faces total (20%)
    _louv_0: 4 members, 1 in dominant face, 4 faces total (25%)
    _louv_13: 3 members, 1 in dominant face, 3 faces total (33%)
    _louv_15: 2 members, 1 in dominant face, 2 faces total (50%)
    _louv_3: 2 members, 1 in dominant face, 2 faces total (50%)
    _louv_8: 2 members, 1 in dominant face, 2 faces total (50%)
    _louv_7: 2 members, 1 in dominant face, 2 faces total (50%)
    _louv_2: 2 members, 1 in dominant face, 2 faces total (50%)
[face-density] 105 micro-faces (size<50), top 10 hot regions (macro 64x64 cells):
  region (4,10): 16 micro-faces, world (1100,3009)-(1420,3329)
  region (5,15): 15 micro-faces, world (1420,4608)-(1740,4928)
  region (4,9): 14 micro-faces, world (1100,2689)-(1420,3009)
  region (3,11): 13 micro-faces, world (781,3329)-(1100,3648)
  region (7,17): 10 micro-faces, world (2060,5248)-(2380,5568)
  region (3,12): 7 micro-faces, world (781,3648)-(1100,3968)
  region (5,8): 5 micro-faces, world (1420,2369)-(1740,2689)
  region (4,11): 5 micro-faces, world (1100,3329)-(1420,3648)
  region (16,18): 4 micro-faces, world (4939,5568)-(5259,5887)
  region (5,9): 3 micro-faces, world (1420,2689)-(1740,3009)
[face-ppm] Wrote /tmp/face-raster.ppm (1362x1477, downsampled from 1362x1477 by 1)
[face-untangle] 6 target clusters, 7 strays, 1 moved (poly cross 8 → 8, 0 fewer)
[stuck-leaf-2d] pass 1: 0 candidates, 0 moved, 0 cost units resolved.
[stuck-leaf-2d] 0 candidates, 0 moved, 0 cost units resolved (poly cross 8 → 8, 0 fewer)
[hot-region-sa] 1 hot cells (≥4 cross, 8 cross pts), top 1 processed, 6/169 swap accepted (cross 8 → 8, 0 fewer)
