[community] algorithm=louvain communities=60 meta=3
[hub-bias] Super-graph: pushed 2 high-deg cluster roots to 1.4x avgR.
[cg-time] 4ms post-hub-bias
[cg-time] 39ms pre-§10-outward-radial
[cg-time] 39ms pre-§11-compose
[cg-time] 39ms pre-§12-pruning-reattach
[cg-time] 39ms pre-§13-cluster-swap
[cg-time] 160ms pre-§14-chain-straightening
[cg-time] 160ms pre-§15-pruned-cross-min
[§15.5] Optimized 17 alone-root+independent nodes (7 moves).
[cg-time] 163ms pre-bus-bundle
[xings-hotspot] total=140 xings across 81 offending edges (of 184)
  edge app4.M5↔app7.M2 xings=12 cluster=(?,_louv_39)
  edge app6.M3↔app13.M11 xings=11 cluster=(_louv_35,?)
  edge app11.M0↔app11.M6 xings=11 cluster=(_louv_47,?)
  edge app6.M0↔app6.M6 xings=10 cluster=(?,_louv_37)
  edge app2.M0↔app2.M5 xings=9 cluster=(_louv_17,_louv_21)
  edge core.Hub0↔app10.M0 xings=9 cluster=(?,_louv_45)
  edge app0.M0↔app0.M3 xings=9 cluster=(_louv_1,?)
  edge app7.M0↔app12.M4 xings=9 cluster=(_louv_39,_louv_52)
[xings-hotspot] top cluster signatures:
  {?|_louv_41|_louv_47} xings=9
  {?|_louv_1|_louv_40} xings=5
  {?|_louv_21|_louv_47} xings=4
  {?|_louv_21|_louv_41} xings=4
  {?|_louv_52} xings=4
  {?|_louv_41} xings=4
  {?|_louv_47} xings=4
  {?|_louv_34|_louv_6} xings=3
[knot-min] Accepted 37 spatial swaps among 152 candidates.
[carrier-pre] 191 edges → 118 distinct carriers (cost-side filter).
[leaf-untangle] candidates=87, with-cross=36, moved=32, crossings-resolved=117.
[leaf-untangle] candidates=87, with-cross=22, moved=11, crossings-resolved=39.
[leaf-untangle] candidates=87, with-cross=24, moved=11, crossings-resolved=25.
[leaf-untangle] candidates=87, with-cross=19, moved=4, crossings-resolved=10.
[stuck-leaf-diag] 14 candidates with cost>0 (top 15 below):
  cost=8 deg=3 node=app2.M11 parent=app2.M0 nbrs={app2.M0,app2.M6,app12.M4}
  cost=6 deg=2 node=app6.M7 parent=app10.M0 nbrs={app6.M3,app10.M0}
  cost=6 deg=3 node=app11.M6 parent=app11.M0 nbrs={app11.M0,app11.M4,app9.M1}
  cost=5 deg=2 node=app6.M3 parent=app13.M11 nbrs={app6.M7,app13.M11}
  cost=3 deg=2 node=app1.M4 parent=app1.M0 nbrs={app1.M0,app1.M2}
  cost=3 deg=3 node=app2.M12 parent=app2.M0 nbrs={app2.M0,app2.Asset20,app2.M6}
  cost=3 deg=2 node=app11.M4 parent=app11.M0 nbrs={app11.M0,app11.M6}
  cost=2 deg=3 node=app12.M2 parent=app12.M4 nbrs={app12.M0,app12.M4,app12.M5}
  cost=2 deg=3 node=app12.M5 parent=app12.M4 nbrs={app12.M0,app12.M4,app12.M2}
  cost=1 deg=3 node=app2.M6 parent=app2.M0 nbrs={app2.M11,app2.M12,app2.M0}
  cost=1 deg=2 node=app2.M9 parent=app2.M13 nbrs={app2.M13,app12.M1}
  cost=1 deg=2 node=app6.M4 parent=app8.M3 nbrs={app6.Tag8,app8.M3}
  cost=1 deg=2 node=app11.M3 parent=app11.M1 nbrs={app11.M1,app11.Log6}
  cost=1 deg=2 node=app12.M1 parent=app7.M0 nbrs={app2.M9,app7.M0}
[pd-knot] 73 polyline cross pairs, 7 resolved via endpoint swap.
[xings-detour] iters=2 initial-poly-pairs=78 accepted=6 (multi-seg, density-aware, polyline detect, iterative).
[visual-knot] 68→64 cross points, 8→4 hot cells (≥3), 12 handled, 2 swap accepted.
[leaf-untangle] candidates=87, with-cross=19, moved=5, crossings-resolved=17.
[leaf-untangle] candidates=87, with-cross=15, moved=2, crossings-resolved=6.
[leaf-untangle] candidates=87, with-cross=13, moved=0, crossings-resolved=0.
[stuck-leaf-diag] 13 candidates with cost>0 (top 15 below):
  cost=7 deg=3 node=app2.M11 parent=app2.M0 nbrs={app2.M0,app2.M6,app12.M4}
  cost=6 deg=2 node=app6.M7 parent=app10.M0 nbrs={app6.M3,app10.M0}
  cost=5 deg=2 node=app6.M3 parent=app13.M11 nbrs={app6.M7,app13.M11}
  cost=4 deg=3 node=app2.M12 parent=app2.M0 nbrs={app2.M0,app2.Asset20,app2.M6}
  cost=4 deg=3 node=app11.M6 parent=app11.M0 nbrs={app11.M0,app11.M4,app9.M1}
  cost=2 deg=2 node=app11.M4 parent=app11.M0 nbrs={app11.M0,app11.M6}
  cost=2 deg=3 node=app12.M2 parent=app12.M4 nbrs={app12.M0,app12.M4,app12.M5}
  cost=2 deg=3 node=app12.M5 parent=app12.M4 nbrs={app12.M0,app12.M4,app12.M2}
  cost=1 deg=3 node=app2.M6 parent=app2.M0 nbrs={app2.M11,app2.M12,app2.M0}
  cost=1 deg=2 node=app2.M9 parent=app2.M13 nbrs={app2.M13,app12.M1}
  cost=1 deg=2 node=app6.M4 parent=app8.M3 nbrs={app6.Tag8,app8.M3}
  cost=1 deg=2 node=app11.M3 parent=app11.M1 nbrs={app11.M1,app11.Log6}
  cost=1 deg=2 node=app12.M1 parent=app7.M0 nbrs={app2.M9,app7.M0}
[isolated-stash] Stashed 5 edge-less nodes in 6-column strip at x>=11669.
[face-raster] grid 2707x2337 (cell 5.0x5.0 units), 365 faces, 6178606 bg cells (97.7% of grid)
  face #1: 4042647 cells (65.4%), bbox 2707x2337 @ (0,0)
  face #3: 526281 cells (8.5%), bbox 824x1261 @ (1486,76)
  face #89: 200980 cells (3.3%), bbox 504x1143 @ (1577,821)
  face #317: 171271 cells (2.8%), bbox 914x871 @ (542,1332)
  face #327: 111952 cells (1.8%), bbox 993x819 @ (469,1408)
  face #12: 88144 cells (1.4%), bbox 330x442 @ (983,450)
  face #8: 82191 cells (1.3%), bbox 464x526 @ (1306,215)
  face #208: 68077 cells (1.1%), bbox 310x582 @ (1237,1157)
[face-cohesion] 37 clusters analysed, 13 low-cohesion (<60% in dominant face)
  cohesion histogram:
     20%- 29%: 1 clusters
     30%- 39%: 3 clusters
     40%- 49%: 1 clusters
     50%- 59%: 8 clusters
     60%- 69%: 3 clusters
     70%- 79%: 2 clusters
    100%-100%: 19 clusters
  top 10 low-cohesion clusters (largest first):
    _louv_1: 5 members, 2 in dominant face, 3 faces total (40%)
    _louv_41: 4 members, 1 in dominant face, 4 faces total (25%)
    _louv_17: 4 members, 2 in dominant face, 3 faces total (50%)
    _louv_47: 3 members, 1 in dominant face, 3 faces total (33%)
    _louv_39: 3 members, 1 in dominant face, 3 faces total (33%)
    _louv_37: 3 members, 1 in dominant face, 3 faces total (33%)
    _louv_40: 2 members, 1 in dominant face, 2 faces total (50%)
    _louv_28: 2 members, 1 in dominant face, 2 faces total (50%)
    _louv_24: 2 members, 1 in dominant face, 2 faces total (50%)
    _louv_14: 2 members, 1 in dominant face, 2 faces total (50%)
[face-density] 220 micro-faces (size<50), top 10 hot regions (macro 64x64 cells):
  region (9,19): 31 micro-faces, world (2571,5795)-(2891,6115)
  region (26,18): 14 micro-faces, world (8009,5475)-(8329,5795)
  region (20,12): 13 micro-faces, world (6090,3555)-(6410,3875)
  region (16,17): 13 micro-faces, world (4810,5155)-(5130,5475)
  region (9,20): 12 micro-faces, world (2571,6115)-(2891,6435)
  region (24,7): 11 micro-faces, world (7370,1956)-(7689,2276)
  region (14,22): 10 micro-faces, world (4170,6755)-(4490,7075)
  region (13,15): 10 micro-faces, world (3851,4515)-(4170,4835)
  region (26,19): 9 micro-faces, world (8009,5795)-(8329,6115)
  region (23,18): 8 micro-faces, world (7050,5475)-(7370,5795)
[face-ppm] Wrote /tmp/face-raster.ppm (2707x2337, downsampled from 2707x2337 by 1)
[face-untangle] 12 target clusters, 18 strays, 1 moved (poly cross 68 → 67, 1 fewer)
[stuck-leaf-2d] pass 1: 0 candidates, 0 moved, 0 cost units resolved.
[stuck-leaf-2d] 0 candidates, 0 moved, 0 cost units resolved (poly cross 67 → 67, 0 fewer)
[hot-region-sa] 7 hot cells (≥4 cross, 67 cross pts), top 5 processed, 58/867 swap accepted (cross 67 → 66, 1 fewer)
