[community] algorithm=louvain communities=80 meta=3
[hub-bias] Super-graph: pushed 6 high-deg cluster roots to 1.4x avgR.
[cg-time] 23ms post-hub-bias
[cg-time] 918ms pre-§10-outward-radial
[cg-time] 918ms pre-§11-compose
[cg-time] 918ms pre-§12-pruning-reattach
[cg-time] 918ms pre-§13-cluster-swap
[cg-time] 1275ms pre-§14-chain-straightening
[cg-time] 1275ms pre-§15-pruned-cross-min
[§15.5] Optimized 26 alone-root+independent nodes (12 moves).
[cg-time] 1279ms pre-bus-bundle
[bus-bundle] Created 2 bus bundles (4 members, sig ≥ 2 roots).
[xings-hotspot] total=323 xings across 130 offending edges (of 259)
  edge app3.M2↔app17.M4 xings=21 cluster=(?,?)
  edge app5.M1↔app5.M6 xings=17 cluster=(?,?)
  edge app6.M0↔app6.M3 xings=16 cluster=(_louv_34,_louv_36)
  edge core.Hub1↔app10.M0 xings=16 cluster=(?,?)
  edge app2.M3↔app13.M12 xings=15 cluster=(?,?)
  edge app9.M0↔app9.M7 xings=14 cluster=(?,?)
  edge app1.M4↔app2.M0 xings=14 cluster=(?,_louv_10)
  edge core.Hub0↔app5.M0 xings=13 cluster=(_louv_0,_louv_29)
[xings-hotspot] top cluster signatures:
  {?} xings=22
  {?|_louv_10} xings=14
  {?|_louv_8} xings=12
  {?|_louv_0} xings=8
  {?|_louv_34|_louv_36} xings=7
  {?|_louv_2} xings=6
  {?|_louv_0|_louv_29} xings=6
  {?|_louv_34} xings=5
[knot-min] Accepted 21 spatial swaps among 189 candidates.
[knot-min-2opt] Accepted 22 cross-targeted swaps.
[carrier-pre] 261 edges → 168 distinct carriers (cost-side filter).
[leaf-untangle] candidates=120, with-cross=57, moved=42, crossings-resolved=140.
[leaf-untangle] candidates=120, with-cross=26, moved=7, crossings-resolved=18.
[leaf-untangle] candidates=120, with-cross=22, moved=2, crossings-resolved=5.
[leaf-untangle] candidates=120, with-cross=22, moved=0, crossings-resolved=0.
[stuck-leaf-diag] 28 candidates with cost>0 (top 15 below):
  cost=13 deg=3 node=app3.M1 parent=app3.M0 nbrs={app3.M0,app3.M2,app1.M0}
  cost=10 deg=3 node=app15.M2 parent=app15.M0 nbrs={app15.M0,app15.M1,app6.M5}
  cost=9 deg=2 node=app8.M7 parent=app8.M0 nbrs={app8.M0,app17.M8}
  cost=9 deg=3 node=app18.M12 parent=app18.M0 nbrs={app18.M0,app18.M8,app9.M8}
  cost=9 deg=2 node=app13.M4 parent=app13.M0 nbrs={app13.M0,app10.M4}
  cost=7 deg=2 node=app0.M6 parent=app0.M0 nbrs={app0.M0,app0.M9}
  cost=6 deg=1 node=app11.Note17 parent=app11.M7 nbrs={app11.M7}
  cost=6 deg=2 node=app14.M1 parent=app14.M0 nbrs={app14.M0,app6.M2}
  cost=5 deg=2 node=app6.M2 parent=app6.M0 nbrs={app6.M0,app14.M1}
  cost=5 deg=2 node=app14.M5 parent=app14.M0 nbrs={app14.M0,app14.M3}
  cost=5 deg=2 node=app17.M2 parent=app17.M4 nbrs={app17.M4,app16.M0}
  cost=4 deg=3 node=app1.M5 parent=app1.M0 nbrs={app1.M0,app1.M1,app5.M0}
  cost=4 deg=3 node=app2.M2 parent=app2.M0 nbrs={app2.M0,app2.M3,app0.M0}
  cost=4 deg=2 node=app16.M5 parent=app16.M0 nbrs={app16.M0,app16.Log21}
  cost=4 deg=2 node=app17.M8 parent=app17.M0 nbrs={app17.M0,app8.M7}
[pd-knot] 237 polyline cross pairs, 6 resolved via endpoint swap.
[xings-detour] iters=2 initial-poly-pairs=233 accepted=4 (multi-seg, density-aware, polyline detect, iterative).
[visual-knot] 227→227 cross points, 9→9 hot cells (≥3), 9 handled, 0 swap accepted.
[leaf-untangle] candidates=120, with-cross=28, moved=11, crossings-resolved=27.
[leaf-untangle] candidates=120, with-cross=21, moved=0, crossings-resolved=0.
[stuck-leaf-diag] 27 candidates with cost>0 (top 15 below):
  cost=11 deg=3 node=app3.M1 parent=app3.M0 nbrs={app3.M0,app3.M2,app1.M0}
  cost=10 deg=3 node=app15.M2 parent=app15.M0 nbrs={app15.M0,app15.M1,app6.M5}
  cost=9 deg=2 node=app8.M7 parent=app8.M0 nbrs={app8.M0,app17.M8}
  cost=9 deg=3 node=app18.M12 parent=app18.M0 nbrs={app18.M0,app18.M8,app9.M8}
  cost=9 deg=2 node=app13.M4 parent=app13.M0 nbrs={app13.M0,app10.M4}
  cost=7 deg=2 node=app0.M6 parent=app0.M0 nbrs={app0.M0,app0.M9}
  cost=6 deg=3 node=app1.M5 parent=app1.M0 nbrs={app1.M0,app1.M1,app5.M0}
  cost=6 deg=1 node=app11.Note17 parent=app11.M7 nbrs={app11.M7}
  cost=6 deg=2 node=app14.M1 parent=app14.M0 nbrs={app14.M0,app6.M2}
  cost=5 deg=2 node=app14.M3 parent=app7.M1 nbrs={app14.M5,app7.M1}
  cost=4 deg=3 node=app18.M7 parent=app18.M0 nbrs={app18.M0,app18.M4,app11.M1}
  cost=4 deg=3 node=app2.M2 parent=app2.M0 nbrs={app2.M0,app2.M3,app0.M0}
  cost=4 deg=2 node=app6.M2 parent=app6.M0 nbrs={app6.M0,app14.M1}
  cost=4 deg=2 node=app14.M5 parent=app14.M0 nbrs={app14.M0,app14.M3}
  cost=4 deg=2 node=app16.M5 parent=app16.M0 nbrs={app16.M0,app16.Log21}
[carrier-cross] segment 228 -> carrier-grouped 194 (-15%). Carriers: 165 total (6 bundle + 110 cluster-pair + 49 individual).
[isolated-stash] Stashed 6 edge-less nodes in 6-column strip at x>=71862.
[face-raster] grid 11584x8632 (cell 7.7x7.7 units), 840 faces, 99732386 bg cells (99.7% of grid)
  face #1: 64128926 cells (64.3%), bbox 11584x8632 @ (0,0)
  face #731: 7470921 cells (7.5%), bbox 4866x3346 @ (1891,5103)
  face #606: 2616196 cells (2.6%), bbox 4231x1625 @ (1887,4465)
  face #18: 2383469 cells (2.4%), bbox 2342x2983 @ (4122,1474)
  face #13: 2162414 cells (2.2%), bbox 2373x1840 @ (4122,1424)
  face #758: 1997549 cells (2.0%), bbox 2799x1650 @ (6744,5304)
  face #324: 1826313 cells (1.8%), bbox 1776x2325 @ (8890,3214)
  face #668: 1275081 cells (1.3%), bbox 1418x2213 @ (6740,4718)
[face-cohesion] 50 clusters analysed, 21 low-cohesion (<60% in dominant face)
  cohesion histogram:
     20%- 29%: 2 clusters
     30%- 39%: 6 clusters
     50%- 59%: 13 clusters
     60%- 69%: 4 clusters
     80%- 89%: 2 clusters
    100%-100%: 23 clusters
  top 10 low-cohesion clusters (largest first):
    _louv_77: 7 members, 2 in dominant face, 5 faces total (29%)
    _louv_75: 4 members, 1 in dominant face, 4 faces total (25%)
    _louv_10: 4 members, 2 in dominant face, 3 faces total (50%)
    _louv_72: 4 members, 2 in dominant face, 3 faces total (50%)
    _louv_70: 4 members, 2 in dominant face, 2 faces total (50%)
    _louv_20: 4 members, 2 in dominant face, 3 faces total (50%)
    _louv_8: 3 members, 1 in dominant face, 3 faces total (33%)
    _louv_50: 3 members, 1 in dominant face, 3 faces total (33%)
    _louv_38: 3 members, 1 in dominant face, 3 faces total (33%)
    _louv_36: 3 members, 1 in dominant face, 3 faces total (33%)
[face-density] 543 micro-faces (size<50), top 10 hot regions (macro 64x64 cells):
  region (145,30): 42 micro-faces, world (57315,13514)-(57810,14009)
  region (93,76): 24 micro-faces, world (31583,36277)-(32078,36771)
  region (101,54): 24 micro-faces, world (35542,25390)-(36036,25885)
  region (131,37): 21 micro-faces, world (50387,16978)-(50882,17472)
  region (166,86): 17 micro-faces, world (67707,41225)-(68201,41720)
  region (165,86): 17 micro-faces, world (67212,41225)-(67707,41720)
  region (146,30): 17 micro-faces, world (57810,13514)-(58305,14009)
  region (117,56): 16 micro-faces, world (43459,26380)-(43954,26875)
  region (93,75): 16 micro-faces, world (31583,35782)-(32078,36277)
  region (134,73): 15 micro-faces, world (51872,34792)-(52366,35287)
[face-ppm] Wrote /tmp/face-raster.ppm (2896x2158, downsampled from 11584x8632 by 4)
[face-untangle] 19 target clusters, 29 strays, 3 moved (poly cross 227 → 227, 0 fewer)
[stuck-leaf-2d] pass 1: 2 candidates, 2 moved, 3 cost units resolved.
[stuck-leaf-2d] pass 2: 0 candidates, 0 moved, 0 cost units resolved.
[stuck-leaf-2d] 0 candidates, 2 moved → REVERTED (poly cross 227 → 228)
[hot-region-sa] 6 hot cells (≥4 cross, 229 cross pts), top 5 processed, 115/260 swap accepted (cross 229 → 229, 0 fewer)
