[community] algorithm=louvain communities=12 meta=5
[cg-time] 1ms post-hub-bias
[cg-time] 1ms pre-§10-outward-radial
[cg-time] 1ms pre-§11-compose
[cg-time] 1ms pre-§12-pruning-reattach
[cg-time] 1ms pre-§13-cluster-swap
[cg-time] 1ms pre-§14-chain-straightening
[cg-time] 1ms pre-§15-pruned-cross-min
[§15.5] Optimized 7 alone-root+independent nodes (1 moves).
[cg-time] 1ms pre-bus-bundle
[bus-bundle] Created 1 bus bundles (2 members, sig ≥ 2 roots).
[xings-hotspot] total=13 xings across 13 offending edges (of 41)
  edge app0.M0↔app0.M1 xings=4 cluster=(_louv_2,_louv_3)
  edge app0.M1↔app1.M1 xings=3 cluster=(_louv_3,?)
  edge app0.M2↔app0.M6 xings=3 cluster=(_louv_2,_louv_2)
  edge app1.M2↔app2.M1 xings=3 cluster=(?,_louv_10)
  edge app1.M2↔app2.M9 xings=3 cluster=(?,?)
  edge app2.M1↔app2.M8 xings=2 cluster=(_louv_10,?)
  edge app2.M6↔app2.M8 xings=2 cluster=(_louv_10,?)
  edge app0.M0↔app0.M2 xings=1 cluster=(_louv_2,_louv_2)
[xings-hotspot] top cluster signatures:
  {?|_louv_10|_louv_2} xings=3
  {?|_louv_10|_louv_2|_louv_3} xings=2
  {?|_louv_10|_louv_3} xings=2
  {_louv_2|_louv_3} xings=2
  {?|_louv_1|_louv_2} xings=1
  {?|_louv_2} xings=1
  {?|_louv_3} xings=1
  {_louv_2} xings=1
[knot-min] Accepted 6 spatial swaps among 29 candidates.
[carrier-pre] 41 edges → 16 distinct carriers (cost-side filter).
[leaf-untangle] candidates=22, with-cross=5, moved=4, crossings-resolved=13.
[leaf-untangle] candidates=22, with-cross=1, moved=0, crossings-resolved=0.
[stuck-leaf-diag] 4 candidates with cost>0 (top 15 below):
  cost=5 deg=3 node=app2.M6 parent=app2.M1 nbrs={app2.M8,app2.M1,app0.M2}
  cost=4 deg=2 node=app2.M9 parent=app2.M0 nbrs={app2.M0,app1.M2}
  cost=3 deg=3 node=app2.M3 parent=app2.M0 nbrs={app2.M0,app2.M4,app2.Note1}
  cost=2 deg=1 node=app1.M5 parent=app2.M5 nbrs={app2.M5}
[pd-knot] 1 polyline cross pairs, 0 resolved via endpoint swap.
[xings-detour] iters=1 initial-poly-pairs=0 accepted=0 (multi-seg, density-aware, polyline detect, iterative).
[visual-knot] 0→0 cross points, 0→0 hot cells (≥3), 0 handled, 0 swap accepted.
[leaf-untangle] candidates=22, with-cross=1, moved=0, crossings-resolved=0.
[stuck-leaf-diag] 4 candidates with cost>0 (top 15 below):
  cost=5 deg=3 node=app2.M6 parent=app2.M1 nbrs={app2.M8,app2.M1,app0.M2}
  cost=4 deg=2 node=app2.M9 parent=app2.M0 nbrs={app2.M0,app1.M2}
  cost=3 deg=3 node=app2.M3 parent=app2.M0 nbrs={app2.M0,app2.M4,app2.Note1}
  cost=2 deg=1 node=app1.M5 parent=app2.M5 nbrs={app2.M5}
[carrier-cross] segment 0 -> carrier-grouped 0 (-0%). Carriers: 16 total (2 bundle + 7 cluster-pair + 7 individual).
[isolated-stash] Stashed 1 edge-less nodes in 6-column strip at x>=3759.
[face-raster] grid 846x1092 (cell 5.0x5.0 units), 228 faces, 893194 bg cells (96.7% of grid)
  face #1: 748794 cells (83.8%), bbox 846x1092 @ (0,0)
  face #7: 49069 cells (5.5%), bbox 170x606 @ (170,103)
  face #6: 47185 cells (5.3%), bbox 295x583 @ (196,99)
  face #156: 23476 cells (2.6%), bbox 142x328 @ (272,697)
  face #99: 13382 cells (1.5%), bbox 112x248 @ (312,402)
  face #12: 3888 cells (0.4%), bbox 96x256 @ (398,144)
  face #154: 1890 cells (0.2%), bbox 83x73 @ (313,670)
  face #107: 1483 cells (0.2%), bbox 84x211 @ (297,439)
[face-cohesion] 6 clusters analysed, 2 low-cohesion (<60% in dominant face)
  cohesion histogram:
     30%- 39%: 1 clusters
     50%- 59%: 1 clusters
    100%-100%: 4 clusters
  top 2 low-cohesion clusters (largest first):
    _louv_2: 6 members, 2 in dominant face, 5 faces total (33%)
    _louv_10: 2 members, 1 in dominant face, 2 faces total (50%)
[face-density] 209 micro-faces (size<50), top 10 hot regions (macro 64x64 cells):
  region (4,12): 31 micro-faces, world (1151,3684)-(1470,4003)
  region (6,4): 21 micro-faces, world (1790,1126)-(2110,1446)
  region (4,13): 20 micro-faces, world (1151,4003)-(1470,4323)
  region (3,5): 18 micro-faces, world (831,1446)-(1151,1765)
  region (7,3): 17 micro-faces, world (2110,806)-(2430,1126)
  region (3,6): 15 micro-faces, world (831,1765)-(1151,2085)
  region (4,11): 15 micro-faces, world (1151,3364)-(1470,3684)
  region (6,5): 11 micro-faces, world (1790,1446)-(2110,1765)
  region (5,8): 11 micro-faces, world (1470,2405)-(1790,2725)
  region (3,7): 10 micro-faces, world (831,2085)-(1151,2405)
[face-ppm] Wrote /tmp/face-raster.ppm (846x1092, downsampled from 846x1092 by 1)
[face-untangle] 2 target clusters, 5 strays, 0 moved (poly cross 0 → 0, 0 fewer)
[stuck-leaf-2d] pass 1: 1 candidates, 0 moved, 0 cost units resolved.
[stuck-leaf-2d] 1 candidates, 0 moved, 0 cost units resolved (poly cross 0 → 0, 0 fewer)
[hot-region-sa] 0 hot cells (≥4 cross, 0 cross pts), top 0 processed, 0/0 swap accepted (cross 0 → 0, 0 fewer)
