[community] algorithm=louvain communities=28 meta=3
[hub-bias] Super-graph: pushed 3 high-deg cluster roots to 1.4x avgR.
[cg-time] 1ms post-hub-bias
[cg-time] 1ms pre-§10-outward-radial
[cg-time] 1ms pre-§11-compose
[cg-time] 1ms pre-§12-pruning-reattach
[cg-time] 1ms pre-§13-cluster-swap
[cg-time] 3ms pre-§14-chain-straightening
[cg-time] 3ms pre-§15-pruned-cross-min
[§15.5] Optimized 2 alone-root+independent nodes (0 moves).
[cg-time] 3ms pre-bus-bundle
[xings-hotspot] total=14 xings across 11 offending edges (of 71)
  edge core.Hub0↔app0.M0 xings=5 cluster=(?,_louv_1)
  edge app4.M4↔app6.M2 xings=4 cluster=(_louv_23,?)
  edge app0.M0↔app0.M7 xings=3 cluster=(_louv_1,?)
  edge app0.M0↔app4.M7 xings=3 cluster=(_louv_1,?)
  edge app2.M0↔app2.M11 xings=3 cluster=(_louv_11,_louv_16)
  edge app2.M0↔app2.M12 xings=3 cluster=(_louv_11,?)
  edge app2.M0↔app2.M10 xings=2 cluster=(_louv_11,?)
  edge app4.M0↔app4.M5 xings=2 cluster=(_louv_22,_louv_18)
[xings-hotspot] top cluster signatures:
  {?|_louv_1|_louv_11} xings=5
  {?|_louv_1|_louv_11|_louv_16} xings=3
  {?|_louv_22|_louv_23} xings=2
  {?|_louv_18|_louv_22|_louv_23} xings=1
  {?|_louv_1|_louv_16} xings=1
  {?|_louv_1|_louv_18|_louv_22} xings=1
  {?|_louv_1|_louv_23} xings=1
[bundle-clear] Pushed 1 nodes off bundle bboxes.
[knot-min] Accepted 9 spatial swaps among 61 candidates.
[carrier-pre] 73 edges → 37 distinct carriers (cost-side filter).
[leaf-untangle] candidates=38, with-cross=11, moved=10, crossings-resolved=38.
[leaf-untangle] candidates=38, with-cross=9, moved=7, crossings-resolved=12.
[leaf-untangle] candidates=38, with-cross=6, moved=2, crossings-resolved=6.
[leaf-untangle] candidates=38, with-cross=5, moved=0, crossings-resolved=0.
[stuck-leaf-diag] 8 candidates with cost>0 (top 15 below):
  cost=12 deg=3 node=app1.M8 parent=app1.M0 nbrs={app1.M0,app1.M10,app0.M7}
  cost=7 deg=3 node=app2.M10 parent=app4.M0 nbrs={app2.M0,app2.M11,app4.M0}
  cost=4 deg=2 node=app4.M4 parent=app4.M0 nbrs={app4.M0,app6.M2}
  cost=3 deg=3 node=app1.M9 parent=app1.M0 nbrs={app1.M0,app1.M13,app5.M3}
  cost=3 deg=2 node=app1.M10 parent=app1.M0 nbrs={app1.M0,app1.M8}
  cost=3 deg=2 node=app2.M6 parent=app2.M0 nbrs={app2.M0,app1.M1}
  cost=1 deg=2 node=app3.M1 parent=app3.M0 nbrs={app3.M0,app6.M0}
  cost=1 deg=2 node=app6.M2 parent=app6.M0 nbrs={app6.M0,app4.M4}
[pd-knot] 3 polyline cross pairs, 0 resolved via endpoint swap.
[xings-detour] iters=1 initial-poly-pairs=3 accepted=0 (multi-seg, density-aware, polyline detect, iterative).
[visual-knot] 3→3 cross points, 0→0 hot cells (≥3), 0 handled, 0 swap accepted.
[leaf-untangle] candidates=38, with-cross=5, moved=0, crossings-resolved=0.
[stuck-leaf-diag] 8 candidates with cost>0 (top 15 below):
  cost=12 deg=3 node=app1.M8 parent=app1.M0 nbrs={app1.M0,app1.M10,app0.M7}
  cost=7 deg=3 node=app2.M10 parent=app4.M0 nbrs={app2.M0,app2.M11,app4.M0}
  cost=4 deg=2 node=app4.M4 parent=app4.M0 nbrs={app4.M0,app6.M2}
  cost=3 deg=3 node=app1.M9 parent=app1.M0 nbrs={app1.M0,app1.M13,app5.M3}
  cost=3 deg=2 node=app1.M10 parent=app1.M0 nbrs={app1.M0,app1.M8}
  cost=3 deg=2 node=app2.M6 parent=app2.M0 nbrs={app2.M0,app1.M1}
  cost=1 deg=2 node=app3.M1 parent=app3.M0 nbrs={app3.M0,app6.M0}
  cost=1 deg=2 node=app6.M2 parent=app6.M0 nbrs={app6.M0,app4.M4}
[carrier-cross] segment 3 -> carrier-grouped 2 (-33%). Carriers: 37 total (1 bundle + 24 cluster-pair + 12 individual).
[isolated-stash] Stashed 11 edge-less nodes in 6-column strip at x>=12562.
[face-raster] grid 2961x2081 (cell 5.0x5.0 units), 276 faces, 6088858 bg cells (98.8% of grid)
  face #1: 5759575 cells (94.6%), bbox 2961x2081 @ (0,0)
  face #101: 81992 cells (1.3%), bbox 333x648 @ (1478,612)
  face #148: 69556 cells (1.1%), bbox 370x481 @ (929,740)
  face #151: 49605 cells (0.8%), bbox 407x452 @ (1059,802)
  face #147: 45980 cells (0.8%), bbox 216x524 @ (835,728)
  face #72: 39163 cells (0.6%), bbox 361x248 @ (1319,574)
  face #36: 16282 cells (0.3%), bbox 273x139 @ (1365,537)
  face #10: 14650 cells (0.2%), bbox 397x619 @ (529,119)
[face-cohesion] 10 clusters analysed, 1 low-cohesion (<60% in dominant face)
  cohesion histogram:
     50%- 59%: 1 clusters
     60%- 69%: 1 clusters
     80%- 89%: 1 clusters
    100%-100%: 7 clusters
  top 1 low-cohesion clusters (largest first):
    _louv_1: 4 members, 2 in dominant face, 3 faces total (50%)
[face-density] 249 micro-faces (size<50), top 10 hot regions (macro 64x64 cells):
  region (31,14): 38 micro-faces, world (9585,4230)-(9905,4550)
  region (35,9): 35 micro-faces, world (10865,2631)-(11185,2950)
  region (30,15): 34 micro-faces, world (9266,4550)-(9585,4869)
  region (36,8): 30 micro-faces, world (11185,2311)-(11505,2631)
  region (28,18): 13 micro-faces, world (8626,5509)-(8946,5829)
  region (36,7): 12 micro-faces, world (11185,1991)-(11505,2311)
  region (35,8): 12 micro-faces, world (10865,2311)-(11185,2631)
  region (27,10): 11 micro-faces, world (8306,2950)-(8626,3270)
  region (8,1): 8 micro-faces, world (2227,72)-(2547,392)
  region (31,15): 7 micro-faces, world (9585,4550)-(9905,4869)
[face-ppm] Wrote /tmp/face-raster.ppm (2961x2081, downsampled from 2961x2081 by 1)
[face-untangle] 1 target clusters, 2 strays, 0 moved (poly cross 3 → 3, 0 fewer)
[stuck-leaf-2d] pass 1: 0 candidates, 0 moved, 0 cost units resolved.
[stuck-leaf-2d] 0 candidates, 0 moved, 0 cost units resolved (poly cross 3 → 3, 0 fewer)
[hot-region-sa] 0 hot cells (≥4 cross, 3 cross pts), top 0 processed, 0/0 swap accepted (cross 3 → 3, 0 fewer)
