[community] algorithm=louvain communities=58 meta=3
[hub-bias] Super-graph: pushed 7 high-deg cluster roots to 1.4x avgR.
[cg-time] 2ms post-hub-bias
[cg-time] 3ms pre-§10-outward-radial
[cg-time] 3ms pre-§11-compose
[cg-time] 3ms pre-§12-pruning-reattach
[cg-time] 3ms pre-§13-cluster-swap
[cg-time] 52ms pre-§14-chain-straightening
[cg-time] 52ms pre-§15-pruned-cross-min
[§15.5] Optimized 15 alone-root+independent nodes (1 moves).
[cg-time] 54ms pre-bus-bundle
[xings-hotspot] total=55 xings across 49 offending edges (of 169)
  edge core.Hub0↔app0.M0 xings=9 cluster=(_louv_0,_louv_2)
  edge core.Hub1↔app2.M0 xings=8 cluster=(?,?)
  edge app5.M3↔app6.M3 xings=7 cluster=(?,_louv_35)
  edge app0.M0↔app0.M3 xings=5 cluster=(_louv_2,?)
  edge app5.M0↔app6.M4 xings=4 cluster=(?,_louv_35)
  edge core.Hub1↔app4.M0 xings=4 cluster=(?,_louv_30)
  edge app9.M0↔app9.M12 xings=4 cluster=(_louv_45,_louv_47)
  edge app6.M0↔app6.M5 xings=4 cluster=(_louv_35,_louv_37)
[xings-hotspot] top cluster signatures:
  {?|_louv_35} xings=6
  {?|_louv_0|_louv_2|_louv_35} xings=4
  {?|_louv_12|_louv_31} xings=2
  {?|_louv_35|_louv_45|_louv_47} xings=2
  {?|_louv_30|_louv_35} xings=2
  {?|_louv_30} xings=2
  {?|_louv_2|_louv_24} xings=2
  {?|_louv_0|_louv_12} xings=1
[bundle-clear] Pushed 5 nodes off bundle bboxes.
[knot-min] Accepted 25 spatial swaps among 135 candidates.
[carrier-pre] 172 edges → 108 distinct carriers (cost-side filter).
[leaf-untangle] candidates=91, with-cross=33, moved=29, crossings-resolved=122.
[leaf-untangle] candidates=91, with-cross=9, moved=7, crossings-resolved=28.
[leaf-untangle] candidates=91, with-cross=6, moved=1, crossings-resolved=2.
[leaf-untangle] candidates=91, with-cross=5, moved=0, crossings-resolved=0.
[stuck-leaf-diag] 12 candidates with cost>0 (top 15 below):
  cost=10 deg=2 node=app4.M2 parent=app1.M0 nbrs={app4.M0,app1.M0}
  cost=9 deg=2 node=app10.M5 parent=app10.M0 nbrs={app10.M0,app10.Note36}
  cost=6 deg=2 node=app1.M9 parent=app1.M0 nbrs={app1.M0,app1.M10}
  cost=6 deg=2 node=app1.M11 parent=app1.M0 nbrs={app1.M0,app1.M2}
  cost=6 deg=2 node=app9.M4 parent=app9.M0 nbrs={app9.M0,app9.Asset39}
  cost=6 deg=2 node=app9.M14 parent=app9.M0 nbrs={app9.M0,app9.M5}
  cost=3 deg=2 node=app9.M5 parent=app9.M0 nbrs={app9.M0,app9.M14}
  cost=2 deg=3 node=app0.M6 parent=app0.M0 nbrs={app0.M0,app0.M12,app11.M3}
  cost=2 deg=3 node=app3.M2 parent=app3.M0 nbrs={app3.M0,app3.M6,app8.M3}
  cost=1 deg=3 node=app3.M6 parent=app3.M0 nbrs={app3.M0,app3.M2,app3.Note27}
  cost=1 deg=3 node=app6.M1 parent=app6.M0 nbrs={app6.M0,app6.M3,app6.M4}
  cost=1 deg=2 node=app6.M5 parent=app6.M0 nbrs={app6.M0,app6.Tag11}
[pd-knot] 33 polyline cross pairs, 3 resolved via endpoint swap.
[xings-detour] iters=2 initial-poly-pairs=25 accepted=1 (multi-seg, density-aware, polyline detect, iterative).
[visual-knot] 23→23 cross points, 1→1 hot cells (≥3), 1 handled, 0 swap accepted.
[leaf-untangle] candidates=91, with-cross=10, moved=5, crossings-resolved=12.
[leaf-untangle] candidates=91, with-cross=8, moved=3, crossings-resolved=9.
[leaf-untangle] candidates=91, with-cross=6, moved=0, crossings-resolved=0.
[stuck-leaf-diag] 13 candidates with cost>0 (top 15 below):
  cost=9 deg=2 node=app10.M5 parent=app10.M0 nbrs={app10.M0,app10.Note36}
  cost=6 deg=2 node=app1.M9 parent=app1.M0 nbrs={app1.M0,app1.M10}
  cost=6 deg=2 node=app1.M11 parent=app1.M0 nbrs={app1.M0,app1.M2}
  cost=6 deg=2 node=app9.M4 parent=app9.M0 nbrs={app9.M0,app9.Asset39}
  cost=6 deg=2 node=app9.M14 parent=app9.M0 nbrs={app9.M0,app9.M5}
  cost=5 deg=2 node=app4.M2 parent=app1.M0 nbrs={app4.M0,app1.M0}
  cost=3 deg=2 node=app9.M5 parent=app9.M0 nbrs={app9.M0,app9.M14}
  cost=2 deg=3 node=app0.M6 parent=app0.M0 nbrs={app0.M0,app0.M12,app11.M3}
  cost=1 deg=3 node=app3.M2 parent=app3.M0 nbrs={app3.M0,app3.M6,app8.M3}
  cost=1 deg=2 node=app4.M1 parent=app4.M0 nbrs={app4.M0,app4.M4}
  cost=1 deg=3 node=app4.M4 parent=app4.M0 nbrs={app4.M0,app4.M1,app4.Asset35}
  cost=1 deg=3 node=app6.M1 parent=app6.M0 nbrs={app6.M0,app6.M3,app6.M4}
  cost=1 deg=2 node=app6.M5 parent=app6.M0 nbrs={app6.M0,app6.Tag11}
[carrier-cross] segment 23 -> carrier-grouped 18 (-22%). Carriers: 109 total (3 bundle + 63 cluster-pair + 43 individual).
[isolated-stash] Stashed 5 edge-less nodes in 6-column strip at x>=19301.
[face-raster] grid 4304x3155 (cell 5.0x5.0 units), 257 faces, 13435748 bg cells (98.9% of grid)
  face #1: 10978047 cells (81.7%), bbox 4304x3155 @ (0,0)
  face #89: 789760 cells (5.9%), bbox 1156x1216 @ (128,1263)
  face #94: 213162 cells (1.6%), bbox 623x641 @ (1538,1308)
  face #43: 181716 cells (1.4%), bbox 829x1070 @ (1301,155)
  face #105: 173467 cells (1.3%), bbox 599x1009 @ (1203,1343)
  face #127: 155930 cells (1.2%), bbox 939x649 @ (2154,1823)
  face #188: 129086 cells (1.0%), bbox 1351x776 @ (744,2181)
  face #115: 108644 cells (0.8%), bbox 191x797 @ (1270,1671)
[face-cohesion] 43 clusters analysed, 12 low-cohesion (<60% in dominant face)
  cohesion histogram:
     20%- 29%: 1 clusters
     30%- 39%: 2 clusters
     50%- 59%: 9 clusters
     60%- 69%: 5 clusters
     70%- 79%: 2 clusters
    100%-100%: 24 clusters
  top 10 low-cohesion clusters (largest first):
    _louv_35: 7 members, 2 in dominant face, 6 faces total (29%)
    _louv_12: 6 members, 2 in dominant face, 5 faces total (33%)
    _louv_56: 4 members, 2 in dominant face, 3 faces total (50%)
    _louv_2: 3 members, 1 in dominant face, 3 faces total (33%)
    _louv_40: 2 members, 1 in dominant face, 2 faces total (50%)
    _louv_16: 2 members, 1 in dominant face, 2 faces total (50%)
    _louv_0: 2 members, 1 in dominant face, 2 faces total (50%)
    _louv_19: 2 members, 1 in dominant face, 2 faces total (50%)
    _louv_55: 2 members, 1 in dominant face, 2 faces total (50%)
    _louv_5: 2 members, 1 in dominant face, 2 faces total (50%)
[face-density] 161 micro-faces (size<50), top 10 hot regions (macro 64x64 cells):
  region (33,1): 27 micro-faces, world (10097,-42)-(10417,278)
  region (39,35): 18 micro-faces, world (12017,10837)-(12337,11157)
  region (34,28): 14 micro-faces, world (10417,8598)-(10737,8918)
  region (38,35): 13 micro-faces, world (11697,10837)-(12017,11157)
  region (47,38): 11 micro-faces, world (14577,11797)-(14897,12117)
  region (2,29): 10 micro-faces, world (178,8918)-(498,9238)
  region (40,36): 9 micro-faces, world (12337,11157)-(12657,11477)
  region (3,29): 9 micro-faces, world (498,8918)-(818,9238)
  region (11,46): 8 micro-faces, world (3058,14357)-(3378,14677)
  region (34,17): 7 micro-faces, world (10417,5078)-(10737,5398)
[face-ppm] Wrote /tmp/face-raster.ppm (2152x1577, downsampled from 4304x3155 by 2)
[face-untangle] 11 target clusters, 16 strays, 0 moved (poly cross 22 → 22, 0 fewer)
[stuck-leaf-2d] pass 1: 0 candidates, 0 moved, 0 cost units resolved.
[stuck-leaf-2d] 0 candidates, 0 moved, 0 cost units resolved (poly cross 22 → 22, 0 fewer)
[hot-region-sa] 1 hot cells (≥4 cross, 22 cross pts), top 1 processed, 21/167 swap accepted (cross 22 → 22, 0 fewer)
