[community] algorithm=louvain communities=48 meta=3
[hub-bias] Super-graph: pushed 5 high-deg cluster roots to 1.4x avgR.
[cg-time] 4ms post-hub-bias
[cg-time] 5ms pre-§10-outward-radial
[cg-time] 5ms pre-§11-compose
[cg-time] 5ms pre-§12-pruning-reattach
[cg-time] 5ms pre-§13-cluster-swap
[cg-time] 41ms pre-§14-chain-straightening
[cg-time] 41ms pre-§15-pruned-cross-min
[§15.5] Optimized 11 alone-root+independent nodes (3 moves).
[cg-time] 42ms pre-bus-bundle
[bus-bundle] Created 3 bus bundles (6 members, sig ≥ 2 roots).
[xings-hotspot] total=82 xings across 59 offending edges (of 153)
  edge app2.M3↔app8.M8 xings=14 cluster=(_louv_20,_louv_3)
  edge core.Hub1↔app6.M0 xings=12 cluster=(_louv_0,?)
  edge core.Hub0↔app6.M0 xings=11 cluster=(?,?)
  edge core.Hub2↔app1.M0 xings=8 cluster=(?,?)
  edge app1.M0↔app1.M11 xings=8 cluster=(?,_louv_20)
  edge app2.M3↔app2.M6 xings=6 cluster=(_louv_20,?)
  edge app2.M0↔app2.M9 xings=5 cluster=(_louv_20,_louv_10)
  edge app7.M0↔app7.M3 xings=5 cluster=(?,?)
[xings-hotspot] top cluster signatures:
  {?|_louv_20} xings=16
  {?|_louv_0} xings=6
  {?|_louv_20|_louv_3} xings=5
  {?|_louv_3} xings=3
  {?|_louv_27|_louv_29} xings=3
  {?|_louv_26|_louv_3} xings=3
  {?} xings=3
  {?|_louv_2|_louv_20} xings=2
[knot-min] Accepted 17 spatial swaps among 120 candidates.
[carrier-pre] 156 edges → 96 distinct carriers (cost-side filter).
[leaf-untangle] candidates=78, with-cross=18, moved=15, crossings-resolved=75.
[leaf-untangle] candidates=78, with-cross=10, moved=5, crossings-resolved=10.
[leaf-untangle] candidates=78, with-cross=8, moved=2, crossings-resolved=3.
[leaf-untangle] candidates=78, with-cross=11, moved=5, crossings-resolved=8.
[stuck-leaf-diag] 17 candidates with cost>0 (top 15 below):
  cost=14 deg=2 node=core.Hub1 parent=app5.M0 nbrs={app5.M0,app6.M0}
  cost=5 deg=3 node=app1.M11 parent=app2.M0 nbrs={app1.M0,app2.M0,app2.M6}
  cost=5 deg=3 node=app2.M3 parent=app2.M0 nbrs={app2.M0,app2.M6,app8.M8}
  cost=5 deg=3 node=app8.M3 parent=app8.M0 nbrs={app8.M0,app8.M5,app0.M1}
  cost=5 deg=2 node=app8.M5 parent=app8.M0 nbrs={app8.M0,app8.M3}
  cost=4 deg=2 node=app1.M4 parent=app1.M0 nbrs={app1.M0,app5.M6}
  cost=4 deg=2 node=app5.M6 parent=app5.M0 nbrs={app5.M0,app1.M4}
  cost=4 deg=1 node=app5.M10 parent=app5.M0 nbrs={app5.M0}
  cost=4 deg=1 node=app2.Log28 parent=app2.M6 nbrs={app2.M6}
  cost=3 deg=3 node=app1.M9 parent=app1.M0 nbrs={app1.M0,app1.M8,app1.Tag27}
  cost=3 deg=2 node=app4.M6 parent=app4.M0 nbrs={app4.M0,app6.M8}
  cost=3 deg=2 node=app5.M5 parent=app5.M0 nbrs={app5.M0,app5.M9}
  cost=3 deg=2 node=app5.M12 parent=app5.M0 nbrs={app5.M0,app5.File11}
  cost=3 deg=2 node=app8.M7 parent=app8.M0 nbrs={app8.M0,app8.M2}
  cost=2 deg=2 node=app0.M4 parent=app0.M0 nbrs={app0.M0,app4.M7}
[pd-knot] 60 polyline cross pairs, 3 resolved via endpoint swap.
[xings-detour] iters=1 initial-poly-pairs=55 accepted=0 (multi-seg, density-aware, polyline detect, iterative).
[visual-knot] 54→51 cross points, 1→0 hot cells (≥3), 1 handled, 1 swap accepted.
[leaf-untangle] candidates=78, with-cross=10, moved=6, crossings-resolved=25.
[leaf-untangle] candidates=78, with-cross=7, moved=0, crossings-resolved=0.
[stuck-leaf-diag] 17 candidates with cost>0 (top 15 below):
  cost=14 deg=2 node=core.Hub1 parent=app5.M0 nbrs={app5.M0,app6.M0}
  cost=5 deg=3 node=app1.M11 parent=app2.M0 nbrs={app1.M0,app2.M0,app2.M6}
  cost=5 deg=3 node=app2.M3 parent=app2.M0 nbrs={app2.M0,app2.M6,app8.M8}
  cost=5 deg=3 node=app8.M3 parent=app8.M0 nbrs={app8.M0,app8.M5,app0.M1}
  cost=5 deg=2 node=app8.M5 parent=app8.M0 nbrs={app8.M0,app8.M3}
  cost=4 deg=2 node=app5.M6 parent=app5.M0 nbrs={app5.M0,app1.M4}
  cost=4 deg=1 node=app5.M10 parent=app5.M0 nbrs={app5.M0}
  cost=4 deg=1 node=app2.Log28 parent=app2.M6 nbrs={app2.M6}
  cost=3 deg=2 node=app4.M6 parent=app4.M0 nbrs={app4.M0,app6.M8}
  cost=3 deg=2 node=app5.M5 parent=app5.M0 nbrs={app5.M0,app5.M9}
  cost=3 deg=2 node=app5.M12 parent=app5.M0 nbrs={app5.M0,app5.File11}
  cost=3 deg=2 node=app8.M7 parent=app8.M0 nbrs={app8.M0,app8.M2}
  cost=2 deg=3 node=app6.M3 parent=app6.M0 nbrs={app6.M0,app7.M2,app4.M2}
  cost=2 deg=2 node=app8.M4 parent=app8.M0 nbrs={app8.M0,app8.Address24}
  cost=1 deg=2 node=app0.M4 parent=app0.M0 nbrs={app0.M0,app4.M7}
[carrier-cross] segment 53 -> carrier-grouped 36 (-32%). Carriers: 91 total (6 bundle + 52 cluster-pair + 33 individual).
[isolated-stash] Stashed 5 edge-less nodes in 6-column strip at x>=31097.
[face-raster] grid 8858x5667 (cell 5.0x5.0 units), 617 faces, 50037735 bg cells (99.7% of grid)
  face #1: 38205082 cells (76.4%), bbox 8858x5667 @ (0,0)
  face #2: 2191700 cells (4.4%), bbox 2616x2256 @ (4319,155)
  face #126: 1978078 cells (4.0%), bbox 1995x2359 @ (2802,2104)
  face #8: 1066820 cells (2.1%), bbox 2113x1451 @ (5947,1415)
  face #446: 775661 cells (1.6%), bbox 906x1732 @ (5898,2755)
  face #127: 735700 cells (1.5%), bbox 1051x1754 @ (4479,2104)
  face #375: 723331 cells (1.4%), bbox 2072x1679 @ (2237,2420)
  face #527: 636527 cells (1.3%), bbox 1136x1496 @ (4409,3721)
[face-cohesion] 31 clusters analysed, 13 low-cohesion (<60% in dominant face)
  cohesion histogram:
     20%- 29%: 2 clusters
     30%- 39%: 2 clusters
     40%- 49%: 1 clusters
     50%- 59%: 8 clusters
     60%- 69%: 1 clusters
     70%- 79%: 2 clusters
    100%-100%: 15 clusters
  top 10 low-cohesion clusters (largest first):
    _louv_20: 8 members, 2 in dominant face, 7 faces total (25%)
    _louv_0: 5 members, 1 in dominant face, 5 faces total (20%)
    _louv_3: 5 members, 2 in dominant face, 4 faces total (40%)
    _louv_11: 4 members, 2 in dominant face, 3 faces total (50%)
    _louv_25: 3 members, 1 in dominant face, 3 faces total (33%)
    _louv_2: 3 members, 1 in dominant face, 3 faces total (33%)
    _louv_46: 2 members, 1 in dominant face, 2 faces total (50%)
    _louv_47: 2 members, 1 in dominant face, 2 faces total (50%)
    _louv_14: 2 members, 1 in dominant face, 2 faces total (50%)
    _louv_4: 2 members, 1 in dominant face, 2 faces total (50%)
[face-density] 509 micro-faces (size<50), top 10 hot regions (macro 64x64 cells):
  region (98,35): 47 micro-faces, world (20304,10607)-(20624,10927)
  region (105,28): 42 micro-faces, world (22544,8367)-(22864,8687)
  region (96,37): 38 micro-faces, world (19664,11247)-(19984,11567)
  region (97,36): 37 micro-faces, world (19984,10927)-(20304,11247)
  region (100,33): 31 micro-faces, world (20944,9967)-(21264,10287)
  region (125,43): 25 micro-faces, world (28943,13167)-(29263,13487)
  region (95,38): 24 micro-faces, world (19344,11567)-(19664,11887)
  region (105,53): 19 micro-faces, world (22544,16367)-(22864,16687)
  region (101,32): 18 micro-faces, world (21264,9647)-(21584,9967)
  region (98,34): 14 micro-faces, world (20304,10287)-(20624,10607)
[face-ppm] Wrote /tmp/face-raster.ppm (2214x1416, downsampled from 8858x5667 by 4)
[face-untangle] 11 target clusters, 16 strays, 2 moved (poly cross 52 → 50, 2 fewer)
[stuck-leaf-2d] pass 1: 2 candidates, 1 moved, 1 cost units resolved.
[stuck-leaf-2d] pass 2: 1 candidates, 0 moved, 0 cost units resolved.
[stuck-leaf-2d] 1 candidates, 1 moved, 1 cost units resolved (poly cross 50 → 49, 1 fewer)
[hot-region-sa] 2 hot cells (≥4 cross, 49 cross pts), top 2 processed, 34/170 swap accepted (cross 49 → 49, 0 fewer)
