[community] algorithm=louvain communities=81 meta=4
[hub-bias] Super-graph: pushed 9 high-deg cluster roots to 1.4x avgR.
[cg-time] 6ms post-hub-bias
[cg-time] 125ms pre-§10-outward-radial
[cg-time] 125ms pre-§11-compose
[cg-time] 125ms pre-§12-pruning-reattach
[cg-time] 125ms pre-§13-cluster-swap
[cg-time] 472ms pre-§14-chain-straightening
[cg-time] 472ms pre-§15-pruned-cross-min
[§15.5] Optimized 22 alone-root+independent nodes (5 moves).
[cg-time] 476ms pre-bus-bundle
[bus-bundle] Created 1 bus bundles (2 members, sig ≥ 2 roots).
[xings-hotspot] total=213 xings across 117 offending edges (of 260)
  edge app7.M2↔app17.M7 xings=16 cluster=(?,?)
  edge app9.M0↔app10.M9 xings=13 cluster=(?,?)
  edge app5.M6↔app9.M1 xings=13 cluster=(?,_louv_36)
  edge core.Hub0↔app11.M0 xings=13 cluster=(_louv_0,_louv_60)
  edge app6.M1↔app17.M3 xings=12 cluster=(_louv_41,?)
  edge core.Hub0↔app2.M0 xings=11 cluster=(_louv_0,_louv_17)
  edge core.Hub1↔app8.M0 xings=11 cluster=(_louv_1,_louv_47)
  edge app13.M2↔app13.M11 xings=10 cluster=(?,_louv_70)
[xings-hotspot] top cluster signatures:
  {?|_louv_41} xings=11
  {?} xings=6
  {?|_louv_0|_louv_60} xings=5
  {?|_louv_30} xings=5
  {?|_louv_0|_louv_69} xings=3
  {?|_louv_17|_louv_8} xings=3
  {?|_louv_0|_louv_17} xings=3
  {?|_louv_54|_louv_64} xings=3
[knot-min] Accepted 34 spatial swaps among 204 candidates.
[knot-min-2opt] Accepted 2 cross-targeted swaps.
[carrier-pre] 263 edges → 170 distinct carriers (cost-side filter).
[leaf-untangle] candidates=126, with-cross=40, moved=34, crossings-resolved=117.
[leaf-untangle] candidates=126, with-cross=19, moved=1, crossings-resolved=3.
[leaf-untangle] candidates=126, with-cross=18, moved=0, crossings-resolved=0.
[stuck-leaf-diag] 21 candidates with cost>0 (top 15 below):
  cost=17 deg=3 node=app3.M1 parent=app3.M2 nbrs={app3.M0,app3.M2,app17.M4}
  cost=17 deg=2 node=app13.M2 parent=app13.M0 nbrs={app13.M0,app13.M11}
  cost=11 deg=3 node=app17.M7 parent=app17.M0 nbrs={app17.M0,app17.M6,app7.M2}
  cost=8 deg=2 node=app13.M11 parent=app13.M2 nbrs={app13.M2,app14.M2}
  cost=6 deg=3 node=app6.M1 parent=app6.M0 nbrs={app6.M0,app6.M6,app17.M3}
  cost=6 deg=2 node=app16.M8 parent=app16.M0 nbrs={app16.M0,app10.M3}
  cost=5 deg=3 node=app0.M2 parent=app0.M0 nbrs={app0.M0,app0.M9,app15.M6}
  cost=5 deg=2 node=app10.M3 parent=app10.M0 nbrs={app10.M0,app16.M8}
  cost=4 deg=3 node=app4.M7 parent=app4.M0 nbrs={app4.M0,app4.M8,app0.M6}
  cost=4 deg=2 node=app8.M3 parent=app8.M0 nbrs={app8.M0,app14.M0}
  cost=3 deg=2 node=app4.M5 parent=app4.M0 nbrs={app4.M0,app4.Log24}
  cost=2 deg=2 node=app2.M4 parent=app2.M0 nbrs={app2.M0,app2.M5}
  cost=2 deg=2 node=app8.M11 parent=app8.M0 nbrs={app8.M0,app8.M8}
  cost=2 deg=2 node=app12.M10 parent=app12.M0 nbrs={app12.M0,app12.M8}
  cost=1 deg=2 node=app0.M3 parent=app0.M0 nbrs={app0.M0,app16.M1}
[pd-knot] 135 polyline cross pairs, 1 resolved via endpoint swap.
[xings-detour] iters=2 initial-poly-pairs=141 accepted=1 (multi-seg, density-aware, polyline detect, iterative).
[visual-knot] 138→137 cross points, 9→8 hot cells (≥3), 17 handled, 1 swap accepted.
[leaf-untangle] candidates=126, with-cross=22, moved=4, crossings-resolved=12.
[leaf-untangle] candidates=126, with-cross=19, moved=1, crossings-resolved=3.
[leaf-untangle] candidates=126, with-cross=18, moved=0, crossings-resolved=0.
[stuck-leaf-diag] 21 candidates with cost>0 (top 15 below):
  cost=17 deg=2 node=app13.M2 parent=app13.M0 nbrs={app13.M0,app13.M11}
  cost=11 deg=3 node=app17.M7 parent=app17.M0 nbrs={app17.M0,app17.M6,app7.M2}
  cost=9 deg=3 node=app3.M1 parent=app3.M2 nbrs={app3.M0,app3.M2,app17.M4}
  cost=8 deg=2 node=app13.M11 parent=app13.M2 nbrs={app13.M2,app14.M2}
  cost=6 deg=3 node=app6.M1 parent=app6.M0 nbrs={app6.M0,app6.M6,app17.M3}
  cost=6 deg=2 node=app16.M8 parent=app16.M0 nbrs={app16.M0,app10.M3}
  cost=5 deg=3 node=app0.M2 parent=app0.M0 nbrs={app0.M0,app0.M9,app15.M6}
  cost=5 deg=2 node=app10.M3 parent=app10.M0 nbrs={app10.M0,app16.M8}
  cost=4 deg=3 node=app4.M7 parent=app4.M0 nbrs={app4.M0,app4.M8,app0.M6}
  cost=3 deg=2 node=app4.M5 parent=app4.M0 nbrs={app4.M0,app4.Log24}
  cost=2 deg=2 node=app2.M4 parent=app2.M0 nbrs={app2.M0,app2.M5}
  cost=2 deg=2 node=app12.M10 parent=app12.M0 nbrs={app12.M0,app12.M8}
  cost=1 deg=2 node=app0.M3 parent=app0.M0 nbrs={app0.M0,app16.M1}
  cost=1 deg=2 node=app0.M6 parent=app4.M7 nbrs={app0.Log7,app4.M7}
  cost=1 deg=2 node=app1.M2 parent=app1.M0 nbrs={app1.M0,app2.M3}
[carrier-cross] segment 136 -> carrier-grouped 127 (-7%). Carriers: 171 total (3 bundle + 118 cluster-pair + 50 individual).
[isolated-stash] Stashed 7 edge-less nodes in 6-column strip at x>=29987.
[face-raster] grid 5774x4849 (cell 5.0x5.0 units), 574 faces, 27745250 bg cells (99.1% of grid)
  face #1: 21841330 cells (78.7%), bbox 5774x4849 @ (0,0)
  face #406: 366629 cells (1.3%), bbox 577x915 @ (1683,3011)
  face #3: 299358 cells (1.1%), bbox 718x1924 @ (1590,118)
  face #514: 261722 cells (0.9%), bbox 852x497 @ (2262,3475)
  face #398: 248289 cells (0.9%), bbox 654x780 @ (2952,2990)
  face #349: 231671 cells (0.8%), bbox 1282x574 @ (3210,2818)
  face #79: 231486 cells (0.8%), bbox 695x676 @ (2071,1847)
  face #453: 216987 cells (0.8%), bbox 637x761 @ (2617,3094)
[face-cohesion] 47 clusters analysed, 19 low-cohesion (<60% in dominant face)
  cohesion histogram:
     30%- 39%: 3 clusters
     40%- 49%: 2 clusters
     50%- 59%: 14 clusters
     60%- 69%: 5 clusters
     70%- 79%: 2 clusters
     80%- 89%: 2 clusters
    100%-100%: 19 clusters
  top 10 low-cohesion clusters (largest first):
    _louv_8: 5 members, 2 in dominant face, 4 faces total (40%)
    _louv_41: 5 members, 2 in dominant face, 3 faces total (40%)
    _louv_54: 4 members, 2 in dominant face, 3 faces total (50%)
    _louv_17: 4 members, 2 in dominant face, 3 faces total (50%)
    _louv_2: 3 members, 1 in dominant face, 3 faces total (33%)
    _louv_65: 3 members, 1 in dominant face, 3 faces total (33%)
    _louv_64: 3 members, 1 in dominant face, 3 faces total (33%)
    _louv_71: 2 members, 1 in dominant face, 2 faces total (50%)
    _louv_70: 2 members, 1 in dominant face, 2 faces total (50%)
    _louv_10: 2 members, 1 in dominant face, 2 faces total (50%)
[face-density] 316 micro-faces (size<50), top 10 hot regions (macro 64x64 cells):
  region (1,55): 20 micro-faces, world (3614,17085)-(3934,17405)
  region (0,56): 18 micro-faces, world (3294,17405)-(3614,17725)
  region (13,37): 17 micro-faces, world (7454,11325)-(7774,11645)
  region (69,47): 16 micro-faces, world (25374,14525)-(25694,14845)
  region (2,53): 15 micro-faces, world (3934,16445)-(4254,16765)
  region (35,4): 14 micro-faces, world (14494,766)-(14814,1086)
  region (35,5): 13 micro-faces, world (14494,1086)-(14814,1406)
  region (31,22): 13 micro-faces, world (13214,6526)-(13534,6846)
  region (0,55): 11 micro-faces, world (3294,17085)-(3614,17405)
  region (31,23): 10 micro-faces, world (13214,6846)-(13534,7166)
[face-ppm] Wrote /tmp/face-raster.ppm (2887x2424, downsampled from 5774x4849 by 2)
[face-untangle] 21 target clusters, 32 strays, 0 moved (poly cross 134 → 134, 0 fewer)
[stuck-leaf-2d] pass 1: 0 candidates, 0 moved, 0 cost units resolved.
[stuck-leaf-2d] 0 candidates, 0 moved, 0 cost units resolved (poly cross 134 → 134, 0 fewer)
[hot-region-sa] 7 hot cells (≥4 cross, 134 cross pts), top 5 processed, 91/274 swap accepted (cross 134 → 134, 0 fewer)
