[community] algorithm=louvain communities=21 meta=6
[hub-bias] Super-graph: pushed 2 high-deg cluster roots to 1.4x avgR.
[cg-time] 2ms post-hub-bias
[cg-time] 2ms pre-§10-outward-radial
[cg-time] 2ms pre-§11-compose
[cg-time] 3ms pre-§12-pruning-reattach
[cg-time] 3ms pre-§13-cluster-swap
[cg-time] 7ms pre-§14-chain-straightening
[cg-time] 7ms pre-§15-pruned-cross-min
[§15.5] Optimized 8 alone-root+independent nodes (7 moves).
[cg-time] 8ms pre-bus-bundle
[xings-hotspot] total=33 xings across 30 offending edges (of 73)
  edge app2.M3↔app2.M8 xings=7 cluster=(?,?)
  edge app2.M11↔app4.M0 xings=6 cluster=(_louv_0,_louv_0)
  edge app2.M7↔app4.M0 xings=6 cluster=(?,_louv_0)
  edge app4.M0↔app4.M1 xings=5 cluster=(_louv_0,_louv_8)
  edge app0.M6↔app4.M2 xings=5 cluster=(?,?)
  edge app0.M0↔app1.M8 xings=3 cluster=(_louv_0,?)
  edge app1.M0↔app1.M1 xings=3 cluster=(_louv_7,_louv_3)
  edge app1.M0↔app1.M4 xings=3 cluster=(_louv_7,_louv_1)
[xings-hotspot] top cluster signatures:
  {?|_louv_0} xings=11
  {?|_louv_7} xings=5
  {?|_louv_0|_louv_1|_louv_8} xings=4
  {?|_louv_18} xings=2
  {?|_louv_1|_louv_7} xings=2
  {?} xings=1
  {?|_louv_0|_louv_12} xings=1
  {?|_louv_0|_louv_3|_louv_7} xings=1
[knot-min] Accepted 4 spatial swaps among 56 candidates.
[knot-min-2opt] Accepted 1 cross-targeted swaps.
[carrier-pre] 75 edges → 41 distinct carriers (cost-side filter).
[leaf-untangle] candidates=33, with-cross=15, moved=13, crossings-resolved=41.
[leaf-untangle] candidates=33, with-cross=8, moved=5, crossings-resolved=11.
[leaf-untangle] candidates=33, with-cross=7, moved=3, crossings-resolved=7.
[leaf-untangle] candidates=33, with-cross=7, moved=0, crossings-resolved=0.
[stuck-leaf-diag] 7 candidates with cost>0 (top 15 below):
  cost=7 deg=3 node=app0.M6 parent=app0.M0 nbrs={app0.M0,app4.M2,app2.M3}
  cost=4 deg=3 node=app2.M8 parent=app2.M0 nbrs={app2.M0,app2.M3,app3.M1}
  cost=3 deg=3 node=app2.M12 parent=app2.M0 nbrs={app2.M0,app2.M6,app2.M7}
  cost=2 deg=3 node=app2.M7 parent=app2.M0 nbrs={app2.M0,app2.M12,app4.M0}
  cost=2 deg=3 node=app3.M5 parent=app3.M0 nbrs={app3.M0,app3.M1,app4.M3}
  cost=1 deg=2 node=core.Hub1 parent=app0.M0 nbrs={app0.M0,app3.M0}
  cost=1 deg=2 node=app1.M8 parent=app0.M0 nbrs={app1.M0,app0.M0}
[pd-knot] 26 polyline cross pairs, 1 resolved via endpoint swap.
[xings-detour] iters=1 initial-poly-pairs=25 accepted=0 (multi-seg, density-aware, polyline detect, iterative).
[visual-knot] 20→20 cross points, 1→1 hot cells (≥3), 1 handled, 0 swap accepted.
[leaf-untangle] candidates=33, with-cross=8, moved=2, crossings-resolved=2.
[leaf-untangle] candidates=33, with-cross=7, moved=1, crossings-resolved=3.
[leaf-untangle] candidates=33, with-cross=6, moved=0, crossings-resolved=0.
[stuck-leaf-diag] 6 candidates with cost>0 (top 15 below):
  cost=7 deg=3 node=app0.M6 parent=app0.M0 nbrs={app0.M0,app4.M2,app2.M3}
  cost=4 deg=3 node=app2.M8 parent=app2.M0 nbrs={app2.M0,app2.M3,app3.M1}
  cost=3 deg=3 node=app2.M12 parent=app2.M0 nbrs={app2.M0,app2.M6,app2.M7}
  cost=2 deg=3 node=app2.M7 parent=app2.M0 nbrs={app2.M0,app2.M12,app4.M0}
  cost=1 deg=2 node=app1.M8 parent=app0.M0 nbrs={app1.M0,app0.M0}
  cost=1 deg=3 node=app3.M5 parent=app3.M0 nbrs={app3.M0,app3.M1,app4.M3}
[isolated-stash] Stashed 1 edge-less nodes in 6-column strip at x>=13045.
[face-raster] grid 3068x2707 (cell 5.0x5.0 units), 85 faces, 8233019 bg cells (99.1% of grid)
  face #1: 4476090 cells (54.4%), bbox 3068x2707 @ (0,0)
  face #61: 1152842 cells (14.0%), bbox 2239x1069 @ (361,1638)
  face #2: 488485 cells (5.9%), bbox 1126x1825 @ (97,106)
  face #55: 407718 cells (5.0%), bbox 1257x1094 @ (1348,1613)
  face #35: 334262 cells (4.1%), bbox 1044x1003 @ (1652,742)
  face #71: 160778 cells (2.0%), bbox 738x958 @ (356,1670)
  face #40: 157665 cells (1.9%), bbox 599x722 @ (1445,950)
  face #41: 146670 cells (1.8%), bbox 444x642 @ (687,1110)
[face-cohesion] 14 clusters analysed, 7 low-cohesion (<60% in dominant face)
  cohesion histogram:
     40%- 49%: 1 clusters
     50%- 59%: 6 clusters
     60%- 69%: 1 clusters
    100%-100%: 6 clusters
  top 7 low-cohesion clusters (largest first):
    _louv_0: 5 members, 2 in dominant face, 3 faces total (40%)
    _louv_20: 2 members, 1 in dominant face, 2 faces total (50%)
    _louv_18: 2 members, 1 in dominant face, 2 faces total (50%)
    _louv_3: 2 members, 1 in dominant face, 2 faces total (50%)
    _louv_7: 2 members, 1 in dominant face, 2 faces total (50%)
    _louv_13: 2 members, 1 in dominant face, 2 faces total (50%)
    _louv_2: 2 members, 1 in dominant face, 2 faces total (50%)
[face-density] 28 micro-faces (size<50), top 10 hot regions (macro 64x64 cells):
  region (19,25): 6 micro-faces, world (4404,7689)-(4724,8009)
  region (5,40): 5 micro-faces, world (-75,12488)-(245,12808)
  region (2,30): 3 micro-faces, world (-1035,9289)-(-715,9609)
  region (22,13): 2 micro-faces, world (5364,3850)-(5684,4170)
  region (1,30): 2 micro-faces, world (-1355,9289)-(-1035,9609)
  region (5,41): 2 micro-faces, world (-75,12808)-(245,13128)
  region (19,4): 1 micro-faces, world (4404,971)-(4724,1291)
  region (24,8): 1 micro-faces, world (6004,2251)-(6324,2571)
  region (24,10): 1 micro-faces, world (6004,2891)-(6324,3211)
  region (22,12): 1 micro-faces, world (5364,3531)-(5684,3850)
[face-ppm] Wrote /tmp/face-raster.ppm (3068x2707, downsampled from 3068x2707 by 1)
[face-untangle] 8 target clusters, 11 strays, 0 moved (poly cross 20 → 20, 0 fewer)
[stuck-leaf-2d] pass 1: 0 candidates, 0 moved, 0 cost units resolved.
[stuck-leaf-2d] 0 candidates, 0 moved, 0 cost units resolved (poly cross 20 → 20, 0 fewer)
[hot-region-sa] 1 hot cells (≥4 cross, 20 cross pts), top 1 processed, 20/161 swap accepted (cross 20 → 19, 1 fewer)
