[community] algorithm=louvain communities=83 meta=5
[hub-bias] Super-graph: pushed 9 high-deg cluster roots to 1.4x avgR.
[cg-time] 6ms post-hub-bias
[cg-time] 29ms pre-§10-outward-radial
[cg-time] 29ms pre-§11-compose
[cg-time] 29ms pre-§12-pruning-reattach
[cg-time] 29ms pre-§13-cluster-swap
[cg-time] 482ms pre-§14-chain-straightening
[cg-time] 482ms pre-§15-pruned-cross-min
[§15.5] Optimized 27 alone-root+independent nodes (6 moves).
[cg-time] 485ms pre-bus-bundle
[bus-bundle] Created 1 bus bundles (2 members, sig ≥ 2 roots).
[xings-hotspot] total=238 xings across 113 offending edges (of 265)
  edge app6.M5↔app9.M4 xings=15 cluster=(?,?)
  edge app2.M1↔app12.M13 xings=15 cluster=(?,_louv_67)
  edge core.Hub2↔app15.M0 xings=13 cluster=(_louv_2,_louv_76)
  edge app14.M0↔app14.M5 xings=12 cluster=(_louv_74,?)
  edge app6.M3↔app17.M0 xings=12 cluster=(?,?)
  edge app13.M0↔app13.M1 xings=11 cluster=(?,_louv_8)
  edge app13.M0↔app13.M3 xings=11 cluster=(?,_louv_73)
  edge app3.M2↔app15.M4 xings=11 cluster=(?,_louv_77)
[xings-hotspot] top cluster signatures:
  {?|_louv_67} xings=5
  {?|_louv_14|_louv_35} xings=4
  {?|_louv_17} xings=4
  {?|_louv_2|_louv_38} xings=4
  {?|_louv_8} xings=4
  {?|_louv_73|_louv_76} xings=4
  {?|_louv_22|_louv_29|_louv_38} xings=3
  {?|_louv_2|_louv_22} xings=3
[bundle-clear] Pushed 4 nodes off bundle bboxes.
[knot-min] Accepted 32 spatial swaps among 202 candidates.
[knot-min-2opt] Accepted 1 cross-targeted swaps.
[carrier-pre] 266 edges → 171 distinct carriers (cost-side filter).
[leaf-untangle] candidates=120, with-cross=38, moved=29, crossings-resolved=101.
[leaf-untangle] candidates=120, with-cross=19, moved=5, crossings-resolved=12.
[leaf-untangle] candidates=120, with-cross=20, moved=3, crossings-resolved=9.
[leaf-untangle] candidates=120, with-cross=18, moved=0, crossings-resolved=0.
[stuck-leaf-diag] 24 candidates with cost>0 (top 15 below):
  cost=12 deg=3 node=app4.M2 parent=app4.M0 nbrs={app4.M0,app4.M3,app4.M14}
  cost=11 deg=2 node=app4.M10 parent=app4.M0 nbrs={app4.M0,app8.M5}
  cost=10 deg=3 node=app5.M2 parent=app5.M0 nbrs={app5.M0,app5.M7,app12.M6}
  cost=8 deg=2 node=app8.M5 parent=app8.M10 nbrs={app8.M10,app4.M10}
  cost=5 deg=2 node=app7.M2 parent=app14.M3 nbrs={app7.Asset20,app14.M3}
  cost=5 deg=3 node=app16.M4 parent=app16.M0 nbrs={app16.M0,app16.M2,app1.M6}
  cost=5 deg=2 node=app10.M10 parent=app10.M0 nbrs={app10.M0,app10.M1}
  cost=4 deg=2 node=app15.M11 parent=app15.M0 nbrs={app15.M0,app5.M1}
  cost=4 deg=2 node=app5.M1 parent=app4.M8 nbrs={app4.M8,app15.M11}
  cost=4 deg=3 node=app10.M4 parent=app10.M0 nbrs={app10.M0,app10.M11,app15.M2}
  cost=4 deg=2 node=app15.M3 parent=app15.M0 nbrs={app15.M0,app15.Tag10}
  cost=4 deg=2 node=app15.M9 parent=app15.M0 nbrs={app15.M0,app15.Note6}
  cost=3 deg=2 node=app4.M1 parent=app4.M0 nbrs={app4.M0,app4.M9}
  cost=3 deg=2 node=app8.M7 parent=app8.M0 nbrs={app8.M0,app9.M2}
  cost=3 deg=2 node=app9.M2 parent=app9.M0 nbrs={app9.M0,app8.M7}
[pd-knot] 176 polyline cross pairs, 3 resolved via endpoint swap.
[xings-detour] iters=2 initial-poly-pairs=177 accepted=7 (multi-seg, density-aware, polyline detect, iterative).
[visual-knot] 166→166 cross points, 8→8 hot cells (≥3), 8 handled, 0 swap accepted.
[leaf-untangle] candidates=120, with-cross=20, moved=2, crossings-resolved=5.
[leaf-untangle] candidates=120, with-cross=17, moved=0, crossings-resolved=0.
[stuck-leaf-diag] 25 candidates with cost>0 (top 15 below):
  cost=13 deg=3 node=app4.M2 parent=app4.M0 nbrs={app4.M0,app4.M3,app4.M14}
  cost=11 deg=2 node=app4.M10 parent=app4.M0 nbrs={app4.M0,app8.M5}
  cost=10 deg=3 node=app5.M2 parent=app5.M0 nbrs={app5.M0,app5.M7,app12.M6}
  cost=7 deg=3 node=app16.M4 parent=app16.M0 nbrs={app16.M0,app16.M2,app1.M6}
  cost=7 deg=2 node=app8.M5 parent=app8.M10 nbrs={app8.M10,app4.M10}
  cost=6 deg=2 node=app5.M1 parent=app4.M8 nbrs={app4.M8,app15.M11}
  cost=5 deg=2 node=app10.M10 parent=app10.M0 nbrs={app10.M0,app10.M1}
  cost=5 deg=2 node=app15.M11 parent=app15.M0 nbrs={app15.M0,app5.M1}
  cost=5 deg=2 node=app7.M2 parent=app14.M3 nbrs={app7.Asset20,app14.M3}
  cost=4 deg=2 node=app15.M9 parent=app15.M0 nbrs={app15.M0,app15.Note6}
  cost=4 deg=2 node=app15.M3 parent=app15.M0 nbrs={app15.M0,app15.Tag10}
  cost=4 deg=3 node=app10.M4 parent=app10.M0 nbrs={app10.M0,app10.M11,app15.M2}
  cost=3 deg=2 node=app1.M2 parent=app1.M5 nbrs={app1.M3,app1.M5}
  cost=3 deg=2 node=app4.M1 parent=app4.M0 nbrs={app4.M0,app4.M9}
  cost=3 deg=2 node=app8.M7 parent=app8.M0 nbrs={app8.M0,app9.M2}
[carrier-cross] segment 168 -> carrier-grouped 159 (-5%). Carriers: 168 total (3 bundle + 112 cluster-pair + 53 individual).
[isolated-stash] Stashed 7 edge-less nodes in 6-column strip at x>=30967.
[face-raster] grid 6765x5755 (cell 5.0x5.0 units), 520 faces, 38678802 bg cells (99.3% of grid)
  face #1: 25062316 cells (64.8%), bbox 6765x5755 @ (0,0)
  face #75: 7329975 cells (19.0%), bbox 5378x3749 @ (871,1870)
  face #467: 586038 cells (1.5%), bbox 1083x1085 @ (229,3108)
  face #466: 447177 cells (1.2%), bbox 1433x1091 @ (789,3102)
  face #299: 337467 cells (0.9%), bbox 1334x773 @ (318,2406)
  face #355: 219527 cells (0.6%), bbox 655x1043 @ (1388,2704)
  face #199: 206571 cells (0.5%), bbox 767x1003 @ (3758,2085)
  face #297: 193543 cells (0.5%), bbox 470x1344 @ (1314,2398)
[face-cohesion] 52 clusters analysed, 18 low-cohesion (<60% in dominant face)
  cohesion histogram:
     20%- 29%: 2 clusters
     30%- 39%: 6 clusters
     50%- 59%: 10 clusters
     60%- 69%: 10 clusters
    100%-100%: 24 clusters
  top 10 low-cohesion clusters (largest first):
    _louv_35: 4 members, 2 in dominant face, 3 faces total (50%)
    _louv_73: 4 members, 2 in dominant face, 3 faces total (50%)
    _louv_22: 4 members, 1 in dominant face, 4 faces total (25%)
    _louv_42: 4 members, 1 in dominant face, 4 faces total (25%)
    _louv_76: 3 members, 1 in dominant face, 3 faces total (33%)
    _louv_65: 3 members, 1 in dominant face, 3 faces total (33%)
    _louv_38: 3 members, 1 in dominant face, 3 faces total (33%)
    _louv_9: 3 members, 1 in dominant face, 3 faces total (33%)
    _louv_28: 3 members, 1 in dominant face, 3 faces total (33%)
    _louv_29: 3 members, 1 in dominant face, 3 faces total (33%)
[face-density] 254 micro-faces (size<50), top 10 hot regions (macro 64x64 cells):
  region (48,31): 28 micro-faces, world (14660,9317)-(14980,9637)
  region (62,34): 22 micro-faces, world (19140,10277)-(19460,10597)
  region (77,45): 15 micro-faces, world (23939,13796)-(24259,14116)
  region (61,34): 15 micro-faces, world (18820,10277)-(19140,10597)
  region (28,51): 11 micro-faces, world (8261,15716)-(8581,16036)
  region (62,33): 11 micro-faces, world (19140,9957)-(19460,10277)
  region (54,43): 9 micro-faces, world (16580,13156)-(16900,13476)
  region (54,44): 8 micro-faces, world (16580,13476)-(16900,13796)
  region (40,25): 8 micro-faces, world (12100,7397)-(12420,7717)
  region (67,29): 8 micro-faces, world (20739,8677)-(21059,8997)
[face-ppm] Wrote /tmp/face-raster.ppm (3382x2877, downsampled from 6765x5755 by 2)
[face-untangle] 19 target clusters, 30 strays, 0 moved (poly cross 166 → 166, 0 fewer)
[stuck-leaf-2d] pass 1: 3 candidates, 3 moved, 3 cost units resolved.
[stuck-leaf-2d] pass 2: 0 candidates, 0 moved, 0 cost units resolved.
[stuck-leaf-2d] 0 candidates, 3 moved → REVERTED (poly cross 166 → 167)
[hot-region-sa] 12 hot cells (≥4 cross, 170 cross pts), top 5 processed, 52/536 swap accepted (cross 170 → 169, 1 fewer)
