[community] algorithm=louvain communities=22 meta=3
[hub-bias] Super-graph: pushed 3 high-deg cluster roots to 1.4x avgR.
[cg-time] 1ms post-hub-bias
[cg-time] 1ms pre-§10-outward-radial
[cg-time] 1ms pre-§11-compose
[cg-time] 1ms pre-§12-pruning-reattach
[cg-time] 1ms pre-§13-cluster-swap
[cg-time] 4ms pre-§14-chain-straightening
[cg-time] 4ms pre-§15-pruned-cross-min
[§15.5] Optimized 9 alone-root+independent nodes (4 moves).
[cg-time] 5ms pre-bus-bundle
[bus-bundle] Created 1 bus bundles (2 members, sig ≥ 2 roots).
[xings-hotspot] total=20 xings across 27 offending edges (of 67)
  edge app0.M13↔app2.M4 xings=5 cluster=(?,?)
  edge core.Hub1↔app0.M0 xings=3 cluster=(?,_louv_2)
  edge app0.M4↔app1.M4 xings=2 cluster=(?,?)
  edge app1.M3↔app2.M3 xings=2 cluster=(_louv_13,?)
  edge core.Hub1↔app3.M0 xings=2 cluster=(?,_louv_17)
  edge app1.M0↔app1.M4 xings=2 cluster=(_louv_0,?)
  edge app1.M0↔app1.M3 xings=2 cluster=(_louv_0,_louv_13)
  edge app0.M11↔app0.M14 xings=2 cluster=(?,_louv_9)
[xings-hotspot] top cluster signatures:
  {?|_louv_0|_louv_17} xings=3
  {?|_louv_13|_louv_2} xings=2
  {?|_louv_14} xings=2
  {?|_louv_2} xings=2
  {?|_louv_0} xings=1
  {?|_louv_0|_louv_13} xings=1
  {?|_louv_0|_louv_13|_louv_2} xings=1
  {?|_louv_12|_louv_17} xings=1
[knot-min] Accepted 9 spatial swaps among 53 candidates.
[carrier-pre] 68 edges → 34 distinct carriers (cost-side filter).
[leaf-untangle] candidates=34, with-cross=8, moved=6, crossings-resolved=19.
[leaf-untangle] candidates=34, with-cross=5, moved=0, crossings-resolved=0.
[stuck-leaf-diag] 8 candidates with cost>0 (top 15 below):
  cost=6 deg=2 node=app0.M8 parent=app0.M0 nbrs={app0.M0,app0.Log13}
  cost=3 deg=1 node=app0.M2 parent=app0.M0 nbrs={app0.M0}
  cost=3 deg=2 node=app0.M5 parent=app0.M0 nbrs={app0.M0,app1.M2}
  cost=3 deg=2 node=app3.M4 parent=app3.M0 nbrs={app3.M0,app1.M1}
  cost=2 deg=2 node=app2.M2 parent=app3.M0 nbrs={app2.M0,app3.M0}
  cost=1 deg=2 node=core.Hub2 parent=app3.M0 nbrs={app1.M0,app3.M0}
  cost=1 deg=2 node=app1.M3 parent=app1.M0 nbrs={app1.M0,app2.M3}
  cost=1 deg=2 node=app2.M3 parent=app0.M3 nbrs={app0.M3,app1.M3}
[pd-knot] 7 polyline cross pairs, 0 resolved via endpoint swap.
[xings-detour] iters=1 initial-poly-pairs=9 accepted=0 (multi-seg, density-aware, polyline detect, iterative).
[visual-knot] 8→8 cross points, 0→0 hot cells (≥3), 0 handled, 0 swap accepted.
[leaf-untangle] candidates=34, with-cross=5, moved=0, crossings-resolved=0.
[stuck-leaf-diag] 8 candidates with cost>0 (top 15 below):
  cost=6 deg=2 node=app0.M8 parent=app0.M0 nbrs={app0.M0,app0.Log13}
  cost=3 deg=1 node=app0.M2 parent=app0.M0 nbrs={app0.M0}
  cost=3 deg=2 node=app0.M5 parent=app0.M0 nbrs={app0.M0,app1.M2}
  cost=3 deg=2 node=app3.M4 parent=app3.M0 nbrs={app3.M0,app1.M1}
  cost=2 deg=2 node=app2.M2 parent=app3.M0 nbrs={app2.M0,app3.M0}
  cost=1 deg=2 node=core.Hub2 parent=app3.M0 nbrs={app1.M0,app3.M0}
  cost=1 deg=2 node=app1.M3 parent=app1.M0 nbrs={app1.M0,app2.M3}
  cost=1 deg=2 node=app2.M3 parent=app0.M3 nbrs={app0.M3,app1.M3}
[carrier-cross] segment 9 -> carrier-grouped 8 (-11%). Carriers: 36 total (2 bundle + 21 cluster-pair + 13 individual).
[isolated-stash] Stashed 3 edge-less nodes in 6-column strip at x>=15063.
[face-raster] grid 3307x2151 (cell 5.0x5.0 units), 126 faces, 7045003 bg cells (99.0% of grid)
  face #1: 4826222 cells (68.5%), bbox 3307x2151 @ (0,0)
  face #2: 471033 cells (6.7%), bbox 851x1602 @ (1387,101)
  face #47: 418219 cells (5.9%), bbox 1005x841 @ (492,1039)
  face #55: 396493 cells (5.6%), bbox 1384x599 @ (99,1287)
  face #51: 263384 cells (3.7%), bbox 676x839 @ (1445,1041)
  face #38: 174229 cells (2.5%), bbox 833x1379 @ (2052,700)
  face #81: 109061 cells (1.5%), bbox 519x481 @ (2368,1605)
  face #91: 91460 cells (1.3%), bbox 861x220 @ (1508,1705)
[face-cohesion] 12 clusters analysed, 5 low-cohesion (<60% in dominant face)
  cohesion histogram:
     20%- 29%: 2 clusters
     50%- 59%: 3 clusters
     60%- 69%: 1 clusters
    100%-100%: 6 clusters
  top 5 low-cohesion clusters (largest first):
    _louv_17: 8 members, 2 in dominant face, 7 faces total (25%)
    _louv_2: 4 members, 1 in dominant face, 4 faces total (25%)
    _louv_19: 2 members, 1 in dominant face, 2 faces total (50%)
    _louv_12: 2 members, 1 in dominant face, 2 faces total (50%)
    _louv_0: 2 members, 1 in dominant face, 2 faces total (50%)
[face-density] 89 micro-faces (size<50), top 10 hot regions (macro 64x64 cells):
  region (39,24): 14 micro-faces, world (12084,7425)-(12403,7745)
  region (22,2): 14 micro-faces, world (6645,385)-(6965,705)
  region (24,29): 5 micro-faces, world (7285,9025)-(7605,9345)
  region (22,1): 4 micro-faces, world (6645,65)-(6965,385)
  region (21,6): 4 micro-faces, world (6325,1665)-(6645,1985)
  region (27,7): 4 micro-faces, world (8244,1985)-(8564,2305)
  region (23,24): 4 micro-faces, world (6965,7425)-(7285,7745)
  region (23,25): 4 micro-faces, world (6965,7745)-(7285,8065)
  region (32,31): 4 micro-faces, world (9844,9665)-(10164,9985)
  region (21,5): 3 micro-faces, world (6325,1345)-(6645,1665)
[face-ppm] Wrote /tmp/face-raster.ppm (3307x2151, downsampled from 3307x2151 by 1)
[face-untangle] 3 target clusters, 3 strays, 0 moved (poly cross 8 → 8, 0 fewer)
[stuck-leaf-2d] pass 1: 0 candidates, 0 moved, 0 cost units resolved.
[stuck-leaf-2d] 0 candidates, 0 moved, 0 cost units resolved (poly cross 8 → 8, 0 fewer)
[hot-region-sa] 0 hot cells (≥4 cross, 8 cross pts), top 0 processed, 0/0 swap accepted (cross 8 → 8, 0 fewer)
