[community] algorithm=louvain communities=93 meta=3
[hub-bias] Super-graph: pushed 8 high-deg cluster roots to 1.4x avgR.
[cg-time] 6ms post-hub-bias
[cg-time] 255ms pre-§10-outward-radial
[cg-time] 255ms pre-§11-compose
[cg-time] 255ms pre-§12-pruning-reattach
[cg-time] 255ms pre-§13-cluster-swap
[cg-time] 569ms pre-§14-chain-straightening
[cg-time] 569ms pre-§15-pruned-cross-min
[§15.5] Optimized 40 alone-root+independent nodes (6 moves).
[cg-time] 576ms pre-bus-bundle
[bus-bundle] Created 1 bus bundles (2 members, sig ≥ 2 roots).
[xings-hotspot] total=194 xings across 128 offending edges (of 259)
  edge app8.M0↔app8.M2 xings=16 cluster=(?,?)
  edge core.Hub0↔app17.M0 xings=12 cluster=(_louv_0,_louv_83)
  edge app18.M0↔app18.M5 xings=11 cluster=(_louv_87,_louv_11)
  edge core.Hub0↔app7.M0 xings=10 cluster=(_louv_0,_louv_44)
  edge app4.M0↔app16.M0 xings=10 cluster=(_louv_31,_louv_38)
  edge app1.M0↔app1.M7 xings=10 cluster=(_louv_6,?)
  edge app8.M0↔app8.M1 xings=9 cluster=(?,?)
  edge app6.M0↔app11.M0 xings=9 cluster=(?,?)
[xings-hotspot] top cluster signatures:
  {?} xings=6
  {?|_louv_69} xings=5
  {?|_louv_30} xings=4
  {?|_louv_41} xings=4
  {?|_louv_44} xings=4
  {?|_louv_6|_louv_7} xings=4
  {?|_louv_53} xings=4
  {?|_louv_0|_louv_44} xings=3
[knot-min] Accepted 48 spatial swaps among 213 candidates.
[carrier-pre] 264 edges → 161 distinct carriers (cost-side filter).
[leaf-untangle] candidates=129, with-cross=42, moved=32, crossings-resolved=112.
[leaf-untangle] candidates=129, with-cross=19, moved=4, crossings-resolved=11.
[leaf-untangle] candidates=129, with-cross=15, moved=0, crossings-resolved=0.
[stuck-leaf-diag] 22 candidates with cost>0 (top 15 below):
  cost=13 deg=1 node=app1.M12 parent=app1.M0 nbrs={app1.M0}
  cost=8 deg=3 node=app1.M5 parent=app1.M0 nbrs={app1.M0,app1.M6,app1.M11}
  cost=8 deg=3 node=app1.M11 parent=app1.M0 nbrs={app1.M0,app1.M5,app10.M6}
  cost=8 deg=2 node=app1.M13 parent=app1.M0 nbrs={app1.M0,app11.M0}
  cost=6 deg=3 node=app17.M5 parent=app17.M0 nbrs={app17.M0,app17.M8,app15.M3}
  cost=6 deg=2 node=app18.M13 parent=app18.M0 nbrs={app18.M0,app18.M6}
  cost=4 deg=1 node=app1.M10 parent=app1.M0 nbrs={app1.M0}
  cost=4 deg=3 node=app3.M5 parent=app3.M0 nbrs={app3.M0,app3.M9,app13.M2}
  cost=4 deg=2 node=app14.M4 parent=app14.M0 nbrs={app14.M0,app16.M0}
  cost=4 deg=2 node=app18.M6 parent=app18.M2 nbrs={app18.M2,app18.M13}
  cost=3 deg=2 node=app1.M1 parent=app1.M0 nbrs={app1.M0,app1.M2}
  cost=2 deg=2 node=app4.M5 parent=app8.M2 nbrs={app8.M2,app0.M7}
  cost=2 deg=3 node=app5.M5 parent=app5.M0 nbrs={app5.M0,app5.M10,app5.M9}
  cost=2 deg=2 node=app7.M4 parent=app7.M0 nbrs={app7.M0,app18.M3}
  cost=2 deg=2 node=app10.M9 parent=app10.M3 nbrs={app10.M14,app10.M3}
[pd-knot] 96 polyline cross pairs, 0 resolved via endpoint swap.
[xings-detour] iters=2 initial-poly-pairs=99 accepted=3 (multi-seg, density-aware, polyline detect, iterative).
[visual-knot] 93→93 cross points, 1→1 hot cells (≥3), 1 handled, 0 swap accepted.
[leaf-untangle] candidates=129, with-cross=15, moved=0, crossings-resolved=0.
[stuck-leaf-diag] 22 candidates with cost>0 (top 15 below):
  cost=13 deg=1 node=app1.M12 parent=app1.M0 nbrs={app1.M0}
  cost=8 deg=3 node=app1.M5 parent=app1.M0 nbrs={app1.M0,app1.M6,app1.M11}
  cost=8 deg=3 node=app1.M11 parent=app1.M0 nbrs={app1.M0,app1.M5,app10.M6}
  cost=8 deg=2 node=app1.M13 parent=app1.M0 nbrs={app1.M0,app11.M0}
  cost=6 deg=3 node=app17.M5 parent=app17.M0 nbrs={app17.M0,app17.M8,app15.M3}
  cost=6 deg=2 node=app18.M13 parent=app18.M0 nbrs={app18.M0,app18.M6}
  cost=4 deg=1 node=app1.M10 parent=app1.M0 nbrs={app1.M0}
  cost=4 deg=3 node=app3.M5 parent=app3.M0 nbrs={app3.M0,app3.M9,app13.M2}
  cost=4 deg=2 node=app14.M4 parent=app14.M0 nbrs={app14.M0,app16.M0}
  cost=4 deg=2 node=app18.M6 parent=app18.M2 nbrs={app18.M2,app18.M13}
  cost=3 deg=2 node=app1.M1 parent=app1.M0 nbrs={app1.M0,app1.M2}
  cost=2 deg=2 node=app4.M5 parent=app8.M2 nbrs={app8.M2,app0.M7}
  cost=2 deg=3 node=app5.M5 parent=app5.M0 nbrs={app5.M0,app5.M10,app5.M9}
  cost=2 deg=2 node=app7.M4 parent=app7.M0 nbrs={app7.M0,app18.M3}
  cost=2 deg=2 node=app10.M9 parent=app10.M3 nbrs={app10.M14,app10.M3}
[carrier-cross] segment 96 -> carrier-grouped 89 (-7%). Carriers: 157 total (3 bundle + 104 cluster-pair + 50 individual).
[isolated-stash] Stashed 12 edge-less nodes in 6-column strip at x>=30456.
[face-raster] grid 6687x4240 (cell 5.0x5.0 units), 363 faces, 28122848 bg cells (99.2% of grid)
  face #1: 22178457 cells (78.9%), bbox 6687x4240 @ (0,0)
  face #15: 867331 cells (3.1%), bbox 1423x1452 @ (1616,1012)
  face #4: 630541 cells (2.2%), bbox 1297x1115 @ (3971,489)
  face #3: 559664 cells (2.0%), bbox 2168x886 @ (3092,449)
  face #2: 473321 cells (1.7%), bbox 1030x910 @ (2454,106)
  face #115: 258632 cells (0.9%), bbox 1356x466 @ (4390,1523)
  face #7: 252797 cells (0.9%), bbox 625x1022 @ (5136,489)
  face #46: 244866 cells (0.9%), bbox 699x732 @ (2636,1245)
[face-cohesion] 50 clusters analysed, 23 low-cohesion (<60% in dominant face)
  cohesion histogram:
     20%- 29%: 1 clusters
     30%- 39%: 6 clusters
     50%- 59%: 16 clusters
     60%- 69%: 3 clusters
     80%- 89%: 1 clusters
    100%-100%: 23 clusters
  top 10 low-cohesion clusters (largest first):
    _louv_69: 4 members, 2 in dominant face, 2 faces total (50%)
    _louv_51: 4 members, 2 in dominant face, 3 faces total (50%)
    _louv_36: 4 members, 2 in dominant face, 2 faces total (50%)
    _louv_31: 4 members, 2 in dominant face, 3 faces total (50%)
    _louv_6: 4 members, 1 in dominant face, 4 faces total (25%)
    _louv_56: 3 members, 1 in dominant face, 3 faces total (33%)
    _louv_77: 3 members, 1 in dominant face, 3 faces total (33%)
    _louv_71: 3 members, 1 in dominant face, 3 faces total (33%)
    _louv_44: 3 members, 1 in dominant face, 3 faces total (33%)
    _louv_20: 3 members, 1 in dominant face, 3 faces total (33%)
[face-density] 168 micro-faces (size<50), top 10 hot regions (macro 64x64 cells):
  region (53,19): 20 micro-faces, world (16268,5613)-(16588,5933)
  region (56,31): 14 micro-faces, world (17228,9453)-(17548,9773)
  region (70,33): 13 micro-faces, world (21707,10093)-(22027,10413)
  region (68,25): 11 micro-faces, world (21067,7533)-(21387,7853)
  region (67,24): 10 micro-faces, world (20747,7213)-(21067,7533)
  region (59,23): 9 micro-faces, world (18188,6893)-(18508,7213)
  region (60,21): 8 micro-faces, world (18508,6253)-(18827,6573)
  region (43,30): 7 micro-faces, world (13068,9133)-(13388,9453)
  region (70,32): 7 micro-faces, world (21707,9773)-(22027,10093)
  region (66,29): 5 micro-faces, world (20427,8813)-(20747,9133)
[face-ppm] Wrote /tmp/face-raster.ppm (3343x2120, downsampled from 6687x4240 by 2)
[face-untangle] 22 target clusters, 32 strays, 0 moved (poly cross 93 → 93, 0 fewer)
[stuck-leaf-2d] pass 1: 4 candidates, 4 moved, 4 cost units resolved.
[stuck-leaf-2d] pass 2: 0 candidates, 0 moved, 0 cost units resolved.
[stuck-leaf-2d] 0 candidates, 4 moved, 4 cost units resolved (poly cross 93 → 91, 2 fewer)
[hot-region-sa] 2 hot cells (≥4 cross, 91 cross pts), top 2 processed, 33/221 swap accepted (cross 91 → 91, 0 fewer)
