[community] algorithm=louvain communities=90 meta=5
[hub-bias] Super-graph: pushed 8 high-deg cluster roots to 1.4x avgR.
[cg-time] 8ms post-hub-bias
[cg-time] 152ms pre-§10-outward-radial
[cg-time] 152ms pre-§11-compose
[cg-time] 152ms pre-§12-pruning-reattach
[cg-time] 152ms pre-§13-cluster-swap
[cg-time] 830ms pre-§14-chain-straightening
[cg-time] 830ms pre-§15-pruned-cross-min
[§15.5] Optimized 26 alone-root+independent nodes (5 moves).
[cg-time] 834ms pre-bus-bundle
[bus-bundle] Created 2 bus bundles (5 members, sig ≥ 2 roots).
[xings-hotspot] total=354 xings across 164 offending edges (of 297)
  edge app4.M0↔app14.M3 xings=19 cluster=(?,?)
  edge app17.M4↔app18.M1 xings=18 cluster=(?,_louv_83)
  edge core.Hub1↔app1.M0 xings=18 cluster=(_louv_1,_louv_13)
  edge app1.M8↔app17.M3 xings=17 cluster=(?,?)
  edge app5.M0↔app5.M11 xings=14 cluster=(_louv_33,?)
  edge app11.M3↔app12.M0 xings=14 cluster=(_louv_62,_louv_6)
  edge app17.M7↔app17.M11 xings=13 cluster=(_louv_7,_louv_60)
  edge core.Hub0↔app19.M0 xings=13 cluster=(_louv_0,_louv_84)
[xings-hotspot] top cluster signatures:
  {?|_louv_45} xings=8
  {?|_louv_60|_louv_7|_louv_80} xings=5
  {?|_louv_59|_louv_80} xings=5
  {?|_louv_20|_louv_45} xings=4
  {?|_louv_13} xings=4
  {?|_louv_0|_louv_84} xings=4
  {?|_louv_83} xings=4
  {?|_louv_33} xings=4
[knot-min] Accepted 49 spatial swaps among 224 candidates.
[knot-min-2opt] Accepted 1 cross-targeted swaps.
[carrier-pre] 299 edges → 192 distinct carriers (cost-side filter).
[leaf-untangle] candidates=120, with-cross=49, moved=41, crossings-resolved=117.
[leaf-untangle] candidates=120, with-cross=21, moved=8, crossings-resolved=15.
[leaf-untangle] candidates=120, with-cross=18, moved=1, crossings-resolved=1.
[leaf-untangle] candidates=120, with-cross=17, moved=1, crossings-resolved=1.
[stuck-leaf-diag] 18 candidates with cost>0 (top 15 below):
  cost=13 deg=3 node=app8.M11 parent=app8.M0 nbrs={app8.M0,app8.M9,app16.M0}
  cost=12 deg=3 node=app16.M6 parent=app16.M0 nbrs={app16.M0,app16.M1,app11.M7}
  cost=9 deg=3 node=app9.M2 parent=app9.M0 nbrs={app9.M0,app9.M8,app16.M2}
  cost=6 deg=2 node=app8.M8 parent=app8.M0 nbrs={app8.M0,app8.M9}
  cost=6 deg=3 node=app11.M5 parent=app11.M0 nbrs={app11.M0,app11.M6,app4.M1}
  cost=4 deg=2 node=app1.M6 parent=app1.M0 nbrs={app1.M0,app1.M5}
  cost=4 deg=3 node=app5.M1 parent=app5.M10 nbrs={app5.Asset14,app5.M10,app5.M2}
  cost=4 deg=2 node=app8.M2 parent=app8.M0 nbrs={app8.M0,app13.M7}
  cost=3 deg=2 node=app0.M1 parent=app0.M0 nbrs={app0.M0,app19.M9}
  cost=3 deg=3 node=app9.M8 parent=app9.M0 nbrs={app9.M0,app9.M2,app10.M5}
  cost=3 deg=2 node=app13.M7 parent=app13.M0 nbrs={app13.M0,app8.M2}
  cost=2 deg=3 node=app18.M0 parent=app18.M1 nbrs={app18.M1,app18.M3,app4.M1}
  cost=2 deg=2 node=app19.M9 parent=app19.M0 nbrs={app19.M0,app0.M1}
  cost=1 deg=3 node=app2.M1 parent=app2.M0 nbrs={app2.M0,app2.M14,app15.M0}
  cost=1 deg=2 node=app10.M1 parent=app10.M0 nbrs={app10.M0,app10.M2}
[pd-knot] 244 polyline cross pairs, 1 resolved via endpoint swap.
[xings-detour] iters=2 initial-poly-pairs=255 accepted=12 (multi-seg, density-aware, polyline detect, iterative).
[visual-knot] 240→236 cross points, 22→22 hot cells (≥3), 44 handled, 2 swap accepted.
[leaf-untangle] candidates=120, with-cross=18, moved=4, crossings-resolved=9.
[leaf-untangle] candidates=120, with-cross=17, moved=0, crossings-resolved=0.
[stuck-leaf-diag] 18 candidates with cost>0 (top 15 below):
  cost=12 deg=3 node=app9.M2 parent=app9.M0 nbrs={app9.M0,app9.M8,app16.M2}
  cost=12 deg=3 node=app16.M6 parent=app16.M0 nbrs={app16.M0,app16.M1,app11.M7}
  cost=10 deg=3 node=app8.M11 parent=app8.M0 nbrs={app8.M0,app8.M9,app16.M0}
  cost=6 deg=3 node=app11.M5 parent=app11.M0 nbrs={app11.M0,app11.M6,app4.M1}
  cost=5 deg=2 node=app8.M8 parent=app8.M0 nbrs={app8.M0,app8.M9}
  cost=4 deg=2 node=app1.M6 parent=app1.M0 nbrs={app1.M0,app1.M5}
  cost=4 deg=3 node=app5.M1 parent=app5.M10 nbrs={app5.Asset14,app5.M10,app5.M2}
  cost=4 deg=2 node=app8.M2 parent=app8.M0 nbrs={app8.M0,app13.M7}
  cost=3 deg=2 node=app0.M1 parent=app0.M0 nbrs={app0.M0,app19.M9}
  cost=3 deg=3 node=app9.M8 parent=app9.M0 nbrs={app9.M0,app9.M2,app10.M5}
  cost=3 deg=2 node=app13.M7 parent=app13.M0 nbrs={app13.M0,app8.M2}
  cost=2 deg=2 node=app19.M9 parent=app19.M0 nbrs={app19.M0,app0.M1}
  cost=1 deg=3 node=app2.M1 parent=app2.M0 nbrs={app2.M0,app2.M14,app15.M0}
  cost=1 deg=2 node=app10.M1 parent=app10.M0 nbrs={app10.M0,app10.M2}
  cost=1 deg=1 node=app14.M7 parent=app14.M0 nbrs={app14.M0}
[carrier-cross] segment 241 -> carrier-grouped 217 (-10%). Carriers: 186 total (4 bundle + 131 cluster-pair + 51 individual).
[isolated-stash] Stashed 14 edge-less nodes in 6-column strip at x>=26891.
[face-raster] grid 6081x3135 (cell 5.0x5.0 units), 717 faces, 18793898 bg cells (98.6% of grid)
  face #1: 10562481 cells (56.2%), bbox 6081x3135 @ (0,0)
  face #683: 1670499 cells (8.9%), bbox 5087x1201 @ (375,1805)
  face #627: 720304 cells (3.8%), bbox 1309x824 @ (2729,1721)
  face #264: 529177 cells (2.8%), bbox 1617x999 @ (411,754)
  face #482: 429491 cells (2.3%), bbox 1711x639 @ (417,1120)
  face #621: 420759 cells (2.2%), bbox 1762x448 @ (376,1646)
  face #382: 354173 cells (1.9%), bbox 1602x1006 @ (3906,906)
  face #684: 277360 cells (1.5%), bbox 1552x450 @ (3892,1825)
[face-cohesion] 51 clusters analysed, 21 low-cohesion (<60% in dominant face)
  cohesion histogram:
     20%- 29%: 2 clusters
     30%- 39%: 1 clusters
     40%- 49%: 2 clusters
     50%- 59%: 16 clusters
     60%- 69%: 11 clusters
     70%- 79%: 2 clusters
     80%- 89%: 2 clusters
    100%-100%: 15 clusters
  top 10 low-cohesion clusters (largest first):
    _louv_80: 5 members, 2 in dominant face, 4 faces total (40%)
    _louv_73: 5 members, 2 in dominant face, 3 faces total (40%)
    _louv_59: 4 members, 1 in dominant face, 4 faces total (25%)
    _louv_45: 4 members, 1 in dominant face, 4 faces total (25%)
    _louv_2: 3 members, 1 in dominant face, 3 faces total (33%)
    _louv_86: 2 members, 1 in dominant face, 2 faces total (50%)
    _louv_78: 2 members, 1 in dominant face, 2 faces total (50%)
    _louv_83: 2 members, 1 in dominant face, 2 faces total (50%)
    _louv_54: 2 members, 1 in dominant face, 2 faces total (50%)
    _louv_48: 2 members, 1 in dominant face, 2 faces total (50%)
[face-density] 371 micro-faces (size<50), top 10 hot regions (macro 64x64 cells):
  region (39,27): 29 micro-faces, world (11144,8289)-(11464,8609)
  region (55,22): 26 micro-faces, world (16264,6689)-(16584,7009)
  region (21,21): 23 micro-faces, world (5385,6369)-(5705,6689)
  region (48,10): 19 micro-faces, world (14024,2850)-(14344,3170)
  region (49,4): 18 micro-faces, world (14344,930)-(14664,1250)
  region (52,13): 15 micro-faces, world (15304,3810)-(15624,4130)
  region (38,10): 13 micro-faces, world (10825,2850)-(11144,3170)
  region (33,17): 12 micro-faces, world (9225,5090)-(9545,5409)
  region (7,27): 11 micro-faces, world (906,8289)-(1226,8609)
  region (56,17): 10 micro-faces, world (16584,5090)-(16904,5409)
[face-ppm] Wrote /tmp/face-raster.ppm (3040x1567, downsampled from 6081x3135 by 2)
[face-untangle] 20 target clusters, 26 strays, 2 moved (poly cross 235 → 235, 0 fewer)
[stuck-leaf-2d] pass 1: 1 candidates, 1 moved, 1 cost units resolved.
[stuck-leaf-2d] pass 2: 0 candidates, 0 moved, 0 cost units resolved.
[stuck-leaf-2d] 0 candidates, 1 moved, 1 cost units resolved (poly cross 235 → 234, 1 fewer)
[hot-region-sa] 15 hot cells (≥4 cross, 234 cross pts), top 5 processed, 13/340 swap accepted (cross 234 → 234, 0 fewer)
