[community] algorithm=louvain communities=18 meta=3
[hub-bias] Super-graph: pushed 3 high-deg cluster roots to 1.4x avgR.
[cg-time] 2ms post-hub-bias
[cg-time] 2ms pre-§10-outward-radial
[cg-time] 2ms pre-§11-compose
[cg-time] 2ms pre-§12-pruning-reattach
[cg-time] 2ms pre-§13-cluster-swap
[cg-time] 4ms pre-§14-chain-straightening
[cg-time] 4ms pre-§15-pruned-cross-min
[§15.5] Optimized 6 alone-root+independent nodes (2 moves).
[cg-time] 5ms pre-bus-bundle
[bus-bundle] Created 1 bus bundles (2 members, sig ≥ 2 roots).
[xings-hotspot] total=20 xings across 20 offending edges (of 69)
  edge app3.M1↔app4.M12 xings=8 cluster=(?,_louv_15)
  edge app4.M0↔app4.M2 xings=4 cluster=(_louv_15,?)
  edge core.Hub0↔app3.M0 xings=3 cluster=(?,_louv_14)
  edge app1.M0↔app4.M4 xings=3 cluster=(_louv_7,_louv_8)
  edge core.Hub1↔app0.M0 xings=2 cluster=(?,_louv_2)
  edge core.Hub1↔app1.M0 xings=2 cluster=(?,_louv_7)
  edge app1.M1↔app4.M4 xings=2 cluster=(?,_louv_8)
  edge app1.M2↔app5.M5 xings=2 cluster=(?,?)
[xings-hotspot] top cluster signatures:
  {?|_louv_15} xings=3
  {?|_louv_15|_louv_7} xings=3
  {?|_louv_15|_louv_7|_louv_8} xings=3
  {?|_louv_11} xings=2
  {?|_louv_14} xings=2
  {?|_louv_15|_louv_8} xings=2
  {?|_louv_14|_louv_15} xings=1
  {?|_louv_14|_louv_2} xings=1
[knot-min] Accepted 12 spatial swaps among 47 candidates.
[carrier-pre] 71 edges → 33 distinct carriers (cost-side filter).
[leaf-untangle] candidates=24, with-cross=7, moved=7, crossings-resolved=45.
[leaf-untangle] candidates=24, with-cross=1, moved=0, crossings-resolved=0.
[stuck-leaf-diag] 3 candidates with cost>0 (top 15 below):
  cost=4 deg=2 node=app2.M10 parent=app2.M0 nbrs={app2.M0,app4.M2}
  cost=3 deg=1 node=app4.M10 parent=app4.M0 nbrs={app4.M0}
  cost=1 deg=3 node=app5.M1 parent=app5.M0 nbrs={app5.M0,app2.M12,app3.M1}
[pd-knot] 10 polyline cross pairs, 0 resolved via endpoint swap.
[xings-detour] iters=2 initial-poly-pairs=11 accepted=1 (multi-seg, density-aware, polyline detect, iterative).
[visual-knot] 10→10 cross points, 1→1 hot cells (≥3), 1 handled, 0 swap accepted.
[leaf-untangle] candidates=24, with-cross=1, moved=0, crossings-resolved=0.
[stuck-leaf-diag] 3 candidates with cost>0 (top 15 below):
  cost=4 deg=2 node=app2.M10 parent=app2.M0 nbrs={app2.M0,app4.M2}
  cost=3 deg=1 node=app4.M10 parent=app4.M0 nbrs={app4.M0}
  cost=1 deg=3 node=app5.M1 parent=app5.M0 nbrs={app5.M0,app2.M12,app3.M1}
[carrier-cross] segment 10 -> carrier-grouped 8 (-20%). Carriers: 35 total (3 bundle + 22 cluster-pair + 10 individual).
[isolated-stash] Stashed 3 edge-less nodes in 6-column strip at x>=14163.
[face-raster] grid 3109x4098 (cell 5.0x5.0 units), 150 faces, 12672433 bg cells (99.5% of grid)
  face #1: 10214647 cells (80.6%), bbox 3109x4098 @ (0,0)
  face #53: 490571 cells (3.9%), bbox 681x1477 @ (277,2465)
  face #2: 430274 cells (3.4%), bbox 960x2497 @ (231,100)
  face #28: 323987 cells (2.6%), bbox 641x1074 @ (159,1443)
  face #20: 289485 cells (2.3%), bbox 671x1514 @ (135,885)
  face #26: 273812 cells (2.2%), bbox 599x1011 @ (479,1033)
  face #41: 122930 cells (1.0%), bbox 476x550 @ (192,2251)
  face #42: 115080 cells (0.9%), bbox 353x654 @ (669,2340)
[face-cohesion] 10 clusters analysed, 3 low-cohesion (<60% in dominant face)
  cohesion histogram:
     10%- 19%: 1 clusters
     50%- 59%: 2 clusters
     60%- 69%: 1 clusters
     80%- 89%: 2 clusters
    100%-100%: 4 clusters
  top 3 low-cohesion clusters (largest first):
    _louv_15: 6 members, 1 in dominant face, 6 faces total (17%)
    _louv_11: 2 members, 1 in dominant face, 2 faces total (50%)
    _louv_1: 2 members, 1 in dominant face, 2 faces total (50%)
[face-density] 113 micro-faces (size<50), top 10 hot regions (macro 64x64 cells):
  region (7,51): 21 micro-faces, world (1893,15876)-(2213,16196)
  region (8,52): 19 micro-faces, world (2213,16196)-(2533,16516)
  region (4,44): 15 micro-faces, world (933,13636)-(1253,13956)
  region (4,2): 10 micro-faces, world (933,198)-(1253,518)
  region (2,38): 9 micro-faces, world (293,11716)-(613,12036)
  region (17,41): 5 micro-faces, world (5093,12676)-(5413,12996)
  region (18,41): 5 micro-faces, world (5413,12676)-(5733,12996)
  region (3,44): 4 micro-faces, world (613,13636)-(933,13956)
  region (3,1): 3 micro-faces, world (613,-122)-(933,198)
  region (10,24): 3 micro-faces, world (2853,7237)-(3173,7557)
[face-ppm] Wrote /tmp/face-raster.ppm (1554x2049, downsampled from 3109x4098 by 2)
[face-untangle] 2 target clusters, 2 strays, 0 moved (poly cross 10 → 10, 0 fewer)
[stuck-leaf-2d] pass 1: 0 candidates, 0 moved, 0 cost units resolved.
[stuck-leaf-2d] 0 candidates, 0 moved, 0 cost units resolved (poly cross 10 → 10, 0 fewer)
[hot-region-sa] 0 hot cells (≥4 cross, 10 cross pts), top 0 processed, 0/0 swap accepted (cross 10 → 10, 0 fewer)
