[community] algorithm=louvain communities=97 meta=5
[hub-bias] Super-graph: pushed 11 high-deg cluster roots to 1.4x avgR.
[cg-time] 8ms post-hub-bias
[cg-time] 147ms pre-§10-outward-radial
[cg-time] 147ms pre-§11-compose
[cg-time] 147ms pre-§12-pruning-reattach
[cg-time] 147ms pre-§13-cluster-swap
[cg-time] 1110ms pre-§14-chain-straightening
[cg-time] 1110ms pre-§15-pruned-cross-min
[§15.5] Optimized 25 alone-root+independent nodes (4 moves).
[cg-time] 1118ms pre-bus-bundle
[xings-hotspot] total=404 xings across 148 offending edges (of 317)
  edge app14.M2↔app16.M4 xings=25 cluster=(?,_louv_84)
  edge app0.M1↔app3.M0 xings=24 cluster=(?,_louv_0)
  edge app2.M4↔app10.M5 xings=20 cluster=(_louv_10,?)
  edge app3.M0↔app3.M2 xings=20 cluster=(_louv_0,?)
  edge core.Hub1↔app19.M0 xings=20 cluster=(?,_louv_95)
  edge core.Hub2↔app18.M0 xings=19 cluster=(_louv_2,?)
  edge core.Hub1↔app18.M0 xings=19 cluster=(?,?)
  edge app5.M6↔app12.M0 xings=18 cluster=(_louv_29,_louv_69)
[xings-hotspot] top cluster signatures:
  {?|_louv_84} xings=13
  {?|_louv_0} xings=12
  {?|_louv_21} xings=8
  {?|_louv_3|_louv_84} xings=7
  {?|_louv_0|_louv_21} xings=7
  {?|_louv_0|_louv_61} xings=5
  {?|_louv_0|_louv_2} xings=5
  {?|_louv_2|_louv_3|_louv_84} xings=5
[knot-min] Accepted 55 spatial swaps among 253 candidates.
[knot-min-2opt] Accepted 4 cross-targeted swaps.
[carrier-pre] 321 edges → 212 distinct carriers (cost-side filter).
[leaf-untangle] candidates=158, with-cross=53, moved=44, crossings-resolved=129.
[leaf-untangle] candidates=158, with-cross=26, moved=14, crossings-resolved=40.
[leaf-untangle] candidates=158, with-cross=19, moved=2, crossings-resolved=6.
[leaf-untangle] candidates=158, with-cross=17, moved=0, crossings-resolved=0.
[stuck-leaf-diag] 19 candidates with cost>0 (top 15 below):
  cost=12 deg=3 node=app18.M1 parent=app18.M0 nbrs={app18.M0,app11.M9,app15.M6}
  cost=11 deg=3 node=app9.M8 parent=app9.M0 nbrs={app9.M0,app9.M7,app5.M6}
  cost=6 deg=2 node=app6.M5 parent=app6.M0 nbrs={app6.M0,app6.Address63}
  cost=6 deg=2 node=app11.M11 parent=app11.M0 nbrs={app11.M0,app11.M5}
  cost=6 deg=3 node=app12.M2 parent=app12.M0 nbrs={app12.M0,app12.M1,app0.M3}
  cost=5 deg=3 node=app11.M9 parent=app11.M0 nbrs={app11.M0,app15.M6,app18.M1}
  cost=3 deg=2 node=app6.M10 parent=app6.M0 nbrs={app6.M0,app6.M7}
  cost=3 deg=2 node=app19.M2 parent=app19.M0 nbrs={app19.M0,app19.M4}
  cost=3 deg=3 node=app19.M4 parent=app19.M0 nbrs={app19.M0,app19.M2,app4.M9}
  cost=2 deg=2 node=app0.M2 parent=app0.M0 nbrs={app0.M0,app0.M3}
  cost=2 deg=2 node=app11.M10 parent=app11.M0 nbrs={app11.M0,app11.File40}
  cost=2 deg=2 node=app18.M2 parent=app18.M0 nbrs={app18.M0,app3.M1}
  cost=2 deg=1 node=app11.File40 parent=app11.M10 nbrs={app11.M10}
  cost=1 deg=3 node=app1.M1 parent=app1.M0 nbrs={app1.M0,app1.M3,app19.M5}
  cost=1 deg=2 node=app5.M7 parent=app5.M0 nbrs={app5.M0,app5.Address49}
[pd-knot] 268 polyline cross pairs, 0 resolved via endpoint swap.
[xings-detour] iters=2 initial-poly-pairs=273 accepted=3 (multi-seg, density-aware, polyline detect, iterative).
[visual-knot] 269→269 cross points, 15→15 hot cells (≥3), 15 handled, 0 swap accepted.
[leaf-untangle] candidates=158, with-cross=17, moved=0, crossings-resolved=0.
[stuck-leaf-diag] 19 candidates with cost>0 (top 15 below):
  cost=12 deg=3 node=app18.M1 parent=app18.M0 nbrs={app18.M0,app11.M9,app15.M6}
  cost=11 deg=3 node=app9.M8 parent=app9.M0 nbrs={app9.M0,app9.M7,app5.M6}
  cost=6 deg=2 node=app6.M5 parent=app6.M0 nbrs={app6.M0,app6.Address63}
  cost=6 deg=2 node=app11.M11 parent=app11.M0 nbrs={app11.M0,app11.M5}
  cost=6 deg=3 node=app12.M2 parent=app12.M0 nbrs={app12.M0,app12.M1,app0.M3}
  cost=5 deg=3 node=app11.M9 parent=app11.M0 nbrs={app11.M0,app15.M6,app18.M1}
  cost=3 deg=2 node=app6.M10 parent=app6.M0 nbrs={app6.M0,app6.M7}
  cost=3 deg=2 node=app19.M2 parent=app19.M0 nbrs={app19.M0,app19.M4}
  cost=3 deg=3 node=app19.M4 parent=app19.M0 nbrs={app19.M0,app19.M2,app4.M9}
  cost=2 deg=2 node=app0.M2 parent=app0.M0 nbrs={app0.M0,app0.M3}
  cost=2 deg=2 node=app11.M10 parent=app11.M0 nbrs={app11.M0,app11.File40}
  cost=2 deg=2 node=app18.M2 parent=app18.M0 nbrs={app18.M0,app3.M1}
  cost=2 deg=1 node=app11.File40 parent=app11.M10 nbrs={app11.M10}
  cost=1 deg=3 node=app1.M1 parent=app1.M0 nbrs={app1.M0,app1.M3,app19.M5}
  cost=1 deg=2 node=app5.M7 parent=app5.M0 nbrs={app5.M0,app5.Address49}
[carrier-cross] segment 269 -> carrier-grouped 235 (-13%). Carriers: 208 total (1 bundle + 138 cluster-pair + 69 individual).
[isolated-stash] Stashed 11 edge-less nodes in 6-column strip at x>=43110.
[face-raster] grid 9303x5600 (cell 5.0x5.0 units), 824 faces, 51777270 bg cells (99.4% of grid)
  face #1: 42673229 cells (82.4%), bbox 9303x5600 @ (0,0)
  face #22: 550622 cells (1.1%), bbox 1585x854 @ (1930,994)
  face #471: 527884 cells (1.0%), bbox 1183x1440 @ (3029,2418)
  face #661: 446150 cells (0.9%), bbox 1349x918 @ (2852,2946)
  face #718: 408370 cells (0.8%), bbox 1669x1648 @ (920,3351)
  face #3: 326841 cells (0.6%), bbox 764x963 @ (1312,648)
  face #639: 326717 cells (0.6%), bbox 1906x2121 @ (668,2867)
  face #738: 246917 cells (0.5%), bbox 602x973 @ (1930,3470)
[face-cohesion] 69 clusters analysed, 26 low-cohesion (<60% in dominant face)
  cohesion histogram:
     20%- 29%: 2 clusters
     30%- 39%: 8 clusters
     50%- 59%: 16 clusters
     60%- 69%: 9 clusters
     70%- 79%: 1 clusters
     80%- 89%: 1 clusters
    100%-100%: 32 clusters
  top 10 low-cohesion clusters (largest first):
    _louv_34: 6 members, 2 in dominant face, 5 faces total (33%)
    _louv_86: 6 members, 3 in dominant face, 3 faces total (50%)
    _louv_61: 6 members, 3 in dominant face, 3 faces total (50%)
    _louv_28: 5 members, 1 in dominant face, 5 faces total (20%)
    _louv_55: 5 members, 1 in dominant face, 5 faces total (20%)
    _louv_6: 4 members, 2 in dominant face, 3 faces total (50%)
    _louv_29: 4 members, 2 in dominant face, 3 faces total (50%)
    _louv_95: 3 members, 1 in dominant face, 3 faces total (33%)
    _louv_33: 3 members, 1 in dominant face, 3 faces total (33%)
    _louv_18: 3 members, 1 in dominant face, 3 faces total (33%)
[face-density] 421 micro-faces (size<50), top 10 hot regions (macro 64x64 cells):
  region (19,25): 21 micro-faces, world (5120,7413)-(5440,7733)
  region (9,31): 21 micro-faces, world (1921,9333)-(2241,9653)
  region (28,26): 20 micro-faces, world (8000,7733)-(8320,8053)
  region (21,21): 16 micro-faces, world (5760,6133)-(6080,6453)
  region (65,59): 14 micro-faces, world (19840,18292)-(20160,18612)
  region (32,16): 13 micro-faces, world (9280,4533)-(9600,4853)
  region (27,57): 12 micro-faces, world (7680,17652)-(8000,17972)
  region (40,77): 12 micro-faces, world (11840,24051)-(12160,24371)
  region (56,40): 11 micro-faces, world (16960,12212)-(17280,12532)
  region (34,28): 10 micro-faces, world (9920,8373)-(10240,8693)
[face-ppm] Wrote /tmp/face-raster.ppm (2325x1400, downsampled from 9303x5600 by 4)
[face-untangle] 24 target clusters, 40 strays, 2 moved (poly cross 269 → 268, 1 fewer)
[stuck-leaf-2d] pass 1: 0 candidates, 0 moved, 0 cost units resolved.
[stuck-leaf-2d] 0 candidates, 0 moved, 0 cost units resolved (poly cross 268 → 268, 0 fewer)
[hot-region-sa] 19 hot cells (≥4 cross, 268 cross pts), top 5 processed, 65/464 swap accepted (cross 268 → 268, 0 fewer)
