[community] algorithm=louvain communities=74 meta=3
[hub-bias] Super-graph: pushed 2 high-deg cluster roots to 1.4x avgR.
[cg-time] 7ms post-hub-bias
[cg-time] 3342ms pre-§10-outward-radial
[cg-time] 3342ms pre-§11-compose
[cg-time] 3342ms pre-§12-pruning-reattach
[cg-time] 3342ms pre-§13-cluster-swap
[cg-time] 3778ms pre-§14-chain-straightening
[cg-time] 3779ms pre-§15-pruned-cross-min
[§15.5] Optimized 39 alone-root+independent nodes (7 moves).
[cg-time] 3784ms pre-bus-bundle
[bus-bundle] Created 2 bus bundles (4 members, sig ≥ 2 roots).
[xings-hotspot] total=371 xings across 143 offending edges (of 258)
  edge app0.M3↔app6.M3 xings=21 cluster=(_louv_4,?)
  edge core.Hub0↔app1.M0 xings=20 cluster=(?,_louv_6)
  edge core.Hub0↔app0.M0 xings=18 cluster=(?,_louv_1)
  edge app3.M1↔app10.M2 xings=17 cluster=(?,?)
  edge app12.M0↔app17.M9 xings=16 cluster=(_louv_51,?)
  edge app11.M6↔app13.M10 xings=16 cluster=(?,?)
  edge app5.M0↔app5.M9 xings=15 cluster=(_louv_19,_louv_24)
  edge app5.M7↔app12.M7 xings=14 cluster=(_louv_20,?)
[xings-hotspot] top cluster signatures:
  {?|_louv_51} xings=24
  {?|_louv_13} xings=12
  {?|_louv_66} xings=11
  {?|_louv_1} xings=8
  {?|_louv_33} xings=8
  {?|_louv_16|_louv_66} xings=7
  {?|_louv_25|_louv_66} xings=7
  {?|_louv_44|_louv_66} xings=7
[knot-min] Accepted 76 spatial swaps among 190 candidates.
[knot-min-2opt] Accepted 2 cross-targeted swaps.
[carrier-pre] 263 edges → 139 distinct carriers (cost-side filter).
[leaf-untangle] candidates=105, with-cross=43, moved=36, crossings-resolved=108.
[leaf-untangle] candidates=105, with-cross=31, moved=19, crossings-resolved=38.
[leaf-untangle] candidates=105, with-cross=24, moved=12, crossings-resolved=29.
[leaf-untangle] candidates=105, with-cross=17, moved=2, crossings-resolved=5.
[stuck-leaf-diag] 20 candidates with cost>0 (top 15 below):
  cost=9 deg=2 node=app7.M1 parent=app7.M0 nbrs={app7.M0,app11.M0}
  cost=7 deg=2 node=app5.M2 parent=app5.M7 nbrs={app5.M10,app5.M7}
  cost=7 deg=2 node=app12.M1 parent=app12.M0 nbrs={app12.M0,app10.M0}
  cost=6 deg=3 node=app2.M1 parent=app2.M0 nbrs={app2.M0,app1.M6,app7.M2}
  cost=6 deg=2 node=app13.M12 parent=app13.M0 nbrs={app13.M0,app13.Note16}
  cost=4 deg=2 node=app5.M10 parent=app5.M0 nbrs={app5.M0,app5.M2}
  cost=3 deg=2 node=app0.M5 parent=app0.M0 nbrs={app0.M0,app15.M0}
  cost=3 deg=3 node=app5.M8 parent=app5.M0 nbrs={app5.M0,app5.M1,app0.M2}
  cost=3 deg=2 node=app13.M1 parent=app13.M2 nbrs={app13.M2,app13.M13}
  cost=3 deg=2 node=app15.M4 parent=app2.M0 nbrs={app15.File10,app2.M0}
  cost=3 deg=2 node=app17.M3 parent=app17.M0 nbrs={app17.M0,app0.M0}
  cost=3 deg=1 node=app13.Note38 parent=app13.M2 nbrs={app13.M2}
  cost=2 deg=3 node=app9.M1 parent=app9.M0 nbrs={app9.M0,app9.M2,app7.M7}
  cost=2 deg=3 node=app11.M8 parent=app11.M0 nbrs={app11.M0,app11.M3,app11.Tag46}
  cost=2 deg=1 node=app5.Tag22 parent=app5.M0 nbrs={app5.M0}
[pd-knot] 191 polyline cross pairs, 3 resolved via endpoint swap.
[xings-detour] iters=2 initial-poly-pairs=235 accepted=7 (multi-seg, density-aware, polyline detect, iterative).
[visual-knot] 221→221 cross points, 25→25 hot cells (≥3), 25 handled, 0 swap accepted.
[leaf-untangle] candidates=105, with-cross=21, moved=7, crossings-resolved=16.
[leaf-untangle] candidates=105, with-cross=16, moved=1, crossings-resolved=6.
[leaf-untangle] candidates=105, with-cross=15, moved=0, crossings-resolved=0.
[stuck-leaf-diag] 18 candidates with cost>0 (top 15 below):
  cost=7 deg=2 node=app12.M1 parent=app12.M0 nbrs={app12.M0,app10.M0}
  cost=6 deg=2 node=app5.M2 parent=app5.M7 nbrs={app5.M10,app5.M7}
  cost=6 deg=2 node=app13.M12 parent=app13.M0 nbrs={app13.M0,app13.Note16}
  cost=5 deg=3 node=app2.M1 parent=app2.M0 nbrs={app2.M0,app1.M6,app7.M2}
  cost=5 deg=2 node=app7.M1 parent=app7.M0 nbrs={app7.M0,app11.M0}
  cost=3 deg=2 node=app0.M5 parent=app0.M0 nbrs={app0.M0,app15.M0}
  cost=3 deg=3 node=app5.M8 parent=app5.M0 nbrs={app5.M0,app5.M1,app0.M2}
  cost=3 deg=2 node=app13.M1 parent=app13.M2 nbrs={app13.M2,app13.M13}
  cost=3 deg=2 node=app17.M3 parent=app17.M0 nbrs={app17.M0,app0.M0}
  cost=3 deg=1 node=app13.Note38 parent=app13.M2 nbrs={app13.M2}
  cost=2 deg=3 node=app9.M1 parent=app9.M0 nbrs={app9.M0,app9.M2,app7.M7}
  cost=2 deg=3 node=app11.M8 parent=app11.M0 nbrs={app11.M0,app11.M3,app11.Tag46}
  cost=1 deg=3 node=app1.M1 parent=app1.M0 nbrs={app1.M0,app1.M5,app8.M3}
  cost=1 deg=3 node=app1.M5 parent=app1.M0 nbrs={app1.M0,app1.Log51,app1.M1}
  cost=1 deg=2 node=app5.M10 parent=app5.M0 nbrs={app5.M0,app5.M2}
[carrier-cross] segment 224 -> carrier-grouped 165 (-26%). Carriers: 150 total (4 bundle + 104 cluster-pair + 42 individual).
[isolated-stash] Stashed 4 edge-less nodes in 6-column strip at x>=23810.
[face-raster] grid 5182x4517 (cell 5.0x5.0 units), 589 faces, 23210832 bg cells (99.2% of grid)
  face #1: 20708350 cells (89.2%), bbox 5182x4517 @ (0,0)
  face #4: 528749 cells (2.3%), bbox 2022x913 @ (444,107)
  face #165: 153965 cells (0.7%), bbox 889x659 @ (2462,1479)
  face #3: 144053 cells (0.6%), bbox 1026x899 @ (441,107)
  face #10: 127201 cells (0.5%), bbox 1006x1147 @ (445,113)
  face #441: 123451 cells (0.5%), bbox 987x317 @ (2176,1853)
  face #35: 96549 cells (0.4%), bbox 390x420 @ (2223,1049)
  face #27: 94061 cells (0.4%), bbox 393x495 @ (2506,981)
[face-cohesion] 42 clusters analysed, 19 low-cohesion (<60% in dominant face)
  cohesion histogram:
     10%- 19%: 2 clusters
     20%- 29%: 2 clusters
     30%- 39%: 4 clusters
     50%- 59%: 11 clusters
     60%- 69%: 6 clusters
     70%- 79%: 2 clusters
    100%-100%: 15 clusters
  top 10 low-cohesion clusters (largest first):
    _louv_51: 8 members, 1 in dominant face, 8 faces total (12%)
    _louv_66: 6 members, 1 in dominant face, 6 faces total (17%)
    _louv_36: 4 members, 2 in dominant face, 3 faces total (50%)
    _louv_30: 4 members, 1 in dominant face, 4 faces total (25%)
    _louv_19: 4 members, 1 in dominant face, 4 faces total (25%)
    _louv_41: 3 members, 1 in dominant face, 3 faces total (33%)
    _louv_20: 3 members, 1 in dominant face, 3 faces total (33%)
    _louv_5: 3 members, 1 in dominant face, 3 faces total (33%)
    _louv_68: 3 members, 1 in dominant face, 3 faces total (33%)
    _louv_62: 2 members, 1 in dominant face, 2 faces total (50%)
[face-density] 271 micro-faces (size<50), top 10 hot regions (macro 64x64 cells):
  region (35,17): 41 micro-faces, world (10652,4956)-(10972,5276)
  region (49,32): 21 micro-faces, world (15131,9755)-(15451,10075)
  region (39,29): 17 micro-faces, world (11931,8795)-(12251,9115)
  region (29,30): 10 micro-faces, world (8732,9115)-(9052,9435)
  region (32,27): 10 micro-faces, world (9692,8155)-(10012,8475)
  region (42,23): 9 micro-faces, world (12891,6876)-(13211,7195)
  region (32,28): 9 micro-faces, world (9692,8475)-(10012,8795)
  region (30,26): 8 micro-faces, world (9052,7835)-(9372,8155)
  region (23,30): 7 micro-faces, world (6812,9115)-(7132,9435)
  region (31,27): 7 micro-faces, world (9372,8155)-(9692,8475)
[face-ppm] Wrote /tmp/face-raster.ppm (2591x2258, downsampled from 5182x4517 by 2)
[face-untangle] 15 target clusters, 20 strays, 3 moved (poly cross 222 → 216, 6 fewer)
[stuck-leaf-2d] pass 1: 0 candidates, 0 moved, 0 cost units resolved.
[stuck-leaf-2d] 0 candidates, 0 moved, 0 cost units resolved (poly cross 216 → 216, 0 fewer)
[hot-region-sa] 22 hot cells (≥4 cross, 216 cross pts), top 5 processed, 61/870 swap accepted (cross 216 → 209, 7 fewer)
