[community] algorithm=louvain communities=91 meta=4
[hub-bias] Super-graph: pushed 10 high-deg cluster roots to 1.4x avgR.
[cg-time] 7ms post-hub-bias
[cg-time] 70ms pre-§10-outward-radial
[cg-time] 70ms pre-§11-compose
[cg-time] 70ms pre-§12-pruning-reattach
[cg-time] 70ms pre-§13-cluster-swap
[cg-time] 484ms pre-§14-chain-straightening
[cg-time] 484ms pre-§15-pruned-cross-min
[§15.5] Optimized 17 alone-root+independent nodes (2 moves).
[cg-time] 487ms pre-bus-bundle
[bus-bundle] Created 1 bus bundles (2 members, sig ≥ 2 roots).
[xings-hotspot] total=227 xings across 129 offending edges (of 297)
  edge app2.M1↔app10.M2 xings=17 cluster=(?,?)
  edge app2.M0↔app2.M3 xings=11 cluster=(_louv_18,?)
  edge app0.M12↔app8.M6 xings=10 cluster=(?,_louv_7)
  edge app11.M0↔app11.M2 xings=9 cluster=(?,_louv_64)
  edge core.Hub0↔app8.M0 xings=9 cluster=(_louv_0,_louv_54)
  edge app16.M0↔app16.M3 xings=9 cluster=(_louv_76,?)
  edge app0.M12↔app4.M11 xings=9 cluster=(?,?)
  edge core.Hub0↔app18.M0 xings=9 cluster=(_louv_0,?)
[xings-hotspot] top cluster signatures:
  {?|_louv_54} xings=8
  {?|_louv_64} xings=7
  {?|_louv_27} xings=7
  {?|_louv_22|_louv_7} xings=5
  {?|_louv_18} xings=5
  {?|_louv_39|_louv_72} xings=4
  {?|_louv_0} xings=4
  {?|_louv_20|_louv_76} xings=4
[bundle-clear] Pushed 7 nodes off bundle bboxes.
[knot-min] Accepted 54 spatial swaps among 221 candidates.
[knot-min-2opt] Accepted 1 cross-targeted swaps.
[carrier-pre] 302 edges → 191 distinct carriers (cost-side filter).
[leaf-untangle] candidates=129, with-cross=45, moved=44, crossings-resolved=158.
[leaf-untangle] candidates=129, with-cross=20, moved=10, crossings-resolved=26.
[leaf-untangle] candidates=129, with-cross=16, moved=4, crossings-resolved=7.
[leaf-untangle] candidates=129, with-cross=13, moved=0, crossings-resolved=0.
[stuck-leaf-diag] 23 candidates with cost>0 (top 15 below):
  cost=19 deg=3 node=app2.M7 parent=app2.M0 nbrs={app2.M0,app2.M0,app2.M11}
  cost=15 deg=2 node=app14.M14 parent=app14.M0 nbrs={app14.M0,app2.M0}
  cost=14 deg=3 node=app11.M1 parent=app8.M0 nbrs={app11.M0,app11.M2,app8.M0}
  cost=9 deg=3 node=app4.M7 parent=app4.M0 nbrs={app4.M0,app4.M6,app1.M1}
  cost=9 deg=3 node=app7.M4 parent=app7.M0 nbrs={app7.M0,app7.M2,app1.M6}
  cost=8 deg=3 node=app2.M11 parent=app2.M0 nbrs={app2.M0,app2.M7,app2.Asset1}
  cost=6 deg=3 node=app8.M1 parent=app8.M0 nbrs={app8.M0,app8.M7,app6.M2}
  cost=6 deg=2 node=app14.M13 parent=app14.M0 nbrs={app14.M0,app14.M9}
  cost=5 deg=2 node=app2.M2 parent=app2.M0 nbrs={app2.M0,app2.M4}
  cost=5 deg=3 node=app4.M4 parent=app4.M0 nbrs={app4.M0,app4.M11,app16.M2}
  cost=5 deg=3 node=app5.M10 parent=app5.M0 nbrs={app5.M0,app5.M3,app0.M13}
  cost=4 deg=3 node=app5.M3 parent=app5.M0 nbrs={app5.M0,app5.M10,app7.M6}
  cost=3 deg=1 node=app13.M11 parent=app13.M0 nbrs={app13.M0}
  cost=3 deg=2 node=app14.M9 parent=app14.M0 nbrs={app14.M0,app14.M13}
  cost=3 deg=2 node=app16.M5 parent=app16.M0 nbrs={app16.M0,app0.M8}
[pd-knot] 121 polyline cross pairs, 3 resolved via endpoint swap.
[xings-detour] iters=2 initial-poly-pairs=132 accepted=6 (multi-seg, density-aware, polyline detect, iterative).
[visual-knot] 124→121 cross points, 7→7 hot cells (≥3), 14 handled, 3 swap accepted.
[leaf-untangle] candidates=129, with-cross=14, moved=6, crossings-resolved=20.
[leaf-untangle] candidates=129, with-cross=13, moved=4, crossings-resolved=4.
[leaf-untangle] candidates=129, with-cross=12, moved=0, crossings-resolved=0.
[stuck-leaf-diag] 23 candidates with cost>0 (top 15 below):
  cost=20 deg=3 node=app2.M7 parent=app2.M0 nbrs={app2.M0,app2.M0,app2.M11}
  cost=15 deg=2 node=app14.M14 parent=app14.M0 nbrs={app14.M0,app2.M0}
  cost=14 deg=2 node=app2.M2 parent=app2.M0 nbrs={app2.M0,app2.M4}
  cost=11 deg=3 node=app11.M1 parent=app8.M0 nbrs={app11.M0,app11.M2,app8.M0}
  cost=9 deg=3 node=app2.M11 parent=app2.M0 nbrs={app2.M0,app2.M7,app2.Asset1}
  cost=9 deg=3 node=app7.M4 parent=app7.M0 nbrs={app7.M0,app7.M2,app1.M6}
  cost=6 deg=2 node=app14.M13 parent=app14.M0 nbrs={app14.M0,app14.M9}
  cost=5 deg=3 node=app5.M10 parent=app5.M0 nbrs={app5.M0,app5.M3,app0.M13}
  cost=4 deg=3 node=app4.M4 parent=app4.M0 nbrs={app4.M0,app4.M11,app16.M2}
  cost=4 deg=3 node=app5.M3 parent=app5.M0 nbrs={app5.M0,app5.M10,app7.M6}
  cost=3 deg=3 node=app4.M7 parent=app4.M0 nbrs={app4.M0,app4.M6,app1.M1}
  cost=3 deg=3 node=app8.M1 parent=app8.M0 nbrs={app8.M0,app8.M7,app6.M2}
  cost=3 deg=1 node=app13.M11 parent=app13.M0 nbrs={app13.M0}
  cost=3 deg=3 node=app14.M4 parent=app14.M0 nbrs={app14.M0,app14.M7,app1.M10}
  cost=3 deg=2 node=app14.M9 parent=app14.M0 nbrs={app14.M0,app14.M13}
[carrier-cross] segment 125 -> carrier-grouped 115 (-8%). Carriers: 192 total (5 bundle + 130 cluster-pair + 57 individual).
[isolated-stash] Stashed 13 edge-less nodes in 6-column strip at x>=24062.
[face-raster] grid 5327x3615 (cell 5.0x5.0 units), 625 faces, 18996159 bg cells (98.6% of grid)
  face #1: 14772887 cells (77.8%), bbox 5327x3615 @ (0,0)
  face #281: 613536 cells (3.2%), bbox 2183x610 @ (165,1638)
  face #28: 179168 cells (0.9%), bbox 892x1033 @ (1606,615)
  face #451: 164512 cells (0.9%), bbox 464x941 @ (3600,2009)
  face #495: 164463 cells (0.9%), bbox 793x1275 @ (3325,2111)
  face #321: 163974 cells (0.9%), bbox 621x577 @ (1927,1713)
  face #522: 158173 cells (0.8%), bbox 1393x1217 @ (2721,2169)
  face #63: 147453 cells (0.8%), bbox 859x284 @ (2170,794)
[face-cohesion] 50 clusters analysed, 22 low-cohesion (<60% in dominant face)
  cohesion histogram:
     20%- 29%: 2 clusters
     30%- 39%: 3 clusters
     50%- 59%: 17 clusters
     60%- 69%: 7 clusters
     80%- 89%: 5 clusters
    100%-100%: 16 clusters
  top 10 low-cohesion clusters (largest first):
    _louv_18: 9 members, 2 in dominant face, 8 faces total (22%)
    _louv_83: 4 members, 2 in dominant face, 3 faces total (50%)
    _louv_76: 4 members, 2 in dominant face, 3 faces total (50%)
    _louv_49: 4 members, 1 in dominant face, 4 faces total (25%)
    _louv_54: 3 members, 1 in dominant face, 3 faces total (33%)
    _louv_9: 3 members, 1 in dominant face, 3 faces total (33%)
    _louv_22: 3 members, 1 in dominant face, 3 faces total (33%)
    _louv_40: 2 members, 1 in dominant face, 2 faces total (50%)
    _louv_62: 2 members, 1 in dominant face, 2 faces total (50%)
    _louv_25: 2 members, 1 in dominant face, 2 faces total (50%)
[face-density] 360 micro-faces (size<50), top 10 hot regions (macro 64x64 cells):
  region (56,32): 32 micro-faces, world (17359,9842)-(17679,10162)
  region (63,51): 20 micro-faces, world (19599,15920)-(19919,16240)
  region (49,29): 18 micro-faces, world (15119,8882)-(15439,9202)
  region (47,20): 17 micro-faces, world (14479,6003)-(14799,6323)
  region (42,33): 17 micro-faces, world (12879,10162)-(13199,10481)
  region (57,28): 15 micro-faces, world (17679,8562)-(17999,8882)
  region (48,12): 14 micro-faces, world (14799,3443)-(15119,3763)
  region (50,36): 13 micro-faces, world (15439,11121)-(15759,11441)
  region (63,52): 12 micro-faces, world (19599,16240)-(19919,16560)
  region (58,25): 12 micro-faces, world (17999,7602)-(18319,7922)
[face-ppm] Wrote /tmp/face-raster.ppm (2663x1807, downsampled from 5327x3615 by 2)
[face-untangle] 21 target clusters, 27 strays, 0 moved (poly cross 123 → 123, 0 fewer)
[stuck-leaf-2d] pass 1: 1 candidates, 0 moved, 0 cost units resolved.
[stuck-leaf-2d] 1 candidates, 0 moved, 0 cost units resolved (poly cross 123 → 123, 0 fewer)
[hot-region-sa] 7 hot cells (≥4 cross, 123 cross pts), top 5 processed, 26/505 swap accepted (cross 123 → 122, 1 fewer)
