[community] algorithm=louvain communities=11 meta=3
[cg-time] 0ms post-hub-bias
[cg-time] 1ms pre-§10-outward-radial
[cg-time] 1ms pre-§11-compose
[cg-time] 1ms pre-§12-pruning-reattach
[cg-time] 1ms pre-§13-cluster-swap
[cg-time] 2ms pre-§14-chain-straightening
[cg-time] 2ms pre-§15-pruned-cross-min
[§15.5] Optimized 5 alone-root+independent nodes (2 moves).
[cg-time] 2ms pre-bus-bundle
[bus-bundle] Created 1 bus bundles (2 members, sig ≥ 2 roots).
[xings-hotspot] total=8 xings across 11 offending edges (of 41)
  edge app3.M1↔app3.M5 xings=3 cluster=(_louv_9,_louv_9)
  edge core.Hub0↔app0.M0 xings=2 cluster=(?,_louv_0)
  edge app1.M2↔app1.M8 xings=2 cluster=(_louv_4,?)
  edge app3.M0↔app3.M7 xings=2 cluster=(_louv_9,?)
  edge core.Hub0↔app1.M0 xings=1 cluster=(?,_louv_3)
  edge core.Hub0↔app3.M0 xings=1 cluster=(?,_louv_9)
  edge app1.M0↔app1.M4 xings=1 cluster=(_louv_3,?)
  edge app2.M0↔app2.M4 xings=1 cluster=(_louv_0,?)
[xings-hotspot] top cluster signatures:
  {?|_louv_9} xings=4
  {?|_louv_3|_louv_4} xings=2
  {?|_louv_0} xings=1
  {?|_louv_0|_louv_9} xings=1
[knot-min] Accepted 5 spatial swaps among 28 candidates.
[carrier-pre] 43 edges → 11 distinct carriers (cost-side filter).
[leaf-untangle] candidates=19, with-cross=8, moved=8, crossings-resolved=25.
[leaf-untangle] candidates=19, with-cross=2, moved=0, crossings-resolved=0.
[stuck-leaf-diag] 6 candidates with cost>0 (top 15 below):
  cost=24 deg=3 node=app3.M1 parent=app3.M0 nbrs={app3.M0,app3.M5,app2.M0}
  cost=6 deg=2 node=app3.M9 parent=app3.M0 nbrs={app3.M0,app3.M5}
  cost=3 deg=2 node=app1.M3 parent=app3.M8 nbrs={app3.M8,app3.M7}
  cost=3 deg=1 node=app3.M3 parent=app3.M0 nbrs={app3.M0}
  cost=1 deg=2 node=app1.M7 parent=app1.M4 nbrs={app1.M4,app0.M1}
  cost=1 deg=2 node=app2.M3 parent=app1.M4 nbrs={app1.M4,app0.M1}
[pd-knot] 0 polyline cross pairs, 0 resolved via endpoint swap.
[xings-detour] iters=1 initial-poly-pairs=0 accepted=0 (multi-seg, density-aware, polyline detect, iterative).
[visual-knot] 0→0 cross points, 0→0 hot cells (≥3), 0 handled, 0 swap accepted.
[leaf-untangle] candidates=19, with-cross=2, moved=0, crossings-resolved=0.
[stuck-leaf-diag] 6 candidates with cost>0 (top 15 below):
  cost=24 deg=3 node=app3.M1 parent=app3.M0 nbrs={app3.M0,app3.M5,app2.M0}
  cost=6 deg=2 node=app3.M9 parent=app3.M0 nbrs={app3.M0,app3.M5}
  cost=3 deg=2 node=app1.M3 parent=app3.M8 nbrs={app3.M8,app3.M7}
  cost=3 deg=1 node=app3.M3 parent=app3.M0 nbrs={app3.M0}
  cost=1 deg=2 node=app1.M7 parent=app1.M4 nbrs={app1.M4,app0.M1}
  cost=1 deg=2 node=app2.M3 parent=app1.M4 nbrs={app1.M4,app0.M1}
[carrier-cross] segment 0 -> carrier-grouped 0 (-0%). Carriers: 12 total (2 bundle + 5 cluster-pair + 5 individual).
[isolated-stash] Stashed 2 edge-less nodes in 6-column strip at x>=3513.
[face-raster] grid 871x953 (cell 5.0x5.0 units), 35 faces, 799916 bg cells (96.4% of grid)
  face #1: 706261 cells (88.3%), bbox 871x953 @ (0,0)
  face #2: 52789 cells (6.6%), bbox 312x366 @ (328,50)
  face #3: 25537 cells (3.2%), bbox 311x173 @ (332,325)
  face #6: 4353 cells (0.5%), bbox 60x168 @ (258,372)
  face #24: 3547 cells (0.4%), bbox 71x268 @ (230,561)
  face #23: 3509 cells (0.4%), bbox 101x323 @ (233,506)
  face #12: 693 cells (0.1%), bbox 31x34 @ (308,430)
  face #29: 478 cells (0.1%), bbox 42x21 @ (184,838)
[face-cohesion] 4 clusters analysed, 2 low-cohesion (<60% in dominant face)
  cohesion histogram:
     30%- 39%: 1 clusters
     40%- 49%: 1 clusters
    100%-100%: 2 clusters
  top 2 low-cohesion clusters (largest first):
    _louv_9: 6 members, 2 in dominant face, 5 faces total (33%)
    _louv_0: 5 members, 2 in dominant face, 4 faces total (40%)
[face-density] 10 micro-faces (size<50), top 10 hot regions (macro 64x64 cells):
  region (4,6): 4 micro-faces, world (1147,1780)-(1467,2100)
  region (5,7): 3 micro-faces, world (1467,2100)-(1787,2420)
  region (4,5): 1 micro-faces, world (1147,1460)-(1467,1780)
  region (3,12): 1 micro-faces, world (828,3700)-(1147,4020)
  region (3,13): 1 micro-faces, world (828,4020)-(1147,4340)
[face-ppm] Wrote /tmp/face-raster.ppm (871x953, downsampled from 871x953 by 1)
[face-untangle] 2 target clusters, 7 strays, 0 moved (poly cross 0 → 0, 0 fewer)
[stuck-leaf-2d] pass 1: 0 candidates, 0 moved, 0 cost units resolved.
[stuck-leaf-2d] 0 candidates, 0 moved, 0 cost units resolved (poly cross 0 → 0, 0 fewer)
[hot-region-sa] 0 hot cells (≥4 cross, 0 cross pts), top 0 processed, 0/0 swap accepted (cross 0 → 0, 0 fewer)
