[community] algorithm=louvain communities=96 meta=3
[hub-bias] Super-graph: pushed 7 high-deg cluster roots to 1.4x avgR.
[cg-time] 15ms post-hub-bias
[cg-time] 114ms pre-§10-outward-radial
[cg-time] 114ms pre-§11-compose
[cg-time] 114ms pre-§12-pruning-reattach
[cg-time] 114ms pre-§13-cluster-swap
[cg-time] 490ms pre-§14-chain-straightening
[cg-time] 491ms pre-§15-pruned-cross-min
[§15.5] Optimized 32 alone-root+independent nodes (15 moves).
[cg-time] 500ms pre-bus-bundle
[bus-bundle] Created 1 bus bundles (2 members, sig ≥ 2 roots).
[xings-hotspot] total=292 xings across 139 offending edges (of 278)
  edge app0.M0↔app0.M2 xings=21 cluster=(_louv_1,?)
  edge app0.M2↔app13.M2 xings=18 cluster=(?,?)
  edge core.Hub0↔app8.M0 xings=17 cluster=(?,?)
  edge app5.M4↔app11.M4 xings=16 cluster=(_louv_31,_louv_65)
  edge app10.M0↔app10.M4 xings=15 cluster=(_louv_57,_louv_61)
  edge app8.M0↔app8.M11 xings=14 cluster=(?,?)
  edge app8.M0↔app8.M13 xings=14 cluster=(?,_louv_1)
  edge app0.M4↔app6.M7 xings=14 cluster=(_louv_1,?)
[xings-hotspot] top cluster signatures:
  {?|_louv_1} xings=20
  {?} xings=12
  {?|_louv_42} xings=10
  {?|_louv_14} xings=7
  {?|_louv_53} xings=7
  {?|_louv_68} xings=6
  {?|_louv_6} xings=5
  {?|_louv_31|_louv_65} xings=5
[bundle-clear] Pushed 2 nodes off bundle bboxes.
[knot-min] Accepted 39 spatial swaps among 228 candidates.
[knot-min-2opt] Accepted 16 cross-targeted swaps.
[carrier-pre] 283 edges → 176 distinct carriers (cost-side filter).
[leaf-untangle] candidates=136, with-cross=60, moved=45, crossings-resolved=120.
[leaf-untangle] candidates=136, with-cross=29, moved=9, crossings-resolved=23.
[leaf-untangle] candidates=136, with-cross=22, moved=1, crossings-resolved=3.
[leaf-untangle] candidates=136, with-cross=21, moved=0, crossings-resolved=0.
[stuck-leaf-diag] 28 candidates with cost>0 (top 15 below):
  cost=14 deg=3 node=app0.M3 parent=app0.M0 nbrs={app0.M0,app0.M2,app14.M8}
  cost=14 deg=3 node=app9.M1 parent=app9.M0 nbrs={app9.M0,app9.M6,app6.M3}
  cost=7 deg=2 node=app3.M2 parent=app3.M0 nbrs={app3.M0,app3.Asset15}
  cost=6 deg=2 node=app18.M1 parent=app18.M0 nbrs={app18.M0,app18.M12}
  cost=6 deg=3 node=app14.M2 parent=app14.M0 nbrs={app14.M0,app14.M5,app16.M1}
  cost=5 deg=2 node=app18.M7 parent=app18.M0 nbrs={app18.M0,app1.M5}
  cost=5 deg=2 node=app5.M10 parent=app8.M0 nbrs={app5.Asset24,app8.M0}
  cost=5 deg=3 node=app18.M3 parent=app18.M0 nbrs={app18.M0,app18.M5,app18.Note39}
  cost=4 deg=2 node=app8.M12 parent=app8.M0 nbrs={app8.M0,app8.M6}
  cost=3 deg=2 node=app1.M3 parent=app1.M6 nbrs={app1.M6,app5.M2}
  cost=3 deg=2 node=app18.M12 parent=app18.M0 nbrs={app18.M0,app18.M1}
  cost=3 deg=2 node=app18.M4 parent=app18.M0 nbrs={app18.M0,app18.File38}
  cost=3 deg=3 node=app6.M4 parent=app6.M0 nbrs={app6.M0,app6.M11,app8.M11}
  cost=2 deg=2 node=app12.M9 parent=app12.M0 nbrs={app12.M0,app12.M4}
  cost=2 deg=1 node=app14.M8 parent=app0.M3 nbrs={app0.M3}
[pd-knot] 186 polyline cross pairs, 1 resolved via endpoint swap.
[xings-detour] iters=2 initial-poly-pairs=182 accepted=3 (multi-seg, density-aware, polyline detect, iterative).
[visual-knot] 179→179 cross points, 2→2 hot cells (≥3), 2 handled, 0 swap accepted.
[leaf-untangle] candidates=136, with-cross=23, moved=3, crossings-resolved=6.
[leaf-untangle] candidates=136, with-cross=22, moved=3, crossings-resolved=7.
[leaf-untangle] candidates=136, with-cross=24, moved=5, crossings-resolved=10.
[stuck-leaf-diag] 28 candidates with cost>0 (top 15 below):
  cost=14 deg=3 node=app0.M3 parent=app0.M0 nbrs={app0.M0,app0.M2,app14.M8}
  cost=7 deg=2 node=app3.M2 parent=app3.M0 nbrs={app3.M0,app3.Asset15}
  cost=6 deg=2 node=app18.M7 parent=app18.M0 nbrs={app18.M0,app1.M5}
  cost=6 deg=2 node=app18.M1 parent=app18.M0 nbrs={app18.M0,app18.M12}
  cost=6 deg=3 node=app14.M2 parent=app14.M0 nbrs={app14.M0,app14.M5,app16.M1}
  cost=5 deg=2 node=app5.M10 parent=app8.M0 nbrs={app5.Asset24,app8.M0}
  cost=4 deg=3 node=app6.M4 parent=app6.M0 nbrs={app6.M0,app6.M11,app8.M11}
  cost=4 deg=3 node=app18.M3 parent=app18.M0 nbrs={app18.M0,app18.M5,app18.Note39}
  cost=4 deg=2 node=app8.M12 parent=app8.M0 nbrs={app8.M0,app8.M6}
  cost=3 deg=2 node=app1.M3 parent=app1.M6 nbrs={app1.M6,app5.M2}
  cost=3 deg=2 node=app18.M12 parent=app18.M0 nbrs={app18.M0,app18.M1}
  cost=3 deg=2 node=app18.M4 parent=app18.M0 nbrs={app18.M0,app18.File38}
  cost=2 deg=2 node=app12.M9 parent=app12.M0 nbrs={app12.M0,app12.M4}
  cost=2 deg=3 node=app9.M1 parent=app9.M0 nbrs={app9.M0,app9.M6,app6.M3}
  cost=2 deg=1 node=app14.M8 parent=app0.M3 nbrs={app0.M3}
[carrier-cross] segment 183 -> carrier-grouped 155 (-15%). Carriers: 178 total (4 bundle + 118 cluster-pair + 56 individual).
[isolated-stash] Stashed 13 edge-less nodes in 6-column strip at x>=66825.
[face-raster] grid 8764x11410 (cell 8.1x8.1 units), 984 faces, 99774496 bg cells (99.8% of grid)
  face #1: 79685491 cells (79.9%), bbox 8764x11410 @ (0,0)
  face #2: 2269947 cells (2.3%), bbox 2853x4663 @ (1291,238)
  face #797: 1994161 cells (2.0%), bbox 3140x1725 @ (2188,6307)
  face #245: 1399961 cells (1.4%), bbox 1573x1527 @ (496,4839)
  face #612: 1364339 cells (1.4%), bbox 3184x2228 @ (4890,5757)
  face #20: 1345337 cells (1.3%), bbox 2026x2473 @ (1572,2398)
  face #3: 1073125 cells (1.1%), bbox 575x3261 @ (3696,240)
  face #31: 737513 cells (0.7%), bbox 1100x2086 @ (3666,3424)
[face-cohesion] 57 clusters analysed, 26 low-cohesion (<60% in dominant face)
  cohesion histogram:
     20%- 29%: 2 clusters
     30%- 39%: 8 clusters
     40%- 49%: 2 clusters
     50%- 59%: 14 clusters
     60%- 69%: 3 clusters
     70%- 79%: 1 clusters
    100%-100%: 27 clusters
  top 10 low-cohesion clusters (largest first):
    _louv_42: 7 members, 4 in dominant face, 3 faces total (57%)
    _louv_80: 6 members, 3 in dominant face, 4 faces total (50%)
    _louv_19: 6 members, 3 in dominant face, 2 faces total (50%)
    _louv_6: 5 members, 2 in dominant face, 3 faces total (40%)
    _louv_1: 5 members, 2 in dominant face, 4 faces total (40%)
    _louv_35: 4 members, 1 in dominant face, 4 faces total (25%)
    _louv_83: 4 members, 2 in dominant face, 2 faces total (50%)
    _louv_73: 4 members, 1 in dominant face, 4 faces total (25%)
    _louv_62: 4 members, 2 in dominant face, 3 faces total (50%)
    _louv_29: 4 members, 2 in dominant face, 2 faces total (50%)
[face-density] 715 micro-faces (size<50), top 10 hot regions (macro 64x64 cells):
  region (64,76): 52 micro-faces, world (31859,37677)-(32379,38197)
  region (60,70): 35 micro-faces, world (29779,34558)-(30299,35078)
  region (63,96): 34 micro-faces, world (31339,48076)-(31859,48596)
  region (59,70): 32 micro-faces, world (29259,34558)-(29779,35078)
  region (37,105): 27 micro-faces, world (17820,52755)-(18340,53275)
  region (59,69): 25 micro-faces, world (29259,34038)-(29779,34558)
  region (65,76): 24 micro-faces, world (32379,37677)-(32899,38197)
  region (38,105): 24 micro-faces, world (18340,52755)-(18860,53275)
  region (53,97): 23 micro-faces, world (26139,48596)-(26659,49116)
  region (33,80): 23 micro-faces, world (15741,39757)-(16261,40277)
[face-ppm] Wrote /tmp/face-raster.ppm (2191x2852, downsampled from 8764x11410 by 4)
[face-untangle] 24 target clusters, 45 strays, 6 moved (poly cross 183 → 182, 1 fewer)
[stuck-leaf-2d] pass 1: 2 candidates, 2 moved, 3 cost units resolved.
[stuck-leaf-2d] pass 2: 0 candidates, 0 moved, 0 cost units resolved.
[stuck-leaf-2d] 0 candidates, 2 moved, 3 cost units resolved (poly cross 182 → 182, 0 fewer)
[hot-region-sa] 4 hot cells (≥4 cross, 182 cross pts), top 4 processed, 0/0 swap accepted (cross 182 → 182, 0 fewer)
