[community] algorithm=louvain communities=59 meta=4
[hub-bias] Super-graph: pushed 3 high-deg cluster roots to 1.4x avgR.
[cg-time] 4ms post-hub-bias
[cg-time] 244ms pre-§10-outward-radial
[cg-time] 244ms pre-§11-compose
[cg-time] 244ms pre-§12-pruning-reattach
[cg-time] 244ms pre-§13-cluster-swap
[cg-time] 331ms pre-§14-chain-straightening
[cg-time] 331ms pre-§15-pruned-cross-min
[§15.5] Optimized 31 alone-root+independent nodes (14 moves).
[cg-time] 334ms pre-bus-bundle
[bus-bundle] Created 2 bus bundles (4 members, sig ≥ 2 roots).
[xings-hotspot] total=129 xings across 79 offending edges (of 180)
  edge app8.M3↔app9.M3 xings=17 cluster=(_louv_43,?)
  edge app4.M4↔app6.M2 xings=13 cluster=(?,_louv_39)
  edge core.Hub0↔app1.M0 xings=10 cluster=(?,_louv_6)
  edge app3.M9↔app6.M0 xings=8 cluster=(_louv_22,_louv_38)
  edge app7.M5↔app8.M11 xings=8 cluster=(?,?)
  edge app8.M0↔app8.M8 xings=7 cluster=(_louv_43,?)
  edge app3.M9↔app8.M8 xings=7 cluster=(_louv_22,?)
  edge app3.M0↔app3.M11 xings=6 cluster=(_louv_18,_louv_17)
[xings-hotspot] top cluster signatures:
  {?|_louv_43} xings=18
  {?|_louv_39|_louv_43} xings=7
  {?|_louv_3} xings=6
  {?|_louv_22|_louv_38|_louv_55} xings=5
  {?|_louv_22|_louv_55} xings=5
  {?} xings=4
  {?|_louv_13} xings=4
  {?|_louv_3|_louv_55} xings=4
[bundle-clear] Pushed 10 nodes off bundle bboxes.
[knot-min] Accepted 39 spatial swaps among 139 candidates.
[carrier-pre] 181 edges → 95 distinct carriers (cost-side filter).
[leaf-untangle] candidates=90, with-cross=24, moved=21, crossings-resolved=71.
[leaf-untangle] candidates=90, with-cross=10, moved=1, crossings-resolved=3.
[leaf-untangle] candidates=90, with-cross=9, moved=0, crossings-resolved=0.
[stuck-leaf-diag] 17 candidates with cost>0 (top 15 below):
  cost=17 deg=3 node=app8.M3 parent=app8.M0 nbrs={app8.M0,app8.M7,app9.M3}
  cost=9 deg=3 node=app6.M2 parent=app6.M0 nbrs={app6.M0,app6.M7,app4.M4}
  cost=6 deg=3 node=app2.M6 parent=app2.M0 nbrs={app2.M0,app2.M5,app10.M8}
  cost=6 deg=2 node=app3.M10 parent=app3.M0 nbrs={app3.M0,app3.M6}
  cost=5 deg=1 node=app9.M13 parent=app9.M10 nbrs={app9.M10}
  cost=4 deg=3 node=app1.M4 parent=app1.M0 nbrs={app1.M0,app1.M6,app8.M0}
  cost=3 deg=2 node=app3.M4 parent=app3.M0 nbrs={app3.M0,app3.M8}
  cost=3 deg=2 node=app3.M6 parent=app3.M0 nbrs={app3.M0,app3.M10}
  cost=3 deg=2 node=app3.M13 parent=app3.M0 nbrs={app3.M0,app2.M1}
  cost=3 deg=2 node=app5.M10 parent=app5.M0 nbrs={app5.M0,app5.Asset29}
  cost=3 deg=1 node=app9.M6 parent=app9.M0 nbrs={app9.M0}
  cost=2 deg=3 node=app0.M2 parent=app0.M0 nbrs={app0.M0,app0.M1,app8.M9}
  cost=1 deg=3 node=app1.M7 parent=app1.M0 nbrs={app1.M0,app1.M1,app5.M8}
  cost=1 deg=2 node=app2.M2 parent=app2.M8 nbrs={app2.M8,app4.M3}
  cost=1 deg=2 node=app2.M8 parent=app2.M0 nbrs={app2.M0,app2.M2}
[pd-knot] 69 polyline cross pairs, 3 resolved via endpoint swap.
[xings-detour] iters=3 initial-poly-pairs=67 accepted=6 (multi-seg, density-aware, polyline detect, iterative).
[visual-knot] 54→54 cross points, 3→3 hot cells (≥3), 3 handled, 0 swap accepted.
[leaf-untangle] candidates=90, with-cross=11, moved=5, crossings-resolved=11.
[leaf-untangle] candidates=90, with-cross=9, moved=3, crossings-resolved=5.
[leaf-untangle] candidates=90, with-cross=8, moved=1, crossings-resolved=1.
[stuck-leaf-diag] 14 candidates with cost>0 (top 15 below):
  cost=17 deg=3 node=app8.M3 parent=app8.M0 nbrs={app8.M0,app8.M7,app9.M3}
  cost=6 deg=3 node=app2.M6 parent=app2.M0 nbrs={app2.M0,app2.M5,app10.M8}
  cost=6 deg=2 node=app3.M10 parent=app3.M0 nbrs={app3.M0,app3.M6}
  cost=5 deg=1 node=app9.M13 parent=app9.M10 nbrs={app9.M10}
  cost=4 deg=3 node=app1.M4 parent=app1.M0 nbrs={app1.M0,app1.M6,app8.M0}
  cost=4 deg=3 node=app6.M2 parent=app6.M0 nbrs={app6.M0,app6.M7,app4.M4}
  cost=3 deg=2 node=app3.M4 parent=app3.M0 nbrs={app3.M0,app3.M8}
  cost=3 deg=2 node=app3.M6 parent=app3.M0 nbrs={app3.M0,app3.M10}
  cost=3 deg=2 node=app3.M13 parent=app3.M0 nbrs={app3.M0,app2.M1}
  cost=3 deg=2 node=app5.M10 parent=app5.M0 nbrs={app5.M0,app5.Asset29}
  cost=3 deg=1 node=app9.M6 parent=app9.M0 nbrs={app9.M0}
  cost=2 deg=3 node=app0.M2 parent=app0.M0 nbrs={app0.M0,app0.M1,app8.M9}
  cost=1 deg=3 node=app1.M7 parent=app1.M0 nbrs={app1.M0,app1.M1,app5.M8}
  cost=1 deg=1 node=app9.File10 parent=app9.M9 nbrs={app9.M9}
[carrier-cross] segment 56 -> carrier-grouped 41 (-27%). Carriers: 94 total (5 bundle + 50 cluster-pair + 39 individual).
[isolated-stash] Stashed 4 edge-less nodes in 6-column strip at x>=13760.
[face-raster] grid 3372x2148 (cell 5.0x5.0 units), 255 faces, 7098554 bg cells (98.0% of grid)
  face #1: 5609599 cells (79.0%), bbox 3372x2148 @ (0,0)
  face #11: 234411 cells (3.3%), bbox 647x664 @ (794,265)
  face #247: 159996 cells (2.3%), bbox 1051x348 @ (166,1704)
  face #26: 129579 cells (1.8%), bbox 801x1133 @ (106,748)
  face #72: 57137 cells (0.8%), bbox 444x457 @ (541,1204)
  face #40: 49770 cells (0.7%), bbox 385x246 @ (1404,1038)
  face #69: 47072 cells (0.7%), bbox 376x265 @ (474,1175)
  face #28: 39342 cells (0.6%), bbox 494x893 @ (401,907)
[face-cohesion] 40 clusters analysed, 14 low-cohesion (<60% in dominant face)
  cohesion histogram:
     30%- 39%: 1 clusters
     40%- 49%: 1 clusters
     50%- 59%: 12 clusters
     60%- 69%: 6 clusters
     70%- 79%: 1 clusters
    100%-100%: 19 clusters
  top 10 low-cohesion clusters (largest first):
    _louv_38: 5 members, 2 in dominant face, 4 faces total (40%)
    _louv_43: 4 members, 2 in dominant face, 3 faces total (50%)
    _louv_18: 4 members, 2 in dominant face, 3 faces total (50%)
    _louv_13: 4 members, 2 in dominant face, 3 faces total (50%)
    _louv_6: 4 members, 2 in dominant face, 3 faces total (50%)
    _louv_47: 3 members, 1 in dominant face, 3 faces total (33%)
    _louv_10: 2 members, 1 in dominant face, 2 faces total (50%)
    _louv_17: 2 members, 1 in dominant face, 2 faces total (50%)
    _louv_44: 2 members, 1 in dominant face, 2 faces total (50%)
    _louv_22: 2 members, 1 in dominant face, 2 faces total (50%)
[face-density] 110 micro-faces (size<50), top 10 hot regions (macro 64x64 cells):
  region (8,25): 19 micro-faces, world (867,7743)-(1187,8063)
  region (21,25): 12 micro-faces, world (5026,7743)-(5346,8063)
  region (19,22): 10 micro-faces, world (4386,6784)-(4706,7103)
  region (21,24): 8 micro-faces, world (5026,7423)-(5346,7743)
  region (10,22): 7 micro-faces, world (1507,6784)-(1826,7103)
  region (18,27): 6 micro-faces, world (4066,8383)-(4386,8703)
  region (18,22): 5 micro-faces, world (4066,6784)-(4386,7103)
  region (28,20): 4 micro-faces, world (7266,6144)-(7585,6464)
  region (14,7): 3 micro-faces, world (2786,1985)-(3106,2305)
  region (24,22): 3 micro-faces, world (5986,6784)-(6306,7103)
[face-ppm] Wrote /tmp/face-raster.ppm (3372x2148, downsampled from 3372x2148 by 1)
[face-untangle] 14 target clusters, 21 strays, 0 moved (poly cross 52 → 52, 0 fewer)
[stuck-leaf-2d] pass 1: 2 candidates, 0 moved, 0 cost units resolved.
[stuck-leaf-2d] 2 candidates, 0 moved, 0 cost units resolved (poly cross 52 → 52, 0 fewer)
[hot-region-sa] 6 hot cells (≥4 cross, 52 cross pts), top 5 processed, 16/745 swap accepted (cross 52 → 51, 1 fewer)
