[community] algorithm=louvain communities=70 meta=4
[hub-bias] Super-graph: pushed 5 high-deg cluster roots to 1.4x avgR.
[cg-time] 4ms post-hub-bias
[cg-time] 120ms pre-§10-outward-radial
[cg-time] 120ms pre-§11-compose
[cg-time] 120ms pre-§12-pruning-reattach
[cg-time] 120ms pre-§13-cluster-swap
[cg-time] 333ms pre-§14-chain-straightening
[cg-time] 333ms pre-§15-pruned-cross-min
[§15.5] Optimized 27 alone-root+independent nodes (8 moves).
[cg-time] 337ms pre-bus-bundle
[xings-hotspot] total=283 xings across 118 offending edges (of 232)
  edge app2.M5↔app4.M1 xings=18 cluster=(_louv_14,?)
  edge app1.M4↔app5.M1 xings=18 cluster=(?,_louv_8)
  edge app6.M0↔app6.M1 xings=17 cluster=(?,_louv_7)
  edge core.Hub0↔app4.M0 xings=17 cluster=(?,?)
  edge app1.M1↔app2.M6 xings=17 cluster=(?,_louv_13)
  edge core.Hub0↔app12.M0 xings=16 cluster=(?,?)
  edge app2.M13↔app8.M8 xings=14 cluster=(_louv_9,?)
  edge app1.M0↔app12.M3 xings=13 cluster=(_louv_5,?)
[xings-hotspot] top cluster signatures:
  {?|_louv_56} xings=13
  {?|_louv_16} xings=8
  {?|_louv_5} xings=8
  {?|_louv_9} xings=7
  {?} xings=6
  {?|_louv_45|_louv_46|_louv_5} xings=6
  {?|_louv_17|_louv_56} xings=6
  {?|_louv_17} xings=5
[knot-min] Accepted 71 spatial swaps among 185 candidates.
[carrier-pre] 233 edges → 146 distinct carriers (cost-side filter).
[leaf-untangle] candidates=120, with-cross=45, moved=37, crossings-resolved=130.
[leaf-untangle] candidates=120, with-cross=23, moved=8, crossings-resolved=15.
[leaf-untangle] candidates=120, with-cross=16, moved=2, crossings-resolved=3.
[leaf-untangle] candidates=120, with-cross=17, moved=1, crossings-resolved=1.
[stuck-leaf-diag] 16 candidates with cost>0 (top 15 below):
  cost=14 deg=3 node=app2.M13 parent=app2.M0 nbrs={app2.M0,app2.M12,app8.M8}
  cost=13 deg=2 node=app6.M1 parent=app6.M0 nbrs={app6.M0,app1.M3}
  cost=11 deg=3 node=app11.M6 parent=app11.M0 nbrs={app11.M0,app11.M1,app8.M8}
  cost=7 deg=3 node=app5.M3 parent=app5.M0 nbrs={app5.M0,app5.M1,app11.M5}
  cost=5 deg=3 node=app8.M1 parent=app8.M0 nbrs={app8.M0,app8.M3,app1.M6}
  cost=5 deg=2 node=app9.M8 parent=app9.M0 nbrs={app9.M0,app9.M2}
  cost=4 deg=3 node=app5.M1 parent=app5.M0 nbrs={app5.M0,app5.M3,app1.M4}
  cost=3 deg=3 node=app3.M9 parent=app3.M0 nbrs={app3.M0,app3.M13,app3.M11}
  cost=3 deg=3 node=app6.M4 parent=app6.M0 nbrs={app6.M0,app6.M5,app6.Log22}
  cost=3 deg=3 node=app8.M6 parent=app8.M0 nbrs={app8.M0,app8.Tag45,app8.M3}
  cost=2 deg=2 node=app2.M9 parent=app12.M1 nbrs={app2.Asset51,app12.M1}
  cost=1 deg=2 node=app1.M3 parent=app1.M0 nbrs={app1.M0,app6.M1}
  cost=1 deg=2 node=app2.M10 parent=app2.M0 nbrs={app2.M0,app2.M5}
  cost=1 deg=2 node=app7.M4 parent=app7.M0 nbrs={app7.M0,app7.Log14}
  cost=1 deg=1 node=app3.Asset3 parent=app3.M4 nbrs={app3.M4}
[pd-knot] 159 polyline cross pairs, 5 resolved via endpoint swap.
[xings-detour] iters=2 initial-poly-pairs=156 accepted=4 (multi-seg, density-aware, polyline detect, iterative).
[visual-knot] 150→145 cross points, 10→9 hot cells (≥3), 19 handled, 3 swap accepted.
[leaf-untangle] candidates=120, with-cross=18, moved=3, crossings-resolved=10.
[leaf-untangle] candidates=120, with-cross=17, moved=1, crossings-resolved=3.
[leaf-untangle] candidates=120, with-cross=16, moved=0, crossings-resolved=0.
[stuck-leaf-diag] 16 candidates with cost>0 (top 15 below):
  cost=14 deg=3 node=app2.M13 parent=app2.M0 nbrs={app2.M0,app2.M12,app8.M8}
  cost=11 deg=3 node=app11.M6 parent=app11.M0 nbrs={app11.M0,app11.M1,app8.M8}
  cost=9 deg=2 node=app6.M1 parent=app6.M0 nbrs={app6.M0,app1.M3}
  cost=7 deg=3 node=app5.M3 parent=app5.M0 nbrs={app5.M0,app5.M1,app11.M5}
  cost=5 deg=3 node=app8.M1 parent=app8.M0 nbrs={app8.M0,app8.M3,app1.M6}
  cost=5 deg=2 node=app9.M8 parent=app9.M0 nbrs={app9.M0,app9.M2}
  cost=4 deg=3 node=app5.M1 parent=app5.M0 nbrs={app5.M0,app5.M3,app1.M4}
  cost=3 deg=2 node=app1.M3 parent=app1.M0 nbrs={app1.M0,app6.M1}
  cost=3 deg=3 node=app3.M9 parent=app3.M0 nbrs={app3.M0,app3.M13,app3.M11}
  cost=3 deg=3 node=app8.M6 parent=app8.M0 nbrs={app8.M0,app8.Tag45,app8.M3}
  cost=1 deg=2 node=app2.M9 parent=app12.M1 nbrs={app2.Asset51,app12.M1}
  cost=1 deg=2 node=app2.M10 parent=app2.M0 nbrs={app2.M0,app2.M5}
  cost=1 deg=2 node=app3.M2 parent=app3.M0 nbrs={app3.M0,app3.M13}
  cost=1 deg=2 node=app7.M4 parent=app7.M0 nbrs={app7.M0,app7.Log14}
  cost=1 deg=1 node=app3.Asset3 parent=app3.M4 nbrs={app3.M4}
[isolated-stash] Stashed 4 edge-less nodes in 6-column strip at x>=16617.
[face-raster] grid 3698x3958 (cell 5.0x5.0 units), 472 faces, 14451299 bg cells (98.7% of grid)
  face #1: 11782272 cells (81.5%), bbox 3698x3958 @ (0,0)
  face #6: 222447 cells (1.5%), bbox 497x849 @ (1453,1438)
  face #101: 134269 cells (0.9%), bbox 334x741 @ (392,2143)
  face #460: 122805 cells (0.8%), bbox 845x246 @ (817,3162)
  face #23: 114780 cells (0.8%), bbox 241x1131 @ (161,1930)
  face #379: 104245 cells (0.7%), bbox 337x612 @ (1536,2752)
  face #24: 99388 cells (0.7%), bbox 220x937 @ (335,1930)
  face #409: 95182 cells (0.7%), bbox 453x431 @ (1974,2885)
[face-cohesion] 47 clusters analysed, 20 low-cohesion (<60% in dominant face)
  cohesion histogram:
     20%- 29%: 2 clusters
     30%- 39%: 2 clusters
     40%- 49%: 1 clusters
     50%- 59%: 15 clusters
     60%- 69%: 6 clusters
     70%- 79%: 1 clusters
    100%-100%: 20 clusters
  top 10 low-cohesion clusters (largest first):
    _louv_61: 5 members, 2 in dominant face, 3 faces total (40%)
    _louv_56: 4 members, 1 in dominant face, 4 faces total (25%)
    _louv_9: 4 members, 2 in dominant face, 3 faces total (50%)
    _louv_45: 4 members, 2 in dominant face, 3 faces total (50%)
    _louv_5: 4 members, 1 in dominant face, 4 faces total (25%)
    _louv_19: 4 members, 2 in dominant face, 3 faces total (50%)
    _louv_23: 3 members, 1 in dominant face, 3 faces total (33%)
    _louv_39: 3 members, 1 in dominant face, 3 faces total (33%)
    _louv_7: 2 members, 1 in dominant face, 2 faces total (50%)
    _louv_25: 2 members, 1 in dominant face, 2 faces total (50%)
[face-density] 240 micro-faces (size<50), top 10 hot regions (macro 64x64 cells):
  region (5,30): 27 micro-faces, world (1196,9170)-(1516,9490)
  region (19,38): 25 micro-faces, world (5675,11730)-(5995,12050)
  region (21,45): 21 micro-faces, world (6315,13969)-(6635,14289)
  region (18,42): 20 micro-faces, world (5355,13009)-(5675,13329)
  region (15,33): 15 micro-faces, world (4395,10130)-(4715,10450)
  region (26,44): 12 micro-faces, world (7914,13649)-(8234,13969)
  region (19,37): 10 micro-faces, world (5675,11410)-(5995,11730)
  region (6,30): 9 micro-faces, world (1516,9170)-(1836,9490)
  region (20,38): 9 micro-faces, world (5995,11730)-(6315,12050)
  region (10,27): 7 micro-faces, world (2796,8210)-(3116,8530)
[face-ppm] Wrote /tmp/face-raster.ppm (3698x3958, downsampled from 3698x3958 by 1)
[face-untangle] 19 target clusters, 27 strays, 1 moved (poly cross 144 → 144, 0 fewer)
[stuck-leaf-2d] pass 1: 1 candidates, 0 moved, 0 cost units resolved.
[stuck-leaf-2d] 1 candidates, 0 moved, 0 cost units resolved (poly cross 144 → 144, 0 fewer)
[hot-region-sa] 15 hot cells (≥4 cross), top 5 processed, 63/805 swap accepted → REVERTED (cross 144 → 145)
