[community] algorithm=louvain communities=18 meta=4
[hub-bias] Super-graph: pushed 2 high-deg cluster roots to 1.4x avgR.
[cg-time] 0ms post-hub-bias
[cg-time] 0ms pre-§10-outward-radial
[cg-time] 0ms pre-§11-compose
[cg-time] 0ms pre-§12-pruning-reattach
[cg-time] 0ms pre-§13-cluster-swap
[cg-time] 1ms pre-§14-chain-straightening
[cg-time] 1ms pre-§15-pruned-cross-min
[§15.5] Optimized 1 alone-root+independent nodes (1 moves).
[cg-time] 1ms pre-bus-bundle
[xings-hotspot] total=8 xings across 11 offending edges (of 46)
  edge app0.M4↔app1.M6 xings=3 cluster=(_louv_1,_louv_8)
  edge core.Hub0↔app1.M0 xings=2 cluster=(?,_louv_8)
  edge app1.M0↔app1.M7 xings=2 cluster=(_louv_8,?)
  edge app1.M6↔app1.M14 xings=2 cluster=(_louv_8,_louv_8)
  edge core.Hub1↔app1.M0 xings=1 cluster=(?,_louv_8)
  edge app0.M0↔app0.M4 xings=1 cluster=(_louv_1,_louv_1)
  edge app0.M0↔app0.M10 xings=1 cluster=(_louv_1,?)
  edge app0.M3↔app0.M5 xings=1 cluster=(_louv_4,?)
[xings-hotspot] top cluster signatures:
  {?|_louv_1|_louv_8} xings=4
  {?|_louv_1|_louv_4} xings=1
  {?|_louv_6|_louv_8} xings=1
  {_louv_5|_louv_8} xings=1
  {_louv_8} xings=1
[knot-min] Accepted 5 spatial swaps among 43 candidates.
[carrier-pre] 47 edges → 23 distinct carriers (cost-side filter).
[leaf-untangle] candidates=27, with-cross=15, moved=12, crossings-resolved=97.
[leaf-untangle] candidates=27, with-cross=8, moved=2, crossings-resolved=8.
[leaf-untangle] candidates=27, with-cross=8, moved=0, crossings-resolved=0.
[stuck-leaf-diag] 8 candidates with cost>0 (top 15 below):
  cost=4 deg=2 node=app1.M13 parent=app1.M0 nbrs={app1.M0,app0.M7}
  cost=3 deg=3 node=app1.M6 parent=app1.M0 nbrs={app1.M0,app1.M14,app0.M4}
  cost=3 deg=2 node=app1.M10 parent=app1.M0 nbrs={app1.M0,app1.M8}
  cost=2 deg=2 node=core.Hub1 parent=app1.M0 nbrs={app0.M0,app1.M0}
  cost=2 deg=2 node=app0.M3 parent=app0.M0 nbrs={app0.M0,app0.M5}
  cost=1 deg=2 node=app0.M5 parent=app0.M0 nbrs={app0.M0,app0.M3}
  cost=1 deg=2 node=app1.M7 parent=app1.M0 nbrs={app1.M0,app2.M0}
  cost=1 deg=1 node=app1.M11 parent=app1.M0 nbrs={app1.M0}
[pd-knot] 2 polyline cross pairs, 0 resolved via endpoint swap.
[xings-detour] iters=2 initial-poly-pairs=5 accepted=2 (multi-seg, density-aware, polyline detect, iterative).
[visual-knot] 3→2 cross points, 1→0 hot cells (≥3), 1 handled, 1 swap accepted.
[leaf-untangle] candidates=27, with-cross=9, moved=3, crossings-resolved=7.
[leaf-untangle] candidates=27, with-cross=8, moved=2, crossings-resolved=3.
[leaf-untangle] candidates=27, with-cross=8, moved=3, crossings-resolved=6.
[stuck-leaf-diag] 9 candidates with cost>0 (top 15 below):
  cost=5 deg=2 node=core.Hub1 parent=app1.M0 nbrs={app0.M0,app1.M0}
  cost=4 deg=3 node=app1.M6 parent=app1.M0 nbrs={app1.M0,app1.M14,app0.M4}
  cost=2 deg=2 node=app0.M3 parent=app0.M0 nbrs={app0.M0,app0.M5}
  cost=2 deg=1 node=app0.M7 parent=app1.M13 nbrs={app1.M13}
  cost=2 deg=2 node=app1.M13 parent=app1.M0 nbrs={app1.M0,app0.M7}
  cost=1 deg=2 node=app0.M5 parent=app0.M0 nbrs={app0.M0,app0.M3}
  cost=1 deg=2 node=app1.M7 parent=app1.M0 nbrs={app1.M0,app2.M0}
  cost=1 deg=2 node=app1.M8 parent=app1.M0 nbrs={app1.M0,app1.M10}
  cost=1 deg=2 node=app1.M10 parent=app1.M0 nbrs={app1.M0,app1.M8}
[isolated-stash] Stashed 7 edge-less nodes in 6-column strip at x>=6940.
[face-raster] grid 1704x646 (cell 5.0x5.0 units), 38 faces, 1062234 bg cells (96.5% of grid)
  face #4: 727325 cells (68.5%), bbox 1704x646 @ (0,0)
  face #18: 74925 cells (7.1%), bbox 848x330 @ (209,69)
  face #35: 68296 cells (6.4%), bbox 674x209 @ (388,403)
  face #6: 48510 cells (4.6%), bbox 334x409 @ (2,2)
  face #16: 41476 cells (3.9%), bbox 494x219 @ (214,66)
  face #28: 36924 cells (3.5%), bbox 719x98 @ (338,338)
  face #25: 33398 cells (3.1%), bbox 333x292 @ (743,101)
  face #24: 18859 cells (1.8%), bbox 198x267 @ (213,101)
[face-cohesion] 6 clusters analysed, 3 low-cohesion (<60% in dominant face)
  cohesion histogram:
     50%- 59%: 3 clusters
     70%- 79%: 1 clusters
    100%-100%: 2 clusters
  top 3 low-cohesion clusters (largest first):
    _louv_8: 8 members, 4 in dominant face, 5 faces total (50%)
    _louv_1: 4 members, 2 in dominant face, 3 faces total (50%)
    _louv_6: 2 members, 1 in dominant face, 2 faces total (50%)
[face-density] 20 micro-faces (size<50), top 10 hot regions (macro 64x64 cells):
  region (3,0): 6 micro-faces, world (1187,2087)-(1506,2407)
  region (3,6): 6 micro-faces, world (1187,4005)-(1506,4325)
  region (3,1): 5 micro-faces, world (1187,2407)-(1506,2727)
  region (0,0): 1 micro-faces, world (227,2087)-(547,2407)
  region (2,0): 1 micro-faces, world (867,2087)-(1187,2407)
  region (3,5): 1 micro-faces, world (1187,3686)-(1506,4005)
[face-ppm] Wrote /tmp/face-raster.ppm (1704x646, downsampled from 1704x646 by 1)
[face-untangle] 3 target clusters, 7 strays, 1 moved (poly cross 2 → 2, 0 fewer)
[stuck-leaf-2d] pass 1: 1 candidates, 1 moved, 2 cost units resolved.
[stuck-leaf-2d] pass 2: 0 candidates, 0 moved, 0 cost units resolved.
[stuck-leaf-2d] 0 candidates, 1 moved, 2 cost units resolved (poly cross 2 → 2, 0 fewer)
[hot-region-sa] 0 hot cells (≥4 cross, 2 cross pts), top 0 processed, 0/0 swap accepted (cross 2 → 2, 0 fewer)
