[community] algorithm=louvain communities=25 meta=3
[hub-bias] Super-graph: pushed 2 high-deg cluster roots to 1.4x avgR.
[cg-time] 1ms post-hub-bias
[cg-time] 2ms pre-§10-outward-radial
[cg-time] 2ms pre-§11-compose
[cg-time] 2ms pre-§12-pruning-reattach
[cg-time] 2ms pre-§13-cluster-swap
[cg-time] 3ms pre-§14-chain-straightening
[cg-time] 3ms pre-§15-pruned-cross-min
[§15.5] Optimized 10 alone-root+independent nodes (5 moves).
[cg-time] 3ms pre-bus-bundle
[xings-hotspot] total=16 xings across 14 offending edges (of 64)
  edge app3.M0↔app3.M5 xings=5 cluster=(?,_louv_20)
  edge app0.M0↔app0.M8 xings=4 cluster=(_louv_0,_louv_5)
  edge app0.M1↔app0.M7 xings=4 cluster=(?,_louv_5)
  edge app0.M0↔app0.M3 xings=3 cluster=(_louv_0,?)
  edge app2.M4↔app2.M7 xings=3 cluster=(?,_louv_13)
  edge app0.M1↔app2.M4 xings=2 cluster=(?,?)
  edge app0.M3↔app1.M0 xings=2 cluster=(?,_louv_8)
  edge app0.M8↔app3.M2 xings=2 cluster=(_louv_5,_louv_20)
[xings-hotspot] top cluster signatures:
  {?|_louv_0|_louv_5} xings=3
  {?|_louv_20|_louv_5} xings=3
  {?|_louv_0|_louv_13} xings=2
  {?|_louv_20|_louv_8} xings=2
  {?|_louv_8} xings=2
  {?|_louv_0} xings=1
  {?|_louv_0|_louv_13|_louv_5} xings=1
  {?|_louv_0|_louv_20|_louv_5} xings=1
[knot-min] Accepted 3 spatial swaps among 60 candidates.
[carrier-pre] 64 edges → 40 distinct carriers (cost-side filter).
[leaf-untangle] candidates=37, with-cross=10, moved=8, crossings-resolved=33.
[leaf-untangle] candidates=37, with-cross=3, moved=0, crossings-resolved=0.
[stuck-leaf-diag] 3 candidates with cost>0 (top 15 below):
  cost=4 deg=3 node=app2.M7 parent=app0.M1 nbrs={app2.M0,app2.M4,app0.M1}
  cost=1 deg=2 node=app0.M7 parent=app0.M1 nbrs={app0.M8,app0.M1}
  cost=1 deg=3 node=app1.M7 parent=app1.M0 nbrs={app1.M0,app1.M4,app0.M1}
[pd-knot] 12 polyline cross pairs, 1 resolved via endpoint swap.
[xings-detour] iters=2 initial-poly-pairs=14 accepted=1 (multi-seg, density-aware, polyline detect, iterative).
[visual-knot] 11→11 cross points, 0→0 hot cells (≥3), 0 handled, 0 swap accepted.
[leaf-untangle] candidates=37, with-cross=7, moved=5, crossings-resolved=30.
[leaf-untangle] candidates=37, with-cross=5, moved=2, crossings-resolved=4.
[leaf-untangle] candidates=37, with-cross=4, moved=0, crossings-resolved=0.
[stuck-leaf-diag] 4 candidates with cost>0 (top 15 below):
  cost=1 deg=2 node=app0.M5 parent=app0.M0 nbrs={app0.M0,app0.Address10}
  cost=1 deg=2 node=app0.M7 parent=app0.M1 nbrs={app0.M8,app0.M1}
  cost=1 deg=3 node=app1.M7 parent=app1.M0 nbrs={app1.M0,app1.M4,app0.M1}
  cost=1 deg=3 node=app2.M7 parent=app0.M1 nbrs={app2.M0,app2.M4,app0.M1}
[isolated-stash] Stashed 3 edge-less nodes in 6-column strip at x>=13277.
[face-raster] grid 2949x3278 (cell 5.0x5.0 units), 65 faces, 9605124 bg cells (99.4% of grid)
  face #1: 7137914 cells (74.3%), bbox 2949x3278 @ (0,0)
  face #2: 574509 cells (6.0%), bbox 901x2110 @ (1364,92)
  face #21: 532205 cells (5.5%), bbox 548x1312 @ (262,900)
  face #42: 494733 cells (5.2%), bbox 1367x1025 @ (892,1183)
  face #6: 350708 cells (3.7%), bbox 575x1143 @ (788,610)
  face #50: 309005 cells (3.2%), bbox 603x1197 @ (264,1895)
  face #39: 77723 cells (0.8%), bbox 274x829 @ (742,1064)
  face #20: 56062 cells (0.6%), bbox 284x877 @ (744,893)
[face-cohesion] 17 clusters analysed, 8 low-cohesion (<60% in dominant face)
  cohesion histogram:
     30%- 39%: 2 clusters
     50%- 59%: 6 clusters
     60%- 69%: 1 clusters
     70%- 79%: 1 clusters
    100%-100%: 7 clusters
  top 8 low-cohesion clusters (largest first):
    _louv_12: 4 members, 2 in dominant face, 3 faces total (50%)
    _louv_8: 4 members, 2 in dominant face, 3 faces total (50%)
    _louv_5: 3 members, 1 in dominant face, 3 faces total (33%)
    _louv_13: 3 members, 1 in dominant face, 3 faces total (33%)
    _louv_24: 2 members, 1 in dominant face, 2 faces total (50%)
    _louv_20: 2 members, 1 in dominant face, 2 faces total (50%)
    _louv_3: 2 members, 1 in dominant face, 2 faces total (50%)
    _louv_0: 2 members, 1 in dominant face, 2 faces total (50%)
[face-density] 29 micro-faces (size<50), top 10 hot regions (macro 64x64 cells):
  region (12,14): 7 micro-faces, world (3508,4116)-(3828,4436)
  region (13,30): 7 micro-faces, world (3828,9236)-(4148,9556)
  region (12,15): 6 micro-faces, world (3508,4436)-(3828,4756)
  region (11,16): 3 micro-faces, world (3188,4756)-(3508,5076)
  region (11,11): 2 micro-faces, world (3188,3156)-(3508,3476)
  region (4,34): 2 micro-faces, world (948,10516)-(1268,10836)
  region (16,28): 1 micro-faces, world (4788,8596)-(5108,8916)
  region (14,29): 1 micro-faces, world (4148,8916)-(4468,9236)
[face-ppm] Wrote /tmp/face-raster.ppm (2949x3278, downsampled from 2949x3278 by 1)
[face-untangle] 8 target clusters, 12 strays, 0 moved (poly cross 10 → 10, 0 fewer)
[stuck-leaf-2d] pass 1: 0 candidates, 0 moved, 0 cost units resolved.
[stuck-leaf-2d] 0 candidates, 0 moved, 0 cost units resolved (poly cross 10 → 10, 0 fewer)
[hot-region-sa] 1 hot cells (≥4 cross, 10 cross pts), top 1 processed, 39/146 swap accepted (cross 10 → 10, 0 fewer)
