[community] algorithm=louvain communities=85 meta=4
[hub-bias] Super-graph: pushed 7 high-deg cluster roots to 1.4x avgR.
[cg-time] 5ms post-hub-bias
[cg-time] 130ms pre-§10-outward-radial
[cg-time] 130ms pre-§11-compose
[cg-time] 130ms pre-§12-pruning-reattach
[cg-time] 130ms pre-§13-cluster-swap
[cg-time] 503ms pre-§14-chain-straightening
[cg-time] 503ms pre-§15-pruned-cross-min
[§15.5] Optimized 25 alone-root+independent nodes (3 moves).
[cg-time] 507ms pre-bus-bundle
[bus-bundle] Created 2 bus bundles (4 members, sig ≥ 2 roots).
[xings-hotspot] total=198 xings across 111 offending edges (of 279)
  edge app7.M6↔app17.M0 xings=19 cluster=(?,_louv_40)
  edge app3.M2↔app18.M0 xings=17 cluster=(?,_louv_80)
  edge app3.M8↔app5.M0 xings=15 cluster=(_louv_28,_louv_36)
  edge app1.M2↔app8.M1 xings=12 cluster=(_louv_10,_louv_39)
  edge core.Hub0↔app10.M0 xings=12 cluster=(_louv_0,?)
  edge app2.M0↔app2.M1 xings=12 cluster=(?,_louv_15)
  edge app7.M6↔app15.M3 xings=10 cluster=(?,?)
  edge app19.M1↔app19.M2 xings=9 cluster=(?,_louv_31)
[xings-hotspot] top cluster signatures:
  {?|_louv_73} xings=4
  {?|_louv_30|_louv_31} xings=4
  {?|_louv_10|_louv_39} xings=4
  {?|_louv_10|_louv_8} xings=3
  {?|_louv_39} xings=3
  {?|_louv_15} xings=3
  {?|_louv_0|_louv_25|_louv_59} xings=3
  {?|_louv_10} xings=3
[bundle-clear] Pushed 3 nodes off bundle bboxes.
[knot-min] Accepted 41 spatial swaps among 217 candidates.
[carrier-pre] 282 edges → 167 distinct carriers (cost-side filter).
[leaf-untangle] candidates=125, with-cross=37, moved=34, crossings-resolved=136.
[leaf-untangle] candidates=125, with-cross=12, moved=9, crossings-resolved=21.
[leaf-untangle] candidates=125, with-cross=7, moved=0, crossings-resolved=0.
[stuck-leaf-diag] 13 candidates with cost>0 (top 15 below):
  cost=12 deg=3 node=app12.M0 parent=app12.M2 nbrs={app12.M1,app12.M2,app12.M3}
  cost=9 deg=2 node=app4.M2 parent=app4.M0 nbrs={app4.M0,app4.M9}
  cost=9 deg=3 node=app13.M8 parent=app13.M0 nbrs={app13.M0,app13.M12,app7.M6}
  cost=6 deg=1 node=app4.M4 parent=app4.M0 nbrs={app4.M0}
  cost=6 deg=3 node=app7.M4 parent=app7.M0 nbrs={app7.M0,app7.M5,app2.M9}
  cost=5 deg=3 node=app9.M7 parent=app9.M0 nbrs={app9.M0,app9.M3,app19.M2}
  cost=4 deg=3 node=app0.M3 parent=app0.M0 nbrs={app0.M0,app0.M7,app5.M2}
  cost=3 deg=1 node=app4.M3 parent=app4.M0 nbrs={app4.M0}
  cost=3 deg=3 node=app4.M5 parent=app4.M0 nbrs={app4.M0,app4.M10,app4.M8}
  cost=3 deg=3 node=app4.M9 parent=app4.M0 nbrs={app4.M0,app4.M2,app4.File39}
  cost=3 deg=1 node=app4.M11 parent=app4.M0 nbrs={app4.M0}
  cost=3 deg=3 node=app12.M3 parent=app12.M2 nbrs={app12.M0,app12.M2,app19.M3}
  cost=3 deg=3 node=app18.M4 parent=app18.M0 nbrs={app18.M0,app18.M5,app18.Address41}
[pd-knot] 128 polyline cross pairs, 3 resolved via endpoint swap.
[xings-detour] iters=2 initial-poly-pairs=139 accepted=3 (multi-seg, density-aware, polyline detect, iterative).
[visual-knot] 132→132 cross points, 7→7 hot cells (≥3), 7 handled, 0 swap accepted.
[leaf-untangle] candidates=125, with-cross=10, moved=4, crossings-resolved=15.
[leaf-untangle] candidates=125, with-cross=6, moved=0, crossings-resolved=0.
[stuck-leaf-diag] 12 candidates with cost>0 (top 15 below):
  cost=12 deg=3 node=app12.M0 parent=app12.M2 nbrs={app12.M1,app12.M2,app12.M3}
  cost=9 deg=2 node=app4.M2 parent=app4.M0 nbrs={app4.M0,app4.M9}
  cost=8 deg=3 node=app7.M4 parent=app7.M0 nbrs={app7.M0,app7.M5,app2.M9}
  cost=6 deg=1 node=app4.M4 parent=app4.M0 nbrs={app4.M0}
  cost=5 deg=3 node=app9.M7 parent=app9.M0 nbrs={app9.M0,app9.M3,app19.M2}
  cost=5 deg=3 node=app13.M8 parent=app13.M0 nbrs={app13.M0,app13.M12,app7.M6}
  cost=4 deg=3 node=app0.M3 parent=app0.M0 nbrs={app0.M0,app0.M7,app5.M2}
  cost=3 deg=1 node=app4.M3 parent=app4.M0 nbrs={app4.M0}
  cost=3 deg=3 node=app4.M5 parent=app4.M0 nbrs={app4.M0,app4.M10,app4.M8}
  cost=3 deg=3 node=app4.M9 parent=app4.M0 nbrs={app4.M0,app4.M2,app4.File39}
  cost=3 deg=1 node=app4.M11 parent=app4.M0 nbrs={app4.M0}
  cost=3 deg=3 node=app12.M3 parent=app12.M2 nbrs={app12.M0,app12.M2,app19.M3}
[carrier-cross] segment 134 -> carrier-grouped 113 (-16%). Carriers: 163 total (6 bundle + 105 cluster-pair + 52 individual).
[isolated-stash] Stashed 10 edge-less nodes in 6-column strip at x>=21814.
[face-raster] grid 4908x3192 (cell 5.0x5.0 units), 500 faces, 15443316 bg cells (98.6% of grid)
  face #1: 11214673 cells (72.6%), bbox 4908x3192 @ (0,0)
  face #29: 648449 cells (4.2%), bbox 1168x1132 @ (2600,244)
  face #27: 217618 cells (1.4%), bbox 650x961 @ (2041,244)
  face #286: 207541 cells (1.3%), bbox 1085x505 @ (2734,1950)
  face #2: 179908 cells (1.2%), bbox 618x602 @ (2065,126)
  face #28: 174936 cells (1.1%), bbox 421x947 @ (2274,244)
  face #159: 152600 cells (1.0%), bbox 1121x647 @ (276,1573)
  face #116: 142119 cells (0.9%), bbox 886x387 @ (276,1507)
[face-cohesion] 54 clusters analysed, 18 low-cohesion (<60% in dominant face)
  cohesion histogram:
     30%- 39%: 2 clusters
     40%- 49%: 1 clusters
     50%- 59%: 15 clusters
     60%- 69%: 9 clusters
     70%- 79%: 1 clusters
     80%- 89%: 3 clusters
    100%-100%: 23 clusters
  top 10 low-cohesion clusters (largest first):
    _louv_30: 5 members, 2 in dominant face, 4 faces total (40%)
    _louv_80: 4 members, 2 in dominant face, 3 faces total (50%)
    _louv_25: 4 members, 2 in dominant face, 3 faces total (50%)
    _louv_38: 4 members, 2 in dominant face, 2 faces total (50%)
    _louv_36: 4 members, 2 in dominant face, 2 faces total (50%)
    _louv_64: 4 members, 2 in dominant face, 2 faces total (50%)
    _louv_7: 3 members, 1 in dominant face, 3 faces total (33%)
    _louv_68: 3 members, 1 in dominant face, 3 faces total (33%)
    _louv_31: 2 members, 1 in dominant face, 2 faces total (50%)
    _louv_35: 2 members, 1 in dominant face, 2 faces total (50%)
[face-density] 261 micro-faces (size<50), top 10 hot regions (macro 64x64 cells):
  region (35,35): 37 micro-faces, world (10437,10844)-(10757,11164)
  region (35,34): 18 micro-faces, world (10437,10524)-(10757,10844)
  region (44,31): 15 micro-faces, world (13317,9564)-(13637,9884)
  region (34,41): 14 micro-faces, world (10117,12764)-(10437,13083)
  region (34,34): 14 micro-faces, world (10117,10524)-(10437,10844)
  region (27,24): 13 micro-faces, world (7877,7324)-(8197,7644)
  region (36,36): 12 micro-faces, world (10757,11164)-(11077,11484)
  region (39,23): 12 micro-faces, world (11717,7004)-(12037,7324)
  region (41,3): 10 micro-faces, world (12357,605)-(12677,925)
  region (33,2): 8 micro-faces, world (9797,285)-(10117,605)
[face-ppm] Wrote /tmp/face-raster.ppm (2454x1596, downsampled from 4908x3192 by 2)
[face-untangle] 20 target clusters, 31 strays, 0 moved (poly cross 130 → 130, 0 fewer)
[stuck-leaf-2d] pass 1: 0 candidates, 0 moved, 0 cost units resolved.
[stuck-leaf-2d] 0 candidates, 0 moved, 0 cost units resolved (poly cross 130 → 130, 0 fewer)
[hot-region-sa] 7 hot cells (≥4 cross, 130 cross pts), top 5 processed, 25/449 swap accepted (cross 130 → 130, 0 fewer)
