[community] algorithm=louvain communities=100 meta=3
[hub-bias] Super-graph: pushed 10 high-deg cluster roots to 1.4x avgR.
[cg-time] 8ms post-hub-bias
[cg-time] 109ms pre-§10-outward-radial
[cg-time] 110ms pre-§11-compose
[cg-time] 110ms pre-§12-pruning-reattach
[cg-time] 110ms pre-§13-cluster-swap
[cg-time] 1105ms pre-§14-chain-straightening
[cg-time] 1106ms pre-§15-pruned-cross-min
[§15.5] Optimized 32 alone-root+independent nodes (12 moves).
[cg-time] 1113ms pre-bus-bundle
[xings-hotspot] total=333 xings across 144 offending edges (of 306)
  edge app0.M8↔app2.M9 xings=21 cluster=(_louv_6,?)
  edge app11.M8↔app14.M0 xings=20 cluster=(_louv_38,?)
  edge core.Hub1↔app2.M0 xings=16 cluster=(?,_louv_19)
  edge app1.M0↔app1.M10 xings=15 cluster=(_louv_10,_louv_16)
  edge app0.M3↔app14.M2 xings=15 cluster=(?,_louv_4)
  edge app7.M0↔app7.M12 xings=14 cluster=(_louv_51,_louv_55)
  edge app4.M3↔app5.M9 xings=14 cluster=(_louv_32,_louv_40)
  edge core.Hub0↔app16.M0 xings=14 cluster=(_louv_0,_louv_92)
[xings-hotspot] top cluster signatures:
  {?|_louv_91} xings=7
  {?|_louv_30|_louv_44} xings=5
  {?|_louv_30|_louv_91} xings=5
  {?|_louv_82} xings=4
  {?|_louv_10|_louv_86} xings=4
  {?|_louv_19|_louv_51} xings=4
  {?|_louv_0|_louv_87|_louv_92} xings=3
  {?|_louv_4|_louv_87} xings=3
[knot-min] Accepted 47 spatial swaps among 239 candidates.
[knot-min-2opt] Accepted 1 cross-targeted swaps.
[carrier-pre] 308 edges → 197 distinct carriers (cost-side filter).
[leaf-untangle] candidates=153, with-cross=68, moved=53, crossings-resolved=193.
[leaf-untangle] candidates=153, with-cross=37, moved=12, crossings-resolved=30.
[leaf-untangle] candidates=153, with-cross=32, moved=2, crossings-resolved=2.
[leaf-untangle] candidates=153, with-cross=31, moved=1, crossings-resolved=3.
[stuck-leaf-diag] 35 candidates with cost>0 (top 15 below):
  cost=22 deg=3 node=app17.M2 parent=app8.M0 nbrs={app17.M0,app17.M4,app8.M0}
  cost=14 deg=2 node=app15.M6 parent=app15.M0 nbrs={app15.M0,app5.M7}
  cost=14 deg=3 node=app1.M5 parent=app1.M0 nbrs={app1.M0,app1.M3,app7.M11}
  cost=14 deg=2 node=app1.M10 parent=app1.M0 nbrs={app1.M0,app2.M5}
  cost=10 deg=2 node=app11.M8 parent=app11.M0 nbrs={app11.M0,app14.M0}
  cost=10 deg=2 node=app2.M5 parent=app2.M0 nbrs={app2.M0,app1.M10}
  cost=10 deg=3 node=app11.M1 parent=app11.M0 nbrs={app11.M0,app11.M6,app4.M8}
  cost=8 deg=2 node=app7.M9 parent=app7.M0 nbrs={app7.M0,app18.M5}
  cost=8 deg=2 node=app0.M8 parent=app2.M9 nbrs={app0.M6,app2.M9}
  cost=8 deg=3 node=app13.M6 parent=app13.M0 nbrs={app13.M0,app13.M2,app12.M7}
  cost=8 deg=2 node=app5.M7 parent=app5.M0 nbrs={app5.M0,app15.M6}
  cost=7 deg=3 node=app15.M2 parent=app15.M0 nbrs={app15.M0,app15.M7,app11.M5}
  cost=6 deg=2 node=app8.M3 parent=app8.M0 nbrs={app8.M0,app8.M6}
  cost=5 deg=2 node=app1.M11 parent=app1.M0 nbrs={app1.M0,app7.M3}
  cost=5 deg=3 node=app1.M13 parent=app1.M0 nbrs={app1.M0,app12.M3,app12.M6}
[pd-knot] 241 polyline cross pairs, 3 resolved via endpoint swap.
[xings-detour] iters=2 initial-poly-pairs=235 accepted=3 (multi-seg, density-aware, polyline detect, iterative).
[visual-knot] 227→227 cross points, 10→10 hot cells (≥3), 10 handled, 0 swap accepted.
[leaf-untangle] candidates=153, with-cross=34, moved=5, crossings-resolved=7.
[leaf-untangle] candidates=153, with-cross=34, moved=3, crossings-resolved=8.
[leaf-untangle] candidates=153, with-cross=33, moved=3, crossings-resolved=4.
[stuck-leaf-diag] 37 candidates with cost>0 (top 15 below):
  cost=22 deg=3 node=app17.M2 parent=app8.M0 nbrs={app17.M0,app17.M4,app8.M0}
  cost=16 deg=2 node=app15.M6 parent=app15.M0 nbrs={app15.M0,app5.M7}
  cost=13 deg=2 node=app1.M10 parent=app1.M0 nbrs={app1.M0,app2.M5}
  cost=12 deg=2 node=app5.M7 parent=app5.M0 nbrs={app5.M0,app15.M6}
  cost=10 deg=2 node=app11.M8 parent=app11.M0 nbrs={app11.M0,app14.M0}
  cost=10 deg=3 node=app1.M5 parent=app1.M0 nbrs={app1.M0,app1.M3,app7.M11}
  cost=10 deg=3 node=app11.M1 parent=app11.M0 nbrs={app11.M0,app11.M6,app4.M8}
  cost=10 deg=2 node=app2.M5 parent=app2.M0 nbrs={app2.M0,app1.M10}
  cost=8 deg=2 node=app0.M8 parent=app2.M9 nbrs={app0.M6,app2.M9}
  cost=7 deg=3 node=app15.M2 parent=app15.M0 nbrs={app15.M0,app15.M7,app11.M5}
  cost=7 deg=3 node=app13.M6 parent=app13.M0 nbrs={app13.M0,app13.M2,app12.M7}
  cost=6 deg=2 node=app8.M3 parent=app8.M0 nbrs={app8.M0,app8.M6}
  cost=5 deg=2 node=app5.M5 parent=app5.M0 nbrs={app5.M0,app5.M9}
  cost=5 deg=3 node=app0.M2 parent=app0.M0 nbrs={app0.M0,app0.M1,app18.M2}
  cost=5 deg=2 node=app1.M11 parent=app1.M0 nbrs={app1.M0,app7.M3}
[carrier-cross] segment 230 -> carrier-grouped 207 (-10%). Carriers: 201 total (1 bundle + 141 cluster-pair + 59 individual).
[isolated-stash] Stashed 13 edge-less nodes in 6-column strip at x>=28122.
[face-raster] grid 6189x5836 (cell 5.0x5.0 units), 807 faces, 35845217 bg cells (99.2% of grid)
  face #1: 29151766 cells (81.3%), bbox 6189x5836 @ (0,0)
  face #342: 665468 cells (1.9%), bbox 752x2563 @ (2268,3136)
  face #3: 490946 cells (1.4%), bbox 768x1536 @ (1623,140)
  face #117: 379935 cells (1.1%), bbox 801x1218 @ (2765,2054)
  face #2: 321466 cells (0.9%), bbox 557x1150 @ (1274,140)
  face #17: 198392 cells (0.6%), bbox 556x775 @ (2405,1277)
  face #684: 191007 cells (0.5%), bbox 632x734 @ (1200,4276)
  face #15: 190237 cells (0.5%), bbox 553x784 @ (1273,1275)
[face-cohesion] 52 clusters analysed, 21 low-cohesion (<60% in dominant face)
  cohesion histogram:
     30%- 39%: 3 clusters
     40%- 49%: 1 clusters
     50%- 59%: 17 clusters
     60%- 69%: 11 clusters
     70%- 79%: 1 clusters
    100%-100%: 19 clusters
  top 10 low-cohesion clusters (largest first):
    _louv_59: 7 members, 3 in dominant face, 5 faces total (43%)
    _louv_92: 4 members, 2 in dominant face, 3 faces total (50%)
    _louv_91: 4 members, 2 in dominant face, 3 faces total (50%)
    _louv_2: 4 members, 2 in dominant face, 3 faces total (50%)
    _louv_54: 3 members, 1 in dominant face, 3 faces total (33%)
    _louv_10: 3 members, 1 in dominant face, 3 faces total (33%)
    _louv_19: 3 members, 1 in dominant face, 3 faces total (33%)
    _louv_49: 2 members, 1 in dominant face, 2 faces total (50%)
    _louv_4: 2 members, 1 in dominant face, 2 faces total (50%)
    _louv_60: 2 members, 1 in dominant face, 2 faces total (50%)
[face-density] 463 micro-faces (size<50), top 10 hot regions (macro 64x64 cells):
  region (20,73): 24 micro-faces, world (5757,22741)-(6077,23061)
  region (25,59): 24 micro-faces, world (7357,18261)-(7677,18581)
  region (21,71): 23 micro-faces, world (6077,22101)-(6397,22421)
  region (25,60): 23 micro-faces, world (7357,18581)-(7677,18901)
  region (35,25): 20 micro-faces, world (10557,7382)-(10877,7702)
  region (35,26): 20 micro-faces, world (10557,7702)-(10877,8022)
  region (20,74): 18 micro-faces, world (5757,23061)-(6077,23381)
  region (21,70): 16 micro-faces, world (6077,21781)-(6397,22101)
  region (26,58): 16 micro-faces, world (7677,17941)-(7997,18261)
  region (26,57): 15 micro-faces, world (7677,17621)-(7997,17941)
[face-ppm] Wrote /tmp/face-raster.ppm (3094x2918, downsampled from 6189x5836 by 2)
[face-untangle] 24 target clusters, 36 strays, 5 moved (poly cross 225 → 221, 4 fewer)
[stuck-leaf-2d] pass 1: 0 candidates, 0 moved, 0 cost units resolved.
[stuck-leaf-2d] 0 candidates, 0 moved, 0 cost units resolved (poly cross 221 → 221, 0 fewer)
[hot-region-sa] 14 hot cells (≥4 cross, 221 cross pts), top 5 processed, 11/166 swap accepted (cross 221 → 220, 1 fewer)
