[community] algorithm=louvain communities=103 meta=4
[hub-bias] Super-graph: pushed 11 high-deg cluster roots to 1.4x avgR.
[cg-time] 8ms post-hub-bias
[cg-time] 101ms pre-§10-outward-radial
[cg-time] 101ms pre-§11-compose
[cg-time] 101ms pre-§12-pruning-reattach
[cg-time] 101ms pre-§13-cluster-swap
[cg-time] 711ms pre-§14-chain-straightening
[cg-time] 711ms pre-§15-pruned-cross-min
[§15.5] Optimized 32 alone-root+independent nodes (5 moves).
[cg-time] 722ms pre-bus-bundle
[xings-hotspot] total=276 xings across 133 offending edges (of 346)
  edge app8.M5↔app13.M5 xings=17 cluster=(_louv_47,?)
  edge core.Hub0↔app1.M0 xings=17 cluster=(_louv_0,_louv_9)
  edge app14.M9↔app18.M1 xings=16 cluster=(?,_louv_94)
  edge core.Hub0↔app2.M0 xings=14 cluster=(_louv_0,?)
  edge app8.M0↔app8.M2 xings=12 cluster=(?,?)
  edge app8.M5↔app14.M9 xings=11 cluster=(_louv_47,?)
  edge app5.M0↔app5.M1 xings=11 cluster=(_louv_32,?)
  edge app16.M0↔app16.M8 xings=10 cluster=(_louv_84,_louv_88)
[xings-hotspot] top cluster signatures:
  {?|_louv_42} xings=7
  {?|_louv_47} xings=6
  {?|_louv_17|_louv_76} xings=6
  {?|_louv_10} xings=5
  {?|_louv_0} xings=4
  {?|_louv_94} xings=4
  {?|_louv_0|_louv_9} xings=4
  {?|_louv_9} xings=4
[bundle-clear] Pushed 2 nodes off bundle bboxes.
[knot-min] Accepted 64 spatial swaps among 281 candidates.
[carrier-pre] 351 edges → 209 distinct carriers (cost-side filter).
[leaf-untangle] candidates=175, with-cross=60, moved=49, crossings-resolved=162.
[leaf-untangle] candidates=175, with-cross=26, moved=12, crossings-resolved=35.
[leaf-untangle] candidates=175, with-cross=18, moved=2, crossings-resolved=7.
[leaf-untangle] candidates=175, with-cross=16, moved=0, crossings-resolved=0.
[stuck-leaf-diag] 17 candidates with cost>0 (top 15 below):
  cost=21 deg=3 node=app13.M5 parent=app13.M0 nbrs={app13.M0,app13.M2,app8.M5}
  cost=12 deg=2 node=app12.M5 parent=app12.M0 nbrs={app12.M0,app18.M0}
  cost=12 deg=2 node=app18.M1 parent=app14.M9 nbrs={app18.M3,app14.M9}
  cost=8 deg=3 node=app9.M10 parent=app9.M0 nbrs={app9.M0,app9.M13,app15.M0}
  cost=6 deg=3 node=app1.M5 parent=app1.M0 nbrs={app1.M0,app1.M7,app1.M4}
  cost=6 deg=3 node=app12.M6 parent=app12.M0 nbrs={app12.M0,app12.M1,app2.M3}
  cost=5 deg=2 node=app18.M3 parent=app18.M0 nbrs={app18.M0,app18.M1}
  cost=3 deg=2 node=app0.M10 parent=app0.M0 nbrs={app0.M0,app0.M5}
  cost=3 deg=2 node=app19.M8 parent=app2.M1 nbrs={app2.M1,app15.M1}
  cost=2 deg=2 node=app15.M1 parent=app15.M0 nbrs={app15.M0,app19.M8}
  cost=1 deg=2 node=app5.M2 parent=app5.M0 nbrs={app5.M0,app5.Address56}
  cost=1 deg=2 node=app9.M7 parent=app9.M0 nbrs={app9.M0,app9.M12}
  cost=1 deg=2 node=app10.M9 parent=app10.M0 nbrs={app10.M0,app10.Log24}
  cost=1 deg=1 node=app10.Log24 parent=app10.M9 nbrs={app10.M9}
  cost=1 deg=1 node=app10.Asset34 parent=app10.M5 nbrs={app10.M5}
[pd-knot] 206 polyline cross pairs, 3 resolved via endpoint swap.
[xings-detour] iters=2 initial-poly-pairs=205 accepted=3 (multi-seg, density-aware, polyline detect, iterative).
[visual-knot] 197→197 cross points, 15→15 hot cells (≥3), 15 handled, 0 swap accepted.
[leaf-untangle] candidates=175, with-cross=19, moved=6, crossings-resolved=24.
[leaf-untangle] candidates=175, with-cross=14, moved=0, crossings-resolved=0.
[stuck-leaf-diag] 15 candidates with cost>0 (top 15 below):
  cost=20 deg=3 node=app13.M5 parent=app13.M0 nbrs={app13.M0,app13.M2,app8.M5}
  cost=12 deg=2 node=app12.M5 parent=app12.M0 nbrs={app12.M0,app18.M0}
  cost=12 deg=2 node=app18.M1 parent=app14.M9 nbrs={app18.M3,app14.M9}
  cost=8 deg=3 node=app9.M10 parent=app9.M0 nbrs={app9.M0,app9.M13,app15.M0}
  cost=6 deg=3 node=app1.M5 parent=app1.M0 nbrs={app1.M0,app1.M7,app1.M4}
  cost=6 deg=3 node=app12.M6 parent=app12.M0 nbrs={app12.M0,app12.M1,app2.M3}
  cost=5 deg=2 node=app18.M3 parent=app18.M0 nbrs={app18.M0,app18.M1}
  cost=3 deg=2 node=app0.M10 parent=app0.M0 nbrs={app0.M0,app0.M5}
  cost=3 deg=2 node=app19.M8 parent=app2.M1 nbrs={app2.M1,app15.M1}
  cost=2 deg=2 node=app15.M1 parent=app15.M0 nbrs={app15.M0,app19.M8}
  cost=1 deg=2 node=app5.M2 parent=app5.M0 nbrs={app5.M0,app5.Address56}
  cost=1 deg=2 node=app9.M7 parent=app9.M0 nbrs={app9.M0,app9.M12}
  cost=1 deg=1 node=app10.Asset34 parent=app10.M5 nbrs={app10.M5}
  cost=1 deg=1 node=app19.Note42 parent=app19.M10 nbrs={app19.M10}
  cost=1 deg=1 node=app10.Address50 parent=app10.M5 nbrs={app10.M5}
[carrier-cross] segment 201 -> carrier-grouped 162 (-19%). Carriers: 211 total (2 bundle + 136 cluster-pair + 73 individual).
[isolated-stash] Stashed 7 edge-less nodes in 6-column strip at x>=62464.
[face-raster] grid 12511x7992 (cell 5.3x5.3 units), 647 faces, 99681317 bg cells (99.7% of grid)
  face #1: 94473619 cells (94.8%), bbox 12511x7992 @ (0,0)
  face #152: 377421 cells (0.4%), bbox 1128x674 @ (3271,4066)
  face #526: 348043 cells (0.3%), bbox 960x1777 @ (1903,5120)
  face #59: 321054 cells (0.3%), bbox 1487x1100 @ (2678,3786)
  face #304: 245696 cells (0.2%), bbox 1643x399 @ (2750,4664)
  face #14: 243248 cells (0.2%), bbox 628x797 @ (1264,3143)
  face #633: 173330 cells (0.2%), bbox 461x1136 @ (1904,5755)
  face #463: 170041 cells (0.2%), bbox 871x537 @ (2725,4986)
[face-cohesion] 73 clusters analysed, 33 low-cohesion (<60% in dominant face)
  cohesion histogram:
     20%- 29%: 3 clusters
     30%- 39%: 6 clusters
     40%- 49%: 3 clusters
     50%- 59%: 21 clusters
     60%- 69%: 4 clusters
     70%- 79%: 1 clusters
    100%-100%: 35 clusters
  top 10 low-cohesion clusters (largest first):
    _louv_84: 7 members, 3 in dominant face, 5 faces total (43%)
    _louv_1: 6 members, 2 in dominant face, 4 faces total (33%)
    _louv_6: 6 members, 3 in dominant face, 2 faces total (50%)
    _louv_59: 5 members, 2 in dominant face, 4 faces total (40%)
    _louv_37: 5 members, 2 in dominant face, 3 faces total (40%)
    _louv_32: 5 members, 1 in dominant face, 5 faces total (20%)
    _louv_95: 4 members, 2 in dominant face, 3 faces total (50%)
    _louv_13: 4 members, 1 in dominant face, 4 faces total (25%)
    _louv_41: 4 members, 2 in dominant face, 3 faces total (50%)
    _louv_39: 4 members, 2 in dominant face, 3 faces total (50%)
[face-density] 322 micro-faces (size<50), top 10 hot regions (macro 64x64 cells):
  region (25,63): 18 micro-faces, world (7341,20584)-(7682,20924)
  region (40,62): 17 micro-faces, world (12449,20244)-(12789,20584)
  region (19,51): 15 micro-faces, world (5298,16498)-(5639,16839)
  region (24,63): 15 micro-faces, world (7001,20584)-(7341,20924)
  region (59,74): 9 micro-faces, world (18919,24329)-(19259,24670)
  region (20,52): 9 micro-faces, world (5639,16839)-(5979,17179)
  region (61,73): 9 micro-faces, world (19600,23989)-(19940,24329)
  region (57,74): 9 micro-faces, world (18238,24329)-(18578,24670)
  region (26,69): 9 micro-faces, world (7682,22627)-(8022,22967)
  region (58,74): 8 micro-faces, world (18578,24329)-(18919,24670)
[face-ppm] Wrote /tmp/face-raster.ppm (3127x1998, downsampled from 12511x7992 by 4)
[face-untangle] 30 target clusters, 51 strays, 5 moved (poly cross 196 → 194, 2 fewer)
[stuck-leaf-2d] pass 1: 2 candidates, 2 moved, 2 cost units resolved.
[stuck-leaf-2d] pass 2: 0 candidates, 0 moved, 0 cost units resolved.
[stuck-leaf-2d] 0 candidates, 2 moved, 2 cost units resolved (poly cross 194 → 192, 2 fewer)
[hot-region-sa] 15 hot cells (≥4 cross), top 5 processed, 63/686 swap accepted → REVERTED (cross 192 → 193)
