[community] algorithm=louvain communities=22 meta=3
[hub-bias] Super-graph: pushed 2 high-deg cluster roots to 1.4x avgR.
[cg-time] 1ms post-hub-bias
[cg-time] 1ms pre-§10-outward-radial
[cg-time] 1ms pre-§11-compose
[cg-time] 1ms pre-§12-pruning-reattach
[cg-time] 1ms pre-§13-cluster-swap
[cg-time] 4ms pre-§14-chain-straightening
[cg-time] 4ms pre-§15-pruned-cross-min
[§15.5] Optimized 8 alone-root+independent nodes (1 moves).
[cg-time] 4ms pre-bus-bundle
[xings-hotspot] total=27 xings across 24 offending edges (of 70)
  edge core.Hub2↔app3.M0 xings=7 cluster=(?,_louv_15)
  edge core.Hub0↔app3.M0 xings=6 cluster=(?,_louv_15)
  edge app4.M0↔app4.M7 xings=4 cluster=(_louv_1,?)
  edge app1.M0↔app1.M1 xings=4 cluster=(_louv_2,?)
  edge app0.M10↔app3.M1 xings=4 cluster=(?,_louv_8)
  edge app4.M2↔app4.M4 xings=2 cluster=(_louv_18,_louv_18)
  edge core.Hub1↔app4.M0 xings=2 cluster=(?,_louv_1)
  edge core.Hub1↔app3.M0 xings=2 cluster=(?,_louv_15)
[xings-hotspot] top cluster signatures:
  {?|_louv_15|_louv_2} xings=7
  {?|_louv_1|_louv_15} xings=5
  {?|_louv_15|_louv_8} xings=3
  {?|_louv_0} xings=2
  {?|_louv_0|_louv_2} xings=2
  {?|_louv_11|_louv_12} xings=2
  {?|_louv_15|_louv_18} xings=2
  {?|_louv_0|_louv_11} xings=1
[knot-min] Accepted 11 spatial swaps among 55 candidates.
[carrier-pre] 71 edges → 38 distinct carriers (cost-side filter).
[leaf-untangle] candidates=36, with-cross=17, moved=14, crossings-resolved=43.
[leaf-untangle] candidates=36, with-cross=8, moved=5, crossings-resolved=13.
[leaf-untangle] candidates=36, with-cross=7, moved=4, crossings-resolved=9.
[leaf-untangle] candidates=36, with-cross=5, moved=2, crossings-resolved=5.
[stuck-leaf-diag] 5 candidates with cost>0 (top 15 below):
  cost=6 deg=3 node=app1.M1 parent=app1.M0 nbrs={app1.M0,app1.M4,app3.M4}
  cost=4 deg=2 node=app1.M5 parent=app1.M0 nbrs={app1.M0,app2.M5}
  cost=3 deg=2 node=app1.M4 parent=app1.M0 nbrs={app1.M0,app1.M1}
  cost=2 deg=2 node=app0.M9 parent=app4.M0 nbrs={app3.M2,app4.M0}
  cost=1 deg=3 node=app2.M4 parent=app2.M0 nbrs={app2.M0,app2.M5,app5.M8}
[pd-knot] 17 polyline cross pairs, 0 resolved via endpoint swap.
[xings-detour] iters=1 initial-poly-pairs=21 accepted=0 (multi-seg, density-aware, polyline detect, iterative).
[visual-knot] 21→17 cross points, 1→0 hot cells (≥3), 1 handled, 1 swap accepted.
[leaf-untangle] candidates=36, with-cross=4, moved=1, crossings-resolved=2.
[leaf-untangle] candidates=36, with-cross=6, moved=1, crossings-resolved=1.
[leaf-untangle] candidates=36, with-cross=6, moved=0, crossings-resolved=0.
[stuck-leaf-diag] 6 candidates with cost>0 (top 15 below):
  cost=5 deg=3 node=app1.M1 parent=app1.M0 nbrs={app1.M0,app1.M4,app3.M4}
  cost=4 deg=2 node=app1.M5 parent=app1.M0 nbrs={app1.M0,app2.M5}
  cost=2 deg=2 node=app1.M4 parent=app1.M0 nbrs={app1.M0,app1.M1}
  cost=1 deg=2 node=app0.M9 parent=app4.M0 nbrs={app3.M2,app4.M0}
  cost=1 deg=3 node=app2.M4 parent=app2.M0 nbrs={app2.M0,app2.M5,app5.M8}
  cost=1 deg=3 node=app3.M4 parent=app3.M0 nbrs={app3.M0,app3.M8,app1.M1}
[isolated-stash] Stashed 3 edge-less nodes in 6-column strip at x>=9574.
[face-raster] grid 1886x1464 (cell 5.0x5.0 units), 125 faces, 2702902 bg cells (97.9% of grid)
  face #1: 1827797 cells (67.6%), bbox 1886x1464 @ (0,0)
  face #48: 182872 cells (6.8%), bbox 808x541 @ (83,835)
  face #33: 115348 cells (4.3%), bbox 451x461 @ (485,584)
  face #5: 111321 cells (4.1%), bbox 567x349 @ (804,245)
  face #2: 77063 cells (2.9%), bbox 876x514 @ (418,49)
  face #31: 64720 cells (2.4%), bbox 454x221 @ (914,576)
  face #4: 56269 cells (2.1%), bbox 317x348 @ (545,245)
  face #30: 51267 cells (1.9%), bbox 427x384 @ (1142,575)
[face-cohesion] 10 clusters analysed, 3 low-cohesion (<60% in dominant face)
  cohesion histogram:
     30%- 39%: 1 clusters
     50%- 59%: 2 clusters
     60%- 69%: 3 clusters
     70%- 79%: 1 clusters
    100%-100%: 3 clusters
  top 3 low-cohesion clusters (largest first):
    _louv_15: 4 members, 2 in dominant face, 3 faces total (50%)
    _louv_2: 3 members, 1 in dominant face, 3 faces total (33%)
    _louv_18: 2 members, 1 in dominant face, 2 faces total (50%)
[face-density] 76 micro-faces (size<50), top 10 hot regions (macro 64x64 cells):
  region (6,8): 16 micro-faces, world (3038,2373)-(3358,2693)
  region (14,16): 15 micro-faces, world (5597,4931)-(5917,5251)
  region (5,21): 9 micro-faces, world (2718,6531)-(3038,6850)
  region (6,21): 7 micro-faces, world (3038,6531)-(3358,6850)
  region (19,12): 4 micro-faces, world (7197,3652)-(7517,3972)
  region (10,14): 4 micro-faces, world (4318,4292)-(4638,4612)
  region (5,13): 3 micro-faces, world (2718,3972)-(3038,4292)
  region (15,16): 3 micro-faces, world (5917,4931)-(6237,5251)
  region (6,13): 2 micro-faces, world (3038,3972)-(3358,4292)
  region (17,15): 2 micro-faces, world (6557,4612)-(6877,4931)
[face-ppm] Wrote /tmp/face-raster.ppm (1886x1464, downsampled from 1886x1464 by 1)
[face-untangle] 4 target clusters, 7 strays, 0 moved (poly cross 17 → 17, 0 fewer)
[stuck-leaf-2d] pass 1: 0 candidates, 0 moved, 0 cost units resolved.
[stuck-leaf-2d] 0 candidates, 0 moved, 0 cost units resolved (poly cross 17 → 17, 0 fewer)
[hot-region-sa] 1 hot cells (≥4 cross, 17 cross pts), top 1 processed, 34/146 swap accepted (cross 17 → 17, 0 fewer)
