[community] algorithm=louvain communities=106 meta=4
[hub-bias] Super-graph: pushed 2 high-deg cluster roots to 1.4x avgR.
[cg-time] 9ms post-hub-bias
[cg-time] 147ms pre-§10-outward-radial
[cg-time] 147ms pre-§11-compose
[cg-time] 147ms pre-§12-pruning-reattach
[cg-time] 148ms pre-§13-cluster-swap
[cg-time] 424ms pre-§14-chain-straightening
[cg-time] 424ms pre-§15-pruned-cross-min
[§15.5] Optimized 42 alone-root+independent nodes (11 moves).
[cg-time] 432ms pre-bus-bundle
[bus-bundle] Created 3 bus bundles (6 members, sig ≥ 2 roots).
[xings-hotspot] total=237 xings across 121 offending edges (of 283)
  edge app3.M2↔app11.M0 xings=17 cluster=(?,_louv_71)
  edge app0.M8↔app9.M5 xings=16 cluster=(_louv_3,?)
  edge app1.M0↔app1.M11 xings=15 cluster=(_louv_7,_louv_15)
  edge app15.M0↔app15.M3 xings=12 cluster=(_louv_91,?)
  edge app15.M0↔app15.M6 xings=11 cluster=(_louv_91,?)
  edge app13.M0↔app13.M2 xings=11 cluster=(?,?)
  edge app1.M10↔app1.M11 xings=10 cluster=(?,_louv_15)
  edge app0.M1↔app4.M1 xings=10 cluster=(?,?)
[xings-hotspot] top cluster signatures:
  {?|_louv_94} xings=8
  {?|_louv_3} xings=6
  {?|_louv_86} xings=6
  {?|_louv_49|_louv_87} xings=5
  {?|_louv_51} xings=5
  {?|_louv_71|_louv_72} xings=4
  {?|_louv_15|_louv_72|_louv_86} xings=4
  {?|_louv_17|_louv_91} xings=4
[knot-min] Accepted 68 spatial swaps among 243 candidates.
[carrier-pre] 287 edges → 185 distinct carriers (cost-side filter).
[leaf-untangle] candidates=151, with-cross=48, moved=42, crossings-resolved=107.
[leaf-untangle] candidates=151, with-cross=21, moved=11, crossings-resolved=30.
[leaf-untangle] candidates=151, with-cross=17, moved=1, crossings-resolved=3.
[leaf-untangle] candidates=151, with-cross=17, moved=0, crossings-resolved=0.
[stuck-leaf-diag] 23 candidates with cost>0 (top 15 below):
  cost=20 deg=3 node=app3.M2 parent=app11.M0 nbrs={app3.M0,app3.M5,app11.M0}
  cost=18 deg=3 node=app0.M1 parent=app0.M0 nbrs={app0.M0,app0.M8,app4.M1}
  cost=14 deg=3 node=app16.M9 parent=app16.M0 nbrs={app16.M0,app16.M12,app3.M8}
  cost=9 deg=3 node=app1.M7 parent=app1.M0 nbrs={app1.M0,app1.M3,app6.M8}
  cost=9 deg=3 node=app16.M7 parent=app16.M0 nbrs={app16.M0,app16.M3,app16.Asset35}
  cost=5 deg=2 node=app1.M4 parent=app1.M0 nbrs={app1.M0,app17.M4}
  cost=4 deg=2 node=app14.M10 parent=app14.M0 nbrs={app14.M0,app14.Asset13}
  cost=3 deg=3 node=app1.M3 parent=app1.M0 nbrs={app1.M0,app1.M7,app6.M1}
  cost=3 deg=2 node=app1.M5 parent=app7.M7 nbrs={app7.M7,app5.M3}
  cost=3 deg=2 node=app6.M5 parent=app6.M0 nbrs={app6.M0,app6.Note47}
  cost=3 deg=2 node=app7.M7 parent=app7.M0 nbrs={app7.M0,app1.M5}
  cost=3 deg=2 node=app10.M11 parent=app10.M14 nbrs={app10.M14,app10.M7}
  cost=3 deg=2 node=app11.M8 parent=app11.M0 nbrs={app11.M0,app11.M4}
  cost=3 deg=1 node=app14.M5 parent=app14.M0 nbrs={app14.M0}
  cost=3 deg=2 node=app14.M7 parent=app14.M0 nbrs={app14.M0,app14.Tag50}
[pd-knot] 139 polyline cross pairs, 3 resolved via endpoint swap.
[xings-detour] iters=2 initial-poly-pairs=127 accepted=5 (multi-seg, density-aware, polyline detect, iterative).
[visual-knot] 118→118 cross points, 12→12 hot cells (≥3), 12 handled, 0 swap accepted.
[leaf-untangle] candidates=151, with-cross=16, moved=4, crossings-resolved=7.
[leaf-untangle] candidates=151, with-cross=17, moved=5, crossings-resolved=12.
[leaf-untangle] candidates=151, with-cross=14, moved=1, crossings-resolved=1.
[stuck-leaf-diag] 20 candidates with cost>0 (top 15 below):
  cost=20 deg=3 node=app3.M2 parent=app11.M0 nbrs={app3.M0,app3.M5,app11.M0}
  cost=16 deg=3 node=app0.M1 parent=app0.M0 nbrs={app0.M0,app0.M8,app4.M1}
  cost=14 deg=3 node=app16.M9 parent=app16.M0 nbrs={app16.M0,app16.M12,app3.M8}
  cost=9 deg=3 node=app1.M7 parent=app1.M0 nbrs={app1.M0,app1.M3,app6.M8}
  cost=9 deg=3 node=app16.M7 parent=app16.M0 nbrs={app16.M0,app16.M3,app16.Asset35}
  cost=5 deg=2 node=app1.M4 parent=app1.M0 nbrs={app1.M0,app17.M4}
  cost=4 deg=2 node=app14.M10 parent=app14.M0 nbrs={app14.M0,app14.Asset13}
  cost=3 deg=3 node=app1.M3 parent=app1.M0 nbrs={app1.M0,app1.M7,app6.M1}
  cost=3 deg=2 node=app1.M5 parent=app7.M7 nbrs={app7.M7,app5.M3}
  cost=3 deg=2 node=app7.M7 parent=app7.M0 nbrs={app7.M0,app1.M5}
  cost=3 deg=2 node=app10.M11 parent=app10.M14 nbrs={app10.M14,app10.M7}
  cost=3 deg=1 node=app14.M5 parent=app14.M0 nbrs={app14.M0}
  cost=3 deg=2 node=app14.M7 parent=app14.M0 nbrs={app14.M0,app14.Tag50}
  cost=3 deg=2 node=app15.M4 parent=app15.M0 nbrs={app15.M0,app15.M6}
  cost=2 deg=2 node=app1.M1 parent=app1.M0 nbrs={app1.M0,app11.M10}
[carrier-cross] segment 122 -> carrier-grouped 94 (-23%). Carriers: 168 total (7 bundle + 103 cluster-pair + 58 individual).
[isolated-stash] Stashed 15 edge-less nodes in 6-column strip at x>=17046.
[face-raster] grid 3879x2518 (cell 5.0x5.0 units), 622 faces, 9529564 bg cells (97.6% of grid)
  face #1: 7789527 cells (81.7%), bbox 3879x2518 @ (0,0)
  face #417: 223884 cells (2.3%), bbox 1134x1096 @ (313,1347)
  face #78: 139845 cells (1.5%), bbox 1073x291 @ (123,739)
  face #253: 137986 cells (1.4%), bbox 754x619 @ (1228,1228)
  face #150: 124841 cells (1.3%), bbox 758x338 @ (446,941)
  face #2: 117471 cells (1.2%), bbox 807x578 @ (910,79)
  face #517: 60485 cells (0.6%), bbox 429x545 @ (925,1673)
  face #456: 57388 cells (0.6%), bbox 473x343 @ (1786,1454)
[face-cohesion] 58 clusters analysed, 20 low-cohesion (<60% in dominant face)
  cohesion histogram:
     20%- 29%: 2 clusters
     30%- 39%: 6 clusters
     40%- 49%: 2 clusters
     50%- 59%: 10 clusters
     60%- 69%: 6 clusters
     70%- 79%: 1 clusters
    100%-100%: 31 clusters
  top 10 low-cohesion clusters (largest first):
    _louv_62: 7 members, 3 in dominant face, 4 faces total (43%)
    _louv_0: 5 members, 2 in dominant face, 4 faces total (40%)
    _louv_86: 4 members, 1 in dominant face, 4 faces total (25%)
    _louv_71: 4 members, 1 in dominant face, 4 faces total (25%)
    _louv_91: 3 members, 1 in dominant face, 3 faces total (33%)
    _louv_51: 3 members, 1 in dominant face, 3 faces total (33%)
    _louv_94: 3 members, 1 in dominant face, 3 faces total (33%)
    _louv_24: 3 members, 1 in dominant face, 3 faces total (33%)
    _louv_56: 3 members, 1 in dominant face, 3 faces total (33%)
    _louv_7: 3 members, 1 in dominant face, 3 faces total (33%)
[face-density] 397 micro-faces (size<50), top 10 hot regions (macro 64x64 cells):
  region (27,19): 38 micro-faces, world (8219,5790)-(8539,6110)
  region (26,20): 26 micro-faces, world (7899,6110)-(8219,6429)
  region (14,26): 25 micro-faces, world (4059,8029)-(4379,8349)
  region (30,19): 25 micro-faces, world (9179,5790)-(9499,6110)
  region (20,28): 22 micro-faces, world (5979,8669)-(6299,8989)
  region (20,23): 21 micro-faces, world (5979,7069)-(6299,7389)
  region (21,21): 17 micro-faces, world (6299,6429)-(6619,6749)
  region (4,12): 14 micro-faces, world (859,3550)-(1179,3870)
  region (5,12): 14 micro-faces, world (1179,3550)-(1499,3870)
  region (30,17): 12 micro-faces, world (9179,5150)-(9499,5470)
[face-ppm] Wrote /tmp/face-raster.ppm (3879x2518, downsampled from 3879x2518 by 1)
[face-untangle] 19 target clusters, 31 strays, 2 moved → REVERTED (poly cross 119 → 120)
[stuck-leaf-2d] pass 1: 0 candidates, 0 moved, 0 cost units resolved.
[stuck-leaf-2d] 0 candidates, 0 moved, 0 cost units resolved (poly cross 126 → 126, 0 fewer)
[hot-region-sa] 10 hot cells (≥4 cross, 126 cross pts), top 5 processed, 45/835 swap accepted (cross 126 → 126, 0 fewer)
