[community] algorithm=louvain communities=33 meta=4
[hub-bias] Super-graph: pushed 3 high-deg cluster roots to 1.4x avgR.
[cg-time] 4ms post-hub-bias
[cg-time] 8ms pre-§10-outward-radial
[cg-time] 8ms pre-§11-compose
[cg-time] 8ms pre-§12-pruning-reattach
[cg-time] 8ms pre-§13-cluster-swap
[cg-time] 27ms pre-§14-chain-straightening
[cg-time] 27ms pre-§15-pruned-cross-min
[§15.5] Optimized 10 alone-root+independent nodes (3 moves).
[cg-time] 28ms pre-bus-bundle
[bus-bundle] Created 2 bus bundles (4 members, sig ≥ 2 roots).
[xings-hotspot] total=48 xings across 45 offending edges (of 96)
  edge app2.M7↔app3.M2 xings=7 cluster=(_louv_14,_louv_8)
  edge app0.M2↔app6.M6 xings=6 cluster=(_louv_2,?)
  edge app2.M0↔app2.M11 xings=5 cluster=(_louv_14,_louv_12)
  edge app0.M3↔app2.M3 xings=5 cluster=(?,_louv_14)
  edge app1.M0↔app1.M7 xings=5 cluster=(_louv_6,?)
  edge app4.M0↔app5.M6 xings=4 cluster=(?,?)
  edge app0.M4↔app0.Tag1 xings=4 cluster=(_louv_4,_louv_4)
  edge core.Hub1↔app2.M0 xings=3 cluster=(?,_louv_14)
[xings-hotspot] top cluster signatures:
  {?|_louv_2} xings=5
  {?|_louv_3} xings=4
  {?|_louv_14|_louv_8} xings=3
  {?|_louv_14|_louv_6} xings=3
  {?|_louv_14} xings=2
  {?|_louv_1|_louv_4} xings=2
  {?|_louv_12|_louv_14} xings=2
  {?|_louv_12|_louv_14|_louv_6} xings=2
[bundle-clear] Pushed 1 nodes off bundle bboxes.
[knot-min] Accepted 5 spatial swaps among 68 candidates.
[knot-min-2opt] Accepted 7 cross-targeted swaps.
[carrier-pre] 98 edges → 56 distinct carriers (cost-side filter).
[leaf-untangle] candidates=37, with-cross=9, moved=7, crossings-resolved=24.
[leaf-untangle] candidates=37, with-cross=9, moved=1, crossings-resolved=1.
[leaf-untangle] candidates=37, with-cross=8, moved=0, crossings-resolved=0.
[stuck-leaf-diag] 15 candidates with cost>0 (top 15 below):
  cost=15 deg=3 node=app2.M8 parent=app2.M0 nbrs={app2.M0,app2.M6,app1.M4}
  cost=12 deg=2 node=app2.M6 parent=app2.M0 nbrs={app2.M0,app2.M8}
  cost=7 deg=3 node=app5.M6 parent=app5.M0 nbrs={app5.M0,app5.M10,app4.M0}
  cost=5 deg=3 node=app4.M4 parent=app4.M0 nbrs={app4.M0,app4.M7,app2.M11}
  cost=3 deg=1 node=app5.M4 parent=app5.M0 nbrs={app5.M0}
  cost=3 deg=2 node=app5.M10 parent=app5.M0 nbrs={app5.M0,app5.M6}
  cost=2 deg=3 node=app1.M2 parent=app1.M0 nbrs={app1.M0,app1.M10,app3.M2}
  cost=2 deg=3 node=app2.M10 parent=app2.M7 nbrs={app2.M7,app0.M2,app0.M1}
  cost=2 deg=2 node=app6.M3 parent=app6.M0 nbrs={app6.M0,app6.Log0}
  cost=1 deg=3 node=app0.M1 parent=app0.M0 nbrs={app0.M0,app0.M2,app2.M10}
  cost=1 deg=2 node=app0.M4 parent=app0.M0 nbrs={app0.M0,app0.Tag1}
  cost=1 deg=3 node=app1.M1 parent=app1.M0 nbrs={app1.M0,app1.M10,app1.M11}
  cost=1 deg=2 node=app1.M11 parent=app1.M1 nbrs={app1.M1,app3.M6}
  cost=1 deg=2 node=app5.M7 parent=app5.M12 nbrs={app5.M12,app5.M9}
  cost=1 deg=2 node=app5.M9 parent=app5.M0 nbrs={app5.M0,app5.M7}
[pd-knot] 22 polyline cross pairs, 1 resolved via endpoint swap.
[xings-detour] iters=2 initial-poly-pairs=22 accepted=1 (multi-seg, density-aware, polyline detect, iterative).
[visual-knot] 21→21 cross points, 0→0 hot cells (≥3), 0 handled, 0 swap accepted.
[leaf-untangle] candidates=37, with-cross=8, moved=1, crossings-resolved=3.
[leaf-untangle] candidates=37, with-cross=8, moved=0, crossings-resolved=0.
[stuck-leaf-diag] 15 candidates with cost>0 (top 15 below):
  cost=15 deg=3 node=app2.M8 parent=app2.M0 nbrs={app2.M0,app2.M6,app1.M4}
  cost=12 deg=2 node=app2.M6 parent=app2.M0 nbrs={app2.M0,app2.M8}
  cost=7 deg=3 node=app5.M6 parent=app5.M0 nbrs={app5.M0,app5.M10,app4.M0}
  cost=5 deg=3 node=app4.M4 parent=app4.M0 nbrs={app4.M0,app4.M7,app2.M11}
  cost=3 deg=1 node=app5.M4 parent=app5.M0 nbrs={app5.M0}
  cost=3 deg=2 node=app5.M10 parent=app5.M0 nbrs={app5.M0,app5.M6}
  cost=2 deg=3 node=app1.M2 parent=app1.M0 nbrs={app1.M0,app1.M10,app3.M2}
  cost=2 deg=3 node=app2.M10 parent=app2.M7 nbrs={app2.M7,app0.M2,app0.M1}
  cost=2 deg=2 node=app6.M3 parent=app6.M0 nbrs={app6.M0,app6.Log0}
  cost=1 deg=3 node=app0.M1 parent=app0.M0 nbrs={app0.M0,app0.M2,app2.M10}
  cost=1 deg=2 node=app0.M4 parent=app0.M0 nbrs={app0.M0,app0.Tag1}
  cost=1 deg=3 node=app1.M1 parent=app1.M0 nbrs={app1.M0,app1.M10,app1.M11}
  cost=1 deg=2 node=app1.M11 parent=app1.M1 nbrs={app1.M1,app3.M6}
  cost=1 deg=2 node=app5.M7 parent=app5.M12 nbrs={app5.M12,app5.M9}
  cost=1 deg=2 node=app5.M9 parent=app5.M0 nbrs={app5.M0,app5.M7}
[carrier-cross] segment 21 -> carrier-grouped 20 (-5%). Carriers: 56 total (5 bundle + 35 cluster-pair + 16 individual).
[isolated-stash] Stashed 7 edge-less nodes in 6-column strip at x>=25850.
[face-raster] grid 5562x6667 (cell 5.0x5.0 units), 196 faces, 36962393 bg cells (99.7% of grid)
  face #1: 24080999 cells (65.1%), bbox 5562x6667 @ (0,0)
  face #3: 3648198 cells (9.9%), bbox 2466x3201 @ (2331,248)
  face #183: 1549611 cells (4.2%), bbox 1967x3037 @ (1200,3474)
  face #12: 1332570 cells (3.6%), bbox 1469x1817 @ (146,1296)
  face #4: 1184956 cells (3.2%), bbox 2026x1829 @ (163,443)
  face #15: 879883 cells (2.4%), bbox 844x2483 @ (2331,1371)
  face #174: 477636 cells (1.3%), bbox 431x2365 @ (765,3407)
  face #17: 410422 cells (1.1%), bbox 652x1476 @ (1285,1372)
[face-cohesion] 14 clusters analysed, 6 low-cohesion (<60% in dominant face)
  cohesion histogram:
     30%- 39%: 2 clusters
     50%- 59%: 4 clusters
     70%- 79%: 1 clusters
    100%-100%: 7 clusters
  top 6 low-cohesion clusters (largest first):
    _louv_14: 8 members, 3 in dominant face, 6 faces total (38%)
    _louv_2: 4 members, 2 in dominant face, 3 faces total (50%)
    _louv_1: 3 members, 1 in dominant face, 3 faces total (33%)
    _louv_0: 2 members, 1 in dominant face, 2 faces total (50%)
    _louv_3: 2 members, 1 in dominant face, 2 faces total (50%)
    _louv_8: 2 members, 1 in dominant face, 2 faces total (50%)
[face-density] 132 micro-faces (size<50), top 10 hot regions (macro 64x64 cells):
  region (37,51): 30 micro-faces, world (11872,15631)-(12192,15951)
  region (35,48): 22 micro-faces, world (11232,14671)-(11552,14991)
  region (35,47): 18 micro-faces, world (11232,14351)-(11552,14671)
  region (13,51): 9 micro-faces, world (4192,15631)-(4512,15951)
  region (20,35): 8 micro-faces, world (6432,10511)-(6752,10831)
  region (27,44): 8 micro-faces, world (8672,13391)-(8992,13711)
  region (20,34): 6 micro-faces, world (6432,10191)-(6752,10511)
  region (16,43): 5 micro-faces, world (5152,13071)-(5472,13391)
  region (28,44): 5 micro-faces, world (8992,13391)-(9312,13711)
  region (36,18): 4 micro-faces, world (11552,5071)-(11872,5391)
[face-ppm] Wrote /tmp/face-raster.ppm (2781x3333, downsampled from 5562x6667 by 2)
[face-untangle] 6 target clusters, 12 strays, 1 moved (poly cross 21 → 21, 0 fewer)
[stuck-leaf-2d] pass 1: 0 candidates, 0 moved, 0 cost units resolved.
[stuck-leaf-2d] 0 candidates, 0 moved, 0 cost units resolved (poly cross 21 → 21, 0 fewer)
[hot-region-sa] 0 hot cells (≥4 cross, 21 cross pts), top 0 processed, 0/0 swap accepted (cross 21 → 21, 0 fewer)
