[community] algorithm=louvain communities=30 meta=4
[hub-bias] Super-graph: pushed 3 high-deg cluster roots to 1.4x avgR.
[cg-time] 2ms post-hub-bias
[cg-time] 4ms pre-§10-outward-radial
[cg-time] 4ms pre-§11-compose
[cg-time] 4ms pre-§12-pruning-reattach
[cg-time] 4ms pre-§13-cluster-swap
[cg-time] 8ms pre-§14-chain-straightening
[cg-time] 8ms pre-§15-pruned-cross-min
[§15.5] Optimized 6 alone-root+independent nodes (3 moves).
[cg-time] 9ms pre-bus-bundle
[bus-bundle] Created 2 bus bundles (4 members, sig ≥ 2 roots).
[xings-hotspot] total=25 xings across 19 offending edges (of 68)
  edge app4.M0↔app4.M12 xings=6 cluster=(_louv_24,_louv_15)
  edge core.Hub1↔app1.M0 xings=5 cluster=(?,?)
  edge app1.M0↔app1.M3 xings=4 cluster=(?,_louv_12)
  edge app4.M9↔app4.M12 xings=4 cluster=(?,_louv_15)
  edge app0.M3↔app4.M1 xings=3 cluster=(?,?)
  edge app1.M2↔app1.M10 xings=3 cluster=(_louv_11,?)
  edge app2.M0↔app2.M2 xings=3 cluster=(_louv_2,?)
  edge app4.M1↔app4.M12 xings=3 cluster=(?,_louv_15)
[xings-hotspot] top cluster signatures:
  {?|_louv_15} xings=4
  {?|_louv_12} xings=3
  {?|_louv_15|_louv_24} xings=3
  {?|_louv_2} xings=3
  {?|_louv_11} xings=1
  {?|_louv_11|_louv_15} xings=1
  {?|_louv_11|_louv_15|_louv_24} xings=1
  {?|_louv_12|_louv_15} xings=1
[knot-min] Accepted 7 spatial swaps among 58 candidates.
[carrier-pre] 68 edges → 41 distinct carriers (cost-side filter).
[leaf-untangle] candidates=28, with-cross=5, moved=5, crossings-resolved=20.
[leaf-untangle] candidates=28, with-cross=2, moved=0, crossings-resolved=0.
[stuck-leaf-diag] 8 candidates with cost>0 (top 15 below):
  cost=11 deg=3 node=app2.M5 parent=app2.M0 nbrs={app2.M0,app2.M2,app0.M10}
  cost=9 deg=3 node=app3.M2 parent=app3.M0 nbrs={app3.M0,app3.M11,app3.M3}
  cost=8 deg=1 node=app1.M1 parent=app1.M10 nbrs={app1.M10}
  cost=5 deg=2 node=app4.M9 parent=app4.M0 nbrs={app4.M0,app4.M12}
  cost=4 deg=2 node=core.Hub2 parent=app3.M0 nbrs={app2.M0,app3.M0}
  cost=3 deg=1 node=app3.M7 parent=app3.M0 nbrs={app3.M0}
  cost=2 deg=2 node=app1.M3 parent=app1.M0 nbrs={app1.M0,app3.M13}
  cost=2 deg=2 node=app3.M13 parent=app3.M0 nbrs={app3.M0,app1.M3}
[pd-knot] 17 polyline cross pairs, 1 resolved via endpoint swap.
[xings-detour] iters=2 initial-poly-pairs=19 accepted=3 (multi-seg, density-aware, polyline detect, iterative).
[visual-knot] 16→16 cross points, 0→0 hot cells (≥3), 0 handled, 0 swap accepted.
[leaf-untangle] candidates=28, with-cross=2, moved=0, crossings-resolved=0.
[stuck-leaf-diag] 8 candidates with cost>0 (top 15 below):
  cost=11 deg=3 node=app2.M5 parent=app2.M0 nbrs={app2.M0,app2.M2,app0.M10}
  cost=9 deg=3 node=app3.M2 parent=app3.M0 nbrs={app3.M0,app3.M11,app3.M3}
  cost=8 deg=1 node=app1.M1 parent=app1.M10 nbrs={app1.M10}
  cost=5 deg=2 node=app4.M9 parent=app4.M0 nbrs={app4.M0,app4.M12}
  cost=4 deg=2 node=core.Hub2 parent=app3.M0 nbrs={app2.M0,app3.M0}
  cost=3 deg=1 node=app3.M7 parent=app3.M0 nbrs={app3.M0}
  cost=2 deg=2 node=app1.M3 parent=app1.M0 nbrs={app1.M0,app3.M13}
  cost=1 deg=2 node=app3.M13 parent=app3.M0 nbrs={app3.M0,app1.M3}
[carrier-cross] segment 16 -> carrier-grouped 14 (-12%). Carriers: 42 total (4 bundle + 25 cluster-pair + 13 individual).
[isolated-stash] Stashed 10 edge-less nodes in 6-column strip at x>=10289.
[face-raster] grid 2480x2984 (cell 5.0x5.0 units), 135 faces, 7322689 bg cells (99.0% of grid)
  face #1: 5076701 cells (69.3%), bbox 2480x2984 @ (0,0)
  face #27: 451977 cells (6.2%), bbox 934x1375 @ (1095,888)
  face #4: 292842 cells (4.0%), bbox 320x1818 @ (96,174)
  face #83: 228330 cells (3.1%), bbox 553x1249 @ (727,1529)
  face #61: 190816 cells (2.6%), bbox 452x867 @ (497,1065)
  face #15: 139126 cells (1.9%), bbox 281x1488 @ (259,500)
  face #5: 132280 cells (1.8%), bbox 454x506 @ (549,187)
  face #12: 118501 cells (1.6%), bbox 399x531 @ (313,260)
[face-cohesion] 12 clusters analysed, 1 low-cohesion (<60% in dominant face)
  cohesion histogram:
     50%- 59%: 1 clusters
     60%- 69%: 3 clusters
    100%-100%: 8 clusters
  top 1 low-cohesion clusters (largest first):
    _louv_3: 2 members, 1 in dominant face, 2 faces total (50%)
[face-density] 83 micro-faces (size<50), top 10 hot regions (macro 64x64 cells):
  region (6,28): 14 micro-faces, world (1633,8625)-(1953,8945)
  region (4,31): 11 micro-faces, world (993,9585)-(1313,9905)
  region (14,18): 8 micro-faces, world (4192,5425)-(4512,5745)
  region (17,14): 7 micro-faces, world (5152,4145)-(5472,4465)
  region (13,15): 7 micro-faces, world (3872,4465)-(4192,4785)
  region (4,30): 7 micro-faces, world (993,9265)-(1313,9585)
  region (12,15): 6 micro-faces, world (3552,4465)-(3872,4785)
  region (10,16): 5 micro-faces, world (2913,4785)-(3232,5105)
  region (10,17): 4 micro-faces, world (2913,5105)-(3232,5425)
  region (17,13): 3 micro-faces, world (5152,3825)-(5472,4145)
[face-ppm] Wrote /tmp/face-raster.ppm (2480x2984, downsampled from 2480x2984 by 1)
[face-untangle] 2 target clusters, 3 strays, 0 moved (poly cross 16 → 16, 0 fewer)
[stuck-leaf-2d] pass 1: 1 candidates, 1 moved, 1 cost units resolved.
[stuck-leaf-2d] pass 2: 1 candidates, 0 moved, 0 cost units resolved.
[stuck-leaf-2d] 1 candidates, 1 moved, 1 cost units resolved (poly cross 16 → 15, 1 fewer)
[hot-region-sa] 0 hot cells (≥4 cross, 15 cross pts), top 0 processed, 0/0 swap accepted (cross 15 → 15, 0 fewer)
