[community] algorithm=louvain communities=96 meta=5
[hub-bias] Super-graph: pushed 2 high-deg cluster roots to 1.4x avgR.
[cg-time] 7ms post-hub-bias
[cg-time] 157ms pre-§10-outward-radial
[cg-time] 157ms pre-§11-compose
[cg-time] 157ms pre-§12-pruning-reattach
[cg-time] 158ms pre-§13-cluster-swap
[cg-time] 916ms pre-§14-chain-straightening
[cg-time] 916ms pre-§15-pruned-cross-min
[§15.5] Optimized 22 alone-root+independent nodes (4 moves).
[cg-time] 919ms pre-bus-bundle
[bus-bundle] Created 2 bus bundles (4 members, sig ≥ 2 roots).
[xings-hotspot] total=233 xings across 120 offending edges (of 307)
  edge app2.M14↔app3.M0 xings=15 cluster=(_louv_28,_louv_29)
  edge app12.M2↔app17.M2 xings=13 cluster=(_louv_57,?)
  edge app2.M11↔app11.M10 xings=12 cluster=(?,_louv_54)
  edge app12.M4↔app17.M2 xings=12 cluster=(?,?)
  edge app10.M0↔app19.M9 xings=12 cluster=(?,?)
  edge app6.M0↔app18.M2 xings=12 cluster=(?,_louv_49)
  edge app5.M2↔app12.M1 xings=12 cluster=(_louv_4,_louv_57)
  edge app5.M0↔app7.M1 xings=12 cluster=(?,?)
[xings-hotspot] top cluster signatures:
  {_louv_54} xings=7
  {?|_louv_36} xings=7
  {?|_louv_36|_louv_42} xings=6
  {?|_louv_57} xings=5
  {?|_louv_49} xings=5
  {?|_louv_54} xings=5
  {_louv_54|_louv_55} xings=4
  {?|_louv_28|_louv_29|_louv_42} xings=4
[bundle-clear] Pushed 1 nodes off bundle bboxes.
[knot-min] Accepted 38 spatial swaps among 235 candidates.
[carrier-pre] 310 edges → 178 distinct carriers (cost-side filter).
[leaf-untangle] candidates=145, with-cross=51, moved=44, crossings-resolved=169.
[leaf-untangle] candidates=145, with-cross=20, moved=10, crossings-resolved=24.
[leaf-untangle] candidates=145, with-cross=17, moved=5, crossings-resolved=14.
[leaf-untangle] candidates=145, with-cross=12, moved=0, crossings-resolved=0.
[stuck-leaf-diag] 20 candidates with cost>0 (top 15 below):
  cost=12 deg=3 node=app14.M12 parent=app1.M0 nbrs={app14.M0,app14.M3,app1.M0}
  cost=9 deg=2 node=app1.M8 parent=app1.M0 nbrs={app1.M0,app1.M14}
  cost=9 deg=2 node=app4.M10 parent=app4.M0 nbrs={app4.M0,app4.Address41}
  cost=8 deg=2 node=app7.M2 parent=app7.M0 nbrs={app7.M0,app15.M4}
  cost=6 deg=2 node=app15.M4 parent=app15.M0 nbrs={app15.M0,app7.M2}
  cost=6 deg=3 node=app16.M14 parent=app16.M0 nbrs={app16.M0,app16.M13,app10.M1}
  cost=6 deg=2 node=app19.M8 parent=app19.M0 nbrs={app19.M0,app0.M7}
  cost=5 deg=2 node=app4.M2 parent=app10.M1 nbrs={app10.M0,app10.M1}
  cost=5 deg=3 node=app7.M3 parent=app7.M0 nbrs={app7.M0,app7.M6,app2.M14}
  cost=4 deg=3 node=app13.M2 parent=app13.M0 nbrs={app13.M0,app13.M6,app1.M13}
  cost=3 deg=3 node=app7.M5 parent=app10.M1 nbrs={app7.M0,app7.M7,app10.M1}
  cost=3 deg=3 node=app14.M3 parent=app14.M0 nbrs={app14.M0,app14.M12,app14.Address26}
  cost=3 deg=1 node=app14.M10 parent=app14.M0 nbrs={app14.M0}
  cost=3 deg=1 node=app14.M11 parent=app14.M0 nbrs={app14.M0}
  cost=2 deg=3 node=app3.M1 parent=app3.M0 nbrs={app3.M0,app3.M3,app3.M4}
[pd-knot] 165 polyline cross pairs, 2 resolved via endpoint swap.
[xings-detour] iters=2 initial-poly-pairs=175 accepted=6 (multi-seg, density-aware, polyline detect, iterative).
[visual-knot] 163→163 cross points, 14→14 hot cells (≥3), 14 handled, 0 swap accepted.
[leaf-untangle] candidates=145, with-cross=16, moved=3, crossings-resolved=17.
[leaf-untangle] candidates=145, with-cross=13, moved=0, crossings-resolved=0.
[stuck-leaf-diag] 21 candidates with cost>0 (top 15 below):
  cost=12 deg=3 node=app14.M12 parent=app1.M0 nbrs={app14.M0,app14.M3,app1.M0}
  cost=9 deg=2 node=app1.M8 parent=app1.M0 nbrs={app1.M0,app1.M14}
  cost=9 deg=2 node=app4.M10 parent=app4.M0 nbrs={app4.M0,app4.Address41}
  cost=8 deg=2 node=app7.M2 parent=app7.M0 nbrs={app7.M0,app15.M4}
  cost=7 deg=3 node=app16.M14 parent=app16.M0 nbrs={app16.M0,app16.M13,app10.M1}
  cost=6 deg=3 node=app7.M3 parent=app7.M0 nbrs={app7.M0,app7.M6,app2.M14}
  cost=6 deg=2 node=app19.M8 parent=app19.M0 nbrs={app19.M0,app0.M7}
  cost=5 deg=2 node=app15.M4 parent=app15.M0 nbrs={app15.M0,app7.M2}
  cost=4 deg=2 node=app4.M2 parent=app10.M1 nbrs={app10.M0,app10.M1}
  cost=4 deg=3 node=app13.M2 parent=app13.M0 nbrs={app13.M0,app13.M6,app1.M13}
  cost=3 deg=3 node=app14.M3 parent=app14.M0 nbrs={app14.M0,app14.M12,app14.Address26}
  cost=3 deg=1 node=app14.M10 parent=app14.M0 nbrs={app14.M0}
  cost=3 deg=1 node=app14.M11 parent=app14.M0 nbrs={app14.M0}
  cost=2 deg=3 node=app3.M1 parent=app3.M0 nbrs={app3.M0,app3.M3,app3.M4}
  cost=2 deg=3 node=app7.M5 parent=app10.M1 nbrs={app7.M0,app7.M7,app10.M1}
[carrier-cross] segment 166 -> carrier-grouped 143 (-14%). Carriers: 176 total (7 bundle + 112 cluster-pair + 57 individual).
[isolated-stash] Stashed 15 edge-less nodes in 6-column strip at x>=18816.
[face-raster] grid 4250x3298 (cell 5.0x5.0 units), 641 faces, 13776006 bg cells (98.3% of grid)
  face #1: 10746140 cells (78.0%), bbox 4250x3298 @ (0,0)
  face #146: 780409 cells (5.7%), bbox 2133x1823 @ (683,1390)
  face #3: 196262 cells (1.4%), bbox 645x683 @ (1237,193)
  face #81: 169370 cells (1.2%), bbox 839x772 @ (1972,1164)
  face #10: 161197 cells (1.2%), bbox 903x564 @ (1866,802)
  face #46: 95712 cells (0.7%), bbox 407x377 @ (1275,1076)
  face #83: 86696 cells (0.6%), bbox 551x325 @ (1875,1166)
  face #11: 79140 cells (0.6%), bbox 445x343 @ (1295,877)
[face-cohesion] 58 clusters analysed, 23 low-cohesion (<60% in dominant face)
  cohesion histogram:
     20%- 29%: 2 clusters
     30%- 39%: 1 clusters
     40%- 49%: 1 clusters
     50%- 59%: 19 clusters
     60%- 69%: 9 clusters
     70%- 79%: 1 clusters
     80%- 89%: 3 clusters
    100%-100%: 22 clusters
  top 10 low-cohesion clusters (largest first):
    _louv_54: 7 members, 4 in dominant face, 2 faces total (57%)
    _louv_34: 6 members, 3 in dominant face, 4 faces total (50%)
    _louv_78: 5 members, 1 in dominant face, 5 faces total (20%)
    _louv_29: 5 members, 2 in dominant face, 3 faces total (40%)
    _louv_88: 4 members, 2 in dominant face, 2 faces total (50%)
    _louv_69: 4 members, 1 in dominant face, 4 faces total (25%)
    _louv_53: 4 members, 2 in dominant face, 3 faces total (50%)
    _louv_65: 4 members, 2 in dominant face, 3 faces total (50%)
    _louv_36: 3 members, 1 in dominant face, 3 faces total (33%)
    _louv_93: 2 members, 1 in dominant face, 2 faces total (50%)
[face-density] 383 micro-faces (size<50), top 10 hot regions (macro 64x64 cells):
  region (16,49): 25 micro-faces, world (4662,15311)-(4982,15631)
  region (43,22): 24 micro-faces, world (13301,6673)-(13621,6993)
  region (27,35): 23 micro-faces, world (8182,10832)-(8502,11152)
  region (34,25): 21 micro-faces, world (10421,7633)-(10741,7953)
  region (25,24): 15 micro-faces, world (7542,7313)-(7862,7633)
  region (43,21): 14 micro-faces, world (13301,6353)-(13621,6673)
  region (12,28): 13 micro-faces, world (3383,8593)-(3703,8913)
  region (29,17): 12 micro-faces, world (8822,5074)-(9142,5394)
  region (10,44): 11 micro-faces, world (2743,13712)-(3063,14031)
  region (26,19): 10 micro-faces, world (7862,5713)-(8182,6033)
[face-ppm] Wrote /tmp/face-raster.ppm (2125x1649, downsampled from 4250x3298 by 2)
[face-untangle] 22 target clusters, 33 strays, 0 moved (poly cross 163 → 163, 0 fewer)
[stuck-leaf-2d] pass 1: 1 candidates, 1 moved, 1 cost units resolved.
[stuck-leaf-2d] pass 2: 0 candidates, 0 moved, 0 cost units resolved.
[stuck-leaf-2d] 0 candidates, 1 moved → REVERTED (poly cross 163 → 164)
[hot-region-sa] 14 hot cells (≥4 cross, 170 cross pts), top 5 processed, 26/788 swap accepted (cross 170 → 170, 0 fewer)
