[community] algorithm=louvain communities=21 meta=4
[hub-bias] Super-graph: pushed 3 high-deg cluster roots to 1.4x avgR.
[cg-time] 1ms post-hub-bias
[cg-time] 1ms pre-§10-outward-radial
[cg-time] 1ms pre-§11-compose
[cg-time] 1ms pre-§12-pruning-reattach
[cg-time] 1ms pre-§13-cluster-swap
[cg-time] 2ms pre-§14-chain-straightening
[cg-time] 2ms pre-§15-pruned-cross-min
[§15.5] Optimized 1 alone-root+independent nodes (1 moves).
[cg-time] 3ms pre-bus-bundle
[bus-bundle] Created 1 bus bundles (2 members, sig ≥ 2 roots).
[xings-hotspot] total=38 xings across 26 offending edges (of 73)
  edge core.Hub2↔app1.M0 xings=7 cluster=(?,_louv_10)
  edge app0.M0↔app0.M1 xings=7 cluster=(_louv_0,_louv_2)
  edge app1.M0↔app1.M2 xings=6 cluster=(_louv_10,_louv_11)
  edge app2.M4↔app3.M1 xings=5 cluster=(_louv_7,_louv_7)
  edge core.Hub1↔app1.M0 xings=5 cluster=(?,_louv_10)
  edge core.Hub1↔app2.M0 xings=5 cluster=(?,_louv_3)
  edge app0.M0↔app2.M3 xings=5 cluster=(_louv_0,?)
  edge app0.M0↔app0.M4 xings=4 cluster=(_louv_0,?)
[xings-hotspot] top cluster signatures:
  {?|_louv_0|_louv_10} xings=10
  {?|_louv_0|_louv_7} xings=4
  {?|_louv_0|_louv_10|_louv_11} xings=2
  {?|_louv_0|_louv_10|_louv_2} xings=2
  {?|_louv_0|_louv_2|_louv_3} xings=2
  {?|_louv_0|_louv_3} xings=2
  {?|_louv_10|_louv_14} xings=2
  {?|_louv_3} xings=2
[bundle-clear] Pushed 6 nodes off bundle bboxes.
[knot-min] Accepted 7 spatial swaps among 42 candidates.
[carrier-pre] 73 edges → 43 distinct carriers (cost-side filter).
[leaf-untangle] candidates=30, with-cross=8, moved=5, crossings-resolved=18.
[leaf-untangle] candidates=30, with-cross=2, moved=1, crossings-resolved=1.
[leaf-untangle] candidates=30, with-cross=1, moved=0, crossings-resolved=0.
[stuck-leaf-diag] 9 candidates with cost>0 (top 15 below):
  cost=12 deg=2 node=app0.M2 parent=app1.M0 nbrs={app2.M0,app1.M0}
  cost=12 deg=2 node=app3.M13 parent=app3.M0 nbrs={app3.M0,app3.M2}
  cost=6 deg=2 node=app2.M5 parent=app2.M0 nbrs={app2.M0,app2.M1}
  cost=4 deg=2 node=app0.M9 parent=app0.M0 nbrs={app0.M0,app0.M5}
  cost=3 deg=2 node=app1.M11 parent=app1.M0 nbrs={app1.M0,app1.M14}
  cost=3 deg=3 node=app2.M1 parent=app2.M0 nbrs={app2.M0,app2.M9,app2.M5}
  cost=3 deg=2 node=app2.M12 parent=app2.M0 nbrs={app2.M0,app0.M3}
  cost=3 deg=2 node=app3.M4 parent=app3.M0 nbrs={app3.M0,app3.M2}
  cost=3 deg=1 node=app3.M14 parent=app3.M0 nbrs={app3.M0}
[pd-knot] 19 polyline cross pairs, 0 resolved via endpoint swap.
[xings-detour] iters=1 initial-poly-pairs=14 accepted=0 (multi-seg, density-aware, polyline detect, iterative).
[visual-knot] 14→14 cross points, 1→1 hot cells (≥3), 1 handled, 0 swap accepted.
[leaf-untangle] candidates=30, with-cross=1, moved=0, crossings-resolved=0.
[stuck-leaf-diag] 9 candidates with cost>0 (top 15 below):
  cost=12 deg=2 node=app0.M2 parent=app1.M0 nbrs={app2.M0,app1.M0}
  cost=12 deg=2 node=app3.M13 parent=app3.M0 nbrs={app3.M0,app3.M2}
  cost=6 deg=2 node=app2.M5 parent=app2.M0 nbrs={app2.M0,app2.M1}
  cost=4 deg=2 node=app0.M9 parent=app0.M0 nbrs={app0.M0,app0.M5}
  cost=3 deg=2 node=app1.M11 parent=app1.M0 nbrs={app1.M0,app1.M14}
  cost=3 deg=3 node=app2.M1 parent=app2.M0 nbrs={app2.M0,app2.M9,app2.M5}
  cost=3 deg=2 node=app2.M12 parent=app2.M0 nbrs={app2.M0,app0.M3}
  cost=3 deg=2 node=app3.M4 parent=app3.M0 nbrs={app3.M0,app3.M2}
  cost=3 deg=1 node=app3.M14 parent=app3.M0 nbrs={app3.M0}
[carrier-cross] segment 14 -> carrier-grouped 8 (-43%). Carriers: 38 total (4 bundle + 22 cluster-pair + 12 individual).
[isolated-stash] Stashed 3 edge-less nodes in 6-column strip at x>=10054.
[face-raster] grid 1929x1514 (cell 5.0x5.0 units), 109 faces, 2859136 bg cells (97.9% of grid)
  face #1: 1933254 cells (67.6%), bbox 1929x1514 @ (0,0)
  face #9: 146507 cells (5.1%), bbox 708x774 @ (69,391)
  face #2: 101363 cells (3.5%), bbox 716x689 @ (794,60)
  face #4: 73413 cells (2.6%), bbox 401x362 @ (850,281)
  face #65: 62143 cells (2.2%), bbox 371x287 @ (411,743)
  face #42: 60372 cells (2.1%), bbox 392x421 @ (1132,455)
  face #8: 50996 cells (1.8%), bbox 625x357 @ (146,391)
  face #64: 48977 cells (1.7%), bbox 459x206 @ (1056,713)
[face-cohesion] 11 clusters analysed, 8 low-cohesion (<60% in dominant face)
  cohesion histogram:
     30%- 39%: 2 clusters
     50%- 59%: 6 clusters
    100%-100%: 3 clusters
  top 8 low-cohesion clusters (largest first):
    _louv_10: 8 members, 3 in dominant face, 3 faces total (38%)
    _louv_3: 7 members, 4 in dominant face, 3 faces total (57%)
    _louv_1: 4 members, 2 in dominant face, 3 faces total (50%)
    _louv_7: 3 members, 1 in dominant face, 3 faces total (33%)
    _louv_19: 2 members, 1 in dominant face, 2 faces total (50%)
    _louv_11: 2 members, 1 in dominant face, 2 faces total (50%)
    _louv_8: 2 members, 1 in dominant face, 2 faces total (50%)
    _louv_13: 2 members, 1 in dominant face, 2 faces total (50%)
[face-density] 55 micro-faces (size<50), top 10 hot regions (macro 64x64 cells):
  region (11,6): 11 micro-faces, world (4896,587)-(5216,907)
  region (23,13): 9 micro-faces, world (8735,2826)-(9054,3146)
  region (6,14): 8 micro-faces, world (3296,3146)-(3616,3465)
  region (12,6): 6 micro-faces, world (5216,587)-(5536,907)
  region (19,6): 5 micro-faces, world (7455,587)-(7775,907)
  region (19,7): 5 micro-faces, world (7455,907)-(7775,1227)
  region (6,13): 5 micro-faces, world (3296,2826)-(3616,3146)
  region (17,22): 2 micro-faces, world (6815,5704)-(7135,6024)
  region (19,5): 1 micro-faces, world (7455,267)-(7775,587)
  region (24,13): 1 micro-faces, world (9054,2826)-(9374,3146)
[face-ppm] Wrote /tmp/face-raster.ppm (1929x1514, downsampled from 1929x1514 by 1)
[face-untangle] 8 target clusters, 16 strays, 0 moved (poly cross 14 → 14, 0 fewer)
[stuck-leaf-2d] pass 1: 0 candidates, 0 moved, 0 cost units resolved.
[stuck-leaf-2d] 0 candidates, 0 moved, 0 cost units resolved (poly cross 14 → 14, 0 fewer)
[hot-region-sa] 0 hot cells (≥4 cross, 14 cross pts), top 0 processed, 0/0 swap accepted (cross 14 → 14, 0 fewer)
