[community] algorithm=louvain communities=151 meta=3
[hub-bias] Super-graph: pushed 18 high-deg cluster roots to 1.4x avgR.
[cg-time] 16ms post-hub-bias
[cg-time] 402ms pre-§10-outward-radial
[cg-time] 402ms pre-§11-compose
[cg-time] 402ms pre-§12-pruning-reattach
[cg-time] 402ms pre-§13-cluster-swap
[cg-time] 2058ms pre-§14-chain-straightening
[cg-time] 2058ms pre-§15-pruned-cross-min
[§15.5] Optimized 56 alone-root+independent nodes (11 moves).
[cg-time] 2089ms pre-bus-bundle
[xings-hotspot] total=256 xings across 172 offending edges (of 549)
  edge core.Hub1↔app2.M0 xings=12 cluster=(_louv_1,_louv_17)
  edge app11.M13↔app14.M7 xings=11 cluster=(?,?)
  edge app2.M0↔app2.M3 xings=11 cluster=(_louv_17,_louv_20)
  edge core.Hub1↔app16.M0 xings=11 cluster=(_louv_1,_louv_133)
  edge app1.M1↔app8.M0 xings=10 cluster=(_louv_12,_louv_68)
  edge app1.M3↔app13.M4 xings=10 cluster=(?,_louv_114)
  edge app8.M0↔app8.M2 xings=9 cluster=(_louv_68,_louv_70)
  edge app7.M0↔app7.M2 xings=9 cluster=(_louv_62,_louv_63)
[xings-hotspot] top cluster signatures:
  {?|_louv_113} xings=6
  {?|_louv_0|_louv_10} xings=5
  {_louv_139|_louv_147|_louv_6} xings=3
  {?|_louv_113|_louv_123|_louv_128} xings=3
  {?|_louv_0|_louv_10|_louv_141} xings=3
  {_louv_29|_louv_3|_louv_52} xings=3
  {_louv_1|_louv_17|_louv_4} xings=3
  {_louv_17|_louv_20|_louv_4} xings=3
[bundle-clear] Pushed 4 nodes off bundle bboxes.
[knot-min] Accepted 51 spatial swaps among 462 candidates.
[knot-min-2opt] Accepted 1 cross-targeted swaps.
[carrier-pre] 552 edges → 293 distinct carriers (cost-side filter).
[leaf-untangle] candidates=322, with-cross=105, moved=98, crossings-resolved=351.
[leaf-untangle] candidates=322, with-cross=29, moved=21, crossings-resolved=52.
[leaf-untangle] candidates=322, with-cross=19, moved=9, crossings-resolved=24.
[leaf-untangle] candidates=322, with-cross=16, moved=4, crossings-resolved=11.
[stuck-leaf-diag] 13 candidates with cost>0 (top 15 below):
  cost=2 deg=3 node=app5.M6 parent=app5.M0 nbrs={app5.M0,app5.M2,app5.Log40}
  cost=2 deg=2 node=app13.M7 parent=app13.M0 nbrs={app13.M0,app13.Address244}
  cost=2 deg=1 node=app11.Tag264 parent=app11.M11 nbrs={app11.M11}
  cost=1 deg=2 node=app1.M4 parent=app1.M5 nbrs={app1.M5,app1.Note305}
  cost=1 deg=2 node=app2.M10 parent=app2.M0 nbrs={app2.M0,app2.File92}
  cost=1 deg=2 node=app6.M13 parent=app6.M4 nbrs={app6.M4,app6.Log41}
  cost=1 deg=2 node=app9.M5 parent=app9.M0 nbrs={app9.M0,app9.File133}
  cost=1 deg=1 node=app6.Log41 parent=app6.M13 nbrs={app6.M13}
  cost=1 deg=1 node=app2.File92 parent=app2.M10 nbrs={app2.M10}
  cost=1 deg=1 node=app1.Address148 parent=app1.M1 nbrs={app1.M1}
  cost=1 deg=1 node=app18.Address152 parent=app18.M4 nbrs={app18.M4}
  cost=1 deg=1 node=app1.Log180 parent=app1.M1 nbrs={app1.M1}
  cost=1 deg=1 node=app1.Tag256 parent=app1.M1 nbrs={app1.M1}
[pd-knot] 186 polyline cross pairs, 1 resolved via endpoint swap.
[xings-detour] iters=2 initial-poly-pairs=184 accepted=3 (multi-seg, density-aware, polyline detect, iterative).
[visual-knot] 179→179 cross points, 10→10 hot cells (≥3), 10 handled, 0 swap accepted.
[leaf-untangle] candidates=322, with-cross=17, moved=4, crossings-resolved=18.
[leaf-untangle] candidates=322, with-cross=13, moved=0, crossings-resolved=0.
[stuck-leaf-diag] 13 candidates with cost>0 (top 15 below):
  cost=2 deg=3 node=app5.M6 parent=app5.M0 nbrs={app5.M0,app5.M2,app5.Log40}
  cost=2 deg=2 node=app13.M7 parent=app13.M0 nbrs={app13.M0,app13.Address244}
  cost=2 deg=1 node=app11.Tag264 parent=app11.M11 nbrs={app11.M11}
  cost=1 deg=2 node=app1.M4 parent=app1.M5 nbrs={app1.M5,app1.Note305}
  cost=1 deg=2 node=app2.M10 parent=app2.M0 nbrs={app2.M0,app2.File92}
  cost=1 deg=2 node=app6.M13 parent=app6.M4 nbrs={app6.M4,app6.Log41}
  cost=1 deg=2 node=app9.M5 parent=app9.M0 nbrs={app9.M0,app9.File133}
  cost=1 deg=1 node=app6.Log41 parent=app6.M13 nbrs={app6.M13}
  cost=1 deg=1 node=app2.File92 parent=app2.M10 nbrs={app2.M10}
  cost=1 deg=1 node=app1.Address148 parent=app1.M1 nbrs={app1.M1}
  cost=1 deg=1 node=app18.Address152 parent=app18.M4 nbrs={app18.M4}
  cost=1 deg=1 node=app1.Log180 parent=app1.M1 nbrs={app1.M1}
  cost=1 deg=1 node=app1.Tag256 parent=app1.M1 nbrs={app1.M1}
[carrier-cross] segment 181 -> carrier-grouped 163 (-10%). Carriers: 289 total (5 bundle + 169 cluster-pair + 115 individual).
[isolated-stash] Stashed 4 edge-less nodes in 6-column strip at x>=47028.
[face-raster] grid 8177x12228 (cell 6.1x6.1 units), 878 faces, 99638337 bg cells (99.6% of grid)
  face #1: 86927632 cells (87.2%), bbox 8177x12228 @ (0,0)
  face #9: 865615 cells (0.9%), bbox 647x2412 @ (4101,604)
  face #11: 833198 cells (0.8%), bbox 1150x1235 @ (2085,665)
  face #59: 695583 cells (0.7%), bbox 1893x910 @ (406,2143)
  face #49: 593606 cells (0.6%), bbox 1950x852 @ (263,1852)
  face #272: 575675 cells (0.6%), bbox 2249x1396 @ (538,2820)
  face #34: 377413 cells (0.4%), bbox 897x836 @ (1409,1295)
  face #508: 366647 cells (0.4%), bbox 1110x1358 @ (2324,3259)
[face-cohesion] 120 clusters analysed, 33 low-cohesion (<60% in dominant face)
  cohesion histogram:
     20%- 29%: 4 clusters
     30%- 39%: 2 clusters
     40%- 49%: 2 clusters
     50%- 59%: 25 clusters
     60%- 69%: 23 clusters
     70%- 79%: 11 clusters
     80%- 89%: 5 clusters
    100%-100%: 48 clusters
  top 10 low-cohesion clusters (largest first):
    _louv_63: 8 members, 4 in dominant face, 3 faces total (50%)
    _louv_113: 7 members, 3 in dominant face, 3 faces total (43%)
    _louv_2: 6 members, 2 in dominant face, 5 faces total (33%)
    _louv_108: 5 members, 2 in dominant face, 3 faces total (40%)
    _louv_20: 5 members, 1 in dominant face, 5 faces total (20%)
    _louv_96: 4 members, 2 in dominant face, 2 faces total (50%)
    _louv_109: 4 members, 1 in dominant face, 4 faces total (25%)
    _louv_81: 4 members, 2 in dominant face, 3 faces total (50%)
    _louv_112: 4 members, 2 in dominant face, 3 faces total (50%)
    _louv_17: 4 members, 1 in dominant face, 4 faces total (25%)
[face-density] 551 micro-faces (size<50), top 10 hot regions (macro 64x64 cells):
  region (4,41): 22 micro-faces, world (611,14585)-(1003,14977)
  region (39,40): 19 micro-faces, world (14334,14193)-(14726,14585)
  region (68,93): 18 micro-faces, world (25704,34971)-(26096,35363)
  region (63,63): 18 micro-faces, world (23744,23210)-(24136,23602)
  region (57,74): 15 micro-faces, world (21391,27522)-(21783,27915)
  region (50,60): 15 micro-faces, world (18647,22034)-(19039,22426)
  region (67,92): 14 micro-faces, world (25312,34579)-(25704,34971)
  region (65,54): 13 micro-faces, world (24528,19682)-(24920,20074)
  region (50,45): 13 micro-faces, world (18647,16153)-(19039,16545)
  region (53,63): 13 micro-faces, world (19823,23210)-(20215,23602)
[face-ppm] Wrote /tmp/face-raster.ppm (2044x3057, downsampled from 8177x12228 by 4)
[face-untangle] 31 target clusters, 59 strays, 1 moved (poly cross 179 → 179, 0 fewer)
[stuck-leaf-2d] pass 1: 6 candidates, 2 moved, 3 cost units resolved.
[stuck-leaf-2d] pass 2: 4 candidates, 0 moved, 0 cost units resolved.
[stuck-leaf-2d] 4 candidates, 2 moved, 3 cost units resolved (poly cross 179 → 176, 3 fewer)
[hot-region-sa] 4 hot cells (≥4 cross, 176 cross pts), top 4 processed, 122/556 swap accepted (cross 176 → 176, 0 fewer)
