[community] algorithm=louvain communities=100 meta=4
[hub-bias] Super-graph: pushed 5 high-deg cluster roots to 1.4x avgR.
[cg-time] 8ms post-hub-bias
[cg-time] 321ms pre-§10-outward-radial
[cg-time] 321ms pre-§11-compose
[cg-time] 321ms pre-§12-pruning-reattach
[cg-time] 321ms pre-§13-cluster-swap
[cg-time] 1033ms pre-§14-chain-straightening
[cg-time] 1033ms pre-§15-pruned-cross-min
[§15.5] Optimized 35 alone-root+independent nodes (14 moves).
[cg-time] 1046ms pre-bus-bundle
[xings-hotspot] total=362 xings across 157 offending edges (of 306)
  edge app5.M1↔app11.M3 xings=21 cluster=(_louv_33,?)
  edge app0.M4↔app3.M0 xings=19 cluster=(_louv_3,_louv_20)
  edge app12.M0↔app12.M3 xings=19 cluster=(?,?)
  edge app1.M0↔app1.M8 xings=18 cluster=(?,?)
  edge app13.M0↔app13.M5 xings=16 cluster=(?,_louv_73)
  edge app18.M0↔app18.M2 xings=15 cluster=(_louv_66,?)
  edge app8.M5↔app11.M2 xings=15 cluster=(_louv_49,_louv_66)
  edge app7.M5↔app11.M1 xings=14 cluster=(_louv_41,_louv_65)
[xings-hotspot] top cluster signatures:
  {?|_louv_66} xings=20
  {?|_louv_66|_louv_79} xings=10
  {?|_louv_32} xings=9
  {?} xings=9
  {?|_louv_20|_louv_3} xings=7
  {?|_louv_33} xings=7
  {?|_louv_37} xings=7
  {?|_louv_17|_louv_55|_louv_9} xings=6
[bundle-clear] Pushed 3 nodes off bundle bboxes.
[knot-min] Accepted 105 spatial swaps among 263 candidates.
[knot-min-2opt] Accepted 2 cross-targeted swaps.
[carrier-pre] 315 edges → 188 distinct carriers (cost-side filter).
[leaf-untangle] candidates=161, with-cross=66, moved=53, crossings-resolved=143.
[leaf-untangle] candidates=161, with-cross=36, moved=21, crossings-resolved=54.
[leaf-untangle] candidates=161, with-cross=28, moved=9, crossings-resolved=24.
[leaf-untangle] candidates=161, with-cross=26, moved=4, crossings-resolved=9.
[stuck-leaf-diag] 25 candidates with cost>0 (top 15 below):
  cost=14 deg=2 node=app11.M1 parent=app7.M5 nbrs={app11.M4,app7.M5}
  cost=13 deg=2 node=app11.M4 parent=app11.M0 nbrs={app11.M0,app11.M1}
  cost=11 deg=3 node=app8.M10 parent=app0.M4 nbrs={app8.M8,app0.M4,app18.M2}
  cost=9 deg=3 node=app9.M7 parent=app9.M0 nbrs={app9.M0,app9.M4,app9.Log71}
  cost=6 deg=3 node=app8.M9 parent=app8.M0 nbrs={app8.M0,app8.M5,app8.Tag53}
  cost=5 deg=3 node=app1.M6 parent=app1.M0 nbrs={app1.M0,app1.M3,app19.M8}
  cost=5 deg=3 node=app3.M4 parent=app3.M0 nbrs={app3.M0,app3.M2,app13.M4}
  cost=4 deg=3 node=app8.M11 parent=app8.M0 nbrs={app8.M0,app8.M2,app14.M6}
  cost=4 deg=3 node=app17.M4 parent=app17.M0 nbrs={app17.M0,app17.M5,app17.Tag18}
  cost=3 deg=2 node=app2.M3 parent=app2.M0 nbrs={app2.M0,app2.Log17}
  cost=2 deg=2 node=app0.M2 parent=app5.M2 nbrs={app0.Address2,app5.M2}
  cost=2 deg=2 node=app10.M1 parent=app10.M0 nbrs={app10.M0,app10.M3}
  cost=2 deg=3 node=app14.M1 parent=app14.M0 nbrs={app14.M0,app14.M2,app14.File26}
  cost=2 deg=2 node=app17.M7 parent=app17.M0 nbrs={app17.M0,app17.M5}
  cost=2 deg=2 node=app19.M9 parent=app19.M0 nbrs={app19.M0,app19.M8}
[pd-knot] 211 polyline cross pairs, 4 resolved via endpoint swap.
[xings-detour] iters=2 initial-poly-pairs=199 accepted=4 (multi-seg, density-aware, polyline detect, iterative).
[visual-knot] 194→191 cross points, 17→14 hot cells (≥3), 45 handled, 3 swap accepted.
[leaf-untangle] candidates=161, with-cross=29, moved=12, crossings-resolved=50.
[leaf-untangle] candidates=161, with-cross=23, moved=5, crossings-resolved=16.
[leaf-untangle] candidates=161, with-cross=20, moved=1, crossings-resolved=3.
[stuck-leaf-diag] 20 candidates with cost>0 (top 15 below):
  cost=14 deg=3 node=app8.M10 parent=app0.M4 nbrs={app8.M8,app0.M4,app18.M2}
  cost=12 deg=2 node=app11.M1 parent=app7.M5 nbrs={app11.M4,app7.M5}
  cost=11 deg=2 node=app11.M4 parent=app11.M0 nbrs={app11.M0,app11.M1}
  cost=9 deg=3 node=app9.M7 parent=app9.M0 nbrs={app9.M0,app9.M4,app9.Log71}
  cost=6 deg=3 node=app8.M9 parent=app8.M0 nbrs={app8.M0,app8.M5,app8.Tag53}
  cost=5 deg=3 node=app3.M4 parent=app3.M0 nbrs={app3.M0,app3.M2,app13.M4}
  cost=4 deg=3 node=app17.M4 parent=app17.M0 nbrs={app17.M0,app17.M5,app17.Tag18}
  cost=3 deg=3 node=app1.M6 parent=app1.M0 nbrs={app1.M0,app1.M3,app19.M8}
  cost=2 deg=2 node=app0.M2 parent=app5.M2 nbrs={app0.Address2,app5.M2}
  cost=2 deg=2 node=app10.M1 parent=app10.M0 nbrs={app10.M0,app10.M3}
  cost=2 deg=3 node=app14.M1 parent=app14.M0 nbrs={app14.M0,app14.M2,app14.File26}
  cost=2 deg=2 node=app17.M7 parent=app17.M0 nbrs={app17.M0,app17.M5}
  cost=2 deg=2 node=app19.M9 parent=app19.M0 nbrs={app19.M0,app19.M8}
  cost=1 deg=3 node=app1.M3 parent=app1.M0 nbrs={app1.M0,app1.M6,app1.Tag16}
  cost=1 deg=2 node=app2.M10 parent=app2.M0 nbrs={app2.M0,app2.Note3}
[carrier-cross] segment 195 -> carrier-grouped 171 (-12%). Carriers: 192 total (2 bundle + 124 cluster-pair + 66 individual).
[isolated-stash] Stashed 10 edge-less nodes in 6-column strip at x>=27309.
[face-raster] grid 6025x4061 (cell 5.0x5.0 units), 601 faces, 24214327 bg cells (99.0% of grid)
  face #1: 19863641 cells (82.0%), bbox 6025x4061 @ (0,0)
  face #2: 1087117 cells (4.5%), bbox 1450x2278 @ (327,437)
  face #527: 372287 cells (1.5%), bbox 1217x599 @ (159,3364)
  face #106: 214549 cells (0.9%), bbox 582x1114 @ (2088,2127)
  face #360: 170528 cells (0.7%), bbox 954x581 @ (302,3019)
  face #38: 160532 cells (0.7%), bbox 749x673 @ (960,1731)
  face #292: 132610 cells (0.5%), bbox 647x423 @ (738,2897)
  face #344: 108947 cells (0.4%), bbox 985x775 @ (1734,2981)
[face-cohesion] 69 clusters analysed, 28 low-cohesion (<60% in dominant face)
  cohesion histogram:
     20%- 29%: 4 clusters
     30%- 39%: 11 clusters
     40%- 49%: 1 clusters
     50%- 59%: 12 clusters
     60%- 69%: 10 clusters
     70%- 79%: 4 clusters
     80%- 89%: 1 clusters
    100%-100%: 26 clusters
  top 10 low-cohesion clusters (largest first):
    _louv_55: 7 members, 3 in dominant face, 4 faces total (43%)
    _louv_0: 4 members, 2 in dominant face, 2 faces total (50%)
    _louv_99: 4 members, 1 in dominant face, 4 faces total (25%)
    _louv_45: 4 members, 1 in dominant face, 4 faces total (25%)
    _louv_51: 4 members, 1 in dominant face, 4 faces total (25%)
    _louv_79: 4 members, 1 in dominant face, 4 faces total (25%)
    _louv_20: 3 members, 1 in dominant face, 3 faces total (33%)
    _louv_83: 3 members, 1 in dominant face, 3 faces total (33%)
    _louv_81: 3 members, 1 in dominant face, 3 faces total (33%)
    _louv_78: 3 members, 1 in dominant face, 3 faces total (33%)
[face-density] 304 micro-faces (size<50), top 10 hot regions (macro 64x64 cells):
  region (19,33): 32 micro-faces, world (5439,10114)-(5759,10434)
  region (4,51): 31 micro-faces, world (639,15873)-(959,16193)
  region (3,52): 20 micro-faces, world (319,16193)-(639,16513)
  region (20,32): 19 micro-faces, world (5759,9794)-(6079,10114)
  region (19,32): 18 micro-faces, world (5439,9794)-(5759,10114)
  region (28,27): 10 micro-faces, world (8319,8194)-(8639,8514)
  region (26,49): 8 micro-faces, world (7679,15233)-(7999,15553)
  region (34,51): 7 micro-faces, world (10239,15873)-(10559,16193)
  region (33,58): 7 micro-faces, world (9919,18113)-(10239,18433)
  region (26,26): 6 micro-faces, world (7679,7874)-(7999,8194)
[face-ppm] Wrote /tmp/face-raster.ppm (3012x2030, downsampled from 6025x4061 by 2)
[face-untangle] 26 target clusters, 43 strays, 3 moved → REVERTED (poly cross 192 → 202)
[stuck-leaf-2d] pass 1: 3 candidates, 3 moved, 3 cost units resolved.
[stuck-leaf-2d] pass 2: 0 candidates, 0 moved, 0 cost units resolved.
[stuck-leaf-2d] 0 candidates, 3 moved, 3 cost units resolved (poly cross 188 → 185, 3 fewer)
[hot-region-sa] 13 hot cells (≥4 cross, 185 cross pts), top 5 processed, 53/799 swap accepted (cross 185 → 185, 0 fewer)
