[community] algorithm=louvain communities=70 meta=3
[hub-bias] Super-graph: pushed 3 high-deg cluster roots to 1.4x avgR.
[cg-time] 4ms post-hub-bias
[cg-time] 62ms pre-§10-outward-radial
[cg-time] 62ms pre-§11-compose
[cg-time] 62ms pre-§12-pruning-reattach
[cg-time] 62ms pre-§13-cluster-swap
[cg-time] 256ms pre-§14-chain-straightening
[cg-time] 256ms pre-§15-pruned-cross-min
[§15.5] Optimized 15 alone-root+independent nodes (12 moves).
[cg-time] 258ms pre-bus-bundle
[xings-hotspot] total=139 xings across 90 offending edges (of 220)
  edge app5.M4↔app13.M7 xings=12 cluster=(_louv_34,?)
  edge app2.M2↔app15.M5 xings=11 cluster=(_louv_16,?)
  edge app11.M3↔app13.M10 xings=10 cluster=(_louv_48,?)
  edge app7.M5↔app7.M8 xings=9 cluster=(_louv_38,_louv_29)
  edge app9.M0↔app9.M3 xings=8 cluster=(_louv_52,?)
  edge app9.M0↔app9.M1 xings=7 cluster=(_louv_52,?)
  edge app6.M0↔app6.M4 xings=7 cluster=(_louv_37,_louv_6)
  edge app4.M0↔app4.M11 xings=7 cluster=(_louv_22,_louv_29)
[xings-hotspot] top cluster signatures:
  {?|_louv_0|_louv_64} xings=8
  {?|_louv_34} xings=4
  {?|_louv_48|_louv_52} xings=4
  {?|_louv_26|_louv_48} xings=3
  {?|_louv_0|_louv_24} xings=3
  {?|_louv_26|_louv_52} xings=3
  {?|_louv_0|_louv_2|_louv_64} xings=3
  {?|_louv_53|_louv_57} xings=3
[bundle-clear] Pushed 2 nodes off bundle bboxes.
[knot-min] Accepted 41 spatial swaps among 180 candidates.
[carrier-pre] 225 edges → 139 distinct carriers (cost-side filter).
[leaf-untangle] candidates=108, with-cross=47, moved=43, crossings-resolved=183.
[leaf-untangle] candidates=108, with-cross=31, moved=18, crossings-resolved=53.
[leaf-untangle] candidates=108, with-cross=17, moved=3, crossings-resolved=7.
[leaf-untangle] candidates=108, with-cross=16, moved=0, crossings-resolved=0.
[stuck-leaf-diag] 21 candidates with cost>0 (top 15 below):
  cost=15 deg=3 node=app9.M3 parent=app9.M0 nbrs={app9.M0,app9.M2,app0.M10}
  cost=11 deg=3 node=app8.M9 parent=app13.M0 nbrs={app8.M0,app8.M8,app13.M0}
  cost=10 deg=2 node=app13.M10 parent=app13.M0 nbrs={app13.M0,app11.M3}
  cost=8 deg=3 node=app2.M2 parent=app2.M0 nbrs={app2.M0,app2.M9,app15.M5}
  cost=4 deg=2 node=app0.M12 parent=app0.M0 nbrs={app0.M0,app0.M3}
  cost=3 deg=3 node=app2.M9 parent=app2.M0 nbrs={app2.M0,app2.M2,app8.M3}
  cost=3 deg=2 node=app2.M13 parent=app2.M0 nbrs={app2.M0,app2.M8}
  cost=3 deg=2 node=app7.M3 parent=app7.M0 nbrs={app7.M0,app1.M4}
  cost=3 deg=2 node=app7.M11 parent=app7.M0 nbrs={app7.M0,app7.M10}
  cost=3 deg=3 node=app8.M8 parent=app8.M0 nbrs={app8.M0,app8.M5,app8.M9}
  cost=3 deg=2 node=app10.M2 parent=app10.M0 nbrs={app10.M0,app10.M8}
  cost=3 deg=3 node=app10.M5 parent=app10.M0 nbrs={app10.M0,app10.M8,app7.M1}
  cost=3 deg=3 node=app10.M8 parent=app10.M0 nbrs={app10.M0,app10.M5,app10.M2}
  cost=3 deg=3 node=app10.M11 parent=app10.M0 nbrs={app10.M0,app10.M6,app10.File12}
  cost=2 deg=3 node=app1.M7 parent=app1.M0 nbrs={app1.M0,app1.M1,app15.M2}
[pd-knot] 82 polyline cross pairs, 3 resolved via endpoint swap.
[xings-detour] iters=2 initial-poly-pairs=92 accepted=7 (multi-seg, density-aware, polyline detect, iterative).
[visual-knot] 84→83 cross points, 3→3 hot cells (≥3), 6 handled, 1 swap accepted.
[leaf-untangle] candidates=108, with-cross=19, moved=7, crossings-resolved=17.
[leaf-untangle] candidates=108, with-cross=16, moved=2, crossings-resolved=2.
[leaf-untangle] candidates=108, with-cross=16, moved=0, crossings-resolved=0.
[stuck-leaf-diag] 21 candidates with cost>0 (top 15 below):
  cost=16 deg=3 node=app9.M3 parent=app9.M0 nbrs={app9.M0,app9.M2,app0.M10}
  cost=12 deg=3 node=app8.M9 parent=app13.M0 nbrs={app8.M0,app8.M8,app13.M0}
  cost=10 deg=2 node=app13.M10 parent=app13.M0 nbrs={app13.M0,app11.M3}
  cost=9 deg=3 node=app2.M2 parent=app2.M0 nbrs={app2.M0,app2.M9,app15.M5}
  cost=4 deg=2 node=app0.M3 parent=app10.M10 nbrs={app0.M12,app10.M10}
  cost=4 deg=2 node=app0.M12 parent=app0.M0 nbrs={app0.M0,app0.M3}
  cost=3 deg=3 node=app2.M9 parent=app2.M0 nbrs={app2.M0,app2.M2,app8.M3}
  cost=3 deg=2 node=app2.M13 parent=app2.M0 nbrs={app2.M0,app2.M8}
  cost=3 deg=2 node=app7.M3 parent=app7.M0 nbrs={app7.M0,app1.M4}
  cost=3 deg=2 node=app7.M11 parent=app7.M0 nbrs={app7.M0,app7.M10}
  cost=3 deg=2 node=app10.M2 parent=app10.M0 nbrs={app10.M0,app10.M8}
  cost=3 deg=3 node=app10.M5 parent=app10.M0 nbrs={app10.M0,app10.M8,app7.M1}
  cost=3 deg=3 node=app10.M8 parent=app10.M0 nbrs={app10.M0,app10.M5,app10.M2}
  cost=3 deg=3 node=app10.M11 parent=app10.M0 nbrs={app10.M0,app10.M6,app10.File12}
  cost=2 deg=3 node=app1.M7 parent=app1.M0 nbrs={app1.M0,app1.M1,app15.M2}
[carrier-cross] segment 82 -> carrier-grouped 72 (-12%). Carriers: 133 total (2 bundle + 86 cluster-pair + 45 individual).
[isolated-stash] Stashed 9 edge-less nodes in 6-column strip at x>=15354.
[face-raster] grid 3577x3347 (cell 5.0x5.0 units), 268 faces, 11783289 bg cells (98.4% of grid)
  face #1: 8918420 cells (75.7%), bbox 3577x3347 @ (0,0)
  face #2: 413482 cells (3.5%), bbox 804x966 @ (994,94)
  face #143: 385266 cells (3.3%), bbox 787x1366 @ (488,1839)
  face #239: 242346 cells (2.1%), bbox 606x916 @ (934,2271)
  face #45: 131839 cells (1.1%), bbox 591x437 @ (1243,883)
  face #49: 123557 cells (1.0%), bbox 278x722 @ (1624,1212)
  face #44: 92608 cells (0.8%), bbox 791x359 @ (1012,832)
  face #47: 91658 cells (0.8%), bbox 306x526 @ (929,1074)
[face-cohesion] 42 clusters analysed, 13 low-cohesion (<60% in dominant face)
  cohesion histogram:
     30%- 39%: 1 clusters
     50%- 59%: 12 clusters
     60%- 69%: 9 clusters
     70%- 79%: 1 clusters
     80%- 89%: 2 clusters
    100%-100%: 17 clusters
  top 10 low-cohesion clusters (largest first):
    _louv_38: 8 members, 4 in dominant face, 3 faces total (50%)
    _louv_37: 6 members, 3 in dominant face, 4 faces total (50%)
    _louv_7: 4 members, 2 in dominant face, 3 faces total (50%)
    _louv_0: 3 members, 1 in dominant face, 3 faces total (33%)
    _louv_67: 2 members, 1 in dominant face, 2 faces total (50%)
    _louv_8: 2 members, 1 in dominant face, 2 faces total (50%)
    _louv_34: 2 members, 1 in dominant face, 2 faces total (50%)
    _louv_6: 2 members, 1 in dominant face, 2 faces total (50%)
    _louv_36: 2 members, 1 in dominant face, 2 faces total (50%)
    _louv_21: 2 members, 1 in dominant face, 2 faces total (50%)
[face-density] 92 micro-faces (size<50), top 10 hot regions (macro 64x64 cells):
  region (12,32): 14 micro-faces, world (3126,9852)-(3446,10172)
  region (17,5): 9 micro-faces, world (4725,1214)-(5045,1534)
  region (16,6): 6 micro-faces, world (4406,1534)-(4725,1854)
  region (13,49): 6 micro-faces, world (3446,15291)-(3766,15611)
  region (12,37): 6 micro-faces, world (3126,11452)-(3446,11772)
  region (17,4): 5 micro-faces, world (4725,894)-(5045,1214)
  region (16,7): 5 micro-faces, world (4406,1854)-(4725,2174)
  region (31,12): 5 micro-faces, world (9204,3454)-(9524,3774)
  region (11,32): 5 micro-faces, world (2806,9852)-(3126,10172)
  region (17,6): 4 micro-faces, world (4725,1534)-(5045,1854)
[face-ppm] Wrote /tmp/face-raster.ppm (3577x3347, downsampled from 3577x3347 by 1)
[face-untangle] 13 target clusters, 20 strays, 1 moved (poly cross 82 → 80, 2 fewer)
[stuck-leaf-2d] pass 1: 1 candidates, 0 moved, 0 cost units resolved.
[stuck-leaf-2d] 1 candidates, 0 moved, 0 cost units resolved (poly cross 80 → 80, 0 fewer)
[hot-region-sa] 4 hot cells (≥4 cross, 80 cross pts), top 4 processed, 104/484 swap accepted (cross 80 → 78, 2 fewer)
