[community] algorithm=louvain communities=89 meta=5
[hub-bias] Super-graph: pushed 9 high-deg cluster roots to 1.4x avgR.
[cg-time] 7ms post-hub-bias
[cg-time] 45ms pre-§10-outward-radial
[cg-time] 45ms pre-§11-compose
[cg-time] 45ms pre-§12-pruning-reattach
[cg-time] 45ms pre-§13-cluster-swap
[cg-time] 543ms pre-§14-chain-straightening
[cg-time] 543ms pre-§15-pruned-cross-min
[§15.5] Optimized 34 alone-root+independent nodes (3 moves).
[cg-time] 551ms pre-bus-bundle
[bus-bundle] Created 1 bus bundles (2 members, sig ≥ 2 roots).
[xings-hotspot] total=219 xings across 142 offending edges (of 279)
  edge app12.M0↔app12.M1 xings=16 cluster=(?,_louv_66)
  edge app5.M0↔app5.M5 xings=13 cluster=(?,?)
  edge app1.M3↔app9.M2 xings=11 cluster=(?,?)
  edge app7.M4↔app12.M2 xings=11 cluster=(_louv_48,?)
  edge app7.M0↔app7.M2 xings=8 cluster=(_louv_45,_louv_47)
  edge app5.M2↔app7.M0 xings=8 cluster=(_louv_35,_louv_45)
  edge app11.M0↔app11.M2 xings=8 cluster=(_louv_63,_louv_64)
  edge core.Hub0↔app7.M0 xings=7 cluster=(_louv_0,_louv_45)
[xings-hotspot] top cluster signatures:
  {?|_louv_66} xings=7
  {?|_louv_25|_louv_29} xings=3
  {?|_louv_30|_louv_35|_louv_45} xings=3
  {?|_louv_30|_louv_82} xings=3
  {?|_louv_3|_louv_66} xings=3
  {?|_louv_75} xings=3
  {?|_louv_10} xings=3
  {?|_louv_53} xings=3
[knot-min] Accepted 58 spatial swaps among 230 candidates.
[knot-min-2opt] Accepted 1 cross-targeted swaps.
[carrier-pre] 282 edges → 187 distinct carriers (cost-side filter).
[leaf-untangle] candidates=141, with-cross=51, moved=41, crossings-resolved=139.
[leaf-untangle] candidates=141, with-cross=30, moved=18, crossings-resolved=42.
[leaf-untangle] candidates=141, with-cross=16, moved=3, crossings-resolved=7.
[leaf-untangle] candidates=141, with-cross=15, moved=0, crossings-resolved=0.
[stuck-leaf-diag] 15 candidates with cost>0 (top 15 below):
  cost=7 deg=2 node=app18.M1 parent=app18.M0 nbrs={app18.M0,app11.M0}
  cost=6 deg=3 node=app1.M8 parent=app1.M0 nbrs={app1.M0,app1.M1,app5.M5}
  cost=6 deg=2 node=app16.M7 parent=app16.M0 nbrs={app16.M0,app17.M1}
  cost=5 deg=2 node=app17.M1 parent=app17.M0 nbrs={app17.M0,app16.M7}
  cost=4 deg=3 node=app2.M6 parent=app2.M0 nbrs={app2.M0,app2.M10,app14.M0}
  cost=4 deg=2 node=app3.M13 parent=app3.M0 nbrs={app3.M0,app9.M0}
  cost=3 deg=2 node=app13.M4 parent=app13.M0 nbrs={app13.M0,app17.M2}
  cost=2 deg=2 node=app7.M6 parent=app7.M0 nbrs={app7.M0,app17.M7}
  cost=1 deg=2 node=app4.M1 parent=app0.M0 nbrs={app10.M3,app0.M0}
  cost=1 deg=2 node=app7.M7 parent=app7.M0 nbrs={app7.M0,app7.Address75}
  cost=1 deg=2 node=app8.M1 parent=app8.M0 nbrs={app8.M0,app14.M8}
  cost=1 deg=2 node=app13.M3 parent=app13.M6 nbrs={app13.M6,app7.M5}
  cost=1 deg=2 node=app14.M8 parent=app8.M1 nbrs={app14.Asset20,app8.M1}
  cost=1 deg=2 node=app18.M3 parent=app18.M0 nbrs={app18.M0,app15.M2}
  cost=1 deg=2 node=app18.M7 parent=app18.M0 nbrs={app18.M0,app18.Tag16}
[pd-knot] 135 polyline cross pairs, 1 resolved via endpoint swap.
[xings-detour] iters=2 initial-poly-pairs=141 accepted=2 (multi-seg, density-aware, polyline detect, iterative).
[visual-knot] 138→138 cross points, 8→8 hot cells (≥3), 8 handled, 0 swap accepted.
[leaf-untangle] candidates=141, with-cross=18, moved=3, crossings-resolved=10.
[leaf-untangle] candidates=141, with-cross=16, moved=2, crossings-resolved=4.
[leaf-untangle] candidates=141, with-cross=14, moved=0, crossings-resolved=0.
[stuck-leaf-diag] 14 candidates with cost>0 (top 15 below):
  cost=7 deg=2 node=app18.M1 parent=app18.M0 nbrs={app18.M0,app11.M0}
  cost=6 deg=3 node=app1.M8 parent=app1.M0 nbrs={app1.M0,app1.M1,app5.M5}
  cost=6 deg=2 node=app16.M7 parent=app16.M0 nbrs={app16.M0,app17.M1}
  cost=5 deg=2 node=app17.M1 parent=app17.M0 nbrs={app17.M0,app16.M7}
  cost=4 deg=2 node=app3.M13 parent=app3.M0 nbrs={app3.M0,app9.M0}
  cost=3 deg=2 node=app13.M4 parent=app13.M0 nbrs={app13.M0,app17.M2}
  cost=2 deg=2 node=app7.M6 parent=app7.M0 nbrs={app7.M0,app17.M7}
  cost=1 deg=2 node=app4.M1 parent=app0.M0 nbrs={app10.M3,app0.M0}
  cost=1 deg=2 node=app7.M7 parent=app7.M0 nbrs={app7.M0,app7.Address75}
  cost=1 deg=2 node=app8.M1 parent=app8.M0 nbrs={app8.M0,app14.M8}
  cost=1 deg=2 node=app13.M3 parent=app13.M6 nbrs={app13.M6,app7.M5}
  cost=1 deg=2 node=app14.M8 parent=app8.M1 nbrs={app14.Asset20,app8.M1}
  cost=1 deg=2 node=app18.M3 parent=app18.M0 nbrs={app18.M0,app15.M2}
  cost=1 deg=2 node=app18.M7 parent=app18.M0 nbrs={app18.M0,app18.Tag16}
[carrier-cross] segment 138 -> carrier-grouped 130 (-6%). Carriers: 183 total (2 bundle + 123 cluster-pair + 58 individual).
[isolated-stash] Stashed 7 edge-less nodes in 6-column strip at x>=21404.
[face-raster] grid 4781x3866 (cell 5.0x5.0 units), 433 faces, 18245140 bg cells (98.7% of grid)
  face #1: 13708282 cells (75.1%), bbox 4781x3866 @ (0,0)
  face #8: 376654 cells (2.1%), bbox 731x1160 @ (180,685)
  face #5: 349102 cells (1.9%), bbox 720x1142 @ (1803,440)
  face #121: 262575 cells (1.4%), bbox 998x794 @ (2800,1886)
  face #424: 254715 cells (1.4%), bbox 647x792 @ (1786,2980)
  face #181: 179530 cells (1.0%), bbox 557x589 @ (2315,2091)
  face #357: 144231 cells (0.8%), bbox 1478x304 @ (2258,2752)
  face #26: 136277 cells (0.7%), bbox 770x1011 @ (656,706)
[face-cohesion] 59 clusters analysed, 24 low-cohesion (<60% in dominant face)
  cohesion histogram:
     20%- 29%: 1 clusters
     30%- 39%: 5 clusters
     40%- 49%: 2 clusters
     50%- 59%: 16 clusters
     60%- 69%: 8 clusters
     70%- 79%: 1 clusters
     80%- 89%: 2 clusters
    100%-100%: 24 clusters
  top 10 low-cohesion clusters (largest first):
    _louv_70: 5 members, 2 in dominant face, 4 faces total (40%)
    _louv_84: 5 members, 2 in dominant face, 4 faces total (40%)
    _louv_4: 4 members, 1 in dominant face, 4 faces total (25%)
    _louv_64: 4 members, 2 in dominant face, 3 faces total (50%)
    _louv_59: 3 members, 1 in dominant face, 3 faces total (33%)
    _louv_63: 3 members, 1 in dominant face, 3 faces total (33%)
    _louv_56: 3 members, 1 in dominant face, 3 faces total (33%)
    _louv_25: 3 members, 1 in dominant face, 3 faces total (33%)
    _louv_45: 3 members, 1 in dominant face, 3 faces total (33%)
    _louv_3: 2 members, 1 in dominant face, 2 faces total (50%)
[face-density] 213 micro-faces (size<50), top 10 hot regions (macro 64x64 cells):
  region (10,10): 15 micro-faces, world (2692,2780)-(3012,3100)
  region (26,31): 12 micro-faces, world (7811,9500)-(8131,9820)
  region (17,41): 12 micro-faces, world (4931,12700)-(5251,13020)
  region (33,24): 11 micro-faces, world (10051,7260)-(10371,7580)
  region (34,24): 11 micro-faces, world (10371,7260)-(10691,7580)
  region (36,39): 8 micro-faces, world (11010,12060)-(11330,12380)
  region (43,41): 7 micro-faces, world (13250,12700)-(13570,13020)
  region (10,30): 7 micro-faces, world (2692,9180)-(3012,9500)
  region (57,47): 6 micro-faces, world (17729,14620)-(18049,14940)
  region (18,44): 6 micro-faces, world (5251,13660)-(5571,13980)
[face-ppm] Wrote /tmp/face-raster.ppm (2390x1933, downsampled from 4781x3866 by 2)
[face-untangle] 23 target clusters, 33 strays, 1 moved (poly cross 138 → 137, 1 fewer)
[stuck-leaf-2d] pass 1: 0 candidates, 0 moved, 0 cost units resolved.
[stuck-leaf-2d] 0 candidates, 0 moved, 0 cost units resolved (poly cross 137 → 137, 0 fewer)
[hot-region-sa] 8 hot cells (≥4 cross), top 5 processed, 60/752 swap accepted → REVERTED (cross 137 → 139)
