[community] algorithm=louvain communities=86 meta=4
[hub-bias] Super-graph: pushed 9 high-deg cluster roots to 1.4x avgR.
[cg-time] 6ms post-hub-bias
[cg-time] 28ms pre-§10-outward-radial
[cg-time] 28ms pre-§11-compose
[cg-time] 28ms pre-§12-pruning-reattach
[cg-time] 28ms pre-§13-cluster-swap
[cg-time] 329ms pre-§14-chain-straightening
[cg-time] 330ms pre-§15-pruned-cross-min
[§15.5] Optimized 30 alone-root+independent nodes (5 moves).
[cg-time] 333ms pre-bus-bundle
[xings-hotspot] total=130 xings across 103 offending edges (of 257)
  edge core.Hub0↔app9.M0 xings=11 cluster=(_louv_0,_louv_50)
  edge app0.M0↔app0.M3 xings=9 cluster=(_louv_1,_louv_3)
  edge app3.M10↔app17.M1 xings=9 cluster=(?,?)
  edge app4.M2↔app10.M0 xings=9 cluster=(?,_louv_56)
  edge core.Hub0↔app8.M0 xings=8 cluster=(_louv_0,_louv_46)
  edge app12.M0↔app12.M6 xings=8 cluster=(?,_louv_64)
  edge app0.M1↔app10.M1 xings=7 cluster=(?,?)
  edge app1.M0↔app1.M2 xings=6 cluster=(_louv_4,?)
[xings-hotspot] top cluster signatures:
  {?|_louv_60|_louv_64} xings=6
  {?|_louv_1|_louv_7} xings=6
  {?|_louv_1|_louv_3|_louv_7} xings=4
  {?|_louv_0|_louv_46|_louv_60} xings=4
  {?|_louv_47|_louv_50} xings=3
  {?|_louv_0|_louv_46} xings=3
  {?|_louv_0|_louv_56} xings=3
  {?|_louv_13|_louv_60} xings=3
[bundle-clear] Pushed 1 nodes off bundle bboxes.
[knot-min] Accepted 27 spatial swaps among 209 candidates.
[knot-min-2opt] Accepted 1 cross-targeted swaps.
[carrier-pre] 263 edges → 163 distinct carriers (cost-side filter).
[leaf-untangle] candidates=128, with-cross=43, moved=33, crossings-resolved=119.
[leaf-untangle] candidates=128, with-cross=30, moved=11, crossings-resolved=22.
[leaf-untangle] candidates=128, with-cross=26, moved=7, crossings-resolved=19.
[leaf-untangle] candidates=128, with-cross=23, moved=0, crossings-resolved=0.
[stuck-leaf-diag] 24 candidates with cost>0 (top 15 below):
  cost=11 deg=3 node=app17.M1 parent=app17.M0 nbrs={app17.M0,app17.M7,app3.M10}
  cost=7 deg=2 node=app1.M2 parent=app2.M0 nbrs={app1.M0,app2.M0}
  cost=7 deg=3 node=app11.M4 parent=app11.M0 nbrs={app11.M0,app11.M11,app0.M3}
  cost=5 deg=2 node=app12.M6 parent=app12.M0 nbrs={app12.M0,app12.M3}
  cost=5 deg=3 node=app11.M5 parent=app11.M0 nbrs={app11.M0,app11.M11,app11.M1}
  cost=4 deg=2 node=app12.M3 parent=app8.M7 nbrs={app12.M6,app8.M7}
  cost=3 deg=3 node=app8.M10 parent=app8.M0 nbrs={app8.M0,app8.M7,app5.M8}
  cost=2 deg=3 node=app11.M11 parent=app11.M0 nbrs={app11.M0,app11.M5,app11.M4}
  cost=2 deg=2 node=app2.M3 parent=app2.M0 nbrs={app2.M0,app0.M1}
  cost=2 deg=2 node=app2.M4 parent=app2.M0 nbrs={app2.M0,app15.M3}
  cost=2 deg=2 node=app16.M11 parent=app16.M0 nbrs={app16.M0,app16.M12}
  cost=2 deg=3 node=app3.M1 parent=app3.M0 nbrs={app3.M0,app3.M4,app0.M1}
  cost=2 deg=3 node=app9.M3 parent=app9.M0 nbrs={app9.M0,app9.M1,app3.M7}
  cost=1 deg=2 node=app11.M6 parent=app11.M0 nbrs={app11.M0,app10.M7}
  cost=1 deg=2 node=app11.M1 parent=app11.M0 nbrs={app11.M0,app11.M5}
[pd-knot] 100 polyline cross pairs, 2 resolved via endpoint swap.
[xings-detour] iters=2 initial-poly-pairs=96 accepted=5 (multi-seg, density-aware, polyline detect, iterative).
[visual-knot] 91→90 cross points, 3→2 hot cells (≥3), 5 handled, 1 swap accepted.
[leaf-untangle] candidates=128, with-cross=23, moved=3, crossings-resolved=9.
[leaf-untangle] candidates=128, with-cross=21, moved=3, crossings-resolved=4.
[leaf-untangle] candidates=128, with-cross=21, moved=0, crossings-resolved=0.
[stuck-leaf-diag] 22 candidates with cost>0 (top 15 below):
  cost=11 deg=3 node=app17.M1 parent=app17.M0 nbrs={app17.M0,app17.M7,app3.M10}
  cost=7 deg=2 node=app1.M2 parent=app2.M0 nbrs={app1.M0,app2.M0}
  cost=6 deg=3 node=app11.M4 parent=app11.M0 nbrs={app11.M0,app11.M11,app0.M3}
  cost=5 deg=2 node=app12.M3 parent=app8.M7 nbrs={app12.M6,app8.M7}
  cost=5 deg=2 node=app12.M6 parent=app12.M0 nbrs={app12.M0,app12.M3}
  cost=4 deg=3 node=app11.M5 parent=app11.M0 nbrs={app11.M0,app11.M11,app11.M1}
  cost=3 deg=3 node=app3.M1 parent=app3.M0 nbrs={app3.M0,app3.M4,app0.M1}
  cost=3 deg=3 node=app8.M10 parent=app8.M0 nbrs={app8.M0,app8.M7,app5.M8}
  cost=2 deg=2 node=app2.M4 parent=app2.M0 nbrs={app2.M0,app15.M3}
  cost=2 deg=3 node=app2.M8 parent=app2.M0 nbrs={app2.M0,app2.M10,app9.M6}
  cost=2 deg=3 node=app9.M3 parent=app9.M0 nbrs={app9.M0,app9.M1,app3.M7}
  cost=2 deg=2 node=app16.M11 parent=app16.M0 nbrs={app16.M0,app16.M12}
  cost=1 deg=2 node=app1.M1 parent=app1.M0 nbrs={app1.M0,app16.M9}
  cost=1 deg=2 node=app2.M3 parent=app2.M0 nbrs={app2.M0,app0.M1}
  cost=1 deg=2 node=app11.M6 parent=app11.M0 nbrs={app11.M0,app10.M7}
[carrier-cross] segment 91 -> carrier-grouped 82 (-10%). Carriers: 155 total (1 bundle + 104 cluster-pair + 50 individual).
[isolated-stash] Stashed 12 edge-less nodes in 6-column strip at x>=21675.
[face-raster] grid 4849x4095 (cell 5.0x5.0 units), 354 faces, 19632149 bg cells (98.9% of grid)
  face #1: 15398023 cells (78.4%), bbox 4849x4095 @ (0,0)
  face #201: 404371 cells (2.1%), bbox 752x1162 @ (465,1948)
  face #3: 286426 cells (1.5%), bbox 644x1055 @ (1411,190)
  face #2: 283996 cells (1.4%), bbox 1302x1653 @ (1457,125)
  face #336: 244145 cells (1.2%), bbox 845x605 @ (2231,2779)
  face #56: 237542 cells (1.2%), bbox 794x541 @ (1199,1246)
  face #311: 205181 cells (1.0%), bbox 689x622 @ (2407,2485)
  face #339: 129859 cells (0.7%), bbox 608x881 @ (2079,3076)
[face-cohesion] 47 clusters analysed, 18 low-cohesion (<60% in dominant face)
  cohesion histogram:
     20%- 29%: 1 clusters
     30%- 39%: 4 clusters
     40%- 49%: 1 clusters
     50%- 59%: 12 clusters
     60%- 69%: 7 clusters
     70%- 79%: 1 clusters
    100%-100%: 21 clusters
  top 10 low-cohesion clusters (largest first):
    _louv_81: 6 members, 2 in dominant face, 5 faces total (33%)
    _louv_46: 6 members, 2 in dominant face, 5 faces total (33%)
    _louv_60: 5 members, 1 in dominant face, 5 faces total (20%)
    _louv_40: 5 members, 2 in dominant face, 4 faces total (40%)
    _louv_77: 4 members, 2 in dominant face, 2 faces total (50%)
    _louv_38: 4 members, 2 in dominant face, 3 faces total (50%)
    _louv_7: 4 members, 2 in dominant face, 3 faces total (50%)
    _louv_35: 3 members, 1 in dominant face, 3 faces total (33%)
    _louv_13: 3 members, 1 in dominant face, 3 faces total (33%)
    _louv_80: 2 members, 1 in dominant face, 2 faces total (50%)
[face-density] 175 micro-faces (size<50), top 10 hot regions (macro 64x64 cells):
  region (27,3): 24 micro-faces, world (8125,518)-(8445,838)
  region (34,34): 13 micro-faces, world (10364,10437)-(10684,10757)
  region (27,4): 10 micro-faces, world (8125,838)-(8445,1158)
  region (37,32): 9 micro-faces, world (11324,9797)-(11644,10117)
  region (26,28): 8 micro-faces, world (7805,8518)-(8125,8838)
  region (29,38): 8 micro-faces, world (8765,11717)-(9085,12037)
  region (19,35): 7 micro-faces, world (5565,10757)-(5885,11077)
  region (28,4): 6 micro-faces, world (8445,838)-(8765,1158)
  region (27,42): 6 micro-faces, world (8125,12997)-(8445,13317)
  region (48,49): 4 micro-faces, world (14844,15237)-(15164,15557)
[face-ppm] Wrote /tmp/face-raster.ppm (2424x2047, downsampled from 4849x4095 by 2)
[face-untangle] 18 target clusters, 32 strays, 1 moved (poly cross 90 → 90, 0 fewer)
[stuck-leaf-2d] pass 1: 0 candidates, 0 moved, 0 cost units resolved.
[stuck-leaf-2d] 0 candidates, 0 moved, 0 cost units resolved (poly cross 90 → 90, 0 fewer)
[hot-region-sa] 2 hot cells (≥4 cross, 90 cross pts), top 2 processed, 46/324 swap accepted (cross 90 → 85, 5 fewer)
