[community] algorithm=louvain communities=62 meta=4
[hub-bias] Super-graph: pushed 6 high-deg cluster roots to 1.4x avgR.
[cg-time] 9ms post-hub-bias
[cg-time] 38ms pre-§10-outward-radial
[cg-time] 38ms pre-§11-compose
[cg-time] 38ms pre-§12-pruning-reattach
[cg-time] 38ms pre-§13-cluster-swap
[cg-time] 132ms pre-§14-chain-straightening
[cg-time] 133ms pre-§15-pruned-cross-min
[§15.5] Optimized 27 alone-root+independent nodes (11 moves).
[cg-time] 136ms pre-bus-bundle
[xings-hotspot] total=143 xings across 78 offending edges (of 198)
  edge core.Hub0↔app12.M0 xings=13 cluster=(?,_louv_56)
  edge app5.M1↔app7.M4 xings=11 cluster=(?,_louv_30)
  edge app1.M0↔app1.M2 xings=11 cluster=(?,_louv_9)
  edge app6.M4↔app11.M4 xings=10 cluster=(?,?)
  edge core.Hub0↔app1.M0 xings=10 cluster=(?,?)
  edge app2.M0↔app13.M1 xings=10 cluster=(?,?)
  edge app1.M1↔app1.M2 xings=9 cluster=(?,_louv_9)
  edge app11.M5↔app13.M2 xings=9 cluster=(_louv_52,?)
[xings-hotspot] top cluster signatures:
  {?} xings=11
  {?|_louv_30} xings=7
  {?|_louv_9} xings=5
  {?|_louv_58} xings=4
  {?|_louv_43} xings=4
  {?|_louv_50|_louv_52} xings=4
  {?|_louv_16|_louv_17} xings=4
  {?|_louv_27} xings=4
[knot-min] Accepted 22 spatial swaps among 164 candidates.
[knot-min-2opt] Accepted 2 cross-targeted swaps.
[carrier-pre] 201 edges → 126 distinct carriers (cost-side filter).
[leaf-untangle] candidates=100, with-cross=37, moved=28, crossings-resolved=76.
[leaf-untangle] candidates=100, with-cross=17, moved=5, crossings-resolved=16.
[leaf-untangle] candidates=100, with-cross=15, moved=4, crossings-resolved=15.
[leaf-untangle] candidates=100, with-cross=17, moved=4, crossings-resolved=12.
[stuck-leaf-diag] 14 candidates with cost>0 (top 15 below):
  cost=5 deg=3 node=app0.M9 parent=app0.M0 nbrs={app0.M0,app0.M3,app9.M1}
  cost=5 deg=3 node=app0.M11 parent=app0.M0 nbrs={app0.M0,app0.M8,app7.M1}
  cost=5 deg=2 node=app10.M1 parent=app10.M0 nbrs={app10.M0,app9.M4}
  cost=4 deg=3 node=app6.M5 parent=app6.M0 nbrs={app6.M0,app6.M4,app6.File8}
  cost=4 deg=2 node=app9.M4 parent=app9.M0 nbrs={app9.M0,app10.M1}
  cost=3 deg=3 node=app0.M6 parent=app0.M0 nbrs={app0.M0,app0.M8,app8.M3}
  cost=3 deg=3 node=app11.M6 parent=app11.M0 nbrs={app11.M0,app11.M3,app7.M8}
  cost=2 deg=2 node=app0.M3 parent=app0.M0 nbrs={app0.M0,app0.M9}
  cost=2 deg=2 node=app4.M1 parent=app4.M0 nbrs={app4.M0,app6.M7}
  cost=2 deg=3 node=app9.M8 parent=app9.M0 nbrs={app9.M0,app9.M5,app13.M3}
  cost=1 deg=2 node=app7.M5 parent=app7.M0 nbrs={app7.M0,app7.Log22}
  cost=1 deg=2 node=app10.M5 parent=app10.M0 nbrs={app10.M0,app10.Address6}
  cost=1 deg=1 node=app7.Log15 parent=app7.M1 nbrs={app7.M1}
  cost=1 deg=1 node=app7.Tag26 parent=app7.M1 nbrs={app7.M1}
[pd-knot] 104 polyline cross pairs, 1 resolved via endpoint swap.
[xings-detour] iters=2 initial-poly-pairs=107 accepted=1 (multi-seg, density-aware, polyline detect, iterative).
[visual-knot] 103→103 cross points, 1→1 hot cells (≥3), 1 handled, 0 swap accepted.
[leaf-untangle] candidates=100, with-cross=14, moved=1, crossings-resolved=1.
[leaf-untangle] candidates=100, with-cross=14, moved=0, crossings-resolved=0.
[stuck-leaf-diag] 14 candidates with cost>0 (top 15 below):
  cost=7 deg=3 node=app0.M9 parent=app0.M0 nbrs={app0.M0,app0.M3,app9.M1}
  cost=5 deg=2 node=app10.M1 parent=app10.M0 nbrs={app10.M0,app9.M4}
  cost=4 deg=3 node=app0.M11 parent=app0.M0 nbrs={app0.M0,app0.M8,app7.M1}
  cost=4 deg=3 node=app6.M5 parent=app6.M0 nbrs={app6.M0,app6.M4,app6.File8}
  cost=4 deg=2 node=app9.M4 parent=app9.M0 nbrs={app9.M0,app10.M1}
  cost=3 deg=3 node=app11.M6 parent=app11.M0 nbrs={app11.M0,app11.M3,app7.M8}
  cost=2 deg=2 node=app0.M3 parent=app0.M0 nbrs={app0.M0,app0.M9}
  cost=2 deg=3 node=app0.M6 parent=app0.M0 nbrs={app0.M0,app0.M8,app8.M3}
  cost=2 deg=2 node=app4.M1 parent=app4.M0 nbrs={app4.M0,app6.M7}
  cost=2 deg=3 node=app9.M8 parent=app9.M0 nbrs={app9.M0,app9.M5,app13.M3}
  cost=1 deg=2 node=app7.M5 parent=app7.M0 nbrs={app7.M0,app7.Log22}
  cost=1 deg=2 node=app10.M5 parent=app10.M0 nbrs={app10.M0,app10.Address6}
  cost=1 deg=1 node=app7.Log15 parent=app7.M1 nbrs={app7.M1}
  cost=1 deg=1 node=app7.Tag26 parent=app7.M1 nbrs={app7.M1}
[isolated-stash] Stashed 4 edge-less nodes in 6-column strip at x>=41552.
[face-raster] grid 8064x12399 (cell 5.5x5.5 units), 364 faces, 99760516 bg cells (99.8% of grid)
  face #1: 79905523 cells (80.1%), bbox 8064x12399 @ (0,0)
  face #67: 2913578 cells (2.9%), bbox 1974x2443 @ (363,7185)
  face #28: 1564253 cells (1.6%), bbox 2579x1880 @ (4372,6248)
  face #29: 1342129 cells (1.3%), bbox 2340x1513 @ (2894,6296)
  face #38: 1250003 cells (1.3%), bbox 1659x1503 @ (2989,6881)
  face #262: 1215718 cells (1.2%), bbox 1204x2778 @ (2197,9323)
  face #75: 1018783 cells (1.0%), bbox 2019x1724 @ (5044,7309)
  face #3: 985522 cells (1.0%), bbox 1783x1288 @ (2586,5196)
[face-cohesion] 39 clusters analysed, 16 low-cohesion (<60% in dominant face)
  cohesion histogram:
     20%- 29%: 3 clusters
     30%- 39%: 1 clusters
     50%- 59%: 12 clusters
     60%- 69%: 5 clusters
     80%- 89%: 1 clusters
    100%-100%: 17 clusters
  top 10 low-cohesion clusters (largest first):
    _louv_59: 4 members, 2 in dominant face, 3 faces total (50%)
    _louv_40: 4 members, 2 in dominant face, 2 faces total (50%)
    _louv_35: 4 members, 2 in dominant face, 3 faces total (50%)
    _louv_31: 4 members, 1 in dominant face, 4 faces total (25%)
    _louv_1: 4 members, 1 in dominant face, 4 faces total (25%)
    _louv_21: 4 members, 2 in dominant face, 3 faces total (50%)
    _louv_30: 4 members, 1 in dominant face, 4 faces total (25%)
    _louv_7: 4 members, 2 in dominant face, 2 faces total (50%)
    _louv_28: 3 members, 1 in dominant face, 3 faces total (33%)
    _louv_58: 2 members, 1 in dominant face, 2 faces total (50%)
[face-density] 188 micro-faces (size<50), top 10 hot regions (macro 64x64 cells):
  region (43,156): 23 micro-faces, world (14238,53562)-(14590,53914)
  region (66,128): 11 micro-faces, world (22336,43704)-(22688,44056)
  region (40,83): 11 micro-faces, world (13182,27862)-(13534,28214)
  region (45,188): 11 micro-faces, world (14942,64828)-(15294,65180)
  region (51,135): 10 micro-faces, world (17055,46169)-(17407,46521)
  region (110,114): 8 micro-faces, world (37827,38775)-(38179,39128)
  region (72,109): 7 micro-faces, world (24448,37015)-(24800,37367)
  region (42,156): 7 micro-faces, world (13886,53562)-(14238,53914)
  region (41,84): 6 micro-faces, world (13534,28214)-(13886,28566)
  region (70,122): 6 micro-faces, world (23744,41592)-(24096,41944)
[face-ppm] Wrote /tmp/face-raster.ppm (2016x3099, downsampled from 8064x12399 by 4)
[face-untangle] 13 target clusters, 19 strays, 0 moved (poly cross 103 → 103, 0 fewer)
[stuck-leaf-2d] pass 1: 2 candidates, 2 moved, 2 cost units resolved.
[stuck-leaf-2d] pass 2: 0 candidates, 0 moved, 0 cost units resolved.
[stuck-leaf-2d] 0 candidates, 2 moved, 2 cost units resolved (poly cross 103 → 103, 0 fewer)
[hot-region-sa] 2 hot cells (≥4 cross, 103 cross pts), top 2 processed, 4/131 swap accepted (cross 103 → 103, 0 fewer)
