[community] algorithm=louvain communities=86 meta=4
[hub-bias] Super-graph: pushed 7 high-deg cluster roots to 1.4x avgR.
[cg-time] 7ms post-hub-bias
[cg-time] 233ms pre-§10-outward-radial
[cg-time] 233ms pre-§11-compose
[cg-time] 233ms pre-§12-pruning-reattach
[cg-time] 233ms pre-§13-cluster-swap
[cg-time] 941ms pre-§14-chain-straightening
[cg-time] 941ms pre-§15-pruned-cross-min
[§15.5] Optimized 35 alone-root+independent nodes (4 moves).
[cg-time] 948ms pre-bus-bundle
[bus-bundle] Created 1 bus bundles (2 members, sig ≥ 2 roots).
[xings-hotspot] total=302 xings across 145 offending edges (of 300)
  edge core.Hub0↔app10.M0 xings=17 cluster=(?,_louv_44)
  edge core.Hub1↔app18.M0 xings=17 cluster=(?,_louv_85)
  edge app12.M4↔app13.M0 xings=15 cluster=(?,_louv_59)
  edge core.Hub1↔app14.M0 xings=14 cluster=(?,_louv_65)
  edge app5.M4↔app13.M0 xings=14 cluster=(?,_louv_59)
  edge app13.M0↔app13.M4 xings=14 cluster=(_louv_59,?)
  edge app11.M0↔app11.M3 xings=13 cluster=(_louv_48,_louv_49)
  edge app15.M5↔app18.M2 xings=13 cluster=(_louv_38,_louv_14)
[xings-hotspot] top cluster signatures:
  {?|_louv_59|_louv_85} xings=10
  {?|_louv_59|_louv_72} xings=9
  {?|_louv_33|_louv_59} xings=6
  {?|_louv_44|_louv_59} xings=6
  {?|_louv_85} xings=5
  {?|_louv_33} xings=5
  {?|_louv_33|_louv_85} xings=5
  {?|_louv_25|_louv_38} xings=4
[bundle-clear] Pushed 4 nodes off bundle bboxes.
[knot-min] Accepted 45 spatial swaps among 224 candidates.
[carrier-pre] 302 edges → 176 distinct carriers (cost-side filter).
[leaf-untangle] candidates=135, with-cross=36, moved=35, crossings-resolved=101.
[leaf-untangle] candidates=135, with-cross=18, moved=6, crossings-resolved=15.
[leaf-untangle] candidates=135, with-cross=15, moved=0, crossings-resolved=0.
[stuck-leaf-diag] 23 candidates with cost>0 (top 15 below):
  cost=15 deg=3 node=app16.M3 parent=app9.M0 nbrs={app16.M0,app9.M0,app9.M6}
  cost=9 deg=2 node=app9.M8 parent=app9.M0 nbrs={app9.M0,app9.M6}
  cost=8 deg=3 node=app7.M5 parent=app7.M0 nbrs={app7.M0,app7.M4,app13.M7}
  cost=8 deg=3 node=app13.M7 parent=app13.M0 nbrs={app13.M0,app13.M6,app7.M5}
  cost=7 deg=3 node=app18.M1 parent=app18.M0 nbrs={app18.M0,app18.M3,app13.M4}
  cost=6 deg=3 node=app2.M4 parent=app2.M0 nbrs={app2.M0,app2.M11,app2.File53}
  cost=6 deg=3 node=app9.M6 parent=app9.M0 nbrs={app9.M0,app9.M8,app16.M3}
  cost=5 deg=2 node=app13.M6 parent=app13.M0 nbrs={app13.M0,app13.M7}
  cost=5 deg=2 node=app16.M6 parent=app16.M0 nbrs={app16.M0,app16.M7}
  cost=4 deg=3 node=app10.M5 parent=app10.M0 nbrs={app10.M0,app10.M3,app11.M4}
  cost=4 deg=3 node=app11.M8 parent=app11.M0 nbrs={app11.M0,app11.M4,app1.M3}
  cost=3 deg=2 node=app11.M9 parent=app11.M0 nbrs={app11.M0,app11.Asset71}
  cost=3 deg=3 node=app11.M10 parent=app11.M0 nbrs={app11.M0,app11.M4,app11.Tag38}
  cost=2 deg=2 node=app16.M4 parent=app16.M0 nbrs={app16.M0,app16.Address59}
  cost=1 deg=3 node=app1.M3 parent=app1.M0 nbrs={app1.M0,app1.M1,app11.M8}
[pd-knot] 188 polyline cross pairs, 1 resolved via endpoint swap.
[xings-detour] iters=2 initial-poly-pairs=205 accepted=8 (multi-seg, density-aware, polyline detect, iterative).
[visual-knot] 195→195 cross points, 21→21 hot cells (≥3), 21 handled, 0 swap accepted.
[leaf-untangle] candidates=135, with-cross=17, moved=2, crossings-resolved=3.
[leaf-untangle] candidates=135, with-cross=15, moved=0, crossings-resolved=0.
[stuck-leaf-diag] 23 candidates with cost>0 (top 15 below):
  cost=15 deg=3 node=app16.M3 parent=app9.M0 nbrs={app16.M0,app9.M0,app9.M6}
  cost=9 deg=2 node=app9.M8 parent=app9.M0 nbrs={app9.M0,app9.M6}
  cost=8 deg=3 node=app7.M5 parent=app7.M0 nbrs={app7.M0,app7.M4,app13.M7}
  cost=8 deg=3 node=app13.M7 parent=app13.M0 nbrs={app13.M0,app13.M6,app7.M5}
  cost=7 deg=3 node=app18.M1 parent=app18.M0 nbrs={app18.M0,app18.M3,app13.M4}
  cost=6 deg=3 node=app2.M4 parent=app2.M0 nbrs={app2.M0,app2.M11,app2.File53}
  cost=6 deg=3 node=app9.M6 parent=app9.M0 nbrs={app9.M0,app9.M8,app16.M3}
  cost=5 deg=3 node=app10.M5 parent=app10.M0 nbrs={app10.M0,app10.M3,app11.M4}
  cost=5 deg=2 node=app13.M6 parent=app13.M0 nbrs={app13.M0,app13.M7}
  cost=5 deg=2 node=app16.M6 parent=app16.M0 nbrs={app16.M0,app16.M7}
  cost=4 deg=3 node=app11.M8 parent=app11.M0 nbrs={app11.M0,app11.M4,app1.M3}
  cost=3 deg=2 node=app11.M9 parent=app11.M0 nbrs={app11.M0,app11.Asset71}
  cost=3 deg=3 node=app11.M10 parent=app11.M0 nbrs={app11.M0,app11.M4,app11.Tag38}
  cost=2 deg=2 node=app16.M4 parent=app16.M0 nbrs={app16.M0,app16.Address59}
  cost=1 deg=3 node=app1.M3 parent=app1.M0 nbrs={app1.M0,app1.M1,app11.M8}
[carrier-cross] segment 197 -> carrier-grouped 170 (-14%). Carriers: 174 total (4 bundle + 117 cluster-pair + 53 individual).
[isolated-stash] Stashed 7 edge-less nodes in 6-column strip at x>=23033.
[face-raster] grid 5121x7915 (cell 5.0x5.0 units), 642 faces, 40298127 bg cells (99.4% of grid)
  face #1: 37957750 cells (94.2%), bbox 5121x7915 @ (0,0)
  face #4: 197410 cells (0.5%), bbox 339x1078 @ (2211,291)
  face #5: 133992 cells (0.3%), bbox 452x734 @ (2561,362)
  face #613: 103513 cells (0.3%), bbox 316x821 @ (2751,2155)
  face #620: 101662 cells (0.3%), bbox 785x270 @ (3196,2193)
  face #460: 88469 cells (0.2%), bbox 680x631 @ (3317,1668)
  face #614: 87376 cells (0.2%), bbox 391x820 @ (2674,2156)
  face #619: 84165 cells (0.2%), bbox 275x785 @ (3070,2191)
[face-cohesion] 57 clusters analysed, 22 low-cohesion (<60% in dominant face)
  cohesion histogram:
     20%- 29%: 1 clusters
     30%- 39%: 6 clusters
     40%- 49%: 1 clusters
     50%- 59%: 14 clusters
     60%- 69%: 6 clusters
     70%- 79%: 1 clusters
     80%- 89%: 3 clusters
    100%-100%: 25 clusters
  top 10 low-cohesion clusters (largest first):
    _louv_39: 8 members, 4 in dominant face, 4 faces total (50%)
    _louv_33: 5 members, 2 in dominant face, 4 faces total (40%)
    _louv_72: 5 members, 1 in dominant face, 5 faces total (20%)
    _louv_70: 4 members, 2 in dominant face, 3 faces total (50%)
    _louv_85: 4 members, 2 in dominant face, 3 faces total (50%)
    _louv_17: 4 members, 2 in dominant face, 3 faces total (50%)
    _louv_18: 4 members, 2 in dominant face, 3 faces total (50%)
    _louv_75: 3 members, 1 in dominant face, 3 faces total (33%)
    _louv_1: 3 members, 1 in dominant face, 3 faces total (33%)
    _louv_14: 3 members, 1 in dominant face, 3 faces total (33%)
[face-density] 308 micro-faces (size<50), top 10 hot regions (macro 64x64 cells):
  region (46,15): 15 micro-faces, world (14179,3991)-(14498,4311)
  region (42,24): 14 micro-faces, world (12899,6871)-(13219,7191)
  region (41,23): 13 micro-faces, world (12579,6551)-(12899,6871)
  region (53,25): 12 micro-faces, world (16418,7191)-(16738,7511)
  region (38,23): 10 micro-faces, world (11619,6551)-(11939,6871)
  region (50,22): 10 micro-faces, world (15458,6231)-(15778,6551)
  region (56,29): 9 micro-faces, world (17378,8471)-(17698,8791)
  region (49,22): 9 micro-faces, world (15138,6231)-(15458,6551)
  region (56,26): 9 micro-faces, world (17378,7511)-(17698,7831)
  region (54,26): 9 micro-faces, world (16738,7511)-(17058,7831)
[face-ppm] Wrote /tmp/face-raster.ppm (2560x3957, downsampled from 5121x7915 by 2)
[face-untangle] 21 target clusters, 36 strays, 3 moved (poly cross 195 → 194, 1 fewer)
[stuck-leaf-2d] pass 1: 1 candidates, 1 moved, 1 cost units resolved.
[stuck-leaf-2d] pass 2: 0 candidates, 0 moved, 0 cost units resolved.
[stuck-leaf-2d] 0 candidates, 1 moved, 1 cost units resolved (poly cross 194 → 194, 0 fewer)
[hot-region-sa] 24 hot cells (≥4 cross), top 5 processed, 47/589 swap accepted → REVERTED (cross 194 → 195)
