[community] algorithm=louvain communities=41 meta=3
[hub-bias] Super-graph: pushed 2 high-deg cluster roots to 1.4x avgR.
[cg-time] 2ms post-hub-bias
[cg-time] 3ms pre-§10-outward-radial
[cg-time] 3ms pre-§11-compose
[cg-time] 3ms pre-§12-pruning-reattach
[cg-time] 3ms pre-§13-cluster-swap
[cg-time] 23ms pre-§14-chain-straightening
[cg-time] 23ms pre-§15-pruned-cross-min
[§15.5] Optimized 19 alone-root+independent nodes (5 moves).
[cg-time] 24ms pre-bus-bundle
[bus-bundle] Created 1 bus bundles (2 members, sig ≥ 2 roots).
[xings-hotspot] total=34 xings across 33 offending edges (of 124)
  edge app0.M8↔app3.M7 xings=5 cluster=(_louv_5,?)
  edge app1.M0↔app1.M5 xings=4 cluster=(_louv_6,?)
  edge app1.M5↔app2.M0 xings=4 cluster=(?,_louv_13)
  edge app2.M0↔app2.M10 xings=4 cluster=(_louv_13,_louv_20)
  edge app2.M10↔app2.M12 xings=4 cluster=(_louv_20,?)
  edge app4.M1↔app4.M4 xings=3 cluster=(?,?)
  edge app5.M9↔app6.M0 xings=3 cluster=(?,_louv_2)
  edge app5.M2↔app5.M5 xings=3 cluster=(?,?)
[xings-hotspot] top cluster signatures:
  {?|_louv_2|_louv_6} xings=4
  {?|_louv_13|_louv_20|_louv_21} xings=3
  {?|_louv_20|_louv_21} xings=3
  {?|_louv_34} xings=3
  {?|_louv_6} xings=3
  {?|_louv_13|_louv_29} xings=2
  {?|_louv_1|_louv_2} xings=2
  {?|_louv_2|_louv_5} xings=2
[knot-min] Accepted 13 spatial swaps among 103 candidates.
[carrier-pre] 124 edges → 73 distinct carriers (cost-side filter).
[leaf-untangle] candidates=71, with-cross=21, moved=18, crossings-resolved=74.
[leaf-untangle] candidates=71, with-cross=8, moved=1, crossings-resolved=3.
[leaf-untangle] candidates=71, with-cross=7, moved=0, crossings-resolved=0.
[stuck-leaf-diag] 12 candidates with cost>0 (top 15 below):
  cost=8 deg=3 node=app4.M2 parent=app4.M0 nbrs={app4.M0,app4.M8,app6.M0}
  cost=8 deg=3 node=app5.M5 parent=app5.M0 nbrs={app5.M0,app5.M2,app5.File30}
  cost=6 deg=3 node=app5.M7 parent=app5.M0 nbrs={app5.M0,app5.M10,app4.M4}
  cost=5 deg=2 node=app2.M12 parent=app2.M0 nbrs={app2.M0,app2.M10}
  cost=3 deg=2 node=app5.M3 parent=app5.M0 nbrs={app5.M0,app5.Address19}
  cost=3 deg=1 node=app5.File9 parent=app5.M2 nbrs={app5.M2}
  cost=2 deg=2 node=app3.M3 parent=app3.M0 nbrs={app3.M9,app3.M0}
  cost=2 deg=2 node=app3.M7 parent=app3.M0 nbrs={app3.M0,app0.M8}
  cost=2 deg=1 node=core.File12 parent=core.Hub0 nbrs={core.Hub0}
  cost=1 deg=2 node=app0.M8 parent=app0.M0 nbrs={app0.M0,app3.M7}
  cost=1 deg=3 node=app1.M1 parent=app1.M0 nbrs={app1.M0,app1.M8,app1.Note2}
  cost=1 deg=3 node=app4.M7 parent=app4.M0 nbrs={app4.M0,app4.M8,app2.M3}
[pd-knot] 21 polyline cross pairs, 1 resolved via endpoint swap.
[xings-detour] iters=1 initial-poly-pairs=20 accepted=0 (multi-seg, density-aware, polyline detect, iterative).
[visual-knot] 19→19 cross points, 1→1 hot cells (≥3), 1 handled, 0 swap accepted.
[leaf-untangle] candidates=71, with-cross=10, moved=4, crossings-resolved=17.
[leaf-untangle] candidates=71, with-cross=7, moved=0, crossings-resolved=0.
[stuck-leaf-diag] 12 candidates with cost>0 (top 15 below):
  cost=8 deg=3 node=app4.M2 parent=app4.M0 nbrs={app4.M0,app4.M8,app6.M0}
  cost=8 deg=3 node=app5.M5 parent=app5.M0 nbrs={app5.M0,app5.M2,app5.File30}
  cost=6 deg=3 node=app5.M7 parent=app5.M0 nbrs={app5.M0,app5.M10,app4.M4}
  cost=3 deg=2 node=app3.M7 parent=app3.M0 nbrs={app3.M0,app0.M8}
  cost=3 deg=2 node=app5.M3 parent=app5.M0 nbrs={app5.M0,app5.Address19}
  cost=3 deg=1 node=app5.File9 parent=app5.M2 nbrs={app5.M2}
  cost=2 deg=2 node=app0.M8 parent=app0.M0 nbrs={app0.M0,app3.M7}
  cost=2 deg=2 node=app2.M12 parent=app2.M0 nbrs={app2.M0,app2.M10}
  cost=2 deg=2 node=app3.M3 parent=app3.M0 nbrs={app3.M9,app3.M0}
  cost=2 deg=1 node=core.File12 parent=core.Hub0 nbrs={core.Hub0}
  cost=1 deg=3 node=app1.M1 parent=app1.M0 nbrs={app1.M0,app1.M8,app1.Note2}
  cost=1 deg=3 node=app4.M7 parent=app4.M0 nbrs={app4.M0,app4.M8,app2.M3}
[carrier-cross] segment 20 -> carrier-grouped 17 (-15%). Carriers: 71 total (2 bundle + 43 cluster-pair + 26 individual).
[isolated-stash] Stashed 2 edge-less nodes in 6-column strip at x>=10857.
[face-raster] grid 2386x2244 (cell 5.0x5.0 units), 112 faces, 5259243 bg cells (98.2% of grid)
  face #1: 4409869 cells (83.8%), bbox 2386x2244 @ (0,0)
  face #2: 143303 cells (2.7%), bbox 459x1054 @ (1445,70)
  face #15: 95209 cells (1.8%), bbox 690x391 @ (765,750)
  face #17: 90506 cells (1.7%), bbox 630x411 @ (829,817)
  face #105: 89983 cells (1.7%), bbox 299x736 @ (941,1438)
  face #45: 81575 cells (1.6%), bbox 390x426 @ (766,1090)
  face #91: 41406 cells (0.8%), bbox 269x342 @ (924,1346)
  face #63: 38320 cells (0.7%), bbox 370x202 @ (1438,1143)
[face-cohesion] 26 clusters analysed, 6 low-cohesion (<60% in dominant face)
  cohesion histogram:
     30%- 39%: 1 clusters
     50%- 59%: 5 clusters
     60%- 69%: 5 clusters
    100%-100%: 15 clusters
  top 6 low-cohesion clusters (largest first):
    _louv_1: 4 members, 2 in dominant face, 3 faces total (50%)
    _louv_6: 3 members, 1 in dominant face, 3 faces total (33%)
    _louv_2: 2 members, 1 in dominant face, 2 faces total (50%)
    _louv_34: 2 members, 1 in dominant face, 2 faces total (50%)
    _louv_11: 2 members, 1 in dominant face, 2 faces total (50%)
    _louv_23: 2 members, 1 in dominant face, 2 faces total (50%)
[face-density] 49 micro-faces (size<50), top 10 hot regions (macro 64x64 cells):
  region (27,14): 7 micro-faces, world (8359,4215)-(8679,4535)
  region (12,17): 7 micro-faces, world (3561,5175)-(3881,5495)
  region (19,21): 7 micro-faces, world (5800,6454)-(6120,6774)
  region (22,19): 4 micro-faces, world (6760,5814)-(7080,6134)
  region (14,25): 4 micro-faces, world (4201,7734)-(4521,8054)
  region (10,14): 3 micro-faces, world (2921,4215)-(3241,4535)
  region (9,15): 2 micro-faces, world (2602,4535)-(2921,4855)
  region (10,15): 2 micro-faces, world (2921,4535)-(3241,4855)
  region (11,17): 2 micro-faces, world (3241,5175)-(3561,5495)
  region (14,18): 2 micro-faces, world (4201,5495)-(4521,5814)
[face-ppm] Wrote /tmp/face-raster.ppm (2386x2244, downsampled from 2386x2244 by 1)
[face-untangle] 7 target clusters, 10 strays, 0 moved (poly cross 19 → 19, 0 fewer)
[stuck-leaf-2d] pass 1: 1 candidates, 1 moved, 2 cost units resolved.
[stuck-leaf-2d] pass 2: 0 candidates, 0 moved, 0 cost units resolved.
[stuck-leaf-2d] 0 candidates, 1 moved, 2 cost units resolved (poly cross 19 → 19, 0 fewer)
[hot-region-sa] 1 hot cells (≥4 cross, 19 cross pts), top 1 processed, 37/129 swap accepted (cross 19 → 18, 1 fewer)
