[community] algorithm=louvain communities=77 meta=4
[hub-bias] Super-graph: pushed 10 high-deg cluster roots to 1.4x avgR.
[cg-time] 4ms post-hub-bias
[cg-time] 535ms pre-§10-outward-radial
[cg-time] 535ms pre-§11-compose
[cg-time] 535ms pre-§12-pruning-reattach
[cg-time] 535ms pre-§13-cluster-swap
[cg-time] 800ms pre-§14-chain-straightening
[cg-time] 800ms pre-§15-pruned-cross-min
[§15.5] Optimized 29 alone-root+independent nodes (8 moves).
[cg-time] 805ms pre-bus-bundle
[xings-hotspot] total=124 xings across 82 offending edges (of 263)
  edge app8.M0↔app8.M1 xings=11 cluster=(?,?)
  edge app4.M0↔app4.M1 xings=11 cluster=(_louv_19,_louv_20)
  edge core.Hub1↔app17.M0 xings=10 cluster=(_louv_1,_louv_73)
  edge app13.M0↔app13.M2 xings=9 cluster=(_louv_55,_louv_45)
  edge app14.M0↔app14.M2 xings=7 cluster=(_louv_57,?)
  edge app7.M2↔app14.M1 xings=7 cluster=(?,_louv_57)
  edge core.Hub0↔app4.M0 xings=6 cluster=(_louv_0,_louv_19)
  edge core.Hub0↔app6.M0 xings=6 cluster=(_louv_0,_louv_31)
[xings-hotspot] top cluster signatures:
  {?|_louv_57} xings=4
  {?} xings=4
  {?|_louv_32} xings=3
  {?|_louv_28} xings=3
  {?|_louv_19|_louv_20|_louv_57} xings=2
  {_louv_31|_louv_49|_louv_51} xings=2
  {_louv_1|_louv_49|_louv_73} xings=2
  {_louv_0|_louv_13|_louv_52} xings=2
[bundle-clear] Pushed 8 nodes off bundle bboxes.
[knot-min] Accepted 32 spatial swaps among 221 candidates.
[knot-min-2opt] Accepted 4 cross-targeted swaps.
[carrier-pre] 266 edges → 163 distinct carriers (cost-side filter).
[leaf-untangle] candidates=150, with-cross=36, moved=29, crossings-resolved=95.
[leaf-untangle] candidates=150, with-cross=18, moved=6, crossings-resolved=14.
[leaf-untangle] candidates=150, with-cross=12, moved=0, crossings-resolved=0.
[stuck-leaf-diag] 13 candidates with cost>0 (top 15 below):
  cost=4 deg=3 node=app5.M8 parent=app5.M0 nbrs={app5.M0,app5.M4,app0.M6}
  cost=3 deg=2 node=app15.M2 parent=app15.M0 nbrs={app15.M0,app15.Asset79}
  cost=2 deg=2 node=app16.M6 parent=app16.M0 nbrs={app16.M0,app16.M5}
  cost=2 deg=1 node=app10.File74 parent=app10.M5 nbrs={app10.M5}
  cost=2 deg=1 node=app10.Note88 parent=app10.M5 nbrs={app10.M5}
  cost=1 deg=2 node=app1.M0 parent=app1.M1 nbrs={app1.M1,app1.M2}
  cost=1 deg=2 node=app1.M1 parent=app4.M2 nbrs={app1.M0,app4.M2}
  cost=1 deg=3 node=app3.M1 parent=app3.M0 nbrs={app3.M0,app3.M6,app3.M7}
  cost=1 deg=3 node=app3.M6 parent=app3.M0 nbrs={app3.M0,app3.M1,app3.File76}
  cost=1 deg=3 node=app5.M10 parent=app5.M0 nbrs={app5.M0,app5.M4,app5.M11}
  cost=1 deg=2 node=app6.M4 parent=app6.M1 nbrs={app6.M1,app6.M8}
  cost=1 deg=2 node=app6.M6 parent=app6.M0 nbrs={app6.M0,app6.M5}
  cost=1 deg=2 node=app16.M5 parent=app16.M6 nbrs={app16.M6,app16.Log67}
[pd-knot] 95 polyline cross pairs, 2 resolved via endpoint swap.
[xings-detour] iters=2 initial-poly-pairs=89 accepted=1 (multi-seg, density-aware, polyline detect, iterative).
[visual-knot] 88→88 cross points, 4→4 hot cells (≥3), 4 handled, 0 swap accepted.
[leaf-untangle] candidates=150, with-cross=14, moved=2, crossings-resolved=6.
[leaf-untangle] candidates=150, with-cross=12, moved=0, crossings-resolved=0.
[stuck-leaf-diag] 13 candidates with cost>0 (top 15 below):
  cost=4 deg=3 node=app3.M1 parent=app3.M0 nbrs={app3.M0,app3.M6,app3.M7}
  cost=4 deg=3 node=app5.M8 parent=app5.M0 nbrs={app5.M0,app5.M4,app0.M6}
  cost=3 deg=2 node=app15.M2 parent=app15.M0 nbrs={app15.M0,app15.Asset79}
  cost=2 deg=2 node=app16.M6 parent=app16.M0 nbrs={app16.M0,app16.M5}
  cost=2 deg=1 node=app10.File74 parent=app10.M5 nbrs={app10.M5}
  cost=2 deg=1 node=app10.Note88 parent=app10.M5 nbrs={app10.M5}
  cost=1 deg=2 node=app1.M0 parent=app1.M1 nbrs={app1.M1,app1.M2}
  cost=1 deg=2 node=app1.M1 parent=app4.M2 nbrs={app1.M0,app4.M2}
  cost=1 deg=3 node=app3.M6 parent=app3.M0 nbrs={app3.M0,app3.M1,app3.File76}
  cost=1 deg=3 node=app5.M10 parent=app5.M0 nbrs={app5.M0,app5.M4,app5.M11}
  cost=1 deg=2 node=app6.M4 parent=app6.M1 nbrs={app6.M1,app6.M8}
  cost=1 deg=2 node=app6.M6 parent=app6.M0 nbrs={app6.M0,app6.M5}
  cost=1 deg=2 node=app16.M5 parent=app16.M6 nbrs={app16.M6,app16.Log67}
[carrier-cross] segment 89 -> carrier-grouped 85 (-4%). Carriers: 162 total (1 bundle + 99 cluster-pair + 62 individual).
[face-raster] grid 10246x8185 (cell 5.0x5.0 units), 489 faces, 83599477 bg cells (99.7% of grid)
  face #1: 72917819 cells (87.2%), bbox 10246x8185 @ (0,0)
  face #32: 2314481 cells (2.8%), bbox 1701x2870 @ (2919,1140)
  face #281: 647997 cells (0.8%), bbox 1038x976 @ (4598,3095)
  face #285: 610845 cells (0.7%), bbox 2791x1450 @ (5579,3160)
  face #273: 434446 cells (0.5%), bbox 1204x758 @ (6349,3005)
  face #68: 383030 cells (0.5%), bbox 1061x956 @ (5755,1790)
  face #346: 339780 cells (0.4%), bbox 1287x623 @ (5572,3923)
  face #7: 338716 cells (0.4%), bbox 1280x1303 @ (4481,233)
[face-cohesion] 63 clusters analysed, 19 low-cohesion (<60% in dominant face)
  cohesion histogram:
     20%- 29%: 1 clusters
     30%- 39%: 3 clusters
     40%- 49%: 1 clusters
     50%- 59%: 14 clusters
     60%- 69%: 8 clusters
     70%- 79%: 1 clusters
    100%-100%: 35 clusters
  top 10 low-cohesion clusters (largest first):
    _louv_44: 6 members, 3 in dominant face, 4 faces total (50%)
    _louv_13: 6 members, 3 in dominant face, 4 faces total (50%)
    _louv_57: 5 members, 2 in dominant face, 3 faces total (40%)
    _louv_56: 4 members, 1 in dominant face, 4 faces total (25%)
    _louv_28: 4 members, 2 in dominant face, 2 faces total (50%)
    _louv_46: 3 members, 1 in dominant face, 3 faces total (33%)
    _louv_1: 3 members, 1 in dominant face, 3 faces total (33%)
    _louv_5: 3 members, 1 in dominant face, 3 faces total (33%)
    _louv_71: 2 members, 1 in dominant face, 2 faces total (50%)
    _louv_61: 2 members, 1 in dominant face, 2 faces total (50%)
[face-density] 314 micro-faces (size<50), top 10 hot regions (macro 64x64 cells):
  region (51,81): 29 micro-faces, world (15286,25084)-(15606,25404)
  region (51,80): 24 micro-faces, world (15286,24764)-(15606,25084)
  region (52,81): 19 micro-faces, world (15606,25084)-(15926,25404)
  region (50,80): 18 micro-faces, world (14966,24764)-(15286,25084)
  region (69,40): 15 micro-faces, world (21045,11965)-(21365,12284)
  region (103,63): 15 micro-faces, world (31925,19324)-(32244,19644)
  region (61,16): 12 micro-faces, world (18485,4285)-(18805,4605)
  region (84,36): 8 micro-faces, world (25845,10685)-(26165,11005)
  region (105,42): 8 micro-faces, world (32564,12604)-(32884,12924)
  region (88,41): 8 micro-faces, world (27125,12284)-(27445,12604)
[face-ppm] Wrote /tmp/face-raster.ppm (2561x2046, downsampled from 10246x8185 by 4)
[face-untangle] 19 target clusters, 30 strays, 1 moved (poly cross 89 → 87, 2 fewer)
[stuck-leaf-2d] pass 1: 2 candidates, 2 moved, 4 cost units resolved.
[stuck-leaf-2d] pass 2: 0 candidates, 0 moved, 0 cost units resolved.
[stuck-leaf-2d] 0 candidates, 2 moved, 4 cost units resolved (poly cross 87 → 83, 4 fewer)
[hot-region-sa] 3 hot cells (≥4 cross), top 3 processed, 24/320 swap accepted → REVERTED (cross 83 → 84)
