[community] algorithm=louvain communities=114 meta=4
[hub-bias] Super-graph: pushed 12 high-deg cluster roots to 1.4x avgR.
[cg-time] 13ms post-hub-bias
[cg-time] 218ms pre-§10-outward-radial
[cg-time] 218ms pre-§11-compose
[cg-time] 218ms pre-§12-pruning-reattach
[cg-time] 218ms pre-§13-cluster-swap
[cg-time] 1355ms pre-§14-chain-straightening
[cg-time] 1355ms pre-§15-pruned-cross-min
[§15.5] Optimized 42 alone-root+independent nodes (4 moves).
[cg-time] 1366ms pre-bus-bundle
[bus-bundle] Created 2 bus bundles (4 members, sig ≥ 2 roots).
[xings-hotspot] total=321 xings across 170 offending edges (of 366)
  edge core.Hub0↔app1.M0 xings=19 cluster=(_louv_0,_louv_7)
  edge core.Hub0↔app2.M0 xings=17 cluster=(_louv_0,_louv_10)
  edge core.Hub1↔app16.M0 xings=17 cluster=(?,_louv_91)
  edge core.Hub0↔app9.M0 xings=15 cluster=(_louv_0,_louv_47)
  edge app2.M1↔app11.M8 xings=15 cluster=(_louv_10,_louv_62)
  edge core.Hub1↔app6.M0 xings=14 cluster=(?,_louv_31)
  edge app0.M0↔app0.M5 xings=14 cluster=(_louv_2,_louv_6)
  edge core.Hub0↔app15.M0 xings=13 cluster=(_louv_0,_louv_86)
[xings-hotspot] top cluster signatures:
  {?|_louv_6|_louv_71} xings=5
  {?|_louv_0|_louv_62|_louv_86} xings=4
  {?|_louv_103} xings=4
  {?|_louv_55} xings=3
  {?|_louv_103|_louv_35} xings=3
  {?|_louv_10} xings=3
  {?|_louv_10|_louv_103} xings=3
  {?|_louv_10|_louv_35} xings=3
[bundle-clear] Pushed 5 nodes off bundle bboxes.
[knot-min] Accepted 39 spatial swaps among 288 candidates.
[knot-min-2opt] Accepted 1 cross-targeted swaps.
[carrier-pre] 372 edges → 239 distinct carriers (cost-side filter).
[leaf-untangle] candidates=188, with-cross=58, moved=47, crossings-resolved=138.
[leaf-untangle] candidates=188, with-cross=33, moved=15, crossings-resolved=33.
[leaf-untangle] candidates=188, with-cross=22, moved=0, crossings-resolved=0.
[stuck-leaf-diag] 37 candidates with cost>0 (top 15 below):
  cost=10 deg=3 node=app13.M1 parent=app13.M0 nbrs={app13.M0,app13.M2,app17.M8}
  cost=9 deg=3 node=app4.M9 parent=app4.M0 nbrs={app4.M0,app4.M2,app17.M10}
  cost=8 deg=3 node=app7.M2 parent=app7.M1 nbrs={app7.M0,app7.M1,app12.M4}
  cost=8 deg=2 node=app12.M8 parent=app12.M0 nbrs={app12.M0,app14.M0}
  cost=7 deg=1 node=app6.M4 parent=app6.M0 nbrs={app6.M0}
  cost=6 deg=2 node=app10.M11 parent=app18.M0 nbrs={app10.M0,app18.M0}
  cost=6 deg=1 node=app8.M6 parent=app8.M0 nbrs={app8.M0}
  cost=6 deg=3 node=app8.M2 parent=app8.M0 nbrs={app8.M0,app8.M10,app8.Tag18}
  cost=6 deg=1 node=app6.M2 parent=app6.M0 nbrs={app6.M0}
  cost=6 deg=3 node=app6.M6 parent=app6.M0 nbrs={app6.M0,app6.M5,app11.M11}
  cost=4 deg=1 node=app12.File99 parent=app12.M9 nbrs={app12.M9}
  cost=4 deg=1 node=app12.Tag66 parent=app12.M12 nbrs={app12.M12}
  cost=4 deg=3 node=app8.M13 parent=app8.M0 nbrs={app8.M0,app8.M9,app8.M10}
  cost=4 deg=1 node=app10.M5 parent=app12.M10 nbrs={app12.M10}
  cost=3 deg=3 node=app14.M7 parent=app14.M0 nbrs={app14.M0,app14.M4,app14.M10}
[pd-knot] 265 polyline cross pairs, 1 resolved via endpoint swap.
[xings-detour] iters=2 initial-poly-pairs=257 accepted=7 (multi-seg, density-aware, polyline detect, iterative).
[visual-knot] 243→243 cross points, 13→13 hot cells (≥3), 13 handled, 0 swap accepted.
[leaf-untangle] candidates=188, with-cross=24, moved=1, crossings-resolved=3.
[leaf-untangle] candidates=188, with-cross=22, moved=0, crossings-resolved=0.
[stuck-leaf-diag] 37 candidates with cost>0 (top 15 below):
  cost=10 deg=3 node=app13.M1 parent=app13.M0 nbrs={app13.M0,app13.M2,app17.M8}
  cost=9 deg=3 node=app4.M9 parent=app4.M0 nbrs={app4.M0,app4.M2,app17.M10}
  cost=8 deg=3 node=app7.M2 parent=app7.M1 nbrs={app7.M0,app7.M1,app12.M4}
  cost=8 deg=2 node=app12.M8 parent=app12.M0 nbrs={app12.M0,app14.M0}
  cost=7 deg=1 node=app6.M4 parent=app6.M0 nbrs={app6.M0}
  cost=6 deg=2 node=app10.M11 parent=app18.M0 nbrs={app10.M0,app18.M0}
  cost=6 deg=1 node=app8.M6 parent=app8.M0 nbrs={app8.M0}
  cost=6 deg=3 node=app8.M2 parent=app8.M0 nbrs={app8.M0,app8.M10,app8.Tag18}
  cost=6 deg=1 node=app6.M2 parent=app6.M0 nbrs={app6.M0}
  cost=6 deg=3 node=app6.M6 parent=app6.M0 nbrs={app6.M0,app6.M5,app11.M11}
  cost=4 deg=1 node=app12.File99 parent=app12.M9 nbrs={app12.M9}
  cost=4 deg=1 node=app12.Tag66 parent=app12.M12 nbrs={app12.M12}
  cost=4 deg=3 node=app8.M13 parent=app8.M0 nbrs={app8.M0,app8.M9,app8.M10}
  cost=4 deg=1 node=app10.M5 parent=app12.M10 nbrs={app12.M10}
  cost=3 deg=3 node=app14.M7 parent=app14.M0 nbrs={app14.M0,app14.M4,app14.M10}
[carrier-cross] segment 246 -> carrier-grouped 233 (-5%). Carriers: 242 total (5 bundle + 161 cluster-pair + 76 individual).
[isolated-stash] Stashed 7 edge-less nodes in 6-column strip at x>=32257.
[face-raster] grid 7039x5997 (cell 5.0x5.0 units), 1060 faces, 41875943 bg cells (99.2% of grid)
  face #1: 30202333 cells (72.1%), bbox 7039x5997 @ (0,0)
  face #270: 883104 cells (2.1%), bbox 1558x2024 @ (229,2517)
  face #876: 807283 cells (1.9%), bbox 1164x2276 @ (2686,3533)
  face #31: 666354 cells (1.6%), bbox 1363x965 @ (1346,1235)
  face #6: 614145 cells (1.5%), bbox 1488x819 @ (1211,415)
  face #14: 483293 cells (1.2%), bbox 1335x1504 @ (3169,906)
  face #16: 413514 cells (1.0%), bbox 1284x1950 @ (3230,912)
  face #17: 358750 cells (0.9%), bbox 1010x1041 @ (3273,943)
[face-cohesion] 75 clusters analysed, 33 low-cohesion (<60% in dominant face)
  cohesion histogram:
     20%- 29%: 5 clusters
     30%- 39%: 6 clusters
     40%- 49%: 1 clusters
     50%- 59%: 21 clusters
     60%- 69%: 9 clusters
     70%- 79%: 3 clusters
    100%-100%: 30 clusters
  top 10 low-cohesion clusters (largest first):
    _louv_75: 5 members, 2 in dominant face, 4 faces total (40%)
    _louv_6: 4 members, 2 in dominant face, 3 faces total (50%)
    _louv_31: 4 members, 1 in dominant face, 4 faces total (25%)
    _louv_98: 4 members, 2 in dominant face, 3 faces total (50%)
    _louv_7: 4 members, 2 in dominant face, 2 faces total (50%)
    _louv_13: 4 members, 2 in dominant face, 3 faces total (50%)
    _louv_36: 4 members, 1 in dominant face, 4 faces total (25%)
    _louv_10: 4 members, 1 in dominant face, 4 faces total (25%)
    _louv_91: 4 members, 2 in dominant face, 3 faces total (50%)
    _louv_71: 4 members, 1 in dominant face, 4 faces total (25%)
[face-density] 664 micro-faces (size<50), top 10 hot regions (macro 64x64 cells):
  region (49,68): 55 micro-faces, world (14954,19748)-(15274,20068)
  region (54,58): 44 micro-faces, world (16554,16549)-(16874,16868)
  region (51,53): 42 micro-faces, world (15594,14949)-(15914,15269)
  region (54,57): 40 micro-faces, world (16554,16229)-(16874,16549)
  region (26,43): 26 micro-faces, world (7595,11749)-(7915,12069)
  region (11,24): 21 micro-faces, world (2795,5670)-(3115,5990)
  region (56,47): 19 micro-faces, world (17194,13029)-(17514,13349)
  region (52,21): 19 micro-faces, world (15914,4710)-(16234,5030)
  region (52,54): 19 micro-faces, world (15914,15269)-(16234,15589)
  region (56,48): 18 micro-faces, world (17194,13349)-(17514,13669)
[face-ppm] Wrote /tmp/face-raster.ppm (3519x2998, downsampled from 7039x5997 by 2)
[face-untangle] 28 target clusters, 41 strays, 2 moved (poly cross 244 → 240, 4 fewer)
[stuck-leaf-2d] pass 1: 3 candidates, 2 moved, 3 cost units resolved.
[stuck-leaf-2d] pass 2: 1 candidates, 0 moved, 0 cost units resolved.
[stuck-leaf-2d] 1 candidates, 2 moved, 3 cost units resolved (poly cross 240 → 238, 2 fewer)
[hot-region-sa] 19 hot cells (≥4 cross, 238 cross pts), top 5 processed, 122/534 swap accepted (cross 238 → 237, 1 fewer)
