[community] algorithm=louvain communities=78 meta=4
[hub-bias] Super-graph: pushed 2 high-deg cluster roots to 1.4x avgR.
[cg-time] 6ms post-hub-bias
[cg-time] 157ms pre-§10-outward-radial
[cg-time] 157ms pre-§11-compose
[cg-time] 157ms pre-§12-pruning-reattach
[cg-time] 157ms pre-§13-cluster-swap
[cg-time] 609ms pre-§14-chain-straightening
[cg-time] 609ms pre-§15-pruned-cross-min
[§15.5] Optimized 29 alone-root+independent nodes (2 moves).
[cg-time] 614ms pre-bus-bundle
[bus-bundle] Created 1 bus bundles (2 members, sig ≥ 2 roots).
[xings-hotspot] total=192 xings across 104 offending edges (of 243)
  edge app13.M0↔app13.M2 xings=24 cluster=(_louv_8,_louv_34)
  edge app2.M6↔app13.M4 xings=12 cluster=(?,_louv_19)
  edge app2.M7↔app9.M0 xings=12 cluster=(_louv_16,_louv_0)
  edge app5.M3↔app5.M6 xings=10 cluster=(?,?)
  edge app3.M0↔app3.M2 xings=10 cluster=(?,?)
  edge app16.M0↔app16.M4 xings=9 cluster=(_louv_75,?)
  edge app10.M0↔app10.M1 xings=9 cluster=(_louv_49,?)
  edge core.Hub0↔app6.M0 xings=8 cluster=(_louv_0,_louv_32)
[xings-hotspot] top cluster signatures:
  {?|_louv_75|_louv_9} xings=8
  {?|_louv_16|_louv_49} xings=4
  {?|_louv_16|_louv_17} xings=4
  {?|_louv_34|_louv_8} xings=4
  {?|_louv_55} xings=3
  {?|_louv_0|_louv_16} xings=3
  {?|_louv_29|_louv_4} xings=3
  {?|_louv_25} xings=3
[bundle-clear] Pushed 6 nodes off bundle bboxes.
[knot-min] Accepted 54 spatial swaps among 186 candidates.
[knot-min-2opt] Accepted 1 cross-targeted swaps.
[carrier-pre] 247 edges → 143 distinct carriers (cost-side filter).
[leaf-untangle] candidates=107, with-cross=41, moved=34, crossings-resolved=129.
[leaf-untangle] candidates=107, with-cross=22, moved=11, crossings-resolved=23.
[leaf-untangle] candidates=107, with-cross=16, moved=1, crossings-resolved=1.
[leaf-untangle] candidates=107, with-cross=15, moved=0, crossings-resolved=0.
[stuck-leaf-diag] 23 candidates with cost>0 (top 15 below):
  cost=19 deg=2 node=app1.M4 parent=app1.M0 nbrs={app1.M0,app1.M9}
  cost=19 deg=3 node=app16.M4 parent=app8.M0 nbrs={app16.M0,app16.M3,app8.M0}
  cost=10 deg=3 node=app5.M3 parent=app5.M1 nbrs={app5.M4,app5.M1,app5.M6}
  cost=10 deg=3 node=app6.M6 parent=app6.M0 nbrs={app6.M0,app6.M2,app13.M2}
  cost=7 deg=3 node=app1.M3 parent=app1.M0 nbrs={app1.M0,app1.M2,app14.M5}
  cost=6 deg=2 node=app0.M7 parent=app0.M0 nbrs={app0.M0,app17.M2}
  cost=6 deg=3 node=app7.M2 parent=app7.M0 nbrs={app7.M0,app7.M10,app14.M11}
  cost=5 deg=2 node=app9.M4 parent=app9.M0 nbrs={app9.M0,app13.M3}
  cost=5 deg=2 node=app17.M6 parent=app17.M0 nbrs={app17.M0,app14.M13}
  cost=4 deg=2 node=app1.M2 parent=app1.M0 nbrs={app1.M0,app1.M3}
  cost=3 deg=1 node=app0.M8 parent=app0.M0 nbrs={app0.M0}
  cost=3 deg=1 node=app0.M11 parent=app0.M0 nbrs={app0.M0}
  cost=3 deg=2 node=app7.M10 parent=app7.M0 nbrs={app7.M0,app7.M2}
  cost=3 deg=2 node=app17.M3 parent=app17.M0 nbrs={app17.M0,app8.M13}
  cost=2 deg=2 node=app4.M2 parent=app4.M4 nbrs={app4.M4,app4.Tag6}
[pd-knot] 103 polyline cross pairs, 1 resolved via endpoint swap.
[xings-detour] iters=2 initial-poly-pairs=115 accepted=6 (multi-seg, density-aware, polyline detect, iterative).
[visual-knot] 107→105 cross points, 9→9 hot cells (≥3), 27 handled, 2 swap accepted.
[leaf-untangle] candidates=107, with-cross=17, moved=4, crossings-resolved=15.
[leaf-untangle] candidates=107, with-cross=15, moved=1, crossings-resolved=1.
[leaf-untangle] candidates=107, with-cross=14, moved=0, crossings-resolved=0.
[stuck-leaf-diag] 22 candidates with cost>0 (top 15 below):
  cost=19 deg=3 node=app16.M4 parent=app8.M0 nbrs={app16.M0,app16.M3,app8.M0}
  cost=10 deg=3 node=app5.M3 parent=app5.M1 nbrs={app5.M4,app5.M1,app5.M6}
  cost=10 deg=3 node=app6.M6 parent=app6.M0 nbrs={app6.M0,app6.M2,app13.M2}
  cost=9 deg=2 node=app1.M4 parent=app1.M0 nbrs={app1.M0,app1.M9}
  cost=7 deg=3 node=app1.M3 parent=app1.M0 nbrs={app1.M0,app1.M2,app14.M5}
  cost=6 deg=2 node=app0.M7 parent=app0.M0 nbrs={app0.M0,app17.M2}
  cost=6 deg=3 node=app7.M2 parent=app7.M0 nbrs={app7.M0,app7.M10,app14.M11}
  cost=5 deg=2 node=app9.M4 parent=app9.M0 nbrs={app9.M0,app13.M3}
  cost=5 deg=2 node=app17.M6 parent=app17.M0 nbrs={app17.M0,app14.M13}
  cost=4 deg=2 node=app1.M2 parent=app1.M0 nbrs={app1.M0,app1.M3}
  cost=3 deg=1 node=app0.M8 parent=app0.M0 nbrs={app0.M0}
  cost=3 deg=1 node=app0.M11 parent=app0.M0 nbrs={app0.M0}
  cost=3 deg=2 node=app7.M10 parent=app7.M0 nbrs={app7.M0,app7.M2}
  cost=3 deg=2 node=app17.M3 parent=app17.M0 nbrs={app17.M0,app8.M13}
  cost=2 deg=2 node=app4.M2 parent=app4.M4 nbrs={app4.M4,app4.Tag6}
[carrier-cross] segment 107 -> carrier-grouped 82 (-23%). Carriers: 142 total (4 bundle + 94 cluster-pair + 44 individual).
[isolated-stash] Stashed 11 edge-less nodes in 6-column strip at x>=21723.
[face-raster] grid 4863x4618 (cell 5.0x5.0 units), 515 faces, 22256102 bg cells (99.1% of grid)
  face #1: 20051928 cells (90.1%), bbox 4863x4618 @ (0,0)
  face #69: 206031 cells (0.9%), bbox 495x780 @ (2351,1226)
  face #90: 139310 cells (0.6%), bbox 588x456 @ (2776,1331)
  face #4: 137504 cells (0.6%), bbox 439x728 @ (1591,714)
  face #135: 130698 cells (0.6%), bbox 418x701 @ (3021,1550)
  face #39: 89603 cells (0.4%), bbox 725x352 @ (2494,1123)
  face #159: 81444 cells (0.4%), bbox 381x775 @ (1769,1618)
  face #2: 79921 cells (0.4%), bbox 402x506 @ (2102,546)
[face-cohesion] 44 clusters analysed, 22 low-cohesion (<60% in dominant face)
  cohesion histogram:
     30%- 39%: 4 clusters
     50%- 59%: 18 clusters
     60%- 69%: 4 clusters
     80%- 89%: 1 clusters
    100%-100%: 17 clusters
  top 10 low-cohesion clusters (largest first):
    _louv_55: 6 members, 3 in dominant face, 4 faces total (50%)
    _louv_20: 6 members, 3 in dominant face, 3 faces total (50%)
    _louv_49: 4 members, 2 in dominant face, 3 faces total (50%)
    _louv_29: 4 members, 2 in dominant face, 3 faces total (50%)
    _louv_16: 3 members, 1 in dominant face, 3 faces total (33%)
    _louv_25: 3 members, 1 in dominant face, 3 faces total (33%)
    _louv_23: 3 members, 1 in dominant face, 3 faces total (33%)
    _louv_0: 3 members, 1 in dominant face, 3 faces total (33%)
    _louv_75: 2 members, 1 in dominant face, 2 faces total (50%)
    _louv_8: 2 members, 1 in dominant face, 2 faces total (50%)
[face-density] 298 micro-faces (size<50), top 10 hot regions (macro 64x64 cells):
  region (31,19): 21 micro-faces, world (9403,5588)-(9723,5908)
  region (32,27): 16 micro-faces, world (9723,8147)-(10043,8467)
  region (33,34): 15 micro-faces, world (10043,10387)-(10362,10707)
  region (24,28): 12 micro-faces, world (7163,8467)-(7483,8787)
  region (38,31): 12 micro-faces, world (11642,9427)-(11962,9747)
  region (32,32): 11 micro-faces, world (9723,9747)-(10043,10067)
  region (32,26): 10 micro-faces, world (9723,7827)-(10043,8147)
  region (34,37): 9 micro-faces, world (10362,11347)-(10682,11667)
  region (26,11): 9 micro-faces, world (7803,3028)-(8123,3348)
  region (36,37): 8 micro-faces, world (11002,11347)-(11322,11667)
[face-ppm] Wrote /tmp/face-raster.ppm (2431x2309, downsampled from 4863x4618 by 2)
[face-untangle] 24 target clusters, 36 strays, 2 moved (poly cross 105 → 104, 1 fewer)
[stuck-leaf-2d] pass 1: 2 candidates, 2 moved, 3 cost units resolved.
[stuck-leaf-2d] pass 2: 0 candidates, 0 moved, 0 cost units resolved.
[stuck-leaf-2d] 0 candidates, 2 moved, 3 cost units resolved (poly cross 104 → 103, 1 fewer)
[hot-region-sa] 8 hot cells (≥4 cross, 103 cross pts), top 5 processed, 42/863 swap accepted (cross 103 → 100, 3 fewer)
