[community] algorithm=louvain communities=107 meta=4
[hub-bias] Super-graph: pushed 10 high-deg cluster roots to 1.4x avgR.
[cg-time] 11ms post-hub-bias
[cg-time] 97ms pre-§10-outward-radial
[cg-time] 97ms pre-§11-compose
[cg-time] 97ms pre-§12-pruning-reattach
[cg-time] 97ms pre-§13-cluster-swap
[cg-time] 643ms pre-§14-chain-straightening
[cg-time] 643ms pre-§15-pruned-cross-min
[§15.5] Optimized 46 alone-root+independent nodes (6 moves).
[cg-time] 658ms pre-bus-bundle
[xings-hotspot] total=443 xings across 170 offending edges (of 343)
  edge app3.M3↔app13.M0 xings=32 cluster=(_louv_14,?)
  edge core.Hub0↔app13.M0 xings=24 cluster=(?,?)
  edge core.Hub1↔app17.M0 xings=19 cluster=(?,?)
  edge core.Hub0↔app19.M0 xings=19 cluster=(?,_louv_102)
  edge app2.M4↔app14.M2 xings=18 cluster=(?,?)
  edge app14.M2↔app17.M10 xings=18 cluster=(?,?)
  edge app8.M5↔app18.M10 xings=16 cluster=(?,_louv_96)
  edge app18.M0↔app18.M5 xings=15 cluster=(_louv_96,_louv_36)
[xings-hotspot] top cluster signatures:
  {?|_louv_30} xings=14
  {?} xings=12
  {?|_louv_2} xings=11
  {?|_louv_102} xings=11
  {?|_louv_64} xings=11
  {?|_louv_14} xings=9
  {?|_louv_60} xings=9
  {?|_louv_96} xings=8
[knot-min] Accepted 111 spatial swaps among 284 candidates.
[carrier-pre] 346 edges → 209 distinct carriers (cost-side filter).
[leaf-untangle] candidates=186, with-cross=91, moved=78, crossings-resolved=269.
[leaf-untangle] candidates=186, with-cross=34, moved=22, crossings-resolved=57.
[leaf-untangle] candidates=186, with-cross=22, moved=2, crossings-resolved=4.
[leaf-untangle] candidates=186, with-cross=21, moved=0, crossings-resolved=0.
[stuck-leaf-diag] 21 candidates with cost>0 (top 15 below):
  cost=15 deg=3 node=app6.M5 parent=app6.M0 nbrs={app6.M0,app6.M7,app6.Log89}
  cost=11 deg=3 node=app5.M5 parent=app5.M0 nbrs={app5.M0,app5.M2,app5.Address79}
  cost=8 deg=2 node=app0.M1 parent=app0.M0 nbrs={app0.M0,app1.M2}
  cost=8 deg=3 node=app0.M4 parent=app0.M0 nbrs={app0.M0,app0.M3,app8.M3}
  cost=8 deg=2 node=app1.M2 parent=app1.M0 nbrs={app1.M0,app0.M1}
  cost=6 deg=3 node=app18.M13 parent=app18.M0 nbrs={app18.M0,app18.M10,app18.File92}
  cost=5 deg=2 node=app16.M8 parent=app16.M0 nbrs={app16.M0,app6.M11}
  cost=5 deg=3 node=app16.M11 parent=app16.M0 nbrs={app16.M0,app16.M6,app15.M0}
  cost=4 deg=3 node=app0.M3 parent=app0.M0 nbrs={app0.M0,app0.M4,app0.Asset13}
  cost=4 deg=2 node=app6.M9 parent=app6.M0 nbrs={app6.M0,app6.Log11}
  cost=4 deg=2 node=app7.M4 parent=app7.M0 nbrs={app7.M0,app7.File102}
  cost=3 deg=3 node=app7.M2 parent=app7.M0 nbrs={app7.M0,app7.M3,app7.Note27}
  cost=3 deg=2 node=app8.M4 parent=app8.M0 nbrs={app8.M0,app8.Address65}
  cost=3 deg=2 node=app12.M2 parent=app12.M0 nbrs={app12.M0,app13.M3}
  cost=3 deg=2 node=app13.M3 parent=app14.M7 nbrs={app12.M2,app14.M7}
[pd-knot] 225 polyline cross pairs, 2 resolved via endpoint swap.
[xings-detour] iters=2 initial-poly-pairs=250 accepted=7 (multi-seg, density-aware, polyline detect, iterative).
[visual-knot] 239→238 cross points, 24→23 hot cells (≥3), 47 handled, 1 swap accepted.
[leaf-untangle] candidates=186, with-cross=24, moved=6, crossings-resolved=13.
[leaf-untangle] candidates=186, with-cross=20, moved=0, crossings-resolved=0.
[stuck-leaf-diag] 20 candidates with cost>0 (top 15 below):
  cost=15 deg=3 node=app6.M5 parent=app6.M0 nbrs={app6.M0,app6.M7,app6.Log89}
  cost=11 deg=3 node=app5.M5 parent=app5.M0 nbrs={app5.M0,app5.M2,app5.Address79}
  cost=8 deg=2 node=app0.M1 parent=app0.M0 nbrs={app0.M0,app1.M2}
  cost=8 deg=2 node=app1.M2 parent=app1.M0 nbrs={app1.M0,app0.M1}
  cost=6 deg=3 node=app0.M4 parent=app0.M0 nbrs={app0.M0,app0.M3,app8.M3}
  cost=6 deg=3 node=app18.M13 parent=app18.M0 nbrs={app18.M0,app18.M10,app18.File92}
  cost=5 deg=2 node=app16.M8 parent=app16.M0 nbrs={app16.M0,app6.M11}
  cost=4 deg=2 node=app6.M9 parent=app6.M0 nbrs={app6.M0,app6.Log11}
  cost=4 deg=2 node=app7.M4 parent=app7.M0 nbrs={app7.M0,app7.File102}
  cost=3 deg=3 node=app7.M2 parent=app7.M0 nbrs={app7.M0,app7.M3,app7.Note27}
  cost=3 deg=2 node=app8.M4 parent=app8.M0 nbrs={app8.M0,app8.Address65}
  cost=3 deg=2 node=app12.M2 parent=app12.M0 nbrs={app12.M0,app13.M3}
  cost=3 deg=2 node=app13.M3 parent=app14.M7 nbrs={app12.M2,app14.M7}
  cost=2 deg=3 node=app0.M3 parent=app0.M0 nbrs={app0.M0,app0.M4,app0.Asset13}
  cost=2 deg=3 node=app16.M11 parent=app16.M0 nbrs={app16.M0,app16.M6,app15.M0}
[isolated-stash] Stashed 5 edge-less nodes in 6-column strip at x>=15685.
[face-raster] grid 3546x4257 (cell 5.0x5.0 units), 751 faces, 14825596 bg cells (98.2% of grid)
  face #1: 10970191 cells (74.0%), bbox 3546x4257 @ (0,0)
  face #13: 444242 cells (3.0%), bbox 1241x861 @ (1456,1140)
  face #611: 340157 cells (2.3%), bbox 693x1201 @ (973,2945)
  face #6: 239916 cells (1.6%), bbox 406x1455 @ (419,993)
  face #639: 227271 cells (1.5%), bbox 959x1124 @ (464,3027)
  face #18: 167519 cells (1.1%), bbox 658x703 @ (1680,1370)
  face #12: 112639 cells (0.8%), bbox 457x799 @ (858,1054)
  face #9: 89167 cells (0.6%), bbox 574x410 @ (1440,1006)
[face-cohesion] 70 clusters analysed, 34 low-cohesion (<60% in dominant face)
  cohesion histogram:
     20%- 29%: 2 clusters
     30%- 39%: 10 clusters
     40%- 49%: 3 clusters
     50%- 59%: 19 clusters
     60%- 69%: 14 clusters
     70%- 79%: 1 clusters
    100%-100%: 21 clusters
  top 10 low-cohesion clusters (largest first):
    _louv_96: 9 members, 4 in dominant face, 4 faces total (44%)
    _louv_6: 7 members, 3 in dominant face, 4 faces total (43%)
    _louv_29: 5 members, 1 in dominant face, 5 faces total (20%)
    _louv_79: 5 members, 2 in dominant face, 4 faces total (40%)
    _louv_2: 4 members, 2 in dominant face, 3 faces total (50%)
    _louv_8: 4 members, 2 in dominant face, 3 faces total (50%)
    _louv_40: 4 members, 1 in dominant face, 4 faces total (25%)
    _louv_30: 3 members, 1 in dominant face, 3 faces total (33%)
    _louv_64: 3 members, 1 in dominant face, 3 faces total (33%)
    _louv_25: 3 members, 1 in dominant face, 3 faces total (33%)
[face-density] 370 micro-faces (size<50), top 10 hot regions (macro 64x64 cells):
  region (13,51): 27 micro-faces, world (3770,15861)-(4090,16181)
  region (35,24): 27 micro-faces, world (10809,7222)-(11128,7542)
  region (35,23): 16 micro-faces, world (10809,6902)-(11128,7222)
  region (23,40): 15 micro-faces, world (6969,12341)-(7289,12661)
  region (32,39): 14 micro-faces, world (9849,12021)-(10169,12341)
  region (31,32): 14 micro-faces, world (9529,9782)-(9849,10102)
  region (22,49): 13 micro-faces, world (6649,15221)-(6969,15541)
  region (22,38): 13 micro-faces, world (6649,11701)-(6969,12021)
  region (23,30): 13 micro-faces, world (6969,9142)-(7289,9462)
  region (26,46): 11 micro-faces, world (7929,14261)-(8249,14581)
[face-ppm] Wrote /tmp/face-raster.ppm (1773x2128, downsampled from 3546x4257 by 2)
[face-untangle] 33 target clusters, 55 strays, 2 moved (poly cross 240 → 239, 1 fewer)
[stuck-leaf-2d] pass 1: 0 candidates, 0 moved, 0 cost units resolved.
[stuck-leaf-2d] 0 candidates, 0 moved, 0 cost units resolved (poly cross 239 → 239, 0 fewer)
[hot-region-sa] 24 hot cells (≥4 cross, 239 cross pts), top 5 processed, 54/797 swap accepted (cross 239 → 238, 1 fewer)
