[community] algorithm=louvain communities=40 meta=3
[hub-bias] Super-graph: pushed 2 high-deg cluster roots to 1.4x avgR.
[cg-time] 4ms post-hub-bias
[cg-time] 5ms pre-§10-outward-radial
[cg-time] 5ms pre-§11-compose
[cg-time] 5ms pre-§12-pruning-reattach
[cg-time] 5ms pre-§13-cluster-swap
[cg-time] 20ms pre-§14-chain-straightening
[cg-time] 20ms pre-§15-pruned-cross-min
[§15.5] Optimized 15 alone-root+independent nodes (5 moves).
[cg-time] 20ms pre-bus-bundle
[bus-bundle] Created 1 bus bundles (2 members, sig ≥ 2 roots).
[xings-hotspot] total=61 xings across 48 offending edges (of 113)
  edge app6.M0↔app6.M9 xings=8 cluster=(_louv_23,_louv_32)
  edge app1.M10↔app1.M11 xings=6 cluster=(_louv_8,_louv_12)
  edge app1.M0↔app1.M1 xings=5 cluster=(_louv_4,?)
  edge app2.M5↔app2.M9 xings=5 cluster=(?,?)
  edge app1.M0↔app1.M5 xings=5 cluster=(_louv_4,?)
  edge app1.M0↔app1.M8 xings=5 cluster=(_louv_4,?)
  edge app1.M2↔app7.M3 xings=5 cluster=(_louv_6,?)
  edge app7.M0↔app7.M4 xings=4 cluster=(_louv_36,?)
[xings-hotspot] top cluster signatures:
  {?|_louv_4} xings=5
  {?|_louv_23|_louv_4} xings=4
  {?|_louv_23|_louv_32|_louv_4} xings=4
  {?|_louv_1|_louv_4} xings=4
  {?|_louv_1|_louv_13} xings=3
  {?|_louv_36|_louv_37} xings=3
  {?|_louv_10} xings=3
  {?|_louv_25|_louv_26} xings=3
[knot-min] Accepted 15 spatial swaps among 99 candidates.
[knot-min-2opt] Accepted 1 cross-targeted swaps.
[carrier-pre] 115 edges → 57 distinct carriers (cost-side filter).
[leaf-untangle] candidates=61, with-cross=22, moved=15, crossings-resolved=52.
[leaf-untangle] candidates=61, with-cross=14, moved=5, crossings-resolved=10.
[leaf-untangle] candidates=61, with-cross=13, moved=1, crossings-resolved=1.
[leaf-untangle] candidates=61, with-cross=12, moved=0, crossings-resolved=0.
[stuck-leaf-diag] 12 candidates with cost>0 (top 15 below):
  cost=4 deg=3 node=app1.M1 parent=app1.M0 nbrs={app1.M0,app1.M5,app6.M8}
  cost=3 deg=3 node=app1.M5 parent=app1.M0 nbrs={app1.M0,app1.M1,app2.M7}
  cost=2 deg=3 node=app0.M7 parent=app1.M0 nbrs={app0.M0,app1.M0,app1.M7}
  cost=2 deg=2 node=app1.M4 parent=app1.M0 nbrs={app1.M0,app1.M10}
  cost=2 deg=2 node=app4.M5 parent=app6.M6 nbrs={app7.M4,app6.M6}
  cost=2 deg=3 node=app6.M4 parent=app6.M0 nbrs={app6.M0,app6.M10,app0.M2}
  cost=1 deg=2 node=app1.M7 parent=app1.M0 nbrs={app1.M0,app0.M7}
  cost=1 deg=2 node=app1.M9 parent=app1.M0 nbrs={app1.M0,app1.File5}
  cost=1 deg=2 node=app1.M10 parent=app1.M11 nbrs={app1.M4,app1.M11}
  cost=1 deg=2 node=app2.M9 parent=app2.M4 nbrs={app2.M4,app2.M5}
  cost=1 deg=3 node=app6.M6 parent=app6.M0 nbrs={app6.M0,app6.M3,app4.M5}
  cost=1 deg=2 node=app7.M4 parent=app7.M0 nbrs={app7.M0,app4.M5}
[pd-knot] 29 polyline cross pairs, 2 resolved via endpoint swap.
[xings-detour] iters=2 initial-poly-pairs=32 accepted=1 (multi-seg, density-aware, polyline detect, iterative).
[visual-knot] 29→29 cross points, 0→0 hot cells (≥3), 0 handled, 0 swap accepted.
[leaf-untangle] candidates=61, with-cross=10, moved=2, crossings-resolved=6.
[leaf-untangle] candidates=61, with-cross=10, moved=0, crossings-resolved=0.
[stuck-leaf-diag] 10 candidates with cost>0 (top 15 below):
  cost=4 deg=3 node=app1.M1 parent=app1.M0 nbrs={app1.M0,app1.M5,app6.M8}
  cost=3 deg=3 node=app1.M5 parent=app1.M0 nbrs={app1.M0,app1.M1,app2.M7}
  cost=2 deg=3 node=app0.M7 parent=app1.M0 nbrs={app0.M0,app1.M0,app1.M7}
  cost=2 deg=2 node=app1.M4 parent=app1.M0 nbrs={app1.M0,app1.M10}
  cost=2 deg=2 node=app4.M5 parent=app6.M6 nbrs={app7.M4,app6.M6}
  cost=2 deg=3 node=app6.M4 parent=app6.M0 nbrs={app6.M0,app6.M10,app0.M2}
  cost=2 deg=3 node=app6.M6 parent=app6.M0 nbrs={app6.M0,app6.M3,app4.M5}
  cost=1 deg=2 node=app1.M9 parent=app1.M0 nbrs={app1.M0,app1.File5}
  cost=1 deg=2 node=app1.M10 parent=app1.M11 nbrs={app1.M4,app1.M11}
  cost=1 deg=2 node=app2.M9 parent=app2.M4 nbrs={app2.M4,app2.M5}
[carrier-cross] segment 29 -> carrier-grouped 24 (-17%). Carriers: 58 total (2 bundle + 37 cluster-pair + 19 individual).
[isolated-stash] Stashed 7 edge-less nodes in 6-column strip at x>=20840.
[face-raster] grid 5193x2939 (cell 5.0x5.0 units), 224 faces, 15139135 bg cells (99.2% of grid)
  face #1: 9315356 cells (61.5%), bbox 5193x2939 @ (0,0)
  face #193: 813399 cells (5.4%), bbox 2840x1092 @ (46,1845)
  face #134: 541827 cells (3.6%), bbox 1429x771 @ (1264,1566)
  face #99: 499683 cells (3.3%), bbox 1123x1202 @ (693,791)
  face #11: 497758 cells (3.3%), bbox 1756x580 @ (984,142)
  face #92: 349346 cells (2.3%), bbox 1102x901 @ (880,679)
  face #15: 302088 cells (2.0%), bbox 731x1012 @ (2744,149)
  face #2: 240732 cells (1.6%), bbox 1579x796 @ (2769,86)
[face-cohesion] 17 clusters analysed, 4 low-cohesion (<60% in dominant face)
  cohesion histogram:
     40%- 49%: 1 clusters
     50%- 59%: 3 clusters
     60%- 69%: 4 clusters
     80%- 89%: 1 clusters
    100%-100%: 8 clusters
  top 4 low-cohesion clusters (largest first):
    _louv_4: 5 members, 2 in dominant face, 4 faces total (40%)
    _louv_23: 4 members, 2 in dominant face, 3 faces total (50%)
    _louv_32: 2 members, 1 in dominant face, 2 faces total (50%)
    _louv_26: 2 members, 1 in dominant face, 2 faces total (50%)
[face-density] 164 micro-faces (size<50), top 10 hot regions (macro 64x64 cells):
  region (51,25): 28 micro-faces, world (13185,7669)-(13505,7989)
  region (46,29): 21 micro-faces, world (11586,8949)-(11906,9269)
  region (67,2): 20 micro-faces, world (18305,309)-(18624,629)
  region (40,26): 12 micro-faces, world (9666,7989)-(9986,8309)
  region (27,10): 12 micro-faces, world (5507,2869)-(5827,3189)
  region (66,3): 11 micro-faces, world (17985,629)-(18305,949)
  region (67,1): 6 micro-faces, world (18305,-11)-(18624,309)
  region (43,2): 6 micro-faces, world (10626,309)-(10946,629)
  region (66,2): 6 micro-faces, world (17985,309)-(18305,629)
  region (50,25): 6 micro-faces, world (12865,7669)-(13185,7989)
[face-ppm] Wrote /tmp/face-raster.ppm (2596x1469, downsampled from 5193x2939 by 2)
[face-untangle] 6 target clusters, 11 strays, 0 moved (poly cross 29 → 29, 0 fewer)
[stuck-leaf-2d] pass 1: 0 candidates, 0 moved, 0 cost units resolved.
[stuck-leaf-2d] 0 candidates, 0 moved, 0 cost units resolved (poly cross 29 → 29, 0 fewer)
[hot-region-sa] 0 hot cells (≥4 cross, 29 cross pts), top 0 processed, 0/0 swap accepted (cross 29 → 29, 0 fewer)
