[community] algorithm=louvain communities=16 meta=3
[hub-bias] Super-graph: pushed 2 high-deg cluster roots to 1.4x avgR.
[cg-time] 1ms post-hub-bias
[cg-time] 1ms pre-§10-outward-radial
[cg-time] 1ms pre-§11-compose
[cg-time] 1ms pre-§12-pruning-reattach
[cg-time] 1ms pre-§13-cluster-swap
[cg-time] 1ms pre-§14-chain-straightening
[cg-time] 1ms pre-§15-pruned-cross-min
[§15.5] Optimized 4 alone-root+independent nodes (0 moves).
[cg-time] 1ms pre-bus-bundle
[bus-bundle] Created 1 bus bundles (2 members, sig ≥ 2 roots).
[xings-hotspot] total=2 xings across 4 offending edges (of 52)
  edge app1.M0↔app1.M2 xings=1 cluster=(_louv_6,_louv_7)
  edge app1.M4↔app2.M1 xings=1 cluster=(_louv_8,?)
  edge app1.M5↔app2.M4 xings=1 cluster=(?,?)
  edge app2.M0↔app2.M1 xings=1 cluster=(_louv_10,?)
[xings-hotspot] top cluster signatures:
  {?|_louv_10} xings=1
  {?|_louv_6|_louv_7|_louv_8} xings=1
[knot-min] Accepted 7 spatial swaps among 44 candidates.
[carrier-pre] 53 edges → 24 distinct carriers (cost-side filter).
[leaf-untangle] candidates=33, with-cross=5, moved=5, crossings-resolved=18.
[leaf-untangle] candidates=33, with-cross=0, moved=0, crossings-resolved=0.
[stuck-leaf-diag] 4 candidates with cost>0 (top 15 below):
  cost=6 deg=2 node=core.Hub0 parent=app2.M0 nbrs={app2.M0,core.Log20}
  cost=3 deg=2 node=app2.M6 parent=app2.M0 nbrs={app2.M0,app2.Log13}
  cost=3 deg=3 node=app2.M8 parent=app2.M0 nbrs={app2.M0,app0.M0,app0.M2}
  cost=1 deg=1 node=app2.Tag21 parent=app2.M5 nbrs={app2.M5}
[pd-knot] 4 polyline cross pairs, 0 resolved via endpoint swap.
[xings-detour] iters=1 initial-poly-pairs=4 accepted=0 (multi-seg, density-aware, polyline detect, iterative).
[visual-knot] 4→4 cross points, 0→0 hot cells (≥3), 0 handled, 0 swap accepted.
[leaf-untangle] candidates=33, with-cross=0, moved=0, crossings-resolved=0.
[stuck-leaf-diag] 4 candidates with cost>0 (top 15 below):
  cost=6 deg=2 node=core.Hub0 parent=app2.M0 nbrs={app2.M0,core.Log20}
  cost=3 deg=2 node=app2.M6 parent=app2.M0 nbrs={app2.M0,app2.Log13}
  cost=3 deg=3 node=app2.M8 parent=app2.M0 nbrs={app2.M0,app0.M0,app0.M2}
  cost=1 deg=1 node=app2.Tag21 parent=app2.M5 nbrs={app2.M5}
[carrier-cross] segment 4 -> carrier-grouped 4 (-0%). Carriers: 26 total (2 bundle + 13 cluster-pair + 11 individual).
[isolated-stash] Stashed 1 edge-less nodes in 6-column strip at x>=10129.
[face-raster] grid 2176x2105 (cell 5.0x5.0 units), 35 faces, 4538855 bg cells (99.1% of grid)
  face #1: 3724742 cells (82.1%), bbox 2176x2105 @ (0,0)
  face #3: 411229 cells (9.1%), bbox 736x1076 @ (829,162)
  face #4: 108723 cells (2.4%), bbox 220x1076 @ (1434,162)
  face #26: 108222 cells (2.4%), bbox 517x760 @ (1446,1096)
  face #28: 63137 cells (1.4%), bbox 526x602 @ (1433,1254)
  face #13: 59305 cells (1.3%), bbox 573x453 @ (512,518)
  face #24: 29917 cells (0.7%), bbox 312x358 @ (1092,978)
  face #32: 10649 cells (0.2%), bbox 106x174 @ (1332,1293)
[face-cohesion] 11 clusters analysed, 2 low-cohesion (<60% in dominant face)
  cohesion histogram:
     50%- 59%: 2 clusters
     60%- 69%: 3 clusters
     80%- 89%: 1 clusters
    100%-100%: 5 clusters
  top 2 low-cohesion clusters (largest first):
    _louv_10: 4 members, 2 in dominant face, 3 faces total (50%)
    _louv_14: 2 members, 1 in dominant face, 2 faces total (50%)
[face-density] 12 micro-faces (size<50), top 10 hot regions (macro 64x64 cells):
  region (11,8): 4 micro-faces, world (3262,2309)-(3581,2628)
  region (17,15): 2 micro-faces, world (5181,4548)-(5501,4868)
  region (18,5): 1 micro-faces, world (5501,1349)-(5821,1669)
  region (7,7): 1 micro-faces, world (1982,1989)-(2302,2309)
  region (12,8): 1 micro-faces, world (3581,2309)-(3901,2628)
  region (16,15): 1 micro-faces, world (4861,4548)-(5181,4868)
  region (25,17): 1 micro-faces, world (7740,5188)-(8060,5507)
  region (21,20): 1 micro-faces, world (6460,6147)-(6780,6467)
[face-ppm] Wrote /tmp/face-raster.ppm (2176x2105, downsampled from 2176x2105 by 1)
[face-untangle] 3 target clusters, 5 strays, 0 moved (poly cross 4 → 4, 0 fewer)
[stuck-leaf-2d] pass 1: 1 candidates, 1 moved, 1 cost units resolved.
[stuck-leaf-2d] pass 2: 0 candidates, 0 moved, 0 cost units resolved.
[stuck-leaf-2d] 0 candidates, 1 moved, 1 cost units resolved (poly cross 4 → 3, 1 fewer)
[hot-region-sa] 0 hot cells (≥4 cross, 3 cross pts), top 0 processed, 0/0 swap accepted (cross 3 → 3, 0 fewer)
