[community] algorithm=louvain communities=54 meta=5
[hub-bias] Super-graph: pushed 3 high-deg cluster roots to 1.4x avgR.
[cg-time] 3ms post-hub-bias
[cg-time] 18ms pre-§10-outward-radial
[cg-time] 18ms pre-§11-compose
[cg-time] 18ms pre-§12-pruning-reattach
[cg-time] 18ms pre-§13-cluster-swap
[cg-time] 304ms pre-§14-chain-straightening
[cg-time] 304ms pre-§15-pruned-cross-min
[§15.5] Optimized 10 alone-root+independent nodes (2 moves).
[cg-time] 306ms pre-bus-bundle
[bus-bundle] Created 2 bus bundles (4 members, sig ≥ 2 roots).
[xings-hotspot] total=132 xings across 82 offending edges (of 184)
  edge app3.M3↔app3.M5 xings=10 cluster=(_louv_24,_louv_26)
  edge app9.M0↔app9.M2 xings=10 cluster=(_louv_40,_louv_42)
  edge core.Hub1↔app5.M0 xings=9 cluster=(?,_louv_29)
  edge app6.M0↔app6.M2 xings=8 cluster=(_louv_0,?)
  edge core.Hub1↔app8.M0 xings=8 cluster=(?,_louv_39)
  edge app2.M10↔app9.M5 xings=7 cluster=(_louv_21,?)
  edge app3.M0↔app3.M1 xings=7 cluster=(_louv_22,_louv_23)
  edge app1.M0↔app6.M3 xings=7 cluster=(?,_louv_33)
[xings-hotspot] top cluster signatures:
  {?|_louv_0|_louv_52} xings=4
  {?|_louv_2|_louv_35|_louv_4} xings=3
  {?|_louv_23|_louv_30} xings=3
  {?|_louv_39} xings=3
  {?|_louv_29} xings=3
  {?|_louv_14|_louv_33} xings=3
  {?|_louv_35|_louv_40|_louv_42} xings=3
  {?|_louv_0|_louv_47} xings=3
[bundle-clear] Pushed 2 nodes off bundle bboxes.
[knot-min] Accepted 43 spatial swaps among 142 candidates.
[carrier-pre] 187 edges → 119 distinct carriers (cost-side filter).
[leaf-untangle] candidates=90, with-cross=38, moved=31, crossings-resolved=93.
[leaf-untangle] candidates=90, with-cross=15, moved=9, crossings-resolved=28.
[leaf-untangle] candidates=90, with-cross=12, moved=4, crossings-resolved=8.
[leaf-untangle] candidates=90, with-cross=11, moved=0, crossings-resolved=0.
[stuck-leaf-diag] 14 candidates with cost>0 (top 15 below):
  cost=12 deg=2 node=app9.M13 parent=app9.M0 nbrs={app9.M0,app3.M0}
  cost=7 deg=2 node=app2.M10 parent=app2.M0 nbrs={app2.M0,app9.M5}
  cost=6 deg=3 node=app2.M9 parent=app2.M0 nbrs={app2.M0,app2.M5,app2.M11}
  cost=6 deg=3 node=app7.M10 parent=app7.M0 nbrs={app7.M0,app7.M3,app10.M2}
  cost=6 deg=2 node=app9.M1 parent=app9.M0 nbrs={app9.M0,app9.Note48}
  cost=6 deg=2 node=app9.M5 parent=app9.M0 nbrs={app9.M0,app2.M10}
  cost=5 deg=3 node=app1.M1 parent=app1.M0 nbrs={app1.M0,app1.M2,app8.M2}
  cost=5 deg=2 node=app10.M7 parent=app10.M0 nbrs={app10.M0,app4.M0}
  cost=4 deg=2 node=app7.M2 parent=app7.M0 nbrs={app7.M0,app2.M8}
  cost=4 deg=3 node=app10.M10 parent=app10.M0 nbrs={app10.M0,app10.M3,app0.M9}
  cost=2 deg=2 node=app2.M8 parent=app6.M3 nbrs={app7.M2,app6.M3}
  cost=2 deg=2 node=app2.M11 parent=app2.M0 nbrs={app2.M0,app2.M9}
  cost=1 deg=1 node=app10.Log36 parent=app10.M1 nbrs={app10.M1}
  cost=1 deg=1 node=app5.Asset40 parent=app5.M6 nbrs={app5.M6}
[pd-knot] 74 polyline cross pairs, 3 resolved via endpoint swap.
[xings-detour] iters=2 initial-poly-pairs=81 accepted=3 (multi-seg, density-aware, polyline detect, iterative).
[visual-knot] 77→76 cross points, 8→7 hot cells (≥3), 15 handled, 1 swap accepted.
[leaf-untangle] candidates=90, with-cross=12, moved=1, crossings-resolved=1.
[leaf-untangle] candidates=90, with-cross=11, moved=0, crossings-resolved=0.
[stuck-leaf-diag] 14 candidates with cost>0 (top 15 below):
  cost=12 deg=2 node=app9.M13 parent=app9.M0 nbrs={app9.M0,app3.M0}
  cost=7 deg=2 node=app2.M10 parent=app2.M0 nbrs={app2.M0,app9.M5}
  cost=6 deg=3 node=app2.M9 parent=app2.M0 nbrs={app2.M0,app2.M5,app2.M11}
  cost=6 deg=3 node=app7.M10 parent=app7.M0 nbrs={app7.M0,app7.M3,app10.M2}
  cost=6 deg=2 node=app9.M1 parent=app9.M0 nbrs={app9.M0,app9.Note48}
  cost=6 deg=2 node=app9.M5 parent=app9.M0 nbrs={app9.M0,app2.M10}
  cost=5 deg=3 node=app1.M1 parent=app1.M0 nbrs={app1.M0,app1.M2,app8.M2}
  cost=5 deg=2 node=app10.M7 parent=app10.M0 nbrs={app10.M0,app4.M0}
  cost=4 deg=2 node=app7.M2 parent=app7.M0 nbrs={app7.M0,app2.M8}
  cost=4 deg=3 node=app10.M10 parent=app10.M0 nbrs={app10.M0,app10.M3,app0.M9}
  cost=2 deg=2 node=app2.M8 parent=app6.M3 nbrs={app7.M2,app6.M3}
  cost=2 deg=2 node=app2.M11 parent=app2.M0 nbrs={app2.M0,app2.M9}
  cost=1 deg=1 node=app10.Log36 parent=app10.M1 nbrs={app10.M1}
  cost=1 deg=1 node=app5.Asset40 parent=app5.M6 nbrs={app5.M6}
[carrier-cross] segment 76 -> carrier-grouped 62 (-18%). Carriers: 117 total (4 bundle + 75 cluster-pair + 38 individual).
[isolated-stash] Stashed 4 edge-less nodes in 6-column strip at x>=9323.
[face-raster] grid 2148x2507 (cell 5.0x5.0 units), 478 faces, 5246881 bg cells (97.4% of grid)
  face #1: 3295954 cells (62.8%), bbox 2148x2507 @ (0,0)
  face #4: 383938 cells (7.3%), bbox 859x1228 @ (100,74)
  face #23: 121530 cells (2.3%), bbox 488x971 @ (896,161)
  face #380: 86775 cells (1.7%), bbox 637x471 @ (494,1878)
  face #350: 75278 cells (1.4%), bbox 349x704 @ (271,1645)
  face #289: 74664 cells (1.4%), bbox 312x450 @ (756,1427)
  face #182: 68423 cells (1.3%), bbox 303x464 @ (1199,1218)
  face #114: 60788 cells (1.2%), bbox 214x518 @ (406,1092)
[face-cohesion] 39 clusters analysed, 18 low-cohesion (<60% in dominant face)
  cohesion histogram:
     30%- 39%: 7 clusters
     50%- 59%: 11 clusters
     60%- 69%: 7 clusters
    100%-100%: 14 clusters
  top 10 low-cohesion clusters (largest first):
    _louv_27: 4 members, 2 in dominant face, 2 faces total (50%)
    _louv_48: 3 members, 1 in dominant face, 3 faces total (33%)
    _louv_40: 3 members, 1 in dominant face, 3 faces total (33%)
    _louv_52: 3 members, 1 in dominant face, 3 faces total (33%)
    _louv_24: 3 members, 1 in dominant face, 3 faces total (33%)
    _louv_0: 3 members, 1 in dominant face, 3 faces total (33%)
    _louv_39: 3 members, 1 in dominant face, 3 faces total (33%)
    _louv_2: 3 members, 1 in dominant face, 3 faces total (33%)
    _louv_43: 2 members, 1 in dominant face, 2 faces total (50%)
    _louv_29: 2 members, 1 in dominant face, 2 faces total (50%)
[face-density] 305 micro-faces (size<50), top 10 hot regions (macro 64x64 cells):
  region (26,21): 25 micro-faces, world (8065,6426)-(8385,6746)
  region (8,34): 23 micro-faces, world (2305,10584)-(2625,10904)
  region (7,36): 22 micro-faces, world (1985,11224)-(2305,11544)
  region (10,19): 17 micro-faces, world (2945,5786)-(3265,6106)
  region (12,18): 15 micro-faces, world (3585,5466)-(3905,5786)
  region (18,24): 14 micro-faces, world (5505,7386)-(5825,7705)
  region (12,17): 14 micro-faces, world (3585,5146)-(3905,5466)
  region (16,27): 13 micro-faces, world (4865,8345)-(5185,8665)
  region (11,2): 11 micro-faces, world (3265,348)-(3585,668)
  region (8,35): 11 micro-faces, world (2305,10904)-(2625,11224)
[face-ppm] Wrote /tmp/face-raster.ppm (2148x2507, downsampled from 2148x2507 by 1)
[face-untangle] 19 target clusters, 28 strays, 0 moved (poly cross 75 → 75, 0 fewer)
[stuck-leaf-2d] pass 1: 2 candidates, 1 moved, 1 cost units resolved.
[stuck-leaf-2d] pass 2: 1 candidates, 0 moved, 0 cost units resolved.
[stuck-leaf-2d] 1 candidates, 1 moved → REVERTED (poly cross 75 → 76)
[hot-region-sa] 7 hot cells (≥4 cross, 77 cross pts), top 5 processed, 65/710 swap accepted (cross 77 → 77, 0 fewer)
