[community] algorithm=louvain communities=54 meta=3
[cg-time] 5ms post-hub-bias
[cg-time] 71ms pre-§10-outward-radial
[cg-time] 71ms pre-§11-compose
[cg-time] 71ms pre-§12-pruning-reattach
[cg-time] 71ms pre-§13-cluster-swap
[cg-time] 169ms pre-§14-chain-straightening
[cg-time] 170ms pre-§15-pruned-cross-min
[§15.5] Optimized 22 alone-root+independent nodes (5 moves).
[cg-time] 172ms pre-bus-bundle
[bus-bundle] Created 1 bus bundles (2 members, sig ≥ 2 roots).
[xings-hotspot] total=112 xings across 74 offending edges (of 168)
  edge core.Hub0↔app3.M0 xings=11 cluster=(?,_louv_16)
  edge app6.M0↔app6.M2 xings=10 cluster=(_louv_25,_louv_12)
  edge app5.M0↔app12.M4 xings=9 cluster=(_louv_21,_louv_43)
  edge app11.M1↔app12.M6 xings=9 cluster=(?,_louv_51)
  edge app9.M0↔app9.M9 xings=8 cluster=(_louv_38,_louv_27)
  edge app1.M1↔app9.M5 xings=7 cluster=(?,_louv_38)
  edge core.Hub0↔app12.M0 xings=7 cluster=(?,?)
  edge app3.M0↔app3.M2 xings=6 cluster=(_louv_16,?)
[xings-hotspot] top cluster signatures:
  {?|_louv_16} xings=5
  {?|_louv_16|_louv_21|_louv_43} xings=4
  {?|_louv_38} xings=4
  {?|_louv_16|_louv_51} xings=4
  {?|_louv_16|_louv_27|_louv_38} xings=4
  {?|_louv_46|_louv_50} xings=3
  {?|_louv_25} xings=3
  {?|_louv_24} xings=3
[knot-min] Accepted 27 spatial swaps among 127 candidates.
[carrier-pre] 170 edges → 98 distinct carriers (cost-side filter).
[leaf-untangle] candidates=64, with-cross=16, moved=14, crossings-resolved=57.
[leaf-untangle] candidates=64, with-cross=7, moved=5, crossings-resolved=9.
[leaf-untangle] candidates=64, with-cross=7, moved=5, crossings-resolved=19.
[leaf-untangle] candidates=64, with-cross=4, moved=1, crossings-resolved=3.
[stuck-leaf-diag] 6 candidates with cost>0 (top 15 below):
  cost=9 deg=3 node=app7.M1 parent=app7.M0 nbrs={app7.M0,app7.M5,app0.M4}
  cost=7 deg=3 node=app9.M5 parent=app9.M0 nbrs={app9.M0,app9.M1,app1.M1}
  cost=3 deg=2 node=app2.M12 parent=app2.M0 nbrs={app2.M0,app11.M4}
  cost=3 deg=1 node=app7.M8 parent=app7.M0 nbrs={app7.M0}
  cost=3 deg=1 node=app7.Log7 parent=app7.M4 nbrs={app7.M4}
  cost=1 deg=3 node=app2.M1 parent=app2.M0 nbrs={app2.M0,app2.M10,app1.M2}
[pd-knot] 77 polyline cross pairs, 4 resolved via endpoint swap.
[xings-detour] iters=2 initial-poly-pairs=81 accepted=5 (multi-seg, density-aware, polyline detect, iterative).
[visual-knot] 74→70 cross points, 7→7 hot cells (≥3), 14 handled, 1 swap accepted.
[leaf-untangle] candidates=64, with-cross=5, moved=2, crossings-resolved=9.
[leaf-untangle] candidates=64, with-cross=3, moved=0, crossings-resolved=0.
[stuck-leaf-diag] 7 candidates with cost>0 (top 15 below):
  cost=9 deg=3 node=app7.M1 parent=app7.M0 nbrs={app7.M0,app7.M5,app0.M4}
  cost=7 deg=3 node=app9.M5 parent=app9.M0 nbrs={app9.M0,app9.M1,app1.M1}
  cost=4 deg=1 node=app7.Log7 parent=app7.M4 nbrs={app7.M4}
  cost=3 deg=2 node=app2.M12 parent=app2.M0 nbrs={app2.M0,app11.M4}
  cost=3 deg=3 node=app7.M5 parent=app7.M0 nbrs={app7.M0,app7.M1,app7.Note12}
  cost=3 deg=1 node=app7.M8 parent=app7.M0 nbrs={app7.M0}
  cost=1 deg=3 node=app2.M1 parent=app2.M0 nbrs={app2.M0,app2.M10,app1.M2}
[carrier-cross] segment 70 -> carrier-grouped 52 (-26%). Carriers: 96 total (3 bundle + 64 cluster-pair + 29 individual).
[isolated-stash] Stashed 6 edge-less nodes in 6-column strip at x>=9958.
[face-raster] grid 2415x3829 (cell 5.0x5.0 units), 352 faces, 9112198 bg cells (98.5% of grid)
  face #1: 7749671 cells (85.0%), bbox 2415x3829 @ (0,0)
  face #11: 128597 cells (1.4%), bbox 846x1434 @ (109,149)
  face #135: 125410 cells (1.4%), bbox 631x537 @ (172,1007)
  face #69: 109291 cells (1.2%), bbox 508x499 @ (353,744)
  face #12: 96348 cells (1.1%), bbox 478x843 @ (487,158)
  face #15: 59239 cells (0.7%), bbox 137x841 @ (862,165)
  face #64: 47641 cells (0.5%), bbox 415x425 @ (1052,407)
  face #276: 45481 cells (0.5%), bbox 221x363 @ (1253,1303)
[face-cohesion] 32 clusters analysed, 14 low-cohesion (<60% in dominant face)
  cohesion histogram:
     30%- 39%: 4 clusters
     40%- 49%: 1 clusters
     50%- 59%: 9 clusters
     60%- 69%: 5 clusters
    100%-100%: 13 clusters
  top 10 low-cohesion clusters (largest first):
    _louv_10: 6 members, 2 in dominant face, 4 faces total (33%)
    _louv_25: 5 members, 2 in dominant face, 4 faces total (40%)
    _louv_44: 4 members, 2 in dominant face, 2 faces total (50%)
    _louv_38: 3 members, 1 in dominant face, 3 faces total (33%)
    _louv_16: 3 members, 1 in dominant face, 3 faces total (33%)
    _louv_9: 3 members, 1 in dominant face, 3 faces total (33%)
    _louv_43: 2 members, 1 in dominant face, 2 faces total (50%)
    _louv_51: 2 members, 1 in dominant face, 2 faces total (50%)
    _louv_46: 2 members, 1 in dominant face, 2 faces total (50%)
    _louv_40: 2 members, 1 in dominant face, 2 faces total (50%)
[face-density] 221 micro-faces (size<50), top 10 hot regions (macro 64x64 cells):
  region (18,18): 25 micro-faces, world (5479,5339)-(5799,5659)
  region (17,4): 23 micro-faces, world (5159,860)-(5479,1180)
  region (17,18): 18 micro-faces, world (5159,5339)-(5479,5659)
  region (15,17): 15 micro-faces, world (4519,5019)-(4839,5339)
  region (15,3): 10 micro-faces, world (4519,540)-(4839,860)
  region (18,22): 10 micro-faces, world (5479,6618)-(5799,6938)
  region (12,22): 7 micro-faces, world (3559,6618)-(3879,6938)
  region (19,32): 6 micro-faces, world (5799,9818)-(6119,10138)
  region (17,3): 6 micro-faces, world (5159,540)-(5479,860)
  region (23,24): 6 micro-faces, world (7078,7258)-(7398,7578)
[face-ppm] Wrote /tmp/face-raster.ppm (2415x3829, downsampled from 2415x3829 by 1)
[face-untangle] 14 target clusters, 23 strays, 0 moved (poly cross 69 → 69, 0 fewer)
[stuck-leaf-2d] pass 1: 1 candidates, 0 moved, 0 cost units resolved.
[stuck-leaf-2d] 1 candidates, 0 moved, 0 cost units resolved (poly cross 69 → 69, 0 fewer)
[hot-region-sa] 7 hot cells (≥4 cross, 69 cross pts), top 5 processed, 71/715 swap accepted (cross 69 → 69, 0 fewer)
