[community] algorithm=louvain communities=62 meta=3
[hub-bias] Super-graph: pushed 6 high-deg cluster roots to 1.4x avgR.
[cg-time] 4ms post-hub-bias
[cg-time] 293ms pre-§10-outward-radial
[cg-time] 293ms pre-§11-compose
[cg-time] 293ms pre-§12-pruning-reattach
[cg-time] 293ms pre-§13-cluster-swap
[cg-time] 459ms pre-§14-chain-straightening
[cg-time] 459ms pre-§15-pruned-cross-min
[§15.5] Optimized 34 alone-root+independent nodes (8 moves).
[cg-time] 463ms pre-bus-bundle
[bus-bundle] Created 2 bus bundles (4 members, sig ≥ 2 roots).
[xings-hotspot] total=182 xings across 94 offending edges (of 202)
  edge core.Hub0↔app6.M0 xings=16 cluster=(_louv_0,_louv_35)
  edge core.Hub0↔app1.M0 xings=14 cluster=(_louv_0,_louv_6)
  edge app12.M0↔app12.M9 xings=12 cluster=(_louv_59,?)
  edge core.Hub0↔app4.M0 xings=11 cluster=(_louv_0,_louv_27)
  edge app5.M1↔app11.M8 xings=11 cluster=(?,?)
  edge app7.M0↔app7.M1 xings=11 cluster=(_louv_42,?)
  edge app0.M2↔app5.M6 xings=11 cluster=(?,_louv_18)
  edge app0.M1↔app12.M1 xings=10 cluster=(?,?)
[xings-hotspot] top cluster signatures:
  {?|_louv_59} xings=12
  {?} xings=12
  {?|_louv_61} xings=7
  {?|_louv_28|_louv_61} xings=7
  {?|_louv_28} xings=5
  {?|_louv_0|_louv_27} xings=5
  {?|_louv_0|_louv_6} xings=5
  {?|_louv_14|_louv_61} xings=4
[knot-min] Accepted 27 spatial swaps among 151 candidates.
[carrier-pre] 203 edges → 117 distinct carriers (cost-side filter).
[leaf-untangle] candidates=88, with-cross=25, moved=17, crossings-resolved=48.
[leaf-untangle] candidates=88, with-cross=14, moved=4, crossings-resolved=12.
[leaf-untangle] candidates=88, with-cross=13, moved=0, crossings-resolved=0.
[stuck-leaf-diag] 19 candidates with cost>0 (top 15 below):
  cost=12 deg=3 node=app12.M1 parent=app12.M0 nbrs={app12.M0,app12.M3,app0.M1}
  cost=10 deg=2 node=app6.M7 parent=app6.M0 nbrs={app6.M0,app6.Note9}
  cost=10 deg=3 node=app6.M10 parent=app6.M0 nbrs={app6.M0,app6.M2,app6.M9}
  cost=6 deg=1 node=app6.M3 parent=app6.M0 nbrs={app6.M0}
  cost=6 deg=3 node=app13.M3 parent=app13.M0 nbrs={app13.M0,app13.M2,app2.M6}
  cost=5 deg=2 node=app7.M5 parent=app13.M0 nbrs={app7.M11,app13.M0}
  cost=5 deg=2 node=app7.M11 parent=app7.M0 nbrs={app7.M0,app7.M5}
  cost=5 deg=3 node=app13.M2 parent=app13.M0 nbrs={app13.M0,app13.M3,app12.M7}
  cost=4 deg=2 node=app12.M5 parent=app12.M0 nbrs={app12.M0,app11.M4}
  cost=3 deg=1 node=app1.M10 parent=app1.M0 nbrs={app1.M0}
  cost=3 deg=2 node=app6.M11 parent=app6.M0 nbrs={app6.M0,app7.M8}
  cost=2 deg=2 node=app3.M7 parent=app3.M8 nbrs={app3.M8,app3.M4}
  cost=2 deg=2 node=app4.M1 parent=app4.M0 nbrs={app4.M0,app0.M4}
  cost=2 deg=2 node=app11.M4 parent=app11.M1 nbrs={app11.M1,app12.M5}
  cost=1 deg=2 node=app0.M4 parent=app0.M0 nbrs={app0.M0,app4.M1}
[pd-knot] 114 polyline cross pairs, 1 resolved via endpoint swap.
[xings-detour] iters=2 initial-poly-pairs=126 accepted=4 (multi-seg, density-aware, polyline detect, iterative).
[visual-knot] 115→114 cross points, 6→6 hot cells (≥3), 12 handled, 1 swap accepted.
[leaf-untangle] candidates=88, with-cross=13, moved=0, crossings-resolved=0.
[stuck-leaf-diag] 19 candidates with cost>0 (top 15 below):
  cost=13 deg=3 node=app12.M1 parent=app12.M0 nbrs={app12.M0,app12.M3,app0.M1}
  cost=10 deg=2 node=app6.M7 parent=app6.M0 nbrs={app6.M0,app6.Note9}
  cost=10 deg=3 node=app6.M10 parent=app6.M0 nbrs={app6.M0,app6.M2,app6.M9}
  cost=6 deg=1 node=app6.M3 parent=app6.M0 nbrs={app6.M0}
  cost=6 deg=3 node=app13.M3 parent=app13.M0 nbrs={app13.M0,app13.M2,app2.M6}
  cost=5 deg=2 node=app7.M5 parent=app13.M0 nbrs={app7.M11,app13.M0}
  cost=5 deg=2 node=app7.M11 parent=app7.M0 nbrs={app7.M0,app7.M5}
  cost=5 deg=3 node=app13.M2 parent=app13.M0 nbrs={app13.M0,app13.M3,app12.M7}
  cost=3 deg=1 node=app1.M10 parent=app1.M0 nbrs={app1.M0}
  cost=3 deg=2 node=app6.M11 parent=app6.M0 nbrs={app6.M0,app7.M8}
  cost=3 deg=2 node=app11.M4 parent=app11.M1 nbrs={app11.M1,app12.M5}
  cost=3 deg=2 node=app12.M5 parent=app12.M0 nbrs={app12.M0,app11.M4}
  cost=2 deg=2 node=app3.M7 parent=app3.M8 nbrs={app3.M8,app3.M4}
  cost=2 deg=2 node=app4.M1 parent=app4.M0 nbrs={app4.M0,app0.M4}
  cost=1 deg=2 node=app0.M4 parent=app0.M0 nbrs={app0.M0,app4.M1}
[carrier-cross] segment 120 -> carrier-grouped 95 (-21%). Carriers: 115 total (4 bundle + 76 cluster-pair + 35 individual).
[isolated-stash] Stashed 4 edge-less nodes in 6-column strip at x>=18799.
[face-raster] grid 4143x2882 (cell 5.0x5.0 units), 347 faces, 11778737 bg cells (98.6% of grid)
  face #1: 9419881 cells (80.0%), bbox 4143x2882 @ (0,0)
  face #9: 159017 cells (1.4%), bbox 535x602 @ (2401,716)
  face #258: 157327 cells (1.3%), bbox 934x415 @ (2106,1650)
  face #37: 130571 cells (1.1%), bbox 602x621 @ (1036,813)
  face #130: 128923 cells (1.1%), bbox 484x575 @ (2568,1307)
  face #126: 127772 cells (1.1%), bbox 671x350 @ (2256,1299)
  face #7: 122679 cells (1.0%), bbox 1155x383 @ (1645,712)
  face #197: 120859 cells (1.0%), bbox 516x436 @ (1846,1437)
[face-cohesion] 33 clusters analysed, 13 low-cohesion (<60% in dominant face)
  cohesion histogram:
     20%- 29%: 1 clusters
     30%- 39%: 4 clusters
     40%- 49%: 1 clusters
     50%- 59%: 7 clusters
     60%- 69%: 5 clusters
     70%- 79%: 2 clusters
    100%-100%: 13 clusters
  top 10 low-cohesion clusters (largest first):
    _louv_27: 5 members, 2 in dominant face, 4 faces total (40%)
    _louv_59: 5 members, 1 in dominant face, 5 faces total (20%)
    _louv_52: 4 members, 2 in dominant face, 3 faces total (50%)
    _louv_56: 3 members, 1 in dominant face, 3 faces total (33%)
    _louv_61: 3 members, 1 in dominant face, 3 faces total (33%)
    _louv_30: 3 members, 1 in dominant face, 3 faces total (33%)
    _louv_6: 3 members, 1 in dominant face, 3 faces total (33%)
    _louv_54: 2 members, 1 in dominant face, 2 faces total (50%)
    _louv_14: 2 members, 1 in dominant face, 2 faces total (50%)
    _louv_11: 2 members, 1 in dominant face, 2 faces total (50%)
[face-density] 149 micro-faces (size<50), top 10 hot regions (macro 64x64 cells):
  region (43,12): 19 micro-faces, world (13312,3515)-(13632,3835)
  region (17,21): 12 micro-faces, world (4993,6394)-(5313,6714)
  region (18,30): 9 micro-faces, world (5313,9274)-(5633,9594)
  region (18,31): 8 micro-faces, world (5313,9594)-(5633,9914)
  region (22,19): 8 micro-faces, world (6593,5754)-(6913,6074)
  region (43,11): 7 micro-faces, world (13312,3195)-(13632,3515)
  region (23,17): 7 micro-faces, world (6913,5114)-(7233,5434)
  region (23,19): 7 micro-faces, world (6913,5754)-(7233,6074)
  region (27,27): 7 micro-faces, world (8193,8314)-(8513,8634)
  region (15,31): 5 micro-faces, world (4353,9594)-(4673,9914)
[face-ppm] Wrote /tmp/face-raster.ppm (2071x1441, downsampled from 4143x2882 by 2)
[face-untangle] 12 target clusters, 19 strays, 0 moved (poly cross 114 → 114, 0 fewer)
[stuck-leaf-2d] pass 1: 0 candidates, 0 moved, 0 cost units resolved.
[stuck-leaf-2d] 0 candidates, 0 moved, 0 cost units resolved (poly cross 114 → 114, 0 fewer)
[hot-region-sa] 9 hot cells (≥4 cross, 114 cross pts), top 5 processed, 43/776 swap accepted (cross 114 → 114, 0 fewer)
