[community] algorithm=louvain communities=32 meta=3
[hub-bias] Super-graph: pushed 1 high-deg cluster roots to 1.4x avgR.
[cg-time] 3ms post-hub-bias
[cg-time] 5ms pre-§10-outward-radial
[cg-time] 5ms pre-§11-compose
[cg-time] 5ms pre-§12-pruning-reattach
[cg-time] 5ms pre-§13-cluster-swap
[cg-time] 38ms pre-§14-chain-straightening
[cg-time] 38ms pre-§15-pruned-cross-min
[§15.5] Optimized 6 alone-root+independent nodes (0 moves).
[cg-time] 38ms pre-bus-bundle
[bus-bundle] Created 1 bus bundles (2 members, sig ≥ 2 roots).
[xings-hotspot] total=100 xings across 51 offending edges (of 106)
  edge core.Hub2↔app7.M0 xings=13 cluster=(_louv_1,_louv_13)
  edge core.Hub1↔app6.M0 xings=10 cluster=(?,?)
  edge core.Hub1↔app7.M0 xings=9 cluster=(?,_louv_13)
  edge app4.M3↔app7.M1 xings=8 cluster=(?,_louv_13)
  edge core.Hub0↔app2.M0 xings=7 cluster=(?,_louv_9)
  edge app4.M3↔app6.M5 xings=7 cluster=(?,?)
  edge app4.M2↔app6.M0 xings=7 cluster=(_louv_21,?)
  edge app2.M0↔app6.M2 xings=7 cluster=(_louv_9,_louv_29)
[xings-hotspot] top cluster signatures:
  {?|_louv_0|_louv_15} xings=6
  {?|_louv_21} xings=6
  {?|_louv_11|_louv_13} xings=6
  {?|_louv_13|_louv_21} xings=4
  {?|_louv_0} xings=4
  {?|_louv_4} xings=4
  {?|_louv_1|_louv_13} xings=4
  {?|_louv_13|_louv_9} xings=4
[bundle-clear] Pushed 1 nodes off bundle bboxes.
[knot-min] Accepted 21 spatial swaps among 75 candidates.
[carrier-pre] 106 edges → 64 distinct carriers (cost-side filter).
[leaf-untangle] candidates=39, with-cross=12, moved=8, crossings-resolved=30.
[leaf-untangle] candidates=39, with-cross=7, moved=4, crossings-resolved=14.
[leaf-untangle] candidates=39, with-cross=4, moved=0, crossings-resolved=0.
[stuck-leaf-diag] 12 candidates with cost>0 (top 15 below):
  cost=9 deg=2 node=app5.M1 parent=app5.M0 nbrs={app5.M0,app5.M8}
  cost=6 deg=2 node=app5.M8 parent=app5.M0 nbrs={app5.M0,app5.M1}
  cost=4 deg=3 node=app2.M9 parent=app2.M0 nbrs={app2.M0,app2.M5,app0.M3}
  cost=4 deg=3 node=app3.M3 parent=app3.M0 nbrs={app3.M0,app3.M9,app0.M1}
  cost=2 deg=2 node=app0.M6 parent=app0.M0 nbrs={app0.M0,app1.M1}
  cost=2 deg=2 node=app2.M7 parent=app2.M0 nbrs={app2.M0,app2.M11}
  cost=2 deg=2 node=app3.M6 parent=app7.M2 nbrs={app2.M8,app7.M2}
  cost=2 deg=2 node=app3.M8 parent=app2.M0 nbrs={app3.M0,app2.M0}
  cost=1 deg=2 node=app0.M2 parent=app5.M0 nbrs={app0.M0,app5.M0}
  cost=1 deg=2 node=app1.M1 parent=app0.M3 nbrs={app0.M3,app0.M6}
  cost=1 deg=1 node=app2.M1 parent=app2.M0 nbrs={app2.M0}
  cost=1 deg=1 node=app2.Note13 parent=app2.M10 nbrs={app2.M10}
[pd-knot] 53 polyline cross pairs, 0 resolved via endpoint swap.
[xings-detour] iters=2 initial-poly-pairs=56 accepted=3 (multi-seg, density-aware, polyline detect, iterative).
[visual-knot] 53→53 cross points, 5→5 hot cells (≥3), 5 handled, 0 swap accepted.
[leaf-untangle] candidates=39, with-cross=4, moved=0, crossings-resolved=0.
[stuck-leaf-diag] 12 candidates with cost>0 (top 15 below):
  cost=9 deg=2 node=app5.M1 parent=app5.M0 nbrs={app5.M0,app5.M8}
  cost=6 deg=2 node=app5.M8 parent=app5.M0 nbrs={app5.M0,app5.M1}
  cost=4 deg=3 node=app2.M9 parent=app2.M0 nbrs={app2.M0,app2.M5,app0.M3}
  cost=4 deg=3 node=app3.M3 parent=app3.M0 nbrs={app3.M0,app3.M9,app0.M1}
  cost=2 deg=2 node=app0.M6 parent=app0.M0 nbrs={app0.M0,app1.M1}
  cost=2 deg=2 node=app2.M7 parent=app2.M0 nbrs={app2.M0,app2.M11}
  cost=2 deg=2 node=app3.M6 parent=app7.M2 nbrs={app2.M8,app7.M2}
  cost=2 deg=2 node=app3.M8 parent=app2.M0 nbrs={app3.M0,app2.M0}
  cost=1 deg=2 node=app0.M2 parent=app5.M0 nbrs={app0.M0,app5.M0}
  cost=1 deg=2 node=app1.M1 parent=app0.M3 nbrs={app0.M3,app0.M6}
  cost=1 deg=1 node=app2.M1 parent=app2.M0 nbrs={app2.M0}
  cost=1 deg=1 node=app2.Note13 parent=app2.M10 nbrs={app2.M10}
[carrier-cross] segment 49 -> carrier-grouped 37 (-24%). Carriers: 60 total (3 bundle + 39 cluster-pair + 18 individual).
[isolated-stash] Stashed 9 edge-less nodes in 6-column strip at x>=9293.
[face-raster] grid 2247x1507 (cell 5.0x5.0 units), 355 faces, 3298460 bg cells (97.4% of grid)
  face #1: 2265337 cells (68.7%), bbox 2247x1507 @ (0,0)
  face #193: 174171 cells (5.3%), bbox 504x624 @ (130,309)
  face #239: 123840 cells (3.8%), bbox 428x533 @ (660,612)
  face #3: 95601 cells (2.9%), bbox 421x535 @ (1341,52)
  face #267: 80529 cells (2.4%), bbox 468x590 @ (475,858)
  face #251: 46859 cells (1.4%), bbox 252x681 @ (919,767)
  face #206: 31328 cells (0.9%), bbox 193x262 @ (646,426)
  face #47: 30537 cells (0.9%), bbox 132x415 @ (1274,103)
[face-cohesion] 18 clusters analysed, 6 low-cohesion (<60% in dominant face)
  cohesion histogram:
     30%- 39%: 1 clusters
     50%- 59%: 5 clusters
     60%- 69%: 3 clusters
     70%- 79%: 1 clusters
     80%- 89%: 1 clusters
    100%-100%: 7 clusters
  top 6 low-cohesion clusters (largest first):
    _louv_13: 4 members, 2 in dominant face, 3 faces total (50%)
    _louv_4: 3 members, 1 in dominant face, 3 faces total (33%)
    _louv_29: 2 members, 1 in dominant face, 2 faces total (50%)
    _louv_9: 2 members, 1 in dominant face, 2 faces total (50%)
    _louv_11: 2 members, 1 in dominant face, 2 faces total (50%)
    _louv_1: 2 members, 1 in dominant face, 2 faces total (50%)
[face-density] 261 micro-faces (size<50), top 10 hot regions (macro 64x64 cells):
  region (27,1): 27 micro-faces, world (8372,122)-(8692,442)
  region (18,1): 24 micro-faces, world (5494,122)-(5813,442)
  region (17,16): 16 micro-faces, world (5174,4920)-(5494,5240)
  region (16,15): 16 micro-faces, world (4854,4600)-(5174,4920)
  region (16,14): 16 micro-faces, world (4854,4280)-(5174,4600)
  region (16,13): 16 micro-faces, world (4854,3960)-(5174,4280)
  region (13,3): 14 micro-faces, world (3894,762)-(4214,1082)
  region (10,4): 13 micro-faces, world (2935,1082)-(3255,1401)
  region (11,4): 12 micro-faces, world (3255,1082)-(3574,1401)
  region (19,1): 11 micro-faces, world (5813,122)-(6133,442)
[face-ppm] Wrote /tmp/face-raster.ppm (2247x1507, downsampled from 2247x1507 by 1)
[face-untangle] 6 target clusters, 8 strays, 1 moved (poly cross 49 → 48, 1 fewer)
[stuck-leaf-2d] pass 1: 1 candidates, 1 moved, 1 cost units resolved.
[stuck-leaf-2d] pass 2: 0 candidates, 0 moved, 0 cost units resolved.
[stuck-leaf-2d] 0 candidates, 1 moved, 1 cost units resolved (poly cross 48 → 48, 0 fewer)
[hot-region-sa] 5 hot cells (≥4 cross, 48 cross pts), top 5 processed, 84/615 swap accepted (cross 48 → 48, 0 fewer)
