[community] algorithm=louvain communities=17 meta=3
[hub-bias] Super-graph: pushed 3 high-deg cluster roots to 1.4x avgR.
[cg-time] 1ms post-hub-bias
[cg-time] 1ms pre-§10-outward-radial
[cg-time] 1ms pre-§11-compose
[cg-time] 1ms pre-§12-pruning-reattach
[cg-time] 1ms pre-§13-cluster-swap
[cg-time] 1ms pre-§14-chain-straightening
[cg-time] 1ms pre-§15-pruned-cross-min
[§15.5] Optimized 1 alone-root+independent nodes (1 moves).
[cg-time] 1ms pre-bus-bundle
[xings-hotspot] total=26 xings across 19 offending edges (of 59)
  edge app1.M6↔app3.M7 xings=9 cluster=(?,?)
  edge app1.M5↔app2.M12 xings=7 cluster=(_louv_7,?)
  edge app1.M3↔app1.M4 xings=5 cluster=(?,_louv_5)
  edge app0.M8↔app1.M4 xings=4 cluster=(?,_louv_5)
  edge app2.M0↔app2.M11 xings=4 cluster=(_louv_12,?)
  edge app3.M0↔app3.M2 xings=4 cluster=(_louv_0,_louv_4)
  edge app1.M0↔app1.M4 xings=3 cluster=(_louv_7,_louv_5)
  edge app2.M0↔app2.M1 xings=3 cluster=(_louv_12,?)
[xings-hotspot] top cluster signatures:
  {?|_louv_5|_louv_7} xings=5
  {?|_louv_12|_louv_7} xings=3
  {?|_louv_5} xings=3
  {?|_louv_0} xings=2
  {?|_louv_0|_louv_4|_louv_5} xings=2
  {?|_louv_12} xings=2
  {?|_louv_0|_louv_12|_louv_4} xings=1
  {?|_louv_0|_louv_15} xings=1
[bundle-clear] Pushed 1 nodes off bundle bboxes.
[knot-min] Accepted 6 spatial swaps among 40 candidates.
[knot-min-2opt] Accepted 3 cross-targeted swaps.
[carrier-pre] 60 edges → 29 distinct carriers (cost-side filter).
[leaf-untangle] candidates=22, with-cross=5, moved=4, crossings-resolved=19.
[leaf-untangle] candidates=22, with-cross=2, moved=0, crossings-resolved=0.
[stuck-leaf-diag] 5 candidates with cost>0 (top 15 below):
  cost=16 deg=2 node=app2.M3 parent=app2.M0 nbrs={app2.M0,app2.M8}
  cost=7 deg=2 node=app2.M8 parent=app2.M0 nbrs={app2.M0,app2.M3}
  cost=4 deg=3 node=app1.M6 parent=app1.M0 nbrs={app1.M0,app1.M4,app3.M7}
  cost=4 deg=2 node=app2.M6 parent=app2.M0 nbrs={app2.M0,app2.M11}
  cost=3 deg=3 node=app3.M7 parent=app3.M0 nbrs={app3.M0,app3.M3,app1.M6}
[pd-knot] 13 polyline cross pairs, 1 resolved via endpoint swap.
[xings-detour] iters=2 initial-poly-pairs=14 accepted=2 (multi-seg, density-aware, polyline detect, iterative).
[visual-knot] 11→11 cross points, 0→0 hot cells (≥3), 0 handled, 0 swap accepted.
[leaf-untangle] candidates=22, with-cross=3, moved=1, crossings-resolved=1.
[leaf-untangle] candidates=22, with-cross=2, moved=0, crossings-resolved=0.
[stuck-leaf-diag] 5 candidates with cost>0 (top 15 below):
  cost=16 deg=2 node=app2.M3 parent=app2.M0 nbrs={app2.M0,app2.M8}
  cost=7 deg=2 node=app2.M8 parent=app2.M0 nbrs={app2.M0,app2.M3}
  cost=4 deg=3 node=app1.M6 parent=app1.M0 nbrs={app1.M0,app1.M4,app3.M7}
  cost=4 deg=2 node=app2.M6 parent=app2.M0 nbrs={app2.M0,app2.M11}
  cost=3 deg=3 node=app3.M7 parent=app3.M0 nbrs={app3.M0,app3.M3,app1.M6}
[carrier-cross] segment 12 -> carrier-grouped 11 (-8%). Carriers: 33 total (1 bundle + 22 cluster-pair + 10 individual).
[isolated-stash] Stashed 3 edge-less nodes in 6-column strip at x>=9473.
[face-raster] grid 2156x1952 (cell 5.0x5.0 units), 57 faces, 4158887 bg cells (98.8% of grid)
  face #1: 3449547 cells (82.9%), bbox 2156x1952 @ (0,0)
  face #28: 252906 cells (6.1%), bbox 607x980 @ (829,902)
  face #8: 122922 cells (3.0%), bbox 669x477 @ (134,682)
  face #7: 78853 cells (1.9%), bbox 369x387 @ (956,487)
  face #25: 70848 cells (1.7%), bbox 421x318 @ (747,842)
  face #9: 40037 cells (1.0%), bbox 357x350 @ (552,682)
  face #24: 29462 cells (0.7%), bbox 310x187 @ (985,833)
  face #10: 26576 cells (0.6%), bbox 258x185 @ (609,682)
[face-cohesion] 9 clusters analysed, 3 low-cohesion (<60% in dominant face)
  cohesion histogram:
     30%- 39%: 1 clusters
     50%- 59%: 2 clusters
     60%- 69%: 1 clusters
     70%- 79%: 1 clusters
    100%-100%: 4 clusters
  top 3 low-cohesion clusters (largest first):
    _louv_12: 7 members, 4 in dominant face, 3 faces total (57%)
    _louv_7: 3 members, 1 in dominant face, 3 faces total (33%)
    _louv_4: 2 members, 1 in dominant face, 2 faces total (50%)
[face-density] 28 micro-faces (size<50), top 10 hot regions (macro 64x64 cells):
  region (22,14): 9 micro-faces, world (6784,3592)-(7104,3912)
  region (9,10): 7 micro-faces, world (2624,2312)-(2944,2632)
  region (11,16): 6 micro-faces, world (3264,4232)-(3584,4551)
  region (28,5): 2 micro-faces, world (8704,712)-(9024,1032)
  region (22,15): 2 micro-faces, world (6784,3912)-(7104,4232)
  region (18,16): 2 micro-faces, world (5504,4232)-(5824,4551)
[face-ppm] Wrote /tmp/face-raster.ppm (2156x1952, downsampled from 2156x1952 by 1)
[face-untangle] 3 target clusters, 6 strays, 2 moved (poly cross 11 → 7, 4 fewer)
[stuck-leaf-2d] pass 1: 0 candidates, 0 moved, 0 cost units resolved.
[stuck-leaf-2d] 0 candidates, 0 moved, 0 cost units resolved (poly cross 7 → 7, 0 fewer)
[hot-region-sa] 0 hot cells (≥4 cross, 7 cross pts), top 0 processed, 0/0 swap accepted (cross 7 → 7, 0 fewer)
