[community] algorithm=louvain communities=38 meta=3
[hub-bias] Super-graph: pushed 1 high-deg cluster roots to 1.4x avgR.
[cg-time] 7ms post-hub-bias
[cg-time] 30ms pre-§10-outward-radial
[cg-time] 30ms pre-§11-compose
[cg-time] 30ms pre-§12-pruning-reattach
[cg-time] 30ms pre-§13-cluster-swap
[cg-time] 65ms pre-§14-chain-straightening
[cg-time] 65ms pre-§15-pruned-cross-min
[§15.5] Optimized 11 alone-root+independent nodes (1 moves).
[cg-time] 65ms pre-bus-bundle
[bus-bundle] Created 1 bus bundles (2 members, sig ≥ 2 roots).
[xings-hotspot] total=86 xings across 54 offending edges (of 123)
  edge app3.M4↔app7.M2 xings=11 cluster=(?,?)
  edge app2.M4↔app3.M0 xings=10 cluster=(?,_louv_20)
  edge app0.M0↔app0.M3 xings=8 cluster=(_louv_0,?)
  edge app2.M0↔app2.M9 xings=8 cluster=(_louv_13,?)
  edge app3.M3↔app3.M5 xings=6 cluster=(?,_louv_20)
  edge app2.M4↔app8.M6 xings=6 cluster=(?,?)
  edge app8.M0↔app8.M8 xings=6 cluster=(_louv_26,?)
  edge app1.M2↔app1.M8 xings=5 cluster=(?,_louv_10)
[xings-hotspot] top cluster signatures:
  {?|_louv_20} xings=7
  {?|_louv_26} xings=4
  {?|_louv_20|_louv_23} xings=4
  {?} xings=3
  {?|_louv_10|_louv_20} xings=3
  {?|_louv_0|_louv_20} xings=3
  {?|_louv_5} xings=3
  {?|_louv_0} xings=3
[knot-min] Accepted 12 spatial swaps among 90 candidates.
[knot-min-2opt] Accepted 7 cross-targeted swaps.
[carrier-pre] 124 edges → 63 distinct carriers (cost-side filter).
[leaf-untangle] candidates=52, with-cross=11, moved=5, crossings-resolved=12.
[leaf-untangle] candidates=52, with-cross=7, moved=0, crossings-resolved=0.
[stuck-leaf-diag] 13 candidates with cost>0 (top 15 below):
  cost=21 deg=3 node=app1.M2 parent=app1.M0 nbrs={app1.M0,app1.M8,app1.M4}
  cost=13 deg=2 node=app1.M11 parent=app1.M0 nbrs={app1.M0,app7.M1}
  cost=9 deg=2 node=app9.M7 parent=app9.M0 nbrs={app9.M0,app1.M8}
  cost=5 deg=2 node=app1.M8 parent=app1.M2 nbrs={app1.M2,app9.M7}
  cost=4 deg=3 node=app1.M9 parent=app1.M0 nbrs={app1.M0,app1.M7,app0.M0}
  cost=4 deg=3 node=app3.M5 parent=app3.M0 nbrs={app3.M0,app3.M3,app8.M2}
  cost=3 deg=2 node=app1.M10 parent=app1.M0 nbrs={app1.M0,app1.Note11}
  cost=3 deg=2 node=app1.M12 parent=app1.M4 nbrs={app1.M13,app1.M4}
  cost=2 deg=2 node=app1.M7 parent=app0.M0 nbrs={app1.M9,app0.M0}
  cost=2 deg=2 node=app3.M6 parent=app3.M0 nbrs={app3.M0,app3.M3}
  cost=1 deg=3 node=app5.M1 parent=app5.M0 nbrs={app5.M0,app5.M4,app6.M2}
  cost=1 deg=2 node=app6.M2 parent=app6.M0 nbrs={app6.M0,app5.M1}
  cost=1 deg=2 node=app9.M5 parent=app4.M3 nbrs={app9.M6,app4.M3}
[pd-knot] 57 polyline cross pairs, 0 resolved via endpoint swap.
[xings-detour] iters=2 initial-poly-pairs=59 accepted=1 (multi-seg, density-aware, polyline detect, iterative).
[visual-knot] 57→56 cross points, 3→2 hot cells (≥3), 5 handled, 1 swap accepted.
[leaf-untangle] candidates=52, with-cross=8, moved=0, crossings-resolved=0.
[stuck-leaf-diag] 14 candidates with cost>0 (top 15 below):
  cost=21 deg=3 node=app1.M2 parent=app1.M0 nbrs={app1.M0,app1.M8,app1.M4}
  cost=13 deg=2 node=app1.M11 parent=app1.M0 nbrs={app1.M0,app7.M1}
  cost=9 deg=2 node=app9.M7 parent=app9.M0 nbrs={app9.M0,app1.M8}
  cost=5 deg=2 node=app1.M8 parent=app1.M2 nbrs={app1.M2,app9.M7}
  cost=4 deg=3 node=app1.M9 parent=app1.M0 nbrs={app1.M0,app1.M7,app0.M0}
  cost=4 deg=3 node=app3.M5 parent=app3.M0 nbrs={app3.M0,app3.M3,app8.M2}
  cost=3 deg=2 node=app1.M10 parent=app1.M0 nbrs={app1.M0,app1.Note11}
  cost=3 deg=2 node=app1.M12 parent=app1.M4 nbrs={app1.M13,app1.M4}
  cost=2 deg=2 node=app3.M6 parent=app3.M0 nbrs={app3.M0,app3.M3}
  cost=1 deg=2 node=app1.M7 parent=app0.M0 nbrs={app1.M9,app0.M0}
  cost=1 deg=1 node=app2.M6 parent=app8.M8 nbrs={app8.M8}
  cost=1 deg=3 node=app5.M1 parent=app5.M0 nbrs={app5.M0,app5.M4,app6.M2}
  cost=1 deg=2 node=app6.M2 parent=app6.M0 nbrs={app6.M0,app5.M1}
  cost=1 deg=2 node=app9.M5 parent=app4.M3 nbrs={app9.M6,app4.M3}
[carrier-cross] segment 56 -> carrier-grouped 49 (-12%). Carriers: 62 total (3 bundle + 39 cluster-pair + 20 individual).
[isolated-stash] Stashed 6 edge-less nodes in 6-column strip at x>=27541.
[face-raster] grid 6068x7261 (cell 5.0x5.0 units), 832 faces, 43889664 bg cells (99.6% of grid)
  face #1: 33291525 cells (75.9%), bbox 6068x7261 @ (0,0)
  face #519: 1651977 cells (3.8%), bbox 1466x1725 @ (1531,3256)
  face #518: 1023777 cells (2.3%), bbox 1749x1342 @ (231,3219)
  face #297: 814258 cells (1.9%), bbox 1021x1298 @ (1982,2501)
  face #362: 570411 cells (1.3%), bbox 948x2276 @ (3799,2601)
  face #583: 545165 cells (1.2%), bbox 557x1340 @ (2942,3868)
  face #695: 488539 cells (1.1%), bbox 775x1346 @ (3474,4065)
  face #27: 327840 cells (0.7%), bbox 725x1160 @ (2282,1411)
[face-cohesion] 19 clusters analysed, 5 low-cohesion (<60% in dominant face)
  cohesion histogram:
     20%- 29%: 1 clusters
     40%- 49%: 1 clusters
     50%- 59%: 3 clusters
     60%- 69%: 2 clusters
     70%- 79%: 1 clusters
     80%- 89%: 1 clusters
    100%-100%: 10 clusters
  top 5 low-cohesion clusters (largest first):
    _louv_26: 5 members, 2 in dominant face, 4 faces total (40%)
    _louv_27: 4 members, 2 in dominant face, 3 faces total (50%)
    _louv_20: 4 members, 1 in dominant face, 4 faces total (25%)
    _louv_4: 2 members, 1 in dominant face, 2 faces total (50%)
    _louv_0: 2 members, 1 in dominant face, 2 faces total (50%)
[face-density] 726 micro-faces (size<50), top 10 hot regions (macro 64x64 cells):
  region (58,39): 41 micro-faces, world (17890,11732)-(18210,12052)
  region (59,40): 40 micro-faces, world (18210,12052)-(18530,12372)
  region (57,37): 40 micro-faces, world (17570,11092)-(17890,11412)
  region (60,62): 37 micro-faces, world (18530,19091)-(18850,19411)
  region (59,61): 31 micro-faces, world (18210,18771)-(18530,19091)
  region (60,42): 30 micro-faces, world (18530,12692)-(18850,13012)
  region (60,63): 26 micro-faces, world (18530,19411)-(18850,19731)
  region (56,36): 24 micro-faces, world (17250,10772)-(17570,11092)
  region (59,41): 23 micro-faces, world (18210,12372)-(18530,12692)
  region (58,38): 22 micro-faces, world (17890,11412)-(18210,11732)
[face-ppm] Wrote /tmp/face-raster.ppm (3034x3630, downsampled from 6068x7261 by 2)
[face-untangle] 5 target clusters, 9 strays, 4 moved (poly cross 56 → 54, 2 fewer)
[stuck-leaf-2d] pass 1: 1 candidates, 0 moved, 0 cost units resolved.
[stuck-leaf-2d] 1 candidates, 0 moved, 0 cost units resolved (poly cross 54 → 54, 0 fewer)
[hot-region-sa] 1 hot cells (≥4 cross, 54 cross pts), top 1 processed, 6/163 swap accepted (cross 54 → 54, 0 fewer)
