[community] algorithm=louvain communities=77 meta=4
[hub-bias] Super-graph: pushed 9 high-deg cluster roots to 1.4x avgR.
[cg-time] 5ms post-hub-bias
[cg-time] 31ms pre-§10-outward-radial
[cg-time] 31ms pre-§11-compose
[cg-time] 31ms pre-§12-pruning-reattach
[cg-time] 31ms pre-§13-cluster-swap
[cg-time] 667ms pre-§14-chain-straightening
[cg-time] 667ms pre-§15-pruned-cross-min
[§15.5] Optimized 17 alone-root+independent nodes (5 moves).
[cg-time] 670ms pre-bus-bundle
[xings-hotspot] total=285 xings across 131 offending edges (of 271)
  edge app0.M4↔app11.M2 xings=18 cluster=(_louv_3,?)
  edge core.Hub0↔app17.M0 xings=14 cluster=(_louv_0,_louv_73)
  edge core.Hub1↔app0.M0 xings=14 cluster=(_louv_1,_louv_3)
  edge app14.M0↔app15.M4 xings=13 cluster=(_louv_69,_louv_10)
  edge core.Hub0↔app13.M0 xings=13 cluster=(_louv_0,_louv_65)
  edge app4.M1↔app15.M4 xings=13 cluster=(?,_louv_10)
  edge app11.M1↔app16.M4 xings=12 cluster=(_louv_63,_louv_0)
  edge app0.M6↔app16.M1 xings=12 cluster=(?,_louv_67)
[xings-hotspot] top cluster signatures:
  {?|_louv_0|_louv_26} xings=5
  {?|_louv_3|_louv_32} xings=5
  {?|_louv_10|_louv_3} xings=4
  {?|_louv_0|_louv_63|_louv_64} xings=4
  {?|_louv_3} xings=3
  {?|_louv_18|_louv_19} xings=3
  {?|_louv_10|_louv_67} xings=3
  {?|_louv_26|_louv_3} xings=3
[knot-min] Accepted 49 spatial swaps among 213 candidates.
[knot-min-2opt] Accepted 1 cross-targeted swaps.
[carrier-pre] 280 edges → 177 distinct carriers (cost-side filter).
[leaf-untangle] candidates=123, with-cross=45, moved=37, crossings-resolved=122.
[leaf-untangle] candidates=123, with-cross=23, moved=11, crossings-resolved=22.
[leaf-untangle] candidates=123, with-cross=19, moved=5, crossings-resolved=8.
[leaf-untangle] candidates=123, with-cross=16, moved=0, crossings-resolved=0.
[stuck-leaf-diag] 16 candidates with cost>0 (top 15 below):
  cost=14 deg=3 node=app11.M1 parent=app11.M0 nbrs={app11.M0,app11.M2,app16.M4}
  cost=12 deg=3 node=app6.M2 parent=app6.M0 nbrs={app6.M0,app6.M8,app14.M0}
  cost=3 deg=3 node=app3.M4 parent=app3.M0 nbrs={app3.M0,app3.M1,app3.M11}
  cost=3 deg=2 node=app3.M11 parent=app0.M3 nbrs={app3.M4,app0.M3}
  cost=3 deg=2 node=app8.M2 parent=app8.M0 nbrs={app8.M0,app8.M8}
  cost=2 deg=2 node=app1.M2 parent=app1.M0 nbrs={app1.M0,app17.M1}
  cost=2 deg=2 node=app1.M13 parent=app1.M0 nbrs={app1.M0,app1.Tag29}
  cost=2 deg=3 node=app8.M7 parent=app8.M0 nbrs={app8.M0,app8.M5,app14.M2}
  cost=2 deg=2 node=app9.M4 parent=app9.M0 nbrs={app9.M0,app9.M11}
  cost=2 deg=3 node=app9.M11 parent=app9.M0 nbrs={app9.M0,app9.M4,app9.M10}
  cost=2 deg=2 node=app17.M1 parent=app17.M0 nbrs={app17.M0,app1.M2}
  cost=2 deg=1 node=app1.Tag29 parent=app1.M13 nbrs={app1.M13}
  cost=1 deg=2 node=app0.M5 parent=app0.M0 nbrs={app0.M0,app0.M6}
  cost=1 deg=2 node=app8.M4 parent=app8.M0 nbrs={app8.M0,app8.Address4}
  cost=1 deg=3 node=app13.M6 parent=app13.M0 nbrs={app13.M0,app13.M10,app1.M10}
[pd-knot] 198 polyline cross pairs, 2 resolved via endpoint swap.
[xings-detour] iters=2 initial-poly-pairs=205 accepted=2 (multi-seg, density-aware, polyline detect, iterative).
[visual-knot] 203→203 cross points, 8→8 hot cells (≥3), 8 handled, 0 swap accepted.
[leaf-untangle] candidates=123, with-cross=18, moved=3, crossings-resolved=8.
[leaf-untangle] candidates=123, with-cross=17, moved=1, crossings-resolved=1.
[leaf-untangle] candidates=123, with-cross=17, moved=0, crossings-resolved=0.
[stuck-leaf-diag] 17 candidates with cost>0 (top 15 below):
  cost=13 deg=3 node=app11.M1 parent=app11.M0 nbrs={app11.M0,app11.M2,app16.M4}
  cost=11 deg=3 node=app6.M2 parent=app6.M0 nbrs={app6.M0,app6.M8,app14.M0}
  cost=3 deg=3 node=app3.M4 parent=app3.M0 nbrs={app3.M0,app3.M1,app3.M11}
  cost=3 deg=2 node=app3.M11 parent=app0.M3 nbrs={app3.M4,app0.M3}
  cost=3 deg=2 node=app8.M2 parent=app8.M0 nbrs={app8.M0,app8.M8}
  cost=2 deg=2 node=app1.M2 parent=app1.M0 nbrs={app1.M0,app17.M1}
  cost=2 deg=2 node=app1.M13 parent=app1.M0 nbrs={app1.M0,app1.Tag29}
  cost=2 deg=2 node=app6.M6 parent=app12.M5 nbrs={app6.Tag5,app12.M5}
  cost=2 deg=3 node=app8.M7 parent=app8.M0 nbrs={app8.M0,app8.M5,app14.M2}
  cost=2 deg=2 node=app9.M4 parent=app9.M0 nbrs={app9.M0,app9.M11}
  cost=2 deg=3 node=app9.M11 parent=app9.M0 nbrs={app9.M0,app9.M4,app9.M10}
  cost=2 deg=2 node=app17.M1 parent=app17.M0 nbrs={app17.M0,app1.M2}
  cost=2 deg=1 node=app1.Tag29 parent=app1.M13 nbrs={app1.M13}
  cost=1 deg=2 node=app0.M5 parent=app0.M0 nbrs={app0.M0,app0.M6}
  cost=1 deg=2 node=app8.M4 parent=app8.M0 nbrs={app8.M0,app8.Address4}
[isolated-stash] Stashed 8 edge-less nodes in 6-column strip at x>=29756.
[face-raster] grid 5048x4410 (cell 5.0x5.0 units), 922 faces, 22019994 bg cells (98.9% of grid)
  face #1: 15108061 cells (68.6%), bbox 5048x4410 @ (0,0)
  face #473: 766244 cells (3.5%), bbox 2254x1184 @ (181,2434)
  face #653: 478378 cells (2.2%), bbox 659x1655 @ (3369,2647)
  face #335: 351495 cells (1.6%), bbox 900x775 @ (2848,1978)
  face #659: 329211 cells (1.5%), bbox 830x723 @ (3028,2675)
  face #456: 319426 cells (1.5%), bbox 796x848 @ (1794,2314)
  face #459: 309421 cells (1.4%), bbox 1011x709 @ (1083,2339)
  face #101: 280284 cells (1.3%), bbox 780x488 @ (3013,1360)
[face-cohesion] 56 clusters analysed, 23 low-cohesion (<60% in dominant face)
  cohesion histogram:
     20%- 29%: 2 clusters
     30%- 39%: 5 clusters
     50%- 59%: 16 clusters
     60%- 69%: 7 clusters
     70%- 79%: 1 clusters
    100%-100%: 25 clusters
  top 10 low-cohesion clusters (largest first):
    _louv_73: 7 members, 2 in dominant face, 6 faces total (29%)
    _louv_51: 4 members, 2 in dominant face, 3 faces total (50%)
    _louv_45: 4 members, 2 in dominant face, 3 faces total (50%)
    _louv_64: 4 members, 2 in dominant face, 3 faces total (50%)
    _louv_59: 4 members, 2 in dominant face, 3 faces total (50%)
    _louv_3: 4 members, 1 in dominant face, 4 faces total (25%)
    _louv_32: 3 members, 1 in dominant face, 3 faces total (33%)
    _louv_6: 3 members, 1 in dominant face, 3 faces total (33%)
    _louv_1: 3 members, 1 in dominant face, 3 faces total (33%)
    _louv_63: 3 members, 1 in dominant face, 3 faces total (33%)
[face-density] 613 micro-faces (size<50), top 10 hot regions (macro 64x64 cells):
  region (33,40): 34 micro-faces, world (17151,12326)-(17470,12646)
  region (32,40): 31 micro-faces, world (16831,12326)-(17151,12646)
  region (35,55): 26 micro-faces, world (17790,17126)-(18110,17446)
  region (31,38): 26 micro-faces, world (16511,11686)-(16831,12006)
  region (24,51): 25 micro-faces, world (14271,15846)-(14591,16166)
  region (27,52): 25 micro-faces, world (15231,16166)-(15551,16486)
  region (25,51): 24 micro-faces, world (14591,15846)-(14911,16166)
  region (22,50): 22 micro-faces, world (13631,15526)-(13951,15846)
  region (26,52): 20 micro-faces, world (14911,16166)-(15231,16486)
  region (45,23): 19 micro-faces, world (20990,6887)-(21310,7207)
[face-ppm] Wrote /tmp/face-raster.ppm (2524x2205, downsampled from 5048x4410 by 2)
[face-untangle] 22 target clusters, 32 strays, 2 moved (poly cross 202 → 201, 1 fewer)
[stuck-leaf-2d] pass 1: 1 candidates, 1 moved, 2 cost units resolved.
[stuck-leaf-2d] pass 2: 0 candidates, 0 moved, 0 cost units resolved.
[stuck-leaf-2d] 0 candidates, 1 moved, 2 cost units resolved (poly cross 201 → 199, 2 fewer)
[hot-region-sa] 14 hot cells (≥4 cross, 199 cross pts), top 5 processed, 123/362 swap accepted (cross 199 → 199, 0 fewer)
