[community] algorithm=louvain communities=20 meta=3
[hub-bias] Super-graph: pushed 2 high-deg cluster roots to 1.4x avgR.
[cg-time] 1ms post-hub-bias
[cg-time] 1ms pre-§10-outward-radial
[cg-time] 1ms pre-§11-compose
[cg-time] 1ms pre-§12-pruning-reattach
[cg-time] 1ms pre-§13-cluster-swap
[cg-time] 3ms pre-§14-chain-straightening
[cg-time] 3ms pre-§15-pruned-cross-min
[§15.5] Optimized 10 alone-root+independent nodes (3 moves).
[cg-time] 3ms pre-bus-bundle
[bus-bundle] Created 1 bus bundles (2 members, sig ≥ 2 roots).
[xings-hotspot] total=21 xings across 20 offending edges (of 57)
  edge core.Hub0↔app3.M0 xings=6 cluster=(?,_louv_0)
  edge app1.M5↔app3.M4 xings=5 cluster=(_louv_10,?)
  edge app0.M4↔app3.M2 xings=4 cluster=(?,_louv_5)
  edge app1.M0↔app1.M10 xings=4 cluster=(_louv_11,?)
  edge app1.M0↔app1.M8 xings=3 cluster=(_louv_11,?)
  edge app0.M0↔app0.M14 xings=2 cluster=(_louv_1,_louv_10)
  edge app1.M0↔app1.M6 xings=2 cluster=(_louv_11,?)
  edge app1.M0↔app1.M11 xings=2 cluster=(_louv_11,?)
[xings-hotspot] top cluster signatures:
  {?|_louv_0|_louv_11} xings=5
  {?|_louv_10|_louv_11} xings=4
  {?|_louv_11|_louv_5} xings=3
  {?|_louv_11} xings=2
  {?|_louv_1|_louv_10} xings=2
  {?} xings=1
  {?|_louv_0} xings=1
  {?|_louv_0|_louv_5} xings=1
[knot-min] Accepted 7 spatial swaps among 43 candidates.
[knot-min-2opt] Accepted 1 cross-targeted swaps.
[carrier-pre] 57 edges → 28 distinct carriers (cost-side filter).
[leaf-untangle] candidates=31, with-cross=14, moved=11, crossings-resolved=51.
[leaf-untangle] candidates=31, with-cross=8, moved=2, crossings-resolved=5.
[leaf-untangle] candidates=31, with-cross=7, moved=0, crossings-resolved=0.
[stuck-leaf-diag] 14 candidates with cost>0 (top 15 below):
  cost=9 deg=3 node=app1.M10 parent=app1.M0 nbrs={app1.M0,app1.M11,app2.M7}
  cost=8 deg=3 node=app1.M8 parent=app1.M0 nbrs={app1.M0,app1.M6,app3.M6}
  cost=7 deg=3 node=app1.M11 parent=app1.M0 nbrs={app1.M0,app1.M10,app3.M6}
  cost=3 deg=1 node=app1.M4 parent=app1.M0 nbrs={app1.M0}
  cost=3 deg=2 node=app1.M5 parent=app3.M4 nbrs={app0.M14,app3.M4}
  cost=3 deg=3 node=app3.M4 parent=app3.M0 nbrs={app3.M0,app3.M1,app1.M5}
  cost=2 deg=3 node=app1.M6 parent=app1.M0 nbrs={app1.M0,app1.M8,app2.M8}
  cost=2 deg=2 node=app1.M7 parent=app1.M0 nbrs={app1.M0,app3.M2}
  cost=1 deg=2 node=app0.M2 parent=app0.M0 nbrs={app0.M0,app0.M5}
  cost=1 deg=2 node=app0.M5 parent=app0.M0 nbrs={app0.M0,app0.M2}
  cost=1 deg=3 node=app0.M12 parent=app0.M0 nbrs={app0.M0,app0.M10,app2.M1}
  cost=1 deg=2 node=app0.M14 parent=app0.M0 nbrs={app0.M0,app1.M5}
  cost=1 deg=3 node=app2.M8 parent=app2.M0 nbrs={app2.M0,app2.M2,app1.M6}
  cost=1 deg=3 node=app3.M1 parent=app1.M0 nbrs={app3.M0,app3.M4,app1.M0}
[pd-knot] 12 polyline cross pairs, 0 resolved via endpoint swap.
[xings-detour] iters=2 initial-poly-pairs=13 accepted=2 (multi-seg, density-aware, polyline detect, iterative).
[visual-knot] 10→10 cross points, 0→0 hot cells (≥3), 0 handled, 0 swap accepted.
[leaf-untangle] candidates=31, with-cross=7, moved=0, crossings-resolved=0.
[stuck-leaf-diag] 14 candidates with cost>0 (top 15 below):
  cost=9 deg=3 node=app1.M10 parent=app1.M0 nbrs={app1.M0,app1.M11,app2.M7}
  cost=8 deg=3 node=app1.M8 parent=app1.M0 nbrs={app1.M0,app1.M6,app3.M6}
  cost=7 deg=3 node=app1.M11 parent=app1.M0 nbrs={app1.M0,app1.M10,app3.M6}
  cost=3 deg=1 node=app1.M4 parent=app1.M0 nbrs={app1.M0}
  cost=3 deg=2 node=app1.M5 parent=app3.M4 nbrs={app0.M14,app3.M4}
  cost=3 deg=3 node=app3.M4 parent=app3.M0 nbrs={app3.M0,app3.M1,app1.M5}
  cost=2 deg=3 node=app1.M6 parent=app1.M0 nbrs={app1.M0,app1.M8,app2.M8}
  cost=2 deg=2 node=app1.M7 parent=app1.M0 nbrs={app1.M0,app3.M2}
  cost=1 deg=2 node=app0.M2 parent=app0.M0 nbrs={app0.M0,app0.M5}
  cost=1 deg=2 node=app0.M5 parent=app0.M0 nbrs={app0.M0,app0.M2}
  cost=1 deg=3 node=app0.M12 parent=app0.M0 nbrs={app0.M0,app0.M10,app2.M1}
  cost=1 deg=2 node=app0.M14 parent=app0.M0 nbrs={app0.M0,app1.M5}
  cost=1 deg=3 node=app2.M8 parent=app2.M0 nbrs={app2.M0,app2.M2,app1.M6}
  cost=1 deg=3 node=app3.M1 parent=app1.M0 nbrs={app3.M0,app3.M4,app1.M0}
[carrier-cross] segment 11 -> carrier-grouped 9 (-18%). Carriers: 27 total (2 bundle + 17 cluster-pair + 8 individual).
[isolated-stash] Stashed 4 edge-less nodes in 6-column strip at x>=9558.
[face-raster] grid 2219x2790 (cell 5.0x5.0 units), 84 faces, 6130127 bg cells (99.0% of grid)
  face #1: 5088980 cells (83.0%), bbox 2219x2790 @ (0,0)
  face #6: 175546 cells (2.9%), bbox 626x739 @ (1213,140)
  face #20: 116352 cells (1.9%), bbox 274x825 @ (1394,443)
  face #45: 106807 cells (1.7%), bbox 314x659 @ (1063,1254)
  face #24: 99767 cells (1.6%), bbox 217x962 @ (1520,761)
  face #8: 68114 cells (1.1%), bbox 301x610 @ (1546,147)
  face #52: 67745 cells (1.1%), bbox 447x416 @ (1113,1497)
  face #33: 53874 cells (0.9%), bbox 373x384 @ (878,867)
[face-cohesion] 7 clusters analysed, 3 low-cohesion (<60% in dominant face)
  cohesion histogram:
     30%- 39%: 1 clusters
     50%- 59%: 2 clusters
    100%-100%: 4 clusters
  top 3 low-cohesion clusters (largest first):
    _louv_11: 4 members, 2 in dominant face, 3 faces total (50%)
    _louv_0: 3 members, 1 in dominant face, 3 faces total (33%)
    _louv_10: 2 members, 1 in dominant face, 2 faces total (50%)
[face-density] 45 micro-faces (size<50), top 10 hot regions (macro 64x64 cells):
  region (25,25): 15 micro-faces, world (7737,7681)-(8057,8000)
  region (28,2): 6 micro-faces, world (8697,323)-(9017,642)
  region (12,11): 5 micro-faces, world (3578,3202)-(3898,3522)
  region (24,24): 5 micro-faces, world (7417,7361)-(7737,7681)
  region (12,12): 3 micro-faces, world (3578,3522)-(3898,3842)
  region (12,14): 3 micro-faces, world (3578,4162)-(3898,4481)
  region (12,15): 2 micro-faces, world (3578,4481)-(3898,4801)
  region (29,1): 1 micro-faces, world (9017,3)-(9337,323)
  region (12,13): 1 micro-faces, world (3578,3842)-(3898,4162)
  region (23,20): 1 micro-faces, world (7097,6081)-(7417,6401)
[face-ppm] Wrote /tmp/face-raster.ppm (2219x2790, downsampled from 2219x2790 by 1)
[face-untangle] 3 target clusters, 5 strays, 1 moved (poly cross 10 → 9, 1 fewer)
[stuck-leaf-2d] pass 1: 0 candidates, 0 moved, 0 cost units resolved.
[stuck-leaf-2d] 0 candidates, 0 moved, 0 cost units resolved (poly cross 9 → 9, 0 fewer)
[hot-region-sa] 0 hot cells (≥4 cross, 9 cross pts), top 0 processed, 0/0 swap accepted (cross 9 → 9, 0 fewer)
