[community] algorithm=louvain communities=44 meta=4
[hub-bias] Super-graph: pushed 4 high-deg cluster roots to 1.4x avgR.
[cg-time] 2ms post-hub-bias
[cg-time] 19ms pre-§10-outward-radial
[cg-time] 19ms pre-§11-compose
[cg-time] 19ms pre-§12-pruning-reattach
[cg-time] 19ms pre-§13-cluster-swap
[cg-time] 76ms pre-§14-chain-straightening
[cg-time] 76ms pre-§15-pruned-cross-min
[§15.5] Optimized 28 alone-root+independent nodes (7 moves).
[cg-time] 78ms pre-bus-bundle
[bus-bundle] Created 1 bus bundles (2 members, sig ≥ 2 roots).
[xings-hotspot] total=70 xings across 52 offending edges (of 140)
  edge app10.M0↔app10.M1 xings=9 cluster=(_louv_40,_louv_35)
  edge app5.M1↔app10.M7 xings=7 cluster=(_louv_23,?)
  edge app6.M6↔app6.M9 xings=6 cluster=(_louv_26,?)
  edge core.Hub0↔app9.M0 xings=6 cluster=(_louv_0,_louv_36)
  edge app1.M7↔app10.M7 xings=6 cluster=(?,?)
  edge app0.M0↔app0.M4 xings=6 cluster=(_louv_1,?)
  edge core.Hub0↔app1.M0 xings=5 cluster=(_louv_0,_louv_6)
  edge app6.M0↔app6.M5 xings=5 cluster=(_louv_25,?)
[xings-hotspot] top cluster signatures:
  {?|_louv_23|_louv_35} xings=4
  {?|_louv_23} xings=4
  {?|_louv_2} xings=3
  {?} xings=3
  {?|_louv_1|_louv_26} xings=3
  {?|_louv_0|_louv_34} xings=2
  {?|_louv_0} xings=2
  {?|_louv_35|_louv_40} xings=2
[knot-min] Accepted 20 spatial swaps among 106 candidates.
[carrier-pre] 140 edges → 67 distinct carriers (cost-side filter).
[leaf-untangle] candidates=59, with-cross=25, moved=23, crossings-resolved=65.
[leaf-untangle] candidates=59, with-cross=7, moved=1, crossings-resolved=1.
[leaf-untangle] candidates=59, with-cross=6, moved=0, crossings-resolved=0.
[stuck-leaf-diag] 9 candidates with cost>0 (top 15 below):
  cost=12 deg=2 node=app0.M7 parent=app0.M0 nbrs={app0.M0,app0.Asset14}
  cost=4 deg=2 node=app0.M9 parent=app0.M0 nbrs={app0.M0,app0.M1}
  cost=4 deg=3 node=app1.M5 parent=app1.M0 nbrs={app1.M0,app1.M7,app3.M2}
  cost=3 deg=2 node=app4.M2 parent=app4.M0 nbrs={app4.M0,app4.Asset21}
  cost=3 deg=1 node=app0.Note18 parent=app0.M0 nbrs={app0.M0}
  cost=2 deg=2 node=app4.M1 parent=app6.M0 nbrs={app6.M0,app2.M0}
  cost=2 deg=3 node=app6.M4 parent=app6.M0 nbrs={app6.M0,app6.M9,app6.M3}
  cost=1 deg=3 node=app1.M1 parent=app1.M0 nbrs={app1.M0,app1.M3,app1.M2}
  cost=1 deg=2 node=app2.M0 parent=app2.M1 nbrs={app2.M1,app4.M1}
[pd-knot] 46 polyline cross pairs, 0 resolved via endpoint swap.
[xings-detour] iters=2 initial-poly-pairs=45 accepted=1 (multi-seg, density-aware, polyline detect, iterative).
[visual-knot] 42→42 cross points, 1→1 hot cells (≥3), 1 handled, 0 swap accepted.
[leaf-untangle] candidates=59, with-cross=6, moved=0, crossings-resolved=0.
[stuck-leaf-diag] 9 candidates with cost>0 (top 15 below):
  cost=12 deg=2 node=app0.M7 parent=app0.M0 nbrs={app0.M0,app0.Asset14}
  cost=4 deg=2 node=app0.M9 parent=app0.M0 nbrs={app0.M0,app0.M1}
  cost=4 deg=3 node=app1.M5 parent=app1.M0 nbrs={app1.M0,app1.M7,app3.M2}
  cost=3 deg=2 node=app4.M2 parent=app4.M0 nbrs={app4.M0,app4.Asset21}
  cost=3 deg=1 node=app0.Note18 parent=app0.M0 nbrs={app0.M0}
  cost=2 deg=2 node=app4.M1 parent=app6.M0 nbrs={app6.M0,app2.M0}
  cost=2 deg=3 node=app6.M4 parent=app6.M0 nbrs={app6.M0,app6.M9,app6.M3}
  cost=1 deg=3 node=app1.M1 parent=app1.M0 nbrs={app1.M0,app1.M3,app1.M2}
  cost=1 deg=2 node=app2.M0 parent=app2.M1 nbrs={app2.M1,app4.M1}
[carrier-cross] segment 44 -> carrier-grouped 31 (-30%). Carriers: 65 total (2 bundle + 42 cluster-pair + 21 individual).
[isolated-stash] Stashed 5 edge-less nodes in 6-column strip at x>=19453.
[face-raster] grid 4323x2130 (cell 5.0x5.0 units), 295 faces, 9094989 bg cells (98.8% of grid)
  face #1: 7495273 cells (82.4%), bbox 4323x2130 @ (0,0)
  face #179: 256629 cells (2.8%), bbox 855x855 @ (1476,1161)
  face #212: 220691 cells (2.4%), bbox 1603x798 @ (2106,1218)
  face #45: 115267 cells (1.3%), bbox 1161x358 @ (1111,692)
  face #9: 111764 cells (1.2%), bbox 697x407 @ (2436,408)
  face #2: 92863 cells (1.0%), bbox 661x273 @ (2718,282)
  face #51: 76662 cells (0.8%), bbox 301x502 @ (1934,719)
  face #11: 70767 cells (0.8%), bbox 323x489 @ (2258,411)
[face-cohesion] 21 clusters analysed, 5 low-cohesion (<60% in dominant face)
  cohesion histogram:
     30%- 39%: 3 clusters
     50%- 59%: 2 clusters
     60%- 69%: 4 clusters
    100%-100%: 12 clusters
  top 5 low-cohesion clusters (largest first):
    _louv_1: 6 members, 2 in dominant face, 5 faces total (33%)
    _louv_25: 4 members, 2 in dominant face, 3 faces total (50%)
    _louv_26: 3 members, 1 in dominant face, 3 faces total (33%)
    _louv_6: 3 members, 1 in dominant face, 3 faces total (33%)
    _louv_0: 2 members, 1 in dominant face, 2 faces total (50%)
[face-density] 195 micro-faces (size<50), top 10 hot regions (macro 64x64 cells):
  region (56,21): 25 micro-faces, world (17456,6465)-(17776,6785)
  region (54,20): 18 micro-faces, world (16816,6145)-(17136,6465)
  region (33,11): 16 micro-faces, world (10096,3266)-(10416,3586)
  region (34,18): 13 micro-faces, world (10416,5505)-(10736,5825)
  region (43,11): 10 micro-faces, world (13296,3266)-(13616,3586)
  region (33,12): 10 micro-faces, world (10096,3586)-(10416,3906)
  region (43,13): 9 micro-faces, world (13296,3906)-(13616,4226)
  region (38,6): 7 micro-faces, world (11696,1667)-(12016,1986)
  region (56,22): 7 micro-faces, world (17456,6785)-(17776,7105)
  region (32,31): 6 micro-faces, world (9776,9664)-(10096,9984)
[face-ppm] Wrote /tmp/face-raster.ppm (2161x1065, downsampled from 4323x2130 by 2)
[face-untangle] 5 target clusters, 11 strays, 0 moved (poly cross 42 → 42, 0 fewer)
[stuck-leaf-2d] pass 1: 0 candidates, 0 moved, 0 cost units resolved.
[stuck-leaf-2d] 0 candidates, 0 moved, 0 cost units resolved (poly cross 42 → 42, 0 fewer)
[hot-region-sa] 3 hot cells (≥4 cross, 42 cross pts), top 3 processed, 22/131 swap accepted (cross 42 → 42, 0 fewer)
