[community] algorithm=louvain communities=38 meta=5
[hub-bias] Super-graph: pushed 3 high-deg cluster roots to 1.4x avgR.
[cg-time] 4ms post-hub-bias
[cg-time] 10ms pre-§10-outward-radial
[cg-time] 10ms pre-§11-compose
[cg-time] 11ms pre-§12-pruning-reattach
[cg-time] 11ms pre-§13-cluster-swap
[cg-time] 65ms pre-§14-chain-straightening
[cg-time] 65ms pre-§15-pruned-cross-min
[§15.5] Optimized 11 alone-root+independent nodes (3 moves).
[cg-time] 66ms pre-bus-bundle
[bus-bundle] Created 1 bus bundles (2 members, sig ≥ 2 roots).
[xings-hotspot] total=113 xings across 58 offending edges (of 128)
  edge app8.M0↔app8.M1 xings=15 cluster=(_louv_33,?)
  edge app8.M0↔app8.M5 xings=14 cluster=(_louv_33,?)
  edge app3.M0↔app3.M1 xings=13 cluster=(_louv_0,_louv_17)
  edge app0.M6↔app3.M7 xings=12 cluster=(?,?)
  edge core.Hub1↔app6.M0 xings=11 cluster=(?,_louv_30)
  edge app0.M4↔app1.M13 xings=10 cluster=(?,_louv_7)
  edge app0.M5↔app5.M7 xings=8 cluster=(?,?)
  edge app2.M0↔app5.M7 xings=8 cluster=(_louv_13,?)
[xings-hotspot] top cluster signatures:
  {?|_louv_30} xings=8
  {?|_louv_33|_louv_7} xings=8
  {?|_louv_33} xings=8
  {?|_louv_13|_louv_33} xings=6
  {?|_louv_30|_louv_32} xings=4
  {?|_louv_13|_louv_7} xings=4
  {?|_louv_32} xings=4
  {?|_louv_0} xings=3
[knot-min] Accepted 9 spatial swaps among 96 candidates.
[knot-min-2opt] Accepted 4 cross-targeted swaps.
[carrier-pre] 130 edges → 71 distinct carriers (cost-side filter).
[leaf-untangle] candidates=55, with-cross=13, moved=7, crossings-resolved=22.
[leaf-untangle] candidates=55, with-cross=10, moved=2, crossings-resolved=9.
[leaf-untangle] candidates=55, with-cross=9, moved=0, crossings-resolved=0.
[stuck-leaf-diag] 14 candidates with cost>0 (top 15 below):
  cost=10 deg=2 node=app3.M1 parent=app3.M0 nbrs={app3.M0,app6.M3}
  cost=8 deg=3 node=app8.M1 parent=app8.M0 nbrs={app8.M0,app8.M5,app4.M3}
  cost=6 deg=3 node=app1.M12 parent=app1.M0 nbrs={app1.M0,app1.M11,app8.M11}
  cost=4 deg=2 node=app1.M3 parent=app1.M0 nbrs={app1.M0,app2.M1}
  cost=4 deg=3 node=app1.M11 parent=app1.M0 nbrs={app1.M0,app1.M12,app4.M4}
  cost=4 deg=2 node=app2.M5 parent=app2.M0 nbrs={app2.M0,app2.M3}
  cost=3 deg=1 node=app1.M2 parent=app1.M0 nbrs={app1.M0}
  cost=3 deg=1 node=app1.M10 parent=app1.M0 nbrs={app1.M0}
  cost=3 deg=3 node=app8.M11 parent=app8.M0 nbrs={app8.M0,app8.M3,app1.M12}
  cost=2 deg=3 node=app7.M2 parent=app7.M0 nbrs={app7.M0,app2.M3,app6.M2}
  cost=1 deg=2 node=app0.M3 parent=app0.M0 nbrs={app0.M0,app0.M4}
  cost=1 deg=2 node=app6.M1 parent=app6.M0 nbrs={app6.M0,app6.M4}
  cost=1 deg=2 node=app6.M3 parent=app3.M1 nbrs={app3.M1,app8.M2}
  cost=1 deg=2 node=app8.M2 parent=app8.M0 nbrs={app8.M0,app6.M3}
[pd-knot] 93 polyline cross pairs, 3 resolved via endpoint swap.
[xings-detour] iters=2 initial-poly-pairs=81 accepted=1 (multi-seg, density-aware, polyline detect, iterative).
[visual-knot] 76→76 cross points, 2→2 hot cells (≥3), 2 handled, 0 swap accepted.
[leaf-untangle] candidates=55, with-cross=11, moved=4, crossings-resolved=26.
[leaf-untangle] candidates=55, with-cross=10, moved=2, crossings-resolved=2.
[leaf-untangle] candidates=55, with-cross=9, moved=0, crossings-resolved=0.
[stuck-leaf-diag] 14 candidates with cost>0 (top 15 below):
  cost=10 deg=2 node=app3.M1 parent=app3.M0 nbrs={app3.M0,app6.M3}
  cost=6 deg=3 node=app1.M12 parent=app1.M0 nbrs={app1.M0,app1.M11,app8.M11}
  cost=4 deg=2 node=app1.M3 parent=app1.M0 nbrs={app1.M0,app2.M1}
  cost=4 deg=3 node=app1.M11 parent=app1.M0 nbrs={app1.M0,app1.M12,app4.M4}
  cost=4 deg=2 node=app2.M5 parent=app2.M0 nbrs={app2.M0,app2.M3}
  cost=3 deg=1 node=app1.M2 parent=app1.M0 nbrs={app1.M0}
  cost=3 deg=1 node=app1.M10 parent=app1.M0 nbrs={app1.M0}
  cost=3 deg=3 node=app8.M11 parent=app8.M0 nbrs={app8.M0,app8.M3,app1.M12}
  cost=2 deg=3 node=app8.M1 parent=app8.M0 nbrs={app8.M0,app8.M5,app4.M3}
  cost=1 deg=2 node=app0.M3 parent=app0.M0 nbrs={app0.M0,app0.M4}
  cost=1 deg=2 node=app6.M1 parent=app6.M0 nbrs={app6.M0,app6.M4}
  cost=1 deg=2 node=app6.M3 parent=app3.M1 nbrs={app3.M1,app8.M2}
  cost=1 deg=3 node=app7.M2 parent=app7.M0 nbrs={app7.M0,app2.M3,app6.M2}
  cost=1 deg=2 node=app8.M2 parent=app8.M0 nbrs={app8.M0,app6.M3}
[carrier-cross] segment 69 -> carrier-grouped 60 (-13%). Carriers: 75 total (2 bundle + 48 cluster-pair + 25 individual).
[isolated-stash] Stashed 5 edge-less nodes in 6-column strip at x>=51430.
[face-raster] grid 11277x8866 (cell 5.6x5.6 units), 290 faces, 99801374 bg cells (99.8% of grid)
  face #1: 79301566 cells (79.5%), bbox 11277x8866 @ (0,0)
  face #11: 4533777 cells (4.5%), bbox 3434x5837 @ (3917,1868)
  face #12: 1527608 cells (1.5%), bbox 2966x1313 @ (1683,2326)
  face #203: 1483403 cells (1.5%), bbox 2166x1862 @ (249,6147)
  face #121: 1406167 cells (1.4%), bbox 1867x3080 @ (246,4928)
  face #179: 885187 cells (0.9%), bbox 958x1535 @ (2114,5896)
  face #279: 679578 cells (0.7%), bbox 1522x1387 @ (2637,6969)
  face #111: 647320 cells (0.6%), bbox 640x2074 @ (3456,4551)
[face-cohesion] 23 clusters analysed, 11 low-cohesion (<60% in dominant face)
  cohesion histogram:
     20%- 29%: 1 clusters
     30%- 39%: 4 clusters
     50%- 59%: 6 clusters
    100%-100%: 12 clusters
  top 10 low-cohesion clusters (largest first):
    _louv_7: 7 members, 4 in dominant face, 4 faces total (57%)
    _louv_32: 4 members, 2 in dominant face, 3 faces total (50%)
    _louv_0: 4 members, 1 in dominant face, 4 faces total (25%)
    _louv_34: 3 members, 1 in dominant face, 3 faces total (33%)
    _louv_30: 3 members, 1 in dominant face, 3 faces total (33%)
    _louv_19: 3 members, 1 in dominant face, 3 faces total (33%)
    _louv_16: 3 members, 1 in dominant face, 3 faces total (33%)
    _louv_10: 2 members, 1 in dominant face, 2 faces total (50%)
    _louv_13: 2 members, 1 in dominant face, 2 faces total (50%)
    _louv_8: 2 members, 1 in dominant face, 2 faces total (50%)
[face-density] 167 micro-faces (size<50), top 10 hot regions (macro 64x64 cells):
  region (67,106): 18 micro-faces, world (14832,37014)-(15191,37373)
  region (53,92): 15 micro-faces, world (9811,31993)-(10170,32352)
  region (63,103): 12 micro-faces, world (13398,35938)-(13756,36297)
  region (60,63): 11 micro-faces, world (12322,21592)-(12680,21951)
  region (72,36): 8 micro-faces, world (16626,11908)-(16984,12267)
  region (64,104): 6 micro-faces, world (13756,36297)-(14115,36656)
  region (100,13): 6 micro-faces, world (26668,3659)-(27027,4018)
  region (59,63): 6 micro-faces, world (11963,21592)-(12322,21951)
  region (63,104): 5 micro-faces, world (13398,36297)-(13756,36656)
  region (46,85): 5 micro-faces, world (7300,29483)-(7659,29841)
[face-ppm] Wrote /tmp/face-raster.ppm (2819x2216, downsampled from 11277x8866 by 4)
[face-untangle] 10 target clusters, 17 strays, 2 moved (poly cross 65 → 62, 3 fewer)
[stuck-leaf-2d] pass 1: 0 candidates, 0 moved, 0 cost units resolved.
[stuck-leaf-2d] 0 candidates, 0 moved, 0 cost units resolved (poly cross 62 → 62, 0 fewer)
[hot-region-sa] 1 hot cells (≥4 cross, 62 cross pts), top 1 processed, 0/0 swap accepted (cross 62 → 62, 0 fewer)
