[community] algorithm=louvain communities=20 meta=3
[hub-bias] Super-graph: pushed 3 high-deg cluster roots to 1.4x avgR.
[cg-time] 1ms post-hub-bias
[cg-time] 1ms pre-§10-outward-radial
[cg-time] 1ms pre-§11-compose
[cg-time] 1ms pre-§12-pruning-reattach
[cg-time] 1ms pre-§13-cluster-swap
[cg-time] 3ms pre-§14-chain-straightening
[cg-time] 3ms pre-§15-pruned-cross-min
[§15.5] Optimized 7 alone-root+independent nodes (3 moves).
[cg-time] 3ms pre-bus-bundle
[xings-hotspot] total=14 xings across 19 offending edges (of 67)
  edge app1.M1↔app4.M0 xings=3 cluster=(_louv_7,_louv_19)
  edge app1.M10↔app3.M0 xings=3 cluster=(?,_louv_0)
  edge app0.M5↔app4.M0 xings=2 cluster=(?,_louv_19)
  edge app1.M0↔app1.M3 xings=2 cluster=(_louv_6,?)
  edge app2.M0↔app2.M2 xings=2 cluster=(_louv_11,?)
  edge app2.M4↔app2.M9 xings=2 cluster=(?,?)
  edge app3.M0↔app3.M2 xings=2 cluster=(_louv_0,_louv_8)
  edge app0.M0↔app0.M1 xings=1 cluster=(_louv_1,?)
[xings-hotspot] top cluster signatures:
  {?|_louv_0|_louv_1} xings=3
  {?|_louv_11} xings=2
  {?|_louv_6|_louv_7} xings=2
  {?|_louv_0|_louv_19} xings=1
  {?|_louv_0|_louv_19|_louv_8} xings=1
  {?|_louv_11|_louv_15} xings=1
  {?|_louv_11|_louv_19} xings=1
  {?|_louv_19|_louv_6|_louv_7} xings=1
[knot-min] Accepted 6 spatial swaps among 49 candidates.
[carrier-pre] 68 edges → 38 distinct carriers (cost-side filter).
[leaf-untangle] candidates=31, with-cross=13, moved=11, crossings-resolved=43.
[leaf-untangle] candidates=31, with-cross=7, moved=4, crossings-resolved=14.
[leaf-untangle] candidates=31, with-cross=6, moved=1, crossings-resolved=2.
[leaf-untangle] candidates=31, with-cross=5, moved=0, crossings-resolved=0.
[stuck-leaf-diag] 6 candidates with cost>0 (top 15 below):
  cost=3 deg=2 node=app2.M2 parent=app2.M0 nbrs={app2.M0,app4.M2}
  cost=3 deg=3 node=app2.M3 parent=app2.M0 nbrs={app2.M0,app2.M1,app4.M0}
  cost=3 deg=3 node=app2.M8 parent=app2.M0 nbrs={app2.M0,app2.M9,app4.M2}
  cost=2 deg=3 node=app2.M9 parent=app2.M0 nbrs={app2.M0,app2.M8,app2.M4}
  cost=2 deg=2 node=app3.M1 parent=app3.M0 nbrs={app3.M0,app3.M2}
  cost=1 deg=2 node=app2.M11 parent=app2.M0 nbrs={app2.M0,app2.M5}
[pd-knot] 14 polyline cross pairs, 3 resolved via endpoint swap.
[xings-detour] iters=2 initial-poly-pairs=7 accepted=1 (multi-seg, density-aware, polyline detect, iterative).
[visual-knot] 6→6 cross points, 0→0 hot cells (≥3), 0 handled, 0 swap accepted.
[leaf-untangle] candidates=31, with-cross=13, moved=10, crossings-resolved=41.
[leaf-untangle] candidates=31, with-cross=3, moved=1, crossings-resolved=3.
[leaf-untangle] candidates=31, with-cross=2, moved=0, crossings-resolved=0.
[stuck-leaf-diag] 3 candidates with cost>0 (top 15 below):
  cost=2 deg=3 node=app2.M9 parent=app2.M0 nbrs={app2.M0,app2.M8,app2.M4}
  cost=2 deg=2 node=app3.M1 parent=app3.M0 nbrs={app3.M0,app3.M2}
  cost=1 deg=2 node=app2.M11 parent=app2.M0 nbrs={app2.M0,app2.M5}
[carrier-cross] segment 14 -> carrier-grouped 11 (-21%). Carriers: 35 total (1 bundle + 21 cluster-pair + 13 individual).
[isolated-stash] Stashed 2 edge-less nodes in 6-column strip at x>=13008.
[face-raster] grid 2832x2151 (cell 5.0x5.0 units), 90 faces, 6031084 bg cells (99.0% of grid)
  face #1: 4256650 cells (70.6%), bbox 2832x2151 @ (0,0)
  face #2: 299442 cells (5.0%), bbox 719x1007 @ (1374,59)
  face #17: 258619 cells (4.3%), bbox 856x649 @ (98,247)
  face #27: 249112 cells (4.1%), bbox 773x517 @ (953,838)
  face #56: 232875 cells (3.9%), bbox 685x1097 @ (1359,948)
  face #23: 130910 cells (2.2%), bbox 771x612 @ (2056,613)
  face #20: 130540 cells (2.2%), bbox 632x333 @ (976,577)
  face #13: 128833 cells (2.1%), bbox 434x431 @ (1063,192)
[face-cohesion] 11 clusters analysed, 3 low-cohesion (<60% in dominant face)
  cohesion histogram:
     50%- 59%: 3 clusters
     60%- 69%: 3 clusters
    100%-100%: 5 clusters
  top 3 low-cohesion clusters (largest first):
    _louv_1: 4 members, 2 in dominant face, 3 faces total (50%)
    _louv_9: 2 members, 1 in dominant face, 2 faces total (50%)
    _louv_17: 2 members, 1 in dominant face, 2 faces total (50%)
[face-density] 53 micro-faces (size<50), top 10 hot regions (macro 64x64 cells):
  region (42,18): 10 micro-faces, world (13117,6092)-(13437,6412)
  region (43,18): 7 micro-faces, world (13437,6092)-(13757,6412)
  region (31,14): 6 micro-faces, world (9598,4812)-(9918,5132)
  region (26,16): 5 micro-faces, world (7998,5452)-(8318,5772)
  region (21,2): 4 micro-faces, world (6399,973)-(6718,1293)
  region (11,14): 4 micro-faces, world (3199,4812)-(3519,5132)
  region (21,1): 3 micro-faces, world (6399,653)-(6718,973)
  region (29,14): 3 micro-faces, world (8958,4812)-(9278,5132)
  region (14,16): 3 micro-faces, world (4159,5452)-(4479,5772)
  region (12,14): 2 micro-faces, world (3519,4812)-(3839,5132)
[face-ppm] Wrote /tmp/face-raster.ppm (2832x2151, downsampled from 2832x2151 by 1)
[face-untangle] 4 target clusters, 6 strays, 0 moved (poly cross 14 → 14, 0 fewer)
[stuck-leaf-2d] pass 1: 0 candidates, 0 moved, 0 cost units resolved.
[stuck-leaf-2d] 0 candidates, 0 moved, 0 cost units resolved (poly cross 14 → 14, 0 fewer)
[hot-region-sa] 1 hot cells (≥4 cross, 14 cross pts), top 1 processed, 16/98 swap accepted (cross 14 → 12, 2 fewer)
