[community] algorithm=louvain communities=25 meta=3
[hub-bias] Super-graph: pushed 2 high-deg cluster roots to 1.4x avgR.
[cg-time] 2ms post-hub-bias
[cg-time] 2ms pre-§10-outward-radial
[cg-time] 2ms pre-§11-compose
[cg-time] 2ms pre-§12-pruning-reattach
[cg-time] 2ms pre-§13-cluster-swap
[cg-time] 2ms pre-§14-chain-straightening
[cg-time] 2ms pre-§15-pruned-cross-min
[§15.5] Optimized 10 alone-root+independent nodes (10 moves).
[cg-time] 3ms pre-bus-bundle
[bus-bundle] Created 1 bus bundles (2 members, sig ≥ 2 roots).
[xings-hotspot] total=22 xings across 26 offending edges (of 61)
  edge app3.M0↔app3.M10 xings=4 cluster=(_louv_14,?)
  edge app1.M3↔app3.M5 xings=3 cluster=(_louv_1,?)
  edge app3.M4↔app4.M8 xings=3 cluster=(?,?)
  edge app2.M2↔app2.M6 xings=3 cluster=(?,?)
  edge app0.M3↔app4.M6 xings=3 cluster=(_louv_0,?)
  edge app0.M0↔app0.M2 xings=2 cluster=(_louv_0,_louv_2)
  edge app2.M0↔app2.M5 xings=2 cluster=(_louv_8,?)
  edge app2.M0↔app2.M9 xings=2 cluster=(_louv_8,?)
[xings-hotspot] top cluster signatures:
  {?|_louv_0|_louv_14} xings=3
  {?|_louv_21} xings=3
  {?|_louv_0} xings=2
  {?|_louv_12|_louv_14} xings=2
  {?|_louv_1|_louv_8} xings=2
  {?|_louv_21|_louv_8} xings=2
  {?|_louv_0|_louv_14|_louv_2} xings=1
  {?|_louv_0|_louv_2} xings=1
[knot-min] Accepted 3 spatial swaps among 50 candidates.
[knot-min-2opt] Accepted 1 cross-targeted swaps.
[carrier-pre] 63 edges → 33 distinct carriers (cost-side filter).
[leaf-untangle] candidates=28, with-cross=10, moved=8, crossings-resolved=23.
[leaf-untangle] candidates=28, with-cross=6, moved=1, crossings-resolved=1.
[leaf-untangle] candidates=28, with-cross=5, moved=0, crossings-resolved=0.
[stuck-leaf-diag] 8 candidates with cost>0 (top 15 below):
  cost=7 deg=2 node=app2.M6 parent=app2.M2 nbrs={app2.M2,app2.M9}
  cost=3 deg=2 node=app2.M10 parent=app2.M0 nbrs={app2.M0,app1.M7}
  cost=3 deg=3 node=app4.M6 parent=app4.M0 nbrs={app4.M0,app4.M3,app0.M3}
  cost=2 deg=2 node=app4.M10 parent=app4.M0 nbrs={app4.M0,app2.M3}
  cost=1 deg=2 node=app0.M2 parent=app0.M0 nbrs={app0.M0,app1.M5}
  cost=1 deg=2 node=app1.M5 parent=app1.M3 nbrs={app1.M3,app0.M2}
  cost=1 deg=2 node=app1.M6 parent=app1.M0 nbrs={app1.M0,app4.M14}
  cost=1 deg=2 node=app2.M3 parent=app2.M0 nbrs={app2.M0,app4.M10}
[pd-knot] 14 polyline cross pairs, 1 resolved via endpoint swap.
[xings-detour] iters=1 initial-poly-pairs=15 accepted=0 (multi-seg, density-aware, polyline detect, iterative).
[visual-knot] 11→11 cross points, 0→0 hot cells (≥3), 0 handled, 0 swap accepted.
[leaf-untangle] candidates=28, with-cross=5, moved=1, crossings-resolved=1.
[leaf-untangle] candidates=28, with-cross=5, moved=1, crossings-resolved=3.
[leaf-untangle] candidates=28, with-cross=4, moved=0, crossings-resolved=0.
[stuck-leaf-diag] 7 candidates with cost>0 (top 15 below):
  cost=7 deg=2 node=app2.M6 parent=app2.M2 nbrs={app2.M2,app2.M9}
  cost=3 deg=2 node=app2.M10 parent=app2.M0 nbrs={app2.M0,app1.M7}
  cost=2 deg=2 node=app4.M10 parent=app4.M0 nbrs={app4.M0,app2.M3}
  cost=1 deg=2 node=app0.M2 parent=app0.M0 nbrs={app0.M0,app1.M5}
  cost=1 deg=2 node=app1.M5 parent=app1.M3 nbrs={app1.M3,app0.M2}
  cost=1 deg=2 node=app1.M6 parent=app1.M0 nbrs={app1.M0,app4.M14}
  cost=1 deg=2 node=app2.M3 parent=app2.M0 nbrs={app2.M0,app4.M10}
[carrier-cross] segment 15 -> carrier-grouped 13 (-13%). Carriers: 33 total (2 bundle + 21 cluster-pair + 10 individual).
[isolated-stash] Stashed 6 edge-less nodes in 6-column strip at x>=10575.
[face-raster] grid 2876x3651 (cell 5.0x5.0 units), 166 faces, 10427260 bg cells (99.3% of grid)
  face #1: 7336617 cells (70.4%), bbox 2876x3651 @ (0,0)
  face #165: 696430 cells (6.7%), bbox 1140x1149 @ (476,2410)
  face #3: 443848 cells (4.3%), bbox 984x1605 @ (769,150)
  face #38: 335187 cells (3.2%), bbox 880x1046 @ (614,1354)
  face #45: 250877 cells (2.4%), bbox 581x800 @ (1618,1873)
  face #26: 223111 cells (2.1%), bbox 1017x1268 @ (793,1075)
  face #43: 209603 cells (2.0%), bbox 1116x654 @ (758,1861)
  face #7: 128211 cells (1.2%), bbox 117x1428 @ (1951,478)
[face-cohesion] 9 clusters analysed, 4 low-cohesion (<60% in dominant face)
  cohesion histogram:
     20%- 29%: 1 clusters
     30%- 39%: 1 clusters
     50%- 59%: 2 clusters
     60%- 69%: 1 clusters
     70%- 79%: 1 clusters
    100%-100%: 3 clusters
  top 4 low-cohesion clusters (largest first):
    _louv_8: 4 members, 1 in dominant face, 4 faces total (25%)
    _louv_21: 3 members, 1 in dominant face, 3 faces total (33%)
    _louv_0: 2 members, 1 in dominant face, 2 faces total (50%)
    _louv_13: 2 members, 1 in dominant face, 2 faces total (50%)
[face-density] 132 micro-faces (size<50), top 10 hot regions (macro 64x64 cells):
  region (12,36): 72 micro-faces, world (1939,11119)-(2259,11439)
  region (11,37): 21 micro-faces, world (1619,11439)-(1939,11759)
  region (11,36): 17 micro-faces, world (1619,11119)-(1939,11439)
  region (27,17): 4 micro-faces, world (6739,5040)-(7058,5360)
  region (29,10): 3 micro-faces, world (7378,2800)-(7698,3120)
  region (27,14): 3 micro-faces, world (6739,4080)-(7058,4400)
  region (27,16): 3 micro-faces, world (6739,4720)-(7058,5040)
  region (27,18): 3 micro-faces, world (6739,5360)-(7058,5680)
  region (27,13): 2 micro-faces, world (6739,3760)-(7058,4080)
  region (27,15): 2 micro-faces, world (6739,4400)-(7058,4720)
[face-ppm] Wrote /tmp/face-raster.ppm (2876x3651, downsampled from 2876x3651 by 1)
[face-untangle] 3 target clusters, 4 strays, 0 moved (poly cross 11 → 11, 0 fewer)
[stuck-leaf-2d] pass 1: 0 candidates, 0 moved, 0 cost units resolved.
[stuck-leaf-2d] 0 candidates, 0 moved, 0 cost units resolved (poly cross 11 → 11, 0 fewer)
[hot-region-sa] 0 hot cells (≥4 cross, 11 cross pts), top 0 processed, 0/0 swap accepted (cross 11 → 11, 0 fewer)
