[community] algorithm=louvain communities=37 meta=3
[hub-bias] Super-graph: pushed 4 high-deg cluster roots to 1.4x avgR.
[cg-time] 3ms post-hub-bias
[cg-time] 8ms pre-§10-outward-radial
[cg-time] 8ms pre-§11-compose
[cg-time] 8ms pre-§12-pruning-reattach
[cg-time] 8ms pre-§13-cluster-swap
[cg-time] 45ms pre-§14-chain-straightening
[cg-time] 45ms pre-§15-pruned-cross-min
[§15.5] Optimized 10 alone-root+independent nodes (5 moves).
[cg-time] 45ms pre-bus-bundle
[xings-hotspot] total=54 xings across 36 offending edges (of 118)
  edge app4.M0↔app8.M8 xings=9 cluster=(_louv_16,?)
  edge core.Hub0↔app8.M0 xings=8 cluster=(?,_louv_28)
  edge app7.M0↔app7.M2 xings=6 cluster=(_louv_2,?)
  edge app0.M0↔app0.M3 xings=6 cluster=(_louv_1,_louv_2)
  edge app0.M0↔app2.M3 xings=6 cluster=(_louv_1,_louv_8)
  edge app1.M0↔app1.M3 xings=5 cluster=(_louv_7,?)
  edge app0.M1↔app2.M1 xings=5 cluster=(_louv_1,_louv_8)
  edge app1.M3↔app5.M0 xings=5 cluster=(?,_louv_9)
[xings-hotspot] top cluster signatures:
  {_louv_1|_louv_2|_louv_7|_louv_8} xings=4
  {?|_louv_1|_louv_2|_louv_8} xings=3
  {?|_louv_1|_louv_28|_louv_8} xings=2
  {?|_louv_1|_louv_16|_louv_8} xings=2
  {_louv_1|_louv_2} xings=2
  {?|_louv_9} xings=2
  {?|_louv_25} xings=2
  {?|_louv_1|_louv_7} xings=2
[bundle-clear] Pushed 2 nodes off bundle bboxes.
[knot-min] Accepted 9 spatial swaps among 92 candidates.
[carrier-pre] 120 edges → 65 distinct carriers (cost-side filter).
[leaf-untangle] candidates=53, with-cross=16, moved=12, crossings-resolved=57.
[leaf-untangle] candidates=53, with-cross=14, moved=9, crossings-resolved=34.
[leaf-untangle] candidates=53, with-cross=11, moved=4, crossings-resolved=12.
[leaf-untangle] candidates=53, with-cross=10, moved=0, crossings-resolved=0.
[stuck-leaf-diag] 12 candidates with cost>0 (top 15 below):
  cost=6 deg=2 node=app0.M1 parent=app0.M0 nbrs={app0.M0,app2.M1}
  cost=6 deg=3 node=app2.M0 parent=app3.M0 nbrs={core.Hub0,app0.M10,app3.M0}
  cost=6 deg=2 node=app8.M10 parent=app8.M0 nbrs={app8.M0,app9.M13}
  cost=4 deg=2 node=app3.M7 parent=app3.M0 nbrs={app3.M0,app9.M0}
  cost=4 deg=3 node=app3.M11 parent=app3.M0 nbrs={app3.M0,app3.M5,app7.M2}
  cost=3 deg=2 node=app8.M3 parent=app8.M0 nbrs={app8.M0,app8.Note0}
  cost=3 deg=3 node=app9.M3 parent=app9.M0 nbrs={app9.M0,app9.M7,app7.M1}
  cost=2 deg=3 node=app1.M5 parent=app1.M0 nbrs={app1.M0,app1.M6,app7.M0}
  cost=2 deg=3 node=app1.M6 parent=app1.M0 nbrs={app1.M0,app1.M5,app7.M0}
  cost=2 deg=2 node=app3.M9 parent=app3.M0 nbrs={app3.M0,app5.M0}
  cost=1 deg=3 node=app3.M5 parent=app3.M0 nbrs={app3.M0,app3.M11,app3.Log9}
  cost=1 deg=2 node=app8.M11 parent=app7.M1 nbrs={app8.Log4,app7.M1}
[pd-knot] 38 polyline cross pairs, 1 resolved via endpoint swap.
[xings-detour] iters=2 initial-poly-pairs=48 accepted=4 (multi-seg, density-aware, polyline detect, iterative).
[visual-knot] 43→43 cross points, 2→2 hot cells (≥3), 2 handled, 0 swap accepted.
[leaf-untangle] candidates=53, with-cross=10, moved=1, crossings-resolved=10.
[leaf-untangle] candidates=53, with-cross=10, moved=0, crossings-resolved=0.
[stuck-leaf-diag] 12 candidates with cost>0 (top 15 below):
  cost=6 deg=2 node=app0.M1 parent=app0.M0 nbrs={app0.M0,app2.M1}
  cost=6 deg=3 node=app2.M0 parent=app3.M0 nbrs={core.Hub0,app0.M10,app3.M0}
  cost=6 deg=2 node=app8.M10 parent=app8.M0 nbrs={app8.M0,app9.M13}
  cost=4 deg=2 node=app3.M7 parent=app3.M0 nbrs={app3.M0,app9.M0}
  cost=4 deg=3 node=app3.M11 parent=app3.M0 nbrs={app3.M0,app3.M5,app7.M2}
  cost=3 deg=2 node=app3.M9 parent=app3.M0 nbrs={app3.M0,app5.M0}
  cost=3 deg=2 node=app8.M3 parent=app8.M0 nbrs={app8.M0,app8.Note0}
  cost=3 deg=3 node=app9.M3 parent=app9.M0 nbrs={app9.M0,app9.M7,app7.M1}
  cost=2 deg=3 node=app1.M5 parent=app1.M0 nbrs={app1.M0,app1.M6,app7.M0}
  cost=2 deg=3 node=app1.M6 parent=app1.M0 nbrs={app1.M0,app1.M5,app7.M0}
  cost=1 deg=3 node=app3.M5 parent=app3.M0 nbrs={app3.M0,app3.M11,app3.Log9}
  cost=1 deg=2 node=app8.M11 parent=app7.M1 nbrs={app8.Log4,app7.M1}
[carrier-cross] segment 43 -> carrier-grouped 35 (-19%). Carriers: 67 total (1 bundle + 45 cluster-pair + 21 individual).
[isolated-stash] Stashed 7 edge-less nodes in 6-column strip at x>=10145.
[face-raster] grid 2468x2092 (cell 5.0x5.0 units), 172 faces, 5064148 bg cells (98.1% of grid)
  face #1: 3789756 cells (74.8%), bbox 2468x2092 @ (0,0)
  face #3: 211038 cells (4.2%), bbox 873x820 @ (93,112)
  face #159: 208434 cells (4.1%), bbox 848x448 @ (882,1555)
  face #156: 108750 cells (2.1%), bbox 815x366 @ (916,1267)
  face #146: 105895 cells (2.1%), bbox 676x414 @ (1069,1216)
  face #13: 91244 cells (1.8%), bbox 423x402 @ (143,491)
  face #15: 66461 cells (1.3%), bbox 285x505 @ (567,496)
  face #10: 46887 cells (0.9%), bbox 372x412 @ (932,421)
[face-cohesion] 22 clusters analysed, 5 low-cohesion (<60% in dominant face)
  cohesion histogram:
     20%- 29%: 2 clusters
     30%- 39%: 1 clusters
     50%- 59%: 2 clusters
     60%- 69%: 1 clusters
     70%- 79%: 2 clusters
     80%- 89%: 1 clusters
    100%-100%: 13 clusters
  top 5 low-cohesion clusters (largest first):
    _louv_0: 4 members, 1 in dominant face, 4 faces total (25%)
    _louv_1: 4 members, 2 in dominant face, 3 faces total (50%)
    _louv_2: 4 members, 1 in dominant face, 4 faces total (25%)
    _louv_16: 3 members, 1 in dominant face, 3 faces total (33%)
    _louv_14: 2 members, 1 in dominant face, 2 faces total (50%)
[face-density] 92 micro-faces (size<50), top 10 hot regions (macro 64x64 cells):
  region (10,18): 22 micro-faces, world (2914,5510)-(3234,5830)
  region (26,25): 13 micro-faces, world (8033,7750)-(8353,8070)
  region (22,17): 11 micro-faces, world (6753,5190)-(7073,5510)
  region (9,17): 6 micro-faces, world (2594,5190)-(2914,5510)
  region (10,1): 5 micro-faces, world (2914,71)-(3234,391)
  region (2,9): 5 micro-faces, world (355,2631)-(674,2951)
  region (1,9): 4 micro-faces, world (35,2631)-(355,2951)
  region (16,13): 4 micro-faces, world (4834,3910)-(5154,4230)
  region (22,16): 3 micro-faces, world (6753,4870)-(7073,5190)
  region (23,17): 3 micro-faces, world (7073,5190)-(7393,5510)
[face-ppm] Wrote /tmp/face-raster.ppm (2468x2092, downsampled from 2468x2092 by 1)
[face-untangle] 3 target clusters, 5 strays, 0 moved (poly cross 43 → 43, 0 fewer)
[stuck-leaf-2d] pass 1: 0 candidates, 0 moved, 0 cost units resolved.
[stuck-leaf-2d] 0 candidates, 0 moved, 0 cost units resolved (poly cross 43 → 43, 0 fewer)
[hot-region-sa] 2 hot cells (≥4 cross, 43 cross pts), top 2 processed, 2/99 swap accepted (cross 43 → 43, 0 fewer)
