[community] algorithm=louvain communities=25 meta=3
[hub-bias] Super-graph: pushed 2 high-deg cluster roots to 1.4x avgR.
[cg-time] 1ms post-hub-bias
[cg-time] 1ms pre-§10-outward-radial
[cg-time] 1ms pre-§11-compose
[cg-time] 1ms pre-§12-pruning-reattach
[cg-time] 1ms pre-§13-cluster-swap
[cg-time] 3ms pre-§14-chain-straightening
[cg-time] 3ms pre-§15-pruned-cross-min
[§15.5] Optimized 5 alone-root+independent nodes (0 moves).
[cg-time] 3ms pre-bus-bundle
[bus-bundle] Created 1 bus bundles (2 members, sig ≥ 2 roots).
[xings-hotspot] total=11 xings across 14 offending edges (of 69)
  edge app2.M6↔app2.M9 xings=3 cluster=(_louv_9,?)
  edge app2.M10↔app4.M4 xings=3 cluster=(_louv_12,?)
  edge core.Hub0↔app1.M0 xings=2 cluster=(?,_louv_2)
  edge core.Hub0↔app5.M0 xings=2 cluster=(?,_louv_19)
  edge app1.M8↔app1.M11 xings=2 cluster=(?,_louv_4)
  edge app3.M0↔app3.M3 xings=2 cluster=(_louv_8,?)
  edge core.Hub0↔app4.M0 xings=1 cluster=(?,_louv_15)
  edge app1.M0↔app1.M13 xings=1 cluster=(_louv_2,_louv_8)
[xings-hotspot] top cluster signatures:
  {?|_louv_12|_louv_22} xings=2
  {?|_louv_12|_louv_19|_louv_22} xings=1
  {?|_louv_15|_louv_8} xings=1
  {?|_louv_19|_louv_8} xings=1
  {?|_louv_19|_louv_9} xings=1
  {?|_louv_22|_louv_5|_louv_9} xings=1
  {?|_louv_2|_louv_4} xings=1
  {?|_louv_2|_louv_4|_louv_8} xings=1
[knot-min] Accepted 6 spatial swaps among 55 candidates.
[carrier-pre] 71 edges → 37 distinct carriers (cost-side filter).
[leaf-untangle] candidates=31, with-cross=10, moved=9, crossings-resolved=60.
[leaf-untangle] candidates=31, with-cross=3, moved=3, crossings-resolved=10.
[leaf-untangle] candidates=31, with-cross=2, moved=2, crossings-resolved=6.
[leaf-untangle] candidates=31, with-cross=1, moved=1, crossings-resolved=3.
[stuck-leaf-diag] 4 candidates with cost>0 (top 15 below):
  cost=6 deg=2 node=app1.M9 parent=app1.M0 nbrs={app1.M0,app1.M1}
  cost=3 deg=3 node=app1.M11 parent=app1.M0 nbrs={app1.M0,app1.M8,app1.M5}
  cost=3 deg=1 node=app5.M5 parent=app5.M0 nbrs={app5.M0}
  cost=3 deg=1 node=app5.M7 parent=app5.M0 nbrs={app5.M0}
[pd-knot] 5 polyline cross pairs, 0 resolved via endpoint swap.
[xings-detour] iters=2 initial-poly-pairs=8 accepted=1 (multi-seg, density-aware, polyline detect, iterative).
[visual-knot] 7→7 cross points, 1→1 hot cells (≥3), 1 handled, 0 swap accepted.
[leaf-untangle] candidates=31, with-cross=0, moved=0, crossings-resolved=0.
[stuck-leaf-diag] 4 candidates with cost>0 (top 15 below):
  cost=6 deg=2 node=app1.M9 parent=app1.M0 nbrs={app1.M0,app1.M1}
  cost=3 deg=3 node=app1.M11 parent=app1.M0 nbrs={app1.M0,app1.M8,app1.M5}
  cost=3 deg=1 node=app5.M5 parent=app5.M0 nbrs={app5.M0}
  cost=3 deg=1 node=app5.M7 parent=app5.M0 nbrs={app5.M0}
[carrier-cross] segment 4 -> carrier-grouped 4 (-0%). Carriers: 36 total (3 bundle + 21 cluster-pair + 12 individual).
[isolated-stash] Stashed 6 edge-less nodes in 6-column strip at x>=9958.
[face-raster] grid 2401x1679 (cell 5.0x5.0 units), 90 faces, 3970686 bg cells (98.5% of grid)
  face #1: 3064737 cells (77.2%), bbox 2401x1679 @ (0,0)
  face #49: 259736 cells (6.5%), bbox 805x599 @ (970,591)
  face #36: 193599 cells (4.9%), bbox 598x520 @ (371,482)
  face #3: 181108 cells (4.6%), bbox 689x502 @ (863,77)
  face #73: 82185 cells (2.1%), bbox 403x447 @ (742,738)
  face #5: 61853 cells (1.6%), bbox 345x366 @ (278,431)
  face #4: 40995 cells (1.0%), bbox 258x341 @ (625,195)
  face #2: 29571 cells (0.7%), bbox 615x106 @ (924,74)
[face-cohesion] 11 clusters analysed, 1 low-cohesion (<60% in dominant face)
  cohesion histogram:
     50%- 59%: 1 clusters
     60%- 69%: 2 clusters
     80%- 89%: 1 clusters
    100%-100%: 7 clusters
  top 1 low-cohesion clusters (largest first):
    _louv_8: 4 members, 2 in dominant face, 2 faces total (50%)
[face-density] 61 micro-faces (size<50), top 10 hot regions (macro 64x64 cells):
  region (5,7): 18 micro-faces, world (1358,2030)-(1678,2349)
  region (5,6): 10 micro-faces, world (1358,1710)-(1678,2030)
  region (4,10): 10 micro-faces, world (1038,2989)-(1358,3309)
  region (4,11): 7 micro-faces, world (1038,3309)-(1358,3629)
  region (4,9): 4 micro-faces, world (1038,2669)-(1358,2989)
  region (5,8): 3 micro-faces, world (1358,2349)-(1678,2669)
  region (5,9): 3 micro-faces, world (1358,2669)-(1678,2989)
  region (11,15): 2 micro-faces, world (3278,4588)-(3598,4908)
  region (4,8): 1 micro-faces, world (1038,2349)-(1358,2669)
  region (27,13): 1 micro-faces, world (8397,3949)-(8717,4269)
[face-ppm] Wrote /tmp/face-raster.ppm (2401x1679, downsampled from 2401x1679 by 1)
[face-untangle] 1 target clusters, 2 strays, 0 moved (poly cross 4 → 4, 0 fewer)
[stuck-leaf-2d] pass 1: 0 candidates, 0 moved, 0 cost units resolved.
[stuck-leaf-2d] 0 candidates, 0 moved, 0 cost units resolved (poly cross 4 → 4, 0 fewer)
[hot-region-sa] 0 hot cells (≥4 cross, 4 cross pts), top 0 processed, 0/0 swap accepted (cross 4 → 4, 0 fewer)
