[community] algorithm=louvain communities=49 meta=4
[hub-bias] Super-graph: pushed 3 high-deg cluster roots to 1.4x avgR.
[cg-time] 3ms post-hub-bias
[cg-time] 19ms pre-§10-outward-radial
[cg-time] 19ms pre-§11-compose
[cg-time] 19ms pre-§12-pruning-reattach
[cg-time] 19ms pre-§13-cluster-swap
[cg-time] 125ms pre-§14-chain-straightening
[cg-time] 125ms pre-§15-pruned-cross-min
[§15.5] Optimized 20 alone-root+independent nodes (2 moves).
[cg-time] 127ms pre-bus-bundle
[xings-hotspot] total=73 xings across 55 offending edges (of 156)
  edge core.Hub1↔app6.M0 xings=12 cluster=(?,_louv_37)
  edge app0.M2↔app1.M1 xings=10 cluster=(?,?)
  edge app0.M0↔app4.M11 xings=8 cluster=(_louv_2,?)
  edge app0.M6↔app0.M9 xings=7 cluster=(_louv_7,_louv_6)
  edge app0.M4↔app0.M7 xings=7 cluster=(?,_louv_8)
  edge app3.M1↔app6.M3 xings=6 cluster=(?,_louv_37)
  edge app0.M7↔app5.M10 xings=5 cluster=(_louv_8,_louv_8)
  edge app0.M0↔app0.M8 xings=5 cluster=(_louv_2,?)
[xings-hotspot] top cluster signatures:
  {?|_louv_2} xings=5
  {?|_louv_37} xings=5
  {?|_louv_2|_louv_8} xings=5
  {?|_louv_22|_louv_37} xings=4
  {?|_louv_7} xings=3
  {?|_louv_6} xings=3
  {?|_louv_3|_louv_7} xings=3
  {?|_louv_39|_louv_8} xings=3
[bundle-clear] Pushed 3 nodes off bundle bboxes.
[knot-min] Accepted 26 spatial swaps among 123 candidates.
[knot-min-2opt] Accepted 1 cross-targeted swaps.
[carrier-pre] 158 edges → 91 distinct carriers (cost-side filter).
[leaf-untangle] candidates=80, with-cross=32, moved=27, crossings-resolved=110.
[leaf-untangle] candidates=80, with-cross=16, moved=10, crossings-resolved=27.
[leaf-untangle] candidates=80, with-cross=11, moved=2, crossings-resolved=4.
[leaf-untangle] candidates=80, with-cross=10, moved=0, crossings-resolved=0.
[stuck-leaf-diag] 17 candidates with cost>0 (top 15 below):
  cost=17 deg=3 node=app7.M6 parent=app7.M0 nbrs={app7.M0,app7.M5,app3.M1}
  cost=11 deg=2 node=app7.M8 parent=app7.M0 nbrs={app7.M0,app7.M9}
  cost=10 deg=3 node=app7.M9 parent=app7.M0 nbrs={app7.M0,app7.M8,app2.M2}
  cost=9 deg=2 node=app7.M1 parent=app7.M0 nbrs={app7.M0,app7.Tag19}
  cost=7 deg=2 node=app7.M5 parent=app7.M0 nbrs={app7.M0,app7.M6}
  cost=4 deg=2 node=app4.M2 parent=app4.M0 nbrs={app4.M0,app1.M0}
  cost=4 deg=3 node=app4.M3 parent=app4.M0 nbrs={app4.M0,app4.M10,app4.Address8}
  cost=2 deg=3 node=app2.M1 parent=app0.M6 nbrs={app2.M0,app0.M6,app5.M9}
  cost=2 deg=2 node=app4.M12 parent=app4.M0 nbrs={app4.M0,app6.M2}
  cost=2 deg=2 node=app7.M3 parent=app7.M0 nbrs={app7.M0,app7.M7}
  cost=2 deg=2 node=app7.M7 parent=app7.M0 nbrs={app7.M0,app7.M3}
  cost=1 deg=3 node=app0.M7 parent=app0.M0 nbrs={app0.M0,app0.M4,app5.M10}
  cost=1 deg=2 node=app1.M3 parent=app1.M8 nbrs={app1.M8,app1.Log6}
  cost=1 deg=2 node=app4.M1 parent=app4.M0 nbrs={app4.M0,app4.Asset16}
  cost=1 deg=2 node=app4.M5 parent=app4.M0 nbrs={app4.M0,app4.Log11}
[pd-knot] 60 polyline cross pairs, 2 resolved via endpoint swap.
[xings-detour] iters=2 initial-poly-pairs=50 accepted=6 (multi-seg, density-aware, polyline detect, iterative).
[visual-knot] 42→42 cross points, 1→1 hot cells (≥3), 1 handled, 0 swap accepted.
[leaf-untangle] candidates=80, with-cross=12, moved=2, crossings-resolved=3.
[leaf-untangle] candidates=80, with-cross=10, moved=0, crossings-resolved=0.
[stuck-leaf-diag] 17 candidates with cost>0 (top 15 below):
  cost=17 deg=3 node=app7.M6 parent=app7.M0 nbrs={app7.M0,app7.M5,app3.M1}
  cost=11 deg=2 node=app7.M8 parent=app7.M0 nbrs={app7.M0,app7.M9}
  cost=10 deg=3 node=app7.M9 parent=app7.M0 nbrs={app7.M0,app7.M8,app2.M2}
  cost=9 deg=2 node=app7.M1 parent=app7.M0 nbrs={app7.M0,app7.Tag19}
  cost=7 deg=2 node=app7.M5 parent=app7.M0 nbrs={app7.M0,app7.M6}
  cost=4 deg=2 node=app4.M2 parent=app4.M0 nbrs={app4.M0,app1.M0}
  cost=4 deg=3 node=app4.M3 parent=app4.M0 nbrs={app4.M0,app4.M10,app4.Address8}
  cost=2 deg=3 node=app2.M1 parent=app0.M6 nbrs={app2.M0,app0.M6,app5.M9}
  cost=2 deg=2 node=app4.M12 parent=app4.M0 nbrs={app4.M0,app6.M2}
  cost=2 deg=2 node=app7.M3 parent=app7.M0 nbrs={app7.M0,app7.M7}
  cost=2 deg=2 node=app7.M7 parent=app7.M0 nbrs={app7.M0,app7.M3}
  cost=1 deg=3 node=app0.M7 parent=app0.M0 nbrs={app0.M0,app0.M4,app5.M10}
  cost=1 deg=2 node=app1.M3 parent=app1.M8 nbrs={app1.M8,app1.Log6}
  cost=1 deg=2 node=app4.M1 parent=app4.M0 nbrs={app4.M0,app4.Asset16}
  cost=1 deg=2 node=app4.M5 parent=app4.M0 nbrs={app4.M0,app4.Log11}
[carrier-cross] segment 44 -> carrier-grouped 38 (-14%). Carriers: 91 total (1 bundle + 58 cluster-pair + 32 individual).
[isolated-stash] Stashed 4 edge-less nodes in 6-column strip at x>=23693.
[face-raster] grid 5166x3016 (cell 5.0x5.0 units), 223 faces, 15448592 bg cells (99.2% of grid)
  face #1: 12932213 cells (83.7%), bbox 5166x3016 @ (0,0)
  face #2: 942989 cells (6.1%), bbox 1494x1725 @ (1080,87)
  face #149: 185882 cells (1.2%), bbox 670x920 @ (385,1958)
  face #130: 168803 cells (1.1%), bbox 342x1043 @ (382,1835)
  face #26: 151853 cells (1.0%), bbox 587x772 @ (1602,840)
  face #58: 98923 cells (0.6%), bbox 493x646 @ (420,1202)
  face #30: 92617 cells (0.6%), bbox 290x739 @ (1077,964)
  face #120: 59870 cells (0.4%), bbox 353x563 @ (1185,1629)
[face-cohesion] 30 clusters analysed, 14 low-cohesion (<60% in dominant face)
  cohesion histogram:
     30%- 39%: 6 clusters
     50%- 59%: 8 clusters
     60%- 69%: 1 clusters
     70%- 79%: 1 clusters
    100%-100%: 14 clusters
  top 10 low-cohesion clusters (largest first):
    _louv_37: 7 members, 4 in dominant face, 4 faces total (57%)
    _louv_22: 6 members, 2 in dominant face, 5 faces total (33%)
    _louv_39: 6 members, 2 in dominant face, 5 faces total (33%)
    _louv_31: 4 members, 2 in dominant face, 3 faces total (50%)
    _louv_8: 3 members, 1 in dominant face, 3 faces total (33%)
    _louv_7: 3 members, 1 in dominant face, 3 faces total (33%)
    _louv_6: 3 members, 1 in dominant face, 3 faces total (33%)
    _louv_2: 3 members, 1 in dominant face, 3 faces total (33%)
    _louv_43: 2 members, 1 in dominant face, 2 faces total (50%)
    _louv_14: 2 members, 1 in dominant face, 2 faces total (50%)
[face-density] 99 micro-faces (size<50), top 10 hot regions (macro 64x64 cells):
  region (17,23): 13 micro-faces, world (4895,7009)-(5215,7329)
  region (21,37): 9 micro-faces, world (6174,11489)-(6494,11809)
  region (17,22): 8 micro-faces, world (4895,6689)-(5215,7009)
  region (23,17): 7 micro-faces, world (6814,5089)-(7134,5409)
  region (23,33): 7 micro-faces, world (6814,10209)-(7134,10529)
  region (17,15): 6 micro-faces, world (4895,4449)-(5215,4769)
  region (16,10): 5 micro-faces, world (4575,2849)-(4895,3169)
  region (24,32): 5 micro-faces, world (7134,9889)-(7454,10209)
  region (18,30): 5 micro-faces, world (5215,9249)-(5535,9569)
  region (16,23): 4 micro-faces, world (4575,7009)-(4895,7329)
[face-ppm] Wrote /tmp/face-raster.ppm (2583x1508, downsampled from 5166x3016 by 2)
[face-untangle] 14 target clusters, 27 strays, 3 moved (poly cross 42 → 40, 2 fewer)
[stuck-leaf-2d] pass 1: 1 candidates, 1 moved, 1 cost units resolved.
[stuck-leaf-2d] pass 2: 0 candidates, 0 moved, 0 cost units resolved.
[stuck-leaf-2d] 0 candidates, 1 moved, 1 cost units resolved (poly cross 40 → 39, 1 fewer)
[hot-region-sa] 2 hot cells (≥4 cross, 39 cross pts), top 2 processed, 35/328 swap accepted (cross 39 → 39, 0 fewer)
