[community] algorithm=louvain communities=96 meta=5
[hub-bias] Super-graph: pushed 10 high-deg cluster roots to 1.4x avgR.
[cg-time] 7ms post-hub-bias
[cg-time] 239ms pre-§10-outward-radial
[cg-time] 239ms pre-§11-compose
[cg-time] 239ms pre-§12-pruning-reattach
[cg-time] 239ms pre-§13-cluster-swap
[cg-time] 1516ms pre-§14-chain-straightening
[cg-time] 1517ms pre-§15-pruned-cross-min
[§15.5] Optimized 44 alone-root+independent nodes (9 moves).
[cg-time] 1530ms pre-bus-bundle
[xings-hotspot] total=432 xings across 160 offending edges (of 313)
  edge core.Hub2↔app1.M0 xings=27 cluster=(_louv_2,?)
  edge app2.M3↔app19.M5 xings=25 cluster=(_louv_20,?)
  edge core.Hub2↔app16.M0 xings=23 cluster=(_louv_2,_louv_78)
  edge app5.M0↔app5.M10 xings=21 cluster=(_louv_27,?)
  edge app4.M0↔app4.M3 xings=19 cluster=(_louv_24,?)
  edge core.Hub0↔app8.M0 xings=19 cluster=(_louv_0,_louv_42)
  edge app9.M3↔app12.M2 xings=19 cluster=(?,_louv_67)
  edge app15.M0↔app15.M3 xings=17 cluster=(_louv_77,?)
[xings-hotspot] top cluster signatures:
  {?|_louv_17} xings=8
  {?} xings=8
  {?|_louv_2|_louv_42} xings=7
  {?|_louv_42|_louv_67} xings=6
  {?|_louv_40|_louv_74} xings=4
  {?|_louv_1} xings=4
  {?|_louv_24|_louv_38} xings=4
  {?|_louv_15} xings=4
[knot-min] Accepted 78 spatial swaps among 254 candidates.
[carrier-pre] 317 edges → 199 distinct carriers (cost-side filter).
[leaf-untangle] candidates=163, with-cross=56, moved=42, crossings-resolved=116.
[leaf-untangle] candidates=163, with-cross=27, moved=8, crossings-resolved=12.
[leaf-untangle] candidates=163, with-cross=22, moved=3, crossings-resolved=5.
[leaf-untangle] candidates=163, with-cross=20, moved=1, crossings-resolved=1.
[stuck-leaf-diag] 20 candidates with cost>0 (top 15 below):
  cost=10 deg=3 node=app8.M7 parent=app8.M0 nbrs={app8.M0,app8.M1,app14.M3}
  cost=5 deg=3 node=app12.M1 parent=app12.M0 nbrs={app12.M0,app11.M0,app11.M1}
  cost=5 deg=2 node=app12.M4 parent=app12.M0 nbrs={app12.M0,app12.Address87}
  cost=5 deg=2 node=app15.M4 parent=app9.M0 nbrs={app15.M0,app9.M0}
  cost=4 deg=2 node=app1.M9 parent=app1.M0 nbrs={app1.M0,app17.M0}
  cost=4 deg=3 node=app11.M1 parent=app11.M0 nbrs={app11.M0,app5.M2,app12.M1}
  cost=4 deg=2 node=app12.M6 parent=app12.M0 nbrs={app12.M0,app12.Log74}
  cost=4 deg=2 node=app14.M1 parent=app14.M0 nbrs={app14.M0,app14.M2}
  cost=4 deg=2 node=app16.M2 parent=app16.M0 nbrs={app16.M0,app14.M0}
  cost=3 deg=2 node=app10.M10 parent=app10.M0 nbrs={app10.M0,app16.M4}
  cost=2 deg=2 node=app0.M7 parent=app0.M0 nbrs={app0.M0,app0.Log60}
  cost=2 deg=2 node=app1.M7 parent=app1.M8 nbrs={app1.M8,app18.M4}
  cost=2 deg=2 node=app5.M3 parent=app18.M1 nbrs={app5.Tag69,app18.M1}
  cost=2 deg=2 node=app18.M4 parent=app18.M0 nbrs={app18.M0,app1.M7}
  cost=2 deg=3 node=app19.M6 parent=app19.M0 nbrs={app19.M0,app19.M4,app8.M6}
[pd-knot] 331 polyline cross pairs, 3 resolved via endpoint swap.
[xings-detour] iters=2 initial-poly-pairs=325 accepted=2 (multi-seg, density-aware, polyline detect, iterative).
[visual-knot] 316→313 cross points, 30→28 hot cells (≥3), 58 handled, 1 swap accepted.
[leaf-untangle] candidates=163, with-cross=20, moved=3, crossings-resolved=8.
[leaf-untangle] candidates=163, with-cross=19, moved=0, crossings-resolved=0.
[stuck-leaf-diag] 19 candidates with cost>0 (top 15 below):
  cost=9 deg=3 node=app8.M7 parent=app8.M0 nbrs={app8.M0,app8.M1,app14.M3}
  cost=5 deg=2 node=app12.M4 parent=app12.M0 nbrs={app12.M0,app12.Address87}
  cost=5 deg=2 node=app15.M4 parent=app9.M0 nbrs={app15.M0,app9.M0}
  cost=4 deg=2 node=app1.M9 parent=app1.M0 nbrs={app1.M0,app17.M0}
  cost=4 deg=3 node=app8.M1 parent=app8.M0 nbrs={app8.M0,app8.M2,app8.M7}
  cost=4 deg=2 node=app12.M6 parent=app12.M0 nbrs={app12.M0,app12.Log74}
  cost=4 deg=2 node=app14.M1 parent=app14.M0 nbrs={app14.M0,app14.M2}
  cost=4 deg=2 node=app16.M2 parent=app16.M0 nbrs={app16.M0,app14.M0}
  cost=3 deg=2 node=app10.M10 parent=app10.M0 nbrs={app10.M0,app16.M4}
  cost=3 deg=3 node=app12.M1 parent=app12.M0 nbrs={app12.M0,app11.M0,app11.M1}
  cost=2 deg=2 node=app0.M7 parent=app0.M0 nbrs={app0.M0,app0.Log60}
  cost=2 deg=2 node=app1.M7 parent=app1.M8 nbrs={app1.M8,app18.M4}
  cost=2 deg=2 node=app5.M3 parent=app18.M1 nbrs={app5.Tag69,app18.M1}
  cost=2 deg=3 node=app11.M1 parent=app11.M0 nbrs={app11.M0,app5.M2,app12.M1}
  cost=2 deg=2 node=app18.M4 parent=app18.M0 nbrs={app18.M0,app1.M7}
[isolated-stash] Stashed 7 edge-less nodes in 6-column strip at x>=31613.
[face-raster] grid 6926x4493 (cell 5.0x5.0 units), 1010 faces, 30813037 bg cells (99.0% of grid)
  face #1: 22309641 cells (72.4%), bbox 6926x4493 @ (0,0)
  face #690: 545952 cells (1.8%), bbox 1858x1771 @ (1158,2514)
  face #693: 503009 cells (1.6%), bbox 1337x993 @ (294,2535)
  face #823: 449557 cells (1.5%), bbox 1310x1321 @ (1711,2964)
  face #572: 363759 cells (1.2%), bbox 1117x790 @ (3347,2099)
  face #419: 361507 cells (1.2%), bbox 597x1209 @ (3917,1701)
  face #192: 341437 cells (1.1%), bbox 1204x722 @ (555,1274)
  face #241: 311646 cells (1.0%), bbox 835x1158 @ (582,1333)
[face-cohesion] 64 clusters analysed, 22 low-cohesion (<60% in dominant face)
  cohesion histogram:
     20%- 29%: 1 clusters
     30%- 39%: 8 clusters
     40%- 49%: 1 clusters
     50%- 59%: 12 clusters
     60%- 69%: 12 clusters
     70%- 79%: 2 clusters
     80%- 89%: 2 clusters
    100%-100%: 26 clusters
  top 10 low-cohesion clusters (largest first):
    _louv_67: 5 members, 2 in dominant face, 3 faces total (40%)
    _louv_42: 5 members, 1 in dominant face, 5 faces total (20%)
    _louv_60: 4 members, 2 in dominant face, 2 faces total (50%)
    _louv_35: 4 members, 2 in dominant face, 3 faces total (50%)
    _louv_71: 3 members, 1 in dominant face, 3 faces total (33%)
    _louv_40: 3 members, 1 in dominant face, 3 faces total (33%)
    _louv_27: 3 members, 1 in dominant face, 3 faces total (33%)
    _louv_25: 3 members, 1 in dominant face, 3 faces total (33%)
    _louv_24: 3 members, 1 in dominant face, 3 faces total (33%)
    _louv_47: 3 members, 1 in dominant face, 3 faces total (33%)
[face-density] 575 micro-faces (size<50), top 10 hot regions (macro 64x64 cells):
  region (7,45): 31 micro-faces, world (1526,13919)-(1846,14239)
  region (47,3): 26 micro-faces, world (14325,480)-(14645,800)
  region (46,6): 24 micro-faces, world (14005,1440)-(14325,1760)
  region (8,46): 23 micro-faces, world (1846,14239)-(2166,14559)
  region (44,65): 23 micro-faces, world (13365,20319)-(13685,20639)
  region (43,65): 19 micro-faces, world (13045,20319)-(13365,20639)
  region (45,7): 17 micro-faces, world (13685,1760)-(14005,2080)
  region (43,64): 15 micro-faces, world (13045,19999)-(13365,20319)
  region (49,7): 14 micro-faces, world (14965,1760)-(15285,2080)
  region (50,9): 14 micro-faces, world (15285,2400)-(15605,2720)
[face-ppm] Wrote /tmp/face-raster.ppm (3463x2246, downsampled from 6926x4493 by 2)
[face-untangle] 22 target clusters, 35 strays, 2 moved (poly cross 313 → 310, 3 fewer)
[stuck-leaf-2d] pass 1: 4 candidates, 3 moved, 3 cost units resolved.
[stuck-leaf-2d] pass 2: 1 candidates, 0 moved, 0 cost units resolved.
[stuck-leaf-2d] 1 candidates, 3 moved, 3 cost units resolved (poly cross 310 → 307, 3 fewer)
[hot-region-sa] 22 hot cells (≥4 cross, 307 cross pts), top 5 processed, 14/347 swap accepted (cross 307 → 307, 0 fewer)
