[community] algorithm=louvain communities=91 meta=6
[hub-bias] Super-graph: pushed 5 high-deg cluster roots to 1.4x avgR.
[cg-time] 7ms post-hub-bias
[cg-time] 356ms pre-§10-outward-radial
[cg-time] 356ms pre-§11-compose
[cg-time] 356ms pre-§12-pruning-reattach
[cg-time] 356ms pre-§13-cluster-swap
[cg-time] 823ms pre-§14-chain-straightening
[cg-time] 823ms pre-§15-pruned-cross-min
[§15.5] Optimized 37 alone-root+independent nodes (10 moves).
[cg-time] 829ms pre-bus-bundle
[xings-hotspot] total=318 xings across 141 offending edges (of 268)
  edge app2.M0↔app2.M1 xings=25 cluster=(?,?)
  edge app1.M0↔app17.M2 xings=20 cluster=(_louv_15,?)
  edge app3.M3↔app7.M4 xings=19 cluster=(?,_louv_46)
  edge app15.M0↔app15.M2 xings=17 cluster=(_louv_23,_louv_84)
  edge app16.M0↔app16.M1 xings=16 cluster=(_louv_86,?)
  edge core.Hub0↔app13.M0 xings=16 cluster=(?,_louv_76)
  edge core.Hub1↔app1.M0 xings=13 cluster=(?,_louv_15)
  edge app14.M0↔app14.M13 xings=13 cluster=(_louv_79,?)
[xings-hotspot] top cluster signatures:
  {?|_louv_57} xings=11
  {?|_louv_46} xings=8
  {?|_louv_18|_louv_57} xings=8
  {?|_louv_76} xings=7
  {?|_louv_29|_louv_57} xings=7
  {?|_louv_15} xings=6
  {?|_louv_69|_louv_79} xings=6
  {?|_louv_79} xings=5
[knot-min] Accepted 62 spatial swaps among 217 candidates.
[knot-min-2opt] Accepted 2 cross-targeted swaps.
[carrier-pre] 272 edges → 161 distinct carriers (cost-side filter).
[leaf-untangle] candidates=132, with-cross=67, moved=59, crossings-resolved=187.
[leaf-untangle] candidates=132, with-cross=30, moved=11, crossings-resolved=31.
[leaf-untangle] candidates=132, with-cross=25, moved=5, crossings-resolved=12.
[leaf-untangle] candidates=132, with-cross=24, moved=2, crossings-resolved=4.
[stuck-leaf-diag] 23 candidates with cost>0 (top 15 below):
  cost=14 deg=3 node=app9.M6 parent=app9.M0 nbrs={app9.M0,app9.M3,app3.M8}
  cost=10 deg=3 node=app1.M4 parent=app1.M0 nbrs={app1.M0,app1.M1,app2.M0}
  cost=10 deg=2 node=app11.M1 parent=app11.M0 nbrs={app11.M0,app12.M0}
  cost=8 deg=2 node=app9.M8 parent=app9.M0 nbrs={app9.M0,app9.M2}
  cost=8 deg=2 node=app11.M10 parent=app11.M0 nbrs={app11.M0,app5.M10}
  cost=7 deg=2 node=app3.M12 parent=app3.M0 nbrs={app3.M0,app4.M0}
  cost=5 deg=2 node=app5.M8 parent=app5.M0 nbrs={app5.M0,app14.M1}
  cost=5 deg=2 node=app9.M2 parent=app2.M1 nbrs={app9.M8,app2.M1}
  cost=5 deg=2 node=app9.M4 parent=app9.M0 nbrs={app9.M0,app7.M0}
  cost=4 deg=2 node=app3.M4 parent=app3.M0 nbrs={app3.M0,app15.M0}
  cost=4 deg=2 node=app5.M10 parent=app5.M0 nbrs={app5.M0,app11.M10}
  cost=4 deg=3 node=app11.M3 parent=app11.M0 nbrs={app11.M0,app11.M6,app11.M5}
  cost=4 deg=3 node=app14.M5 parent=app14.M0 nbrs={app14.M0,app14.M7,app17.M2}
  cost=3 deg=3 node=app10.M8 parent=app10.M0 nbrs={app10.M0,app10.M2,app10.M5}
  cost=3 deg=2 node=app14.M1 parent=app2.M1 nbrs={app5.M8,app2.M1}
[pd-knot] 210 polyline cross pairs, 5 resolved via endpoint swap.
[xings-detour] iters=2 initial-poly-pairs=226 accepted=9 (multi-seg, density-aware, polyline detect, iterative).
[visual-knot] 210→208 cross points, 23→23 hot cells (≥3), 46 handled, 1 swap accepted.
[leaf-untangle] candidates=132, with-cross=34, moved=12, crossings-resolved=51.
[leaf-untangle] candidates=132, with-cross=27, moved=1, crossings-resolved=1.
[leaf-untangle] candidates=132, with-cross=27, moved=0, crossings-resolved=0.
[stuck-leaf-diag] 27 candidates with cost>0 (top 15 below):
  cost=18 deg=3 node=app9.M6 parent=app9.M0 nbrs={app9.M0,app9.M3,app3.M8}
  cost=8 deg=2 node=app11.M10 parent=app11.M0 nbrs={app11.M0,app5.M10}
  cost=8 deg=2 node=app3.M12 parent=app3.M0 nbrs={app3.M0,app4.M0}
  cost=7 deg=2 node=app11.M1 parent=app11.M0 nbrs={app11.M0,app12.M0}
  cost=7 deg=2 node=app9.M8 parent=app9.M0 nbrs={app9.M0,app9.M2}
  cost=7 deg=2 node=app5.M8 parent=app5.M0 nbrs={app5.M0,app14.M1}
  cost=5 deg=3 node=app14.M5 parent=app14.M0 nbrs={app14.M0,app14.M7,app17.M2}
  cost=5 deg=2 node=app14.M1 parent=app2.M1 nbrs={app5.M8,app2.M1}
  cost=5 deg=2 node=app9.M4 parent=app9.M0 nbrs={app9.M0,app7.M0}
  cost=4 deg=3 node=app1.M4 parent=app1.M0 nbrs={app1.M0,app1.M1,app2.M0}
  cost=4 deg=3 node=app11.M3 parent=app11.M0 nbrs={app11.M0,app11.M6,app11.M5}
  cost=4 deg=2 node=app5.M10 parent=app5.M0 nbrs={app5.M0,app11.M10}
  cost=4 deg=2 node=app9.M2 parent=app2.M1 nbrs={app9.M8,app2.M1}
  cost=3 deg=3 node=app0.M1 parent=app0.M0 nbrs={app0.M0,app0.M13,app0.File13}
  cost=3 deg=2 node=app5.M7 parent=app5.M0 nbrs={app5.M0,app5.Note50}
[carrier-cross] segment 216 -> carrier-grouped 177 (-18%). Carriers: 160 total (1 bundle + 108 cluster-pair + 51 individual).
[isolated-stash] Stashed 14 edge-less nodes in 6-column strip at x>=19552.
[face-raster] grid 4402x2951 (cell 5.0x5.0 units), 576 faces, 12773278 bg cells (98.3% of grid)
  face #1: 10167761 cells (79.6%), bbox 4402x2951 @ (0,0)
  face #22: 402144 cells (3.1%), bbox 591x1812 @ (2725,130)
  face #19: 247508 cells (1.9%), bbox 869x1094 @ (2416,127)
  face #535: 154635 cells (1.2%), bbox 1079x354 @ (1883,1661)
  face #65: 149429 cells (1.2%), bbox 474x578 @ (765,684)
  face #300: 117605 cells (0.9%), bbox 432x485 @ (2628,1237)
  face #42: 100294 cells (0.8%), bbox 398x1044 @ (1265,216)
  face #45: 92618 cells (0.7%), bbox 444x524 @ (1637,252)
[face-cohesion] 49 clusters analysed, 14 low-cohesion (<60% in dominant face)
  cohesion histogram:
     20%- 29%: 1 clusters
     30%- 39%: 5 clusters
     50%- 59%: 8 clusters
     60%- 69%: 9 clusters
     70%- 79%: 2 clusters
    100%-100%: 24 clusters
  top 10 low-cohesion clusters (largest first):
    _louv_79: 4 members, 2 in dominant face, 3 faces total (50%)
    _louv_69: 4 members, 1 in dominant face, 4 faces total (25%)
    _louv_1: 4 members, 2 in dominant face, 3 faces total (50%)
    _louv_61: 4 members, 2 in dominant face, 3 faces total (50%)
    _louv_84: 3 members, 1 in dominant face, 3 faces total (33%)
    _louv_46: 3 members, 1 in dominant face, 3 faces total (33%)
    _louv_45: 3 members, 1 in dominant face, 3 faces total (33%)
    _louv_5: 3 members, 1 in dominant face, 3 faces total (33%)
    _louv_29: 3 members, 1 in dominant face, 3 faces total (33%)
    _louv_18: 2 members, 1 in dominant face, 2 faces total (50%)
[face-density] 259 micro-faces (size<50), top 10 hot regions (macro 64x64 cells):
  region (47,23): 20 micro-faces, world (14568,7028)-(14888,7348)
  region (28,14): 15 micro-faces, world (8488,4148)-(8808,4468)
  region (51,2): 12 micro-faces, world (15848,308)-(16168,628)
  region (30,15): 11 micro-faces, world (9128,4468)-(9448,4788)
  region (51,1): 10 micro-faces, world (15848,-12)-(16168,308)
  region (31,17): 10 micro-faces, world (9448,5108)-(9768,5428)
  region (31,18): 9 micro-faces, world (9448,5428)-(9768,5748)
  region (26,18): 9 micro-faces, world (7848,5428)-(8168,5748)
  region (26,24): 7 micro-faces, world (7848,7348)-(8168,7668)
  region (33,20): 7 micro-faces, world (10088,6068)-(10408,6388)
[face-ppm] Wrote /tmp/face-raster.ppm (2201x1475, downsampled from 4402x2951 by 2)
[face-untangle] 14 target clusters, 23 strays, 0 moved (poly cross 210 → 210, 0 fewer)
[stuck-leaf-2d] pass 1: 0 candidates, 0 moved, 0 cost units resolved.
[stuck-leaf-2d] 0 candidates, 0 moved, 0 cost units resolved (poly cross 210 → 210, 0 fewer)
[hot-region-sa] 21 hot cells (≥4 cross, 210 cross pts), top 5 processed, 27/825 swap accepted (cross 210 → 210, 0 fewer)
