[community] algorithm=louvain communities=22 meta=3
[hub-bias] Super-graph: pushed 3 high-deg cluster roots to 1.4x avgR.
[cg-time] 1ms post-hub-bias
[cg-time] 1ms pre-§10-outward-radial
[cg-time] 1ms pre-§11-compose
[cg-time] 1ms pre-§12-pruning-reattach
[cg-time] 1ms pre-§13-cluster-swap
[cg-time] 2ms pre-§14-chain-straightening
[cg-time] 2ms pre-§15-pruned-cross-min
[§15.5] Optimized 6 alone-root+independent nodes (1 moves).
[cg-time] 2ms pre-bus-bundle
[bus-bundle] Created 1 bus bundles (2 members, sig ≥ 2 roots).
[xings-hotspot] total=6 xings across 10 offending edges (of 65)
  edge core.Hub1↔app1.M0 xings=2 cluster=(?,_louv_11)
  edge app0.M1↔app1.M2 xings=2 cluster=(_louv_3,_louv_13)
  edge core.Hub0↔app2.M0 xings=1 cluster=(?,_louv_14)
  edge core.Hub2↔app1.M0 xings=1 cluster=(?,_louv_11)
  edge app0.M0↔app3.M0 xings=1 cluster=(_louv_2,?)
  edge app0.M8↔app0.Log8 xings=1 cluster=(_louv_10,_louv_10)
  edge app1.M2↔app1.Note17 xings=1 cluster=(_louv_13,_louv_13)
  edge app2.M0↔app2.M6 xings=1 cluster=(_louv_14,?)
[xings-hotspot] top cluster signatures:
  {?|_louv_10|_louv_11} xings=1
  {?|_louv_11|_louv_13} xings=1
  {?|_louv_11|_louv_13|_louv_3} xings=1
  {?|_louv_13|_louv_2|_louv_3} xings=1
  {?|_louv_14} xings=1
  {?|_louv_14|_louv_18} xings=1
[knot-min] Accepted 7 spatial swaps among 57 candidates.
[carrier-pre] 66 edges → 39 distinct carriers (cost-side filter).
[leaf-untangle] candidates=42, with-cross=12, moved=12, crossings-resolved=55.
[leaf-untangle] candidates=42, with-cross=1, moved=1, crossings-resolved=3.
[leaf-untangle] candidates=42, with-cross=0, moved=0, crossings-resolved=0.
[stuck-leaf-diag] 2 candidates with cost>0 (top 15 below):
  cost=8 deg=1 node=core.Asset11 parent=core.Hub1 nbrs={core.Hub1}
  cost=3 deg=2 node=app1.M1 parent=app1.M0 nbrs={app1.M0,app1.Tag29}
[pd-knot] 5 polyline cross pairs, 0 resolved via endpoint swap.
[xings-detour] iters=2 initial-poly-pairs=6 accepted=1 (multi-seg, density-aware, polyline detect, iterative).
[visual-knot] 5→5 cross points, 0→0 hot cells (≥3), 0 handled, 0 swap accepted.
[leaf-untangle] candidates=42, with-cross=0, moved=0, crossings-resolved=0.
[stuck-leaf-diag] 2 candidates with cost>0 (top 15 below):
  cost=8 deg=1 node=core.Asset11 parent=core.Hub1 nbrs={core.Hub1}
  cost=3 deg=2 node=app1.M1 parent=app1.M0 nbrs={app1.M0,app1.Tag29}
[carrier-cross] segment 5 -> carrier-grouped 5 (-0%). Carriers: 39 total (2 bundle + 20 cluster-pair + 17 individual).
[face-raster] grid 2176x1452 (cell 5.0x5.0 units), 58 faces, 3109861 bg cells (98.4% of grid)
  face #1: 2396022 cells (77.0%), bbox 2176x1452 @ (0,0)
  face #2: 355535 cells (11.4%), bbox 1109x875 @ (980,59)
  face #4: 199849 cells (6.4%), bbox 462x700 @ (451,329)
  face #27: 98841 cells (3.2%), bbox 232x665 @ (227,674)
  face #18: 17857 cells (0.6%), bbox 220x487 @ (759,541)
  face #17: 11925 cells (0.4%), bbox 96x248 @ (358,513)
  face #26: 7150 cells (0.2%), bbox 83x456 @ (255,674)
  face #16: 4143 cells (0.1%), bbox 77x157 @ (373,451)
[face-cohesion] 17 clusters analysed, 1 low-cohesion (<60% in dominant face)
  cohesion histogram:
     50%- 59%: 1 clusters
     60%- 69%: 2 clusters
    100%-100%: 14 clusters
  top 1 low-cohesion clusters (largest first):
    _louv_13: 2 members, 1 in dominant face, 2 faces total (50%)
[face-density] 36 micro-faces (size<50), top 10 hot regions (macro 64x64 cells):
  region (5,10): 7 micro-faces, world (901,3005)-(1221,3325)
  region (21,11): 7 micro-faces, world (6021,3325)-(6341,3645)
  region (7,5): 5 micro-faces, world (1541,1406)-(1861,1726)
  region (5,11): 5 micro-faces, world (901,3325)-(1221,3645)
  region (32,14): 5 micro-faces, world (9541,4285)-(9861,4605)
  region (7,6): 2 micro-faces, world (1541,1726)-(1861,2046)
  region (31,14): 2 micro-faces, world (9221,4285)-(9541,4605)
  region (5,9): 1 micro-faces, world (901,2685)-(1221,3005)
  region (4,14): 1 micro-faces, world (581,4285)-(901,4605)
  region (3,20): 1 micro-faces, world (261,6204)-(581,6524)
[face-ppm] Wrote /tmp/face-raster.ppm (2176x1452, downsampled from 2176x1452 by 1)
[face-untangle] 1 target clusters, 1 strays, 0 moved (poly cross 5 → 5, 0 fewer)
[stuck-leaf-2d] pass 1: 1 candidates, 1 moved, 2 cost units resolved.
[stuck-leaf-2d] pass 2: 0 candidates, 0 moved, 0 cost units resolved.
[stuck-leaf-2d] 0 candidates, 1 moved, 2 cost units resolved (poly cross 5 → 4, 1 fewer)
[hot-region-sa] 0 hot cells (≥4 cross, 4 cross pts), top 0 processed, 0/0 swap accepted (cross 4 → 4, 0 fewer)
