[community] algorithm=louvain communities=63 meta=3
[hub-bias] Super-graph: pushed 6 high-deg cluster roots to 1.4x avgR.
[cg-time] 3ms post-hub-bias
[cg-time] 7ms pre-§10-outward-radial
[cg-time] 7ms pre-§11-compose
[cg-time] 7ms pre-§12-pruning-reattach
[cg-time] 7ms pre-§13-cluster-swap
[cg-time] 322ms pre-§14-chain-straightening
[cg-time] 322ms pre-§15-pruned-cross-min
[§15.5] Optimized 25 alone-root+independent nodes (6 moves).
[cg-time] 324ms pre-bus-bundle
[xings-hotspot] total=165 xings across 74 offending edges (of 207)
  edge core.Hub0↔app0.M0 xings=16 cluster=(_louv_0,_louv_3)
  edge core.Hub0↔app3.M0 xings=12 cluster=(_louv_0,_louv_21)
  edge core.Hub1↔app6.M0 xings=11 cluster=(_louv_1,_louv_45)
  edge app11.M0↔app11.M5 xings=10 cluster=(_louv_61,_louv_44)
  edge app3.M4↔app9.M0 xings=10 cluster=(?,?)
  edge app1.M0↔app1.M6 xings=10 cluster=(_louv_11,_louv_16)
  edge core.Hub1↔app4.M0 xings=10 cluster=(_louv_1,?)
  edge app10.M0↔app10.M2 xings=9 cluster=(?,_louv_47)
[xings-hotspot] top cluster signatures:
  {?|_louv_47} xings=5
  {?|_louv_0|_louv_3} xings=4
  {?|_louv_0} xings=3
  {?|_louv_0|_louv_61} xings=3
  {?|_louv_0|_louv_47|_louv_61} xings=3
  {?|_louv_0|_louv_1|_louv_3} xings=3
  {?|_louv_0|_louv_1|_louv_21} xings=3
  {?|_louv_47|_louv_61} xings=3
[bundle-clear] Pushed 3 nodes off bundle bboxes.
[knot-min] Accepted 22 spatial swaps among 159 candidates.
[carrier-pre] 210 edges → 127 distinct carriers (cost-side filter).
[leaf-untangle] candidates=102, with-cross=38, moved=29, crossings-resolved=120.
[leaf-untangle] candidates=102, with-cross=26, moved=12, crossings-resolved=34.
[leaf-untangle] candidates=102, with-cross=20, moved=6, crossings-resolved=19.
[leaf-untangle] candidates=102, with-cross=17, moved=0, crossings-resolved=0.
[stuck-leaf-diag] 17 candidates with cost>0 (top 15 below):
  cost=9 deg=3 node=app7.M4 parent=app7.M0 nbrs={app7.M0,app7.M8,app11.M2}
  cost=7 deg=3 node=app3.M4 parent=app3.M0 nbrs={app3.M0,app3.M11,app9.M0}
  cost=5 deg=2 node=app3.M9 parent=app3.M0 nbrs={app3.M0,app11.M0}
  cost=5 deg=2 node=app5.M9 parent=app5.M0 nbrs={app5.M0,app9.M0}
  cost=4 deg=3 node=app3.M1 parent=app3.M0 nbrs={app3.M0,app3.M6,app3.M5}
  cost=3 deg=3 node=app3.M5 parent=app3.M0 nbrs={app3.M0,app3.M1,app3.M13}
  cost=3 deg=3 node=app5.M6 parent=app5.M0 nbrs={app5.M0,app5.M8,app5.Note1}
  cost=3 deg=3 node=app5.M8 parent=app5.M0 nbrs={app5.M0,app5.M6,app5.M4}
  cost=3 deg=2 node=app5.M13 parent=app5.M0 nbrs={app5.M0,app5.M7}
  cost=3 deg=3 node=app8.M4 parent=app8.M0 nbrs={app8.M0,app8.M2,app9.M2}
  cost=2 deg=2 node=app1.M8 parent=app1.M0 nbrs={app1.M0,app6.M0}
  cost=2 deg=2 node=app7.M3 parent=app7.M0 nbrs={app7.M0,app4.M0}
  cost=1 deg=2 node=app0.M4 parent=app0.M0 nbrs={app0.M0,app0.M5}
  cost=1 deg=2 node=app2.M4 parent=app2.M0 nbrs={app2.M0,app2.M5}
  cost=1 deg=2 node=app4.M7 parent=app4.M9 nbrs={app4.M9,app4.M10}
[pd-knot] 118 polyline cross pairs, 2 resolved via endpoint swap.
[xings-detour] iters=3 initial-poly-pairs=116 accepted=6 (multi-seg, density-aware, polyline detect, iterative).
[visual-knot] 108→107 cross points, 9→9 hot cells (≥3), 18 handled, 1 swap accepted.
[leaf-untangle] candidates=102, with-cross=25, moved=10, crossings-resolved=24.
[leaf-untangle] candidates=102, with-cross=16, moved=0, crossings-resolved=0.
[stuck-leaf-diag] 16 candidates with cost>0 (top 15 below):
  cost=7 deg=3 node=app3.M4 parent=app3.M0 nbrs={app3.M0,app3.M11,app9.M0}
  cost=5 deg=2 node=app3.M9 parent=app3.M0 nbrs={app3.M0,app11.M0}
  cost=5 deg=2 node=app5.M9 parent=app5.M0 nbrs={app5.M0,app9.M0}
  cost=5 deg=3 node=app7.M4 parent=app7.M0 nbrs={app7.M0,app7.M8,app11.M2}
  cost=4 deg=3 node=app3.M1 parent=app3.M0 nbrs={app3.M0,app3.M6,app3.M5}
  cost=3 deg=3 node=app3.M5 parent=app3.M0 nbrs={app3.M0,app3.M1,app3.M13}
  cost=3 deg=3 node=app5.M6 parent=app5.M0 nbrs={app5.M0,app5.M8,app5.Note1}
  cost=3 deg=3 node=app5.M8 parent=app5.M0 nbrs={app5.M0,app5.M6,app5.M4}
  cost=3 deg=2 node=app5.M13 parent=app5.M0 nbrs={app5.M0,app5.M7}
  cost=3 deg=3 node=app8.M4 parent=app8.M0 nbrs={app8.M0,app8.M2,app9.M2}
  cost=2 deg=2 node=app1.M8 parent=app1.M0 nbrs={app1.M0,app6.M0}
  cost=2 deg=2 node=app7.M3 parent=app7.M0 nbrs={app7.M0,app4.M0}
  cost=1 deg=2 node=app0.M4 parent=app0.M0 nbrs={app0.M0,app0.M5}
  cost=1 deg=2 node=app2.M4 parent=app2.M0 nbrs={app2.M0,app2.M5}
  cost=1 deg=2 node=app4.M7 parent=app4.M9 nbrs={app4.M9,app4.M10}
[carrier-cross] segment 107 -> carrier-grouped 95 (-11%). Carriers: 124 total (1 bundle + 83 cluster-pair + 40 individual).
[isolated-stash] Stashed 6 edge-less nodes in 6-column strip at x>=24214.
[face-raster] grid 5361x3525 (cell 5.0x5.0 units), 362 faces, 18722163 bg cells (99.1% of grid)
  face #1: 14401458 cells (76.9%), bbox 5361x3525 @ (0,0)
  face #102: 473152 cells (2.5%), bbox 1514x802 @ (2893,1802)
  face #6: 395640 cells (2.1%), bbox 1608x1259 @ (159,1413)
  face #329: 374845 cells (2.0%), bbox 1620x472 @ (2505,2848)
  face #352: 358935 cells (1.9%), bbox 1727x409 @ (2380,3030)
  face #122: 331268 cells (1.8%), bbox 854x986 @ (2663,1861)
  face #4: 190941 cells (1.0%), bbox 1401x363 @ (857,1134)
  face #299: 161405 cells (0.9%), bbox 1026x341 @ (2783,2606)
[face-cohesion] 38 clusters analysed, 17 low-cohesion (<60% in dominant face)
  cohesion histogram:
     20%- 29%: 2 clusters
     30%- 39%: 2 clusters
     50%- 59%: 13 clusters
     60%- 69%: 4 clusters
     70%- 79%: 3 clusters
    100%-100%: 14 clusters
  top 10 low-cohesion clusters (largest first):
    _louv_45: 6 members, 2 in dominant face, 5 faces total (33%)
    _louv_37: 5 members, 1 in dominant face, 5 faces total (20%)
    _louv_46: 4 members, 2 in dominant face, 2 faces total (50%)
    _louv_47: 4 members, 2 in dominant face, 3 faces total (50%)
    _louv_61: 4 members, 1 in dominant face, 4 faces total (25%)
    _louv_50: 3 members, 1 in dominant face, 3 faces total (33%)
    _louv_12: 2 members, 1 in dominant face, 2 faces total (50%)
    _louv_58: 2 members, 1 in dominant face, 2 faces total (50%)
    _louv_21: 2 members, 1 in dominant face, 2 faces total (50%)
    _louv_44: 2 members, 1 in dominant face, 2 faces total (50%)
[face-density] 169 micro-faces (size<50), top 10 hot regions (macro 64x64 cells):
  region (33,29): 20 micro-faces, world (9996,8892)-(10316,9212)
  region (34,29): 18 micro-faces, world (10316,8892)-(10636,9212)
  region (29,25): 13 micro-faces, world (8716,7612)-(9036,7932)
  region (46,24): 11 micro-faces, world (14156,7292)-(14476,7612)
  region (34,30): 9 micro-faces, world (10316,9212)-(10636,9532)
  region (31,37): 7 micro-faces, world (9356,11452)-(9676,11772)
  region (37,49): 7 micro-faces, world (11276,15291)-(11596,15611)
  region (23,38): 7 micro-faces, world (6796,11772)-(7116,12092)
  region (32,29): 7 micro-faces, world (9676,8892)-(9996,9212)
  region (41,44): 6 micro-faces, world (12556,13692)-(12876,14012)
[face-ppm] Wrote /tmp/face-raster.ppm (2680x1762, downsampled from 5361x3525 by 2)
[face-untangle] 15 target clusters, 21 strays, 1 moved (poly cross 106 → 105, 1 fewer)
[stuck-leaf-2d] pass 1: 0 candidates, 0 moved, 0 cost units resolved.
[stuck-leaf-2d] 0 candidates, 0 moved, 0 cost units resolved (poly cross 105 → 105, 0 fewer)
[hot-region-sa] 9 hot cells (≥4 cross, 105 cross pts), top 5 processed, 62/614 swap accepted (cross 105 → 103, 2 fewer)
