[community] algorithm=louvain communities=32 meta=3
[hub-bias] Super-graph: pushed 3 high-deg cluster roots to 1.4x avgR.
[cg-time] 4ms post-hub-bias
[cg-time] 6ms pre-§10-outward-radial
[cg-time] 6ms pre-§11-compose
[cg-time] 6ms pre-§12-pruning-reattach
[cg-time] 6ms pre-§13-cluster-swap
[cg-time] 21ms pre-§14-chain-straightening
[cg-time] 21ms pre-§15-pruned-cross-min
[§15.5] Optimized 9 alone-root+independent nodes (2 moves).
[cg-time] 22ms pre-bus-bundle
[bus-bundle] Created 1 bus bundles (2 members, sig ≥ 2 roots).
[xings-hotspot] total=47 xings across 41 offending edges (of 107)
  edge core.Hub1↔app7.M0 xings=9 cluster=(?,?)
  edge core.Hub0↔app4.M0 xings=7 cluster=(?,?)
  edge app2.M3↔app7.M0 xings=5 cluster=(_louv_7,?)
  edge app0.M0↔app0.M9 xings=4 cluster=(_louv_2,?)
  edge app0.M2↔app4.M0 xings=4 cluster=(?,?)
  edge app0.M9↔app0.M12 xings=4 cluster=(?,?)
  edge app1.M0↔app1.M1 xings=4 cluster=(_louv_11,?)
  edge app1.M4↔app6.M8 xings=4 cluster=(_louv_14,_louv_29)
[xings-hotspot] top cluster signatures:
  {?|_louv_2} xings=5
  {?|_louv_19} xings=5
  {?} xings=4
  {?|_louv_29} xings=3
  {?|_louv_15|_louv_7} xings=2
  {?|_louv_13} xings=2
  {?|_louv_13|_louv_7} xings=2
  {?|_louv_14|_louv_29} xings=2
[knot-min] Accepted 8 spatial swaps among 86 candidates.
[knot-min-2opt] Accepted 3 cross-targeted swaps.
[carrier-pre] 109 edges → 56 distinct carriers (cost-side filter).
[leaf-untangle] candidates=48, with-cross=10, moved=9, crossings-resolved=33.
[leaf-untangle] candidates=48, with-cross=5, moved=2, crossings-resolved=5.
[leaf-untangle] candidates=48, with-cross=4, moved=0, crossings-resolved=0.
[stuck-leaf-diag] 6 candidates with cost>0 (top 15 below):
  cost=13 deg=3 node=app0.M9 parent=app0.M0 nbrs={app0.M0,app0.M12,app2.M0}
  cost=4 deg=3 node=app7.M2 parent=app7.M0 nbrs={app7.M0,app7.M1,app3.M4}
  cost=3 deg=1 node=app0.M10 parent=app0.M0 nbrs={app0.M0}
  cost=1 deg=2 node=app2.M1 parent=app2.M0 nbrs={app2.M0,app6.M3}
  cost=1 deg=2 node=app4.M4 parent=app4.M2 nbrs={app4.M2,app2.M3}
  cost=1 deg=2 node=app6.M3 parent=app6.M0 nbrs={app6.M0,app2.M1}
[pd-knot] 28 polyline cross pairs, 1 resolved via endpoint swap.
[xings-detour] iters=1 initial-poly-pairs=28 accepted=0 (multi-seg, density-aware, polyline detect, iterative).
[visual-knot] 25→25 cross points, 0→0 hot cells (≥3), 0 handled, 0 swap accepted.
[leaf-untangle] candidates=48, with-cross=5, moved=2, crossings-resolved=4.
[leaf-untangle] candidates=48, with-cross=5, moved=2, crossings-resolved=3.
[leaf-untangle] candidates=48, with-cross=4, moved=0, crossings-resolved=0.
[stuck-leaf-diag] 6 candidates with cost>0 (top 15 below):
  cost=13 deg=3 node=app0.M9 parent=app0.M0 nbrs={app0.M0,app0.M12,app2.M0}
  cost=7 deg=3 node=app7.M2 parent=app7.M0 nbrs={app7.M0,app7.M1,app3.M4}
  cost=3 deg=1 node=app0.M10 parent=app0.M0 nbrs={app0.M0}
  cost=1 deg=2 node=app2.M1 parent=app2.M0 nbrs={app2.M0,app6.M3}
  cost=1 deg=2 node=app4.M4 parent=app4.M2 nbrs={app4.M2,app2.M3}
  cost=1 deg=2 node=app6.M3 parent=app6.M0 nbrs={app6.M0,app2.M1}
[carrier-cross] segment 28 -> carrier-grouped 25 (-11%). Carriers: 58 total (2 bundle + 35 cluster-pair + 21 individual).
[isolated-stash] Stashed 3 edge-less nodes in 6-column strip at x>=27525.
[face-raster] grid 5900x5193 (cell 5.0x5.0 units), 244 faces, 30511282 bg cells (99.6% of grid)
  face #1: 23513619 cells (77.1%), bbox 5900x5193 @ (0,0)
  face #147: 1703602 cells (5.6%), bbox 1764x1937 @ (3770,3027)
  face #190: 506830 cells (1.7%), bbox 721x1483 @ (2049,3583)
  face #7: 470320 cells (1.5%), bbox 481x2933 @ (3261,202)
  face #128: 303208 cells (1.0%), bbox 592x824 @ (2212,2790)
  face #146: 302028 cells (1.0%), bbox 849x1012 @ (1873,2992)
  face #10: 268108 cells (0.9%), bbox 692x1544 @ (3023,238)
  face #5: 263129 cells (0.9%), bbox 544x2398 @ (3198,195)
[face-cohesion] 21 clusters analysed, 10 low-cohesion (<60% in dominant face)
  cohesion histogram:
     20%- 29%: 1 clusters
     30%- 39%: 4 clusters
     40%- 49%: 1 clusters
     50%- 59%: 4 clusters
     60%- 69%: 2 clusters
     70%- 79%: 1 clusters
    100%-100%: 8 clusters
  top 10 low-cohesion clusters (largest first):
    _louv_29: 5 members, 1 in dominant face, 5 faces total (20%)
    _louv_13: 5 members, 2 in dominant face, 3 faces total (40%)
    _louv_9: 4 members, 2 in dominant face, 2 faces total (50%)
    _louv_24: 3 members, 1 in dominant face, 3 faces total (33%)
    _louv_21: 3 members, 1 in dominant face, 3 faces total (33%)
    _louv_16: 3 members, 1 in dominant face, 3 faces total (33%)
    _louv_11: 3 members, 1 in dominant face, 3 faces total (33%)
    _louv_7: 2 members, 1 in dominant face, 2 faces total (50%)
    _louv_15: 2 members, 1 in dominant face, 2 faces total (50%)
    _louv_25: 2 members, 1 in dominant face, 2 faces total (50%)
[face-density] 172 micro-faces (size<50), top 10 hot regions (macro 64x64 cells):
  region (39,47): 20 micro-faces, world (11864,14491)-(12183,14811)
  region (22,65): 18 micro-faces, world (6424,20251)-(6744,20571)
  region (30,38): 18 micro-faces, world (8984,11612)-(9304,11932)
  region (30,37): 17 micro-faces, world (8984,11292)-(9304,11612)
  region (22,64): 14 micro-faces, world (6424,19931)-(6744,20251)
  region (22,66): 11 micro-faces, world (6424,20571)-(6744,20891)
  region (29,39): 11 micro-faces, world (8664,11932)-(8984,12252)
  region (50,29): 8 micro-faces, world (15383,8732)-(15703,9052)
  region (48,32): 7 micro-faces, world (14743,9692)-(15063,10012)
  region (56,45): 6 micro-faces, world (17303,13851)-(17623,14171)
[face-ppm] Wrote /tmp/face-raster.ppm (2950x2596, downsampled from 5900x5193 by 2)
[face-untangle] 9 target clusters, 16 strays, 0 moved (poly cross 25 → 25, 0 fewer)
[stuck-leaf-2d] pass 1: 0 candidates, 0 moved, 0 cost units resolved.
[stuck-leaf-2d] 0 candidates, 0 moved, 0 cost units resolved (poly cross 25 → 25, 0 fewer)
[hot-region-sa] 0 hot cells (≥4 cross, 25 cross pts), top 0 processed, 0/0 swap accepted (cross 25 → 25, 0 fewer)
