[community] algorithm=louvain communities=89 meta=4
[hub-bias] Super-graph: pushed 2 high-deg cluster roots to 1.4x avgR.
[cg-time] 7ms post-hub-bias
[cg-time] 59ms pre-§10-outward-radial
[cg-time] 59ms pre-§11-compose
[cg-time] 59ms pre-§12-pruning-reattach
[cg-time] 59ms pre-§13-cluster-swap
[cg-time] 335ms pre-§14-chain-straightening
[cg-time] 335ms pre-§15-pruned-cross-min
[§15.5] Optimized 28 alone-root+independent nodes (14 moves).
[cg-time] 340ms pre-bus-bundle
[xings-hotspot] total=244 xings across 122 offending edges (of 259)
  edge app7.M0↔app7.M7 xings=17 cluster=(_louv_46,?)
  edge app6.M5↔app11.M3 xings=16 cluster=(?,_louv_61)
  edge app1.M9↔app13.M5 xings=13 cluster=(_louv_10,?)
  edge app2.M2↔app2.M12 xings=13 cluster=(?,?)
  edge app7.M0↔app7.M5 xings=13 cluster=(_louv_46,?)
  edge app2.M0↔app2.M1 xings=12 cluster=(_louv_13,_louv_14)
  edge app9.M1↔app12.M6 xings=11 cluster=(?,?)
  edge app11.M0↔app11.M3 xings=10 cluster=(_louv_59,_louv_61)
[xings-hotspot] top cluster signatures:
  {?|_louv_46} xings=17
  {?|_louv_25|_louv_46} xings=9
  {?|_louv_46|_louv_61} xings=8
  {?} xings=8
  {?|_louv_25} xings=8
  {?|_louv_25|_louv_61} xings=7
  {?|_louv_61} xings=7
  {?|_louv_23|_louv_59} xings=4
[knot-min] Accepted 58 spatial swaps among 217 candidates.
[carrier-pre] 260 edges → 157 distinct carriers (cost-side filter).
[leaf-untangle] candidates=134, with-cross=64, moved=52, crossings-resolved=228.
[leaf-untangle] candidates=134, with-cross=37, moved=14, crossings-resolved=43.
[leaf-untangle] candidates=134, with-cross=26, moved=1, crossings-resolved=3.
[leaf-untangle] candidates=134, with-cross=25, moved=0, crossings-resolved=0.
[stuck-leaf-diag] 25 candidates with cost>0 (top 15 below):
  cost=17 deg=3 node=app5.M5 parent=app5.M0 nbrs={app5.M0,app5.M11,app7.M5}
  cost=15 deg=3 node=app7.M5 parent=app7.M0 nbrs={app7.M0,app7.M6,app5.M5}
  cost=8 deg=3 node=app11.M4 parent=app11.M0 nbrs={app11.M0,app11.M3,app13.M5}
  cost=8 deg=2 node=app1.M9 parent=app13.M5 nbrs={app1.M5,app13.M5}
  cost=8 deg=3 node=app10.M8 parent=app10.M0 nbrs={app10.M0,app10.M4,app10.File10}
  cost=7 deg=3 node=app11.M1 parent=app11.M0 nbrs={app11.M0,app11.M10,app11.M6}
  cost=6 deg=2 node=app5.M1 parent=app5.M0 nbrs={app5.M0,app7.M3}
  cost=5 deg=3 node=app18.M2 parent=app18.M1 nbrs={app18.M0,app18.M1,app6.M1}
  cost=5 deg=3 node=app5.M8 parent=app5.M0 nbrs={app5.M0,app5.M4,app10.M4}
  cost=5 deg=2 node=app11.M10 parent=app11.M0 nbrs={app11.M0,app11.M1}
  cost=4 deg=2 node=app1.M5 parent=app1.M0 nbrs={app1.M0,app1.M9}
  cost=4 deg=2 node=app2.M8 parent=app4.M0 nbrs={app2.M6,app4.M0}
  cost=3 deg=2 node=app4.M10 parent=app4.M0 nbrs={app4.M0,app4.M6}
  cost=3 deg=2 node=app0.M1 parent=app0.M0 nbrs={app0.M0,app0.M6}
  cost=3 deg=3 node=app11.M6 parent=app11.M0 nbrs={app11.M0,app11.M1,app3.M2}
[pd-knot] 116 polyline cross pairs, 5 resolved via endpoint swap.
[xings-detour] iters=2 initial-poly-pairs=133 accepted=11 (multi-seg, density-aware, polyline detect, iterative).
[visual-knot] 117→117 cross points, 11→11 hot cells (≥3), 11 handled, 0 swap accepted.
[leaf-untangle] candidates=134, with-cross=30, moved=9, crossings-resolved=21.
[leaf-untangle] candidates=134, with-cross=26, moved=4, crossings-resolved=8.
[leaf-untangle] candidates=134, with-cross=24, moved=0, crossings-resolved=0.
[stuck-leaf-diag] 24 candidates with cost>0 (top 15 below):
  cost=16 deg=3 node=app7.M5 parent=app7.M0 nbrs={app7.M0,app7.M6,app5.M5}
  cost=16 deg=3 node=app5.M5 parent=app5.M0 nbrs={app5.M0,app5.M11,app7.M5}
  cost=9 deg=3 node=app11.M4 parent=app11.M0 nbrs={app11.M0,app11.M3,app13.M5}
  cost=8 deg=2 node=app1.M9 parent=app13.M5 nbrs={app1.M5,app13.M5}
  cost=8 deg=3 node=app10.M8 parent=app10.M0 nbrs={app10.M0,app10.M4,app10.File10}
  cost=6 deg=2 node=app5.M1 parent=app5.M0 nbrs={app5.M0,app7.M3}
  cost=6 deg=2 node=app1.M5 parent=app1.M0 nbrs={app1.M0,app1.M9}
  cost=6 deg=3 node=app11.M1 parent=app11.M0 nbrs={app11.M0,app11.M10,app11.M6}
  cost=5 deg=3 node=app18.M2 parent=app18.M1 nbrs={app18.M0,app18.M1,app6.M1}
  cost=5 deg=3 node=app5.M8 parent=app5.M0 nbrs={app5.M0,app5.M4,app10.M4}
  cost=5 deg=2 node=app2.M8 parent=app4.M0 nbrs={app2.M6,app4.M0}
  cost=4 deg=2 node=app10.M9 parent=app10.M0 nbrs={app10.M0,app9.M0}
  cost=3 deg=2 node=app4.M10 parent=app4.M0 nbrs={app4.M0,app4.M6}
  cost=3 deg=2 node=app0.M1 parent=app0.M0 nbrs={app0.M0,app0.M6}
  cost=2 deg=2 node=app7.M6 parent=app7.M0 nbrs={app7.M0,app7.M5}
[isolated-stash] Stashed 13 edge-less nodes in 6-column strip at x>=15606.
[face-raster] grid 3632x3802 (cell 5.0x5.0 units), 507 faces, 13598911 bg cells (98.5% of grid)
  face #1: 9972527 cells (73.3%), bbox 3632x3802 @ (0,0)
  face #154: 1314340 cells (9.7%), bbox 1079x2645 @ (259,1053)
  face #39: 245912 cells (1.8%), bbox 635x927 @ (222,631)
  face #121: 226597 cells (1.7%), bbox 657x825 @ (1619,983)
  face #82: 121854 cells (0.9%), bbox 760x361 @ (1560,788)
  face #425: 112889 cells (0.8%), bbox 526x563 @ (1669,1519)
  face #10: 82326 cells (0.6%), bbox 294x595 @ (933,187)
  face #117: 70580 cells (0.5%), bbox 411x297 @ (915,946)
[face-cohesion] 45 clusters analysed, 18 low-cohesion (<60% in dominant face)
  cohesion histogram:
     20%- 29%: 3 clusters
     30%- 39%: 4 clusters
     50%- 59%: 11 clusters
     60%- 69%: 6 clusters
     70%- 79%: 1 clusters
     80%- 89%: 1 clusters
    100%-100%: 19 clusters
  top 10 low-cohesion clusters (largest first):
    _louv_49: 7 members, 4 in dominant face, 4 faces total (57%)
    _louv_59: 5 members, 1 in dominant face, 5 faces total (20%)
    _louv_56: 4 members, 1 in dominant face, 4 faces total (25%)
    _louv_34: 4 members, 1 in dominant face, 4 faces total (25%)
    _louv_25: 4 members, 2 in dominant face, 3 faces total (50%)
    _louv_79: 3 members, 1 in dominant face, 3 faces total (33%)
    _louv_78: 3 members, 1 in dominant face, 3 faces total (33%)
    _louv_43: 3 members, 1 in dominant face, 3 faces total (33%)
    _louv_28: 3 members, 1 in dominant face, 3 faces total (33%)
    _louv_88: 2 members, 1 in dominant face, 2 faces total (50%)
[face-density] 291 micro-faces (size<50), top 10 hot regions (macro 64x64 cells):
  region (14,18): 23 micro-faces, world (3801,5346)-(4121,5666)
  region (15,19): 22 micro-faces, world (4121,5666)-(4441,5986)
  region (14,17): 21 micro-faces, world (3801,5026)-(4121,5346)
  region (15,22): 19 micro-faces, world (4121,6626)-(4441,6946)
  region (34,15): 17 micro-faces, world (10201,4386)-(10521,4706)
  region (15,20): 16 micro-faces, world (4121,5986)-(4441,6306)
  region (21,9): 10 micro-faces, world (6041,2466)-(6361,2786)
  region (21,14): 9 micro-faces, world (6041,4066)-(6361,4386)
  region (17,22): 9 micro-faces, world (4761,6626)-(5081,6946)
  region (25,25): 8 micro-faces, world (7321,7586)-(7641,7906)
[face-ppm] Wrote /tmp/face-raster.ppm (3632x3802, downsampled from 3632x3802 by 1)
[face-untangle] 15 target clusters, 22 strays, 1 moved (poly cross 115 → 113, 2 fewer)
[stuck-leaf-2d] pass 1: 1 candidates, 1 moved, 1 cost units resolved.
[stuck-leaf-2d] pass 2: 0 candidates, 0 moved, 0 cost units resolved.
[stuck-leaf-2d] 0 candidates, 1 moved, 1 cost units resolved (poly cross 113 → 112, 1 fewer)
[hot-region-sa] 10 hot cells (≥4 cross), top 5 processed, 33/855 swap accepted → REVERTED (cross 112 → 113)
