[community] algorithm=louvain communities=104 meta=3
[hub-bias] Super-graph: pushed 5 high-deg cluster roots to 1.4x avgR.
[cg-time] 10ms post-hub-bias
[cg-time] 298ms pre-§10-outward-radial
[cg-time] 299ms pre-§11-compose
[cg-time] 299ms pre-§12-pruning-reattach
[cg-time] 299ms pre-§13-cluster-swap
[cg-time] 964ms pre-§14-chain-straightening
[cg-time] 964ms pre-§15-pruned-cross-min
[§15.5] Optimized 45 alone-root+independent nodes (1 moves).
[cg-time] 976ms pre-bus-bundle
[xings-hotspot] total=325 xings across 130 offending edges (of 316)
  edge app9.M12↔app17.M0 xings=29 cluster=(_louv_41,?)
  edge app2.M10↔app9.M5 xings=26 cluster=(_louv_12,_louv_41)
  edge app9.M3↔app16.M0 xings=23 cluster=(?,?)
  edge app7.M1↔app12.M9 xings=21 cluster=(?,?)
  edge app9.M0↔app9.M7 xings=18 cluster=(_louv_41,?)
  edge app15.M9↔app19.M0 xings=17 cluster=(?,?)
  edge app6.M1↔app11.M0 xings=17 cluster=(?,?)
  edge app9.M0↔app10.M2 xings=16 cluster=(_louv_41,?)
[xings-hotspot] top cluster signatures:
  {?|_louv_41} xings=26
  {?} xings=17
  {?|_louv_12|_louv_41} xings=15
  {?|_louv_14} xings=10
  {?|_louv_16} xings=6
  {?|_louv_30|_louv_84} xings=6
  {?|_louv_32|_louv_84} xings=6
  {?|_louv_27} xings=6
[bundle-clear] Pushed 2 nodes off bundle bboxes.
[knot-min] Accepted 85 spatial swaps among 270 candidates.
[carrier-pre] 322 edges → 193 distinct carriers (cost-side filter).
[leaf-untangle] candidates=176, with-cross=54, moved=48, crossings-resolved=140.
[leaf-untangle] candidates=176, with-cross=18, moved=12, crossings-resolved=32.
[leaf-untangle] candidates=176, with-cross=12, moved=3, crossings-resolved=3.
[leaf-untangle] candidates=176, with-cross=13, moved=3, crossings-resolved=4.
[stuck-leaf-diag] 15 candidates with cost>0 (top 15 below):
  cost=18 deg=3 node=app9.M3 parent=app9.M0 nbrs={app9.M0,app9.M11,app16.M0}
  cost=18 deg=2 node=app13.M1 parent=app13.M0 nbrs={app13.M0,app13.M5}
  cost=6 deg=3 node=app2.M11 parent=app2.M0 nbrs={app2.M0,app2.M10,app3.M5}
  cost=4 deg=3 node=app18.M9 parent=app18.M0 nbrs={app18.M0,app18.M11,app15.M3}
  cost=3 deg=2 node=app14.M3 parent=app14.M0 nbrs={app14.M0,app14.M11}
  cost=1 deg=2 node=app2.M3 parent=app9.M8 nbrs={app2.Address45,app9.M8}
  cost=1 deg=2 node=app4.M0 parent=app4.M2 nbrs={app4.M1,app4.M2}
  cost=1 deg=2 node=app4.M1 parent=app14.M14 nbrs={app4.M0,app14.M14}
  cost=1 deg=2 node=app9.M6 parent=app9.M0 nbrs={app9.M0,app9.M12}
  cost=1 deg=2 node=app9.M8 parent=app9.M0 nbrs={app9.M0,app2.M3}
  cost=1 deg=2 node=app12.M4 parent=app15.M9 nbrs={app12.Address106,app15.M9}
  cost=1 deg=2 node=app14.M9 parent=app14.M0 nbrs={app14.M0,app14.M12}
  cost=1 deg=1 node=app1.Address94 parent=app1.M8 nbrs={app1.M8}
  cost=1 deg=1 node=app1.Note99 parent=app1.M8 nbrs={app1.M8}
  cost=1 deg=1 node=app12.Address106 parent=app12.M4 nbrs={app12.M4}
[pd-knot] 172 polyline cross pairs, 2 resolved via endpoint swap.
[xings-detour] iters=2 initial-poly-pairs=190 accepted=1 (multi-seg, density-aware, polyline detect, iterative).
[visual-knot] 185→185 cross points, 18→18 hot cells (≥3), 18 handled, 0 swap accepted.
[leaf-untangle] candidates=176, with-cross=14, moved=2, crossings-resolved=2.
[leaf-untangle] candidates=176, with-cross=13, moved=2, crossings-resolved=2.
[leaf-untangle] candidates=176, with-cross=13, moved=0, crossings-resolved=0.
[stuck-leaf-diag] 16 candidates with cost>0 (top 15 below):
  cost=19 deg=3 node=app9.M3 parent=app9.M0 nbrs={app9.M0,app9.M11,app16.M0}
  cost=17 deg=2 node=app13.M1 parent=app13.M0 nbrs={app13.M0,app13.M5}
  cost=6 deg=3 node=app2.M11 parent=app2.M0 nbrs={app2.M0,app2.M10,app3.M5}
  cost=3 deg=2 node=app14.M3 parent=app14.M0 nbrs={app14.M0,app14.M11}
  cost=1 deg=2 node=app2.M3 parent=app9.M8 nbrs={app2.Address45,app9.M8}
  cost=1 deg=2 node=app4.M0 parent=app4.M2 nbrs={app4.M1,app4.M2}
  cost=1 deg=2 node=app4.M1 parent=app14.M14 nbrs={app4.M0,app14.M14}
  cost=1 deg=2 node=app9.M6 parent=app9.M0 nbrs={app9.M0,app9.M12}
  cost=1 deg=2 node=app9.M8 parent=app9.M0 nbrs={app9.M0,app2.M3}
  cost=1 deg=2 node=app12.M4 parent=app15.M9 nbrs={app12.Address106,app15.M9}
  cost=1 deg=2 node=app14.M9 parent=app14.M0 nbrs={app14.M0,app14.M12}
  cost=1 deg=3 node=app18.M9 parent=app18.M0 nbrs={app18.M0,app18.M11,app15.M3}
  cost=1 deg=1 node=app1.Address94 parent=app1.M8 nbrs={app1.M8}
  cost=1 deg=1 node=app1.Note99 parent=app1.M8 nbrs={app1.M8}
  cost=1 deg=1 node=app8.Log103 parent=app8.M2 nbrs={app8.M2}
[carrier-cross] segment 188 -> carrier-grouped 159 (-15%). Carriers: 193 total (2 bundle + 121 cluster-pair + 70 individual).
[isolated-stash] Stashed 5 edge-less nodes in 6-column strip at x>=23597.
[face-raster] grid 5188x3783 (cell 5.0x5.0 units), 608 faces, 19376185 bg cells (98.7% of grid)
  face #1: 16606215 cells (85.7%), bbox 5188x3783 @ (0,0)
  face #459: 211923 cells (1.1%), bbox 563x790 @ (425,2257)
  face #313: 189919 cells (1.0%), bbox 709x569 @ (1969,1810)
  face #19: 189457 cells (1.0%), bbox 521x958 @ (1616,850)
  face #11: 146397 cells (0.8%), bbox 668x489 @ (681,494)
  face #389: 99122 cells (0.5%), bbox 575x262 @ (1543,2023)
  face #485: 84033 cells (0.4%), bbox 721x296 @ (1532,2295)
  face #26: 70212 cells (0.4%), bbox 308x450 @ (953,990)
[face-cohesion] 73 clusters analysed, 21 low-cohesion (<60% in dominant face)
  cohesion histogram:
     10%- 19%: 1 clusters
     20%- 29%: 1 clusters
     30%- 39%: 3 clusters
     40%- 49%: 2 clusters
     50%- 59%: 14 clusters
     60%- 69%: 11 clusters
    100%-100%: 41 clusters
  top 10 low-cohesion clusters (largest first):
    _louv_12: 8 members, 1 in dominant face, 8 faces total (12%)
    _louv_87: 5 members, 2 in dominant face, 3 faces total (40%)
    _louv_41: 5 members, 2 in dominant face, 4 faces total (40%)
    _louv_6: 5 members, 1 in dominant face, 5 faces total (20%)
    _louv_76: 4 members, 2 in dominant face, 3 faces total (50%)
    _louv_48: 4 members, 2 in dominant face, 3 faces total (50%)
    _louv_35: 4 members, 2 in dominant face, 2 faces total (50%)
    _louv_2: 3 members, 1 in dominant face, 3 faces total (33%)
    _louv_18: 3 members, 1 in dominant face, 3 faces total (33%)
    _louv_68: 3 members, 1 in dominant face, 3 faces total (33%)
[face-density] 310 micro-faces (size<50), top 10 hot regions (macro 64x64 cells):
  region (17,17): 29 micro-faces, world (4893,5028)-(5213,5348)
  region (31,43): 24 micro-faces, world (9373,13348)-(9693,13668)
  region (17,18): 21 micro-faces, world (4893,5348)-(5213,5668)
  region (17,24): 15 micro-faces, world (4893,7268)-(5213,7588)
  region (14,28): 15 micro-faces, world (3933,8548)-(4253,8868)
  region (18,17): 12 micro-faces, world (5213,5028)-(5533,5348)
  region (7,47): 11 micro-faces, world (1693,14628)-(2013,14948)
  region (19,35): 11 micro-faces, world (5533,10788)-(5853,11108)
  region (19,39): 9 micro-faces, world (5533,12068)-(5853,12388)
  region (63,2): 8 micro-faces, world (19613,228)-(19933,548)
[face-ppm] Wrote /tmp/face-raster.ppm (2594x1891, downsampled from 5188x3783 by 2)
[face-untangle] 19 target clusters, 29 strays, 1 moved (poly cross 185 → 184, 1 fewer)
[stuck-leaf-2d] pass 1: 4 candidates, 2 moved, 2 cost units resolved.
[stuck-leaf-2d] pass 2: 2 candidates, 0 moved, 0 cost units resolved.
[stuck-leaf-2d] 2 candidates, 2 moved, 2 cost units resolved (poly cross 184 → 182, 2 fewer)
[hot-region-sa] 15 hot cells (≥4 cross, 182 cross pts), top 5 processed, 23/863 swap accepted (cross 182 → 181, 1 fewer)
