[community] algorithm=louvain communities=76 meta=3
[hub-bias] Super-graph: pushed 8 high-deg cluster roots to 1.4x avgR.
[cg-time] 5ms post-hub-bias
[cg-time] 68ms pre-§10-outward-radial
[cg-time] 68ms pre-§11-compose
[cg-time] 68ms pre-§12-pruning-reattach
[cg-time] 68ms pre-§13-cluster-swap
[cg-time] 353ms pre-§14-chain-straightening
[cg-time] 353ms pre-§15-pruned-cross-min
[§15.5] Optimized 20 alone-root+independent nodes (6 moves).
[cg-time] 357ms pre-bus-bundle
[xings-hotspot] total=156 xings across 95 offending edges (of 232)
  edge app6.M0↔app6.M5 xings=14 cluster=(_louv_29,_louv_33)
  edge app4.M0↔app4.M1 xings=12 cluster=(_louv_21,_louv_22)
  edge app7.M8↔app16.M0 xings=11 cluster=(?,_louv_38)
  edge app12.M0↔app13.M0 xings=11 cluster=(_louv_58,_louv_61)
  edge app3.M0↔app3.M1 xings=10 cluster=(_louv_20,?)
  edge app5.M4↔app10.M2 xings=9 cluster=(?,_louv_49)
  edge app3.M0↔app4.M1 xings=7 cluster=(_louv_20,_louv_22)
  edge app9.M5↔app15.M0 xings=7 cluster=(?,_louv_68)
[xings-hotspot] top cluster signatures:
  {?|_louv_20|_louv_68} xings=7
  {?|_louv_49|_louv_50} xings=4
  {?|_louv_3|_louv_38} xings=3
  {?|_louv_68} xings=3
  {?|_louv_58|_louv_61|_louv_68} xings=3
  {?|_louv_58|_louv_61} xings=3
  {?|_louv_20} xings=3
  {?} xings=2
[knot-min] Accepted 54 spatial swaps among 196 candidates.
[carrier-pre] 237 edges → 141 distinct carriers (cost-side filter).
[leaf-untangle] candidates=118, with-cross=43, moved=37, crossings-resolved=159.
[leaf-untangle] candidates=118, with-cross=19, moved=5, crossings-resolved=12.
[leaf-untangle] candidates=118, with-cross=16, moved=0, crossings-resolved=0.
[stuck-leaf-diag] 16 candidates with cost>0 (top 15 below):
  cost=15 deg=3 node=app3.M1 parent=app6.M5 nbrs={app3.M0,app3.M3,app6.M5}
  cost=13 deg=3 node=app1.M7 parent=app1.M0 nbrs={app1.M0,app1.M2,app13.M7}
  cost=6 deg=3 node=app15.M7 parent=app15.M0 nbrs={app15.M0,app15.M1,app10.M1}
  cost=5 deg=3 node=app10.M6 parent=app10.M0 nbrs={app10.M0,app10.M9,app3.M3}
  cost=4 deg=3 node=app6.M3 parent=app6.M0 nbrs={app6.M0,app6.M9,app6.Tag37}
  cost=3 deg=3 node=app2.M7 parent=app2.M0 nbrs={app2.M0,app2.M12,app15.M5}
  cost=3 deg=2 node=app17.M5 parent=app12.M7 nbrs={app17.M4,app12.M7}
  cost=2 deg=3 node=app1.M2 parent=app1.M0 nbrs={app1.M7,app1.M0,app6.M9}
  cost=1 deg=2 node=app0.M4 parent=app0.M0 nbrs={app0.M0,app0.Address28}
  cost=1 deg=2 node=app1.M4 parent=app1.M0 nbrs={app1.M0,app8.M5}
  cost=1 deg=2 node=app8.M5 parent=app1.M4 nbrs={app8.M4,app1.M4}
  cost=1 deg=2 node=app9.M2 parent=app9.M0 nbrs={app9.M0,app9.M4}
  cost=1 deg=2 node=app9.M4 parent=app9.M1 nbrs={app9.M1,app9.M2}
  cost=1 deg=3 node=app15.M1 parent=app15.M0 nbrs={app15.M0,app15.M3,app15.M7}
  cost=1 deg=2 node=app17.M4 parent=app17.M0 nbrs={app17.M0,app17.M5}
[pd-knot] 78 polyline cross pairs, 4 resolved via endpoint swap.
[xings-detour] iters=2 initial-poly-pairs=77 accepted=6 (multi-seg, density-aware, polyline detect, iterative).
[visual-knot] 71→71 cross points, 3→3 hot cells (≥3), 3 handled, 0 swap accepted.
[leaf-untangle] candidates=118, with-cross=22, moved=10, crossings-resolved=30.
[leaf-untangle] candidates=118, with-cross=17, moved=2, crossings-resolved=2.
[leaf-untangle] candidates=118, with-cross=17, moved=0, crossings-resolved=0.
[stuck-leaf-diag] 17 candidates with cost>0 (top 15 below):
  cost=13 deg=3 node=app1.M7 parent=app1.M0 nbrs={app1.M0,app1.M2,app13.M7}
  cost=7 deg=3 node=app3.M1 parent=app6.M5 nbrs={app3.M0,app3.M3,app6.M5}
  cost=6 deg=3 node=app15.M7 parent=app15.M0 nbrs={app15.M0,app15.M1,app10.M1}
  cost=5 deg=3 node=app10.M6 parent=app10.M0 nbrs={app10.M0,app10.M9,app3.M3}
  cost=4 deg=3 node=app6.M3 parent=app6.M0 nbrs={app6.M0,app6.M9,app6.Tag37}
  cost=3 deg=3 node=app2.M7 parent=app2.M0 nbrs={app2.M0,app2.M12,app15.M5}
  cost=3 deg=2 node=app2.M12 parent=app2.M0 nbrs={app2.M0,app2.M7}
  cost=3 deg=2 node=app17.M5 parent=app12.M7 nbrs={app17.M4,app12.M7}
  cost=2 deg=3 node=app1.M2 parent=app1.M0 nbrs={app1.M7,app1.M0,app6.M9}
  cost=2 deg=2 node=app2.M6 parent=app2.M0 nbrs={app2.M0,app2.M2}
  cost=1 deg=2 node=app0.M4 parent=app0.M0 nbrs={app0.M0,app0.Address28}
  cost=1 deg=2 node=app1.M4 parent=app1.M0 nbrs={app1.M0,app8.M5}
  cost=1 deg=2 node=app2.M2 parent=app2.M0 nbrs={app2.M0,app2.M6}
  cost=1 deg=2 node=app8.M5 parent=app1.M4 nbrs={app8.M4,app1.M4}
  cost=1 deg=2 node=app9.M2 parent=app9.M0 nbrs={app9.M0,app9.M4}
[isolated-stash] Stashed 8 edge-less nodes in 6-column strip at x>=14763.
[face-raster] grid 3410x2887 (cell 5.0x5.0 units), 462 faces, 9657035 bg cells (98.1% of grid)
  face #1: 6742610 cells (69.8%), bbox 3410x2887 @ (0,0)
  face #59: 263769 cells (2.7%), bbox 893x956 @ (115,914)
  face #313: 218973 cells (2.3%), bbox 761x939 @ (1128,1816)
  face #3: 177992 cells (1.8%), bbox 556x726 @ (990,129)
  face #260: 175291 cells (1.8%), bbox 644x483 @ (425,1725)
  face #357: 149113 cells (1.5%), bbox 832x653 @ (109,2147)
  face #317: 137501 cells (1.4%), bbox 283x968 @ (103,1832)
  face #2: 126452 cells (1.3%), bbox 808x744 @ (689,111)
[face-cohesion] 48 clusters analysed, 20 low-cohesion (<60% in dominant face)
  cohesion histogram:
     20%- 29%: 1 clusters
     30%- 39%: 4 clusters
     40%- 49%: 1 clusters
     50%- 59%: 14 clusters
     60%- 69%: 5 clusters
     70%- 79%: 1 clusters
    100%-100%: 22 clusters
  top 10 low-cohesion clusters (largest first):
    _louv_61: 5 members, 2 in dominant face, 4 faces total (40%)
    _louv_38: 4 members, 2 in dominant face, 3 faces total (50%)
    _louv_26: 4 members, 2 in dominant face, 3 faces total (50%)
    _louv_36: 4 members, 1 in dominant face, 4 faces total (25%)
    _louv_11: 4 members, 2 in dominant face, 3 faces total (50%)
    _louv_58: 3 members, 1 in dominant face, 3 faces total (33%)
    _louv_21: 3 members, 1 in dominant face, 3 faces total (33%)
    _louv_9: 3 members, 1 in dominant face, 3 faces total (33%)
    _louv_29: 3 members, 1 in dominant face, 3 faces total (33%)
    _louv_71: 2 members, 1 in dominant face, 2 faces total (50%)
[face-density] 309 micro-faces (size<50), top 10 hot regions (macro 64x64 cells):
  region (3,42): 28 micro-faces, world (566,13112)-(886,13432)
  region (4,41): 25 micro-faces, world (886,12792)-(1206,13112)
  region (2,27): 22 micro-faces, world (246,8313)-(566,8633)
  region (17,23): 20 micro-faces, world (5046,7033)-(5365,7353)
  region (23,27): 18 micro-faces, world (6965,8313)-(7285,8633)
  region (20,41): 16 micro-faces, world (6005,12792)-(6325,13112)
  region (16,24): 16 micro-faces, world (4726,7353)-(5046,7673)
  region (24,32): 13 micro-faces, world (7285,9913)-(7605,10232)
  region (17,24): 11 micro-faces, world (5046,7353)-(5365,7673)
  region (24,10): 10 micro-faces, world (7285,2874)-(7605,3194)
[face-ppm] Wrote /tmp/face-raster.ppm (3410x2887, downsampled from 3410x2887 by 1)
[face-untangle] 19 target clusters, 28 strays, 1 moved (poly cross 74 → 72, 2 fewer)
[stuck-leaf-2d] pass 1: 1 candidates, 1 moved, 1 cost units resolved.
[stuck-leaf-2d] pass 2: 0 candidates, 0 moved, 0 cost units resolved.
[stuck-leaf-2d] 0 candidates, 1 moved, 1 cost units resolved (poly cross 72 → 71, 1 fewer)
[hot-region-sa] 2 hot cells (≥4 cross, 71 cross pts), top 2 processed, 10/270 swap accepted (cross 71 → 70, 1 fewer)
