[community] algorithm=louvain communities=81 meta=4
[hub-bias] Super-graph: pushed 7 high-deg cluster roots to 1.4x avgR.
[cg-time] 7ms post-hub-bias
[cg-time] 281ms pre-§10-outward-radial
[cg-time] 281ms pre-§11-compose
[cg-time] 281ms pre-§12-pruning-reattach
[cg-time] 281ms pre-§13-cluster-swap
[cg-time] 834ms pre-§14-chain-straightening
[cg-time] 834ms pre-§15-pruned-cross-min
[§15.5] Optimized 36 alone-root+independent nodes (9 moves).
[cg-time] 841ms pre-bus-bundle
[xings-hotspot] total=255 xings across 129 offending edges (of 294)
  edge core.Hub0↔app14.M0 xings=20 cluster=(_louv_0,_louv_68)
  edge app1.M2↔app10.M12 xings=15 cluster=(?,_louv_47)
  edge app2.M3↔app8.M0 xings=14 cluster=(?,?)
  edge app12.M0↔app12.M9 xings=14 cluster=(_louv_57,_louv_63)
  edge app15.M0↔app15.M2 xings=12 cluster=(?,?)
  edge app6.M1↔app12.M6 xings=12 cluster=(_louv_28,_louv_61)
  edge core.Hub0↔app10.M0 xings=11 cluster=(_louv_0,_louv_47)
  edge app11.M3↔app15.M2 xings=10 cluster=(_louv_55,?)
[xings-hotspot] top cluster signatures:
  {?|_louv_47} xings=13
  {?} xings=12
  {?|_louv_0|_louv_68} xings=8
  {?|_louv_55} xings=6
  {?|_louv_19} xings=6
  {?|_louv_38} xings=6
  {?|_louv_19|_louv_46} xings=6
  {?|_louv_68|_louv_70} xings=4
[bundle-clear] Pushed 3 nodes off bundle bboxes.
[knot-min] Accepted 51 spatial swaps among 223 candidates.
[carrier-pre] 299 edges → 164 distinct carriers (cost-side filter).
[leaf-untangle] candidates=138, with-cross=42, moved=38, crossings-resolved=127.
[leaf-untangle] candidates=138, with-cross=17, moved=9, crossings-resolved=37.
[leaf-untangle] candidates=138, with-cross=13, moved=3, crossings-resolved=5.
[leaf-untangle] candidates=138, with-cross=13, moved=2, crossings-resolved=3.
[stuck-leaf-diag] 14 candidates with cost>0 (top 15 below):
  cost=7 deg=3 node=app14.M5 parent=app14.M0 nbrs={app14.M0,app14.M3,app17.M3}
  cost=6 deg=3 node=app13.M1 parent=app13.M0 nbrs={app13.M0,app13.M2,app12.M9}
  cost=4 deg=3 node=app10.M5 parent=app10.M0 nbrs={app10.M0,app10.M8,app13.M4}
  cost=3 deg=3 node=app2.M5 parent=app2.M0 nbrs={app2.M0,app2.Asset3,app2.M3}
  cost=3 deg=2 node=app3.M7 parent=app3.M0 nbrs={app3.M0,app3.Asset24}
  cost=3 deg=2 node=app4.M2 parent=app2.M2 nbrs={app2.M2,app10.M2}
  cost=2 deg=2 node=app10.M2 parent=app10.M0 nbrs={app10.M0,app4.M2}
  cost=1 deg=3 node=app0.M2 parent=app0.M0 nbrs={app0.M0,app0.M1,app0.Log87}
  cost=1 deg=2 node=app0.M12 parent=app0.M0 nbrs={app0.M0,app0.M4}
  cost=1 deg=2 node=app7.M1 parent=app7.M0 nbrs={app7.M0,app7.M4}
  cost=1 deg=3 node=app12.M1 parent=app12.M0 nbrs={app12.M0,app12.M2,app5.M5}
  cost=1 deg=3 node=app12.M7 parent=app0.M0 nbrs={app12.M0,app12.M6,app0.M0}
  cost=1 deg=2 node=app15.M5 parent=app15.M0 nbrs={app15.M0,app15.File49}
  cost=1 deg=2 node=app17.M2 parent=app17.M0 nbrs={app17.M0,app10.M4}
[pd-knot] 173 polyline cross pairs, 1 resolved via endpoint swap.
[xings-detour] iters=3 initial-poly-pairs=186 accepted=8 (multi-seg, density-aware, polyline detect, iterative).
[visual-knot] 177→177 cross points, 15→15 hot cells (≥3), 15 handled, 0 swap accepted.
[leaf-untangle] candidates=138, with-cross=13, moved=1, crossings-resolved=6.
[leaf-untangle] candidates=138, with-cross=13, moved=0, crossings-resolved=0.
[stuck-leaf-diag] 14 candidates with cost>0 (top 15 below):
  cost=7 deg=3 node=app14.M5 parent=app14.M0 nbrs={app14.M0,app14.M3,app17.M3}
  cost=5 deg=3 node=app13.M1 parent=app13.M0 nbrs={app13.M0,app13.M2,app12.M9}
  cost=4 deg=3 node=app10.M5 parent=app10.M0 nbrs={app10.M0,app10.M8,app13.M4}
  cost=3 deg=3 node=app2.M5 parent=app2.M0 nbrs={app2.M0,app2.Asset3,app2.M3}
  cost=3 deg=2 node=app3.M7 parent=app3.M0 nbrs={app3.M0,app3.Asset24}
  cost=3 deg=2 node=app4.M2 parent=app2.M2 nbrs={app2.M2,app10.M2}
  cost=2 deg=2 node=app10.M2 parent=app10.M0 nbrs={app10.M0,app4.M2}
  cost=1 deg=3 node=app0.M2 parent=app0.M0 nbrs={app0.M0,app0.M1,app0.Log87}
  cost=1 deg=2 node=app0.M12 parent=app0.M0 nbrs={app0.M0,app0.M4}
  cost=1 deg=2 node=app7.M1 parent=app7.M0 nbrs={app7.M0,app7.M4}
  cost=1 deg=3 node=app12.M1 parent=app12.M0 nbrs={app12.M0,app12.M2,app5.M5}
  cost=1 deg=3 node=app12.M7 parent=app0.M0 nbrs={app12.M0,app12.M6,app0.M0}
  cost=1 deg=2 node=app15.M5 parent=app15.M0 nbrs={app15.M0,app15.File49}
  cost=1 deg=2 node=app17.M2 parent=app17.M0 nbrs={app17.M0,app10.M4}
[carrier-cross] segment 177 -> carrier-grouped 150 (-15%). Carriers: 161 total (2 bundle + 107 cluster-pair + 52 individual).
[isolated-stash] Stashed 3 edge-less nodes in 6-column strip at x>=20243.
[face-raster] grid 4384x5845 (cell 5.0x5.0 units), 755 faces, 25391698 bg cells (99.1% of grid)
  face #1: 21273833 cells (83.8%), bbox 4384x5845 @ (0,0)
  face #445: 668885 cells (2.6%), bbox 1284x843 @ (2760,3048)
  face #82: 345045 cells (1.4%), bbox 943x989 @ (185,2234)
  face #101: 244071 cells (1.0%), bbox 961x850 @ (2326,2264)
  face #59: 179992 cells (0.7%), bbox 835x1020 @ (181,2151)
  face #19: 156267 cells (0.6%), bbox 553x582 @ (1551,1585)
  face #514: 147839 cells (0.6%), bbox 379x784 @ (1561,3367)
  face #333: 101128 cells (0.4%), bbox 496x521 @ (2283,2660)
[face-cohesion] 53 clusters analysed, 21 low-cohesion (<60% in dominant face)
  cohesion histogram:
     10%- 19%: 1 clusters
     20%- 29%: 2 clusters
     30%- 39%: 6 clusters
     40%- 49%: 2 clusters
     50%- 59%: 10 clusters
     60%- 69%: 9 clusters
    100%-100%: 23 clusters
  top 10 low-cohesion clusters (largest first):
    _louv_10: 8 members, 4 in dominant face, 3 faces total (50%)
    _louv_1: 7 members, 3 in dominant face, 3 faces total (43%)
    _louv_48: 6 members, 3 in dominant face, 3 faces total (50%)
    _louv_14: 6 members, 1 in dominant face, 6 faces total (17%)
    _louv_55: 5 members, 2 in dominant face, 4 faces total (40%)
    _louv_19: 5 members, 1 in dominant face, 5 faces total (20%)
    _louv_36: 4 members, 1 in dominant face, 4 faces total (25%)
    _louv_61: 4 members, 2 in dominant face, 2 faces total (50%)
    _louv_68: 4 members, 2 in dominant face, 3 faces total (50%)
    _louv_44: 3 members, 1 in dominant face, 3 faces total (33%)
[face-density] 474 micro-faces (size<50), top 10 hot regions (macro 64x64 cells):
  region (27,62): 45 micro-faces, world (8169,19228)-(8489,19548)
  region (21,38): 41 micro-faces, world (6249,11549)-(6569,11868)
  region (27,61): 38 micro-faces, world (8169,18908)-(8489,19228)
  region (28,58): 33 micro-faces, world (8489,17948)-(8809,18268)
  region (22,37): 24 micro-faces, world (6569,11229)-(6889,11549)
  region (29,57): 21 micro-faces, world (8809,17628)-(9129,17948)
  region (28,59): 19 micro-faces, world (8489,18268)-(8809,18588)
  region (29,58): 16 micro-faces, world (8809,17948)-(9129,18268)
  region (27,64): 15 micro-faces, world (8169,19868)-(8489,20187)
  region (36,35): 14 micro-faces, world (11048,10589)-(11368,10909)
[face-ppm] Wrote /tmp/face-raster.ppm (2192x2922, downsampled from 4384x5845 by 2)
[face-untangle] 20 target clusters, 40 strays, 0 moved (poly cross 177 → 177, 0 fewer)
[stuck-leaf-2d] pass 1: 0 candidates, 0 moved, 0 cost units resolved.
[stuck-leaf-2d] 0 candidates, 0 moved, 0 cost units resolved (poly cross 177 → 177, 0 fewer)
[hot-region-sa] 13 hot cells (≥4 cross, 177 cross pts), top 5 processed, 149/740 swap accepted (cross 177 → 177, 0 fewer)
