[community] algorithm=louvain communities=74 meta=4
[hub-bias] Super-graph: pushed 9 high-deg cluster roots to 1.4x avgR.
[cg-time] 8ms post-hub-bias
[cg-time] 62ms pre-§10-outward-radial
[cg-time] 62ms pre-§11-compose
[cg-time] 62ms pre-§12-pruning-reattach
[cg-time] 63ms pre-§13-cluster-swap
[cg-time] 978ms pre-§14-chain-straightening
[cg-time] 978ms pre-§15-pruned-cross-min
[§15.5] Optimized 18 alone-root+independent nodes (0 moves).
[cg-time] 982ms pre-bus-bundle
[bus-bundle] Created 1 bus bundles (2 members, sig ≥ 2 roots).
[xings-hotspot] total=328 xings across 127 offending edges (of 269)
  edge app0.M0↔app4.M3 xings=20 cluster=(?,_louv_20)
  edge core.Hub0↔app4.M0 xings=17 cluster=(_louv_0,_louv_17)
  edge core.Hub1↔app5.M0 xings=16 cluster=(_louv_1,_louv_24)
  edge core.Hub2↔app1.M0 xings=16 cluster=(?,_louv_5)
  edge core.Hub2↔app16.M0 xings=16 cluster=(?,_louv_68)
  edge app11.M4↔app17.M0 xings=15 cluster=(_louv_25,_louv_7)
  edge app2.M1↔app10.M0 xings=14 cluster=(_louv_12,_louv_51)
  edge core.Hub1↔app7.M0 xings=14 cluster=(_louv_1,_louv_35)
[xings-hotspot] top cluster signatures:
  {?|_louv_22|_louv_68} xings=5
  {?|_louv_1|_louv_5} xings=4
  {?|_louv_0|_louv_5} xings=4
  {?|_louv_25|_louv_63} xings=4
  {?|_louv_34|_louv_63} xings=4
  {?|_louv_0|_louv_1|_louv_5} xings=4
  {?|_louv_5} xings=3
  {_louv_0|_louv_1|_louv_5} xings=3
[knot-min] Accepted 54 spatial swaps among 205 candidates.
[carrier-pre] 271 edges → 178 distinct carriers (cost-side filter).
[leaf-untangle] candidates=124, with-cross=27, moved=18, crossings-resolved=62.
[leaf-untangle] candidates=124, with-cross=13, moved=1, crossings-resolved=3.
[leaf-untangle] candidates=124, with-cross=12, moved=0, crossings-resolved=0.
[stuck-leaf-diag] 16 candidates with cost>0 (top 15 below):
  cost=19 deg=3 node=app1.M3 parent=app1.M0 nbrs={app1.M0,app1.M10,app5.M13}
  cost=18 deg=3 node=app9.M5 parent=app9.M0 nbrs={app9.M0,app9.M7,app10.M3}
  cost=13 deg=3 node=app1.M4 parent=app1.M0 nbrs={app1.M0,app1.M7,app1.M9}
  cost=11 deg=3 node=app17.M1 parent=app17.M0 nbrs={app17.M0,app17.M3,app15.M5}
  cost=10 deg=2 node=app1.M1 parent=app1.M0 nbrs={app1.M0,app1.Tag39}
  cost=10 deg=3 node=app1.M9 parent=app1.M0 nbrs={app1.M0,app1.M4,app10.M2}
  cost=10 deg=3 node=app17.M3 parent=app17.M0 nbrs={app17.M0,app17.M1,app9.M7}
  cost=6 deg=2 node=app0.M3 parent=app0.M0 nbrs={app0.M0,app8.M2}
  cost=6 deg=3 node=app9.M7 parent=app9.M0 nbrs={app9.M0,app9.M5,app17.M3}
  cost=1 deg=2 node=app0.M1 parent=app0.M2 nbrs={app0.M2,app0.Tag12}
  cost=1 deg=2 node=app3.M1 parent=app3.M0 nbrs={app3.M0,app3.M2}
  cost=1 deg=2 node=app3.M2 parent=app6.M5 nbrs={app3.M1,app6.M5}
  cost=1 deg=2 node=app11.M5 parent=app11.M0 nbrs={app11.M0,app16.M5}
  cost=1 deg=2 node=app13.M2 parent=app16.M0 nbrs={app13.M0,app16.M0}
  cost=1 deg=2 node=app16.M4 parent=app16.M0 nbrs={app16.M0,app16.M7}
[pd-knot] 240 polyline cross pairs, 1 resolved via endpoint swap.
[xings-detour] iters=2 initial-poly-pairs=254 accepted=5 (multi-seg, density-aware, polyline detect, iterative).
[visual-knot] 246→246 cross points, 25→25 hot cells (≥3), 25 handled, 0 swap accepted.
[leaf-untangle] candidates=124, with-cross=12, moved=4, crossings-resolved=16.
[leaf-untangle] candidates=124, with-cross=10, moved=1, crossings-resolved=1.
[leaf-untangle] candidates=124, with-cross=9, moved=0, crossings-resolved=0.
[stuck-leaf-diag] 13 candidates with cost>0 (top 15 below):
  cost=19 deg=3 node=app1.M3 parent=app1.M0 nbrs={app1.M0,app1.M10,app5.M13}
  cost=18 deg=3 node=app9.M5 parent=app9.M0 nbrs={app9.M0,app9.M7,app10.M3}
  cost=13 deg=3 node=app1.M4 parent=app1.M0 nbrs={app1.M0,app1.M7,app1.M9}
  cost=11 deg=3 node=app17.M1 parent=app17.M0 nbrs={app17.M0,app17.M3,app15.M5}
  cost=10 deg=2 node=app1.M1 parent=app1.M0 nbrs={app1.M0,app1.Tag39}
  cost=10 deg=3 node=app1.M9 parent=app1.M0 nbrs={app1.M0,app1.M4,app10.M2}
  cost=10 deg=3 node=app17.M3 parent=app17.M0 nbrs={app17.M0,app17.M1,app9.M7}
  cost=6 deg=2 node=app0.M3 parent=app0.M0 nbrs={app0.M0,app8.M2}
  cost=6 deg=3 node=app9.M7 parent=app9.M0 nbrs={app9.M0,app9.M5,app17.M3}
  cost=1 deg=2 node=app3.M1 parent=app3.M0 nbrs={app3.M0,app3.M2}
  cost=1 deg=2 node=app3.M2 parent=app6.M5 nbrs={app3.M1,app6.M5}
  cost=1 deg=2 node=app13.M2 parent=app16.M0 nbrs={app13.M0,app16.M0}
  cost=1 deg=2 node=app16.M4 parent=app16.M0 nbrs={app16.M0,app16.M7}
[carrier-cross] segment 246 -> carrier-grouped 228 (-7%). Carriers: 177 total (2 bundle + 122 cluster-pair + 53 individual).
[isolated-stash] Stashed 5 edge-less nodes in 6-column strip at x>=29596.
[face-raster] grid 6463x5660 (cell 5.0x5.0 units), 747 faces, 36333903 bg cells (99.3% of grid)
  face #1: 25252007 cells (69.5%), bbox 6463x5660 @ (0,0)
  face #3: 2544643 cells (7.0%), bbox 2393x1974 @ (2469,690)
  face #620: 2317489 cells (6.4%), bbox 2427x2272 @ (2291,3207)
  face #2: 2083831 cells (5.7%), bbox 1699x2077 @ (526,190)
  face #361: 318776 cells (0.9%), bbox 1931x461 @ (2875,2501)
  face #699: 315765 cells (0.9%), bbox 1357x568 @ (2294,3601)
  face #350: 281235 cells (0.8%), bbox 2018x712 @ (2884,2493)
  face #716: 145722 cells (0.4%), bbox 780x435 @ (1494,3729)
[face-cohesion] 55 clusters analysed, 22 low-cohesion (<60% in dominant face)
  cohesion histogram:
     20%- 29%: 1 clusters
     30%- 39%: 2 clusters
     40%- 49%: 3 clusters
     50%- 59%: 16 clusters
     60%- 69%: 6 clusters
     70%- 79%: 6 clusters
    100%-100%: 21 clusters
  top 10 low-cohesion clusters (largest first):
    _louv_68: 5 members, 2 in dominant face, 4 faces total (40%)
    _louv_24: 5 members, 2 in dominant face, 4 faces total (40%)
    _louv_5: 5 members, 2 in dominant face, 4 faces total (40%)
    _louv_7: 4 members, 1 in dominant face, 4 faces total (25%)
    _louv_47: 4 members, 2 in dominant face, 2 faces total (50%)
    _louv_0: 4 members, 2 in dominant face, 3 faces total (50%)
    _louv_25: 3 members, 1 in dominant face, 3 faces total (33%)
    _louv_63: 3 members, 1 in dominant face, 3 faces total (33%)
    _louv_8: 2 members, 1 in dominant face, 2 faces total (50%)
    _louv_62: 2 members, 1 in dominant face, 2 faces total (50%)
[face-density] 415 micro-faces (size<50), top 10 hot regions (macro 64x64 cells):
  region (76,38): 25 micro-faces, world (23650,11566)-(23970,11886)
  region (33,35): 23 micro-faces, world (9890,10606)-(10210,10926)
  region (75,36): 22 micro-faces, world (23330,10926)-(23650,11246)
  region (41,31): 21 micro-faces, world (12450,9326)-(12770,9646)
  region (76,37): 21 micro-faces, world (23650,11246)-(23970,11566)
  region (35,32): 20 micro-faces, world (10530,9646)-(10850,9966)
  region (40,31): 18 micro-faces, world (12130,9326)-(12450,9646)
  region (41,30): 17 micro-faces, world (12450,9006)-(12770,9326)
  region (42,30): 16 micro-faces, world (12770,9006)-(13090,9326)
  region (61,11): 15 micro-faces, world (18850,2927)-(19170,3247)
[face-ppm] Wrote /tmp/face-raster.ppm (3231x2830, downsampled from 6463x5660 by 2)
[face-untangle] 22 target clusters, 33 strays, 1 moved (poly cross 245 → 245, 0 fewer)
[stuck-leaf-2d] pass 1: 0 candidates, 0 moved, 0 cost units resolved.
[stuck-leaf-2d] 0 candidates, 0 moved, 0 cost units resolved (poly cross 245 → 245, 0 fewer)
[hot-region-sa] 23 hot cells (≥4 cross), top 5 processed, 20/593 swap accepted → REVERTED (cross 245 → 246)
