[community] algorithm=louvain communities=68 meta=3
[hub-bias] Super-graph: pushed 1 high-deg cluster roots to 1.4x avgR.
[cg-time] 5ms post-hub-bias
[cg-time] 1555ms pre-§10-outward-radial
[cg-time] 1555ms pre-§11-compose
[cg-time] 1555ms pre-§12-pruning-reattach
[cg-time] 1555ms pre-§13-cluster-swap
[cg-time] 1749ms pre-§14-chain-straightening
[cg-time] 1749ms pre-§15-pruned-cross-min
[§15.5] Optimized 33 alone-root+independent nodes (6 moves).
[cg-time] 1752ms pre-bus-bundle
[xings-hotspot] total=180 xings across 90 offending edges (of 225)
  edge app0.M6↔app10.M2 xings=19 cluster=(?,?)
  edge core.Hub0↔app2.M0 xings=13 cluster=(_louv_0,_louv_15)
  edge app14.M0↔app14.M2 xings=12 cluster=(_louv_13,?)
  edge core.Hub0↔app1.M0 xings=11 cluster=(_louv_0,_louv_7)
  edge app7.M1↔app7.M2 xings=11 cluster=(?,_louv_6)
  edge app1.M4↔app7.M1 xings=10 cluster=(_louv_7,?)
  edge app9.M1↔app9.M8 xings=10 cluster=(?,?)
  edge app10.M0↔app13.M1 xings=9 cluster=(_louv_52,_louv_65)
[xings-hotspot] top cluster signatures:
  {?} xings=14
  {?|_louv_7} xings=12
  {?|_louv_13} xings=7
  {?|_louv_0|_louv_7} xings=6
  {?|_louv_67} xings=5
  {?|_louv_53} xings=4
  {?|_louv_52|_louv_65} xings=4
  {?|_louv_10|_louv_67} xings=4
[knot-min] Accepted 42 spatial swaps among 176 candidates.
[carrier-pre] 226 edges → 135 distinct carriers (cost-side filter).
[leaf-untangle] candidates=108, with-cross=40, moved=33, crossings-resolved=134.
[leaf-untangle] candidates=108, with-cross=18, moved=2, crossings-resolved=9.
[leaf-untangle] candidates=108, with-cross=16, moved=0, crossings-resolved=0.
[stuck-leaf-diag] 19 candidates with cost>0 (top 15 below):
  cost=10 deg=3 node=app5.M2 parent=app5.M0 nbrs={app5.M0,app5.M4,app13.M2}
  cost=7 deg=2 node=app8.M7 parent=app8.M0 nbrs={app8.M0,app8.M8}
  cost=7 deg=2 node=app12.M10 parent=app12.M5 nbrs={app12.M5,app2.M10}
  cost=6 deg=2 node=app9.M3 parent=app9.M0 nbrs={app9.M0,app12.M8}
  cost=5 deg=2 node=app2.M10 parent=app2.M0 nbrs={app2.M0,app12.M10}
  cost=5 deg=3 node=app8.M8 parent=app8.M0 nbrs={app8.M0,app8.M7,app9.M8}
  cost=5 deg=3 node=app12.M3 parent=app12.M0 nbrs={app12.M0,app12.M1,app7.M0}
  cost=4 deg=2 node=app4.M1 parent=app4.M0 nbrs={app4.M0,app8.M5}
  cost=3 deg=3 node=app2.M2 parent=app2.M0 nbrs={app2.M0,app2.M8,app0.M5}
  cost=3 deg=2 node=app2.M6 parent=app2.M0 nbrs={app2.M0,app2.M4}
  cost=3 deg=2 node=app9.M2 parent=app9.M0 nbrs={app9.M0,app9.Log1}
  cost=3 deg=2 node=app9.M6 parent=app9.M0 nbrs={app9.M0,app9.Tag7}
  cost=2 deg=3 node=app1.M6 parent=app1.M0 nbrs={app1.M0,app1.M10,app4.M4}
  cost=2 deg=2 node=app3.M4 parent=app3.M0 nbrs={app3.M0,app6.M8}
  cost=2 deg=2 node=app6.M8 parent=app6.M5 nbrs={app6.M5,app3.M4}
[pd-knot] 104 polyline cross pairs, 0 resolved via endpoint swap.
[xings-detour] iters=2 initial-poly-pairs=119 accepted=3 (multi-seg, density-aware, polyline detect, iterative).
[visual-knot] 114→113 cross points, 16→15 hot cells (≥3), 31 handled, 1 swap accepted.
[leaf-untangle] candidates=108, with-cross=17, moved=1, crossings-resolved=4.
[leaf-untangle] candidates=108, with-cross=16, moved=0, crossings-resolved=0.
[stuck-leaf-diag] 19 candidates with cost>0 (top 15 below):
  cost=10 deg=3 node=app5.M2 parent=app5.M0 nbrs={app5.M0,app5.M4,app13.M2}
  cost=7 deg=2 node=app12.M10 parent=app12.M5 nbrs={app12.M5,app2.M10}
  cost=6 deg=2 node=app8.M7 parent=app8.M0 nbrs={app8.M0,app8.M8}
  cost=6 deg=2 node=app9.M3 parent=app9.M0 nbrs={app9.M0,app12.M8}
  cost=5 deg=2 node=app2.M10 parent=app2.M0 nbrs={app2.M0,app12.M10}
  cost=5 deg=3 node=app12.M3 parent=app12.M0 nbrs={app12.M0,app12.M1,app7.M0}
  cost=4 deg=2 node=app4.M1 parent=app4.M0 nbrs={app4.M0,app8.M5}
  cost=4 deg=3 node=app8.M8 parent=app8.M0 nbrs={app8.M0,app8.M7,app9.M8}
  cost=3 deg=3 node=app2.M2 parent=app2.M0 nbrs={app2.M0,app2.M8,app0.M5}
  cost=3 deg=2 node=app2.M6 parent=app2.M0 nbrs={app2.M0,app2.M4}
  cost=3 deg=2 node=app9.M2 parent=app9.M0 nbrs={app9.M0,app9.Log1}
  cost=3 deg=2 node=app9.M6 parent=app9.M0 nbrs={app9.M0,app9.Tag7}
  cost=2 deg=3 node=app1.M6 parent=app1.M0 nbrs={app1.M0,app1.M10,app4.M4}
  cost=2 deg=2 node=app3.M4 parent=app3.M0 nbrs={app3.M0,app6.M8}
  cost=2 deg=2 node=app6.M8 parent=app6.M5 nbrs={app6.M5,app3.M4}
[carrier-cross] segment 116 -> carrier-grouped 97 (-16%). Carriers: 136 total (1 bundle + 92 cluster-pair + 43 individual).
[isolated-stash] Stashed 3 edge-less nodes in 6-column strip at x>=20065.
[face-raster] grid 4363x3708 (cell 5.0x5.0 units), 628 faces, 16008013 bg cells (98.9% of grid)
  face #1: 14013273 cells (87.5%), bbox 4363x3708 @ (0,0)
  face #3: 425204 cells (2.7%), bbox 998x1185 @ (1811,684)
  face #503: 175448 cells (1.1%), bbox 1145x490 @ (1648,1841)
  face #471: 115494 cells (0.7%), bbox 965x219 @ (274,1813)
  face #197: 106522 cells (0.7%), bbox 824x364 @ (261,1556)
  face #18: 99987 cells (0.6%), bbox 907x673 @ (902,753)
  face #99: 76161 cells (0.5%), bbox 553x226 @ (962,1357)
  face #195: 70169 cells (0.4%), bbox 604x148 @ (904,1553)
[face-cohesion] 42 clusters analysed, 18 low-cohesion (<60% in dominant face)
  cohesion histogram:
     20%- 29%: 2 clusters
     30%- 39%: 4 clusters
     50%- 59%: 12 clusters
     60%- 69%: 6 clusters
    100%-100%: 18 clusters
  top 10 low-cohesion clusters (largest first):
    _louv_9: 4 members, 1 in dominant face, 4 faces total (25%)
    _louv_46: 4 members, 1 in dominant face, 4 faces total (25%)
    _louv_13: 4 members, 2 in dominant face, 3 faces total (50%)
    _louv_33: 4 members, 2 in dominant face, 3 faces total (50%)
    _louv_7: 4 members, 2 in dominant face, 3 faces total (50%)
    _louv_19: 4 members, 2 in dominant face, 3 faces total (50%)
    _louv_53: 3 members, 1 in dominant face, 3 faces total (33%)
    _louv_10: 3 members, 1 in dominant face, 3 faces total (33%)
    _louv_64: 3 members, 1 in dominant face, 3 faces total (33%)
    _louv_59: 3 members, 1 in dominant face, 3 faces total (33%)
[face-density] 428 micro-faces (size<50), top 10 hot regions (macro 64x64 cells):
  region (16,27): 43 micro-faces, world (4651,8235)-(4971,8555)
  region (17,28): 37 micro-faces, world (4971,8555)-(5291,8875)
  region (18,29): 25 micro-faces, world (5291,8875)-(5611,9195)
  region (15,26): 23 micro-faces, world (4331,7915)-(4651,8235)
  region (15,27): 19 micro-faces, world (4331,8235)-(4651,8555)
  region (36,23): 17 micro-faces, world (11050,6955)-(11370,7275)
  region (36,11): 16 micro-faces, world (11050,3115)-(11370,3435)
  region (23,30): 15 micro-faces, world (6891,9195)-(7211,9515)
  region (29,18): 15 micro-faces, world (8811,5355)-(9130,5675)
  region (43,28): 15 micro-faces, world (13290,8555)-(13609,8875)
[face-ppm] Wrote /tmp/face-raster.ppm (2181x1854, downsampled from 4363x3708 by 2)
[face-untangle] 17 target clusters, 26 strays, 0 moved (poly cross 112 → 112, 0 fewer)
[stuck-leaf-2d] pass 1: 1 candidates, 1 moved, 1 cost units resolved.
[stuck-leaf-2d] pass 2: 0 candidates, 0 moved, 0 cost units resolved.
[stuck-leaf-2d] 0 candidates, 1 moved, 1 cost units resolved (poly cross 112 → 111, 1 fewer)
[hot-region-sa] 11 hot cells (≥4 cross), top 5 processed, 52/723 swap accepted → REVERTED (cross 111 → 113)
