[community] algorithm=louvain communities=12 meta=3
[hub-bias] Super-graph: pushed 3 high-deg cluster roots to 1.4x avgR.
[cg-time] 0ms post-hub-bias
[cg-time] 0ms pre-§10-outward-radial
[cg-time] 0ms pre-§11-compose
[cg-time] 0ms pre-§12-pruning-reattach
[cg-time] 0ms pre-§13-cluster-swap
[cg-time] 1ms pre-§14-chain-straightening
[cg-time] 1ms pre-§15-pruned-cross-min
[§15.5] Optimized 1 alone-root+independent nodes (0 moves).
[cg-time] 1ms pre-bus-bundle
[xings-hotspot] total=0 xings across 0 offending edges (of 38)
[xings-hotspot] top cluster signatures:
[bundle-clear] Pushed 9 nodes off bundle bboxes.
[knot-min] Accepted 3 spatial swaps among 30 candidates.
[carrier-pre] 39 edges → 25 distinct carriers (cost-side filter).
[leaf-untangle] candidates=22, with-cross=3, moved=3, crossings-resolved=10.
[leaf-untangle] candidates=22, with-cross=0, moved=0, crossings-resolved=0.
[stuck-leaf-diag] 3 candidates with cost>0 (top 15 below):
  cost=9 deg=2 node=app0.M11 parent=app0.M0 nbrs={app0.M0,app0.Tag12}
  cost=3 deg=2 node=app0.M9 parent=app0.M0 nbrs={app0.M0,app0.Note14}
  cost=3 deg=2 node=app0.M10 parent=app0.M0 nbrs={app0.M0,app0.M4}
[pd-knot] 0 polyline cross pairs, 0 resolved via endpoint swap.
[xings-detour] iters=1 initial-poly-pairs=0 accepted=0 (multi-seg, density-aware, polyline detect, iterative).
[visual-knot] 0→0 cross points, 0→0 hot cells (≥3), 0 handled, 0 swap accepted.
[leaf-untangle] candidates=22, with-cross=0, moved=0, crossings-resolved=0.
[stuck-leaf-diag] 3 candidates with cost>0 (top 15 below):
  cost=9 deg=2 node=app0.M11 parent=app0.M0 nbrs={app0.M0,app0.Tag12}
  cost=3 deg=2 node=app0.M9 parent=app0.M0 nbrs={app0.M0,app0.Note14}
  cost=3 deg=2 node=app0.M10 parent=app0.M0 nbrs={app0.M0,app0.M4}
[carrier-cross] segment 0 -> carrier-grouped 0 (-0%). Carriers: 25 total (1 bundle + 13 cluster-pair + 11 individual).
[face-raster] grid 1645x1264 (cell 5.0x5.0 units), 224 faces, 2048390 bg cells (98.5% of grid)
  face #1: 1698959 cells (82.9%), bbox 1645x1264 @ (0,0)
  face #3: 282724 cells (13.8%), bbox 1097x708 @ (245,126)
  face #2: 39258 cells (1.9%), bbox 581x275 @ (201,124)
  face #24: 5974 cells (0.3%), bbox 132x84 @ (89,410)
  face #11: 5821 cells (0.3%), bbox 141x65 @ (78,344)
  face #46: 5507 cells (0.3%), bbox 268x334 @ (1106,500)
  face #9: 5441 cells (0.3%), bbox 171x95 @ (244,319)
  face #37: 1011 cells (0.0%), bbox 20x96 @ (204,422)
[face-cohesion] 12 clusters analysed, 3 low-cohesion (<60% in dominant face)
  cohesion histogram:
     30%- 39%: 2 clusters
     50%- 59%: 1 clusters
     60%- 69%: 2 clusters
    100%-100%: 7 clusters
  top 3 low-cohesion clusters (largest first):
    _louv_2: 6 members, 2 in dominant face, 5 faces total (33%)
    _louv_4: 3 members, 1 in dominant face, 3 faces total (33%)
    _louv_5: 2 members, 1 in dominant face, 2 faces total (50%)
[face-density] 207 micro-faces (size<50), top 10 hot regions (macro 64x64 cells):
  region (17,11): 25 micro-faces, world (5148,3348)-(5467,3668)
  region (16,11): 24 micro-faces, world (4828,3348)-(5148,3668)
  region (19,12): 24 micro-faces, world (5787,3668)-(6107,3988)
  region (1,6): 23 micro-faces, world (31,1749)-(350,2069)
  region (18,12): 23 micro-faces, world (5467,3668)-(5787,3988)
  region (14,10): 22 micro-faces, world (4188,3028)-(4508,3348)
  region (20,12): 16 micro-faces, world (6107,3668)-(6427,3988)
  region (15,11): 13 micro-faces, world (4508,3348)-(4828,3668)
  region (15,10): 12 micro-faces, world (4508,3028)-(4828,3348)
  region (13,10): 11 micro-faces, world (3868,3028)-(4188,3348)
[face-ppm] Wrote /tmp/face-raster.ppm (1645x1264, downsampled from 1645x1264 by 1)
[face-untangle] 3 target clusters, 7 strays, 0 moved (poly cross 0 → 0, 0 fewer)
[stuck-leaf-2d] pass 1: 0 candidates, 0 moved, 0 cost units resolved.
[stuck-leaf-2d] 0 candidates, 0 moved, 0 cost units resolved (poly cross 0 → 0, 0 fewer)
[hot-region-sa] 0 hot cells (≥4 cross, 0 cross pts), top 0 processed, 0/0 swap accepted (cross 0 → 0, 0 fewer)
