[community] algorithm=louvain communities=22 meta=4
[hub-bias] Super-graph: pushed 3 high-deg cluster roots to 1.4x avgR.
[cg-time] 1ms post-hub-bias
[cg-time] 1ms pre-§10-outward-radial
[cg-time] 1ms pre-§11-compose
[cg-time] 1ms pre-§12-pruning-reattach
[cg-time] 1ms pre-§13-cluster-swap
[cg-time] 3ms pre-§14-chain-straightening
[cg-time] 3ms pre-§15-pruned-cross-min
[§15.5] Optimized 11 alone-root+independent nodes (2 moves).
[cg-time] 4ms pre-bus-bundle
[xings-hotspot] total=9 xings across 12 offending edges (of 66)
  edge app0.M3↔app3.M0 xings=4 cluster=(_louv_2,?)
  edge app0.M1↔app1.M4 xings=2 cluster=(_louv_2,?)
  edge app0.M2↔app1.M1 xings=2 cluster=(?,?)
  edge app1.M0↔app1.M5 xings=2 cluster=(_louv_3,_louv_6)
  edge app0.M0↔app0.M1 xings=1 cluster=(_louv_1,_louv_2)
  edge app0.M1↔app0.M4 xings=1 cluster=(_louv_2,?)
  edge app0.M1↔app3.M6 xings=1 cluster=(_louv_2,?)
  edge app0.M3↔app0.M4 xings=1 cluster=(_louv_2,?)
[xings-hotspot] top cluster signatures:
  {?|_louv_2} xings=5
  {?|_louv_3|_louv_6} xings=2
  {?|_louv_1|_louv_2} xings=1
  {?|_louv_20|_louv_7} xings=1
[knot-min] Accepted 1 spatial swaps among 58 candidates.
[carrier-pre] 66 edges → 40 distinct carriers (cost-side filter).
[leaf-untangle] candidates=38, with-cross=7, moved=7, crossings-resolved=27.
[leaf-untangle] candidates=38, with-cross=5, moved=3, crossings-resolved=9.
[leaf-untangle] candidates=38, with-cross=3, moved=1, crossings-resolved=3.
[leaf-untangle] candidates=38, with-cross=2, moved=0, crossings-resolved=0.
[stuck-leaf-diag] 2 candidates with cost>0 (top 15 below):
  cost=1 deg=1 node=app3.M9 parent=app3.M11 nbrs={app3.M11}
  cost=1 deg=2 node=app3.M11 parent=app2.M8 nbrs={app3.M9,app2.M8}
[pd-knot] 9 polyline cross pairs, 1 resolved via endpoint swap.
[xings-detour] iters=2 initial-poly-pairs=8 accepted=2 (multi-seg, density-aware, polyline detect, iterative).
[visual-knot] 5→5 cross points, 0→0 hot cells (≥3), 0 handled, 0 swap accepted.
[leaf-untangle] candidates=38, with-cross=2, moved=0, crossings-resolved=0.
[stuck-leaf-diag] 2 candidates with cost>0 (top 15 below):
  cost=1 deg=1 node=app3.M9 parent=app3.M11 nbrs={app3.M11}
  cost=1 deg=2 node=app3.M11 parent=app2.M8 nbrs={app3.M9,app2.M8}
[isolated-stash] Stashed 1 edge-less nodes in 6-column strip at x>=10257.
[face-raster] grid 2197x2432 (cell 5.0x5.0 units), 78 faces, 5285680 bg cells (98.9% of grid)
  face #1: 4025946 cells (76.2%), bbox 2197x2432 @ (0,0)
  face #2: 339199 cells (6.4%), bbox 666x1116 @ (417,69)
  face #45: 241386 cells (4.6%), bbox 440x1139 @ (995,1189)
  face #17: 186812 cells (3.5%), bbox 341x1632 @ (1141,636)
  face #19: 123260 cells (2.3%), bbox 327x886 @ (1244,655)
  face #16: 91608 cells (1.7%), bbox 636x1141 @ (418,629)
  face #3: 59369 cells (1.1%), bbox 157x1019 @ (980,69)
  face #5: 57404 cells (1.1%), bbox 356x363 @ (1216,362)
[face-cohesion] 16 clusters analysed, 2 low-cohesion (<60% in dominant face)
  cohesion histogram:
     50%- 59%: 2 clusters
     60%- 69%: 3 clusters
     70%- 79%: 1 clusters
    100%-100%: 10 clusters
  top 2 low-cohesion clusters (largest first):
    _louv_21: 2 members, 1 in dominant face, 2 faces total (50%)
    _louv_20: 2 members, 1 in dominant face, 2 faces total (50%)
[face-density] 53 micro-faces (size<50), top 10 hot regions (macro 64x64 cells):
  region (6,9): 9 micro-faces, world (1661,2597)-(1981,2917)
  region (17,11): 9 micro-faces, world (5180,3237)-(5500,3557)
  region (14,24): 7 micro-faces, world (4220,7396)-(4540,7716)
  region (17,12): 6 micro-faces, world (5180,3557)-(5500,3877)
  region (20,22): 6 micro-faces, world (6140,6756)-(6460,7076)
  region (22,34): 6 micro-faces, world (6780,10596)-(7100,10915)
  region (22,35): 4 micro-faces, world (6780,10915)-(7100,11235)
  region (24,11): 2 micro-faces, world (7420,3237)-(7740,3557)
  region (19,19): 2 micro-faces, world (5820,5797)-(6140,6117)
  region (19,20): 2 micro-faces, world (5820,6117)-(6140,6437)
[face-ppm] Wrote /tmp/face-raster.ppm (2197x2432, downsampled from 2197x2432 by 1)
[face-untangle] 3 target clusters, 4 strays, 0 moved (poly cross 5 → 5, 0 fewer)
[stuck-leaf-2d] pass 1: 1 candidates, 1 moved, 1 cost units resolved.
[stuck-leaf-2d] pass 2: 0 candidates, 0 moved, 0 cost units resolved.
[stuck-leaf-2d] 0 candidates, 1 moved, 1 cost units resolved (poly cross 5 → 4, 1 fewer)
[hot-region-sa] 0 hot cells (≥4 cross, 4 cross pts), top 0 processed, 0/0 swap accepted (cross 4 → 4, 0 fewer)
