[community] algorithm=louvain communities=45 meta=4
[hub-bias] Super-graph: pushed 3 high-deg cluster roots to 1.4x avgR.
[cg-time] 5ms post-hub-bias
[cg-time] 16ms pre-§10-outward-radial
[cg-time] 16ms pre-§11-compose
[cg-time] 16ms pre-§12-pruning-reattach
[cg-time] 16ms pre-§13-cluster-swap
[cg-time] 47ms pre-§14-chain-straightening
[cg-time] 47ms pre-§15-pruned-cross-min
[§15.5] Optimized 12 alone-root+independent nodes (3 moves).
[cg-time] 48ms pre-bus-bundle
[bus-bundle] Created 2 bus bundles (4 members, sig ≥ 2 roots).
[xings-hotspot] total=65 xings across 46 offending edges (of 140)
  edge app6.M4↔app7.M9 xings=7 cluster=(?,?)
  edge app5.M0↔app8.M1 xings=7 cluster=(_louv_29,_louv_25)
  edge app4.M0↔app7.M5 xings=7 cluster=(_louv_24,_louv_35)
  edge app5.M6↔app7.M1 xings=6 cluster=(?,?)
  edge app3.M4↔app7.M9 xings=6 cluster=(_louv_20,?)
  edge app1.M3↔app1.M6 xings=5 cluster=(?,?)
  edge app6.M6↔app6.M7 xings=5 cluster=(?,_louv_32)
  edge app6.M0↔app6.M6 xings=5 cluster=(_louv_32,?)
[xings-hotspot] top cluster signatures:
  {?|_louv_32|_louv_34} xings=8
  {?|_louv_20} xings=4
  {?|_louv_32} xings=4
  {?|_louv_28|_louv_32} xings=4
  {?|_louv_25|_louv_29} xings=2
  {_louv_24|_louv_28|_louv_35} xings=2
  {?|_louv_8} xings=2
  {?|_louv_7|_louv_8} xings=2
[knot-min] Accepted 19 spatial swaps among 105 candidates.
[knot-min-2opt] Accepted 1 cross-targeted swaps.
[carrier-pre] 141 edges → 77 distinct carriers (cost-side filter).
[leaf-untangle] candidates=66, with-cross=28, moved=23, crossings-resolved=73.
[leaf-untangle] candidates=66, with-cross=13, moved=4, crossings-resolved=12.
[leaf-untangle] candidates=66, with-cross=13, moved=1, crossings-resolved=2.
[leaf-untangle] candidates=66, with-cross=12, moved=0, crossings-resolved=0.
[stuck-leaf-diag] 14 candidates with cost>0 (top 15 below):
  cost=9 deg=3 node=app3.M4 parent=app3.M0 nbrs={app3.M0,app3.M1,app7.M9}
  cost=8 deg=3 node=app7.M7 parent=app7.M0 nbrs={app7.M0,app7.M10,app6.M3}
  cost=4 deg=3 node=app1.M6 parent=app1.M0 nbrs={app1.M0,app1.M3,app4.M3}
  cost=4 deg=2 node=app5.M2 parent=app5.M0 nbrs={app5.M0,app4.M6}
  cost=4 deg=2 node=app7.M10 parent=app7.M0 nbrs={app7.M0,app7.M7}
  cost=3 deg=2 node=app4.M6 parent=app8.M3 nbrs={app8.M3,app5.M2}
  cost=3 deg=2 node=app9.M3 parent=app9.M0 nbrs={app9.M0,app9.M7}
  cost=3 deg=2 node=app9.M7 parent=app9.M0 nbrs={app9.M0,app9.M3}
  cost=2 deg=2 node=app1.M11 parent=app1.M0 nbrs={app1.M0,app9.M8}
  cost=2 deg=2 node=app9.M8 parent=app9.M0 nbrs={app9.M0,app1.M11}
  cost=1 deg=2 node=app2.M0 parent=app9.M12 nbrs={app2.M4,app9.M12}
  cost=1 deg=2 node=app9.M4 parent=app9.M0 nbrs={app9.M0,app9.File2}
  cost=1 deg=3 node=app9.M11 parent=app9.M0 nbrs={app9.M0,app9.M9,app9.Log5}
  cost=1 deg=2 node=app9.M12 parent=app9.M0 nbrs={app9.M0,app2.M0}
[pd-knot] 49 polyline cross pairs, 1 resolved via endpoint swap.
[xings-detour] iters=2 initial-poly-pairs=50 accepted=2 (multi-seg, density-aware, polyline detect, iterative).
[visual-knot] 46→46 cross points, 1→1 hot cells (≥3), 1 handled, 0 swap accepted.
[leaf-untangle] candidates=66, with-cross=14, moved=4, crossings-resolved=13.
[leaf-untangle] candidates=66, with-cross=9, moved=0, crossings-resolved=0.
[stuck-leaf-diag] 11 candidates with cost>0 (top 15 below):
  cost=9 deg=3 node=app3.M4 parent=app3.M0 nbrs={app3.M0,app3.M1,app7.M9}
  cost=8 deg=3 node=app7.M7 parent=app7.M0 nbrs={app7.M0,app7.M10,app6.M3}
  cost=4 deg=3 node=app1.M6 parent=app1.M0 nbrs={app1.M0,app1.M3,app4.M3}
  cost=4 deg=2 node=app5.M2 parent=app5.M0 nbrs={app5.M0,app4.M6}
  cost=4 deg=2 node=app7.M10 parent=app7.M0 nbrs={app7.M0,app7.M7}
  cost=3 deg=2 node=app4.M6 parent=app8.M3 nbrs={app8.M3,app5.M2}
  cost=3 deg=2 node=app9.M3 parent=app9.M0 nbrs={app9.M0,app9.M7}
  cost=3 deg=2 node=app9.M7 parent=app9.M0 nbrs={app9.M0,app9.M3}
  cost=2 deg=2 node=app1.M11 parent=app1.M0 nbrs={app1.M0,app9.M8}
  cost=2 deg=2 node=app9.M8 parent=app9.M0 nbrs={app9.M0,app1.M11}
  cost=1 deg=3 node=app9.M11 parent=app9.M0 nbrs={app9.M0,app9.M9,app9.Log5}
[carrier-cross] segment 46 -> carrier-grouped 32 (-30%). Carriers: 78 total (5 bundle + 50 cluster-pair + 23 individual).
[isolated-stash] Stashed 7 edge-less nodes in 6-column strip at x>=24064.
[face-raster] grid 5366x4968 (cell 5.0x5.0 units), 426 faces, 26499570 bg cells (99.4% of grid)
  face #1: 14933900 cells (56.4%), bbox 5366x4968 @ (0,0)
  face #3: 2056737 cells (7.8%), bbox 4166x3033 @ (526,123)
  face #2: 1939726 cells (7.3%), bbox 1413x2293 @ (136,123)
  face #188: 1133405 cells (4.3%), bbox 2490x2136 @ (142,2424)
  face #404: 674667 cells (2.5%), bbox 1215x1264 @ (2939,3280)
  face #184: 641822 cells (2.4%), bbox 2489x1080 @ (151,2317)
  face #54: 497358 cells (1.9%), bbox 710x1162 @ (1941,1044)
  face #403: 456049 cells (1.7%), bbox 502x1499 @ (2723,3280)
[face-cohesion] 24 clusters analysed, 10 low-cohesion (<60% in dominant face)
  cohesion histogram:
     20%- 29%: 1 clusters
     30%- 39%: 2 clusters
     50%- 59%: 7 clusters
     60%- 69%: 3 clusters
    100%-100%: 11 clusters
  top 10 low-cohesion clusters (largest first):
    _louv_1: 6 members, 3 in dominant face, 3 faces total (50%)
    _louv_32: 5 members, 1 in dominant face, 5 faces total (20%)
    _louv_39: 4 members, 2 in dominant face, 2 faces total (50%)
    _louv_29: 4 members, 2 in dominant face, 3 faces total (50%)
    _louv_8: 4 members, 2 in dominant face, 2 faces total (50%)
    _louv_34: 3 members, 1 in dominant face, 3 faces total (33%)
    _louv_35: 3 members, 1 in dominant face, 3 faces total (33%)
    _louv_25: 2 members, 1 in dominant face, 2 faces total (50%)
    _louv_21: 2 members, 1 in dominant face, 2 faces total (50%)
    _louv_7: 2 members, 1 in dominant face, 2 faces total (50%)
[face-density] 321 micro-faces (size<50), top 10 hot regions (macro 64x64 cells):
  region (45,12): 29 micro-faces, world (13835,3314)-(14155,3634)
  region (18,38): 22 micro-faces, world (5196,11634)-(5516,11954)
  region (72,47): 20 micro-faces, world (22475,14514)-(22795,14834)
  region (44,44): 16 micro-faces, world (13515,13554)-(13835,13874)
  region (44,45): 16 micro-faces, world (13515,13874)-(13835,14194)
  region (44,46): 16 micro-faces, world (13515,14194)-(13835,14514)
  region (38,20): 16 micro-faces, world (11595,5874)-(11915,6194)
  region (38,21): 16 micro-faces, world (11595,6194)-(11915,6514)
  region (71,47): 15 micro-faces, world (22155,14514)-(22475,14834)
  region (46,47): 13 micro-faces, world (14155,14514)-(14475,14834)
[face-ppm] Wrote /tmp/face-raster.ppm (2683x2484, downsampled from 5366x4968 by 2)
[face-untangle] 9 target clusters, 16 strays, 1 moved (poly cross 44 → 43, 1 fewer)
[stuck-leaf-2d] pass 1: 1 candidates, 1 moved, 1 cost units resolved.
[stuck-leaf-2d] pass 2: 0 candidates, 0 moved, 0 cost units resolved.
[stuck-leaf-2d] 0 candidates, 1 moved, 1 cost units resolved (poly cross 43 → 42, 1 fewer)
[hot-region-sa] 1 hot cells (≥4 cross, 42 cross pts), top 1 processed, 10/163 swap accepted (cross 42 → 40, 2 fewer)
