[community] algorithm=louvain communities=97 meta=6
[hub-bias] Super-graph: pushed 10 high-deg cluster roots to 1.4x avgR.
[cg-time] 8ms post-hub-bias
[cg-time] 496ms pre-§10-outward-radial
[cg-time] 496ms pre-§11-compose
[cg-time] 496ms pre-§12-pruning-reattach
[cg-time] 496ms pre-§13-cluster-swap
[cg-time] 1192ms pre-§14-chain-straightening
[cg-time] 1192ms pre-§15-pruned-cross-min
[§15.5] Optimized 45 alone-root+independent nodes (10 moves).
[cg-time] 1202ms pre-bus-bundle
[xings-hotspot] total=253 xings across 127 offending edges (of 313)
  edge app18.M0↔app18.M2 xings=22 cluster=(?,?)
  edge app1.M8↔app17.M0 xings=18 cluster=(_louv_8,?)
  edge app15.M5↔app15.M10 xings=16 cluster=(_louv_80,?)
  edge app0.M0↔app0.M3 xings=15 cluster=(_louv_2,_louv_5)
  edge app3.M0↔app11.M1 xings=12 cluster=(?,_louv_59)
  edge core.Hub1↔app16.M0 xings=11 cluster=(_louv_1,_louv_82)
  edge app8.M0↔app8.M8 xings=11 cluster=(_louv_40,_louv_46)
  edge core.Hub1↔app6.M0 xings=11 cluster=(_louv_1,?)
[xings-hotspot] top cluster signatures:
  {?|_louv_59} xings=7
  {?|_louv_38|_louv_9} xings=6
  {?|_louv_1|_louv_8} xings=5
  {?|_louv_59|_louv_8} xings=5
  {?|_louv_1|_louv_30} xings=4
  {?|_louv_59|_louv_80} xings=4
  {?|_louv_2|_louv_5} xings=4
  {?|_louv_1|_louv_59} xings=3
[knot-min] Accepted 39 spatial swaps among 261 candidates.
[knot-min-2opt] Accepted 1 cross-targeted swaps.
[carrier-pre] 320 edges → 191 distinct carriers (cost-side filter).
[leaf-untangle] candidates=160, with-cross=52, moved=45, crossings-resolved=157.
[leaf-untangle] candidates=160, with-cross=20, moved=13, crossings-resolved=27.
[leaf-untangle] candidates=160, with-cross=16, moved=3, crossings-resolved=5.
[leaf-untangle] candidates=160, with-cross=15, moved=0, crossings-resolved=0.
[stuck-leaf-diag] 15 candidates with cost>0 (top 15 below):
  cost=12 deg=3 node=app11.M1 parent=app11.M0 nbrs={app11.M0,app11.M5,app3.M0}
  cost=10 deg=2 node=app0.M3 parent=app0.M0 nbrs={app0.M0,app15.M1}
  cost=10 deg=2 node=app15.M1 parent=app15.M0 nbrs={app15.M0,app0.M3}
  cost=8 deg=2 node=app14.M10 parent=app9.M0 nbrs={app14.File21,app9.M0}
  cost=5 deg=2 node=app10.M5 parent=app10.M0 nbrs={app10.M0,app11.M6}
  cost=4 deg=3 node=app1.M6 parent=app1.M0 nbrs={app1.M0,app1.M1,app1.M1}
  cost=4 deg=1 node=app14.File21 parent=app14.M10 nbrs={app14.M10}
  cost=3 deg=2 node=app10.M1 parent=app10.M0 nbrs={app10.M0,app10.File40}
  cost=2 deg=1 node=app19.Log39 parent=app19.M9 nbrs={app19.M9}
  cost=1 deg=2 node=app5.M8 parent=app5.M13 nbrs={app5.M13,app5.M12}
  cost=1 deg=2 node=app5.M12 parent=app5.M0 nbrs={app5.M0,app5.M8}
  cost=1 deg=3 node=app7.M4 parent=app7.M0 nbrs={app7.M0,app7.M3,app11.M3}
  cost=1 deg=2 node=app15.M8 parent=app15.M0 nbrs={app15.M0,app10.M6}
  cost=1 deg=1 node=app17.File18 parent=app17.M0 nbrs={app17.M0}
  cost=1 deg=1 node=app19.Asset76 parent=app19.M3 nbrs={app19.M3}
[pd-knot] 184 polyline cross pairs, 3 resolved via endpoint swap.
[xings-detour] iters=2 initial-poly-pairs=189 accepted=8 (multi-seg, density-aware, polyline detect, iterative).
[visual-knot] 180→180 cross points, 16→16 hot cells (≥3), 16 handled, 0 swap accepted.
[leaf-untangle] candidates=160, with-cross=17, moved=4, crossings-resolved=10.
[leaf-untangle] candidates=160, with-cross=14, moved=0, crossings-resolved=0.
[stuck-leaf-diag] 14 candidates with cost>0 (top 15 below):
  cost=10 deg=2 node=app0.M3 parent=app0.M0 nbrs={app0.M0,app15.M1}
  cost=10 deg=2 node=app15.M1 parent=app15.M0 nbrs={app15.M0,app0.M3}
  cost=9 deg=3 node=app11.M1 parent=app11.M0 nbrs={app11.M0,app11.M5,app3.M0}
  cost=8 deg=2 node=app14.M10 parent=app9.M0 nbrs={app14.File21,app9.M0}
  cost=7 deg=2 node=app10.M5 parent=app10.M0 nbrs={app10.M0,app11.M6}
  cost=4 deg=3 node=app1.M6 parent=app1.M0 nbrs={app1.M0,app1.M1,app1.M1}
  cost=4 deg=1 node=app14.File21 parent=app14.M10 nbrs={app14.M10}
  cost=3 deg=2 node=app10.M1 parent=app10.M0 nbrs={app10.M0,app10.File40}
  cost=2 deg=1 node=app19.Log39 parent=app19.M9 nbrs={app19.M9}
  cost=1 deg=2 node=app5.M8 parent=app5.M13 nbrs={app5.M13,app5.M12}
  cost=1 deg=2 node=app5.M12 parent=app5.M0 nbrs={app5.M0,app5.M8}
  cost=1 deg=3 node=app7.M4 parent=app7.M0 nbrs={app7.M0,app7.M3,app11.M3}
  cost=1 deg=2 node=app15.M8 parent=app15.M0 nbrs={app15.M0,app10.M6}
  cost=1 deg=1 node=app17.File18 parent=app17.M0 nbrs={app17.M0}
[isolated-stash] Stashed 7 edge-less nodes in 6-column strip at x>=34893.
[face-raster] grid 7572x5450 (cell 5.0x5.0 units), 546 faces, 40991401 bg cells (99.3% of grid)
  face #1: 32831080 cells (80.1%), bbox 7572x5450 @ (0,0)
  face #158: 2242338 cells (5.5%), bbox 1779x2379 @ (4194,2081)
  face #453: 465093 cells (1.1%), bbox 1042x2116 @ (2700,3082)
  face #14: 361318 cells (0.9%), bbox 1235x906 @ (1562,951)
  face #5: 258653 cells (0.6%), bbox 683x1572 @ (2793,191)
  face #535: 236276 cells (0.6%), bbox 407x1706 @ (2701,3483)
  face #427: 226116 cells (0.6%), bbox 518x1597 @ (4053,2862)
  face #15: 217120 cells (0.5%), bbox 834x1014 @ (2977,1125)
[face-cohesion] 63 clusters analysed, 20 low-cohesion (<60% in dominant face)
  cohesion histogram:
     20%- 29%: 1 clusters
     30%- 39%: 8 clusters
     50%- 59%: 11 clusters
     60%- 69%: 9 clusters
     70%- 79%: 1 clusters
     80%- 89%: 1 clusters
    100%-100%: 32 clusters
  top 10 low-cohesion clusters (largest first):
    _louv_81: 7 members, 2 in dominant face, 5 faces total (29%)
    _louv_8: 4 members, 2 in dominant face, 3 faces total (50%)
    _louv_40: 4 members, 2 in dominant face, 3 faces total (50%)
    _louv_2: 4 members, 2 in dominant face, 3 faces total (50%)
    _louv_92: 3 members, 1 in dominant face, 3 faces total (33%)
    _louv_59: 3 members, 1 in dominant face, 3 faces total (33%)
    _louv_16: 3 members, 1 in dominant face, 3 faces total (33%)
    _louv_10: 3 members, 1 in dominant face, 3 faces total (33%)
    _louv_49: 3 members, 1 in dominant face, 3 faces total (33%)
    _louv_72: 3 members, 1 in dominant face, 3 faces total (33%)
[face-density] 256 micro-faces (size<50), top 10 hot regions (macro 64x64 cells):
  region (36,24): 20 micro-faces, world (10744,7107)-(11064,7427)
  region (35,25): 11 micro-faces, world (10424,7427)-(10744,7747)
  region (62,51): 11 micro-faces, world (19063,15746)-(19383,16066)
  region (41,49): 11 micro-faces, world (12344,15106)-(12664,15426)
  region (43,34): 11 micro-faces, world (12984,10306)-(13304,10626)
  region (42,34): 10 micro-faces, world (12664,10306)-(12984,10626)
  region (46,25): 9 micro-faces, world (13944,7427)-(14263,7747)
  region (43,35): 8 micro-faces, world (12984,10626)-(13304,10946)
  region (36,36): 8 micro-faces, world (10744,10946)-(11064,11266)
  region (55,3): 7 micro-faces, world (16823,388)-(17143,708)
[face-ppm] Wrote /tmp/face-raster.ppm (3786x2725, downsampled from 7572x5450 by 2)
[face-untangle] 20 target clusters, 32 strays, 4 moved (poly cross 180 → 170, 10 fewer)
[stuck-leaf-2d] pass 1: 3 candidates, 3 moved, 6 cost units resolved.
[stuck-leaf-2d] pass 2: 1 candidates, 0 moved, 0 cost units resolved.
[stuck-leaf-2d] 1 candidates, 3 moved, 6 cost units resolved (poly cross 170 → 166, 4 fewer)
[hot-region-sa] 17 hot cells (≥4 cross, 166 cross pts), top 5 processed, 77/747 swap accepted (cross 166 → 166, 0 fewer)
