[community] algorithm=louvain communities=84 meta=5
[hub-bias] Super-graph: pushed 8 high-deg cluster roots to 1.4x avgR.
[cg-time] 5ms post-hub-bias
[cg-time] 18ms pre-§10-outward-radial
[cg-time] 18ms pre-§11-compose
[cg-time] 18ms pre-§12-pruning-reattach
[cg-time] 18ms pre-§13-cluster-swap
[cg-time] 384ms pre-§14-chain-straightening
[cg-time] 384ms pre-§15-pruned-cross-min
[§15.5] Optimized 36 alone-root+independent nodes (2 moves).
[cg-time] 388ms pre-bus-bundle
[bus-bundle] Created 2 bus bundles (4 members, sig ≥ 2 roots).
[xings-hotspot] total=235 xings across 111 offending edges (of 247)
  edge core.Hub0↔app3.M0 xings=25 cluster=(_louv_0,_louv_18)
  edge core.Hub2↔app2.M0 xings=19 cluster=(_louv_2,_louv_12)
  edge core.Hub2↔app1.M0 xings=13 cluster=(_louv_2,_louv_10)
  edge core.Hub2↔app5.M0 xings=13 cluster=(_louv_2,_louv_27)
  edge app3.M1↔app16.M0 xings=13 cluster=(_louv_19,?)
  edge app9.M6↔app9.M7 xings=11 cluster=(?,_louv_56)
  edge app15.M1↔app17.M2 xings=9 cluster=(?,_louv_4)
  edge core.Hub0↔app11.M0 xings=9 cluster=(_louv_0,_louv_65)
[xings-hotspot] top cluster signatures:
  {?|_louv_10} xings=5
  {?|_louv_2|_louv_83} xings=4
  {?|_louv_22|_louv_46|_louv_48} xings=4
  {?|_louv_22|_louv_48} xings=4
  {?|_louv_0|_louv_18} xings=4
  {?|_louv_12|_louv_19|_louv_2} xings=3
  {?|_louv_0|_louv_52|_louv_58} xings=3
  {?|_louv_12} xings=3
[bundle-clear] Pushed 3 nodes off bundle bboxes.
[knot-min] Accepted 51 spatial swaps among 191 candidates.
[knot-min-2opt] Accepted 1 cross-targeted swaps.
[carrier-pre] 250 edges → 147 distinct carriers (cost-side filter).
[leaf-untangle] candidates=120, with-cross=38, moved=30, crossings-resolved=106.
[leaf-untangle] candidates=120, with-cross=19, moved=5, crossings-resolved=9.
[leaf-untangle] candidates=120, with-cross=16, moved=1, crossings-resolved=3.
[leaf-untangle] candidates=120, with-cross=15, moved=0, crossings-resolved=0.
[stuck-leaf-diag] 22 candidates with cost>0 (top 15 below):
  cost=8 deg=3 node=app1.M1 parent=app1.M0 nbrs={app1.M0,app1.M2,app16.M0}
  cost=7 deg=2 node=app8.M8 parent=app16.M1 nbrs={app13.M6,app16.M1}
  cost=7 deg=2 node=app9.M13 parent=app9.M0 nbrs={app9.M0,app1.M0}
  cost=6 deg=2 node=app7.M3 parent=app7.M0 nbrs={app7.M0,app7.Tag32}
  cost=6 deg=2 node=app12.M7 parent=app12.M0 nbrs={app12.M0,app12.M11}
  cost=6 deg=2 node=app13.M6 parent=app13.M0 nbrs={app13.M0,app8.M8}
  cost=4 deg=2 node=app14.M5 parent=app3.M0 nbrs={app14.M2,app3.M0}
  cost=3 deg=2 node=app0.M6 parent=app4.M0 nbrs={app0.Address26,app4.M0}
  cost=3 deg=2 node=app4.M3 parent=app4.M0 nbrs={app4.M0,app7.M6}
  cost=3 deg=3 node=app9.M9 parent=app9.M0 nbrs={app9.M0,app9.M5,app16.M2}
  cost=3 deg=1 node=app12.M9 parent=app12.M0 nbrs={app12.M0}
  cost=3 deg=2 node=app13.M1 parent=app13.M0 nbrs={app13.M0,app5.M11}
  cost=3 deg=2 node=app13.M2 parent=app13.M5 nbrs={app13.M5,app13.M4}
  cost=3 deg=2 node=app17.M3 parent=app10.M2 nbrs={app10.M2,app12.M4}
  cost=3 deg=1 node=app4.Note36 parent=app4.M0 nbrs={app4.M0}
[pd-knot] 139 polyline cross pairs, 2 resolved via endpoint swap.
[xings-detour] iters=2 initial-poly-pairs=146 accepted=2 (multi-seg, density-aware, polyline detect, iterative).
[visual-knot] 139→139 cross points, 7→7 hot cells (≥3), 7 handled, 0 swap accepted.
[leaf-untangle] candidates=120, with-cross=16, moved=2, crossings-resolved=15.
[leaf-untangle] candidates=120, with-cross=15, moved=1, crossings-resolved=3.
[leaf-untangle] candidates=120, with-cross=15, moved=0, crossings-resolved=0.
[stuck-leaf-diag] 22 candidates with cost>0 (top 15 below):
  cost=8 deg=3 node=app1.M1 parent=app1.M0 nbrs={app1.M0,app1.M2,app16.M0}
  cost=8 deg=2 node=app13.M6 parent=app13.M0 nbrs={app13.M0,app8.M8}
  cost=7 deg=2 node=app8.M8 parent=app16.M1 nbrs={app13.M6,app16.M1}
  cost=7 deg=2 node=app9.M13 parent=app9.M0 nbrs={app9.M0,app1.M0}
  cost=6 deg=2 node=app7.M3 parent=app7.M0 nbrs={app7.M0,app7.Tag32}
  cost=6 deg=2 node=app12.M7 parent=app12.M0 nbrs={app12.M0,app12.M11}
  cost=4 deg=2 node=app14.M5 parent=app3.M0 nbrs={app14.M2,app3.M0}
  cost=3 deg=2 node=app0.M6 parent=app4.M0 nbrs={app0.Address26,app4.M0}
  cost=3 deg=2 node=app4.M3 parent=app4.M0 nbrs={app4.M0,app7.M6}
  cost=3 deg=3 node=app9.M9 parent=app9.M0 nbrs={app9.M0,app9.M5,app16.M2}
  cost=3 deg=1 node=app12.M9 parent=app12.M0 nbrs={app12.M0}
  cost=3 deg=2 node=app13.M1 parent=app13.M0 nbrs={app13.M0,app5.M11}
  cost=3 deg=2 node=app13.M2 parent=app13.M5 nbrs={app13.M5,app13.M4}
  cost=3 deg=2 node=app17.M3 parent=app10.M2 nbrs={app10.M2,app12.M4}
  cost=3 deg=1 node=app4.Note36 parent=app4.M0 nbrs={app4.M0}
[carrier-cross] segment 143 -> carrier-grouped 120 (-16%). Carriers: 153 total (6 bundle + 98 cluster-pair + 49 individual).
[isolated-stash] Stashed 12 edge-less nodes in 6-column strip at x>=29302.
[face-raster] grid 6494x6604 (cell 5.0x5.0 units), 602 faces, 42648939 bg cells (99.4% of grid)
  face #1: 38269817 cells (89.7%), bbox 6494x6604 @ (0,0)
  face #2: 525408 cells (1.2%), bbox 749x1579 @ (2217,155)
  face #449: 462794 cells (1.1%), bbox 1451x1015 @ (309,3168)
  face #381: 147759 cells (0.3%), bbox 737x632 @ (1062,2821)
  face #94: 124423 cells (0.3%), bbox 452x547 @ (1409,1601)
  face #73: 120676 cells (0.3%), bbox 594x1104 @ (2372,1199)
  face #9: 106617 cells (0.2%), bbox 636x910 @ (1212,964)
  face #50: 92679 cells (0.2%), bbox 218x742 @ (2052,1075)
[face-cohesion] 50 clusters analysed, 20 low-cohesion (<60% in dominant face)
  cohesion histogram:
     20%- 29%: 2 clusters
     30%- 39%: 5 clusters
     40%- 49%: 1 clusters
     50%- 59%: 12 clusters
     60%- 69%: 5 clusters
     80%- 89%: 1 clusters
    100%-100%: 24 clusters
  top 10 low-cohesion clusters (largest first):
    _louv_65: 8 members, 4 in dominant face, 5 faces total (50%)
    _louv_40: 6 members, 3 in dominant face, 4 faces total (50%)
    _louv_21: 5 members, 2 in dominant face, 4 faces total (40%)
    _louv_79: 4 members, 1 in dominant face, 4 faces total (25%)
    _louv_3: 4 members, 1 in dominant face, 4 faces total (25%)
    _louv_75: 3 members, 1 in dominant face, 3 faces total (33%)
    _louv_58: 3 members, 1 in dominant face, 3 faces total (33%)
    _louv_14: 3 members, 1 in dominant face, 3 faces total (33%)
    _louv_27: 3 members, 1 in dominant face, 3 faces total (33%)
    _louv_4: 3 members, 1 in dominant face, 3 faces total (33%)
[face-density] 355 micro-faces (size<50), top 10 hot regions (macro 64x64 cells):
  region (19,15): 29 micro-faces, world (5047,4117)-(5367,4437)
  region (15,51): 18 micro-faces, world (3767,15636)-(4087,15955)
  region (35,38): 17 micro-faces, world (10167,11476)-(10487,11796)
  region (5,64): 16 micro-faces, world (568,19795)-(888,20115)
  region (28,53): 16 micro-faces, world (7927,16275)-(8247,16595)
  region (4,65): 15 micro-faces, world (248,20115)-(568,20435)
  region (19,18): 14 micro-faces, world (5047,5076)-(5367,5396)
  region (5,65): 14 micro-faces, world (568,20115)-(888,20435)
  region (30,44): 12 micro-faces, world (8567,13396)-(8887,13716)
  region (19,17): 10 micro-faces, world (5047,4756)-(5367,5076)
[face-ppm] Wrote /tmp/face-raster.ppm (3247x3302, downsampled from 6494x6604 by 2)
[face-untangle] 18 target clusters, 30 strays, 1 moved (poly cross 139 → 138, 1 fewer)
[stuck-leaf-2d] pass 1: 0 candidates, 0 moved, 0 cost units resolved.
[stuck-leaf-2d] 0 candidates, 0 moved, 0 cost units resolved (poly cross 138 → 138, 0 fewer)
[hot-region-sa] 5 hot cells (≥4 cross, 138 cross pts), top 5 processed, 17/363 swap accepted (cross 138 → 137, 1 fewer)
