[community] algorithm=louvain communities=95 meta=3
[hub-bias] Super-graph: pushed 3 high-deg cluster roots to 1.4x avgR.
[cg-time] 7ms post-hub-bias
[cg-time] 70ms pre-§10-outward-radial
[cg-time] 70ms pre-§11-compose
[cg-time] 70ms pre-§12-pruning-reattach
[cg-time] 71ms pre-§13-cluster-swap
[cg-time] 407ms pre-§14-chain-straightening
[cg-time] 407ms pre-§15-pruned-cross-min
[§15.5] Optimized 29 alone-root+independent nodes (12 moves).
[cg-time] 413ms pre-bus-bundle
[bus-bundle] Created 1 bus bundles (2 members, sig ≥ 2 roots).
[xings-hotspot] total=207 xings across 110 offending edges (of 262)
  edge app7.M1↔app12.M2 xings=14 cluster=(?,_louv_61)
  edge app2.M3↔app12.M8 xings=14 cluster=(?,_louv_45)
  edge app0.M1↔app15.M9 xings=12 cluster=(?,?)
  edge app2.M0↔app2.M1 xings=11 cluster=(_louv_17,?)
  edge app4.M12↔app17.M7 xings=11 cluster=(_louv_38,?)
  edge app0.M0↔app0.M9 xings=11 cluster=(_louv_0,?)
  edge app4.M0↔app4.M6 xings=11 cluster=(_louv_30,?)
  edge app0.M9↔app10.M7 xings=10 cluster=(?,?)
[xings-hotspot] top cluster signatures:
  {?|_louv_31} xings=8
  {?|_louv_52} xings=6
  {?|_louv_37} xings=6
  {?|_louv_30} xings=6
  {?|_louv_29|_louv_31} xings=6
  {?|_louv_17} xings=5
  {?|_louv_24|_louv_30} xings=5
  {?|_louv_61} xings=4
[knot-min] Accepted 61 spatial swaps among 232 candidates.
[carrier-pre] 264 edges → 175 distinct carriers (cost-side filter).
[leaf-untangle] candidates=146, with-cross=49, moved=43, crossings-resolved=116.
[leaf-untangle] candidates=146, with-cross=23, moved=9, crossings-resolved=20.
[leaf-untangle] candidates=146, with-cross=20, moved=5, crossings-resolved=14.
[leaf-untangle] candidates=146, with-cross=17, moved=0, crossings-resolved=0.
[stuck-leaf-diag] 23 candidates with cost>0 (top 15 below):
  cost=16 deg=3 node=app3.M5 parent=app3.M0 nbrs={app3.M0,app3.M3,app14.M11}
  cost=16 deg=3 node=app10.M3 parent=app10.M0 nbrs={app10.M0,app10.M6,app7.M1}
  cost=9 deg=2 node=app3.M3 parent=app3.M0 nbrs={app3.M0,app3.M5}
  cost=6 deg=2 node=app1.M13 parent=app1.M0 nbrs={app1.M0,app1.M4}
  cost=6 deg=1 node=app1.Tag6 parent=app1.M3 nbrs={app1.M3}
  cost=5 deg=3 node=app5.M1 parent=app7.M1 nbrs={app7.M1,app7.M0,app11.M2}
  cost=4 deg=3 node=app2.M4 parent=app2.M0 nbrs={app2.M0,app2.M8,app2.M3}
  cost=4 deg=2 node=app4.M4 parent=app4.M0 nbrs={app4.M0,app4.M3}
  cost=3 deg=2 node=app1.M4 parent=app1.M0 nbrs={app1.M0,app1.M13}
  cost=3 deg=2 node=app1.M9 parent=app1.M0 nbrs={app1.M0,app1.Tag19}
  cost=3 deg=1 node=app1.M11 parent=app1.M0 nbrs={app1.M0}
  cost=2 deg=2 node=app1.M5 parent=app1.M0 nbrs={app1.M0,app1.Asset70}
  cost=2 deg=1 node=app4.Tag15 parent=app4.M1 nbrs={app4.M1}
  cost=1 deg=2 node=app0.M8 parent=app0.M0 nbrs={app0.M0,app0.Log39}
  cost=1 deg=2 node=app2.M10 parent=app2.M0 nbrs={app2.M0,app2.File28}
[pd-knot] 142 polyline cross pairs, 1 resolved via endpoint swap.
[xings-detour] iters=2 initial-poly-pairs=145 accepted=3 (multi-seg, density-aware, polyline detect, iterative).
[visual-knot] 141→140 cross points, 12→12 hot cells (≥3), 24 handled, 1 swap accepted.
[leaf-untangle] candidates=146, with-cross=19, moved=4, crossings-resolved=20.
[leaf-untangle] candidates=146, with-cross=18, moved=2, crossings-resolved=7.
[leaf-untangle] candidates=146, with-cross=17, moved=1, crossings-resolved=1.
[stuck-leaf-diag] 22 candidates with cost>0 (top 15 below):
  cost=16 deg=3 node=app3.M5 parent=app3.M0 nbrs={app3.M0,app3.M3,app14.M11}
  cost=15 deg=3 node=app10.M3 parent=app10.M0 nbrs={app10.M0,app10.M6,app7.M1}
  cost=9 deg=2 node=app3.M3 parent=app3.M0 nbrs={app3.M0,app3.M5}
  cost=6 deg=2 node=app1.M13 parent=app1.M0 nbrs={app1.M0,app1.M4}
  cost=6 deg=3 node=app5.M1 parent=app7.M1 nbrs={app7.M1,app7.M0,app11.M2}
  cost=6 deg=1 node=app1.Tag6 parent=app1.M3 nbrs={app1.M3}
  cost=4 deg=3 node=app2.M4 parent=app2.M0 nbrs={app2.M0,app2.M8,app2.M3}
  cost=4 deg=2 node=app4.M4 parent=app4.M0 nbrs={app4.M0,app4.M3}
  cost=3 deg=2 node=app1.M4 parent=app1.M0 nbrs={app1.M0,app1.M13}
  cost=3 deg=2 node=app1.M9 parent=app1.M0 nbrs={app1.M0,app1.Tag19}
  cost=3 deg=1 node=app1.M11 parent=app1.M0 nbrs={app1.M0}
  cost=2 deg=2 node=app1.M5 parent=app1.M0 nbrs={app1.M0,app1.Asset70}
  cost=2 deg=1 node=app4.Tag15 parent=app4.M1 nbrs={app4.M1}
  cost=1 deg=2 node=app0.M8 parent=app0.M0 nbrs={app0.M0,app0.Log39}
  cost=1 deg=2 node=app2.M11 parent=app12.M0 nbrs={app2.Note36,app12.M0}
[carrier-cross] segment 143 -> carrier-grouped 128 (-10%). Carriers: 180 total (2 bundle + 114 cluster-pair + 64 individual).
[isolated-stash] Stashed 12 edge-less nodes in 6-column strip at x>=20745.
[face-raster] grid 4651x5176 (cell 5.0x5.0 units), 486 faces, 23845502 bg cells (99.1% of grid)
  face #1: 20081815 cells (84.2%), bbox 4651x5176 @ (0,0)
  face #90: 951374 cells (4.0%), bbox 1678x1078 @ (130,2324)
  face #14: 149421 cells (0.6%), bbox 817x350 @ (1280,1730)
  face #21: 138115 cells (0.6%), bbox 1229x990 @ (2092,1917)
  face #430: 114821 cells (0.5%), bbox 779x483 @ (1466,3407)
  face #86: 105722 cells (0.4%), bbox 936x690 @ (2320,2260)
  face #242: 101518 cells (0.4%), bbox 688x541 @ (2662,3073)
  face #39: 98079 cells (0.4%), bbox 500x525 @ (2019,2144)
[face-cohesion] 63 clusters analysed, 25 low-cohesion (<60% in dominant face)
  cohesion histogram:
     20%- 29%: 1 clusters
     30%- 39%: 8 clusters
     50%- 59%: 16 clusters
     60%- 69%: 10 clusters
     70%- 79%: 1 clusters
    100%-100%: 27 clusters
  top 10 low-cohesion clusters (largest first):
    _louv_44: 4 members, 2 in dominant face, 2 faces total (50%)
    _louv_7: 4 members, 2 in dominant face, 3 faces total (50%)
    _louv_68: 4 members, 1 in dominant face, 4 faces total (25%)
    _louv_24: 4 members, 2 in dominant face, 3 faces total (50%)
    _louv_75: 4 members, 2 in dominant face, 2 faces total (50%)
    _louv_17: 4 members, 2 in dominant face, 2 faces total (50%)
    _louv_60: 4 members, 2 in dominant face, 2 faces total (50%)
    _louv_87: 3 members, 1 in dominant face, 3 faces total (33%)
    _louv_49: 3 members, 1 in dominant face, 3 faces total (33%)
    _louv_59: 3 members, 1 in dominant face, 3 faces total (33%)
[face-density] 236 micro-faces (size<50), top 10 hot regions (macro 64x64 cells):
  region (33,33): 19 micro-faces, world (10063,2584)-(10383,2904)
  region (21,49): 17 micro-faces, world (6224,7703)-(6544,8023)
  region (24,50): 17 micro-faces, world (7184,8023)-(7504,8343)
  region (22,50): 15 micro-faces, world (6544,8023)-(6864,8343)
  region (23,50): 13 micro-faces, world (6864,8023)-(7184,8343)
  region (9,46): 11 micro-faces, world (2384,6743)-(2704,7063)
  region (30,55): 10 micro-faces, world (9103,9623)-(9423,9942)
  region (34,58): 9 micro-faces, world (10383,10582)-(10703,10902)
  region (32,35): 8 micro-faces, world (9743,3223)-(10063,3543)
  region (32,34): 7 micro-faces, world (9743,2904)-(10063,3223)
[face-ppm] Wrote /tmp/face-raster.ppm (2325x2588, downsampled from 4651x5176 by 2)
[face-untangle] 25 target clusters, 40 strays, 3 moved (poly cross 142 → 141, 1 fewer)
[stuck-leaf-2d] pass 1: 1 candidates, 1 moved, 2 cost units resolved.
[stuck-leaf-2d] pass 2: 0 candidates, 0 moved, 0 cost units resolved.
[stuck-leaf-2d] 0 candidates, 1 moved, 2 cost units resolved (poly cross 141 → 139, 2 fewer)
[hot-region-sa] 9 hot cells (≥4 cross), top 5 processed, 123/810 swap accepted → REVERTED (cross 139 → 142)
