[community] algorithm=louvain communities=40 meta=4
[hub-bias] Super-graph: pushed 2 high-deg cluster roots to 1.4x avgR.
[cg-time] 5ms post-hub-bias
[cg-time] 19ms pre-§10-outward-radial
[cg-time] 19ms pre-§11-compose
[cg-time] 19ms pre-§12-pruning-reattach
[cg-time] 19ms pre-§13-cluster-swap
[cg-time] 46ms pre-§14-chain-straightening
[cg-time] 46ms pre-§15-pruned-cross-min
[§15.5] Optimized 10 alone-root+independent nodes (3 moves).
[cg-time] 47ms pre-bus-bundle
[xings-hotspot] total=61 xings across 44 offending edges (of 114)
  edge app7.M5↔app7.M7 xings=10 cluster=(?,?)
  edge app3.M0↔app3.M5 xings=8 cluster=(_louv_12,_louv_15)
  edge app0.M2↔app7.M3 xings=7 cluster=(_louv_1,?)
  edge app8.M0↔app8.M7 xings=6 cluster=(_louv_38,?)
  edge app6.M0↔app8.M0 xings=6 cluster=(_louv_27,_louv_38)
  edge app1.M0↔app2.M1 xings=5 cluster=(_louv_3,?)
  edge app5.M0↔app5.M9 xings=5 cluster=(_louv_26,?)
  edge app0.M4↔app6.M10 xings=4 cluster=(?,_louv_21)
[xings-hotspot] top cluster signatures:
  {?|_louv_38} xings=5
  {?|_louv_3} xings=3
  {?|_louv_1|_louv_38} xings=3
  {?|_louv_21|_louv_38} xings=2
  {?|_louv_3|_louv_38} xings=2
  {?|_louv_11} xings=2
  {?|_louv_35} xings=2
  {?|_louv_12|_louv_15|_louv_35} xings=2
[knot-min] Accepted 6 spatial swaps among 88 candidates.
[knot-min-2opt] Accepted 3 cross-targeted swaps.
[carrier-pre] 116 edges → 65 distinct carriers (cost-side filter).
[leaf-untangle] candidates=40, with-cross=10, moved=4, crossings-resolved=14.
[leaf-untangle] candidates=40, with-cross=7, moved=2, crossings-resolved=6.
[leaf-untangle] candidates=40, with-cross=6, moved=0, crossings-resolved=0.
[stuck-leaf-diag] 8 candidates with cost>0 (top 15 below):
  cost=5 deg=2 node=app8.M7 parent=app8.M0 nbrs={app8.M0,app6.M9}
  cost=4 deg=3 node=app7.M1 parent=app7.M0 nbrs={app7.M0,app7.M2,app2.M6}
  cost=3 deg=2 node=app4.M1 parent=app4.M0 nbrs={app4.M0,app4.M2}
  cost=3 deg=2 node=app4.M2 parent=app4.M0 nbrs={app4.M0,app4.M1}
  cost=3 deg=3 node=app7.M2 parent=app7.M0 nbrs={app7.M0,app7.M4,app7.M1}
  cost=2 deg=3 node=app5.M6 parent=app5.M0 nbrs={app5.M0,app5.M7,app7.M0}
  cost=2 deg=3 node=app6.M9 parent=app6.M0 nbrs={app6.M0,app6.M10,app8.M7}
  cost=1 deg=2 node=app8.M3 parent=app8.M0 nbrs={app8.M0,app1.M3}
[pd-knot] 48 polyline cross pairs, 1 resolved via endpoint swap.
[xings-detour] iters=2 initial-poly-pairs=45 accepted=3 (multi-seg, density-aware, polyline detect, iterative).
[visual-knot] 39→39 cross points, 0→0 hot cells (≥3), 0 handled, 0 swap accepted.
[leaf-untangle] candidates=40, with-cross=7, moved=2, crossings-resolved=6.
[leaf-untangle] candidates=40, with-cross=7, moved=0, crossings-resolved=0.
[stuck-leaf-diag] 9 candidates with cost>0 (top 15 below):
  cost=5 deg=2 node=app8.M7 parent=app8.M0 nbrs={app8.M0,app6.M9}
  cost=4 deg=3 node=app7.M1 parent=app7.M0 nbrs={app7.M0,app7.M2,app2.M6}
  cost=3 deg=2 node=app4.M1 parent=app4.M0 nbrs={app4.M0,app4.M2}
  cost=3 deg=2 node=app4.M2 parent=app4.M0 nbrs={app4.M0,app4.M1}
  cost=3 deg=3 node=app7.M2 parent=app7.M0 nbrs={app7.M0,app7.M4,app7.M1}
  cost=2 deg=3 node=app5.M6 parent=app5.M0 nbrs={app5.M0,app5.M7,app7.M0}
  cost=2 deg=3 node=app6.M9 parent=app6.M0 nbrs={app6.M0,app6.M10,app8.M7}
  cost=1 deg=3 node=app5.M7 parent=app5.M0 nbrs={app5.M0,app5.M6,app4.M3}
  cost=1 deg=2 node=app8.M3 parent=app8.M0 nbrs={app8.M0,app1.M3}
[carrier-cross] segment 42 -> carrier-grouped 35 (-17%). Carriers: 63 total (1 bundle + 45 cluster-pair + 17 individual).
[isolated-stash] Stashed 10 edge-less nodes in 6-column strip at x>=11803.
[face-raster] grid 2785x5726 (cell 5.0x5.0 units), 160 faces, 15803226 bg cells (99.1% of grid)
  face #1: 7075625 cells (44.8%), bbox 2785x5726 @ (0,0)
  face #105: 639565 cells (4.0%), bbox 494x2504 @ (1475,2934)
  face #13: 546897 cells (3.5%), bbox 615x1368 @ (1111,526)
  face #113: 484954 cells (3.1%), bbox 504x2351 @ (1282,3087)
  face #19: 473822 cells (3.0%), bbox 325x2135 @ (82,661)
  face #3: 455342 cells (2.9%), bbox 780x2054 @ (1562,134)
  face #98: 435460 cells (2.8%), bbox 503x1489 @ (226,2799)
  face #112: 423839 cells (2.7%), bbox 674x1413 @ (519,3086)
[face-cohesion] 18 clusters analysed, 6 low-cohesion (<60% in dominant face)
  cohesion histogram:
     50%- 59%: 6 clusters
     60%- 69%: 3 clusters
    100%-100%: 9 clusters
  top 6 low-cohesion clusters (largest first):
    _louv_27: 4 members, 2 in dominant face, 2 faces total (50%)
    _louv_26: 4 members, 2 in dominant face, 2 faces total (50%)
    _louv_24: 2 members, 1 in dominant face, 2 faces total (50%)
    _louv_29: 2 members, 1 in dominant face, 2 faces total (50%)
    _louv_0: 2 members, 1 in dominant face, 2 faces total (50%)
    _louv_7: 2 members, 1 in dominant face, 2 faces total (50%)
[face-density] 73 micro-faces (size<50), top 10 hot regions (macro 64x64 cells):
  region (31,21): 12 micro-faces, world (9602,6120)-(9922,6440)
  region (28,85): 11 micro-faces, world (8642,26597)-(8962,26917)
  region (31,22): 7 micro-faces, world (9602,6440)-(9922,6760)
  region (5,10): 5 micro-faces, world (1284,2601)-(1604,2921)
  region (17,37): 4 micro-faces, world (5123,11240)-(5443,11559)
  region (28,83): 3 micro-faces, world (8642,25957)-(8962,26277)
  region (24,82): 3 micro-faces, world (7363,25637)-(7682,25957)
  region (23,82): 3 micro-faces, world (7043,25637)-(7363,25957)
  region (14,63): 2 micro-faces, world (4163,19558)-(4483,19878)
  region (28,84): 2 micro-faces, world (8642,26277)-(8962,26597)
[face-ppm] Wrote /tmp/face-raster.ppm (1392x2863, downsampled from 2785x5726 by 2)
[face-untangle] 6 target clusters, 8 strays, 0 moved (poly cross 39 → 39, 0 fewer)
[stuck-leaf-2d] pass 1: 0 candidates, 0 moved, 0 cost units resolved.
[stuck-leaf-2d] 0 candidates, 0 moved, 0 cost units resolved (poly cross 39 → 39, 0 fewer)
[hot-region-sa] 0 hot cells (≥4 cross, 39 cross pts), top 0 processed, 0/0 swap accepted (cross 39 → 39, 0 fewer)
