[community] algorithm=louvain communities=19 meta=3
[hub-bias] Super-graph: pushed 3 high-deg cluster roots to 1.4x avgR.
[cg-time] 1ms post-hub-bias
[cg-time] 1ms pre-§10-outward-radial
[cg-time] 1ms pre-§11-compose
[cg-time] 1ms pre-§12-pruning-reattach
[cg-time] 1ms pre-§13-cluster-swap
[cg-time] 3ms pre-§14-chain-straightening
[cg-time] 3ms pre-§15-pruned-cross-min
[§15.5] Optimized 1 alone-root+independent nodes (0 moves).
[cg-time] 3ms pre-bus-bundle
[bus-bundle] Created 1 bus bundles (2 members, sig ≥ 2 roots).
[xings-hotspot] total=9 xings across 10 offending edges (of 59)
  edge app0.M0↔app0.M1 xings=3 cluster=(_louv_1,_louv_2)
  edge app0.M4↔app0.M5 xings=2 cluster=(_louv_1,?)
  edge app1.M0↔app1.M2 xings=2 cluster=(_louv_7,_louv_8)
  edge app1.M0↔app1.M12 xings=2 cluster=(_louv_7,_louv_14)
  edge app3.M0↔app3.M3 xings=2 cluster=(_louv_18,_louv_12)
  edge app3.M3↔app3.M7 xings=2 cluster=(_louv_12,?)
  edge app4.M0↔app4.M4 xings=2 cluster=(_louv_0,_louv_4)
  edge app0.M0↔app0.M3 xings=1 cluster=(_louv_1,?)
[xings-hotspot] top cluster signatures:
  {?|_louv_0|_louv_4|_louv_8} xings=1
  {?|_louv_1} xings=1
  {?|_louv_12|_louv_14|_louv_7} xings=1
  {?|_louv_12|_louv_7|_louv_8} xings=1
  {?|_louv_1|_louv_2} xings=1
  {_louv_0|_louv_1|_louv_2|_louv_4} xings=1
  {_louv_12|_louv_14|_louv_18|_louv_7} xings=1
  {_louv_12|_louv_18|_louv_7|_louv_8} xings=1
[knot-min] Accepted 3 spatial swaps among 44 candidates.
[carrier-pre] 62 edges → 33 distinct carriers (cost-side filter).
[leaf-untangle] candidates=25, with-cross=10, moved=9, crossings-resolved=28.
[leaf-untangle] candidates=25, with-cross=4, moved=1, crossings-resolved=3.
[leaf-untangle] candidates=25, with-cross=3, moved=0, crossings-resolved=0.
[stuck-leaf-diag] 4 candidates with cost>0 (top 15 below):
  cost=7 deg=3 node=app0.M4 parent=app0.M0 nbrs={app0.M0,app0.M5,app0.Tag1}
  cost=1 deg=2 node=app1.M12 parent=app1.M0 nbrs={app1.M0,app4.M3}
  cost=1 deg=3 node=app3.M3 parent=app3.M0 nbrs={app3.M0,app3.M7,app1.M1}
  cost=1 deg=2 node=app4.M3 parent=app4.M0 nbrs={app4.M0,app1.M12}
[pd-knot] 5 polyline cross pairs, 0 resolved via endpoint swap.
[xings-detour] iters=2 initial-poly-pairs=5 accepted=1 (multi-seg, density-aware, polyline detect, iterative).
[visual-knot] 4→4 cross points, 0→0 hot cells (≥3), 0 handled, 0 swap accepted.
[leaf-untangle] candidates=25, with-cross=3, moved=0, crossings-resolved=0.
[stuck-leaf-diag] 4 candidates with cost>0 (top 15 below):
  cost=7 deg=3 node=app0.M4 parent=app0.M0 nbrs={app0.M0,app0.M5,app0.Tag1}
  cost=1 deg=2 node=app1.M12 parent=app1.M0 nbrs={app1.M0,app4.M3}
  cost=1 deg=3 node=app3.M3 parent=app3.M0 nbrs={app3.M0,app3.M7,app1.M1}
  cost=1 deg=2 node=app4.M3 parent=app4.M0 nbrs={app4.M0,app1.M12}
[carrier-cross] segment 4 -> carrier-grouped 4 (-0%). Carriers: 31 total (3 bundle + 17 cluster-pair + 11 individual).
[isolated-stash] Stashed 5 edge-less nodes in 6-column strip at x>=8391.
[face-raster] grid 2007x1749 (cell 5.0x5.0 units), 93 faces, 3456820 bg cells (98.5% of grid)
  face #1: 2633937 cells (76.2%), bbox 2007x1749 @ (0,0)
  face #6: 365407 cells (10.6%), bbox 801x721 @ (148,669)
  face #2: 97383 cells (2.8%), bbox 348x752 @ (950,63)
  face #10: 94862 cells (2.7%), bbox 312x615 @ (144,690)
  face #7: 51210 cells (1.5%), bbox 353x308 @ (924,669)
  face #19: 48038 cells (1.4%), bbox 230x428 @ (1042,833)
  face #20: 45807 cells (1.3%), bbox 230x471 @ (1240,855)
  face #91: 41422 cells (1.2%), bbox 282x331 @ (150,1321)
[face-cohesion] 11 clusters analysed, 4 low-cohesion (<60% in dominant face)
  cohesion histogram:
     50%- 59%: 4 clusters
     80%- 89%: 2 clusters
    100%-100%: 5 clusters
  top 4 low-cohesion clusters (largest first):
    _louv_1: 4 members, 2 in dominant face, 3 faces total (50%)
    _louv_7: 4 members, 2 in dominant face, 2 faces total (50%)
    _louv_0: 2 members, 1 in dominant face, 2 faces total (50%)
    _louv_16: 2 members, 1 in dominant face, 2 faces total (50%)
[face-density] 61 micro-faces (size<50), top 10 hot regions (macro 64x64 cells):
  region (13,16): 16 micro-faces, world (3917,4904)-(4237,5224)
  region (22,17): 9 micro-faces, world (6796,5224)-(7116,5544)
  region (22,14): 7 micro-faces, world (6796,4264)-(7116,4584)
  region (13,15): 7 micro-faces, world (3917,4584)-(4237,4904)
  region (22,18): 6 micro-faces, world (6796,5544)-(7116,5864)
  region (22,16): 5 micro-faces, world (6796,4904)-(7116,5224)
  region (22,15): 3 micro-faces, world (6796,4584)-(7116,4904)
  region (19,12): 2 micro-faces, world (5837,3624)-(6156,3944)
  region (22,13): 2 micro-faces, world (6796,3944)-(7116,4264)
  region (12,19): 2 micro-faces, world (3597,5864)-(3917,6184)
[face-ppm] Wrote /tmp/face-raster.ppm (2007x1749, downsampled from 2007x1749 by 1)
[face-untangle] 4 target clusters, 6 strays, 0 moved (poly cross 4 → 4, 0 fewer)
[stuck-leaf-2d] pass 1: 0 candidates, 0 moved, 0 cost units resolved.
[stuck-leaf-2d] 0 candidates, 0 moved, 0 cost units resolved (poly cross 4 → 4, 0 fewer)
[hot-region-sa] 0 hot cells (≥4 cross, 4 cross pts), top 0 processed, 0/0 swap accepted (cross 4 → 4, 0 fewer)
