[community] algorithm=louvain communities=33 meta=2
[hub-bias] Super-graph: pushed 3 high-deg cluster roots to 1.4x avgR.
[cg-time] 3ms post-hub-bias
[cg-time] 4ms pre-§10-outward-radial
[cg-time] 4ms pre-§11-compose
[cg-time] 4ms pre-§12-pruning-reattach
[cg-time] 4ms pre-§13-cluster-swap
[cg-time] 10ms pre-§14-chain-straightening
[cg-time] 10ms pre-§15-pruned-cross-min
[§15.5] Optimized 19 alone-root+independent nodes (3 moves).
[cg-time] 10ms pre-bus-bundle
[bus-bundle] Created 1 bus bundles (2 members, sig ≥ 2 roots).
[xings-hotspot] total=28 xings across 25 offending edges (of 92)
  edge core.Hub0↔app5.M0 xings=9 cluster=(?,_louv_23)
  edge app3.M0↔app3.M3 xings=5 cluster=(_louv_16,_louv_18)
  edge app1.M7↔app1.M8 xings=3 cluster=(_louv_5,?)
  edge app5.M0↔app5.M12 xings=3 cluster=(_louv_23,?)
  edge app0.M1↔app5.M2 xings=3 cluster=(?,?)
  edge app4.M0↔app4.M2 xings=3 cluster=(?,_louv_19)
  edge app2.M3↔app4.M0 xings=3 cluster=(?,?)
  edge app2.M1↔app4.M4 xings=2 cluster=(?,?)
[xings-hotspot] top cluster signatures:
  {?|_louv_23|_louv_9} xings=5
  {?|_louv_23} xings=4
  {?|_louv_16|_louv_18} xings=3
  {?|_louv_16|_louv_18|_louv_5} xings=2
  {?|_louv_23|_louv_5} xings=2
  {?|_louv_28} xings=2
  {?} xings=1
  {?|_louv_10} xings=1
[knot-min] Accepted 9 spatial swaps among 79 candidates.
[carrier-pre] 95 edges → 48 distinct carriers (cost-side filter).
[leaf-untangle] candidates=49, with-cross=15, moved=13, crossings-resolved=51.
[leaf-untangle] candidates=49, with-cross=10, moved=3, crossings-resolved=10.
[leaf-untangle] candidates=49, with-cross=7, moved=0, crossings-resolved=0.
[stuck-leaf-diag] 9 candidates with cost>0 (top 15 below):
  cost=4 deg=2 node=app1.M4 parent=app5.M0 nbrs={app1.M0,app5.M0}
  cost=4 deg=2 node=app3.M3 parent=app3.M0 nbrs={app3.M0,app4.M1}
  cost=4 deg=2 node=app4.M1 parent=app4.M0 nbrs={app4.M0,app3.M3}
  cost=3 deg=2 node=app5.M3 parent=app5.M0 nbrs={app5.M0,app5.M9}
  cost=3 deg=3 node=app5.M5 parent=app6.M1 nbrs={app5.M1,app6.M1,app1.M6}
  cost=2 deg=3 node=app1.M6 parent=app1.M0 nbrs={app1.M0,app6.M1,app5.M5}
  cost=1 deg=3 node=app2.M4 parent=app2.M0 nbrs={app2.M0,app2.M9,app5.M12}
  cost=1 deg=2 node=app2.M9 parent=app2.M0 nbrs={app2.M0,app2.M4}
  cost=1 deg=2 node=app6.M8 parent=app6.M0 nbrs={app6.M0,app3.M7}
[pd-knot] 23 polyline cross pairs, 0 resolved via endpoint swap.
[xings-detour] iters=2 initial-poly-pairs=24 accepted=1 (multi-seg, density-aware, polyline detect, iterative).
[visual-knot] 23→23 cross points, 1→1 hot cells (≥3), 1 handled, 0 swap accepted.
[leaf-untangle] candidates=49, with-cross=7, moved=0, crossings-resolved=0.
[stuck-leaf-diag] 9 candidates with cost>0 (top 15 below):
  cost=4 deg=2 node=app1.M4 parent=app5.M0 nbrs={app1.M0,app5.M0}
  cost=4 deg=2 node=app3.M3 parent=app3.M0 nbrs={app3.M0,app4.M1}
  cost=4 deg=2 node=app4.M1 parent=app4.M0 nbrs={app4.M0,app3.M3}
  cost=3 deg=2 node=app5.M3 parent=app5.M0 nbrs={app5.M0,app5.M9}
  cost=3 deg=3 node=app5.M5 parent=app6.M1 nbrs={app5.M1,app6.M1,app1.M6}
  cost=2 deg=3 node=app1.M6 parent=app1.M0 nbrs={app1.M0,app6.M1,app5.M5}
  cost=1 deg=3 node=app2.M4 parent=app2.M0 nbrs={app2.M0,app2.M9,app5.M12}
  cost=1 deg=2 node=app2.M9 parent=app2.M0 nbrs={app2.M0,app2.M4}
  cost=1 deg=2 node=app6.M8 parent=app6.M0 nbrs={app6.M0,app3.M7}
[carrier-cross] segment 23 -> carrier-grouped 20 (-13%). Carriers: 47 total (2 bundle + 27 cluster-pair + 18 individual).
[isolated-stash] Stashed 6 edge-less nodes in 6-column strip at x>=20370.
[face-raster] grid 4593x4327 (cell 5.0x5.0 units), 144 faces, 19776548 bg cells (99.5% of grid)
  face #1: 15407368 cells (77.9%), bbox 4593x4327 @ (0,0)
  face #3: 2200546 cells (11.1%), bbox 2173x2413 @ (1152,195)
  face #30: 387330 cells (2.0%), bbox 470x1924 @ (270,1344)
  face #53: 249224 cells (1.3%), bbox 682x727 @ (803,2823)
  face #11: 181675 cells (0.9%), bbox 270x1352 @ (864,1051)
  face #41: 153695 cells (0.8%), bbox 516x1322 @ (1154,2610)
  face #39: 151807 cells (0.8%), bbox 394x823 @ (759,2407)
  face #33: 144031 cells (0.7%), bbox 338x866 @ (955,1955)
[face-cohesion] 18 clusters analysed, 6 low-cohesion (<60% in dominant face)
  cohesion histogram:
     40%- 49%: 1 clusters
     50%- 59%: 5 clusters
     60%- 69%: 1 clusters
     70%- 79%: 1 clusters
     80%- 89%: 1 clusters
    100%-100%: 9 clusters
  top 6 low-cohesion clusters (largest first):
    _louv_28: 5 members, 2 in dominant face, 4 faces total (40%)
    _louv_9: 4 members, 2 in dominant face, 3 faces total (50%)
    _louv_32: 2 members, 1 in dominant face, 2 faces total (50%)
    _louv_4: 2 members, 1 in dominant face, 2 faces total (50%)
    _louv_18: 2 members, 1 in dominant face, 2 faces total (50%)
    _louv_5: 2 members, 1 in dominant face, 2 faces total (50%)
[face-density] 90 micro-faces (size<50), top 10 hot regions (macro 64x64 cells):
  region (12,50): 20 micro-faces, world (3350,15533)-(3670,15852)
  region (25,61): 10 micro-faces, world (7510,19052)-(7830,19372)
  region (23,60): 7 micro-faces, world (6870,18732)-(7190,19052)
  region (14,17): 6 micro-faces, world (3990,4975)-(4310,5295)
  region (14,54): 6 micro-faces, world (3990,16812)-(4310,17132)
  region (11,54): 5 micro-faces, world (3030,16812)-(3350,17132)
  region (8,53): 4 micro-faces, world (2070,16492)-(2390,16812)
  region (28,3): 3 micro-faces, world (8470,496)-(8790,816)
  region (14,16): 3 micro-faces, world (3990,4655)-(4310,4975)
  region (5,43): 3 micro-faces, world (1110,13293)-(1430,13613)
[face-ppm] Wrote /tmp/face-raster.ppm (2296x2163, downsampled from 4593x4327 by 2)
[face-untangle] 6 target clusters, 9 strays, 2 moved (poly cross 23 → 21, 2 fewer)
[stuck-leaf-2d] pass 1: 0 candidates, 0 moved, 0 cost units resolved.
[stuck-leaf-2d] 0 candidates, 0 moved, 0 cost units resolved (poly cross 21 → 21, 0 fewer)
[hot-region-sa] 0 hot cells (≥4 cross, 21 cross pts), top 0 processed, 0/0 swap accepted (cross 21 → 21, 0 fewer)
