[community] algorithm=louvain communities=84 meta=4
[hub-bias] Super-graph: pushed 11 high-deg cluster roots to 1.4x avgR.
[cg-time] 6ms post-hub-bias
[cg-time] 21ms pre-§10-outward-radial
[cg-time] 21ms pre-§11-compose
[cg-time] 21ms pre-§12-pruning-reattach
[cg-time] 21ms pre-§13-cluster-swap
[cg-time] 426ms pre-§14-chain-straightening
[cg-time] 427ms pre-§15-pruned-cross-min
[§15.5] Optimized 22 alone-root+independent nodes (0 moves).
[cg-time] 429ms pre-bus-bundle
[xings-hotspot] total=136 xings across 102 offending edges (of 279)
  edge core.Hub0↔app3.M0 xings=11 cluster=(_louv_0,_louv_21)
  edge app9.M4↔app11.M3 xings=10 cluster=(_louv_55,_louv_61)
  edge core.Hub0↔app15.M0 xings=8 cluster=(_louv_0,?)
  edge app12.M3↔app14.M9 xings=8 cluster=(_louv_66,?)
  edge app6.M8↔app7.M6 xings=7 cluster=(_louv_40,?)
  edge app15.M1↔app15.M2 xings=7 cluster=(?,_louv_79)
  edge app15.M0↔app15.M2 xings=7 cluster=(?,_louv_79)
  edge app6.M0↔app6.M5 xings=7 cluster=(_louv_35,_louv_39)
[xings-hotspot] top cluster signatures:
  {?|_louv_48|_louv_80} xings=4
  {?|_louv_0|_louv_80} xings=3
  {?|_louv_79} xings=3
  {?|_louv_55|_louv_61} xings=2
  {?|_louv_51|_louv_79} xings=2
  {?|_louv_48|_louv_79} xings=2
  {?|_louv_48|_louv_51|_louv_80} xings=2
  {?|_louv_0|_louv_21|_louv_40} xings=2
[knot-min] Accepted 15 spatial swaps among 227 candidates.
[knot-min-2opt] Accepted 5 cross-targeted swaps.
[carrier-pre] 285 edges → 187 distinct carriers (cost-side filter).
[leaf-untangle] candidates=145, with-cross=40, moved=29, crossings-resolved=102.
[leaf-untangle] candidates=145, with-cross=23, moved=7, crossings-resolved=13.
[leaf-untangle] candidates=145, with-cross=18, moved=0, crossings-resolved=0.
[stuck-leaf-diag] 20 candidates with cost>0 (top 15 below):
  cost=13 deg=3 node=app12.M1 parent=app12.M0 nbrs={app12.M0,app12.M3,app0.M5}
  cost=10 deg=2 node=app12.M8 parent=app12.M0 nbrs={app12.M0,app12.M3}
  cost=8 deg=2 node=app2.M1 parent=app5.M7 nbrs={app5.M7,app13.M4}
  cost=8 deg=2 node=app8.M9 parent=app8.M0 nbrs={app8.M0,app8.M4}
  cost=7 deg=2 node=app13.M4 parent=app13.M0 nbrs={app13.M0,app2.M1}
  cost=5 deg=2 node=app1.M4 parent=app1.M0 nbrs={app1.M0,app16.M3}
  cost=4 deg=3 node=app6.M10 parent=app6.M0 nbrs={app6.M0,app6.M6,app6.M4}
  cost=4 deg=2 node=app7.M7 parent=app7.M0 nbrs={app7.M0,app11.M2}
  cost=4 deg=3 node=app8.M2 parent=app8.M0 nbrs={app8.M0,app8.M11,app17.M0}
  cost=4 deg=2 node=app16.M3 parent=app16.M0 nbrs={app16.M0,app1.M4}
  cost=3 deg=2 node=app0.M11 parent=app0.M2 nbrs={app0.M2,app17.M4}
  cost=3 deg=3 node=app9.M5 parent=app9.M0 nbrs={app9.M0,app9.M4,app9.M2}
  cost=3 deg=2 node=app17.M4 parent=app0.M11 nbrs={app0.M11,app13.M9}
  cost=2 deg=3 node=app6.M2 parent=app6.M0 nbrs={app6.M0,app6.M3,app6.M4}
  cost=2 deg=3 node=app8.M11 parent=app8.M0 nbrs={app8.M0,app8.M2,app8.Note49}
[pd-knot] 111 polyline cross pairs, 1 resolved via endpoint swap.
[xings-detour] iters=1 initial-poly-pairs=116 accepted=0 (multi-seg, density-aware, polyline detect, iterative).
[visual-knot] 115→113 cross points, 5→4 hot cells (≥3), 9 handled, 1 swap accepted.
[leaf-untangle] candidates=145, with-cross=17, moved=1, crossings-resolved=1.
[leaf-untangle] candidates=145, with-cross=17, moved=0, crossings-resolved=0.
[stuck-leaf-diag] 19 candidates with cost>0 (top 15 below):
  cost=13 deg=3 node=app12.M1 parent=app12.M0 nbrs={app12.M0,app12.M3,app0.M5}
  cost=10 deg=2 node=app12.M8 parent=app12.M0 nbrs={app12.M0,app12.M3}
  cost=8 deg=2 node=app2.M1 parent=app5.M7 nbrs={app5.M7,app13.M4}
  cost=7 deg=2 node=app13.M4 parent=app13.M0 nbrs={app13.M0,app2.M1}
  cost=6 deg=2 node=app8.M9 parent=app8.M0 nbrs={app8.M0,app8.M4}
  cost=5 deg=2 node=app1.M4 parent=app1.M0 nbrs={app1.M0,app16.M3}
  cost=5 deg=3 node=app8.M2 parent=app8.M0 nbrs={app8.M0,app8.M11,app17.M0}
  cost=4 deg=2 node=app7.M7 parent=app7.M0 nbrs={app7.M0,app11.M2}
  cost=4 deg=2 node=app16.M3 parent=app16.M0 nbrs={app16.M0,app1.M4}
  cost=3 deg=2 node=app0.M11 parent=app0.M2 nbrs={app0.M2,app17.M4}
  cost=3 deg=3 node=app6.M10 parent=app6.M0 nbrs={app6.M0,app6.M6,app6.M4}
  cost=3 deg=3 node=app9.M5 parent=app9.M0 nbrs={app9.M0,app9.M4,app9.M2}
  cost=3 deg=2 node=app17.M4 parent=app0.M11 nbrs={app0.M11,app13.M9}
  cost=2 deg=3 node=app6.M2 parent=app6.M0 nbrs={app6.M0,app6.M3,app6.M4}
  cost=2 deg=2 node=app14.M6 parent=app14.M0 nbrs={app14.M0,app8.M8}
[carrier-cross] segment 114 -> carrier-grouped 104 (-9%). Carriers: 180 total (1 bundle + 113 cluster-pair + 66 individual).
[isolated-stash] Stashed 2 edge-less nodes in 6-column strip at x>=48704.
[face-raster] grid 10270x7409 (cell 5.0x5.0 units), 648 faces, 75817852 bg cells (99.6% of grid)
  face #1: 63302971 cells (83.5%), bbox 10270x7409 @ (0,0)
  face #2: 1340468 cells (1.8%), bbox 1804x1601 @ (2462,200)
  face #498: 1232333 cells (1.6%), bbox 1881x2168 @ (4823,3055)
  face #77: 1172344 cells (1.5%), bbox 1797x1243 @ (1658,1199)
  face #3: 837373 cells (1.1%), bbox 1211x1572 @ (3995,200)
  face #265: 804491 cells (1.1%), bbox 1639x1068 @ (5157,2365)
  face #491: 462306 cells (0.6%), bbox 1829x1142 @ (4895,3009)
  face #111: 431376 cells (0.6%), bbox 812x1228 @ (2943,1748)
[face-cohesion] 63 clusters analysed, 16 low-cohesion (<60% in dominant face)
  cohesion histogram:
     30%- 39%: 3 clusters
     40%- 49%: 1 clusters
     50%- 59%: 12 clusters
     60%- 69%: 12 clusters
     70%- 79%: 3 clusters
    100%-100%: 32 clusters
  top 10 low-cohesion clusters (largest first):
    _louv_58: 6 members, 3 in dominant face, 2 faces total (50%)
    _louv_65: 6 members, 3 in dominant face, 3 faces total (50%)
    _louv_81: 5 members, 2 in dominant face, 4 faces total (40%)
    _louv_42: 4 members, 2 in dominant face, 3 faces total (50%)
    _louv_48: 3 members, 1 in dominant face, 3 faces total (33%)
    _louv_35: 3 members, 1 in dominant face, 3 faces total (33%)
    _louv_1: 3 members, 1 in dominant face, 3 faces total (33%)
    _louv_79: 2 members, 1 in dominant face, 2 faces total (50%)
    _louv_16: 2 members, 1 in dominant face, 2 faces total (50%)
    _louv_43: 2 members, 1 in dominant face, 2 faces total (50%)
[face-density] 422 micro-faces (size<50), top 10 hot regions (macro 64x64 cells):
  region (52,40): 38 micro-faces, world (15604,12039)-(15924,12359)
  region (89,81): 27 micro-faces, world (27443,25158)-(27763,25478)
  region (44,17): 27 micro-faces, world (13044,4679)-(13364,4999)
  region (75,35): 23 micro-faces, world (22964,10439)-(23284,10759)
  region (49,37): 23 micro-faces, world (14644,11079)-(14964,11399)
  region (48,37): 22 micro-faces, world (14324,11079)-(14644,11399)
  region (48,36): 17 micro-faces, world (14324,10759)-(14644,11079)
  region (81,7): 14 micro-faces, world (24883,1479)-(25203,1799)
  region (78,37): 11 micro-faces, world (23924,11079)-(24244,11399)
  region (70,34): 10 micro-faces, world (21364,10119)-(21684,10439)
[face-ppm] Wrote /tmp/face-raster.ppm (2567x1852, downsampled from 10270x7409 by 4)
[face-untangle] 16 target clusters, 26 strays, 0 moved (poly cross 113 → 113, 0 fewer)
[stuck-leaf-2d] pass 1: 1 candidates, 1 moved, 1 cost units resolved.
[stuck-leaf-2d] pass 2: 0 candidates, 0 moved, 0 cost units resolved.
[stuck-leaf-2d] 0 candidates, 1 moved, 1 cost units resolved (poly cross 113 → 112, 1 fewer)
[hot-region-sa] 6 hot cells (≥4 cross, 112 cross pts), top 5 processed, 71/402 swap accepted (cross 112 → 112, 0 fewer)
