[community] algorithm=louvain communities=48 meta=3
[hub-bias] Super-graph: pushed 5 high-deg cluster roots to 1.4x avgR.
[cg-time] 6ms post-hub-bias
[cg-time] 17ms pre-§10-outward-radial
[cg-time] 17ms pre-§11-compose
[cg-time] 17ms pre-§12-pruning-reattach
[cg-time] 17ms pre-§13-cluster-swap
[cg-time] 54ms pre-§14-chain-straightening
[cg-time] 54ms pre-§15-pruned-cross-min
[§15.5] Optimized 14 alone-root+independent nodes (0 moves).
[cg-time] 55ms pre-bus-bundle
[bus-bundle] Created 4 bus bundles (8 members, sig ≥ 2 roots).
[xings-hotspot] total=48 xings across 42 offending edges (of 144)
  edge core.Hub0↔app2.M0 xings=7 cluster=(?,_louv_12)
  edge app8.M0↔app8.M1 xings=5 cluster=(_louv_11,?)
  edge app6.M3↔app8.M2 xings=5 cluster=(?,?)
  edge app1.M2↔app8.M2 xings=5 cluster=(?,?)
  edge app4.M8↔app7.M7 xings=4 cluster=(?,?)
  edge app1.M0↔app1.M3 xings=4 cluster=(_louv_9,?)
  edge app2.M0↔app2.M6 xings=3 cluster=(_louv_12,_louv_15)
  edge app7.M0↔app7.M5 xings=3 cluster=(_louv_39,?)
[xings-hotspot] top cluster signatures:
  {?|_louv_39} xings=5
  {?|_louv_11} xings=5
  {?|_louv_12} xings=3
  {?|_louv_12|_louv_27} xings=2
  {?|_louv_10|_louv_35|_louv_8} xings=2
  {?|_louv_11|_louv_12} xings=2
  {?|_louv_27|_louv_9} xings=2
  {?|_louv_11|_louv_27} xings=2
[knot-min] Accepted 10 spatial swaps among 114 candidates.
[knot-min-2opt] Accepted 1 cross-targeted swaps.
[carrier-pre] 149 edges → 82 distinct carriers (cost-side filter).
[leaf-untangle] candidates=74, with-cross=23, moved=19, crossings-resolved=83.
[leaf-untangle] candidates=74, with-cross=10, moved=3, crossings-resolved=5.
[leaf-untangle] candidates=74, with-cross=8, moved=1, crossings-resolved=1.
[leaf-untangle] candidates=74, with-cross=7, moved=0, crossings-resolved=0.
[stuck-leaf-diag] 12 candidates with cost>0 (top 15 below):
  cost=6 deg=1 node=app3.M9 parent=app3.M0 nbrs={app3.M0}
  cost=5 deg=3 node=app5.M3 parent=app5.M1 nbrs={app5.M1,app5.M5,app0.M9}
  cost=4 deg=1 node=app7.File2 parent=app7.M4 nbrs={app7.M4}
  cost=4 deg=1 node=app4.Log16 parent=app4.M3 nbrs={app4.M3}
  cost=3 deg=3 node=app2.M7 parent=app2.M0 nbrs={app2.M0,app2.M9,app6.M3}
  cost=3 deg=2 node=app3.M2 parent=app3.M0 nbrs={app3.M0,app5.M10}
  cost=3 deg=1 node=app3.M5 parent=app3.M0 nbrs={app3.M0}
  cost=3 deg=2 node=app5.M10 parent=app5.M0 nbrs={app5.M0,app3.M2}
  cost=1 deg=2 node=app2.M1 parent=app2.M0 nbrs={app2.M0,app2.M3}
  cost=1 deg=2 node=app2.M3 parent=app2.M0 nbrs={app2.M0,app2.M1}
  cost=1 deg=3 node=app5.M5 parent=app5.M0 nbrs={app5.M0,app5.M3,app5.M1}
  cost=1 deg=2 node=app5.M6 parent=app5.M0 nbrs={app5.M0,app5.M1}
[pd-knot] 28 polyline cross pairs, 0 resolved via endpoint swap.
[xings-detour] iters=2 initial-poly-pairs=31 accepted=1 (multi-seg, density-aware, polyline detect, iterative).
[visual-knot] 30→30 cross points, 2→2 hot cells (≥3), 2 handled, 0 swap accepted.
[leaf-untangle] candidates=74, with-cross=7, moved=0, crossings-resolved=0.
[stuck-leaf-diag] 12 candidates with cost>0 (top 15 below):
  cost=6 deg=1 node=app3.M9 parent=app3.M0 nbrs={app3.M0}
  cost=5 deg=3 node=app5.M3 parent=app5.M1 nbrs={app5.M1,app5.M5,app0.M9}
  cost=4 deg=1 node=app7.File2 parent=app7.M4 nbrs={app7.M4}
  cost=4 deg=1 node=app4.Log16 parent=app4.M3 nbrs={app4.M3}
  cost=3 deg=3 node=app2.M7 parent=app2.M0 nbrs={app2.M0,app2.M9,app6.M3}
  cost=3 deg=2 node=app3.M2 parent=app3.M0 nbrs={app3.M0,app5.M10}
  cost=3 deg=1 node=app3.M5 parent=app3.M0 nbrs={app3.M0}
  cost=3 deg=2 node=app5.M10 parent=app5.M0 nbrs={app5.M0,app3.M2}
  cost=1 deg=2 node=app2.M1 parent=app2.M0 nbrs={app2.M0,app2.M3}
  cost=1 deg=2 node=app2.M3 parent=app2.M0 nbrs={app2.M0,app2.M1}
  cost=1 deg=3 node=app5.M5 parent=app5.M0 nbrs={app5.M0,app5.M3,app5.M1}
  cost=1 deg=2 node=app5.M6 parent=app5.M0 nbrs={app5.M0,app5.M1}
[carrier-cross] segment 30 -> carrier-grouped 26 (-13%). Carriers: 85 total (8 bundle + 46 cluster-pair + 31 individual).
[isolated-stash] Stashed 5 edge-less nodes in 6-column strip at x>=23992.
[face-raster] grid 5284x4648 (cell 5.0x5.0 units), 331 faces, 24411673 bg cells (99.4% of grid)
  face #1: 17715684 cells (72.6%), bbox 5284x4648 @ (0,0)
  face #232: 2154638 cells (8.8%), bbox 1880x2184 @ (1651,2185)
  face #2: 1051748 cells (4.3%), bbox 1594x1786 @ (1898,120)
  face #288: 631296 cells (2.6%), bbox 947x1511 @ (807,2709)
  face #170: 566821 cells (2.3%), bbox 535x1684 @ (3082,1799)
  face #7: 390187 cells (1.6%), bbox 631x1412 @ (3515,377)
  face #85: 370853 cells (1.5%), bbox 707x1066 @ (1765,1472)
  face #6: 277769 cells (1.1%), bbox 372x1519 @ (3189,377)
[face-cohesion] 30 clusters analysed, 5 low-cohesion (<60% in dominant face)
  cohesion histogram:
     30%- 39%: 2 clusters
     50%- 59%: 3 clusters
     60%- 69%: 5 clusters
     70%- 79%: 1 clusters
     80%- 89%: 1 clusters
    100%-100%: 18 clusters
  top 5 low-cohesion clusters (largest first):
    _louv_27: 3 members, 1 in dominant face, 3 faces total (33%)
    _louv_7: 3 members, 1 in dominant face, 3 faces total (33%)
    _louv_11: 2 members, 1 in dominant face, 2 faces total (50%)
    _louv_17: 2 members, 1 in dominant face, 2 faces total (50%)
    _louv_15: 2 members, 1 in dominant face, 2 faces total (50%)
[face-density] 251 micro-faces (size<50), top 10 hot regions (macro 64x64 cells):
  region (29,18): 26 micro-faces, world (8722,5264)-(9042,5584)
  region (26,23): 21 micro-faces, world (7763,6864)-(8083,7184)
  region (49,24): 16 micro-faces, world (15121,7184)-(15441,7504)
  region (60,26): 16 micro-faces, world (18641,7823)-(18961,8143)
  region (53,30): 15 micro-faces, world (16401,9103)-(16721,9423)
  region (44,30): 15 micro-faces, world (13522,9103)-(13842,9423)
  region (44,38): 11 micro-faces, world (13522,11663)-(13842,11983)
  region (26,67): 10 micro-faces, world (7763,20941)-(8083,21261)
  region (54,56): 10 micro-faces, world (16721,17422)-(17041,17742)
  region (30,42): 9 micro-faces, world (9042,12942)-(9362,13262)
[face-ppm] Wrote /tmp/face-raster.ppm (2642x2324, downsampled from 5284x4648 by 2)
[face-untangle] 6 target clusters, 9 strays, 0 moved (poly cross 30 → 30, 0 fewer)
[stuck-leaf-2d] pass 1: 2 candidates, 2 moved, 2 cost units resolved.
[stuck-leaf-2d] pass 2: 0 candidates, 0 moved, 0 cost units resolved.
[stuck-leaf-2d] 0 candidates, 2 moved, 2 cost units resolved (poly cross 30 → 29, 1 fewer)
[hot-region-sa] 1 hot cells (≥4 cross, 29 cross pts), top 1 processed, 0/0 swap accepted (cross 29 → 29, 0 fewer)
