[community] algorithm=louvain communities=87 meta=5
[hub-bias] Super-graph: pushed 9 high-deg cluster roots to 1.4x avgR.
[cg-time] 4ms post-hub-bias
[cg-time] 8ms pre-§10-outward-radial
[cg-time] 8ms pre-§11-compose
[cg-time] 8ms pre-§12-pruning-reattach
[cg-time] 8ms pre-§13-cluster-swap
[cg-time] 290ms pre-§14-chain-straightening
[cg-time] 290ms pre-§15-pruned-cross-min
[§15.5] Optimized 17 alone-root+independent nodes (1 moves).
[cg-time] 292ms pre-bus-bundle
[xings-hotspot] total=87 xings across 68 offending edges (of 250)
  edge core.Hub0↔app2.M0 xings=9 cluster=(_louv_0,_louv_12)
  edge app7.M0↔app17.M2 xings=9 cluster=(_louv_39,_louv_38)
  edge app7.M1↔app7.M8 xings=8 cluster=(_louv_17,_louv_39)
  edge core.Hub1↔app5.M0 xings=8 cluster=(_louv_1,_louv_25)
  edge core.Hub0↔app7.M0 xings=7 cluster=(_louv_0,_louv_39)
  edge app5.M5↔app16.M8 xings=7 cluster=(?,_louv_27)
  edge core.Hub1↔app7.M0 xings=7 cluster=(_louv_1,_louv_39)
  edge app2.M6↔app2.M8 xings=7 cluster=(?,_louv_15)
[xings-hotspot] top cluster signatures:
  {?|_louv_11|_louv_9} xings=3
  {?|_louv_1|_louv_12|_louv_15} xings=3
  {_louv_0|_louv_17|_louv_39} xings=2
  {?|_louv_39|_louv_41} xings=2
  {?|_louv_20} xings=2
  {?|_louv_1|_louv_8} xings=2
  {?|_louv_1|_louv_15} xings=2
  {?|_louv_0|_louv_25|_louv_39} xings=2
[bundle-clear] Pushed 6 nodes off bundle bboxes.
[knot-min] Accepted 16 spatial swaps among 206 candidates.
[carrier-pre] 250 edges → 151 distinct carriers (cost-side filter).
[leaf-untangle] candidates=134, with-cross=40, moved=37, crossings-resolved=123.
[leaf-untangle] candidates=134, with-cross=15, moved=6, crossings-resolved=15.
[leaf-untangle] candidates=134, with-cross=12, moved=0, crossings-resolved=0.
[stuck-leaf-diag] 20 candidates with cost>0 (top 15 below):
  cost=14 deg=3 node=app2.M6 parent=app2.M0 nbrs={app2.M0,app2.M8,app5.M4}
  cost=14 deg=3 node=app15.M3 parent=app15.M0 nbrs={app15.M0,app15.M4,app15.Address38}
  cost=7 deg=3 node=app7.M8 parent=app7.M0 nbrs={app7.M0,app7.M10,app7.M1}
  cost=6 deg=3 node=app0.M9 parent=app12.M0 nbrs={app0.M0,app12.M2,app12.M0}
  cost=6 deg=3 node=app10.M1 parent=app10.M0 nbrs={app10.M0,app10.M3,app0.M3}
  cost=4 deg=3 node=app10.M2 parent=app10.M0 nbrs={app10.M0,app10.M6,app10.File44}
  cost=3 deg=2 node=app1.M7 parent=app1.M1 nbrs={app1.M1,app6.M8}
  cost=3 deg=2 node=app2.M2 parent=app2.M0 nbrs={app2.M0,app2.Log43}
  cost=3 deg=2 node=app6.M8 parent=app6.M0 nbrs={app6.M0,app1.M7}
  cost=3 deg=3 node=app7.M7 parent=app7.M0 nbrs={app7.M0,app7.M5,app7.Tag22}
  cost=3 deg=2 node=app10.M3 parent=app10.M0 nbrs={app10.M0,app10.M1}
  cost=3 deg=2 node=app11.M2 parent=app11.M0 nbrs={app11.M0,app11.M11}
  cost=3 deg=3 node=app16.M9 parent=app16.M0 nbrs={app16.M0,app16.M8,app16.Log41}
  cost=3 deg=1 node=app2.Log43 parent=app2.M2 nbrs={app2.M2}
  cost=1 deg=2 node=app1.M6 parent=app1.M0 nbrs={app1.M0,app13.M0}
[pd-knot] 57 polyline cross pairs, 2 resolved via endpoint swap.
[xings-detour] iters=2 initial-poly-pairs=56 accepted=2 (multi-seg, density-aware, polyline detect, iterative).
[visual-knot] 52→52 cross points, 1→1 hot cells (≥3), 1 handled, 0 swap accepted.
[leaf-untangle] candidates=134, with-cross=13, moved=3, crossings-resolved=14.
[leaf-untangle] candidates=134, with-cross=12, moved=0, crossings-resolved=0.
[stuck-leaf-diag] 20 candidates with cost>0 (top 15 below):
  cost=15 deg=3 node=app2.M6 parent=app2.M0 nbrs={app2.M0,app2.M8,app5.M4}
  cost=15 deg=3 node=app15.M3 parent=app15.M0 nbrs={app15.M0,app15.M4,app15.Address38}
  cost=7 deg=3 node=app7.M8 parent=app7.M0 nbrs={app7.M0,app7.M10,app7.M1}
  cost=6 deg=3 node=app0.M9 parent=app12.M0 nbrs={app0.M0,app12.M2,app12.M0}
  cost=6 deg=2 node=app1.M7 parent=app1.M1 nbrs={app1.M1,app6.M8}
  cost=6 deg=3 node=app10.M1 parent=app10.M0 nbrs={app10.M0,app10.M3,app0.M3}
  cost=5 deg=2 node=app6.M8 parent=app6.M0 nbrs={app6.M0,app1.M7}
  cost=4 deg=3 node=app10.M2 parent=app10.M0 nbrs={app10.M0,app10.M6,app10.File44}
  cost=3 deg=2 node=app2.M2 parent=app2.M0 nbrs={app2.M0,app2.Log43}
  cost=3 deg=3 node=app7.M7 parent=app7.M0 nbrs={app7.M0,app7.M5,app7.Tag22}
  cost=3 deg=2 node=app10.M3 parent=app10.M0 nbrs={app10.M0,app10.M1}
  cost=3 deg=2 node=app11.M2 parent=app11.M0 nbrs={app11.M0,app11.M11}
  cost=3 deg=3 node=app16.M9 parent=app16.M0 nbrs={app16.M0,app16.M8,app16.Log41}
  cost=3 deg=1 node=app2.Log43 parent=app2.M2 nbrs={app2.M2}
  cost=2 deg=2 node=app1.M1 parent=app17.M9 nbrs={app1.M7,app17.M9}
[carrier-cross] segment 51 -> carrier-grouped 51 (-0%). Carriers: 153 total (4 bundle + 93 cluster-pair + 56 individual).
[isolated-stash] Stashed 18 edge-less nodes in 6-column strip at x>=29609.
[face-raster] grid 6506x5690 (cell 5.0x5.0 units), 319 faces, 36780458 bg cells (99.4% of grid)
  face #1: 26222786 cells (71.3%), bbox 6506x5690 @ (0,0)
  face #291: 1260616 cells (3.4%), bbox 2189x976 @ (218,3489)
  face #10: 1086239 cells (3.0%), bbox 1406x1724 @ (2999,300)
  face #3: 977189 cells (2.7%), bbox 1888x1847 @ (1733,6)
  face #11: 794077 cells (2.2%), bbox 1098x1661 @ (846,842)
  face #116: 766145 cells (2.1%), bbox 1740x1506 @ (221,2159)
  face #311: 730975 cells (2.0%), bbox 938x1672 @ (2728,3838)
  face #55: 700781 cells (1.9%), bbox 1380x1537 @ (2383,1760)
[face-cohesion] 59 clusters analysed, 20 low-cohesion (<60% in dominant face)
  cohesion histogram:
     10%- 19%: 1 clusters
     20%- 29%: 1 clusters
     30%- 39%: 4 clusters
     40%- 49%: 2 clusters
     50%- 59%: 12 clusters
     60%- 69%: 6 clusters
     70%- 79%: 1 clusters
     80%- 89%: 2 clusters
    100%-100%: 30 clusters
  top 10 low-cohesion clusters (largest first):
    _louv_55: 7 members, 3 in dominant face, 4 faces total (43%)
    _louv_73: 6 members, 1 in dominant face, 6 faces total (17%)
    _louv_12: 6 members, 3 in dominant face, 4 faces total (50%)
    _louv_75: 5 members, 2 in dominant face, 3 faces total (40%)
    _louv_33: 4 members, 1 in dominant face, 4 faces total (25%)
    _louv_30: 4 members, 2 in dominant face, 2 faces total (50%)
    _louv_25: 4 members, 2 in dominant face, 3 faces total (50%)
    _louv_39: 4 members, 2 in dominant face, 3 faces total (50%)
    _louv_8: 3 members, 1 in dominant face, 3 faces total (33%)
    _louv_64: 3 members, 1 in dominant face, 3 faces total (33%)
[face-density] 175 micro-faces (size<50), top 10 hot regions (macro 64x64 cells):
  region (62,43): 23 micro-faces, world (19164,13164)-(19484,13484)
  region (62,47): 16 micro-faces, world (19164,14444)-(19484,14764)
  region (61,50): 15 micro-faces, world (18845,15404)-(19164,15724)
  region (37,27): 10 micro-faces, world (11165,8044)-(11485,8364)
  region (41,25): 9 micro-faces, world (12445,7404)-(12765,7724)
  region (81,16): 8 micro-faces, world (25244,4525)-(25564,4845)
  region (52,39): 7 micro-faces, world (15965,11884)-(16285,12204)
  region (57,45): 7 micro-faces, world (17565,13804)-(17885,14124)
  region (35,35): 7 micro-faces, world (10525,10604)-(10845,10924)
  region (28,54): 6 micro-faces, world (8286,16684)-(8606,17004)
[face-ppm] Wrote /tmp/face-raster.ppm (3253x2845, downsampled from 6506x5690 by 2)
[face-untangle] 19 target clusters, 34 strays, 0 moved (poly cross 51 → 51, 0 fewer)
[stuck-leaf-2d] pass 1: 0 candidates, 0 moved, 0 cost units resolved.
[stuck-leaf-2d] 0 candidates, 0 moved, 0 cost units resolved (poly cross 51 → 51, 0 fewer)
[hot-region-sa] 1 hot cells (≥4 cross, 51 cross pts), top 1 processed, 0/0 swap accepted (cross 51 → 51, 0 fewer)
