[community] algorithm=louvain communities=89 meta=4
[hub-bias] Super-graph: pushed 8 high-deg cluster roots to 1.4x avgR.
[cg-time] 8ms post-hub-bias
[cg-time] 261ms pre-§10-outward-radial
[cg-time] 261ms pre-§11-compose
[cg-time] 261ms pre-§12-pruning-reattach
[cg-time] 261ms pre-§13-cluster-swap
[cg-time] 854ms pre-§14-chain-straightening
[cg-time] 854ms pre-§15-pruned-cross-min
[§15.5] Optimized 35 alone-root+independent nodes (15 moves).
[cg-time] 863ms pre-bus-bundle
[bus-bundle] Created 5 bus bundles (10 members, sig ≥ 2 roots).
[xings-hotspot] total=353 xings across 144 offending edges (of 304)
  edge app6.M0↔app6.M3 xings=19 cluster=(?,_louv_34)
  edge app9.M0↔app9.M7 xings=16 cluster=(?,_louv_56)
  edge app15.M0↔app15.M2 xings=15 cluster=(_louv_80,_louv_1)
  edge core.Hub1↔app18.M0 xings=15 cluster=(_louv_1,_louv_44)
  edge app2.M0↔app2.M3 xings=14 cluster=(_louv_15,?)
  edge app8.M0↔app8.M9 xings=14 cluster=(_louv_47,?)
  edge core.Hub1↔app5.M0 xings=14 cluster=(_louv_1,_louv_30)
  edge app3.M0↔app3.M1 xings=13 cluster=(_louv_25,?)
[xings-hotspot] top cluster signatures:
  {?} xings=10
  {?|_louv_1|_louv_25} xings=7
  {?|_louv_34} xings=6
  {?|_louv_25} xings=6
  {?|_louv_44} xings=6
  {?|_louv_18} xings=6
  {?|_louv_26|_louv_47} xings=6
  {?|_louv_56} xings=6
[knot-min] Accepted 72 spatial swaps among 216 candidates.
[knot-min-2opt] Accepted 4 cross-targeted swaps.
[carrier-pre] 307 edges → 191 distinct carriers (cost-side filter).
[leaf-untangle] candidates=130, with-cross=36, moved=32, crossings-resolved=101.
[leaf-untangle] candidates=130, with-cross=13, moved=6, crossings-resolved=8.
[leaf-untangle] candidates=130, with-cross=11, moved=4, crossings-resolved=9.
[leaf-untangle] candidates=130, with-cross=8, moved=0, crossings-resolved=0.
[stuck-leaf-diag] 25 candidates with cost>0 (top 15 below):
  cost=12 deg=3 node=app10.M6 parent=app10.M0 nbrs={app10.M0,app10.M7,app10.M10}
  cost=12 deg=3 node=app10.M7 parent=app10.M0 nbrs={app10.M0,app10.M0,app10.M6}
  cost=10 deg=2 node=app15.M11 parent=app15.M0 nbrs={app15.M0,app15.Log17}
  cost=9 deg=2 node=app0.M5 parent=app0.M0 nbrs={app0.M0,app5.M2}
  cost=9 deg=2 node=app12.M4 parent=app12.M0 nbrs={app12.M0,app12.M7}
  cost=9 deg=3 node=app15.M7 parent=app15.M0 nbrs={app15.M0,app15.M14,app15.Tag11}
  cost=8 deg=3 node=app8.M4 parent=app8.M0 nbrs={app8.M0,app8.M5,app5.M0}
  cost=7 deg=3 node=app12.M6 parent=app12.M0 nbrs={app12.M0,app12.M8,app7.M3}
  cost=6 deg=1 node=app10.M3 parent=app10.M0 nbrs={app10.M0}
  cost=6 deg=3 node=app2.M6 parent=app2.M0 nbrs={app2.M0,app2.M5,app4.M2}
  cost=6 deg=3 node=app15.M14 parent=app15.M0 nbrs={app15.M0,app15.M7,app15.M6}
  cost=5 deg=1 node=app8.Asset45 parent=app8.M2 nbrs={app8.M2}
  cost=4 deg=1 node=app10.Note28 parent=app10.M13 nbrs={app10.M13}
  cost=3 deg=1 node=app10.M5 parent=app10.M0 nbrs={app10.M0}
  cost=3 deg=3 node=app10.M11 parent=app10.M0 nbrs={app10.M0,app10.Asset34,app10.M10}
[pd-knot] 232 polyline cross pairs, 4 resolved via endpoint swap.
[xings-detour] iters=2 initial-poly-pairs=234 accepted=6 (multi-seg, density-aware, polyline detect, iterative).
[visual-knot] 227→227 cross points, 16→16 hot cells (≥3), 16 handled, 0 swap accepted.
[leaf-untangle] candidates=130, with-cross=17, moved=9, crossings-resolved=28.
[leaf-untangle] candidates=130, with-cross=9, moved=1, crossings-resolved=2.
[leaf-untangle] candidates=130, with-cross=9, moved=1, crossings-resolved=1.
[stuck-leaf-diag] 26 candidates with cost>0 (top 15 below):
  cost=12 deg=3 node=app10.M6 parent=app10.M0 nbrs={app10.M0,app10.M7,app10.M10}
  cost=12 deg=3 node=app10.M7 parent=app10.M0 nbrs={app10.M0,app10.M0,app10.M6}
  cost=11 deg=2 node=app12.M4 parent=app12.M0 nbrs={app12.M0,app12.M7}
  cost=10 deg=2 node=app15.M11 parent=app15.M0 nbrs={app15.M0,app15.Log17}
  cost=9 deg=3 node=app15.M7 parent=app15.M0 nbrs={app15.M0,app15.M14,app15.Tag11}
  cost=8 deg=2 node=app0.M5 parent=app0.M0 nbrs={app0.M0,app5.M2}
  cost=8 deg=3 node=app8.M4 parent=app8.M0 nbrs={app8.M0,app8.M5,app5.M0}
  cost=7 deg=3 node=app12.M6 parent=app12.M0 nbrs={app12.M0,app12.M8,app7.M3}
  cost=6 deg=1 node=app10.M3 parent=app10.M0 nbrs={app10.M0}
  cost=6 deg=3 node=app2.M6 parent=app2.M0 nbrs={app2.M0,app2.M5,app4.M2}
  cost=6 deg=3 node=app15.M14 parent=app15.M0 nbrs={app15.M0,app15.M7,app15.M6}
  cost=5 deg=1 node=app8.Asset45 parent=app8.M2 nbrs={app8.M2}
  cost=4 deg=1 node=app10.Note28 parent=app10.M13 nbrs={app10.M13}
  cost=3 deg=1 node=app10.M5 parent=app10.M0 nbrs={app10.M0}
  cost=3 deg=3 node=app10.M11 parent=app10.M0 nbrs={app10.M0,app10.Asset34,app10.M10}
[carrier-cross] segment 231 -> carrier-grouped 197 (-15%). Carriers: 193 total (11 bundle + 123 cluster-pair + 59 individual).
[isolated-stash] Stashed 4 edge-less nodes in 6-column strip at x>=20728.
[face-raster] grid 4562x2904 (cell 5.0x5.0 units), 806 faces, 12994852 bg cells (98.1% of grid)
  face #1: 8120196 cells (62.5%), bbox 4562x2904 @ (0,0)
  face #2: 518306 cells (4.0%), bbox 1510x764 @ (1892,86)
  face #475: 281950 cells (2.2%), bbox 718x927 @ (695,1466)
  face #802: 195288 cells (1.5%), bbox 768x510 @ (1592,2231)
  face #545: 169847 cells (1.3%), bbox 467x626 @ (2071,1559)
  face #628: 131953 cells (1.0%), bbox 548x680 @ (2159,1740)
  face #608: 123612 cells (1.0%), bbox 418x601 @ (2700,1687)
  face #87: 120442 cells (0.9%), bbox 392x575 @ (3143,655)
[face-cohesion] 61 clusters analysed, 29 low-cohesion (<60% in dominant face)
  cohesion histogram:
     20%- 29%: 1 clusters
     30%- 39%: 9 clusters
     50%- 59%: 19 clusters
     60%- 69%: 7 clusters
    100%-100%: 25 clusters
  top 10 low-cohesion clusters (largest first):
    _louv_80: 6 members, 2 in dominant face, 4 faces total (33%)
    _louv_38: 4 members, 1 in dominant face, 4 faces total (25%)
    _louv_63: 4 members, 2 in dominant face, 3 faces total (50%)
    _louv_30: 3 members, 1 in dominant face, 3 faces total (33%)
    _louv_26: 3 members, 1 in dominant face, 3 faces total (33%)
    _louv_5: 3 members, 1 in dominant face, 3 faces total (33%)
    _louv_25: 3 members, 1 in dominant face, 3 faces total (33%)
    _louv_69: 3 members, 1 in dominant face, 3 faces total (33%)
    _louv_15: 3 members, 1 in dominant face, 3 faces total (33%)
    _louv_27: 3 members, 1 in dominant face, 3 faces total (33%)
[face-density] 435 micro-faces (size<50), top 10 hot regions (macro 64x64 cells):
  region (52,9): 31 micro-faces, world (16151,2527)-(16471,2847)
  region (48,11): 23 micro-faces, world (14871,3167)-(15191,3487)
  region (53,31): 22 micro-faces, world (16471,9565)-(16790,9885)
  region (53,30): 20 micro-faces, world (16471,9245)-(16790,9565)
  region (53,9): 19 micro-faces, world (16471,2527)-(16790,2847)
  region (51,10): 18 micro-faces, world (15831,2847)-(16151,3167)
  region (33,34): 16 micro-faces, world (10072,10525)-(10392,10845)
  region (50,25): 16 micro-faces, world (15511,7646)-(15831,7966)
  region (20,17): 15 micro-faces, world (5912,5087)-(6232,5407)
  region (51,27): 14 micro-faces, world (15831,8286)-(16151,8606)
[face-ppm] Wrote /tmp/face-raster.ppm (2281x1452, downsampled from 4562x2904 by 2)
[face-untangle] 30 target clusters, 44 strays, 1 moved (poly cross 230 → 230, 0 fewer)
[stuck-leaf-2d] pass 1: 6 candidates, 5 moved, 5 cost units resolved.
[stuck-leaf-2d] pass 2: 2 candidates, 0 moved, 0 cost units resolved.
[stuck-leaf-2d] 2 candidates, 5 moved, 5 cost units resolved (poly cross 230 → 228, 2 fewer)
[hot-region-sa] 18 hot cells (≥4 cross, 228 cross pts), top 5 processed, 36/497 swap accepted (cross 228 → 225, 3 fewer)
