[community] algorithm=louvain communities=45 meta=4
[hub-bias] Super-graph: pushed 1 high-deg cluster roots to 1.4x avgR.
[cg-time] 1ms post-hub-bias
[cg-time] 9ms pre-§10-outward-radial
[cg-time] 9ms pre-§11-compose
[cg-time] 9ms pre-§12-pruning-reattach
[cg-time] 9ms pre-§13-cluster-swap
[cg-time] 124ms pre-§14-chain-straightening
[cg-time] 124ms pre-§15-pruned-cross-min
[§15.5] Optimized 6 alone-root+independent nodes (6 moves).
[cg-time] 125ms pre-bus-bundle
[xings-hotspot] total=127 xings across 70 offending edges (of 140)
  edge app7.M0↔app7.M2 xings=15 cluster=(?,_louv_16)
  edge app7.M1↔app9.M7 xings=14 cluster=(_louv_34,_louv_41)
  edge app1.M7↔app5.M13 xings=12 cluster=(?,?)
  edge core.Hub1↔app2.M0 xings=9 cluster=(?,_louv_15)
  edge core.Hub2↔app0.M0 xings=9 cluster=(?,_louv_1)
  edge core.Hub1↔app5.M0 xings=8 cluster=(?,_louv_24)
  edge app3.M3↔app8.M0 xings=8 cluster=(_louv_17,_louv_8)
  edge app3.M3↔app7.M8 xings=8 cluster=(_louv_17,_louv_34)
[xings-hotspot] top cluster signatures:
  {?|_louv_17|_louv_24} xings=7
  {?|_louv_24} xings=5
  {?|_louv_34|_louv_41|_louv_8} xings=4
  {?|_louv_41} xings=3
  {?|_louv_34|_louv_41} xings=3
  {?|_louv_0|_louv_17|_louv_34} xings=3
  {?|_louv_0|_louv_2} xings=3
  {?|_louv_21|_louv_8} xings=3
[bundle-clear] Pushed 1 nodes off bundle bboxes.
[knot-min] Accepted 34 spatial swaps among 103 candidates.
[carrier-pre] 140 edges → 81 distinct carriers (cost-side filter).
[leaf-untangle] candidates=51, with-cross=27, moved=25, crossings-resolved=119.
[leaf-untangle] candidates=51, with-cross=13, moved=4, crossings-resolved=10.
[leaf-untangle] candidates=51, with-cross=10, moved=2, crossings-resolved=7.
[leaf-untangle] candidates=51, with-cross=8, moved=0, crossings-resolved=0.
[stuck-leaf-diag] 8 candidates with cost>0 (top 15 below):
  cost=12 deg=3 node=app1.M3 parent=app1.M0 nbrs={app1.M0,app1.M7,app8.M2}
  cost=9 deg=3 node=app4.M4 parent=app4.M0 nbrs={app4.M0,app4.M7,app7.M8}
  cost=5 deg=3 node=app8.M5 parent=app8.M0 nbrs={app8.M0,app8.M11,app8.M6}
  cost=4 deg=3 node=app9.M11 parent=app9.M0 nbrs={app9.M0,app9.M7,app4.M7}
  cost=3 deg=3 node=app0.M3 parent=app0.M0 nbrs={app0.M0,app0.M6,app0.M9}
  cost=3 deg=2 node=app3.M2 parent=app3.M3 nbrs={app3.M0,app3.M3}
  cost=3 deg=3 node=app7.M1 parent=app7.M8 nbrs={app7.M0,app7.M8,app9.M7}
  cost=1 deg=2 node=app8.M3 parent=app8.M0 nbrs={app8.M0,app6.M8}
[pd-knot] 66 polyline cross pairs, 3 resolved via endpoint swap.
[xings-detour] iters=2 initial-poly-pairs=64 accepted=2 (multi-seg, density-aware, polyline detect, iterative).
[visual-knot] 59→58 cross points, 4→4 hot cells (≥3), 8 handled, 1 swap accepted.
[leaf-untangle] candidates=51, with-cross=14, moved=4, crossings-resolved=24.
[leaf-untangle] candidates=51, with-cross=8, moved=0, crossings-resolved=0.
[stuck-leaf-diag] 8 candidates with cost>0 (top 15 below):
  cost=11 deg=3 node=app1.M3 parent=app1.M0 nbrs={app1.M0,app1.M7,app8.M2}
  cost=9 deg=3 node=app4.M4 parent=app4.M0 nbrs={app4.M0,app4.M7,app7.M8}
  cost=5 deg=3 node=app8.M5 parent=app8.M0 nbrs={app8.M0,app8.M11,app8.M6}
  cost=4 deg=3 node=app9.M11 parent=app9.M0 nbrs={app9.M0,app9.M7,app4.M7}
  cost=3 deg=3 node=app0.M3 parent=app0.M0 nbrs={app0.M0,app0.M6,app0.M9}
  cost=3 deg=2 node=app3.M2 parent=app3.M3 nbrs={app3.M0,app3.M3}
  cost=3 deg=3 node=app7.M1 parent=app7.M8 nbrs={app7.M0,app7.M8,app9.M7}
  cost=1 deg=2 node=app8.M3 parent=app8.M0 nbrs={app8.M0,app6.M8}
[carrier-cross] segment 59 -> carrier-grouped 47 (-20%). Carriers: 83 total (1 bundle + 58 cluster-pair + 24 individual).
[isolated-stash] Stashed 14 edge-less nodes in 6-column strip at x>=9599.
[face-raster] grid 2329x1685 (cell 5.0x5.0 units), 342 faces, 3803082 bg cells (96.9% of grid)
  face #1: 2431424 cells (63.9%), bbox 2329x1685 @ (0,0)
  face #163: 208898 cells (5.5%), bbox 969x837 @ (89,792)
  face #84: 110288 cells (2.9%), bbox 603x370 @ (982,452)
  face #293: 88417 cells (2.3%), bbox 643x261 @ (1244,1070)
  face #164: 85354 cells (2.2%), bbox 1022x557 @ (96,792)
  face #308: 82175 cells (2.2%), bbox 456x381 @ (1223,1165)
  face #146: 71663 cells (1.9%), bbox 559x257 @ (108,670)
  face #66: 68425 cells (1.8%), bbox 479x700 @ (1191,369)
[face-cohesion] 22 clusters analysed, 11 low-cohesion (<60% in dominant face)
  cohesion histogram:
     20%- 29%: 1 clusters
     30%- 39%: 2 clusters
     40%- 49%: 2 clusters
     50%- 59%: 6 clusters
     60%- 69%: 4 clusters
     70%- 79%: 1 clusters
    100%-100%: 6 clusters
  top 10 low-cohesion clusters (largest first):
    _louv_24: 10 members, 2 in dominant face, 8 faces total (20%)
    _louv_15: 5 members, 2 in dominant face, 3 faces total (40%)
    _louv_2: 5 members, 2 in dominant face, 4 faces total (40%)
    _louv_41: 3 members, 1 in dominant face, 3 faces total (33%)
    _louv_0: 3 members, 1 in dominant face, 3 faces total (33%)
    _louv_17: 2 members, 1 in dominant face, 2 faces total (50%)
    _louv_33: 2 members, 1 in dominant face, 2 faces total (50%)
    _louv_25: 2 members, 1 in dominant face, 2 faces total (50%)
    _louv_19: 2 members, 1 in dominant face, 2 faces total (50%)
    _louv_8: 2 members, 1 in dominant face, 2 faces total (50%)
[face-density] 217 micro-faces (size<50), top 10 hot regions (macro 64x64 cells):
  region (25,21): 20 micro-faces, world (7724,6820)-(8043,7140)
  region (4,13): 18 micro-faces, world (1006,4261)-(1326,4581)
  region (15,16): 13 micro-faces, world (4525,5221)-(4845,5541)
  region (5,13): 13 micro-faces, world (1326,4261)-(1646,4581)
  region (3,3): 12 micro-faces, world (686,1062)-(1006,1381)
  region (24,12): 12 micro-faces, world (7404,3941)-(7724,4261)
  region (10,14): 11 micro-faces, world (2925,4581)-(3245,4901)
  region (17,7): 11 micro-faces, world (5165,2341)-(5484,2661)
  region (3,4): 10 micro-faces, world (686,1381)-(1006,1701)
  region (11,8): 10 micro-faces, world (3245,2661)-(3565,2981)
[face-ppm] Wrote /tmp/face-raster.ppm (2329x1685, downsampled from 2329x1685 by 1)
[face-untangle] 10 target clusters, 16 strays, 0 moved (poly cross 57 → 57, 0 fewer)
[stuck-leaf-2d] pass 1: 0 candidates, 0 moved, 0 cost units resolved.
[stuck-leaf-2d] 0 candidates, 0 moved, 0 cost units resolved (poly cross 57 → 57, 0 fewer)
[hot-region-sa] 5 hot cells (≥4 cross), top 5 processed, 63/824 swap accepted → REVERTED (cross 57 → 60)
