[community] algorithm=louvain communities=34 meta=4
[hub-bias] Super-graph: pushed 4 high-deg cluster roots to 1.4x avgR.
[cg-time] 3ms post-hub-bias
[cg-time] 5ms pre-§10-outward-radial
[cg-time] 5ms pre-§11-compose
[cg-time] 5ms pre-§12-pruning-reattach
[cg-time] 5ms pre-§13-cluster-swap
[cg-time] 68ms pre-§14-chain-straightening
[cg-time] 68ms pre-§15-pruned-cross-min
[§15.5] Optimized 2 alone-root+independent nodes (0 moves).
[cg-time] 68ms pre-bus-bundle
[bus-bundle] Created 1 bus bundles (2 members, sig ≥ 2 roots).
[xings-hotspot] total=54 xings across 36 offending edges (of 122)
  edge app4.M1↔app8.M9 xings=8 cluster=(?,_louv_12)
  edge core.Hub0↔app4.M0 xings=8 cluster=(_louv_0,_louv_17)
  edge app8.M0↔app8.M1 xings=8 cluster=(_louv_27,_louv_23)
  edge core.Hub0↔app5.M0 xings=7 cluster=(_louv_0,_louv_5)
  edge core.Hub0↔app8.M0 xings=7 cluster=(_louv_0,_louv_27)
  edge app2.M2↔app4.M1 xings=7 cluster=(?,?)
  edge app1.M0↔app4.M4 xings=7 cluster=(_louv_9,_louv_19)
  edge app0.M0↔app0.M6 xings=6 cluster=(_louv_1,?)
[xings-hotspot] top cluster signatures:
  {?|_louv_0|_louv_1|_louv_5} xings=3
  {_louv_0|_louv_5} xings=2
  {?|_louv_19|_louv_9} xings=2
  {?|_louv_17|_louv_19|_louv_21} xings=2
  {?|_louv_0|_louv_17} xings=2
  {?|_louv_14} xings=2
  {?|_louv_12|_louv_14} xings=2
  {?|_louv_12} xings=2
[knot-min] Accepted 9 spatial swaps among 90 candidates.
[knot-min-2opt] Accepted 3 cross-targeted swaps.
[carrier-pre] 123 edges → 73 distinct carriers (cost-side filter).
[leaf-untangle] candidates=50, with-cross=13, moved=10, crossings-resolved=28.
[leaf-untangle] candidates=50, with-cross=7, moved=3, crossings-resolved=4.
[leaf-untangle] candidates=50, with-cross=6, moved=0, crossings-resolved=0.
[stuck-leaf-diag] 11 candidates with cost>0 (top 15 below):
  cost=6 deg=1 node=app4.M7 parent=app4.M0 nbrs={app4.M0}
  cost=6 deg=1 node=app4.M10 parent=app4.M0 nbrs={app4.M0}
  cost=5 deg=2 node=app8.M9 parent=app4.M1 nbrs={app4.M1,app2.M0}
  cost=3 deg=3 node=app1.M1 parent=app1.M0 nbrs={app1.M0,app1.M4,app0.M1}
  cost=3 deg=2 node=app4.M2 parent=app4.M0 nbrs={app4.M0,app4.M5}
  cost=3 deg=1 node=app4.M13 parent=app4.M0 nbrs={app4.M0}
  cost=2 deg=2 node=app0.M6 parent=app0.M0 nbrs={app0.M0,app0.M8}
  cost=2 deg=3 node=app0.M9 parent=app0.M0 nbrs={app0.M0,app0.M5,app7.M1}
  cost=1 deg=2 node=app4.M6 parent=app4.M0 nbrs={app4.M0,app4.Asset8}
  cost=1 deg=3 node=app6.M1 parent=app6.M0 nbrs={app6.M0,app6.M4,app0.M5}
  cost=1 deg=1 node=app4.Asset8 parent=app4.M6 nbrs={app4.M6}
[pd-knot] 45 polyline cross pairs, 0 resolved via endpoint swap.
[xings-detour] iters=2 initial-poly-pairs=41 accepted=4 (multi-seg, density-aware, polyline detect, iterative).
[visual-knot] 37→37 cross points, 0→0 hot cells (≥3), 0 handled, 0 swap accepted.
[leaf-untangle] candidates=50, with-cross=6, moved=0, crossings-resolved=0.
[stuck-leaf-diag] 11 candidates with cost>0 (top 15 below):
  cost=6 deg=1 node=app4.M7 parent=app4.M0 nbrs={app4.M0}
  cost=6 deg=1 node=app4.M10 parent=app4.M0 nbrs={app4.M0}
  cost=5 deg=2 node=app8.M9 parent=app4.M1 nbrs={app4.M1,app2.M0}
  cost=3 deg=3 node=app1.M1 parent=app1.M0 nbrs={app1.M0,app1.M4,app0.M1}
  cost=3 deg=2 node=app4.M2 parent=app4.M0 nbrs={app4.M0,app4.M5}
  cost=3 deg=1 node=app4.M13 parent=app4.M0 nbrs={app4.M0}
  cost=2 deg=2 node=app0.M6 parent=app0.M0 nbrs={app0.M0,app0.M8}
  cost=2 deg=3 node=app0.M9 parent=app0.M0 nbrs={app0.M0,app0.M5,app7.M1}
  cost=1 deg=2 node=app4.M6 parent=app4.M0 nbrs={app4.M0,app4.Asset8}
  cost=1 deg=3 node=app6.M1 parent=app6.M0 nbrs={app6.M0,app6.M4,app0.M5}
  cost=1 deg=1 node=app4.Asset8 parent=app4.M6 nbrs={app4.M6}
[carrier-cross] segment 37 -> carrier-grouped 32 (-14%). Carriers: 77 total (2 bundle + 53 cluster-pair + 22 individual).
[isolated-stash] Stashed 4 edge-less nodes in 6-column strip at x>=15483.
[face-raster] grid 3464x2666 (cell 5.0x5.0 units), 186 faces, 9130097 bg cells (98.9% of grid)
  face #1: 5379597 cells (58.9%), bbox 3464x2666 @ (0,0)
  face #2: 884476 cells (9.7%), bbox 1823x1193 @ (1254,75)
  face #15: 527113 cells (5.8%), bbox 861x1139 @ (123,861)
  face #102: 302979 cells (3.3%), bbox 818x901 @ (122,1428)
  face #26: 203362 cells (2.2%), bbox 471x900 @ (794,950)
  face #4: 198793 cells (2.2%), bbox 590x891 @ (1248,79)
  face #172: 145664 cells (1.6%), bbox 643x520 @ (1011,2073)
  face #3: 118324 cells (1.3%), bbox 308x836 @ (1026,79)
[face-cohesion] 22 clusters analysed, 5 low-cohesion (<60% in dominant face)
  cohesion histogram:
     30%- 39%: 2 clusters
     50%- 59%: 3 clusters
     60%- 69%: 10 clusters
    100%-100%: 7 clusters
  top 5 low-cohesion clusters (largest first):
    _louv_0: 3 members, 1 in dominant face, 3 faces total (33%)
    _louv_27: 3 members, 1 in dominant face, 3 faces total (33%)
    _louv_20: 2 members, 1 in dominant face, 2 faces total (50%)
    _louv_1: 2 members, 1 in dominant face, 2 faces total (50%)
    _louv_6: 2 members, 1 in dominant face, 2 faces total (50%)
[face-density] 92 micro-faces (size<50), top 10 hot regions (macro 64x64 cells):
  region (34,21): 11 micro-faces, world (10496,6415)-(10816,6735)
  region (17,16): 10 micro-faces, world (5058,4815)-(5378,5135)
  region (33,22): 10 micro-faces, world (10176,6735)-(10496,7055)
  region (29,26): 9 micro-faces, world (8897,8015)-(9217,8335)
  region (34,22): 7 micro-faces, world (10496,6735)-(10816,7055)
  region (19,1): 5 micro-faces, world (5697,16)-(6017,336)
  region (16,17): 5 micro-faces, world (4738,5135)-(5058,5455)
  region (35,21): 5 micro-faces, world (10816,6415)-(11136,6735)
  region (28,26): 5 micro-faces, world (8577,8015)-(8897,8335)
  region (19,33): 5 micro-faces, world (5697,10255)-(6017,10575)
[face-ppm] Wrote /tmp/face-raster.ppm (3464x2666, downsampled from 3464x2666 by 1)
[face-untangle] 7 target clusters, 11 strays, 2 moved (poly cross 37 → 35, 2 fewer)
[stuck-leaf-2d] pass 1: 0 candidates, 0 moved, 0 cost units resolved.
[stuck-leaf-2d] 0 candidates, 0 moved, 0 cost units resolved (poly cross 35 → 35, 0 fewer)
[hot-region-sa] 0 hot cells (≥4 cross, 35 cross pts), top 0 processed, 0/0 swap accepted (cross 35 → 35, 0 fewer)
