[community] algorithm=louvain communities=65 meta=3
[hub-bias] Super-graph: pushed 6 high-deg cluster roots to 1.4x avgR.
[cg-time] 6ms post-hub-bias
[cg-time] 137ms pre-§10-outward-radial
[cg-time] 137ms pre-§11-compose
[cg-time] 137ms pre-§12-pruning-reattach
[cg-time] 137ms pre-§13-cluster-swap
[cg-time] 378ms pre-§14-chain-straightening
[cg-time] 378ms pre-§15-pruned-cross-min
[§15.5] Optimized 31 alone-root+independent nodes (5 moves).
[cg-time] 381ms pre-bus-bundle
[bus-bundle] Created 1 bus bundles (2 members, sig ≥ 2 roots).
[xings-hotspot] total=154 xings across 79 offending edges (of 215)
  edge app3.M0↔app11.M8 xings=13 cluster=(?,?)
  edge core.Hub0↔app2.M0 xings=11 cluster=(?,_louv_11)
  edge app3.M2↔app9.M0 xings=11 cluster=(_louv_12,_louv_42)
  edge app3.M2↔app11.M0 xings=10 cluster=(_louv_12,_louv_47)
  edge app5.M5↔app14.M13 xings=9 cluster=(?,?)
  edge app7.M1↔app9.M3 xings=9 cluster=(?,_louv_42)
  edge core.Hub0↔app9.M0 xings=9 cluster=(?,_louv_42)
  edge core.Hub0↔app10.M0 xings=9 cluster=(?,_louv_45)
[xings-hotspot] top cluster signatures:
  {?|_louv_42} xings=10
  {?|_louv_11} xings=6
  {?|_louv_4|_louv_45} xings=4
  {?|_louv_58} xings=4
  {?|_louv_42|_louv_47|_louv_54} xings=4
  {?|_louv_12|_louv_42} xings=4
  {?|_louv_34|_louv_4} xings=3
  {?|_louv_12|_louv_47} xings=3
[bundle-clear] Pushed 2 nodes off bundle bboxes.
[knot-min] Accepted 30 spatial swaps among 160 candidates.
[carrier-pre] 217 edges → 118 distinct carriers (cost-side filter).
[leaf-untangle] candidates=95, with-cross=31, moved=25, crossings-resolved=77.
[leaf-untangle] candidates=95, with-cross=20, moved=5, crossings-resolved=12.
[leaf-untangle] candidates=95, with-cross=15, moved=1, crossings-resolved=3.
[leaf-untangle] candidates=95, with-cross=15, moved=0, crossings-resolved=0.
[stuck-leaf-diag] 15 candidates with cost>0 (top 15 below):
  cost=7 deg=2 node=app11.M5 parent=app11.M6 nbrs={app11.M6,app1.M2}
  cost=5 deg=2 node=app1.M2 parent=app1.M0 nbrs={app1.M0,app11.M5}
  cost=5 deg=3 node=app6.M6 parent=app6.M0 nbrs={app6.M0,app6.M5,app2.M1}
  cost=4 deg=3 node=app6.M3 parent=app6.M0 nbrs={app6.M0,app6.M5,app6.Asset24}
  cost=4 deg=2 node=app6.M4 parent=app6.M0 nbrs={app6.M0,app1.M0}
  cost=4 deg=2 node=app11.M2 parent=app11.M0 nbrs={app11.M0,app13.M5}
  cost=4 deg=3 node=app14.M2 parent=app14.M0 nbrs={app14.M0,app14.M8,app14.Address46}
  cost=3 deg=2 node=app9.M1 parent=app9.M0 nbrs={app9.M0,app12.M0}
  cost=3 deg=3 node=app13.M2 parent=app6.M5 nbrs={app13.M0,app13.M3,app6.M5}
  cost=2 deg=2 node=app8.M6 parent=app8.M0 nbrs={app8.M0,app8.M2}
  cost=2 deg=3 node=app10.M3 parent=app10.M0 nbrs={app10.M0,app13.M3,app1.M4}
  cost=2 deg=2 node=app13.M5 parent=app5.M0 nbrs={app11.M2,app5.M0}
  cost=1 deg=3 node=app8.M2 parent=app8.M0 nbrs={app8.M0,app8.M6,app8.Asset6}
  cost=1 deg=3 node=app14.M8 parent=app14.M0 nbrs={app14.M0,app14.M11,app14.M2}
  cost=1 deg=2 node=app14.M11 parent=app14.M0 nbrs={app14.M0,app14.M8}
[pd-knot] 115 polyline cross pairs, 1 resolved via endpoint swap.
[xings-detour] iters=2 initial-poly-pairs=112 accepted=1 (multi-seg, density-aware, polyline detect, iterative).
[visual-knot] 106→106 cross points, 6→6 hot cells (≥3), 6 handled, 0 swap accepted.
[leaf-untangle] candidates=95, with-cross=17, moved=2, crossings-resolved=4.
[leaf-untangle] candidates=95, with-cross=15, moved=0, crossings-resolved=0.
[stuck-leaf-diag] 15 candidates with cost>0 (top 15 below):
  cost=7 deg=2 node=app11.M5 parent=app11.M6 nbrs={app11.M6,app1.M2}
  cost=5 deg=2 node=app1.M2 parent=app1.M0 nbrs={app1.M0,app11.M5}
  cost=5 deg=3 node=app6.M6 parent=app6.M0 nbrs={app6.M0,app6.M5,app2.M1}
  cost=4 deg=3 node=app6.M3 parent=app6.M0 nbrs={app6.M0,app6.M5,app6.Asset24}
  cost=4 deg=2 node=app6.M4 parent=app6.M0 nbrs={app6.M0,app1.M0}
  cost=4 deg=2 node=app11.M2 parent=app11.M0 nbrs={app11.M0,app13.M5}
  cost=4 deg=3 node=app14.M2 parent=app14.M0 nbrs={app14.M0,app14.M8,app14.Address46}
  cost=3 deg=2 node=app9.M1 parent=app9.M0 nbrs={app9.M0,app12.M0}
  cost=3 deg=3 node=app13.M2 parent=app6.M5 nbrs={app13.M0,app13.M3,app6.M5}
  cost=2 deg=2 node=app8.M6 parent=app8.M0 nbrs={app8.M0,app8.M2}
  cost=2 deg=3 node=app10.M3 parent=app10.M0 nbrs={app10.M0,app13.M3,app1.M4}
  cost=2 deg=2 node=app13.M5 parent=app5.M0 nbrs={app11.M2,app5.M0}
  cost=1 deg=3 node=app8.M2 parent=app8.M0 nbrs={app8.M0,app8.M6,app8.Asset6}
  cost=1 deg=3 node=app14.M8 parent=app14.M0 nbrs={app14.M0,app14.M11,app14.M2}
  cost=1 deg=2 node=app14.M11 parent=app14.M0 nbrs={app14.M0,app14.M8}
[carrier-cross] segment 109 -> carrier-grouped 96 (-12%). Carriers: 116 total (4 bundle + 76 cluster-pair + 36 individual).
[isolated-stash] Stashed 7 edge-less nodes in 6-column strip at x>=14705.
[face-raster] grid 3570x2446 (cell 5.0x5.0 units), 383 faces, 8560542 bg cells (98.0% of grid)
  face #1: 5381774 cells (62.9%), bbox 3570x2446 @ (0,0)
  face #7: 474988 cells (5.5%), bbox 2114x977 @ (443,136)
  face #2: 260969 cells (3.0%), bbox 648x968 @ (239,121)
  face #102: 224705 cells (2.6%), bbox 855x436 @ (1672,1130)
  face #271: 164235 cells (1.9%), bbox 542x381 @ (1958,1686)
  face #24: 148226 cells (1.7%), bbox 559x513 @ (319,777)
  face #79: 80308 cells (0.9%), bbox 1104x183 @ (1390,1008)
  face #319: 75255 cells (0.9%), bbox 633x358 @ (477,1861)
[face-cohesion] 35 clusters analysed, 13 low-cohesion (<60% in dominant face)
  cohesion histogram:
     20%- 29%: 2 clusters
     30%- 39%: 3 clusters
     50%- 59%: 8 clusters
     60%- 69%: 4 clusters
     70%- 79%: 2 clusters
     80%- 89%: 1 clusters
    100%-100%: 15 clusters
  top 10 low-cohesion clusters (largest first):
    _louv_58: 4 members, 2 in dominant face, 3 faces total (50%)
    _louv_47: 4 members, 1 in dominant face, 4 faces total (25%)
    _louv_42: 4 members, 1 in dominant face, 4 faces total (25%)
    _louv_32: 4 members, 2 in dominant face, 3 faces total (50%)
    _louv_40: 4 members, 2 in dominant face, 3 faces total (50%)
    _louv_51: 3 members, 1 in dominant face, 3 faces total (33%)
    _louv_1: 3 members, 1 in dominant face, 3 faces total (33%)
    _louv_4: 3 members, 1 in dominant face, 3 faces total (33%)
    _louv_64: 2 members, 1 in dominant face, 2 faces total (50%)
    _louv_54: 2 members, 1 in dominant face, 2 faces total (50%)
[face-density] 189 micro-faces (size<50), top 10 hot regions (macro 64x64 cells):
  region (8,20): 17 micro-faces, world (1472,6114)-(1792,6434)
  region (21,25): 16 micro-faces, world (5631,7714)-(5951,8033)
  region (38,35): 11 micro-faces, world (11070,10912)-(11390,11232)
  region (14,9): 10 micro-faces, world (3391,2596)-(3711,2916)
  region (10,12): 10 micro-faces, world (2112,3555)-(2432,3875)
  region (21,26): 9 micro-faces, world (5631,8033)-(5951,8353)
  region (23,25): 9 micro-faces, world (6271,7714)-(6591,8033)
  region (37,35): 8 micro-faces, world (10750,10912)-(11070,11232)
  region (19,15): 8 micro-faces, world (4991,4515)-(5311,4835)
  region (22,25): 8 micro-faces, world (5951,7714)-(6271,8033)
[face-ppm] Wrote /tmp/face-raster.ppm (3570x2446, downsampled from 3570x2446 by 1)
[face-untangle] 12 target clusters, 19 strays, 1 moved (poly cross 105 → 105, 0 fewer)
[stuck-leaf-2d] pass 1: 0 candidates, 0 moved, 0 cost units resolved.
[stuck-leaf-2d] 0 candidates, 0 moved, 0 cost units resolved (poly cross 105 → 105, 0 fewer)
[hot-region-sa] 5 hot cells (≥4 cross, 105 cross pts), top 5 processed, 119/620 swap accepted (cross 105 → 105, 0 fewer)
