[community] algorithm=louvain communities=15 meta=3
[hub-bias] Super-graph: pushed 3 high-deg cluster roots to 1.4x avgR.
[cg-time] 1ms post-hub-bias
[cg-time] 1ms pre-§10-outward-radial
[cg-time] 1ms pre-§11-compose
[cg-time] 1ms pre-§12-pruning-reattach
[cg-time] 1ms pre-§13-cluster-swap
[cg-time] 2ms pre-§14-chain-straightening
[cg-time] 2ms pre-§15-pruned-cross-min
[§15.5] Optimized 7 alone-root+independent nodes (0 moves).
[cg-time] 2ms pre-bus-bundle
[xings-hotspot] total=7 xings across 7 offending edges (of 46)
  edge app0.M2↔app1.M1 xings=5 cluster=(_louv_3,?)
  edge app1.M4↔app2.M6 xings=2 cluster=(?,?)
  edge app1.M4↔app2.M11 xings=2 cluster=(?,?)
  edge app2.M0↔app2.M7 xings=2 cluster=(_louv_7,_louv_13)
  edge app2.M0↔app2.M8 xings=1 cluster=(_louv_7,?)
  edge app2.M3↔app2.M8 xings=1 cluster=(_louv_10,?)
  edge app2.M7↔app2.M11 xings=1 cluster=(_louv_13,?)
[xings-hotspot] top cluster signatures:
  {?|_louv_3} xings=2
  {?|_louv_10|_louv_3} xings=1
  {?|_louv_13|_louv_3} xings=1
  {?|_louv_13|_louv_3|_louv_7} xings=1
  {?|_louv_13|_louv_7} xings=1
  {?|_louv_7} xings=1
[knot-min] Accepted 4 spatial swaps among 38 candidates.
[carrier-pre] 47 edges → 24 distinct carriers (cost-side filter).
[leaf-untangle] candidates=25, with-cross=11, moved=11, crossings-resolved=38.
[leaf-untangle] candidates=25, with-cross=1, moved=0, crossings-resolved=0.
[stuck-leaf-diag] 1 candidates with cost>0 (top 15 below):
  cost=5 deg=3 node=app2.M11 parent=app2.M0 nbrs={app2.M0,app2.M7,app1.M4}
[pd-knot] 4 polyline cross pairs, 0 resolved via endpoint swap.
[xings-detour] iters=1 initial-poly-pairs=7 accepted=0 (multi-seg, density-aware, polyline detect, iterative).
[visual-knot] 6→6 cross points, 0→0 hot cells (≥3), 0 handled, 0 swap accepted.
[leaf-untangle] candidates=25, with-cross=1, moved=0, crossings-resolved=0.
[stuck-leaf-diag] 1 candidates with cost>0 (top 15 below):
  cost=5 deg=3 node=app2.M11 parent=app2.M0 nbrs={app2.M0,app2.M7,app1.M4}
[face-raster] grid 1262x1414 (cell 5.0x5.0 units), 115 faces, 1747537 bg cells (97.9% of grid)
  face #1: 1338438 cells (76.6%), bbox 1262x1414 @ (0,0)
  face #66: 97814 cells (5.6%), bbox 457x511 @ (464,531)
  face #69: 76716 cells (4.4%), bbox 172x689 @ (316,565)
  face #67: 67322 cells (3.9%), bbox 247x705 @ (65,549)
  face #7: 60416 cells (3.5%), bbox 489x945 @ (437,97)
  face #9: 23671 cells (1.4%), bbox 103x479 @ (360,111)
  face #97: 21439 cells (1.2%), bbox 157x249 @ (346,1015)
  face #68: 17497 cells (1.0%), bbox 87x428 @ (217,549)
[face-cohesion] 11 clusters analysed, 2 low-cohesion (<60% in dominant face)
  cohesion histogram:
     50%- 59%: 2 clusters
     60%- 69%: 1 clusters
     70%- 79%: 1 clusters
    100%-100%: 7 clusters
  top 2 low-cohesion clusters (largest first):
    _louv_10: 2 members, 1 in dominant face, 2 faces total (50%)
    _louv_3: 2 members, 1 in dominant face, 2 faces total (50%)
[face-density] 90 micro-faces (size<50), top 10 hot regions (macro 64x64 cells):
  region (8,3): 25 micro-faces, world (2405,-129)-(2725,190)
  region (8,4): 25 micro-faces, world (2405,190)-(2725,510)
  region (13,14): 15 micro-faces, world (4004,3389)-(4324,3709)
  region (13,17): 6 micro-faces, world (4004,4349)-(4324,4669)
  region (7,3): 5 micro-faces, world (2086,-129)-(2405,190)
  region (13,15): 4 micro-faces, world (4004,3709)-(4324,4029)
  region (4,20): 4 micro-faces, world (1126,5309)-(1446,5628)
  region (6,1): 2 micro-faces, world (1766,-769)-(2086,-449)
  region (9,13): 1 micro-faces, world (2725,3069)-(3045,3389)
  region (14,16): 1 micro-faces, world (4324,4029)-(4644,4349)
[face-ppm] Wrote /tmp/face-raster.ppm (1262x1414, downsampled from 1262x1414 by 1)
[face-untangle] 2 target clusters, 2 strays, 0 moved (poly cross 6 → 6, 0 fewer)
[stuck-leaf-2d] pass 1: 0 candidates, 0 moved, 0 cost units resolved.
[stuck-leaf-2d] 0 candidates, 0 moved, 0 cost units resolved (poly cross 6 → 6, 0 fewer)
[hot-region-sa] 0 hot cells (≥4 cross, 6 cross pts), top 0 processed, 0/0 swap accepted (cross 6 → 6, 0 fewer)
