[community] algorithm=louvain communities=33 meta=4
[hub-bias] Super-graph: pushed 3 high-deg cluster roots to 1.4x avgR.
[cg-time] 3ms post-hub-bias
[cg-time] 3ms pre-§10-outward-radial
[cg-time] 3ms pre-§11-compose
[cg-time] 3ms pre-§12-pruning-reattach
[cg-time] 3ms pre-§13-cluster-swap
[cg-time] 29ms pre-§14-chain-straightening
[cg-time] 29ms pre-§15-pruned-cross-min
[§15.5] Optimized 6 alone-root+independent nodes (1 moves).
[cg-time] 29ms pre-bus-bundle
[xings-hotspot] total=36 xings across 30 offending edges (of 103)
  edge app3.M1↔app5.M1 xings=8 cluster=(_louv_16,_louv_21)
  edge app0.M0↔app0.M2 xings=8 cluster=(?,_louv_3)
  edge app0.M3↔app4.M1 xings=8 cluster=(_louv_1,_louv_18)
  edge app2.M12↔app3.M0 xings=5 cluster=(_louv_14,_louv_16)
  edge app5.M1↔app5.M3 xings=4 cluster=(_louv_21,_louv_21)
  edge app3.M4↔app4.M3 xings=3 cluster=(_louv_18,?)
  edge core.Hub0↔app7.M0 xings=3 cluster=(_louv_0,_louv_27)
  edge app1.M1↔app1.M2 xings=3 cluster=(_louv_3,_louv_6)
[xings-hotspot] top cluster signatures:
  {?|_louv_21} xings=5
  {?|_louv_16|_louv_21} xings=3
  {?|_louv_1|_louv_18} xings=2
  {?|_louv_0|_louv_16|_louv_21} xings=1
  {_louv_1|_louv_16|_louv_18|_louv_21} xings=1
  {?|_louv_11|_louv_21} xings=1
  {?|_louv_13|_louv_3} xings=1
  {?|_louv_14|_louv_16} xings=1
[knot-min] Accepted 7 spatial swaps among 84 candidates.
[carrier-pre] 104 edges → 53 distinct carriers (cost-side filter).
[leaf-untangle] candidates=51, with-cross=9, moved=6, crossings-resolved=23.
[leaf-untangle] candidates=51, with-cross=4, moved=1, crossings-resolved=1.
[leaf-untangle] candidates=51, with-cross=4, moved=0, crossings-resolved=0.
[stuck-leaf-diag] 4 candidates with cost>0 (top 15 below):
  cost=4 deg=3 node=app3.M1 parent=app3.M0 nbrs={app3.M0,app3.M3,app5.M1}
  cost=4 deg=3 node=app5.M1 parent=app5.M0 nbrs={app5.M0,app5.M3,app3.M1}
  cost=1 deg=2 node=app0.M1 parent=app0.M0 nbrs={app0.M0,app0.File1}
  cost=1 deg=2 node=app2.M10 parent=app2.M0 nbrs={app2.M0,app2.M12}
[pd-knot] 21 polyline cross pairs, 1 resolved via endpoint swap.
[xings-detour] iters=2 initial-poly-pairs=19 accepted=1 (multi-seg, density-aware, polyline detect, iterative).
[visual-knot] 17→17 cross points, 0→0 hot cells (≥3), 0 handled, 0 swap accepted.
[leaf-untangle] candidates=51, with-cross=7, moved=1, crossings-resolved=3.
[leaf-untangle] candidates=51, with-cross=7, moved=0, crossings-resolved=0.
[stuck-leaf-diag] 7 candidates with cost>0 (top 15 below):
  cost=4 deg=3 node=app3.M1 parent=app3.M0 nbrs={app3.M0,app3.M3,app5.M1}
  cost=4 deg=3 node=app5.M1 parent=app5.M0 nbrs={app5.M0,app5.M3,app3.M1}
  cost=2 deg=2 node=app2.M5 parent=app2.M0 nbrs={app2.M0,app1.M2}
  cost=1 deg=2 node=app0.M1 parent=app0.M0 nbrs={app0.M0,app0.File1}
  cost=1 deg=2 node=app1.M2 parent=app1.M1 nbrs={app1.M1,app2.M5}
  cost=1 deg=2 node=app2.M9 parent=app2.M0 nbrs={app2.M0,app4.M4}
  cost=1 deg=2 node=app2.M10 parent=app2.M0 nbrs={app2.M0,app2.M12}
[isolated-stash] Stashed 6 edge-less nodes in 6-column strip at x>=13988.
[face-raster] grid 3274x2171 (cell 5.0x5.0 units), 136 faces, 7022046 bg cells (98.8% of grid)
  face #1: 4814762 cells (68.6%), bbox 3274x2171 @ (0,0)
  face #12: 302338 cells (4.3%), bbox 773x1094 @ (137,377)
  face #7: 269152 cells (3.8%), bbox 884x727 @ (143,246)
  face #42: 220382 cells (3.1%), bbox 609x754 @ (484,1261)
  face #5: 145455 cells (2.1%), bbox 586x559 @ (987,121)
  face #10: 141726 cells (2.0%), bbox 329x819 @ (1167,276)
  face #3: 134558 cells (1.9%), bbox 480x580 @ (538,121)
  face #29: 89944 cells (1.3%), bbox 485x430 @ (472,1041)
[face-cohesion] 19 clusters analysed, 6 low-cohesion (<60% in dominant face)
  cohesion histogram:
     30%- 39%: 2 clusters
     40%- 49%: 1 clusters
     50%- 59%: 3 clusters
     60%- 69%: 1 clusters
     70%- 79%: 1 clusters
    100%-100%: 11 clusters
  top 6 low-cohesion clusters (largest first):
    _louv_18: 5 members, 2 in dominant face, 4 faces total (40%)
    _louv_21: 3 members, 1 in dominant face, 3 faces total (33%)
    _louv_16: 3 members, 1 in dominant face, 3 faces total (33%)
    _louv_13: 2 members, 1 in dominant face, 2 faces total (50%)
    _louv_0: 2 members, 1 in dominant face, 2 faces total (50%)
    _louv_1: 2 members, 1 in dominant face, 2 faces total (50%)
[face-density] 78 micro-faces (size<50), top 10 hot regions (macro 64x64 cells):
  region (18,30): 21 micro-faces, world (5396,9331)-(5716,9650)
  region (19,30): 14 micro-faces, world (5716,9331)-(6036,9650)
  region (20,29): 13 micro-faces, world (6036,9011)-(6356,9331)
  region (19,29): 8 micro-faces, world (5716,9011)-(6036,9331)
  region (21,29): 7 micro-faces, world (6356,9011)-(6676,9331)
  region (18,31): 4 micro-faces, world (5396,9650)-(5716,9970)
  region (17,31): 3 micro-faces, world (5076,9650)-(5396,9970)
  region (17,24): 2 micro-faces, world (5076,7411)-(5396,7731)
  region (24,11): 1 micro-faces, world (7316,3252)-(7636,3572)
  region (23,13): 1 micro-faces, world (6996,3891)-(7316,4211)
[face-ppm] Wrote /tmp/face-raster.ppm (3274x2171, downsampled from 3274x2171 by 1)
[face-untangle] 6 target clusters, 10 strays, 0 moved (poly cross 17 → 17, 0 fewer)
[stuck-leaf-2d] pass 1: 0 candidates, 0 moved, 0 cost units resolved.
[stuck-leaf-2d] 0 candidates, 0 moved, 0 cost units resolved (poly cross 17 → 17, 0 fewer)
[hot-region-sa] 0 hot cells (≥4 cross, 17 cross pts), top 0 processed, 0/0 swap accepted (cross 17 → 17, 0 fewer)
