[community] algorithm=louvain communities=99 meta=5
[hub-bias] Super-graph: pushed 9 high-deg cluster roots to 1.4x avgR.
[cg-time] 7ms post-hub-bias
[cg-time] 1183ms pre-§10-outward-radial
[cg-time] 1183ms pre-§11-compose
[cg-time] 1183ms pre-§12-pruning-reattach
[cg-time] 1183ms pre-§13-cluster-swap
[cg-time] 1881ms pre-§14-chain-straightening
[cg-time] 1881ms pre-§15-pruned-cross-min
[§15.5] Optimized 37 alone-root+independent nodes (2 moves).
[cg-time] 1888ms pre-bus-bundle
[bus-bundle] Created 2 bus bundles (4 members, sig ≥ 2 roots).
[xings-hotspot] total=371 xings across 149 offending edges (of 334)
  edge app2.M1↔app15.M0 xings=23 cluster=(_louv_13,_louv_76)
  edge core.Hub0↔app9.M0 xings=20 cluster=(_louv_0,_louv_41)
  edge app1.M4↔app10.M0 xings=20 cluster=(_louv_9,?)
  edge app3.M0↔app14.M1 xings=18 cluster=(?,?)
  edge core.Hub1↔app5.M0 xings=17 cluster=(?,_louv_21)
  edge app14.M0↔app14.M8 xings=17 cluster=(?,?)
  edge app1.M0↔app4.M2 xings=17 cluster=(_louv_9,?)
  edge app7.M1↔app15.M1 xings=17 cluster=(_louv_29,?)
[xings-hotspot] top cluster signatures:
  {?} xings=13
  {?|_louv_9} xings=11
  {?|_louv_16} xings=10
  {?|_louv_19} xings=9
  {?|_louv_19|_louv_21} xings=7
  {?|_louv_13|_louv_76} xings=7
  {?|_louv_30} xings=6
  {?|_louv_57} xings=6
[bundle-clear] Pushed 2 nodes off bundle bboxes.
[knot-min] Accepted 43 spatial swaps among 260 candidates.
[knot-min-2opt] Accepted 1 cross-targeted swaps.
[carrier-pre] 342 edges → 188 distinct carriers (cost-side filter).
[leaf-untangle] candidates=156, with-cross=46, moved=37, crossings-resolved=119.
[leaf-untangle] candidates=156, with-cross=24, moved=10, crossings-resolved=23.
[leaf-untangle] candidates=156, with-cross=15, moved=1, crossings-resolved=3.
[leaf-untangle] candidates=156, with-cross=14, moved=0, crossings-resolved=0.
[stuck-leaf-diag] 17 candidates with cost>0 (top 15 below):
  cost=12 deg=3 node=app7.M4 parent=app7.M0 nbrs={app7.M0,app7.M3,app12.M0}
  cost=8 deg=3 node=app4.M3 parent=app10.M0 nbrs={app4.M0,app4.M1,app10.M0}
  cost=6 deg=3 node=app7.M3 parent=app7.M0 nbrs={app7.M0,app7.M4,app7.File58}
  cost=6 deg=2 node=app17.M6 parent=app17.M0 nbrs={app17.M0,app17.Asset65}
  cost=4 deg=2 node=app16.M4 parent=app16.M0 nbrs={app16.M0,app16.Asset91}
  cost=3 deg=2 node=app8.M11 parent=app8.M0 nbrs={app8.M0,app1.M0}
  cost=3 deg=3 node=app12.M1 parent=app12.M0 nbrs={app12.M0,app12.M2,app12.Asset18}
  cost=3 deg=3 node=app13.M6 parent=app13.M0 nbrs={app13.M0,app13.File109,app2.M2}
  cost=2 deg=2 node=app0.M1 parent=app0.M0 nbrs={app0.M0,app0.M6}
  cost=2 deg=2 node=app0.M6 parent=app0.M1 nbrs={app0.M1,app0.Log45}
  cost=2 deg=2 node=app0.M8 parent=app0.M0 nbrs={app0.M0,app0.Tag1}
  cost=2 deg=2 node=app14.M2 parent=app14.M0 nbrs={app14.M0,app14.M9}
  cost=2 deg=3 node=app18.M2 parent=app18.M0 nbrs={app18.M0,app18.M5,app11.M8}
  cost=2 deg=3 node=app18.M5 parent=app18.M0 nbrs={app18.M0,app18.M2,app18.Log73}
  cost=1 deg=3 node=app11.M6 parent=app11.M0 nbrs={app11.M0,app11.M11,app2.M4}
[pd-knot] 299 polyline cross pairs, 1 resolved via endpoint swap.
[xings-detour] iters=2 initial-poly-pairs=308 accepted=2 (multi-seg, density-aware, polyline detect, iterative).
[visual-knot] 301→301 cross points, 30→30 hot cells (≥3), 30 handled, 0 swap accepted.
[leaf-untangle] candidates=156, with-cross=14, moved=1, crossings-resolved=1.
[leaf-untangle] candidates=156, with-cross=14, moved=1, crossings-resolved=3.
[leaf-untangle] candidates=156, with-cross=14, moved=0, crossings-resolved=0.
[stuck-leaf-diag] 17 candidates with cost>0 (top 15 below):
  cost=12 deg=3 node=app7.M4 parent=app7.M0 nbrs={app7.M0,app7.M3,app12.M0}
  cost=7 deg=3 node=app4.M3 parent=app10.M0 nbrs={app4.M0,app4.M1,app10.M0}
  cost=6 deg=3 node=app7.M3 parent=app7.M0 nbrs={app7.M0,app7.M4,app7.File58}
  cost=6 deg=2 node=app17.M6 parent=app17.M0 nbrs={app17.M0,app17.Asset65}
  cost=4 deg=2 node=app16.M4 parent=app16.M0 nbrs={app16.M0,app16.Asset91}
  cost=3 deg=2 node=app8.M11 parent=app8.M0 nbrs={app8.M0,app1.M0}
  cost=3 deg=3 node=app12.M1 parent=app12.M0 nbrs={app12.M0,app12.M2,app12.Asset18}
  cost=3 deg=3 node=app13.M6 parent=app13.M0 nbrs={app13.M0,app13.File109,app2.M2}
  cost=2 deg=2 node=app0.M1 parent=app0.M0 nbrs={app0.M0,app0.M6}
  cost=2 deg=2 node=app0.M6 parent=app0.M1 nbrs={app0.M1,app0.Log45}
  cost=2 deg=2 node=app0.M8 parent=app0.M0 nbrs={app0.M0,app0.Tag1}
  cost=2 deg=2 node=app14.M2 parent=app14.M0 nbrs={app14.M0,app14.M9}
  cost=2 deg=3 node=app18.M2 parent=app18.M0 nbrs={app18.M0,app18.M5,app11.M8}
  cost=2 deg=3 node=app18.M5 parent=app18.M0 nbrs={app18.M0,app18.M2,app18.Log73}
  cost=1 deg=3 node=app11.M6 parent=app11.M0 nbrs={app11.M0,app11.M11,app2.M4}
[carrier-cross] segment 306 -> carrier-grouped 244 (-20%). Carriers: 186 total (6 bundle + 117 cluster-pair + 63 individual).
[isolated-stash] Stashed 14 edge-less nodes in 6-column strip at x>=23293.
[face-raster] grid 5190x3951 (cell 5.0x5.0 units), 979 faces, 20231604 bg cells (98.7% of grid)
  face #1: 14827006 cells (73.3%), bbox 5190x3951 @ (0,0)
  face #8: 478483 cells (2.4%), bbox 823x1115 @ (2253,153)
  face #751: 310374 cells (1.5%), bbox 1322x1284 @ (1472,2462)
  face #2: 288831 cells (1.4%), bbox 870x1072 @ (1780,100)
  face #63: 215480 cells (1.1%), bbox 805x402 @ (2121,1199)
  face #612: 199428 cells (1.0%), bbox 631x837 @ (2215,2142)
  face #720: 193982 cells (1.0%), bbox 649x720 @ (2505,2399)
  face #753: 142715 cells (0.7%), bbox 795x599 @ (1660,2470)
[face-cohesion] 64 clusters analysed, 22 low-cohesion (<60% in dominant face)
  cohesion histogram:
     20%- 29%: 4 clusters
     30%- 39%: 6 clusters
     40%- 49%: 2 clusters
     50%- 59%: 10 clusters
     60%- 69%: 10 clusters
     70%- 79%: 5 clusters
     80%- 89%: 1 clusters
    100%-100%: 26 clusters
  top 10 low-cohesion clusters (largest first):
    _louv_14: 8 members, 3 in dominant face, 4 faces total (38%)
    _louv_84: 7 members, 2 in dominant face, 5 faces total (29%)
    _louv_78: 7 members, 3 in dominant face, 3 faces total (43%)
    _louv_9: 7 members, 2 in dominant face, 5 faces total (29%)
    _louv_41: 5 members, 2 in dominant face, 3 faces total (40%)
    _louv_91: 4 members, 2 in dominant face, 3 faces total (50%)
    _louv_29: 4 members, 1 in dominant face, 4 faces total (25%)
    _louv_19: 4 members, 1 in dominant face, 4 faces total (25%)
    _louv_76: 3 members, 1 in dominant face, 3 faces total (33%)
    _louv_57: 3 members, 1 in dominant face, 3 faces total (33%)
[face-density] 562 micro-faces (size<50), top 10 hot regions (macro 64x64 cells):
  region (29,33): 50 micro-faces, world (8732,10122)-(9052,10442)
  region (6,43): 37 micro-faces, world (1373,13321)-(1693,13641)
  region (39,51): 36 micro-faces, world (11931,15881)-(12251,16201)
  region (51,48): 27 micro-faces, world (15771,14921)-(16091,15241)
  region (42,26): 27 micro-faces, world (12891,7883)-(13211,8203)
  region (44,57): 27 micro-faces, world (13531,17800)-(13851,18120)
  region (51,49): 26 micro-faces, world (15771,15241)-(16091,15561)
  region (43,26): 23 micro-faces, world (13211,7883)-(13531,8203)
  region (39,50): 16 micro-faces, world (11931,15561)-(12251,15881)
  region (22,24): 15 micro-faces, world (6492,7243)-(6812,7563)
[face-ppm] Wrote /tmp/face-raster.ppm (2595x1975, downsampled from 5190x3951 by 2)
[face-untangle] 19 target clusters, 35 strays, 1 moved (poly cross 301 → 300, 1 fewer)
[stuck-leaf-2d] pass 1: 1 candidates, 1 moved, 1 cost units resolved.
[stuck-leaf-2d] pass 2: 0 candidates, 0 moved, 0 cost units resolved.
[stuck-leaf-2d] 0 candidates, 1 moved, 1 cost units resolved (poly cross 300 → 299, 1 fewer)
[hot-region-sa] 25 hot cells (≥4 cross, 299 cross pts), top 5 processed, 55/461 swap accepted (cross 299 → 296, 3 fewer)
