[community] algorithm=louvain communities=18 meta=4
[hub-bias] Super-graph: pushed 3 high-deg cluster roots to 1.4x avgR.
[cg-time] 1ms post-hub-bias
[cg-time] 1ms pre-§10-outward-radial
[cg-time] 1ms pre-§11-compose
[cg-time] 1ms pre-§12-pruning-reattach
[cg-time] 1ms pre-§13-cluster-swap
[cg-time] 3ms pre-§14-chain-straightening
[cg-time] 3ms pre-§15-pruned-cross-min
[§15.5] Optimized 6 alone-root+independent nodes (2 moves).
[cg-time] 4ms pre-bus-bundle
[bus-bundle] Created 1 bus bundles (2 members, sig ≥ 2 roots).
[xings-hotspot] total=10 xings across 16 offending edges (of 60)
  edge app2.M0↔app2.M1 xings=3 cluster=(_louv_12,?)
  edge app1.M1↔app2.M9 xings=2 cluster=(?,_louv_17)
  edge app1.M5↔app1.Note24 xings=2 cluster=(?,?)
  edge app0.M2↔app1.M0 xings=1 cluster=(_louv_3,_louv_0)
  edge app1.M0↔app1.M5 xings=1 cluster=(_louv_0,?)
  edge app1.M0↔app2.M3 xings=1 cluster=(_louv_0,?)
  edge app1.M1↔app2.M10 xings=1 cluster=(?,?)
  edge app1.M4↔app1.M9 xings=1 cluster=(?,?)
[xings-hotspot] top cluster signatures:
  {?|_louv_12|_louv_13} xings=2
  {?|_louv_12|_louv_17} xings=2
  {?} xings=1
  {?|_louv_0} xings=1
  {?|_louv_0|_louv_10} xings=1
  {?|_louv_0|_louv_3} xings=1
  {?|_louv_12} xings=1
  {?|_louv_17} xings=1
[bundle-clear] Pushed 2 nodes off bundle bboxes.
[knot-min] Accepted 7 spatial swaps among 46 candidates.
[knot-min-2opt] Accepted 2 cross-targeted swaps.
[carrier-pre] 60 edges → 30 distinct carriers (cost-side filter).
[leaf-untangle] candidates=32, with-cross=7, moved=6, crossings-resolved=21.
[leaf-untangle] candidates=32, with-cross=2, moved=1, crossings-resolved=3.
[leaf-untangle] candidates=32, with-cross=1, moved=0, crossings-resolved=0.
[stuck-leaf-diag] 3 candidates with cost>0 (top 15 below):
  cost=9 deg=1 node=app1.Note24 parent=app1.M5 nbrs={app1.M5}
  cost=3 deg=2 node=app2.M10 parent=app2.M0 nbrs={app2.M0,app1.M1}
  cost=3 deg=1 node=app2.Address23 parent=app2.M3 nbrs={app2.M3}
[pd-knot] 2 polyline cross pairs, 0 resolved via endpoint swap.
[xings-detour] iters=1 initial-poly-pairs=1 accepted=0 (multi-seg, density-aware, polyline detect, iterative).
[visual-knot] 1→1 cross points, 0→0 hot cells (≥3), 0 handled, 0 swap accepted.
[leaf-untangle] candidates=32, with-cross=1, moved=0, crossings-resolved=0.
[stuck-leaf-diag] 3 candidates with cost>0 (top 15 below):
  cost=9 deg=1 node=app1.Note24 parent=app1.M5 nbrs={app1.M5}
  cost=3 deg=2 node=app2.M10 parent=app2.M0 nbrs={app2.M0,app1.M1}
  cost=3 deg=1 node=app2.Address23 parent=app2.M3 nbrs={app2.M3}
[carrier-cross] segment 1 -> carrier-grouped 1 (-0%). Carriers: 30 total (3 bundle + 16 cluster-pair + 11 individual).
[face-raster] grid 2814x2984 (cell 5.0x5.0 units), 126 faces, 8345073 bg cells (99.4% of grid)
  face #1: 7646200 cells (91.6%), bbox 2814x2984 @ (0,0)
  face #9: 257072 cells (3.1%), bbox 1100x1402 @ (93,321)
  face #34: 158812 cells (1.9%), bbox 394x1256 @ (90,467)
  face #24: 135028 cells (1.6%), bbox 543x592 @ (431,337)
  face #44: 83120 cells (1.0%), bbox 632x354 @ (560,578)
  face #2: 20844 cells (0.2%), bbox 115x370 @ (315,122)
  face #55: 16980 cells (0.2%), bbox 680x114 @ (571,820)
  face #31: 14209 cells (0.2%), bbox 246x509 @ (1022,344)
[face-cohesion] 13 clusters analysed, 3 low-cohesion (<60% in dominant face)
  cohesion histogram:
     30%- 39%: 2 clusters
     50%- 59%: 1 clusters
     70%- 79%: 1 clusters
     80%- 89%: 1 clusters
    100%-100%: 8 clusters
  top 3 low-cohesion clusters (largest first):
    _louv_0: 6 members, 3 in dominant face, 4 faces total (50%)
    _louv_17: 3 members, 1 in dominant face, 3 faces total (33%)
    _louv_10: 3 members, 1 in dominant face, 3 faces total (33%)
[face-density] 99 micro-faces (size<50), top 10 hot regions (macro 64x64 cells):
  region (12,18): 31 micro-faces, world (3772,5251)-(4092,5571)
  region (15,5): 16 micro-faces, world (4732,1091)-(5052,1411)
  region (19,13): 7 micro-faces, world (6012,3651)-(6332,3971)
  region (13,18): 7 micro-faces, world (4092,5251)-(4412,5571)
  region (12,19): 7 micro-faces, world (3772,5571)-(4092,5891)
  region (10,14): 5 micro-faces, world (3133,3971)-(3453,4291)
  region (16,5): 4 micro-faces, world (5052,1091)-(5372,1411)
  region (17,9): 3 micro-faces, world (5372,2371)-(5692,2691)
  region (4,11): 3 micro-faces, world (1213,3011)-(1533,3331)
  region (18,13): 3 micro-faces, world (5692,3651)-(6012,3971)
[face-ppm] Wrote /tmp/face-raster.ppm (2814x2984, downsampled from 2814x2984 by 1)
[face-untangle] 3 target clusters, 7 strays, 0 moved (poly cross 1 → 1, 0 fewer)
[stuck-leaf-2d] pass 1: 0 candidates, 0 moved, 0 cost units resolved.
[stuck-leaf-2d] 0 candidates, 0 moved, 0 cost units resolved (poly cross 1 → 1, 0 fewer)
[hot-region-sa] 0 hot cells (≥4 cross, 1 cross pts), top 0 processed, 0/0 swap accepted (cross 1 → 1, 0 fewer)
