[community] algorithm=louvain communities=39 meta=3
[hub-bias] Super-graph: pushed 3 high-deg cluster roots to 1.4x avgR.
[cg-time] 6ms post-hub-bias
[cg-time] 14ms pre-§10-outward-radial
[cg-time] 14ms pre-§11-compose
[cg-time] 14ms pre-§12-pruning-reattach
[cg-time] 14ms pre-§13-cluster-swap
[cg-time] 99ms pre-§14-chain-straightening
[cg-time] 99ms pre-§15-pruned-cross-min
[§15.5] Optimized 16 alone-root+independent nodes (13 moves).
[cg-time] 100ms pre-bus-bundle
[bus-bundle] Created 1 bus bundles (2 members, sig ≥ 2 roots).
[xings-hotspot] total=153 xings across 70 offending edges (of 145)
  edge app2.M4↔app7.M2 xings=17 cluster=(_louv_11,?)
  edge app1.M0↔app1.M4 xings=17 cluster=(_louv_7,?)
  edge app7.M0↔app7.M1 xings=13 cluster=(_louv_5,?)
  edge app3.M1↔app3.M3 xings=12 cluster=(?,_louv_17)
  edge app0.M2↔app8.M8 xings=11 cluster=(?,?)
  edge core.Hub0↔app6.M0 xings=10 cluster=(?,_louv_30)
  edge core.Hub0↔app0.M0 xings=9 cluster=(?,?)
  edge app8.M0↔app8.M4 xings=9 cluster=(_louv_35,_louv_26)
[xings-hotspot] top cluster signatures:
  {?|_louv_30|_louv_5} xings=8
  {?|_louv_30} xings=8
  {?|_louv_11} xings=7
  {?|_louv_13|_louv_26} xings=6
  {?|_louv_5|_louv_7} xings=6
  {?|_louv_11|_louv_26} xings=6
  {?} xings=6
  {?|_louv_7|_louv_9} xings=5
[knot-min] Accepted 18 spatial swaps among 103 candidates.
[knot-min-2opt] Accepted 7 cross-targeted swaps.
[carrier-pre] 147 edges → 86 distinct carriers (cost-side filter).
[leaf-untangle] candidates=64, with-cross=24, moved=18, crossings-resolved=45.
[leaf-untangle] candidates=64, with-cross=10, moved=1, crossings-resolved=3.
[leaf-untangle] candidates=64, with-cross=9, moved=0, crossings-resolved=0.
[stuck-leaf-diag] 10 candidates with cost>0 (top 15 below):
  cost=8 deg=2 node=app2.M1 parent=app2.M0 nbrs={app2.M0,app2.File8}
  cost=4 deg=3 node=app3.M3 parent=app3.M0 nbrs={app3.M0,app3.M1,app6.M1}
  cost=4 deg=2 node=app6.M2 parent=app6.M0 nbrs={app6.M0,app7.M2}
  cost=3 deg=1 node=app7.Note6 parent=app7.M3 nbrs={app7.M3}
  cost=2 deg=2 node=app4.M3 parent=app4.M0 nbrs={app4.M0,app4.Address38}
  cost=2 deg=3 node=app4.M7 parent=app4.M0 nbrs={app4.M0,app4.M2,app4.Log27}
  cost=2 deg=2 node=app5.M5 parent=app7.M0 nbrs={app5.File25,app7.M0}
  cost=2 deg=1 node=app4.Address38 parent=app4.M3 nbrs={app4.M3}
  cost=1 deg=3 node=app0.M1 parent=app0.M0 nbrs={app0.M0,app0.M3,app0.File28}
  cost=1 deg=3 node=app5.M8 parent=app5.M0 nbrs={app5.M0,app5.M10,app5.Log33}
[pd-knot] 96 polyline cross pairs, 2 resolved via endpoint swap.
[xings-detour] iters=1 initial-poly-pairs=90 accepted=0 (multi-seg, density-aware, polyline detect, iterative).
[visual-knot] 88→88 cross points, 0→0 hot cells (≥3), 0 handled, 0 swap accepted.
[leaf-untangle] candidates=64, with-cross=13, moved=2, crossings-resolved=2.
[leaf-untangle] candidates=64, with-cross=11, moved=0, crossings-resolved=0.
[stuck-leaf-diag] 12 candidates with cost>0 (top 15 below):
  cost=8 deg=2 node=app2.M1 parent=app2.M0 nbrs={app2.M0,app2.File8}
  cost=4 deg=3 node=app3.M3 parent=app3.M0 nbrs={app3.M0,app3.M1,app6.M1}
  cost=2 deg=2 node=app4.M3 parent=app4.M0 nbrs={app4.M0,app4.Address38}
  cost=2 deg=3 node=app4.M7 parent=app4.M0 nbrs={app4.M0,app4.M2,app4.Log27}
  cost=2 deg=2 node=app5.M5 parent=app7.M0 nbrs={app5.File25,app7.M0}
  cost=2 deg=2 node=app6.M2 parent=app6.M0 nbrs={app6.M0,app7.M2}
  cost=2 deg=1 node=app4.Address38 parent=app4.M3 nbrs={app4.M3}
  cost=1 deg=3 node=app0.M1 parent=app0.M0 nbrs={app0.M0,app0.M3,app0.File28}
  cost=1 deg=3 node=app5.M8 parent=app5.M0 nbrs={app5.M0,app5.M10,app5.Log33}
  cost=1 deg=2 node=app6.M3 parent=app6.M0 nbrs={app6.M0,app6.Address16}
  cost=1 deg=2 node=app6.M5 parent=app6.M0 nbrs={app6.M0,app6.Tag5}
  cost=1 deg=3 node=app6.M6 parent=app6.M0 nbrs={app6.M0,app6.M4,app6.M4}
[carrier-cross] segment 88 -> carrier-grouped 76 (-14%). Carriers: 80 total (2 bundle + 54 cluster-pair + 24 individual).
[isolated-stash] Stashed 1 edge-less nodes in 6-column strip at x>=40574.
[face-raster] grid 8501x7909 (cell 5.0x5.0 units), 282 faces, 67067129 bg cells (99.8% of grid)
  face #1: 58159273 cells (86.7%), bbox 8501x7909 @ (0,0)
  face #66: 1092112 cells (1.6%), bbox 1060x2670 @ (6166,2551)
  face #2: 680092 cells (1.0%), bbox 1280x1575 @ (3945,981)
  face #5: 673221 cells (1.0%), bbox 2010x1178 @ (4048,1027)
  face #65: 499007 cells (0.7%), bbox 1059x1761 @ (6164,2551)
  face #256: 448577 cells (0.7%), bbox 561x1450 @ (5512,3472)
  face #247: 421910 cells (0.6%), bbox 1525x1781 @ (4249,3426)
  face #132: 404152 cells (0.6%), bbox 2359x328 @ (2681,2648)
[face-cohesion] 26 clusters analysed, 6 low-cohesion (<60% in dominant face)
  cohesion histogram:
     20%- 29%: 1 clusters
     30%- 39%: 2 clusters
     50%- 59%: 3 clusters
     60%- 69%: 6 clusters
     70%- 79%: 1 clusters
    100%-100%: 13 clusters
  top 6 low-cohesion clusters (largest first):
    _louv_11: 5 members, 1 in dominant face, 5 faces total (20%)
    _louv_18: 3 members, 1 in dominant face, 3 faces total (33%)
    _louv_5: 3 members, 1 in dominant face, 3 faces total (33%)
    _louv_17: 2 members, 1 in dominant face, 2 faces total (50%)
    _louv_20: 2 members, 1 in dominant face, 2 faces total (50%)
    _louv_7: 2 members, 1 in dominant face, 2 faces total (50%)
[face-density] 145 micro-faces (size<50), top 10 hot regions (macro 64x64 cells):
  region (108,40): 15 micro-faces, world (33694,11990)-(34014,12310)
  region (99,27): 14 micro-faces, world (30814,7831)-(31134,8151)
  region (94,49): 14 micro-faces, world (29214,14870)-(29534,15190)
  region (109,40): 11 micro-faces, world (34014,11990)-(34334,12310)
  region (81,34): 10 micro-faces, world (25054,10070)-(25374,10390)
  region (83,43): 10 micro-faces, world (25694,12950)-(26014,13270)
  region (107,40): 8 micro-faces, world (33374,11990)-(33694,12310)
  region (95,40): 7 micro-faces, world (29534,11990)-(29854,12310)
  region (107,41): 6 micro-faces, world (33374,12310)-(33694,12630)
  region (42,45): 5 micro-faces, world (12574,13590)-(12894,13910)
[face-ppm] Wrote /tmp/face-raster.ppm (2125x1977, downsampled from 8501x7909 by 4)
[face-untangle] 5 target clusters, 7 strays, 0 moved (poly cross 86 → 86, 0 fewer)
[stuck-leaf-2d] pass 1: 1 candidates, 1 moved, 2 cost units resolved.
[stuck-leaf-2d] pass 2: 0 candidates, 0 moved, 0 cost units resolved.
[stuck-leaf-2d] 0 candidates, 1 moved, 2 cost units resolved (poly cross 86 → 84, 2 fewer)
[hot-region-sa] 3 hot cells (≥4 cross, 84 cross pts), top 3 processed, 10/116 swap accepted (cross 84 → 84, 0 fewer)
