[community] algorithm=louvain communities=82 meta=5
[hub-bias] Super-graph: pushed 5 high-deg cluster roots to 1.4x avgR.
[cg-time] 7ms post-hub-bias
[cg-time] 36ms pre-§10-outward-radial
[cg-time] 36ms pre-§11-compose
[cg-time] 36ms pre-§12-pruning-reattach
[cg-time] 37ms pre-§13-cluster-swap
[cg-time] 356ms pre-§14-chain-straightening
[cg-time] 356ms pre-§15-pruned-cross-min
[§15.5] Optimized 30 alone-root+independent nodes (4 moves).
[cg-time] 359ms pre-bus-bundle
[bus-bundle] Created 1 bus bundles (2 members, sig ≥ 2 roots).
[xings-hotspot] total=173 xings across 115 offending edges (of 249)
  edge app10.M4↔app13.M3 xings=12 cluster=(?,_louv_76)
  edge app11.M0↔app11.M6 xings=11 cluster=(_louv_66,_louv_61)
  edge app10.M1↔app13.M0 xings=9 cluster=(_louv_64,_louv_73)
  edge app3.M0↔app3.M6 xings=9 cluster=(_louv_25,_louv_29)
  edge core.Hub0↔app14.M0 xings=8 cluster=(?,?)
  edge core.Hub1↔app5.M0 xings=8 cluster=(_louv_1,_louv_39)
  edge app5.M0↔app10.M1 xings=8 cluster=(_louv_39,_louv_64)
  edge app9.M0↔app9.M1 xings=7 cluster=(_louv_62,?)
[xings-hotspot] top cluster signatures:
  {?|_louv_73} xings=7
  {?|_louv_10} xings=4
  {?|_louv_10|_louv_27} xings=4
  {?|_louv_23|_louv_66} xings=4
  {?|_louv_30} xings=4
  {?|_louv_45} xings=3
  {?} xings=3
  {?|_louv_38|_louv_45} xings=3
[bundle-clear] Pushed 5 nodes off bundle bboxes.
[knot-min] Accepted 24 spatial swaps among 188 candidates.
[knot-min-2opt] Accepted 2 cross-targeted swaps.
[carrier-pre] 253 edges → 147 distinct carriers (cost-side filter).
[leaf-untangle] candidates=105, with-cross=38, moved=30, crossings-resolved=86.
[leaf-untangle] candidates=105, with-cross=27, moved=8, crossings-resolved=12.
[leaf-untangle] candidates=105, with-cross=19, moved=0, crossings-resolved=0.
[stuck-leaf-diag] 23 candidates with cost>0 (top 15 below):
  cost=14 deg=2 node=app2.M12 parent=app2.M0 nbrs={app2.M0,app5.M3}
  cost=9 deg=3 node=app9.M7 parent=app8.M0 nbrs={app9.M0,app9.M3,app8.M0}
  cost=8 deg=2 node=app5.M3 parent=app5.M0 nbrs={app5.M0,app2.M12}
  cost=8 deg=2 node=app5.M13 parent=app5.M0 nbrs={app5.M0,app6.M6}
  cost=7 deg=2 node=app11.M6 parent=app11.M0 nbrs={app11.M0,app8.M4}
  cost=5 deg=2 node=app0.M10 parent=app0.M0 nbrs={app0.M0,app13.M4}
  cost=4 deg=3 node=app3.M10 parent=app11.M0 nbrs={app3.M0,app3.M9,app11.M0}
  cost=4 deg=3 node=app5.M6 parent=app5.M0 nbrs={app5.M0,app5.M8,app5.Log15}
  cost=4 deg=3 node=app10.M3 parent=app10.M0 nbrs={app10.M0,app10.M2,app2.M7}
  cost=3 deg=3 node=app0.M14 parent=app0.M0 nbrs={app0.M0,app0.M3,app0.M1}
  cost=3 deg=2 node=app8.M4 parent=app8.M0 nbrs={app8.M0,app11.M6}
  cost=3 deg=3 node=app9.M3 parent=app9.M0 nbrs={app9.M0,app9.M7,app13.M1}
  cost=3 deg=3 node=app11.M10 parent=app11.M0 nbrs={app11.M0,app11.M2,app11.M5}
  cost=3 deg=2 node=app13.M9 parent=app13.M3 nbrs={app13.M7,app13.M3}
  cost=2 deg=2 node=app8.M2 parent=app8.M0 nbrs={app8.M0,app8.M6}
[pd-knot] 121 polyline cross pairs, 5 resolved via endpoint swap.
[xings-detour] iters=2 initial-poly-pairs=129 accepted=3 (multi-seg, density-aware, polyline detect, iterative).
[visual-knot] 121→121 cross points, 7→7 hot cells (≥3), 7 handled, 0 swap accepted.
[leaf-untangle] candidates=105, with-cross=25, moved=10, crossings-resolved=16.
[leaf-untangle] candidates=105, with-cross=24, moved=5, crossings-resolved=8.
[leaf-untangle] candidates=105, with-cross=20, moved=0, crossings-resolved=0.
[stuck-leaf-diag] 24 candidates with cost>0 (top 15 below):
  cost=9 deg=2 node=app2.M12 parent=app2.M0 nbrs={app2.M0,app5.M3}
  cost=8 deg=3 node=app9.M7 parent=app8.M0 nbrs={app9.M0,app9.M3,app8.M0}
  cost=8 deg=2 node=app11.M6 parent=app11.M0 nbrs={app11.M0,app8.M4}
  cost=7 deg=3 node=app3.M10 parent=app11.M0 nbrs={app3.M0,app3.M9,app11.M0}
  cost=7 deg=2 node=app5.M13 parent=app5.M0 nbrs={app5.M0,app6.M6}
  cost=6 deg=2 node=app5.M3 parent=app5.M0 nbrs={app5.M0,app2.M12}
  cost=4 deg=3 node=app5.M6 parent=app5.M0 nbrs={app5.M0,app5.M8,app5.Log15}
  cost=4 deg=3 node=app10.M3 parent=app10.M0 nbrs={app10.M0,app10.M2,app2.M7}
  cost=4 deg=2 node=app0.M10 parent=app0.M0 nbrs={app0.M0,app13.M4}
  cost=3 deg=3 node=app0.M14 parent=app0.M0 nbrs={app0.M0,app0.M3,app0.M1}
  cost=3 deg=2 node=app13.M9 parent=app13.M3 nbrs={app13.M7,app13.M3}
  cost=3 deg=3 node=app11.M10 parent=app11.M0 nbrs={app11.M0,app11.M2,app11.M5}
  cost=3 deg=2 node=app11.M2 parent=app11.M10 nbrs={app11.M3,app11.M10}
  cost=3 deg=2 node=app8.M4 parent=app8.M0 nbrs={app8.M0,app11.M6}
  cost=2 deg=2 node=app8.M2 parent=app8.M0 nbrs={app8.M0,app8.M6}
[carrier-cross] segment 123 -> carrier-grouped 111 (-10%). Carriers: 148 total (4 bundle + 100 cluster-pair + 44 individual).
[isolated-stash] Stashed 15 edge-less nodes in 6-column strip at x>=25707.
[face-raster] grid 5691x5759 (cell 5.0x5.0 units), 528 faces, 32524129 bg cells (99.2% of grid)
  face #1: 19958307 cells (61.4%), bbox 5691x5759 @ (0,0)
  face #50: 3442066 cells (10.6%), bbox 1604x4136 @ (195,508)
  face #9: 1944010 cells (6.0%), bbox 2025x3535 @ (2788,295)
  face #250: 725880 cells (2.2%), bbox 1781x1335 @ (3027,2495)
  face #49: 488495 cells (1.5%), bbox 460x1809 @ (1448,491)
  face #514: 469281 cells (1.4%), bbox 875x1716 @ (1543,3908)
  face #433: 434379 cells (1.3%), bbox 1318x1263 @ (200,3413)
  face #4: 394735 cells (1.2%), bbox 835x960 @ (1945,264)
[face-cohesion] 41 clusters analysed, 23 low-cohesion (<60% in dominant face)
  cohesion histogram:
     20%- 29%: 4 clusters
     30%- 39%: 6 clusters
     50%- 59%: 13 clusters
     60%- 69%: 4 clusters
     70%- 79%: 1 clusters
     80%- 89%: 1 clusters
    100%-100%: 12 clusters
  top 10 low-cohesion clusters (largest first):
    _louv_39: 7 members, 2 in dominant face, 6 faces total (29%)
    _louv_16: 5 members, 1 in dominant face, 5 faces total (20%)
    _louv_2: 5 members, 1 in dominant face, 5 faces total (20%)
    _louv_45: 4 members, 2 in dominant face, 3 faces total (50%)
    _louv_73: 4 members, 1 in dominant face, 4 faces total (25%)
    _louv_76: 3 members, 1 in dominant face, 3 faces total (33%)
    _louv_62: 3 members, 1 in dominant face, 3 faces total (33%)
    _louv_50: 3 members, 1 in dominant face, 3 faces total (33%)
    _louv_21: 3 members, 1 in dominant face, 3 faces total (33%)
    _louv_30: 3 members, 1 in dominant face, 3 faces total (33%)
[face-density] 294 micro-faces (size<50), top 10 hot regions (macro 64x64 cells):
  region (38,14): 25 micro-faces, world (11564,3878)-(11884,4198)
  region (37,16): 24 micro-faces, world (11244,4518)-(11564,4838)
  region (38,15): 23 micro-faces, world (11564,4198)-(11884,4518)
  region (26,54): 21 micro-faces, world (7724,16676)-(8044,16996)
  region (39,13): 14 micro-faces, world (11884,3558)-(12204,3878)
  region (30,6): 13 micro-faces, world (9004,1318)-(9324,1638)
  region (29,5): 12 micro-faces, world (8684,998)-(9004,1318)
  region (39,33): 11 micro-faces, world (11884,9957)-(12204,10277)
  region (27,54): 10 micro-faces, world (8044,16676)-(8364,16996)
  region (29,6): 9 micro-faces, world (8684,1318)-(9004,1638)
[face-ppm] Wrote /tmp/face-raster.ppm (2845x2879, downsampled from 5691x5759 by 2)
[face-untangle] 20 target clusters, 28 strays, 0 moved (poly cross 118 → 118, 0 fewer)
[stuck-leaf-2d] pass 1: 0 candidates, 0 moved, 0 cost units resolved.
[stuck-leaf-2d] 0 candidates, 0 moved, 0 cost units resolved (poly cross 118 → 118, 0 fewer)
[hot-region-sa] 7 hot cells (≥4 cross, 118 cross pts), top 5 processed, 38/555 swap accepted (cross 118 → 117, 1 fewer)
