[community] algorithm=louvain communities=111 meta=4
[hub-bias] Super-graph: pushed 12 high-deg cluster roots to 1.4x avgR.
[cg-time] 9ms post-hub-bias
[cg-time] 35ms pre-§10-outward-radial
[cg-time] 35ms pre-§11-compose
[cg-time] 35ms pre-§12-pruning-reattach
[cg-time] 35ms pre-§13-cluster-swap
[cg-time] 757ms pre-§14-chain-straightening
[cg-time] 758ms pre-§15-pruned-cross-min
[§15.5] Optimized 35 alone-root+independent nodes (2 moves).
[cg-time] 764ms pre-bus-bundle
[bus-bundle] Created 2 bus bundles (4 members, sig ≥ 2 roots).
[xings-hotspot] total=208 xings across 127 offending edges (of 328)
  edge core.Hub1↔app15.M0 xings=16 cluster=(_louv_1,_louv_82)
  edge app5.M7↔app13.M7 xings=13 cluster=(_louv_11,_louv_76)
  edge app3.M13↔app6.M1 xings=12 cluster=(?,_louv_30)
  edge app4.M2↔app8.M2 xings=10 cluster=(?,?)
  edge core.Hub0↔app2.M0 xings=10 cluster=(_louv_0,_louv_17)
  edge app0.M0↔app0.M5 xings=9 cluster=(_louv_2,_louv_6)
  edge core.Hub1↔app13.M0 xings=9 cluster=(_louv_1,_louv_72)
  edge core.Hub1↔app17.M0 xings=9 cluster=(_louv_1,_louv_97)
[xings-hotspot] top cluster signatures:
  {?|_louv_104} xings=6
  {?|_louv_1|_louv_46|_louv_82} xings=4
  {_louv_1|_louv_59|_louv_82} xings=4
  {?|_louv_2|_louv_6} xings=3
  {?|_louv_92} xings=3
  {?|_louv_108} xings=3
  {?} xings=2
  {?|_louv_46|_louv_53} xings=2
[bundle-clear] Pushed 10 nodes off bundle bboxes.
[knot-min] Accepted 65 spatial swaps among 269 candidates.
[knot-min-2opt] Accepted 7 cross-targeted swaps.
[carrier-pre] 329 edges → 224 distinct carriers (cost-side filter).
[leaf-untangle] candidates=183, with-cross=49, moved=44, crossings-resolved=126.
[leaf-untangle] candidates=183, with-cross=22, moved=8, crossings-resolved=20.
[leaf-untangle] candidates=183, with-cross=19, moved=1, crossings-resolved=1.
[leaf-untangle] candidates=183, with-cross=19, moved=0, crossings-resolved=0.
[stuck-leaf-diag] 26 candidates with cost>0 (top 15 below):
  cost=12 deg=3 node=app2.M12 parent=app2.M0 nbrs={app2.M0,app2.M9,app19.M9}
  cost=12 deg=3 node=app17.M1 parent=app17.M0 nbrs={app17.M0,app17.M7,app16.M9}
  cost=8 deg=2 node=app19.M5 parent=app19.M0 nbrs={app19.M0,app18.M9}
  cost=7 deg=2 node=app18.M9 parent=app18.M0 nbrs={app18.M0,app19.M5}
  cost=5 deg=3 node=app19.M3 parent=app19.M0 nbrs={app19.M0,app19.M6,app1.M8}
  cost=4 deg=2 node=app11.M13 parent=app11.M0 nbrs={app11.M0,app11.File39}
  cost=4 deg=2 node=app16.M2 parent=app16.M0 nbrs={app16.M0,app16.M7}
  cost=3 deg=3 node=app2.M8 parent=app2.M0 nbrs={app2.M0,app2.M5,app1.M12}
  cost=3 deg=3 node=app7.M6 parent=app7.M0 nbrs={app7.M0,app7.M1,app6.M3}
  cost=3 deg=3 node=app11.M3 parent=app11.M0 nbrs={app11.M0,app11.M9,app11.Tag84}
  cost=3 deg=2 node=app11.M8 parent=app15.M6 nbrs={app11.M11,app15.M6}
  cost=3 deg=2 node=app4.M1 parent=app4.M0 nbrs={app4.M0,app4.Asset18}
  cost=3 deg=2 node=app16.M7 parent=app3.M6 nbrs={app16.M2,app3.M6}
  cost=3 deg=2 node=app3.M8 parent=app3.M0 nbrs={app3.M0,app3.M11}
  cost=3 deg=2 node=app19.M1 parent=app19.M0 nbrs={app19.M0,app16.M1}
[pd-knot] 129 polyline cross pairs, 1 resolved via endpoint swap.
[xings-detour] iters=2 initial-poly-pairs=140 accepted=1 (multi-seg, density-aware, polyline detect, iterative).
[visual-knot] 137→136 cross points, 5→2 hot cells (≥3), 7 handled, 1 swap accepted.
[leaf-untangle] candidates=183, with-cross=22, moved=4, crossings-resolved=19.
[leaf-untangle] candidates=183, with-cross=20, moved=0, crossings-resolved=0.
[stuck-leaf-diag] 27 candidates with cost>0 (top 15 below):
  cost=12 deg=3 node=app2.M12 parent=app2.M0 nbrs={app2.M0,app2.M9,app19.M9}
  cost=10 deg=3 node=app17.M1 parent=app17.M0 nbrs={app17.M0,app17.M7,app16.M9}
  cost=8 deg=2 node=app19.M5 parent=app19.M0 nbrs={app19.M0,app18.M9}
  cost=7 deg=2 node=app18.M9 parent=app18.M0 nbrs={app18.M0,app19.M5}
  cost=5 deg=3 node=app19.M3 parent=app19.M0 nbrs={app19.M0,app19.M6,app1.M8}
  cost=4 deg=2 node=app11.M13 parent=app11.M0 nbrs={app11.M0,app11.File39}
  cost=4 deg=2 node=app16.M2 parent=app16.M0 nbrs={app16.M0,app16.M7}
  cost=3 deg=3 node=app2.M8 parent=app2.M0 nbrs={app2.M0,app2.M5,app1.M12}
  cost=3 deg=2 node=app4.M1 parent=app4.M0 nbrs={app4.M0,app4.Asset18}
  cost=3 deg=3 node=app7.M6 parent=app7.M0 nbrs={app7.M0,app7.M1,app6.M3}
  cost=3 deg=3 node=app11.M3 parent=app11.M0 nbrs={app11.M0,app11.M9,app11.Tag84}
  cost=3 deg=2 node=app11.M8 parent=app15.M6 nbrs={app11.M11,app15.M6}
  cost=3 deg=2 node=app3.M9 parent=app3.M0 nbrs={app3.M0,app3.M12}
  cost=3 deg=2 node=app16.M7 parent=app3.M6 nbrs={app16.M2,app3.M6}
  cost=3 deg=2 node=app3.M8 parent=app3.M0 nbrs={app3.M0,app3.M11}
[carrier-cross] segment 137 -> carrier-grouped 125 (-9%). Carriers: 218 total (6 bundle + 131 cluster-pair + 81 individual).
[isolated-stash] Stashed 8 edge-less nodes in 6-column strip at x>=54041.
[face-raster] grid 11581x5198 (cell 5.0x5.0 units), 592 faces, 59862336 bg cells (99.4% of grid)
  face #1: 44101298 cells (73.7%), bbox 11581x5198 @ (0,0)
  face #5: 1758812 cells (2.9%), bbox 3579x1836 @ (2807,778)
  face #342: 1210829 cells (2.0%), bbox 3060x866 @ (3582,3734)
  face #56: 1172437 cells (2.0%), bbox 1551x1185 @ (298,2500)
  face #3: 1156520 cells (1.9%), bbox 1121x2221 @ (2442,778)
  face #262: 1054303 cells (1.8%), bbox 2035x1529 @ (304,3462)
  face #68: 861722 cells (1.4%), bbox 1087x1268 @ (1358,2673)
  face #4: 682368 cells (1.1%), bbox 1822x1882 @ (2803,778)
[face-cohesion] 84 clusters analysed, 29 low-cohesion (<60% in dominant face)
  cohesion histogram:
     20%- 29%: 1 clusters
     30%- 39%: 2 clusters
     50%- 59%: 26 clusters
     60%- 69%: 11 clusters
     70%- 79%: 1 clusters
     80%- 89%: 1 clusters
    100%-100%: 42 clusters
  top 10 low-cohesion clusters (largest first):
    _louv_17: 7 members, 4 in dominant face, 3 faces total (57%)
    _louv_54: 4 members, 2 in dominant face, 3 faces total (50%)
    _louv_97: 4 members, 2 in dominant face, 3 faces total (50%)
    _louv_42: 4 members, 2 in dominant face, 3 faces total (50%)
    _louv_23: 4 members, 1 in dominant face, 4 faces total (25%)
    _louv_104: 3 members, 1 in dominant face, 3 faces total (33%)
    _louv_45: 3 members, 1 in dominant face, 3 faces total (33%)
    _louv_24: 2 members, 1 in dominant face, 2 faces total (50%)
    _louv_46: 2 members, 1 in dominant face, 2 faces total (50%)
    _louv_32: 2 members, 1 in dominant face, 2 faces total (50%)
[face-density] 327 micro-faces (size<50), top 10 hot regions (macro 64x64 cells):
  region (68,64): 25 micro-faces, world (20597,19931)-(20917,20251)
  region (60,57): 21 micro-faces, world (18037,17691)-(18357,18011)
  region (39,44): 19 micro-faces, world (11318,13532)-(11638,13852)
  region (11,35): 13 micro-faces, world (2358,10652)-(2678,10972)
  region (67,64): 13 micro-faces, world (20277,19931)-(20597,20251)
  region (9,35): 13 micro-faces, world (1718,10652)-(2038,10972)
  region (86,64): 12 micro-faces, world (26357,19931)-(26676,20251)
  region (64,66): 11 micro-faces, world (19317,20571)-(19637,20891)
  region (5,52): 10 micro-faces, world (438,16091)-(758,16411)
  region (5,51): 10 micro-faces, world (438,15771)-(758,16091)
[face-ppm] Wrote /tmp/face-raster.ppm (2895x1299, downsampled from 11581x5198 by 4)
[face-untangle] 29 target clusters, 37 strays, 0 moved (poly cross 135 → 135, 0 fewer)
[stuck-leaf-2d] pass 1: 1 candidates, 1 moved, 2 cost units resolved.
[stuck-leaf-2d] pass 2: 0 candidates, 0 moved, 0 cost units resolved.
[stuck-leaf-2d] 0 candidates, 1 moved, 2 cost units resolved (poly cross 135 → 135, 0 fewer)
[hot-region-sa] 3 hot cells (≥4 cross, 135 cross pts), top 3 processed, 58/394 swap accepted (cross 135 → 135, 0 fewer)
