[community] algorithm=louvain communities=18 meta=3
[hub-bias] Super-graph: pushed 3 high-deg cluster roots to 1.4x avgR.
[cg-time] 0ms post-hub-bias
[cg-time] 0ms pre-§10-outward-radial
[cg-time] 0ms pre-§11-compose
[cg-time] 0ms pre-§12-pruning-reattach
[cg-time] 1ms pre-§13-cluster-swap
[cg-time] 1ms pre-§14-chain-straightening
[cg-time] 1ms pre-§15-pruned-cross-min
[§15.5] Optimized 6 alone-root+independent nodes (3 moves).
[cg-time] 1ms pre-bus-bundle
[bus-bundle] Created 1 bus bundles (2 members, sig ≥ 2 roots).
[xings-hotspot] total=6 xings across 7 offending edges (of 59)
  edge app4.M0↔app4.M2 xings=3 cluster=(_louv_13,?)
  edge app0.M0↔app0.M6 xings=2 cluster=(_louv_0,?)
  edge app0.M1↔app4.M3 xings=2 cluster=(?,_louv_15)
  edge app0.M2↔app0.M6 xings=2 cluster=(?,?)
  edge app0.M5↔app0.M6 xings=1 cluster=(?,?)
  edge app0.M6↔app2.M9 xings=1 cluster=(?,?)
  edge app4.M2↔app4.M3 xings=1 cluster=(?,_louv_15)
[xings-hotspot] top cluster signatures:
  {?|_louv_13} xings=2
  {?|_louv_15} xings=2
  {?|_louv_0|_louv_13} xings=1
  {?|_louv_0|_louv_15} xings=1
[bundle-clear] Pushed 4 nodes off bundle bboxes.
[knot-min] Accepted 11 spatial swaps among 31 candidates.
[carrier-pre] 59 edges → 29 distinct carriers (cost-side filter).
[leaf-untangle] candidates=23, with-cross=3, moved=3, crossings-resolved=9.
[leaf-untangle] candidates=23, with-cross=1, moved=0, crossings-resolved=0.
[stuck-leaf-diag] 7 candidates with cost>0 (top 15 below):
  cost=9 deg=2 node=app1.M10 parent=app1.M0 nbrs={app1.M0,app4.M11}
  cost=6 deg=2 node=app2.M4 parent=app2.M0 nbrs={app2.M0,app2.M9}
  cost=6 deg=3 node=app2.M12 parent=app2.M0 nbrs={app2.M0,app2.M9,app0.M2}
  cost=3 deg=2 node=app2.M1 parent=app2.M0 nbrs={app2.M0,app2.M6}
  cost=3 deg=1 node=app4.M6 parent=app4.M0 nbrs={app4.M0}
  cost=3 deg=1 node=app4.M10 parent=app4.M0 nbrs={app4.M0}
  cost=1 deg=2 node=app0.M3 parent=app0.M0 nbrs={app0.M0,app1.M13}
[pd-knot] 2 polyline cross pairs, 0 resolved via endpoint swap.
[xings-detour] iters=1 initial-poly-pairs=3 accepted=0 (multi-seg, density-aware, polyline detect, iterative).
[visual-knot] 2→2 cross points, 0→0 hot cells (≥3), 0 handled, 0 swap accepted.
[leaf-untangle] candidates=23, with-cross=1, moved=0, crossings-resolved=0.
[stuck-leaf-diag] 7 candidates with cost>0 (top 15 below):
  cost=9 deg=2 node=app1.M10 parent=app1.M0 nbrs={app1.M0,app4.M11}
  cost=6 deg=2 node=app2.M4 parent=app2.M0 nbrs={app2.M0,app2.M9}
  cost=6 deg=3 node=app2.M12 parent=app2.M0 nbrs={app2.M0,app2.M9,app0.M2}
  cost=3 deg=2 node=app2.M1 parent=app2.M0 nbrs={app2.M0,app2.M6}
  cost=3 deg=1 node=app4.M6 parent=app4.M0 nbrs={app4.M0}
  cost=3 deg=1 node=app4.M10 parent=app4.M0 nbrs={app4.M0}
  cost=1 deg=2 node=app0.M3 parent=app0.M0 nbrs={app0.M0,app1.M13}
[carrier-cross] segment 3 -> carrier-grouped 2 (-33%). Carriers: 28 total (5 bundle + 14 cluster-pair + 9 individual).
[isolated-stash] Stashed 3 edge-less nodes in 6-column strip at x>=7660.
[face-raster] grid 1782x1313 (cell 5.0x5.0 units), 114 faces, 2284109 bg cells (97.6% of grid)
  face #1: 1462163 cells (64.0%), bbox 1782x1313 @ (0,0)
  face #11: 527116 cells (23.1%), bbox 741x1180 @ (64,87)
  face #82: 119318 cells (5.2%), bbox 401x576 @ (715,636)
  face #13: 81603 cells (3.6%), bbox 353x500 @ (332,90)
  face #9: 62394 cells (2.7%), bbox 497x246 @ (76,76)
  face #101: 11738 cells (0.5%), bbox 327x479 @ (821,717)
  face #73: 11281 cells (0.5%), bbox 193x184 @ (961,531)
  face #98: 2925 cells (0.1%), bbox 83x451 @ (709,686)
[face-cohesion] 10 clusters analysed, 2 low-cohesion (<60% in dominant face)
  cohesion histogram:
     50%- 59%: 2 clusters
     60%- 69%: 2 clusters
     80%- 89%: 1 clusters
    100%-100%: 5 clusters
  top 2 low-cohesion clusters (largest first):
    _louv_9: 6 members, 3 in dominant face, 3 faces total (50%)
    _louv_16: 2 members, 1 in dominant face, 2 faces total (50%)
[face-density] 86 micro-faces (size<50), top 10 hot regions (macro 64x64 cells):
  region (6,3): 35 micro-faces, world (1700,785)-(2020,1105)
  region (12,18): 10 micro-faces, world (3620,5584)-(3940,5903)
  region (13,10): 8 micro-faces, world (3940,3025)-(4260,3344)
  region (9,0): 5 micro-faces, world (2660,-174)-(2980,146)
  region (7,3): 5 micro-faces, world (2020,785)-(2340,1105)
  region (15,8): 5 micro-faces, world (4580,2385)-(4900,2705)
  region (6,4): 4 micro-faces, world (1700,1105)-(2020,1425)
  region (4,4): 3 micro-faces, world (1061,1105)-(1380,1425)
  region (14,10): 3 micro-faces, world (4260,3025)-(4580,3344)
  region (12,17): 3 micro-faces, world (3620,5264)-(3940,5584)
[face-ppm] Wrote /tmp/face-raster.ppm (1782x1313, downsampled from 1782x1313 by 1)
[face-untangle] 2 target clusters, 4 strays, 0 moved (poly cross 2 → 2, 0 fewer)
[stuck-leaf-2d] pass 1: 0 candidates, 0 moved, 0 cost units resolved.
[stuck-leaf-2d] 0 candidates, 0 moved, 0 cost units resolved (poly cross 2 → 2, 0 fewer)
[hot-region-sa] 0 hot cells (≥4 cross, 2 cross pts), top 0 processed, 0/0 swap accepted (cross 2 → 2, 0 fewer)
