[community] algorithm=louvain communities=19 meta=2
[hub-bias] Super-graph: pushed 2 high-deg cluster roots to 1.4x avgR.
[cg-time] 1ms post-hub-bias
[cg-time] 1ms pre-§10-outward-radial
[cg-time] 1ms pre-§11-compose
[cg-time] 1ms pre-§12-pruning-reattach
[cg-time] 1ms pre-§13-cluster-swap
[cg-time] 1ms pre-§14-chain-straightening
[cg-time] 1ms pre-§15-pruned-cross-min
[§15.5] Optimized 14 alone-root+independent nodes (2 moves).
[cg-time] 1ms pre-bus-bundle
[xings-hotspot] total=4 xings across 7 offending edges (of 44)
  edge app1.M0↔app1.M4 xings=2 cluster=(?,_louv_13)
  edge core.Hub0↔core.Note3 xings=1 cluster=(_louv_0,_louv_0)
  edge core.Hub1↔app0.M0 xings=1 cluster=(?,_louv_2)
  edge app0.M1↔app0.M4 xings=1 cluster=(?,?)
  edge app0.M2↔app0.M6 xings=1 cluster=(?,_louv_7)
  edge app0.M9↔app1.M2 xings=1 cluster=(?,?)
  edge app1.M6↔app1.M8 xings=1 cluster=(_louv_15,_louv_17)
[xings-hotspot] top cluster signatures:
  {?|_louv_0|_louv_2} xings=1
  {?|_louv_13} xings=1
  {?|_louv_13|_louv_15|_louv_17} xings=1
  {?|_louv_7} xings=1
[knot-min] Accepted 3 spatial swaps among 42 candidates.
[carrier-pre] 44 edges → 24 distinct carriers (cost-side filter).
[leaf-untangle] candidates=30, with-cross=11, moved=11, crossings-resolved=40.
[leaf-untangle] candidates=30, with-cross=0, moved=0, crossings-resolved=0.
[stuck-leaf-diag] 0 candidates with cost>0 (top 15 below):
[pd-knot] 2 polyline cross pairs, 0 resolved via endpoint swap.
[xings-detour] iters=1 initial-poly-pairs=2 accepted=0 (multi-seg, density-aware, polyline detect, iterative).
[visual-knot] 1→1 cross points, 0→0 hot cells (≥3), 0 handled, 0 swap accepted.
[leaf-untangle] candidates=30, with-cross=0, moved=0, crossings-resolved=0.
[stuck-leaf-diag] 0 candidates with cost>0 (top 15 below):
[face-raster] grid 1700x1028 (cell 5.0x5.0 units), 38 faces, 1708862 bg cells (97.8% of grid)
  face #1: 1218432 cells (71.3%), bbox 1700x1028 @ (0,0)
  face #4: 184515 cells (10.8%), bbox 770x702 @ (855,110)
  face #2: 86279 cells (5.0%), bbox 409x580 @ (508,41)
  face #16: 70276 cells (4.1%), bbox 362x432 @ (514,329)
  face #3: 49933 cells (2.9%), bbox 277x485 @ (919,110)
  face #17: 30631 cells (1.8%), bbox 240x228 @ (821,412)
  face #18: 29232 cells (1.7%), bbox 392x186 @ (152,435)
  face #5: 18983 cells (1.1%), bbox 93x574 @ (1106,111)
[face-cohesion] 12 clusters analysed, 3 low-cohesion (<60% in dominant face)
  cohesion histogram:
     30%- 39%: 2 clusters
     50%- 59%: 1 clusters
     60%- 69%: 2 clusters
    100%-100%: 7 clusters
  top 3 low-cohesion clusters (largest first):
    _louv_13: 3 members, 1 in dominant face, 3 faces total (33%)
    _louv_2: 3 members, 1 in dominant face, 3 faces total (33%)
    _louv_12: 2 members, 1 in dominant face, 2 faces total (50%)
[face-density] 21 micro-faces (size<50), top 10 hot regions (macro 64x64 cells):
  region (13,12): 8 micro-faces, world (3947,3692)-(4267,4012)
  region (17,9): 6 micro-faces, world (5227,2733)-(5547,3053)
  region (18,2): 4 micro-faces, world (5547,493)-(5867,813)
  region (18,1): 3 micro-faces, world (5547,173)-(5867,493)
[face-ppm] Wrote /tmp/face-raster.ppm (1700x1028, downsampled from 1700x1028 by 1)
[face-untangle] 3 target clusters, 5 strays, 0 moved (poly cross 1 → 1, 0 fewer)
[stuck-leaf-2d] pass 1: 0 candidates, 0 moved, 0 cost units resolved.
[stuck-leaf-2d] 0 candidates, 0 moved, 0 cost units resolved (poly cross 1 → 1, 0 fewer)
[hot-region-sa] 0 hot cells (≥4 cross, 1 cross pts), top 0 processed, 0/0 swap accepted (cross 1 → 1, 0 fewer)
