[community] algorithm=louvain communities=21 meta=3
[hub-bias] Super-graph: pushed 3 high-deg cluster roots to 1.4x avgR.
[cg-time] 1ms post-hub-bias
[cg-time] 2ms pre-§10-outward-radial
[cg-time] 2ms pre-§11-compose
[cg-time] 2ms pre-§12-pruning-reattach
[cg-time] 2ms pre-§13-cluster-swap
[cg-time] 2ms pre-§14-chain-straightening
[cg-time] 2ms pre-§15-pruned-cross-min
[§15.5] Optimized 11 alone-root+independent nodes (0 moves).
[cg-time] 2ms pre-bus-bundle
[xings-hotspot] total=6 xings across 7 offending edges (of 57)
  edge app0.M1↔app3.M1 xings=4 cluster=(_louv_2,_louv_16)
  edge app0.M2↔app2.M8 xings=3 cluster=(_louv_3,_louv_15)
  edge app0.M0↔app2.M3 xings=1 cluster=(_louv_1,?)
  edge app0.M6↔app2.M10 xings=1 cluster=(?,?)
  edge app1.M0↔app1.M2 xings=1 cluster=(?,?)
  edge app1.M2↔app2.M0 xings=1 cluster=(?,?)
  edge app2.M0↔app2.M3 xings=1 cluster=(?,?)
[xings-hotspot] top cluster signatures:
  {?|_louv_16|_louv_2} xings=3
  {?|_louv_15|_louv_3} xings=1
  {?|_louv_1|_louv_15|_louv_3} xings=1
  {_louv_15|_louv_16|_louv_2|_louv_3} xings=1
[knot-min] Accepted 3 spatial swaps among 53 candidates.
[carrier-pre] 57 edges → 30 distinct carriers (cost-side filter).
[leaf-untangle] candidates=35, with-cross=7, moved=6, crossings-resolved=18.
[leaf-untangle] candidates=35, with-cross=1, moved=0, crossings-resolved=0.
[stuck-leaf-diag] 1 candidates with cost>0 (top 15 below):
  cost=1 deg=2 node=app0.M6 parent=app1.M2 nbrs={app1.M2,app2.M10}
[pd-knot] 8 polyline cross pairs, 1 resolved via endpoint swap.
[xings-detour] iters=1 initial-poly-pairs=7 accepted=0 (multi-seg, density-aware, polyline detect, iterative).
[visual-knot] 7→7 cross points, 0→0 hot cells (≥3), 0 handled, 0 swap accepted.
[leaf-untangle] candidates=35, with-cross=4, moved=2, crossings-resolved=7.
[leaf-untangle] candidates=35, with-cross=1, moved=0, crossings-resolved=0.
[stuck-leaf-diag] 1 candidates with cost>0 (top 15 below):
  cost=1 deg=2 node=app0.M6 parent=app1.M2 nbrs={app1.M2,app2.M10}
[isolated-stash] Stashed 1 edge-less nodes in 6-column strip at x>=6729.
[face-raster] grid 1466x1118 (cell 5.0x5.0 units), 25 faces, 1599321 bg cells (97.6% of grid)
  face #1: 1278356 cells (79.9%), bbox 1466x1118 @ (0,0)
  face #3: 118360 cells (7.4%), bbox 444x464 @ (192,332)
  face #2: 74446 cells (4.7%), bbox 414x487 @ (617,186)
  face #8: 66326 cells (4.1%), bbox 381x395 @ (123,414)
  face #14: 18532 cells (1.2%), bbox 351x145 @ (134,738)
  face #17: 13790 cells (0.9%), bbox 190x143 @ (393,813)
  face #13: 7683 cells (0.5%), bbox 128x137 @ (506,699)
  face #19: 6149 cells (0.4%), bbox 94x138 @ (520,818)
[face-cohesion] 14 clusters analysed, 1 low-cohesion (<60% in dominant face)
  cohesion histogram:
     50%- 59%: 1 clusters
     60%- 69%: 2 clusters
     70%- 79%: 1 clusters
    100%-100%: 10 clusters
  top 1 low-cohesion clusters (largest first):
    _louv_5: 2 members, 1 in dominant face, 2 faces total (50%)
[face-density] 4 micro-faces (size<50), top 10 hot regions (macro 64x64 cells):
  region (7,12): 1 micro-faces, world (2050,3683)-(2370,4003)
  region (8,12): 1 micro-faces, world (2370,3683)-(2690,4003)
  region (10,13): 1 micro-faces, world (3009,4003)-(3329,4323)
  region (11,13): 1 micro-faces, world (3329,4003)-(3649,4323)
[face-ppm] Wrote /tmp/face-raster.ppm (1466x1118, downsampled from 1466x1118 by 1)
[face-untangle] 1 target clusters, 1 strays, 0 moved (poly cross 7 → 7, 0 fewer)
[stuck-leaf-2d] pass 1: 0 candidates, 0 moved, 0 cost units resolved.
[stuck-leaf-2d] 0 candidates, 0 moved, 0 cost units resolved (poly cross 7 → 7, 0 fewer)
[hot-region-sa] 0 hot cells (≥4 cross, 7 cross pts), top 0 processed, 0/0 swap accepted (cross 7 → 7, 0 fewer)
