[community] algorithm=louvain communities=57 meta=6
[hub-bias] Super-graph: pushed 6 high-deg cluster roots to 1.4x avgR.
[cg-time] 3ms post-hub-bias
[cg-time] 7ms pre-§10-outward-radial
[cg-time] 7ms pre-§11-compose
[cg-time] 7ms pre-§12-pruning-reattach
[cg-time] 7ms pre-§13-cluster-swap
[cg-time] 153ms pre-§14-chain-straightening
[cg-time] 153ms pre-§15-pruned-cross-min
[§15.5] Optimized 15 alone-root+independent nodes (0 moves).
[cg-time] 154ms pre-bus-bundle
[xings-hotspot] total=92 xings across 60 offending edges (of 177)
  edge app2.M2↔app5.M2 xings=13 cluster=(_louv_11,_louv_0)
  edge app1.M1↔app10.M6 xings=12 cluster=(_louv_7,?)
  edge app2.M0↔app10.M14 xings=8 cluster=(_louv_11,_louv_40)
  edge core.Hub0↔app9.M0 xings=8 cluster=(_louv_0,_louv_44)
  edge app1.M5↔app6.M2 xings=8 cluster=(?,_louv_10)
  edge core.Hub0↔app4.M0 xings=7 cluster=(_louv_0,_louv_24)
  edge app3.M0↔app3.M6 xings=6 cluster=(_louv_16,_louv_21)
  edge app5.M0↔app5.M4 xings=6 cluster=(_louv_0,_louv_31)
[xings-hotspot] top cluster signatures:
  {?|_louv_24} xings=4
  {?|_louv_0|_louv_24|_louv_49} xings=2
  {_louv_0|_louv_37} xings=2
  {?|_louv_33|_louv_7} xings=2
  {?|_louv_24|_louv_49} xings=2
  {?|_louv_0|_louv_11|_louv_44} xings=2
  {?|_louv_16|_louv_7} xings=2
  {?|_louv_16|_louv_21|_louv_33} xings=2
[bundle-clear] Pushed 2 nodes off bundle bboxes.
[knot-min] Accepted 13 spatial swaps among 142 candidates.
[knot-min-2opt] Accepted 4 cross-targeted swaps.
[carrier-pre] 178 edges → 110 distinct carriers (cost-side filter).
[leaf-untangle] candidates=91, with-cross=31, moved=29, crossings-resolved=93.
[leaf-untangle] candidates=91, with-cross=18, moved=7, crossings-resolved=18.
[leaf-untangle] candidates=91, with-cross=12, moved=0, crossings-resolved=0.
[stuck-leaf-diag] 15 candidates with cost>0 (top 15 below):
  cost=9 deg=2 node=app2.M3 parent=app3.M0 nbrs={app2.M0,app3.M0}
  cost=9 deg=2 node=app3.M6 parent=app3.M0 nbrs={app3.M0,app3.M8}
  cost=7 deg=2 node=app7.M1 parent=app7.M0 nbrs={app7.M0,app5.M3}
  cost=6 deg=2 node=app5.M3 parent=app5.M5 nbrs={app5.M5,app7.M1}
  cost=4 deg=2 node=app7.M6 parent=app7.M0 nbrs={app7.M0,app9.M6}
  cost=3 deg=2 node=app2.M2 parent=app2.M0 nbrs={app2.M0,app5.M2}
  cost=3 deg=2 node=app3.M2 parent=app3.M0 nbrs={app3.M0,app3.Tag9}
  cost=3 deg=2 node=app5.M2 parent=app5.M0 nbrs={app5.M0,app2.M2}
  cost=3 deg=3 node=app9.M10 parent=app9.M0 nbrs={app9.M0,app9.M4,app9.Asset33}
  cost=3 deg=2 node=app9.M11 parent=app9.M0 nbrs={app9.M0,app9.M7}
  cost=3 deg=3 node=app10.M13 parent=app10.M0 nbrs={app10.M0,app10.M5,app0.M5}
  cost=2 deg=2 node=app9.M6 parent=app1.M0 nbrs={app1.M0,app7.M6}
  cost=1 deg=2 node=app0.M1 parent=app0.M0 nbrs={app0.M0,app4.M3}
  cost=1 deg=2 node=app3.M8 parent=app10.M12 nbrs={app3.M6,app10.M12}
  cost=1 deg=2 node=app10.M14 parent=app2.M0 nbrs={app10.M9,app2.M0}
[pd-knot] 68 polyline cross pairs, 1 resolved via endpoint swap.
[xings-detour] iters=1 initial-poly-pairs=57 accepted=0 (multi-seg, density-aware, polyline detect, iterative).
[visual-knot] 57→57 cross points, 2→2 hot cells (≥3), 2 handled, 0 swap accepted.
[leaf-untangle] candidates=91, with-cross=15, moved=3, crossings-resolved=10.
[leaf-untangle] candidates=91, with-cross=13, moved=2, crossings-resolved=5.
[leaf-untangle] candidates=91, with-cross=13, moved=0, crossings-resolved=0.
[stuck-leaf-diag] 16 candidates with cost>0 (top 15 below):
  cost=9 deg=2 node=app2.M3 parent=app3.M0 nbrs={app2.M0,app3.M0}
  cost=9 deg=2 node=app3.M6 parent=app3.M0 nbrs={app3.M0,app3.M8}
  cost=7 deg=2 node=app7.M1 parent=app7.M0 nbrs={app7.M0,app5.M3}
  cost=6 deg=2 node=app5.M3 parent=app5.M5 nbrs={app5.M5,app7.M1}
  cost=4 deg=2 node=app7.M6 parent=app7.M0 nbrs={app7.M0,app9.M6}
  cost=3 deg=2 node=app2.M2 parent=app2.M0 nbrs={app2.M0,app5.M2}
  cost=3 deg=2 node=app3.M2 parent=app3.M0 nbrs={app3.M0,app3.Tag9}
  cost=3 deg=2 node=app5.M2 parent=app5.M0 nbrs={app5.M0,app2.M2}
  cost=3 deg=3 node=app9.M10 parent=app9.M0 nbrs={app9.M0,app9.M4,app9.Asset33}
  cost=3 deg=2 node=app9.M11 parent=app9.M0 nbrs={app9.M0,app9.M7}
  cost=2 deg=2 node=app9.M6 parent=app1.M0 nbrs={app1.M0,app7.M6}
  cost=1 deg=2 node=app0.M1 parent=app0.M0 nbrs={app0.M0,app4.M3}
  cost=1 deg=2 node=app3.M8 parent=app10.M12 nbrs={app3.M6,app10.M12}
  cost=1 deg=2 node=app10.M4 parent=app10.M0 nbrs={app10.M0,app10.Tag0}
  cost=1 deg=3 node=app10.M13 parent=app10.M0 nbrs={app10.M0,app10.M5,app0.M5}
[carrier-cross] segment 57 -> carrier-grouped 55 (-4%). Carriers: 108 total (1 bundle + 71 cluster-pair + 36 individual).
[isolated-stash] Stashed 6 edge-less nodes in 6-column strip at x>=21224.
[face-raster] grid 5034x3643 (cell 5.0x5.0 units), 483 faces, 18179820 bg cells (99.1% of grid)
  face #1: 13498099 cells (74.2%), bbox 5034x3643 @ (0,0)
  face #288: 652612 cells (3.6%), bbox 1759x912 @ (2258,2466)
  face #2: 505587 cells (2.8%), bbox 752x1306 @ (1888,96)
  face #223: 504435 cells (2.8%), bbox 1276x1205 @ (2594,1808)
  face #5: 307570 cells (1.7%), bbox 528x1366 @ (1358,282)
  face #7: 267315 cells (1.5%), bbox 979x614 @ (3104,1075)
  face #6: 168708 cells (0.9%), bbox 368x799 @ (1732,852)
  face #219: 119141 cells (0.7%), bbox 738x1484 @ (3395,1712)
[face-cohesion] 36 clusters analysed, 14 low-cohesion (<60% in dominant face)
  cohesion histogram:
     30%- 39%: 6 clusters
     40%- 49%: 1 clusters
     50%- 59%: 7 clusters
     60%- 69%: 4 clusters
    100%-100%: 18 clusters
  top 10 low-cohesion clusters (largest first):
    _louv_16: 6 members, 2 in dominant face, 5 faces total (33%)
    _louv_44: 5 members, 2 in dominant face, 4 faces total (40%)
    _louv_33: 4 members, 2 in dominant face, 3 faces total (50%)
    _louv_49: 3 members, 1 in dominant face, 3 faces total (33%)
    _louv_41: 3 members, 1 in dominant face, 3 faces total (33%)
    _louv_11: 3 members, 1 in dominant face, 3 faces total (33%)
    _louv_7: 3 members, 1 in dominant face, 3 faces total (33%)
    _louv_0: 3 members, 1 in dominant face, 3 faces total (33%)
    _louv_10: 2 members, 1 in dominant face, 2 faces total (50%)
    _louv_32: 2 members, 1 in dominant face, 2 faces total (50%)
[face-density] 359 micro-faces (size<50), top 10 hot regions (macro 64x64 cells):
  region (55,24): 36 micro-faces, world (15733,7280)-(16053,7600)
  region (60,19): 30 micro-faces, world (17333,5681)-(17653,6001)
  region (54,42): 29 micro-faces, world (15413,13040)-(15733,13360)
  region (53,42): 24 micro-faces, world (15093,13040)-(15413,13360)
  region (61,18): 21 micro-faces, world (17653,5361)-(17973,5681)
  region (61,19): 20 micro-faces, world (17653,5681)-(17973,6001)
  region (56,44): 14 micro-faces, world (16053,13679)-(16373,13999)
  region (37,44): 13 micro-faces, world (9973,13679)-(10293,13999)
  region (54,24): 13 micro-faces, world (15413,7280)-(15733,7600)
  region (36,43): 13 micro-faces, world (9653,13360)-(9973,13679)
[face-ppm] Wrote /tmp/face-raster.ppm (2517x1821, downsampled from 5034x3643 by 2)
[face-untangle] 14 target clusters, 25 strays, 0 moved (poly cross 57 → 57, 0 fewer)
[stuck-leaf-2d] pass 1: 0 candidates, 0 moved, 0 cost units resolved.
[stuck-leaf-2d] 0 candidates, 0 moved, 0 cost units resolved (poly cross 57 → 57, 0 fewer)
[hot-region-sa] 0 hot cells (≥4 cross, 57 cross pts), top 0 processed, 0/0 swap accepted (cross 57 → 57, 0 fewer)
