[community] algorithm=louvain communities=85 meta=4
[hub-bias] Super-graph: pushed 9 high-deg cluster roots to 1.4x avgR.
[cg-time] 6ms post-hub-bias
[cg-time] 298ms pre-§10-outward-radial
[cg-time] 298ms pre-§11-compose
[cg-time] 298ms pre-§12-pruning-reattach
[cg-time] 298ms pre-§13-cluster-swap
[cg-time] 1719ms pre-§14-chain-straightening
[cg-time] 1719ms pre-§15-pruned-cross-min
[§15.5] Optimized 25 alone-root+independent nodes (18 moves).
[cg-time] 1727ms pre-bus-bundle
[xings-hotspot] total=546 xings across 176 offending edges (of 301)
  edge core.Hub0↔app13.M0 xings=33 cluster=(_louv_0,_louv_58)
  edge app2.M0↔app2.M4 xings=29 cluster=(?,_louv_7)
  edge core.Hub0↔app15.M0 xings=27 cluster=(_louv_0,_louv_71)
  edge core.Hub0↔app14.M0 xings=26 cluster=(_louv_0,_louv_65)
  edge core.Hub1↔app3.M0 xings=24 cluster=(?,?)
  edge app13.M5↔app13.M10 xings=19 cluster=(?,_louv_58)
  edge app18.M0↔app18.M1 xings=19 cluster=(_louv_1,?)
  edge app14.M0↔app14.M1 xings=18 cluster=(_louv_65,?)
[xings-hotspot] top cluster signatures:
  {?|_louv_65} xings=16
  {?} xings=15
  {?|_louv_58} xings=13
  {?|_louv_25} xings=9
  {?|_louv_39} xings=7
  {?|_louv_0|_louv_58} xings=7
  {?|_louv_7} xings=7
  {?|_louv_49} xings=7
[knot-min] Accepted 62 spatial swaps among 219 candidates.
[knot-min-2opt] Accepted 7 cross-targeted swaps.
[carrier-pre] 305 edges → 195 distinct carriers (cost-side filter).
[leaf-untangle] candidates=132, with-cross=56, moved=43, crossings-resolved=140.
[leaf-untangle] candidates=132, with-cross=31, moved=9, crossings-resolved=20.
[leaf-untangle] candidates=132, with-cross=25, moved=2, crossings-resolved=4.
[leaf-untangle] candidates=132, with-cross=23, moved=0, crossings-resolved=0.
[stuck-leaf-diag] 25 candidates with cost>0 (top 15 below):
  cost=14 deg=3 node=app13.M10 parent=app13.M0 nbrs={app13.M0,app13.M6,app13.M5}
  cost=12 deg=3 node=app16.M4 parent=app16.M0 nbrs={app16.M0,app16.M3,app7.M0}
  cost=11 deg=3 node=app1.M3 parent=app1.M0 nbrs={app1.M0,app1.M1,app8.M1}
  cost=9 deg=3 node=app14.M5 parent=app14.M0 nbrs={app14.M0,app14.M7,app15.M10}
  cost=8 deg=3 node=app5.M4 parent=app5.M0 nbrs={app5.M0,app5.M9,app0.M0}
  cost=6 deg=3 node=app8.M3 parent=app8.M0 nbrs={app8.M0,app8.M8,app0.M1}
  cost=5 deg=3 node=app14.M1 parent=app14.M0 nbrs={app14.M0,app14.M3,app3.M7}
  cost=5 deg=2 node=app12.M7 parent=app12.M0 nbrs={app12.M0,app1.M0}
  cost=5 deg=3 node=app16.M3 parent=app16.M0 nbrs={app16.M0,app16.M4,app14.M6}
  cost=4 deg=3 node=app14.M3 parent=app14.M0 nbrs={app14.M0,app14.M1,app14.M8}
  cost=4 deg=2 node=app15.M9 parent=app15.M0 nbrs={app15.M0,app13.M7}
  cost=3 deg=3 node=app5.M9 parent=app5.M0 nbrs={app5.M0,app5.M4,app19.M5}
  cost=3 deg=2 node=app15.M7 parent=app15.M0 nbrs={app15.M0,app15.Tag3}
  cost=2 deg=2 node=app13.M7 parent=app13.M3 nbrs={app13.M3,app15.M9}
  cost=2 deg=1 node=app15.Tag29 parent=app15.M11 nbrs={app15.M11}
[pd-knot] 380 polyline cross pairs, 1 resolved via endpoint swap.
[xings-detour] iters=2 initial-poly-pairs=385 accepted=6 (multi-seg, density-aware, polyline detect, iterative).
[visual-knot] 378→377 cross points, 35→33 hot cells (≥3), 68 handled, 1 swap accepted.
[leaf-untangle] candidates=132, with-cross=26, moved=4, crossings-resolved=18.
[leaf-untangle] candidates=132, with-cross=24, moved=1, crossings-resolved=1.
[leaf-untangle] candidates=132, with-cross=24, moved=0, crossings-resolved=0.
[stuck-leaf-diag] 26 candidates with cost>0 (top 15 below):
  cost=12 deg=3 node=app13.M10 parent=app13.M0 nbrs={app13.M0,app13.M6,app13.M5}
  cost=12 deg=3 node=app16.M4 parent=app16.M0 nbrs={app16.M0,app16.M3,app7.M0}
  cost=11 deg=3 node=app1.M3 parent=app1.M0 nbrs={app1.M0,app1.M1,app8.M1}
  cost=9 deg=3 node=app14.M5 parent=app14.M0 nbrs={app14.M0,app14.M7,app15.M10}
  cost=8 deg=3 node=app5.M4 parent=app5.M0 nbrs={app5.M0,app5.M9,app0.M0}
  cost=6 deg=3 node=app8.M3 parent=app8.M0 nbrs={app8.M0,app8.M8,app0.M1}
  cost=5 deg=3 node=app16.M3 parent=app16.M0 nbrs={app16.M0,app16.M4,app14.M6}
  cost=5 deg=3 node=app14.M1 parent=app14.M0 nbrs={app14.M0,app14.M3,app3.M7}
  cost=4 deg=3 node=app14.M3 parent=app14.M0 nbrs={app14.M0,app14.M1,app14.M8}
  cost=4 deg=2 node=app12.M7 parent=app12.M0 nbrs={app12.M0,app1.M0}
  cost=4 deg=2 node=app15.M9 parent=app15.M0 nbrs={app15.M0,app13.M7}
  cost=3 deg=3 node=app5.M9 parent=app5.M0 nbrs={app5.M0,app5.M4,app19.M5}
  cost=3 deg=2 node=app15.M7 parent=app15.M0 nbrs={app15.M0,app15.Tag3}
  cost=2 deg=2 node=app13.M7 parent=app13.M3 nbrs={app13.M3,app15.M9}
  cost=2 deg=1 node=app15.Tag29 parent=app15.M11 nbrs={app15.M11}
[carrier-cross] segment 375 -> carrier-grouped 340 (-9%). Carriers: 189 total (1 bundle + 134 cluster-pair + 54 individual).
[isolated-stash] Stashed 9 edge-less nodes in 6-column strip at x>=20861.
[face-raster] grid 4679x4867 (cell 5.0x5.0 units), 886 faces, 22503670 bg cells (98.8% of grid)
  face #1: 13710309 cells (60.9%), bbox 4679x4867 @ (0,0)
  face #34: 1451530 cells (6.5%), bbox 1769x1344 @ (200,1411)
  face #882: 666493 cells (3.0%), bbox 1110x1203 @ (2266,3512)
  face #4: 597168 cells (2.7%), bbox 2888x662 @ (219,782)
  face #883: 583125 cells (2.6%), bbox 1527x1147 @ (1223,3514)
  face #738: 480825 cells (2.1%), bbox 1487x596 @ (1307,2993)
  face #542: 285092 cells (1.3%), bbox 607x1149 @ (831,2416)
  face #713: 220631 cells (1.0%), bbox 561x857 @ (530,2938)
[face-cohesion] 55 clusters analysed, 25 low-cohesion (<60% in dominant face)
  cohesion histogram:
     20%- 29%: 6 clusters
     30%- 39%: 6 clusters
     40%- 49%: 2 clusters
     50%- 59%: 11 clusters
     60%- 69%: 6 clusters
    100%-100%: 24 clusters
  top 10 low-cohesion clusters (largest first):
    _louv_25: 7 members, 4 in dominant face, 4 faces total (57%)
    _louv_70: 5 members, 1 in dominant face, 5 faces total (20%)
    _louv_58: 5 members, 2 in dominant face, 4 faces total (40%)
    _louv_41: 5 members, 2 in dominant face, 3 faces total (40%)
    _louv_30: 4 members, 1 in dominant face, 4 faces total (25%)
    _louv_22: 4 members, 1 in dominant face, 4 faces total (25%)
    _louv_71: 4 members, 1 in dominant face, 4 faces total (25%)
    _louv_34: 4 members, 1 in dominant face, 4 faces total (25%)
    _louv_39: 4 members, 1 in dominant face, 4 faces total (25%)
    _louv_65: 4 members, 2 in dominant face, 3 faces total (50%)
[face-density] 412 micro-faces (size<50), top 10 hot regions (macro 64x64 cells):
  region (40,48): 29 micro-faces, world (12302,14843)-(12622,15163)
  region (39,38): 21 micro-faces, world (11982,11643)-(12302,11963)
  region (39,37): 18 micro-faces, world (11982,11323)-(12302,11643)
  region (46,50): 18 micro-faces, world (14222,15483)-(14542,15803)
  region (30,33): 18 micro-faces, world (9102,10043)-(9422,10363)
  region (44,49): 18 micro-faces, world (13582,15163)-(13902,15483)
  region (29,33): 17 micro-faces, world (8782,10043)-(9102,10363)
  region (38,37): 17 micro-faces, world (11662,11323)-(11982,11643)
  region (41,48): 15 micro-faces, world (12622,14843)-(12942,15163)
  region (34,46): 15 micro-faces, world (10382,14203)-(10702,14523)
[face-ppm] Wrote /tmp/face-raster.ppm (2339x2433, downsampled from 4679x4867 by 2)
[face-untangle] 19 target clusters, 32 strays, 4 moved (poly cross 374 → 374, 0 fewer)
[stuck-leaf-2d] pass 1: 6 candidates, 3 moved, 3 cost units resolved.
[stuck-leaf-2d] pass 2: 3 candidates, 0 moved, 0 cost units resolved.
[stuck-leaf-2d] 3 candidates, 3 moved, 3 cost units resolved (poly cross 374 → 371, 3 fewer)
[hot-region-sa] 32 hot cells (≥4 cross, 371 cross pts), top 5 processed, 45/637 swap accepted (cross 371 → 370, 1 fewer)
