[community] algorithm=louvain communities=37 meta=3
[hub-bias] Super-graph: pushed 3 high-deg cluster roots to 1.4x avgR.
[cg-time] 3ms post-hub-bias
[cg-time] 5ms pre-§10-outward-radial
[cg-time] 5ms pre-§11-compose
[cg-time] 5ms pre-§12-pruning-reattach
[cg-time] 5ms pre-§13-cluster-swap
[cg-time] 68ms pre-§14-chain-straightening
[cg-time] 68ms pre-§15-pruned-cross-min
[§15.5] Optimized 13 alone-root+independent nodes (3 moves).
[cg-time] 69ms pre-bus-bundle
[xings-hotspot] total=48 xings across 44 offending edges (of 128)
  edge app6.M0↔app6.M7 xings=9 cluster=(_louv_25,_louv_7)
  edge core.Hub1↔app0.M0 xings=7 cluster=(?,_louv_1)
  edge app7.M0↔app7.M5 xings=5 cluster=(_louv_31,?)
  edge app0.M8↔app3.M0 xings=5 cluster=(?,_louv_12)
  edge app2.M0↔app2.M6 xings=4 cluster=(_louv_8,?)
  edge app7.M0↔app7.M2 xings=4 cluster=(_louv_31,_louv_16)
  edge app0.M8↔app1.M0 xings=4 cluster=(?,_louv_7)
  edge app5.M0↔app5.M2 xings=3 cluster=(_louv_22,?)
[xings-hotspot] top cluster signatures:
  {?|_louv_8} xings=5
  {?|_louv_13|_louv_7} xings=2
  {?|_louv_31} xings=2
  {?|_louv_22|_louv_25|_louv_7} xings=2
  {?|_louv_0|_louv_1} xings=2
  {?|_louv_1|_louv_12} xings=2
  {?|_louv_1} xings=2
  {?|_louv_12|_louv_14} xings=2
[knot-min] Accepted 12 spatial swaps among 107 candidates.
[knot-min-2opt] Accepted 3 cross-targeted swaps.
[carrier-pre] 136 edges → 76 distinct carriers (cost-side filter).
[leaf-untangle] candidates=54, with-cross=19, moved=18, crossings-resolved=56.
[leaf-untangle] candidates=54, with-cross=7, moved=2, crossings-resolved=2.
[leaf-untangle] candidates=54, with-cross=5, moved=0, crossings-resolved=0.
[stuck-leaf-diag] 5 candidates with cost>0 (top 15 below):
  cost=2 deg=2 node=app5.M5 parent=app9.M5 nbrs={app5.M1,app9.M5}
  cost=2 deg=2 node=app9.M5 parent=app1.M0 nbrs={app5.M5,app1.M0}
  cost=1 deg=2 node=app3.M4 parent=app3.M0 nbrs={app3.M0,app3.M8}
  cost=1 deg=3 node=app3.M8 parent=app3.M0 nbrs={app3.M0,app3.M4,app3.Note7}
  cost=1 deg=2 node=app9.M6 parent=app9.M0 nbrs={app9.M0,app9.M9}
[pd-knot] 38 polyline cross pairs, 1 resolved via endpoint swap.
[xings-detour] iters=2 initial-poly-pairs=37 accepted=1 (multi-seg, density-aware, polyline detect, iterative).
[visual-knot] 32→32 cross points, 0→0 hot cells (≥3), 0 handled, 0 swap accepted.
[leaf-untangle] candidates=54, with-cross=4, moved=1, crossings-resolved=3.
[leaf-untangle] candidates=54, with-cross=3, moved=0, crossings-resolved=0.
[stuck-leaf-diag] 3 candidates with cost>0 (top 15 below):
  cost=1 deg=2 node=app3.M4 parent=app3.M0 nbrs={app3.M0,app3.M8}
  cost=1 deg=3 node=app3.M8 parent=app3.M0 nbrs={app3.M0,app3.M4,app3.Note7}
  cost=1 deg=2 node=app9.M6 parent=app9.M0 nbrs={app9.M0,app9.M9}
[isolated-stash] Stashed 4 edge-less nodes in 6-column strip at x>=20015.
[face-raster] grid 4414x3139 (cell 5.0x5.0 units), 352 faces, 13727518 bg cells (99.1% of grid)
  face #1: 7319950 cells (53.3%), bbox 4414x3139 @ (0,0)
  face #202: 648810 cells (4.7%), bbox 2120x449 @ (183,2541)
  face #68: 496719 cells (3.6%), bbox 664x1623 @ (3040,1353)
  face #199: 416440 cells (3.0%), bbox 1270x430 @ (2174,2528)
  face #14: 396210 cells (2.9%), bbox 451x1340 @ (786,356)
  face #125: 392027 cells (2.9%), bbox 1094x791 @ (1209,1745)
  face #32: 368583 cells (2.7%), bbox 953x866 @ (2730,1043)
  face #17: 301133 cells (2.2%), bbox 1084x741 @ (2599,593)
[face-cohesion] 25 clusters analysed, 10 low-cohesion (<60% in dominant face)
  cohesion histogram:
     30%- 39%: 2 clusters
     40%- 49%: 2 clusters
     50%- 59%: 6 clusters
     60%- 69%: 1 clusters
     80%- 89%: 1 clusters
    100%-100%: 13 clusters
  top 10 low-cohesion clusters (largest first):
    _louv_8: 8 members, 3 in dominant face, 5 faces total (38%)
    _louv_12: 5 members, 2 in dominant face, 4 faces total (40%)
    _louv_25: 5 members, 2 in dominant face, 4 faces total (40%)
    _louv_0: 4 members, 2 in dominant face, 3 faces total (50%)
    _louv_7: 3 members, 1 in dominant face, 3 faces total (33%)
    _louv_33: 2 members, 1 in dominant face, 2 faces total (50%)
    _louv_32: 2 members, 1 in dominant face, 2 faces total (50%)
    _louv_21: 2 members, 1 in dominant face, 2 faces total (50%)
    _louv_5: 2 members, 1 in dominant face, 2 faces total (50%)
    _louv_3: 2 members, 1 in dominant face, 2 faces total (50%)
[face-density] 266 micro-faces (size<50), top 10 hot regions (macro 64x64 cells):
  region (10,43): 25 micro-faces, world (2664,13406)-(2984,13726)
  region (3,44): 23 micro-faces, world (424,13726)-(744,14046)
  region (31,18): 23 micro-faces, world (9383,5408)-(9703,5728)
  region (15,41): 19 micro-faces, world (4264,12766)-(4583,13086)
  region (4,43): 17 micro-faces, world (744,13406)-(1064,13726)
  region (11,42): 16 micro-faces, world (2984,13086)-(3304,13406)
  region (53,45): 11 micro-faces, world (16422,14046)-(16742,14366)
  region (40,23): 10 micro-faces, world (12262,7008)-(12582,7328)
  region (39,22): 10 micro-faces, world (11942,6688)-(12262,7008)
  region (35,39): 9 micro-faces, world (10663,12126)-(10983,12446)
[face-ppm] Wrote /tmp/face-raster.ppm (2207x1569, downsampled from 4414x3139 by 2)
[face-untangle] 10 target clusters, 20 strays, 1 moved (poly cross 32 → 30, 2 fewer)
[stuck-leaf-2d] pass 1: 0 candidates, 0 moved, 0 cost units resolved.
[stuck-leaf-2d] 0 candidates, 0 moved, 0 cost units resolved (poly cross 30 → 30, 0 fewer)
[hot-region-sa] 0 hot cells (≥4 cross, 30 cross pts), top 0 processed, 0/0 swap accepted (cross 30 → 30, 0 fewer)
