[community] algorithm=louvain communities=52 meta=3
[hub-bias] Super-graph: pushed 4 high-deg cluster roots to 1.4x avgR.
[cg-time] 7ms post-hub-bias
[cg-time] 18ms pre-§10-outward-radial
[cg-time] 18ms pre-§11-compose
[cg-time] 18ms pre-§12-pruning-reattach
[cg-time] 18ms pre-§13-cluster-swap
[cg-time] 54ms pre-§14-chain-straightening
[cg-time] 54ms pre-§15-pruned-cross-min
[§15.5] Optimized 28 alone-root+independent nodes (14 moves).
[cg-time] 57ms pre-bus-bundle
[xings-hotspot] total=105 xings across 58 offending edges (of 156)
  edge core.Hub1↔app4.M0 xings=11 cluster=(?,?)
  edge core.Hub0↔app1.M0 xings=10 cluster=(?,_louv_11)
  edge core.Hub1↔app10.M0 xings=10 cluster=(?,_louv_27)
  edge app0.M12↔app3.M9 xings=9 cluster=(?,?)
  edge app6.M0↔app8.M1 xings=9 cluster=(_louv_26,?)
  edge app1.M3↔app10.M0 xings=9 cluster=(?,_louv_27)
  edge app2.M0↔app8.M1 xings=8 cluster=(_louv_14,?)
  edge app5.M4↔app8.M2 xings=7 cluster=(?,_louv_41)
[xings-hotspot] top cluster signatures:
  {?|_louv_41} xings=10
  {?|_louv_26|_louv_27} xings=9
  {?|_louv_21} xings=7
  {?} xings=6
  {?|_louv_21|_louv_41} xings=4
  {?|_louv_21|_louv_26} xings=4
  {?|_louv_14} xings=4
  {?|_louv_14|_louv_20} xings=4
[knot-min] Accepted 15 spatial swaps among 127 candidates.
[knot-min-2opt] Accepted 2 cross-targeted swaps.
[carrier-pre] 158 edges → 96 distinct carriers (cost-side filter).
[leaf-untangle] candidates=81, with-cross=33, moved=29, crossings-resolved=121.
[leaf-untangle] candidates=81, with-cross=19, moved=10, crossings-resolved=23.
[leaf-untangle] candidates=81, with-cross=14, moved=3, crossings-resolved=9.
[leaf-untangle] candidates=81, with-cross=14, moved=3, crossings-resolved=8.
[stuck-leaf-diag] 15 candidates with cost>0 (top 15 below):
  cost=7 deg=2 node=app3.M7 parent=app3.M0 nbrs={app3.M0,app2.M5}
  cost=5 deg=2 node=app2.M5 parent=app2.M0 nbrs={app2.M0,app3.M7}
  cost=5 deg=3 node=app6.M1 parent=app6.M0 nbrs={app6.M0,app6.M3,app6.M2}
  cost=4 deg=3 node=app6.M2 parent=app6.M0 nbrs={app6.M0,app6.Asset15,app6.M1}
  cost=3 deg=3 node=app1.M3 parent=app10.M0 nbrs={app1.M0,app1.M2,app10.M0}
  cost=2 deg=2 node=app3.M1 parent=app3.M0 nbrs={app3.M0,app3.M9}
  cost=1 deg=2 node=app0.M1 parent=app0.M0 nbrs={app0.M0,app0.Log31}
  cost=1 deg=2 node=app0.M2 parent=app0.M0 nbrs={app0.M0,app0.Note17}
  cost=1 deg=2 node=app2.M1 parent=app2.M0 nbrs={app2.M0,app2.M8}
  cost=1 deg=2 node=app2.M7 parent=app2.M0 nbrs={app2.M0,app2.Address11}
  cost=1 deg=2 node=app2.M10 parent=app2.M0 nbrs={app2.M0,app7.M0}
  cost=1 deg=2 node=app3.M2 parent=app3.M9 nbrs={app3.M9,app5.M1}
  cost=1 deg=2 node=app3.M10 parent=app3.M0 nbrs={app3.M0,app10.M0}
  cost=1 deg=1 node=app0.Note17 parent=app0.M2 nbrs={app0.M2}
  cost=1 deg=1 node=app0.Log31 parent=app0.M1 nbrs={app0.M1}
[pd-knot] 90 polyline cross pairs, 5 resolved via endpoint swap.
[xings-detour] iters=2 initial-poly-pairs=88 accepted=5 (multi-seg, density-aware, polyline detect, iterative).
[visual-knot] 81→81 cross points, 1→1 hot cells (≥3), 1 handled, 0 swap accepted.
[leaf-untangle] candidates=81, with-cross=15, moved=6, crossings-resolved=18.
[leaf-untangle] candidates=81, with-cross=13, moved=1, crossings-resolved=1.
[leaf-untangle] candidates=81, with-cross=12, moved=0, crossings-resolved=0.
[stuck-leaf-diag] 12 candidates with cost>0 (top 15 below):
  cost=7 deg=2 node=app3.M7 parent=app3.M0 nbrs={app3.M0,app2.M5}
  cost=5 deg=2 node=app2.M5 parent=app2.M0 nbrs={app2.M0,app3.M7}
  cost=4 deg=3 node=app6.M1 parent=app6.M0 nbrs={app6.M0,app6.M3,app6.M2}
  cost=3 deg=3 node=app1.M3 parent=app10.M0 nbrs={app1.M0,app1.M2,app10.M0}
  cost=3 deg=2 node=app3.M1 parent=app3.M0 nbrs={app3.M0,app3.M9}
  cost=3 deg=3 node=app6.M2 parent=app6.M0 nbrs={app6.M0,app6.Asset15,app6.M1}
  cost=2 deg=2 node=app2.M7 parent=app2.M0 nbrs={app2.M0,app2.Address11}
  cost=1 deg=2 node=app2.M10 parent=app2.M0 nbrs={app2.M0,app7.M0}
  cost=1 deg=2 node=app3.M2 parent=app3.M9 nbrs={app3.M9,app5.M1}
  cost=1 deg=2 node=app3.M4 parent=app3.M0 nbrs={app3.M0,app3.Log24}
  cost=1 deg=2 node=app3.M10 parent=app3.M0 nbrs={app3.M0,app10.M0}
  cost=1 deg=1 node=app2.Address11 parent=app2.M7 nbrs={app2.M7}
[isolated-stash] Stashed 2 edge-less nodes in 6-column strip at x>=28222.
[face-raster] grid 6015x9185 (cell 5.0x5.0 units), 318 faces, 55052795 bg cells (99.6% of grid)
  face #1: 36101562 cells (65.6%), bbox 6015x9185 @ (0,0)
  face #241: 1864596 cells (3.4%), bbox 1822x2961 @ (3474,5338)
  face #14: 1635585 cells (3.0%), bbox 1456x2537 @ (3771,1188)
  face #73: 1495425 cells (2.7%), bbox 1744x2135 @ (277,3437)
  face #283: 1455388 cells (2.6%), bbox 1049x2783 @ (2846,5576)
  face #282: 1307472 cells (2.4%), bbox 1519x1734 @ (206,5575)
  face #13: 949314 cells (1.7%), bbox 1330x2328 @ (3368,1188)
  face #12: 839033 cells (1.5%), bbox 1550x2464 @ (2388,869)
[face-cohesion] 31 clusters analysed, 8 low-cohesion (<60% in dominant face)
  cohesion histogram:
     30%- 39%: 1 clusters
     50%- 59%: 7 clusters
     60%- 69%: 3 clusters
     70%- 79%: 2 clusters
    100%-100%: 18 clusters
  top 8 low-cohesion clusters (largest first):
    _louv_31: 4 members, 2 in dominant face, 3 faces total (50%)
    _louv_2: 3 members, 1 in dominant face, 3 faces total (33%)
    _louv_27: 2 members, 1 in dominant face, 2 faces total (50%)
    _louv_17: 2 members, 1 in dominant face, 2 faces total (50%)
    _louv_26: 2 members, 1 in dominant face, 2 faces total (50%)
    _louv_16: 2 members, 1 in dominant face, 2 faces total (50%)
    _louv_19: 2 members, 1 in dominant face, 2 faces total (50%)
    _louv_13: 2 members, 1 in dominant face, 2 faces total (50%)
[face-density] 191 micro-faces (size<50), top 10 hot regions (macro 64x64 cells):
  region (40,60): 20 micro-faces, world (12072,18269)-(12392,18589)
  region (71,58): 17 micro-faces, world (21991,17629)-(22311,17949)
  region (35,85): 14 micro-faces, world (10472,26269)-(10792,26589)
  region (51,49): 12 micro-faces, world (15592,14749)-(15912,15069)
  region (36,85): 9 micro-faces, world (10792,26269)-(11112,26589)
  region (69,56): 9 micro-faces, world (21351,16989)-(21671,17309)
  region (52,49): 8 micro-faces, world (15912,14749)-(16232,15069)
  region (36,86): 6 micro-faces, world (10792,26589)-(11112,26909)
  region (51,50): 6 micro-faces, world (15592,15069)-(15912,15389)
  region (29,79): 6 micro-faces, world (8552,24349)-(8872,24669)
[face-ppm] Wrote /tmp/face-raster.ppm (1503x2296, downsampled from 6015x9185 by 4)
[face-untangle] 8 target clusters, 10 strays, 0 moved (poly cross 74 → 74, 0 fewer)
[stuck-leaf-2d] pass 1: 1 candidates, 1 moved, 1 cost units resolved.
[stuck-leaf-2d] pass 2: 0 candidates, 0 moved, 0 cost units resolved.
[stuck-leaf-2d] 0 candidates, 1 moved → REVERTED (poly cross 74 → 75)
[hot-region-sa] 1 hot cells (≥4 cross, 77 cross pts), top 1 processed, 0/0 swap accepted (cross 77 → 77, 0 fewer)
