{"step": "inference", "command": ["nice", "-n", "10", "/Users/lky/project/django-erd-maker/.venv-ml/bin/python", "scripts/erd-poc/learn_card_policy.py", "infer", "--checkpoint", ".tmp/visualcross-ml-targets-20261003/component-policy-v12.npz", "--environment", ".tmp/visualcross-ml-targets-20261003/global-environment-v2", "--directory", ".tmp/visualcross-ml-targets-20261003/individual14", "--out", ".tmp/visualcross-ml-targets-20261003/individual14/learned.tsv", "--budget", "256", "--rounds", "16", "--samples", "12", "--observations", "1", "--seconds", "20", "--seed", "156"]}
{"round": 0, "attempts": 16, "accepted": 0, "seconds": 1.1029327909927815}
{"round": 1, "attempts": 32, "accepted": 0, "seconds": 1.7489759579766542}
{"round": 2, "attempts": 48, "accepted": 0, "seconds": 2.896063750027679}
{"round": 3, "attempts": 64, "accepted": 0, "seconds": 4.04482862498844}
{"round": 4, "attempts": 80, "accepted": 0, "seconds": 5.458501750021242}
{"round": 5, "attempts": 96, "accepted": 0, "seconds": 6.858605916029774}
{"round": 6, "attempts": 112, "accepted": 0, "seconds": 7.475589499983471}
{"round": 7, "attempts": 128, "accepted": 0, "seconds": 8.33728879102273}
{"round": 8, "attempts": 144, "accepted": 0, "seconds": 9.22585375001654}
{"round": 9, "attempts": 160, "accepted": 0, "seconds": 9.828885333030485}
{"round": 10, "attempts": 176, "accepted": 0, "seconds": 10.666096000000834}
{"round": 11, "attempts": 192, "accepted": 0, "seconds": 11.578872582991607}
{"round": 12, "attempts": 208, "accepted": 0, "seconds": 12.47430375003023}
{"round": 13, "attempts": 224, "accepted": 0, "seconds": 14.158311875013169}
{"round": 14, "attempts": 240, "accepted": 0, "seconds": 15.290882000001147}
{"round": 15, "attempts": 256, "accepted": 0, "seconds": 15.921374041005038}
{"checkpoint": ".tmp/visualcross-ml-targets-20261003/component-policy-v12.npz", "checkpointSha256": "48cb0f43e0c5bef9060204fe9bf8cfda5ca989a00c67c25c7b5adc03ed25e110", "untrainedControl": false, "sourceDirectory": ".tmp/visualcross-ml-targets-20261003/individual14", "syntheticSeed": null, "policyProposalSource": "conditional mixture neural network", "heuristicSearchCalls": 0, "overviewOnly": false, "initial": {"ready": true, "eligible": 1, "visual": 2163, "individualVisual": 2163}, "final": {"initialVisual": 2163, "visual": 2163, "initialIndividualVisual": 2163, "individualVisual": 2163, "hardConditions": 0, "initialHardConditions": 0, "individualHardConditions": 0, "initialIndividualHardConditions": 0, "canonicalStart": false, "rolloutInitialVisual": 2163, "rolloutInitialIndividualVisual": 2163, "jointMoves": false, "overviewOnly": false, "swapSlots": false, "portActions": false, "residualPorts": false, "globalScale": true, "bboxLimit": 1500000000, "overlap": 0, "spacing": 0, "policyActionsEvaluated": 256, "acceptedActions": 0, "heuristicSearchCalls": 0, "proposalAuthority": "external-policy", "decoder": "model log scales about current physical bounds; rigid Leaf translation and center-ray ports"}, "budget": 256, "seed": 156, "seconds": 16.075700415996835, "observationsSha256": "cc263b850ca1edc4cad301fed593636fa163c8ffdae614935735e404b48858a3", "actionsSha256": "cbac19ee7583189300f3e62c38216e981520a774f771e3f0fc2804d9b85b8f13", "globalInputHashes": {"nodes.tsv": "22fce5e1a33f7f01f78d6a39b0a05453fa19e89d50061a6fe3ebae6f5e6b2581", "edges.tsv": "5cccddbd581a0b00fcf49a2cb49e69bc13d31ebe4db547be2af7f41cf3687a00", "positions.tsv": "9b0d3ca0850ba1f8fb6438c0aad78c76099d6c2cfe450c05fa0e4beb226ab29c", "routes.tsv": "074786e894a598e2bde547076d3e9098858fb5a76a50160adc761ddba7a8b69d", "individual.nodes.tsv": "22fce5e1a33f7f01f78d6a39b0a05453fa19e89d50061a6fe3ebae6f5e6b2581", "individual.edges.tsv": "5cccddbd581a0b00fcf49a2cb49e69bc13d31ebe4db547be2af7f41cf3687a00", "individual.positions.tsv": "9b0d3ca0850ba1f8fb6438c0aad78c76099d6c2cfe450c05fa0e4beb226ab29c", "individual.routes.tsv": "074786e894a598e2bde547076d3e9098858fb5a76a50160adc761ddba7a8b69d", "components.tsv": "6c48a21d396a392cf1219197465407f5dae5bcbf04e87d2c86cc030abcf18b30", "groups.tsv": "8008a474f067e2d30cea527e75fb6169e7e9b8aa65eceb389bc05b3bcdff390d"}}
{"step": "frozen-action-replay", "command": ["nice", "-n", "10", "/Users/lky/project/django-erd-maker/.venv-ml/bin/python", "scripts/erd-poc/learn_card_policy.py", "replay", "--checkpoint", ".tmp/visualcross-ml-targets-20261003/component-policy-v12.npz", "--out", ".tmp/visualcross-ml-targets-20261003/individual14/learned.tsv"]}
{"frozenCheckpointActionReplay": "pass", "actions": 256, "untrainedControl": false, "swapTargetAndFinalPositionReplay": false, "portParametersAndFinalRoutesReplay": false, "globalPositionsAndCanonicalRoutesReplay": true}
{"step": "product-renderer-audit", "command": ["nice", "-n", "10", "node", "scripts/erd-poc/audit_individual_policy_experiment.cjs", ".tmp/visualcross-ml-targets-20261003/individual13/candidate.individual.layout.json", "data/erd-poc/recovered/captain-2026-09-15-payload.json", ".tmp/visualcross-ml-targets-20261003/individual14"]}
{"sourceFile":".tmp/visualcross-ml-targets-20261003/individual13/candidate.individual.layout.json","sourceSha256":"4db8c0edb04c77834cfd3d206c3db3bb60050e645311c34dab693c0251c8e25b","candidate":".tmp/visualcross-ml-targets-20261003/individual14/candidate.individual.layout.json","candidateSha256":"4db8c0edb04c77834cfd3d206c3db3bb60050e645311c34dab693c0251c8e25b","scope":"independent individual-view experiment","visualCrossings":2163,"metrics":{"bundleBundleOverlaps":0,"bundleEdgeIntersections":0,"bundleNodeOverlaps":0,"edgeCount":1727,"edgeCrossings":1577,"edgeNodeIntersections":586,"nodeOverlaps":0,"routeSegments":1727,"visualCrossings":2163},"bboxArea":1079093919.4464,"spacingViolations":0,"models":1244,"relations":1727,"validBoundaryEndpoints":3454,"allSizesAndRelationsPreserved":true,"actualProductRendererVerified":true,"browserVerified":false,"sharedOverviewPreserved":false,"promoted":false}
