{"step": "inference", "command": ["nice", "-n", "10", "/Users/lky/project/django-erd-maker/.venv-ml/bin/python", "scripts/erd-poc/learn_card_policy.py", "infer", "--checkpoint", ".tmp/visualcross-ml-targets-20261003/component-policy-v13.npz", "--environment", ".tmp/visualcross-ml-targets-20261003/global-environment-v3", "--directory", ".tmp/visualcross-ml-targets-20261003/individual15", "--out", ".tmp/visualcross-ml-targets-20261003/individual15/learned.tsv", "--budget", "256", "--rounds", "16", "--samples", "12", "--observations", "1", "--seconds", "20", "--seed", "158"]}
{"round": 0, "attempts": 16, "accepted": 0, "seconds": 1.5194540409720503}
{"round": 1, "attempts": 32, "accepted": 0, "seconds": 3.55595354095567}
{"round": 2, "attempts": 48, "accepted": 0, "seconds": 4.691918083000928}
{"round": 3, "attempts": 64, "accepted": 0, "seconds": 6.22340770799201}
{"round": 4, "attempts": 80, "accepted": 0, "seconds": 7.397070624982007}
{"round": 5, "attempts": 96, "accepted": 0, "seconds": 8.338984082976822}
{"round": 6, "attempts": 112, "accepted": 0, "seconds": 9.874452290998306}
{"round": 7, "attempts": 128, "accepted": 0, "seconds": 11.121006625005975}
{"round": 8, "attempts": 144, "accepted": 0, "seconds": 12.234896874986589}
{"round": 9, "attempts": 160, "accepted": 0, "seconds": 13.316530207986943}
{"round": 10, "attempts": 176, "accepted": 0, "seconds": 14.2854252079851}
{"round": 11, "attempts": 192, "accepted": 0, "seconds": 15.569301457959227}
{"round": 12, "attempts": 208, "accepted": 0, "seconds": 17.09363412496168}
{"round": 13, "attempts": 224, "accepted": 0, "seconds": 17.98420220799744}
{"round": 14, "attempts": 240, "accepted": 0, "seconds": 19.729957165953238}
{"round": 15, "attempts": 241, "accepted": 0, "seconds": 20.080525957979262}
{"checkpoint": ".tmp/visualcross-ml-targets-20261003/component-policy-v13.npz", "checkpointSha256": "099f362843b7bcb380c9510a4f0f4c7b5444f67a0e455910c91e20fbd3530c09", "untrainedControl": false, "sourceDirectory": ".tmp/visualcross-ml-targets-20261003/individual15", "syntheticSeed": null, "policyProposalSource": "conditional mixture neural network", "heuristicSearchCalls": 0, "overviewOnly": false, "initial": {"ready": true, "eligible": 1, "visual": 2163, "individualVisual": 2163}, "final": {"initialVisual": 2163, "visual": 2163, "initialIndividualVisual": 2163, "individualVisual": 2163, "hardConditions": 0, "initialHardConditions": 0, "individualHardConditions": 0, "initialIndividualHardConditions": 0, "canonicalStart": false, "rolloutInitialVisual": 2163, "rolloutInitialIndividualVisual": 2163, "jointMoves": false, "overviewOnly": false, "swapSlots": false, "portActions": false, "residualPorts": false, "globalScale": true, "bboxLimit": 1500000000, "globalAttachedPorts": true, "overlap": 0, "spacing": 0, "policyActionsEvaluated": 241, "acceptedActions": 0, "heuristicSearchCalls": 0, "proposalAuthority": "external-policy", "decoder": "model log scales about physical bounds; rigid Leaf translation and attached boundary ports"}, "budget": 256, "seed": 158, "seconds": 20.231108249980025, "observationsSha256": "cc263b850ca1edc4cad301fed593636fa163c8ffdae614935735e404b48858a3", "actionsSha256": "79067027484a1b2cb9164a5eabf5c5060063a2b5f1fadcac1f9d94e2a4864181", "globalInputHashes": {"nodes.tsv": "22fce5e1a33f7f01f78d6a39b0a05453fa19e89d50061a6fe3ebae6f5e6b2581", "edges.tsv": "5cccddbd581a0b00fcf49a2cb49e69bc13d31ebe4db547be2af7f41cf3687a00", "positions.tsv": "9b0d3ca0850ba1f8fb6438c0aad78c76099d6c2cfe450c05fa0e4beb226ab29c", "routes.tsv": "074786e894a598e2bde547076d3e9098858fb5a76a50160adc761ddba7a8b69d", "individual.nodes.tsv": "22fce5e1a33f7f01f78d6a39b0a05453fa19e89d50061a6fe3ebae6f5e6b2581", "individual.edges.tsv": "5cccddbd581a0b00fcf49a2cb49e69bc13d31ebe4db547be2af7f41cf3687a00", "individual.positions.tsv": "9b0d3ca0850ba1f8fb6438c0aad78c76099d6c2cfe450c05fa0e4beb226ab29c", "individual.routes.tsv": "074786e894a598e2bde547076d3e9098858fb5a76a50160adc761ddba7a8b69d", "components.tsv": "6c48a21d396a392cf1219197465407f5dae5bcbf04e87d2c86cc030abcf18b30", "groups.tsv": "8008a474f067e2d30cea527e75fb6169e7e9b8aa65eceb389bc05b3bcdff390d"}}
{"step": "frozen-action-replay", "command": ["nice", "-n", "10", "/Users/lky/project/django-erd-maker/.venv-ml/bin/python", "scripts/erd-poc/learn_card_policy.py", "replay", "--checkpoint", ".tmp/visualcross-ml-targets-20261003/component-policy-v13.npz", "--out", ".tmp/visualcross-ml-targets-20261003/individual15/learned.tsv"]}
{"frozenCheckpointActionReplay": "pass", "actions": 241, "untrainedControl": false, "swapTargetAndFinalPositionReplay": false, "portParametersAndFinalRoutesReplay": false, "globalPositionsAndCanonicalRoutesReplay": true}
{"step": "product-renderer-audit", "command": ["nice", "-n", "10", "node", "scripts/erd-poc/audit_individual_policy_experiment.cjs", ".tmp/visualcross-ml-targets-20261003/individual13/candidate.individual.layout.json", "data/erd-poc/recovered/captain-2026-09-15-payload.json", ".tmp/visualcross-ml-targets-20261003/individual15"]}
{"sourceFile":".tmp/visualcross-ml-targets-20261003/individual13/candidate.individual.layout.json","sourceSha256":"4db8c0edb04c77834cfd3d206c3db3bb60050e645311c34dab693c0251c8e25b","candidate":".tmp/visualcross-ml-targets-20261003/individual15/candidate.individual.layout.json","candidateSha256":"4db8c0edb04c77834cfd3d206c3db3bb60050e645311c34dab693c0251c8e25b","scope":"independent individual-view experiment","visualCrossings":2163,"metrics":{"bundleBundleOverlaps":0,"bundleEdgeIntersections":0,"bundleNodeOverlaps":0,"edgeCount":1727,"edgeCrossings":1577,"edgeNodeIntersections":586,"nodeOverlaps":0,"routeSegments":1727,"visualCrossings":2163},"bboxArea":1079093919.4464,"spacingViolations":0,"models":1244,"relations":1727,"validBoundaryEndpoints":3454,"allSizesAndRelationsPreserved":true,"actualProductRendererVerified":true,"browserVerified":false,"sharedOverviewPreserved":false,"promoted":false}
