{"step": "inference", "command": ["nice", "-n", "10", "/Users/lky/project/django-erd-maker/.venv-ml/bin/python", "scripts/erd-poc/learn_card_policy.py", "infer", "--checkpoint", ".tmp/visualcross-ml-targets-20261003/component-policy-v12.npz", "--environment", ".tmp/visualcross-ml-targets-20261003/global-environment-v4", "--directory", ".tmp/visualcross-ml-targets-20261003/individual24", "--out", ".tmp/visualcross-ml-targets-20261003/individual24/learned.tsv", "--budget", "256", "--rounds", "16", "--samples", "12", "--observations", "1", "--seconds", "20", "--seed", "193", "--area-exploration"]}
{"round": 0, "attempts": 4, "accepted": 1, "seconds": 0.6352533340104856}
{"round": 1, "attempts": 8, "accepted": 2, "seconds": 1.089262333989609}
{"round": 2, "attempts": 12, "accepted": 3, "seconds": 1.8033019170397893}
{"round": 3, "attempts": 16, "accepted": 4, "seconds": 2.78818150004372}
{"round": 4, "attempts": 32, "accepted": 4, "seconds": 3.5679888339946046}
{"round": 5, "attempts": 48, "accepted": 4, "seconds": 5.618875709013082}
{"round": 6, "attempts": 64, "accepted": 4, "seconds": 7.00029125000583}
{"round": 7, "attempts": 80, "accepted": 4, "seconds": 7.803428334009368}
{"round": 8, "attempts": 96, "accepted": 4, "seconds": 9.815481542027555}
{"round": 9, "attempts": 112, "accepted": 4, "seconds": 10.903007542015985}
{"round": 10, "attempts": 128, "accepted": 4, "seconds": 12.79848562501138}
{"round": 11, "attempts": 144, "accepted": 4, "seconds": 14.44180516700726}
{"round": 12, "attempts": 151, "accepted": 5, "seconds": 15.497036874992773}
{"round": 13, "attempts": 167, "accepted": 5, "seconds": 16.289204792003147}
{"round": 14, "attempts": 183, "accepted": 5, "seconds": 16.787725917005446}
{"round": 15, "attempts": 199, "accepted": 5, "seconds": 17.87494691699976}
{"checkpoint": ".tmp/visualcross-ml-targets-20261003/component-policy-v12.npz", "checkpointSha256": "48cb0f43e0c5bef9060204fe9bf8cfda5ca989a00c67c25c7b5adc03ed25e110", "untrainedControl": false, "sourceDirectory": ".tmp/visualcross-ml-targets-20261003/individual24", "syntheticSeed": null, "policyProposalSource": "conditional mixture neural network", "heuristicSearchCalls": 0, "overviewOnly": false, "allowNeutral": false, "areaExploration": true, "initial": {"ready": true, "eligible": 1, "visual": 2136, "individualVisual": 2136}, "final": {"initialVisual": 2136, "visual": 2249, "initialIndividualVisual": 2136, "individualVisual": 2249, "hardConditions": 0, "initialHardConditions": 0, "individualHardConditions": 0, "initialIndividualHardConditions": 0, "canonicalStart": false, "rolloutInitialVisual": 2136, "rolloutInitialIndividualVisual": 2136, "jointMoves": false, "neighborMoves": false, "movingRayPorts": false, "overviewOnly": false, "allowNeutral": false, "acceptedNeutralActions": 0, "swapSlots": false, "pairActions": false, "portActions": false, "residualPorts": false, "globalScale": true, "bboxLimit": 1500000000, "areaExploration": true, "temporaryRegressionBudget": 200, "globalAttachedPorts": false, "overlap": 0, "spacing": 0, "policyActionsEvaluated": 199, "acceptedActions": 5, "heuristicSearchCalls": 0, "proposalAuthority": "external-policy", "decoder": "model log scales about current physical bounds; rigid Leaf translation and center-ray ports"}, "budget": 256, "seed": 193, "seconds": 18.02942279202398, "observationsSha256": "b9b089da3d3c4a9bc14ee4ffdf61d68b44383bfdb969e46c1356b71ed10c7e96", "actionsSha256": "e0385c8251fe84c7ba970c98171ce6b62380d919cd13a0dc9f44e2791f9c65f8", "globalInputHashes": {"nodes.tsv": "22fce5e1a33f7f01f78d6a39b0a05453fa19e89d50061a6fe3ebae6f5e6b2581", "edges.tsv": "5cccddbd581a0b00fcf49a2cb49e69bc13d31ebe4db547be2af7f41cf3687a00", "positions.tsv": "1d7578bd4968bc12fb101a3ba781476b7e353ab4e62bf6429a43477f6a15e849", "routes.tsv": "52d4b52e3395f9a7961f7d34eccb513d47bcdb7d84c9fcb3f8860cece832f2e0", "individual.nodes.tsv": "22fce5e1a33f7f01f78d6a39b0a05453fa19e89d50061a6fe3ebae6f5e6b2581", "individual.edges.tsv": "5cccddbd581a0b00fcf49a2cb49e69bc13d31ebe4db547be2af7f41cf3687a00", "individual.positions.tsv": "1d7578bd4968bc12fb101a3ba781476b7e353ab4e62bf6429a43477f6a15e849", "individual.routes.tsv": "52d4b52e3395f9a7961f7d34eccb513d47bcdb7d84c9fcb3f8860cece832f2e0", "components.tsv": "6c48a21d396a392cf1219197465407f5dae5bcbf04e87d2c86cc030abcf18b30", "groups.tsv": "8008a474f067e2d30cea527e75fb6169e7e9b8aa65eceb389bc05b3bcdff390d"}}
{"step": "frozen-action-replay", "command": ["nice", "-n", "10", "/Users/lky/project/django-erd-maker/.venv-ml/bin/python", "scripts/erd-poc/learn_card_policy.py", "replay", "--checkpoint", ".tmp/visualcross-ml-targets-20261003/component-policy-v12.npz", "--out", ".tmp/visualcross-ml-targets-20261003/individual24/learned.tsv"]}
{"frozenCheckpointActionReplay": "pass", "actions": 199, "untrainedControl": false, "swapTargetAndFinalPositionReplay": false, "portParametersAndFinalRoutesReplay": false, "globalPositionsAndCanonicalRoutesReplay": true, "neighborPairPositionsAndRoutesReplay": false, "movingRayPositionsAndRoutesReplay": false, "componentRayPositionsAndRoutesReplay": false, "attachedComponentPositionsAndRoutesReplay": false}
{"step": "product-renderer-audit", "command": ["nice", "-n", "10", "node", "scripts/erd-poc/audit_individual_policy_experiment.cjs", ".tmp/visualcross-ml-targets-20261003/individual23/candidate.individual.layout.json", "data/erd-poc/recovered/captain-2026-09-15-payload.json", ".tmp/visualcross-ml-targets-20261003/individual24"]}
{"sourceFile":".tmp/visualcross-ml-targets-20261003/individual23/candidate.individual.layout.json","sourceSha256":"90cfc62f1b95d56366cb12e2d4253fd777decd51c6c0594908a55cb22af56cb1","candidate":".tmp/visualcross-ml-targets-20261003/individual24/candidate.individual.layout.json","candidateSha256":"cd4a20eb090b17b01f44a9b6c457978f980406d6abcdf54d57a6c9d929f93d05","scope":"independent individual-view experiment","visualCrossings":2249,"metrics":{"bundleBundleOverlaps":0,"bundleEdgeIntersections":0,"bundleNodeOverlaps":0,"edgeCount":1727,"edgeCrossings":1681,"edgeNodeIntersections":568,"nodeOverlaps":0,"routeSegments":1727,"visualCrossings":2249},"bboxArea":1493411809.7868001,"spacingViolations":0,"models":1244,"relations":1727,"validBoundaryEndpoints":3454,"allSizesAndRelationsPreserved":true,"actualProductRendererVerified":true,"browserVerified":false,"sharedOverviewPreserved":false,"promoted":false}
