/Users/lky/project/django-erd-maker/scripts/erd-poc/metrics_extended.py:109: RuntimeWarning: invalid value encountered in multiply
  out[:, 0] = np.where(nonzero, center[:, 0] + scale * dx, center[:, 0])
/Users/lky/project/django-erd-maker/scripts/erd-poc/metrics_extended.py:110: RuntimeWarning: invalid value encountered in multiply
  out[:, 1] = np.where(nonzero, center[:, 1] + scale * dy, center[:, 1])
start ms-s43: cross=2446 overlaps=78 edgeNode=813 visualCross=3259 score=400069.2
/Users/lky/project/django-erd-maker/scripts/erd-poc/metrics_extended.py:109: RuntimeWarning: invalid value encountered in multiply
  out[:, 0] = np.where(nonzero, center[:, 0] + scale * dx, center[:, 0])
/Users/lky/project/django-erd-maker/scripts/erd-poc/metrics_extended.py:110: RuntimeWarning: invalid value encountered in multiply
  out[:, 1] = np.where(nonzero, center[:, 1] + scale * dy, center[:, 1])
  round 01: candidates=4000 bestGain=10000.0 cross=2446 overlaps=76 edgeNode=813 visualCross=3259
  round 02: candidates=4000 bestGain=5045.0 cross=2446 overlaps=75 edgeNode=798 visualCross=3244
  round 03: candidates=4000 bestGain=5000.0 cross=2446 overlaps=74 edgeNode=798 visualCross=3244
  round 04: candidates=4000 bestGain=5000.0 cross=2446 overlaps=73 edgeNode=798 visualCross=3244
  round 05: candidates=4000 bestGain=5000.0 cross=2446 overlaps=72 edgeNode=798 visualCross=3244
  round 06: candidates=4000 bestGain=5000.0 cross=2446 overlaps=71 edgeNode=798 visualCross=3244
  round 07: candidates=4000 bestGain=56.0 cross=2444 overlaps=71 edgeNode=780 visualCross=3224
  round 08: candidates=4000 bestGain=10061.0 cross=2443 overlaps=69 edgeNode=760 visualCross=3203
start ms-s44: cross=2239 overlaps=60 edgeNode=754 visualCross=2993 score=328516.0
  round 01: candidates=4000 bestGain=10000.0 cross=2239 overlaps=58 edgeNode=754 visualCross=2993
  round 02: candidates=4000 bestGain=5066.0 cross=2233 overlaps=57 edgeNode=734 visualCross=2967
  round 03: candidates=4000 bestGain=5063.0 cross=2185 overlaps=56 edgeNode=729 visualCross=2914
  round 04: candidates=4000 bestGain=5010.0 cross=2184 overlaps=55 edgeNode=726 visualCross=2910
  round 05: candidates=4000 bestGain=5000.0 cross=2184 overlaps=54 edgeNode=726 visualCross=2910
  round 06: candidates=4000 bestGain=5000.0 cross=2184 overlaps=53 edgeNode=726 visualCross=2910
  round 07: candidates=4000 bestGain=5000.0 cross=2184 overlaps=52 edgeNode=726 visualCross=2910
  round 08: candidates=4000 bestGain=34.0 cross=2180 overlaps=52 edgeNode=716 visualCross=2896
start ms-s45: cross=2841 overlaps=68 edgeNode=853 visualCross=3694 score=356900.1
  round 01: candidates=4000 bestGain=10018.0 cross=2841 overlaps=66 edgeNode=847 visualCross=3688
  round 02: candidates=4000 bestGain=10000.0 cross=2841 overlaps=64 edgeNode=847 visualCross=3688
  round 03: candidates=4000 bestGain=5000.0 cross=2841 overlaps=63 edgeNode=847 visualCross=3688
  round 04: candidates=4000 bestGain=5000.0 cross=2841 overlaps=62 edgeNode=847 visualCross=3688
  round 05: candidates=4000 bestGain=5000.0 cross=2841 overlaps=61 edgeNode=847 visualCross=3688
  round 06: candidates=4000 bestGain=47.0 cross=2839 overlaps=61 edgeNode=832 visualCross=3671
  round 07: candidates=4000 bestGain=5033.0 cross=2839 overlaps=60 edgeNode=821 visualCross=3660
  round 08: candidates=4000 bestGain=5006.0 cross=2839 overlaps=59 edgeNode=819 visualCross=3658
start ms-s50: cross=2417 overlaps=62 edgeNode=736 visualCross=3153 score=326025.5
  round 01: candidates=4000 bestGain=10000.0 cross=2417 overlaps=60 edgeNode=736 visualCross=3153
  round 02: candidates=4000 bestGain=5074.0 cross=2393 overlaps=59 edgeNode=718 visualCross=3111
  round 03: candidates=4000 bestGain=5053.0 cross=2389 overlaps=58 edgeNode=703 visualCross=3092
  round 04: candidates=4000 bestGain=5017.0 cross=2384 overlaps=57 edgeNode=699 visualCross=3083
  round 05: candidates=4000 bestGain=5000.0 cross=2384 overlaps=56 edgeNode=699 visualCross=3083
  round 06: candidates=4000 bestGain=5000.0 cross=2384 overlaps=55 edgeNode=699 visualCross=3083
  round 07: candidates=4000 bestGain=5000.0 cross=2384 overlaps=54 edgeNode=699 visualCross=3083
  round 08: candidates=4000 bestGain=9.0 cross=2384 overlaps=54 edgeNode=696 visualCross=3080
start ms-s51: cross=2983 overlaps=64 edgeNode=818 visualCross=3801 score=338849.8
  round 01: candidates=4000 bestGain=10000.0 cross=2983 overlaps=62 edgeNode=818 visualCross=3801
  round 02: candidates=4000 bestGain=5118.0 cross=2949 overlaps=61 edgeNode=790 visualCross=3739
  round 03: candidates=4000 bestGain=5038.0 cross=2947 overlaps=60 edgeNode=778 visualCross=3725
  round 04: candidates=4000 bestGain=5010.0 cross=2946 overlaps=59 edgeNode=775 visualCross=3721
  round 05: candidates=4000 bestGain=5003.0 cross=2946 overlaps=58 edgeNode=774 visualCross=3720
  round 06: candidates=4000 bestGain=5000.0 cross=2946 overlaps=57 edgeNode=774 visualCross=3720
  round 07: candidates=4000 bestGain=5000.0 cross=2946 overlaps=56 edgeNode=774 visualCross=3720
  round 08: candidates=4000 bestGain=5000.0 cross=2946 overlaps=55 edgeNode=774 visualCross=3720
start ms-s100: cross=2245 overlaps=64 edgeNode=787 visualCross=3032 score=334095.2
  round 01: candidates=4000 bestGain=10000.0 cross=2245 overlaps=62 edgeNode=787 visualCross=3032
  round 02: candidates=4000 bestGain=5114.0 cross=2245 overlaps=61 edgeNode=749 visualCross=2994
  round 03: candidates=4000 bestGain=5093.0 cross=2242 overlaps=60 edgeNode=719 visualCross=2961
  round 04: candidates=4000 bestGain=5015.0 cross=2242 overlaps=59 edgeNode=714 visualCross=2956
  round 05: candidates=4000 bestGain=5018.0 cross=2242 overlaps=58 edgeNode=708 visualCross=2950
  round 06: candidates=4000 bestGain=5000.0 cross=2242 overlaps=57 edgeNode=708 visualCross=2950
  round 07: candidates=4000 bestGain=5000.0 cross=2242 overlaps=56 edgeNode=708 visualCross=2950
  round 08: candidates=4000 bestGain=5000.0 cross=2242 overlaps=55 edgeNode=708 visualCross=2950
start ms-s101: cross=2706 overlaps=59 edgeNode=750 visualCross=3456 score=308650.9
  round 01: candidates=4000 bestGain=10121.0 cross=2705 overlaps=57 edgeNode=710 visualCross=3415
  round 02: candidates=4000 bestGain=10000.0 cross=2705 overlaps=55 edgeNode=710 visualCross=3415
  round 03: candidates=4000 bestGain=5043.0 cross=2674 overlaps=54 edgeNode=706 visualCross=3380
  round 04: candidates=4000 bestGain=5037.0 cross=2673 overlaps=53 edgeNode=694 visualCross=3367
  round 05: candidates=4000 bestGain=5000.0 cross=2673 overlaps=52 edgeNode=694 visualCross=3367
  round 06: candidates=4000 bestGain=5000.0 cross=2673 overlaps=51 edgeNode=694 visualCross=3367
  round 07: candidates=4000 bestGain=5000.0 cross=2673 overlaps=50 edgeNode=694 visualCross=3367
  round 08: candidates=4000 bestGain=42.0 cross=2670 overlaps=50 edgeNode=681 visualCross=3351
start ms-s200: cross=2669 overlaps=64 edgeNode=801 visualCross=3470 score=331748.4
  round 01: candidates=4000 bestGain=10000.0 cross=2669 overlaps=62 edgeNode=801 visualCross=3470
  round 02: candidates=4000 bestGain=5047.0 cross=2658 overlaps=61 edgeNode=789 visualCross=3447
  round 03: candidates=4000 bestGain=5006.0 cross=2658 overlaps=60 edgeNode=787 visualCross=3445
  round 04: candidates=4000 bestGain=5000.0 cross=2658 overlaps=59 edgeNode=787 visualCross=3445
  round 05: candidates=4000 bestGain=5000.0 cross=2658 overlaps=58 edgeNode=787 visualCross=3445
  round 06: candidates=4000 bestGain=5000.0 cross=2658 overlaps=57 edgeNode=787 visualCross=3445
  round 07: candidates=4000 bestGain=20.0 cross=2656 overlaps=57 edgeNode=781 visualCross=3437
  round 08: candidates=4000 bestGain=28.0 cross=2655 overlaps=57 edgeNode=772 visualCross=3427
start ms-s300: cross=1881 overlaps=69 edgeNode=829 visualCross=2710 score=356698.8
  round 01: candidates=4000 bestGain=10000.0 cross=1881 overlaps=67 edgeNode=829 visualCross=2710
  round 02: candidates=4000 bestGain=5000.0 cross=1881 overlaps=66 edgeNode=829 visualCross=2710
  round 03: candidates=4000 bestGain=5000.0 cross=1881 overlaps=65 edgeNode=829 visualCross=2710
  round 04: candidates=4000 bestGain=5000.0 cross=1881 overlaps=64 edgeNode=829 visualCross=2710
  round 05: candidates=4000 bestGain=36.0 cross=1881 overlaps=64 edgeNode=817 visualCross=2698
  round 06: candidates=4000 bestGain=35.0 cross=1879 overlaps=64 edgeNode=806 visualCross=2685
  round 07: candidates=4000 bestGain=12.0 cross=1879 overlaps=64 edgeNode=802 visualCross=2681
  round 08: candidates=4000 bestGain=11.0 cross=1877 overlaps=64 edgeNode=799 visualCross=2676
start ms-s500: cross=2092 overlaps=68 edgeNode=870 visualCross=2962 score=362409.9
  round 01: candidates=4000 bestGain=10007.0 cross=2088 overlaps=66 edgeNode=869 visualCross=2957
  round 02: candidates=4000 bestGain=10000.0 cross=2088 overlaps=64 edgeNode=869 visualCross=2957
  round 03: candidates=4000 bestGain=5054.0 cross=2088 overlaps=63 edgeNode=851 visualCross=2939
  round 04: candidates=4000 bestGain=5020.0 cross=2086 overlaps=62 edgeNode=845 visualCross=2931
  round 05: candidates=4000 bestGain=5000.0 cross=2086 overlaps=61 edgeNode=845 visualCross=2931
  round 06: candidates=4000 bestGain=5000.0 cross=2086 overlaps=60 edgeNode=845 visualCross=2931
  round 07: candidates=4000 bestGain=5000.0 cross=2086 overlaps=59 edgeNode=845 visualCross=2931
  round 08: candidates=4000 bestGain=5000.0 cross=2086 overlaps=58 edgeNode=845 visualCross=2931
saved data/erd-poc/v37-composite/v37-multistart-1301-light-en3.npz states=80 samples=320000 movedRefs=503150 actions=12
